[2025-09-23T11:59:31.123+0000][85][gc,init] CardTable entry size: 512
[2025-09-23T11:59:31.132+0000][85][gc     ] Using G1
[2025-09-23T11:59:32.623+0000][85][gc,init] Version: 19.0.1+10-21 (release)
[2025-09-23T11:59:32.625+0000][85][gc,init] CPUs: 8 total, 8 available
[2025-09-23T11:59:32.626+0000][85][gc,init] Memory: 7837M
[2025-09-23T11:59:32.626+0000][85][gc,init] Large Page Support: Disabled
[2025-09-23T11:59:32.629+0000][85][gc,init] NUMA Support: Disabled
[2025-09-23T11:59:32.633+0000][85][gc,init] Compressed Oops: Enabled (32-bit)
[2025-09-23T11:59:32.633+0000][85][gc,init] Heap Region Size: 4M
[2025-09-23T11:59:32.633+0000][85][gc,init] Heap Min Capacity: 2G
[2025-09-23T11:59:32.633+0000][85][gc,init] Heap Initial Capacity: 2G
[2025-09-23T11:59:32.633+0000][85][gc,init] Heap Max Capacity: 2G
[2025-09-23T11:59:32.634+0000][85][gc,init] Pre-touch: Enabled
[2025-09-23T11:59:32.636+0000][85][gc,init] Parallel Workers: 8
[2025-09-23T11:59:32.637+0000][85][gc,init] Concurrent Workers: 2
[2025-09-23T11:59:32.637+0000][85][gc,init] Concurrent Refinement Workers: 8
[2025-09-23T11:59:32.637+0000][85][gc,init] Periodic GC: Disabled
[2025-09-23T11:59:32.639+0000][85][gc,metaspace] CDS archive(s) mapped at: [0x0000000800000000-0x0000000800c60000-0x0000000800c60000), size 12976128, SharedBaseAddress: 0x0000000800000000, ArchiveRelocationMode: 0.
[2025-09-23T11:59:32.639+0000][85][gc,metaspace] Compressed class space mapped at: 0x0000000801000000-0x0000000841000000, reserved size: 1073741824
[2025-09-23T11:59:32.641+0000][85][gc,metaspace] Narrow klass base: 0x0000000800000000, Narrow klass shift: 0, Narrow klass range: 0x100000000
[2025-09-23T11:59:33.199+0000][85][safepoint   ] Safepoint "ICBufferFull", Time since last: 543998751 ns, Reaching safepoint: 1262458 ns, At safepoint: 6875 ns, Total: 1269333 ns
[2025-09-23T11:59:34.220+0000][85][safepoint   ] Safepoint "Cleanup", Time since last: 1020488334 ns, Reaching safepoint: 866208 ns, At safepoint: 6375 ns, Total: 872583 ns
[2025-09-23T11:59:35.000+0000][85][safepoint   ] Safepoint "ICBufferFull", Time since last: 776687376 ns, Reaching safepoint: 2711625 ns, At safepoint: 14458 ns, Total: 2726083 ns
[2025-09-23T11:59:35.942+0000][85][safepoint   ] Safepoint "ICBufferFull", Time since last: 931473000 ns, Reaching safepoint: 10219917 ns, At safepoint: 10417 ns, Total: 10230334 ns
[2025-09-23T11:59:36.751+0000][85][safepoint   ] Safepoint "ICBufferFull", Time since last: 802582750 ns, Reaching safepoint: 6473708 ns, At safepoint: 45000 ns, Total: 6518708 ns
[2025-09-23T11:59:38.223+0000][85][safepoint   ] Safepoint "Cleanup", Time since last: 1471287084 ns, Reaching safepoint: 541000 ns, At safepoint: 6500 ns, Total: 547500 ns
[2025-09-23T11:59:39.239+0000][85][safepoint   ] Safepoint "Cleanup", Time since last: 1013746543 ns, Reaching safepoint: 2939708 ns, At safepoint: 37208 ns, Total: 2976916 ns
[2025-09-23T11:59:39.603+0000][85][safepoint   ] Safepoint "ICBufferFull", Time since last: 363820125 ns, Reaching safepoint: 132167 ns, At safepoint: 2583 ns, Total: 134750 ns
[2025-09-23T11:59:40.178+0000][85][gc,start    ] GC(0) Pause Young (Normal) (G1 Evacuation Pause)
[2025-09-23T11:59:40.179+0000][85][gc,task     ] GC(0) Using 8 workers of 8 for evacuation
[2025-09-23T11:59:40.179+0000][85][gc,age      ] GC(0) Desired survivor size 8388608 bytes, new threshold 15 (max threshold 15)
[2025-09-23T11:59:40.208+0000][85][gc,phases   ] GC(0)   Pre Evacuate Collection Set: 0.6ms
[2025-09-23T11:59:40.208+0000][85][gc,phases   ] GC(0)   Merge Heap Roots: 0.1ms
[2025-09-23T11:59:40.210+0000][85][gc,phases   ] GC(0)   Evacuate Collection Set: 17.7ms
[2025-09-23T11:59:40.212+0000][85][gc,phases   ] GC(0)   Post Evacuate Collection Set: 9.4ms
[2025-09-23T11:59:40.213+0000][85][gc,phases   ] GC(0)   Other: 0.8ms
[2025-09-23T11:59:40.215+0000][85][gc,age      ] GC(0) Age table with threshold 15 (max threshold 15)
[2025-09-23T11:59:40.215+0000][85][gc,age      ] GC(0) - age   1:    8351272 bytes,    8351272 total
[2025-09-23T11:59:40.216+0000][85][gc,heap     ] GC(0) Eden regions: 25->0(22)
[2025-09-23T11:59:40.217+0000][85][gc,heap     ] GC(0) Survivor regions: 0->3(4)
[2025-09-23T11:59:40.218+0000][85][gc,heap     ] GC(0) Old regions: 0->0
[2025-09-23T11:59:40.218+0000][85][gc,heap     ] GC(0) Archive regions: 2->2
[2025-09-23T11:59:40.218+0000][85][gc,heap     ] GC(0) Humongous regions: 0->0
[2025-09-23T11:59:40.218+0000][85][gc,metaspace] GC(0) Metaspace: 15979K(16448K)->15979K(16448K) NonClass: 14132K(14400K)->14132K(14400K) Class: 1847K(2048K)->1847K(2048K)
[2025-09-23T11:59:40.218+0000][85][gc          ] GC(0) Pause Young (Normal) (G1 Evacuation Pause) 104M->12M(2048M) 39.840ms
[2025-09-23T11:59:40.218+0000][85][gc,cpu      ] GC(0) User=0.06s Sys=0.00s Real=0.04s
[2025-09-23T11:59:40.218+0000][85][safepoint   ] Safepoint "G1CollectForAllocation", Time since last: 575119917 ns, Reaching safepoint: 104375 ns, At safepoint: 40055500 ns, Total: 40159875 ns
[2025-09-23T11:59:41.191+0000][85][safepoint   ] Safepoint "ICBufferFull", Time since last: 970363293 ns, Reaching safepoint: 2546416 ns, At safepoint: 12709 ns, Total: 2559125 ns
[2025-09-23T11:59:42.178+0000][85][safepoint   ] Safepoint "ICBufferFull", Time since last: 982248167 ns, Reaching safepoint: 4821125 ns, At safepoint: 7166 ns, Total: 4828291 ns
[2025-09-23T11:59:43.183+0000][85][safepoint   ] Safepoint "Cleanup", Time since last: 1004381917 ns, Reaching safepoint: 248792 ns, At safepoint: 69375 ns, Total: 318167 ns
[2025-09-23T11:59:44.054+0000][85][gc,start    ] GC(1) Pause Young (Normal) (G1 Evacuation Pause)
[2025-09-23T11:59:44.061+0000][85][gc,task     ] GC(1) Using 8 workers of 8 for evacuation
[2025-09-23T11:59:44.066+0000][85][gc,age      ] GC(1) Desired survivor size 8388608 bytes, new threshold 15 (max threshold 15)
[2025-09-23T11:59:44.109+0000][85][gc,phases   ] GC(1)   Pre Evacuate Collection Set: 0.1ms
[2025-09-23T11:59:44.110+0000][85][gc,phases   ] GC(1)   Merge Heap Roots: 0.1ms
[2025-09-23T11:59:44.111+0000][85][gc,phases   ] GC(1)   Evacuate Collection Set: 25.4ms
[2025-09-23T11:59:44.117+0000][85][gc,phases   ] GC(1)   Post Evacuate Collection Set: 15.0ms
[2025-09-23T11:59:44.119+0000][85][gc,phases   ] GC(1)   Other: 6.8ms
[2025-09-23T11:59:44.121+0000][85][gc,age      ] GC(1) Age table with threshold 15 (max threshold 15)
[2025-09-23T11:59:44.123+0000][85][gc,age      ] GC(1) - age   1:    1561432 bytes,    1561432 total
[2025-09-23T11:59:44.124+0000][85][gc,age      ] GC(1) - age   2:    7487176 bytes,    9048608 total
[2025-09-23T11:59:44.125+0000][85][gc,heap     ] GC(1) Eden regions: 22->0(34)
[2025-09-23T11:59:44.125+0000][85][gc,heap     ] GC(1) Survivor regions: 3->3(4)
[2025-09-23T11:59:44.126+0000][85][gc,heap     ] GC(1) Old regions: 0->0
[2025-09-23T11:59:44.126+0000][85][gc,heap     ] GC(1) Archive regions: 2->2
[2025-09-23T11:59:44.127+0000][85][gc,heap     ] GC(1) Humongous regions: 0->0
[2025-09-23T11:59:44.127+0000][85][gc,metaspace] GC(1) Metaspace: 17820K(18304K)->17820K(18304K) NonClass: 15792K(16064K)->15792K(16064K) Class: 2027K(2240K)->2027K(2240K)
[2025-09-23T11:59:44.128+0000][85][gc          ] GC(1) Pause Young (Normal) (G1 Evacuation Pause) 100M->13M(2048M) 73.450ms
[2025-09-23T11:59:44.128+0000][85][gc,cpu      ] GC(1) User=0.08s Sys=0.01s Real=0.07s
[2025-09-23T11:59:44.129+0000][85][safepoint   ] Safepoint "G1CollectForAllocation", Time since last: 866545334 ns, Reaching safepoint: 5725625 ns, At safepoint: 74579500 ns, Total: 80305125 ns
[2025-09-23T11:59:45.053+0000][85][safepoint   ] Safepoint "ICBufferFull", Time since last: 923653209 ns, Reaching safepoint: 217458 ns, At safepoint: 2458 ns, Total: 219916 ns
[2025-09-23T11:59:46.047+0000][85][gc,start    ] GC(2) Pause Young (Concurrent Start) (Metadata GC Threshold)
[2025-09-23T11:59:46.056+0000][85][gc,task     ] GC(2) Using 8 workers of 8 for evacuation
[2025-09-23T11:59:46.062+0000][85][gc,age      ] GC(2) Desired survivor size 10485760 bytes, new threshold 15 (max threshold 15)
[2025-09-23T11:59:46.094+0000][85][gc,phases   ] GC(2)   Pre Evacuate Collection Set: 0.2ms
[2025-09-23T11:59:46.096+0000][85][gc,phases   ] GC(2)   Merge Heap Roots: 0.0ms
[2025-09-23T11:59:46.099+0000][85][gc,phases   ] GC(2)   Evacuate Collection Set: 24.0ms
[2025-09-23T11:59:46.101+0000][85][gc,phases   ] GC(2)   Post Evacuate Collection Set: 5.9ms
[2025-09-23T11:59:46.101+0000][85][gc,phases   ] GC(2)   Other: 8.3ms
[2025-09-23T11:59:46.101+0000][85][gc,age      ] GC(2) Age table with threshold 15 (max threshold 15)
[2025-09-23T11:59:46.102+0000][85][gc,age      ] GC(2) - age   1:    2225000 bytes,    2225000 total
[2025-09-23T11:59:46.104+0000][85][gc,age      ] GC(2) - age   2:    1453800 bytes,    3678800 total
[2025-09-23T11:59:46.109+0000][85][gc,age      ] GC(2) - age   3:    7483232 bytes,   11162032 total
[2025-09-23T11:59:46.116+0000][85][gc,heap     ] GC(2) Eden regions: 15->0(34)
[2025-09-23T11:59:46.117+0000][85][gc,heap     ] GC(2) Survivor regions: 3->3(5)
[2025-09-23T11:59:46.117+0000][85][gc,heap     ] GC(2) Old regions: 0->0
[2025-09-23T11:59:46.117+0000][85][gc,heap     ] GC(2) Archive regions: 2->2
[2025-09-23T11:59:46.129+0000][85][gc,heap     ] GC(2) Humongous regions: 0->0
[2025-09-23T11:59:46.131+0000][85][gc,metaspace] GC(2) Metaspace: 21001K(21504K)->21001K(21504K) NonClass: 18688K(18944K)->18688K(18944K) Class: 2312K(2560K)->2312K(2560K)
[2025-09-23T11:59:46.132+0000][85][gc          ] GC(2) Pause Young (Concurrent Start) (Metadata GC Threshold) 72M->15M(2048M) 85.462ms
[2025-09-23T11:59:46.133+0000][85][gc,cpu      ] GC(2) User=0.05s Sys=0.01s Real=0.09s
[2025-09-23T11:59:46.133+0000][85][safepoint   ] Safepoint "CollectForMetadataAllocation", Time since last: 993774042 ns, Reaching safepoint: 279125 ns, At safepoint: 86468000 ns, Total: 86747125 ns
[2025-09-23T11:59:46.133+0000][85][gc          ] GC(3) Concurrent Mark Cycle
[2025-09-23T11:59:46.137+0000][85][gc,marking  ] GC(3) Concurrent Clear Claimed Marks
[2025-09-23T11:59:46.142+0000][85][gc,marking  ] GC(3) Concurrent Clear Claimed Marks 4.365ms
[2025-09-23T11:59:46.142+0000][85][gc,marking  ] GC(3) Concurrent Scan Root Regions
[2025-09-23T11:59:46.149+0000][85][gc,marking  ] GC(3) Concurrent Scan Root Regions 6.513ms
[2025-09-23T11:59:46.150+0000][85][gc,marking  ] GC(3) Concurrent Mark
[2025-09-23T11:59:46.150+0000][85][gc,marking  ] GC(3) Concurrent Mark From Roots
[2025-09-23T11:59:46.151+0000][85][gc,task     ] GC(3) Using 2 workers of 2 for marking
[2025-09-23T11:59:46.158+0000][85][gc,marking  ] GC(3) Concurrent Mark From Roots 7.201ms
[2025-09-23T11:59:46.158+0000][85][gc,marking  ] GC(3) Concurrent Preclean
[2025-09-23T11:59:46.162+0000][85][gc,marking  ] GC(3) Concurrent Preclean 4.154ms
[2025-09-23T11:59:46.168+0000][85][gc,start    ] GC(3) Pause Remark
[2025-09-23T11:59:46.190+0000][85][gc          ] GC(3) Pause Remark 18M->18M(2048M) 22.414ms
[2025-09-23T11:59:46.191+0000][85][gc,cpu      ] GC(3) User=0.02s Sys=0.00s Real=0.02s
[2025-09-23T11:59:46.191+0000][85][safepoint   ] Safepoint "G1PauseRemark", Time since last: 30901917 ns, Reaching safepoint: 3569917 ns, At safepoint: 23423000 ns, Total: 26992917 ns
[2025-09-23T11:59:46.197+0000][85][gc,marking  ] GC(3) Concurrent Mark 46.522ms
[2025-09-23T11:59:46.197+0000][85][gc,marking  ] GC(3) Concurrent Rebuild Remembered Sets
[2025-09-23T11:59:46.200+0000][85][gc,marking  ] GC(3) Concurrent Rebuild Remembered Sets 2.315ms
[2025-09-23T11:59:46.202+0000][85][gc,start    ] GC(3) Pause Cleanup
[2025-09-23T11:59:46.202+0000][85][gc          ] GC(3) Pause Cleanup 18M->18M(2048M) 0.446ms
[2025-09-23T11:59:46.202+0000][85][gc,cpu      ] GC(3) User=0.00s Sys=0.00s Real=0.00s
[2025-09-23T11:59:46.202+0000][85][safepoint   ] Safepoint "G1PauseCleanup", Time since last: 10328417 ns, Reaching safepoint: 292750 ns, At safepoint: 662041 ns, Total: 954791 ns
[2025-09-23T11:59:46.217+0000][85][gc,marking  ] GC(3) Concurrent Cleanup for Next Mark
[2025-09-23T11:59:46.252+0000][85][gc,marking  ] GC(3) Concurrent Cleanup for Next Mark 35.657ms
[2025-09-23T11:59:46.253+0000][85][gc          ] GC(3) Concurrent Mark Cycle 120.173ms
[2025-09-23T11:59:46.898+0000][85][safepoint   ] Safepoint "ICBufferFull", Time since last: 693695501 ns, Reaching safepoint: 2355083 ns, At safepoint: 7292 ns, Total: 2362375 ns
[2025-09-23T11:59:47.992+0000][85][safepoint   ] Safepoint "ICBufferFull", Time since last: 1093545042 ns, Reaching safepoint: 239000 ns, At safepoint: 3833 ns, Total: 242833 ns
[2025-09-23T11:59:48.928+0000][85][safepoint   ] Safepoint "ICBufferFull", Time since last: 935039709 ns, Reaching safepoint: 926625 ns, At safepoint: 22708 ns, Total: 949333 ns
[2025-09-23T11:59:49.036+0000][85][gc,start    ] GC(4) Pause Young (Normal) (G1 Evacuation Pause)
[2025-09-23T11:59:49.036+0000][85][gc,task     ] GC(4) Using 8 workers of 8 for evacuation
[2025-09-23T11:59:49.037+0000][85][gc,age      ] GC(4) Desired survivor size 10485760 bytes, new threshold 3 (max threshold 15)
[2025-09-23T11:59:49.063+0000][85][gc,phases   ] GC(4)   Pre Evacuate Collection Set: 0.1ms
[2025-09-23T11:59:49.064+0000][85][gc,phases   ] GC(4)   Merge Heap Roots: 0.1ms
[2025-09-23T11:59:49.064+0000][85][gc,phases   ] GC(4)   Evacuate Collection Set: 19.0ms
[2025-09-23T11:59:49.064+0000][85][gc,phases   ] GC(4)   Post Evacuate Collection Set: 5.3ms
[2025-09-23T11:59:49.064+0000][85][gc,phases   ] GC(4)   Other: 2.3ms
[2025-09-23T11:59:49.065+0000][85][gc,age      ] GC(4) Age table with threshold 3 (max threshold 15)
[2025-09-23T11:59:49.065+0000][85][gc,age      ] GC(4) - age   1:    4992216 bytes,    4992216 total
[2025-09-23T11:59:49.066+0000][85][gc,age      ] GC(4) - age   2:    2123032 bytes,    7115248 total
[2025-09-23T11:59:49.066+0000][85][gc,age      ] GC(4) - age   3:    1449384 bytes,    8564632 total
[2025-09-23T11:59:49.067+0000][85][gc,heap     ] GC(4) Eden regions: 34->0(129)
[2025-09-23T11:59:49.067+0000][85][gc,heap     ] GC(4) Survivor regions: 3->3(5)
[2025-09-23T11:59:49.068+0000][85][gc,heap     ] GC(4) Old regions: 0->2
[2025-09-23T11:59:49.069+0000][85][gc,heap     ] GC(4) Archive regions: 2->2
[2025-09-23T11:59:49.069+0000][85][gc,heap     ] GC(4) Humongous regions: 0->0
[2025-09-23T11:59:49.069+0000][85][gc,metaspace] GC(4) Metaspace: 25311K(25856K)->25311K(25856K) NonClass: 22403K(22720K)->22403K(22720K) Class: 2908K(3136K)->2908K(3136K)
[2025-09-23T11:59:49.069+0000][85][gc          ] GC(4) Pause Young (Normal) (G1 Evacuation Pause) 151M->20M(2048M) 33.496ms
[2025-09-23T11:59:49.070+0000][85][gc,cpu      ] GC(4) User=0.08s Sys=0.00s Real=0.03s
[2025-09-23T11:59:49.070+0000][85][safepoint   ] Safepoint "G1CollectForAllocation", Time since last: 105588125 ns, Reaching safepoint: 1889209 ns, At safepoint: 34274416 ns, Total: 36163625 ns
[2025-09-23T11:59:49.978+0000][85][safepoint   ] Safepoint "ICBufferFull", Time since last: 908044667 ns, Reaching safepoint: 403709 ns, At safepoint: 4958 ns, Total: 408667 ns
[2025-09-23T11:59:51.326+0000][85][safepoint   ] Safepoint "Cleanup", Time since last: 1346209001 ns, Reaching safepoint: 1492041 ns, At safepoint: 8250 ns, Total: 1500291 ns
[2025-09-23T11:59:52.826+0000][85][safepoint   ] Safepoint "Cleanup", Time since last: 1495358209 ns, Reaching safepoint: 4178084 ns, At safepoint: 9000 ns, Total: 4187084 ns
[2025-09-23T11:59:53.833+0000][85][safepoint   ] Safepoint "Cleanup", Time since last: 1005938125 ns, Reaching safepoint: 1367875 ns, At safepoint: 5875 ns, Total: 1373750 ns
[2025-09-23T11:59:53.973+0000][85][gc,start    ] GC(5) Pause Young (Normal) (G1 Evacuation Pause)
[2025-09-23T11:59:53.974+0000][85][gc,task     ] GC(5) Using 8 workers of 8 for evacuation
[2025-09-23T11:59:53.974+0000][85][gc,age      ] GC(5) Desired survivor size 35651584 bytes, new threshold 15 (max threshold 15)
[2025-09-23T11:59:54.013+0000][85][gc,phases   ] GC(5)   Pre Evacuate Collection Set: 4.5ms
[2025-09-23T11:59:54.015+0000][85][gc,phases   ] GC(5)   Merge Heap Roots: 0.2ms
[2025-09-23T11:59:54.015+0000][85][gc,phases   ] GC(5)   Evacuate Collection Set: 27.8ms
[2025-09-23T11:59:54.015+0000][85][gc,phases   ] GC(5)   Post Evacuate Collection Set: 6.1ms
[2025-09-23T11:59:54.015+0000][85][gc,phases   ] GC(5)   Other: 0.6ms
[2025-09-23T11:59:54.015+0000][85][gc,age      ] GC(5) Age table with threshold 15 (max threshold 15)
[2025-09-23T11:59:54.015+0000][85][gc,age      ] GC(5) - age   1:    7879352 bytes,    7879352 total
[2025-09-23T11:59:54.015+0000][85][gc,age      ] GC(5) - age   2:    4178800 bytes,   12058152 total
[2025-09-23T11:59:54.015+0000][85][gc,age      ] GC(5) - age   3:    2120712 bytes,   14178864 total
[2025-09-23T11:59:54.015+0000][85][gc,age      ] GC(5) - age   4:    1429208 bytes,   15608072 total
[2025-09-23T11:59:54.015+0000][85][gc,heap     ] GC(5) Eden regions: 129->0(303)
[2025-09-23T11:59:54.015+0000][85][gc,heap     ] GC(5) Survivor regions: 3->4(17)
[2025-09-23T11:59:54.015+0000][85][gc,heap     ] GC(5) Old regions: 2->2
[2025-09-23T11:59:54.015+0000][85][gc,heap     ] GC(5) Archive regions: 2->2
[2025-09-23T11:59:54.015+0000][85][gc,heap     ] GC(5) Humongous regions: 0->0
[2025-09-23T11:59:54.015+0000][85][gc,metaspace] GC(5) Metaspace: 32394K(33152K)->32394K(33152K) NonClass: 28708K(29120K)->28708K(29120K) Class: 3686K(4032K)->3686K(4032K)
[2025-09-23T11:59:54.016+0000][85][gc          ] GC(5) Pause Young (Normal) (G1 Evacuation Pause) 536M->27M(2048M) 42.451ms
[2025-09-23T11:59:54.016+0000][85][gc,cpu      ] GC(5) User=0.04s Sys=0.00s Real=0.04s
[2025-09-23T11:59:54.016+0000][85][safepoint   ] Safepoint "G1CollectForAllocation", Time since last: 140136584 ns, Reaching safepoint: 74000 ns, At safepoint: 42652833 ns, Total: 42726833 ns
[2025-09-23T11:59:55.022+0000][85][safepoint   ] Safepoint "Cleanup", Time since last: 1003851125 ns, Reaching safepoint: 2858292 ns, At safepoint: 10375 ns, Total: 2868667 ns
[2025-09-23T11:59:56.026+0000][85][safepoint   ] Safepoint "Cleanup", Time since last: 1003559667 ns, Reaching safepoint: 287084 ns, At safepoint: 28833 ns, Total: 315917 ns
[2025-09-23T11:59:57.031+0000][85][safepoint   ] Safepoint "Cleanup", Time since last: 1001827250 ns, Reaching safepoint: 2384500 ns, At safepoint: 23334 ns, Total: 2407834 ns
[2025-09-23T11:59:57.310+0000][85][gc,start    ] GC(6) Pause Young (Concurrent Start) (Metadata GC Threshold)
[2025-09-23T11:59:57.311+0000][85][gc,task     ] GC(6) Using 8 workers of 8 for evacuation
[2025-09-23T11:59:57.313+0000][85][gc,age      ] GC(6) Desired survivor size 81788928 bytes, new threshold 15 (max threshold 15)
[2025-09-23T11:59:57.349+0000][85][gc,phases   ] GC(6)   Pre Evacuate Collection Set: 4.1ms
[2025-09-23T11:59:57.350+0000][85][gc,phases   ] GC(6)   Merge Heap Roots: 0.1ms
[2025-09-23T11:59:57.350+0000][85][gc,phases   ] GC(6)   Evacuate Collection Set: 20.7ms
[2025-09-23T11:59:57.352+0000][85][gc,phases   ] GC(6)   Post Evacuate Collection Set: 10.8ms
[2025-09-23T11:59:57.352+0000][85][gc,phases   ] GC(6)   Other: 2.2ms
[2025-09-23T11:59:57.352+0000][85][gc,age      ] GC(6) Age table with threshold 15 (max threshold 15)
[2025-09-23T11:59:57.352+0000][85][gc,age      ] GC(6) - age   1:    6655160 bytes,    6655160 total
[2025-09-23T11:59:57.352+0000][85][gc,age      ] GC(6) - age   2:    7520160 bytes,   14175320 total
[2025-09-23T11:59:57.352+0000][85][gc,age      ] GC(6) - age   3:    4168464 bytes,   18343784 total
[2025-09-23T11:59:57.352+0000][85][gc,age      ] GC(6) - age   4:    2117992 bytes,   20461776 total
[2025-09-23T11:59:57.352+0000][85][gc,age      ] GC(6) - age   5:    1319832 bytes,   21781608 total
[2025-09-23T11:59:57.352+0000][85][gc,heap     ] GC(6) Eden regions: 106->0(301)
[2025-09-23T11:59:57.352+0000][85][gc,heap     ] GC(6) Survivor regions: 4->6(39)
[2025-09-23T11:59:57.352+0000][85][gc,heap     ] GC(6) Old regions: 2->2
[2025-09-23T11:59:57.352+0000][85][gc,heap     ] GC(6) Archive regions: 2->2
[2025-09-23T11:59:57.352+0000][85][gc,heap     ] GC(6) Humongous regions: 0->0
[2025-09-23T11:59:57.353+0000][85][gc,metaspace] GC(6) Metaspace: 35590K(36416K)->35590K(36416K) NonClass: 31514K(32000K)->31514K(32000K) Class: 4075K(4416K)->4075K(4416K)
[2025-09-23T11:59:57.355+0000][85][gc          ] GC(6) Pause Young (Concurrent Start) (Metadata GC Threshold) 451M->33M(2048M) 44.903ms
[2025-09-23T11:59:57.355+0000][85][gc          ] GC(7) Concurrent Mark Cycle
[2025-09-23T11:59:57.355+0000][85][gc,marking  ] GC(7) Concurrent Clear Claimed Marks
[2025-09-23T11:59:57.355+0000][85][gc,marking  ] GC(7) Concurrent Clear Claimed Marks 0.224ms
[2025-09-23T11:59:57.355+0000][85][gc,marking  ] GC(7) Concurrent Scan Root Regions
[2025-09-23T11:59:57.358+0000][85][gc,cpu      ] GC(6) User=0.07s Sys=0.00s Real=0.05s
[2025-09-23T11:59:57.359+0000][85][safepoint   ] Safepoint "CollectForMetadataAllocation", Time since last: 272727541 ns, Reaching safepoint: 65792 ns, At safepoint: 55524709 ns, Total: 55590501 ns
[2025-09-23T11:59:57.364+0000][85][gc,marking  ] GC(7) Concurrent Scan Root Regions 9.327ms
[2025-09-23T11:59:57.365+0000][85][gc,marking  ] GC(7) Concurrent Mark
[2025-09-23T11:59:57.365+0000][85][gc,marking  ] GC(7) Concurrent Mark From Roots
[2025-09-23T11:59:57.365+0000][85][gc,task     ] GC(7) Using 2 workers of 2 for marking
[2025-09-23T11:59:57.382+0000][85][gc,marking  ] GC(7) Concurrent Mark From Roots 16.638ms
[2025-09-23T11:59:57.382+0000][85][gc,marking  ] GC(7) Concurrent Preclean
[2025-09-23T11:59:57.382+0000][85][gc,marking  ] GC(7) Concurrent Preclean 0.195ms
[2025-09-23T11:59:57.383+0000][85][gc,start    ] GC(7) Pause Remark
[2025-09-23T11:59:57.418+0000][85][gc          ] GC(7) Pause Remark 37M->37M(2048M) 35.401ms
[2025-09-23T11:59:57.418+0000][85][gc,cpu      ] GC(7) User=0.05s Sys=0.00s Real=0.03s
[2025-09-23T11:59:57.419+0000][85][safepoint   ] Safepoint "G1PauseRemark", Time since last: 23372458 ns, Reaching safepoint: 538917 ns, At safepoint: 35738666 ns, Total: 36277583 ns
[2025-09-23T11:59:57.426+0000][85][gc,marking  ] GC(7) Concurrent Mark 60.879ms
[2025-09-23T11:59:57.428+0000][85][gc,marking  ] GC(7) Concurrent Rebuild Remembered Sets
[2025-09-23T11:59:57.432+0000][85][gc,marking  ] GC(7) Concurrent Rebuild Remembered Sets 4.601ms
[2025-09-23T11:59:57.433+0000][85][gc,start    ] GC(7) Pause Cleanup
[2025-09-23T11:59:57.433+0000][85][gc          ] GC(7) Pause Cleanup 37M->37M(2048M) 0.253ms
[2025-09-23T11:59:57.433+0000][85][gc,cpu      ] GC(7) User=0.00s Sys=0.00s Real=0.00s
[2025-09-23T11:59:57.433+0000][85][safepoint   ] Safepoint "G1PauseCleanup", Time since last: 14100250 ns, Reaching safepoint: 74417 ns, At safepoint: 457417 ns, Total: 531834 ns
[2025-09-23T11:59:57.437+0000][85][gc,marking  ] GC(7) Concurrent Cleanup for Next Mark
[2025-09-23T11:59:57.477+0000][85][gc,marking  ] GC(7) Concurrent Cleanup for Next Mark 40.931ms
[2025-09-23T11:59:57.480+0000][85][gc          ] GC(7) Concurrent Mark Cycle 124.867ms
[2025-09-23T11:59:58.279+0000][85][safepoint   ] Safepoint "ICBufferFull", Time since last: 845766542 ns, Reaching safepoint: 264666 ns, At safepoint: 3459 ns, Total: 268125 ns
[2025-09-23T11:59:59.048+0000][85][safepoint   ] Safepoint "ICBufferFull", Time since last: 767761000 ns, Reaching safepoint: 829917 ns, At safepoint: 17291 ns, Total: 847208 ns
[2025-09-23T11:59:59.671+0000][85][safepoint   ] Safepoint "ICBufferFull", Time since last: 623403042 ns, Reaching safepoint: 160542 ns, At safepoint: 3125 ns, Total: 163667 ns
[2025-09-23T12:00:00.677+0000][85][safepoint   ] Safepoint "Cleanup", Time since last: 1001142584 ns, Reaching safepoint: 4299125 ns, At safepoint: 6791 ns, Total: 4305916 ns
[2025-09-23T12:00:01.697+0000][85][safepoint   ] Safepoint "Cleanup", Time since last: 1017714418 ns, Reaching safepoint: 2116833 ns, At safepoint: 10917 ns, Total: 2127750 ns
[2025-09-23T12:00:02.698+0000][85][safepoint   ] Safepoint "Cleanup", Time since last: 1000454542 ns, Reaching safepoint: 1120916 ns, At safepoint: 18750 ns, Total: 1139666 ns
[2025-09-23T12:00:03.266+0000][85][safepoint   ] Safepoint "ICBufferFull", Time since last: 567503292 ns, Reaching safepoint: 157959 ns, At safepoint: 12416 ns, Total: 170375 ns
[2025-09-23T12:00:03.791+0000][85][safepoint   ] Safepoint "ICBufferFull", Time since last: 523083959 ns, Reaching safepoint: 1750042 ns, At safepoint: 12125 ns, Total: 1762167 ns
[2025-09-23T12:00:04.006+0000][85][safepoint   ] Safepoint "ICBufferFull", Time since last: 214420000 ns, Reaching safepoint: 1296208 ns, At safepoint: 4417 ns, Total: 1300625 ns
[2025-09-23T12:00:04.330+0000][85][safepoint   ] Safepoint "ICBufferFull", Time since last: 323542083 ns, Reaching safepoint: 317250 ns, At safepoint: 7167 ns, Total: 324417 ns
[2025-09-23T12:00:05.524+0000][85][gc,start    ] GC(8) Pause Young (Concurrent Start) (Metadata GC Threshold)
[2025-09-23T12:00:05.524+0000][85][gc,task     ] GC(8) Using 8 workers of 8 for evacuation
[2025-09-23T12:00:05.524+0000][85][gc,age      ] GC(8) Desired survivor size 81788928 bytes, new threshold 15 (max threshold 15)
[2025-09-23T12:00:05.566+0000][85][gc,phases   ] GC(8)   Pre Evacuate Collection Set: 0.4ms
[2025-09-23T12:00:05.567+0000][85][gc,phases   ] GC(8)   Merge Heap Roots: 0.1ms
[2025-09-23T12:00:05.567+0000][85][gc,phases   ] GC(8)   Evacuate Collection Set: 37.8ms
[2025-09-23T12:00:05.567+0000][85][gc,phases   ] GC(8)   Post Evacuate Collection Set: 3.3ms
[2025-09-23T12:00:05.567+0000][85][gc,phases   ] GC(8)   Other: 0.4ms
[2025-09-23T12:00:05.567+0000][85][gc,age      ] GC(8) Age table with threshold 15 (max threshold 15)
[2025-09-23T12:00:05.567+0000][85][gc,age      ] GC(8) - age   1:   25140240 bytes,   25140240 total
[2025-09-23T12:00:05.568+0000][85][gc,age      ] GC(8) - age   2:    6582968 bytes,   31723208 total
[2025-09-23T12:00:05.568+0000][85][gc,age      ] GC(8) - age   3:    7491224 bytes,   39214432 total
[2025-09-23T12:00:05.568+0000][85][gc,age      ] GC(8) - age   4:    4141144 bytes,   43355576 total
[2025-09-23T12:00:05.568+0000][85][gc,age      ] GC(8) - age   5:    2111912 bytes,   45467488 total
[2025-09-23T12:00:05.568+0000][85][gc,age      ] GC(8) - age   6:    1306008 bytes,   46773496 total
[2025-09-23T12:00:05.568+0000][85][gc,heap     ] GC(8) Eden regions: 113->0(295)
[2025-09-23T12:00:05.568+0000][85][gc,heap     ] GC(8) Survivor regions: 6->12(39)
[2025-09-23T12:00:05.569+0000][85][gc,heap     ] GC(8) Old regions: 2->2
[2025-09-23T12:00:05.569+0000][85][gc,heap     ] GC(8) Archive regions: 2->2
[2025-09-23T12:00:05.569+0000][85][gc,heap     ] GC(8) Humongous regions: 0->0
[2025-09-23T12:00:05.569+0000][85][gc,metaspace] GC(8) Metaspace: 59384K(60736K)->59384K(60736K) NonClass: 52017K(52800K)->52017K(52800K) Class: 7366K(7936K)->7366K(7936K)
[2025-09-23T12:00:05.569+0000][85][gc          ] GC(8) Pause Young (Concurrent Start) (Metadata GC Threshold) 485M->57M(2048M) 45.206ms
[2025-09-23T12:00:05.569+0000][85][gc          ] GC(9) Concurrent Mark Cycle
[2025-09-23T12:00:05.570+0000][85][gc,marking  ] GC(9) Concurrent Clear Claimed Marks
[2025-09-23T12:00:05.569+0000][85][gc,cpu      ] GC(8) User=0.24s Sys=0.01s Real=0.04s
[2025-09-23T12:00:05.570+0000][85][gc,marking  ] GC(9) Concurrent Clear Claimed Marks 0.394ms
[2025-09-23T12:00:05.570+0000][85][gc,marking  ] GC(9) Concurrent Scan Root Regions
[2025-09-23T12:00:05.570+0000][85][safepoint   ] Safepoint "CollectForMetadataAllocation", Time since last: 1193407542 ns, Reaching safepoint: 190542 ns, At safepoint: 46414541 ns, Total: 46605083 ns
[2025-09-23T12:00:05.590+0000][85][gc,marking  ] GC(9) Concurrent Scan Root Regions 19.287ms
[2025-09-23T12:00:05.592+0000][85][gc,marking  ] GC(9) Concurrent Mark
[2025-09-23T12:00:05.592+0000][85][gc,marking  ] GC(9) Concurrent Mark From Roots
[2025-09-23T12:00:05.593+0000][85][gc,task     ] GC(9) Using 2 workers of 2 for marking
[2025-09-23T12:00:05.601+0000][85][gc,marking  ] GC(9) Concurrent Mark From Roots 8.509ms
[2025-09-23T12:00:05.601+0000][85][gc,marking  ] GC(9) Concurrent Preclean
[2025-09-23T12:00:05.602+0000][85][gc,marking  ] GC(9) Concurrent Preclean 0.346ms
[2025-09-23T12:00:05.604+0000][85][gc,start    ] GC(9) Pause Remark
[2025-09-23T12:00:05.609+0000][85][gc          ] GC(9) Pause Remark 61M->61M(2048M) 5.545ms
[2025-09-23T12:00:05.609+0000][85][gc,cpu      ] GC(9) User=0.02s Sys=0.00s Real=0.00s
[2025-09-23T12:00:05.610+0000][85][safepoint   ] Safepoint "G1PauseRemark", Time since last: 31657375 ns, Reaching safepoint: 1586625 ns, At safepoint: 6223625 ns, Total: 7810250 ns
[2025-09-23T12:00:05.613+0000][85][gc,marking  ] GC(9) Concurrent Mark 20.991ms
[2025-09-23T12:00:05.614+0000][85][gc,marking  ] GC(9) Concurrent Rebuild Remembered Sets
[2025-09-23T12:00:05.623+0000][85][gc,marking  ] GC(9) Concurrent Rebuild Remembered Sets 8.584ms
[2025-09-23T12:00:05.625+0000][85][gc,start    ] GC(9) Pause Cleanup
[2025-09-23T12:00:05.626+0000][85][gc          ] GC(9) Pause Cleanup 61M->61M(2048M) 1.427ms
[2025-09-23T12:00:05.627+0000][85][gc,cpu      ] GC(9) User=0.00s Sys=0.00s Real=0.00s
[2025-09-23T12:00:05.627+0000][85][safepoint   ] Safepoint "G1PauseCleanup", Time since last: 13796292 ns, Reaching safepoint: 1076667 ns, At safepoint: 2098125 ns, Total: 3174792 ns
[2025-09-23T12:00:05.633+0000][85][gc,marking  ] GC(9) Concurrent Cleanup for Next Mark
[2025-09-23T12:00:05.671+0000][85][gc,marking  ] GC(9) Concurrent Cleanup for Next Mark 37.774ms
[2025-09-23T12:00:05.671+0000][85][gc          ] GC(9) Concurrent Mark Cycle 101.675ms
