[2025-09-23T08:34:04.953+0000][69][gc,init] CardTable entry size: 512
[2025-09-23T08:34:04.954+0000][69][gc     ] Using G1
[2025-09-23T08:34:06.132+0000][69][gc,init] Version: 19.0.1+10-21 (release)
[2025-09-23T08:34:06.133+0000][69][gc,init] CPUs: 8 total, 8 available
[2025-09-23T08:34:06.133+0000][69][gc,init] Memory: 7837M
[2025-09-23T08:34:06.133+0000][69][gc,init] Large Page Support: Disabled
[2025-09-23T08:34:06.133+0000][69][gc,init] NUMA Support: Disabled
[2025-09-23T08:34:06.133+0000][69][gc,init] Compressed Oops: Enabled (32-bit)
[2025-09-23T08:34:06.133+0000][69][gc,init] Heap Region Size: 4M
[2025-09-23T08:34:06.133+0000][69][gc,init] Heap Min Capacity: 2G
[2025-09-23T08:34:06.133+0000][69][gc,init] Heap Initial Capacity: 2G
[2025-09-23T08:34:06.133+0000][69][gc,init] Heap Max Capacity: 2G
[2025-09-23T08:34:06.133+0000][69][gc,init] Pre-touch: Enabled
[2025-09-23T08:34:06.134+0000][69][gc,init] Parallel Workers: 8
[2025-09-23T08:34:06.134+0000][69][gc,init] Concurrent Workers: 2
[2025-09-23T08:34:06.134+0000][69][gc,init] Concurrent Refinement Workers: 8
[2025-09-23T08:34:06.134+0000][69][gc,init] Periodic GC: Disabled
[2025-09-23T08:34:06.134+0000][69][gc,metaspace] CDS archive(s) mapped at: [0x0000000800000000-0x0000000800c60000-0x0000000800c60000), size 12976128, SharedBaseAddress: 0x0000000800000000, ArchiveRelocationMode: 0.
[2025-09-23T08:34:06.134+0000][69][gc,metaspace] Compressed class space mapped at: 0x0000000801000000-0x0000000841000000, reserved size: 1073741824
[2025-09-23T08:34:06.134+0000][69][gc,metaspace] Narrow klass base: 0x0000000800000000, Narrow klass shift: 0, Narrow klass range: 0x100000000
[2025-09-23T08:34:06.265+0000][69][safepoint   ] Safepoint "ICBufferFull", Time since last: 117812042 ns, Reaching safepoint: 250666 ns, At safepoint: 38292 ns, Total: 288958 ns
[2025-09-23T08:34:06.381+0000][69][safepoint   ] Safepoint "ICBufferFull", Time since last: 115308833 ns, Reaching safepoint: 190417 ns, At safepoint: 3500 ns, Total: 193917 ns
[2025-09-23T08:34:06.538+0000][69][safepoint   ] Safepoint "ICBufferFull", Time since last: 155876833 ns, Reaching safepoint: 932667 ns, At safepoint: 14708 ns, Total: 947375 ns
[2025-09-23T08:34:06.720+0000][69][safepoint   ] Safepoint "ICBufferFull", Time since last: 182227042 ns, Reaching safepoint: 171709 ns, At safepoint: 12125 ns, Total: 183834 ns
[2025-09-23T08:34:06.857+0000][69][safepoint   ] Safepoint "ICBufferFull", Time since last: 135536250 ns, Reaching safepoint: 909083 ns, At safepoint: 8125 ns, Total: 917208 ns
[2025-09-23T08:34:07.014+0000][69][safepoint   ] Safepoint "ICBufferFull", Time since last: 156953333 ns, Reaching safepoint: 156584 ns, At safepoint: 5666 ns, Total: 162250 ns
[2025-09-23T08:34:07.297+0000][69][safepoint   ] Safepoint "ICBufferFull", Time since last: 282989125 ns, Reaching safepoint: 696917 ns, At safepoint: 22375 ns, Total: 719292 ns
[2025-09-23T08:34:07.405+0000][69][safepoint   ] Safepoint "ICBufferFull", Time since last: 107800375 ns, Reaching safepoint: 253167 ns, At safepoint: 14792 ns, Total: 267959 ns
[2025-09-23T08:34:07.602+0000][69][gc,start    ] GC(0) Pause Young (Normal) (G1 Evacuation Pause)
[2025-09-23T08:34:07.603+0000][69][gc,task     ] GC(0) Using 8 workers of 8 for evacuation
[2025-09-23T08:34:07.603+0000][69][gc,age      ] GC(0) Desired survivor size 8388608 bytes, new threshold 15 (max threshold 15)
[2025-09-23T08:34:07.613+0000][69][gc,phases   ] GC(0)   Pre Evacuate Collection Set: 0.2ms
[2025-09-23T08:34:07.614+0000][69][gc,phases   ] GC(0)   Merge Heap Roots: 0.1ms
[2025-09-23T08:34:07.615+0000][69][gc,phases   ] GC(0)   Evacuate Collection Set: 6.1ms
[2025-09-23T08:34:07.615+0000][69][gc,phases   ] GC(0)   Post Evacuate Collection Set: 3.6ms
[2025-09-23T08:34:07.615+0000][69][gc,phases   ] GC(0)   Other: 0.3ms
[2025-09-23T08:34:07.616+0000][69][gc,age      ] GC(0) Age table with threshold 15 (max threshold 15)
[2025-09-23T08:34:07.616+0000][69][gc,age      ] GC(0) - age   1:    8378480 bytes,    8378480 total
[2025-09-23T08:34:07.616+0000][69][gc,heap     ] GC(0) Eden regions: 25->0(22)
[2025-09-23T08:34:07.616+0000][69][gc,heap     ] GC(0) Survivor regions: 0->3(4)
[2025-09-23T08:34:07.616+0000][69][gc,heap     ] GC(0) Old regions: 0->0
[2025-09-23T08:34:07.616+0000][69][gc,heap     ] GC(0) Archive regions: 2->2
[2025-09-23T08:34:07.616+0000][69][gc,heap     ] GC(0) Humongous regions: 0->0
[2025-09-23T08:34:07.616+0000][69][gc,metaspace] GC(0) Metaspace: 16185K(16704K)->16185K(16704K) NonClass: 14323K(14592K)->14323K(14592K) Class: 1861K(2112K)->1861K(2112K)
[2025-09-23T08:34:07.616+0000][69][gc          ] GC(0) Pause Young (Normal) (G1 Evacuation Pause) 104M->12M(2048M) 13.952ms
[2025-09-23T08:34:07.616+0000][69][gc,cpu      ] GC(0) User=0.04s Sys=0.00s Real=0.01s
[2025-09-23T08:34:07.616+0000][69][safepoint   ] Safepoint "G1CollectForAllocation", Time since last: 196346000 ns, Reaching safepoint: 505666 ns, At safepoint: 14114042 ns, Total: 14619708 ns
[2025-09-23T08:34:07.812+0000][69][safepoint   ] Safepoint "ICBufferFull", Time since last: 194477083 ns, Reaching safepoint: 915334 ns, At safepoint: 10583 ns, Total: 925917 ns
[2025-09-23T08:34:08.058+0000][69][safepoint   ] Safepoint "ICBufferFull", Time since last: 245481042 ns, Reaching safepoint: 258292 ns, At safepoint: 6458 ns, Total: 264750 ns
[2025-09-23T08:34:08.666+0000][69][safepoint   ] Safepoint "ICBufferFull", Time since last: 608157250 ns, Reaching safepoint: 168583 ns, At safepoint: 2667 ns, Total: 171250 ns
[2025-09-23T08:34:08.678+0000][69][gc,start    ] GC(1) Pause Young (Normal) (G1 Evacuation Pause)
[2025-09-23T08:34:08.679+0000][69][gc,task     ] GC(1) Using 8 workers of 8 for evacuation
[2025-09-23T08:34:08.679+0000][69][gc,age      ] GC(1) Desired survivor size 8388608 bytes, new threshold 15 (max threshold 15)
[2025-09-23T08:34:08.694+0000][69][gc,phases   ] GC(1)   Pre Evacuate Collection Set: 0.6ms
[2025-09-23T08:34:08.694+0000][69][gc,phases   ] GC(1)   Merge Heap Roots: 0.2ms
[2025-09-23T08:34:08.694+0000][69][gc,phases   ] GC(1)   Evacuate Collection Set: 10.6ms
[2025-09-23T08:34:08.694+0000][69][gc,phases   ] GC(1)   Post Evacuate Collection Set: 3.1ms
[2025-09-23T08:34:08.694+0000][69][gc,phases   ] GC(1)   Other: 0.5ms
[2025-09-23T08:34:08.694+0000][69][gc,age      ] GC(1) Age table with threshold 15 (max threshold 15)
[2025-09-23T08:34:08.694+0000][69][gc,age      ] GC(1) - age   1:    1822088 bytes,    1822088 total
[2025-09-23T08:34:08.694+0000][69][gc,age      ] GC(1) - age   2:    7528144 bytes,    9350232 total
[2025-09-23T08:34:08.695+0000][69][gc,heap     ] GC(1) Eden regions: 22->0(39)
[2025-09-23T08:34:08.695+0000][69][gc,heap     ] GC(1) Survivor regions: 3->3(4)
[2025-09-23T08:34:08.695+0000][69][gc,heap     ] GC(1) Old regions: 0->0
[2025-09-23T08:34:08.695+0000][69][gc,heap     ] GC(1) Archive regions: 2->2
[2025-09-23T08:34:08.695+0000][69][gc,heap     ] GC(1) Humongous regions: 0->0
[2025-09-23T08:34:08.695+0000][69][gc,metaspace] GC(1) Metaspace: 18079K(18560K)->18079K(18560K) NonClass: 16037K(16320K)->16037K(16320K) Class: 2042K(2240K)->2042K(2240K)
[2025-09-23T08:34:08.695+0000][69][gc          ] GC(1) Pause Young (Normal) (G1 Evacuation Pause) 100M->13M(2048M) 16.380ms
[2025-09-23T08:34:08.695+0000][69][gc,cpu      ] GC(1) User=0.06s Sys=0.00s Real=0.02s
[2025-09-23T08:34:08.695+0000][69][safepoint   ] Safepoint "G1CollectForAllocation", Time since last: 12538833 ns, Reaching safepoint: 72459 ns, At safepoint: 16614500 ns, Total: 16686959 ns
[2025-09-23T08:34:09.273+0000][69][safepoint   ] Safepoint "ICBufferFull", Time since last: 577793250 ns, Reaching safepoint: 205208 ns, At safepoint: 2834 ns, Total: 208042 ns
[2025-09-23T08:34:09.325+0000][69][gc,start    ] GC(2) Pause Young (Concurrent Start) (Metadata GC Threshold)
[2025-09-23T08:34:09.325+0000][69][gc,task     ] GC(2) Using 8 workers of 8 for evacuation
[2025-09-23T08:34:09.325+0000][69][gc,age      ] GC(2) Desired survivor size 12582912 bytes, new threshold 15 (max threshold 15)
[2025-09-23T08:34:09.333+0000][69][gc,phases   ] GC(2)   Pre Evacuate Collection Set: 0.4ms
[2025-09-23T08:34:09.333+0000][69][gc,phases   ] GC(2)   Merge Heap Roots: 0.1ms
[2025-09-23T08:34:09.333+0000][69][gc,phases   ] GC(2)   Evacuate Collection Set: 5.4ms
[2025-09-23T08:34:09.333+0000][69][gc,phases   ] GC(2)   Post Evacuate Collection Set: 1.3ms
[2025-09-23T08:34:09.334+0000][69][gc,phases   ] GC(2)   Other: 0.6ms
[2025-09-23T08:34:09.334+0000][69][gc,age      ] GC(2) Age table with threshold 15 (max threshold 15)
[2025-09-23T08:34:09.334+0000][69][gc,age      ] GC(2) - age   1:    2203528 bytes,    2203528 total
[2025-09-23T08:34:09.334+0000][69][gc,age      ] GC(2) - age   2:    1440448 bytes,    3643976 total
[2025-09-23T08:34:09.334+0000][69][gc,age      ] GC(2) - age   3:    7524232 bytes,   11168208 total
[2025-09-23T08:34:09.334+0000][69][gc,heap     ] GC(2) Eden regions: 16->0(77)
[2025-09-23T08:34:09.334+0000][69][gc,heap     ] GC(2) Survivor regions: 3->3(6)
[2025-09-23T08:34:09.334+0000][69][gc,heap     ] GC(2) Old regions: 0->0
[2025-09-23T08:34:09.334+0000][69][gc,heap     ] GC(2) Archive regions: 2->2
[2025-09-23T08:34:09.334+0000][69][gc,heap     ] GC(2) Humongous regions: 0->0
[2025-09-23T08:34:09.334+0000][69][gc,metaspace] GC(2) Metaspace: 21006K(21504K)->21006K(21504K) NonClass: 18702K(18944K)->18702K(18944K) Class: 2303K(2560K)->2303K(2560K)
[2025-09-23T08:34:09.334+0000][69][gc          ] GC(2) Pause Young (Concurrent Start) (Metadata GC Threshold) 76M->16M(2048M) 9.482ms
[2025-09-23T08:34:09.335+0000][69][gc,cpu      ] GC(2) User=0.03s Sys=0.00s Real=0.01s
[2025-09-23T08:34:09.335+0000][69][gc          ] GC(3) Concurrent Mark Cycle
[2025-09-23T08:34:09.335+0000][69][gc,marking  ] GC(3) Concurrent Clear Claimed Marks
[2025-09-23T08:34:09.335+0000][69][gc,marking  ] GC(3) Concurrent Clear Claimed Marks 0.209ms
[2025-09-23T08:34:09.335+0000][69][gc,marking  ] GC(3) Concurrent Scan Root Regions
[2025-09-23T08:34:09.335+0000][69][safepoint   ] Safepoint "CollectForMetadataAllocation", Time since last: 51820708 ns, Reaching safepoint: 52292 ns, At safepoint: 9836875 ns, Total: 9889167 ns
[2025-09-23T08:34:09.342+0000][69][gc,marking  ] GC(3) Concurrent Scan Root Regions 6.796ms
[2025-09-23T08:34:09.343+0000][69][gc,marking  ] GC(3) Concurrent Mark
[2025-09-23T08:34:09.343+0000][69][gc,marking  ] GC(3) Concurrent Mark From Roots
[2025-09-23T08:34:09.343+0000][69][gc,task     ] GC(3) Using 2 workers of 2 for marking
[2025-09-23T08:34:09.344+0000][69][gc,marking  ] GC(3) Concurrent Mark From Roots 1.076ms
[2025-09-23T08:34:09.344+0000][69][gc,marking  ] GC(3) Concurrent Preclean
[2025-09-23T08:34:09.344+0000][69][gc,marking  ] GC(3) Concurrent Preclean 0.068ms
[2025-09-23T08:34:09.345+0000][69][gc,start    ] GC(3) Pause Remark
[2025-09-23T08:34:09.348+0000][69][gc          ] GC(3) Pause Remark 19M->19M(2048M) 2.689ms
[2025-09-23T08:34:09.348+0000][69][gc,cpu      ] GC(3) User=0.01s Sys=0.00s Real=0.00s
[2025-09-23T08:34:09.348+0000][69][safepoint   ] Safepoint "G1PauseRemark", Time since last: 9654500 ns, Reaching safepoint: 956208 ns, At safepoint: 2973042 ns, Total: 3929250 ns
[2025-09-23T08:34:09.351+0000][69][gc,marking  ] GC(3) Concurrent Mark 8.516ms
[2025-09-23T08:34:09.352+0000][69][gc,marking  ] GC(3) Concurrent Rebuild Remembered Sets
[2025-09-23T08:34:09.352+0000][69][gc,marking  ] GC(3) Concurrent Rebuild Remembered Sets 0.068ms
[2025-09-23T08:34:09.353+0000][69][gc,start    ] GC(3) Pause Cleanup
[2025-09-23T08:34:09.354+0000][69][gc          ] GC(3) Pause Cleanup 19M->19M(2048M) 0.235ms
[2025-09-23T08:34:09.354+0000][69][gc,cpu      ] GC(3) User=0.00s Sys=0.00s Real=0.00s
[2025-09-23T08:34:09.354+0000][69][safepoint   ] Safepoint "G1PauseCleanup", Time since last: 4128833 ns, Reaching safepoint: 809542 ns, At safepoint: 659000 ns, Total: 1468542 ns
[2025-09-23T08:34:09.359+0000][69][gc,marking  ] GC(3) Concurrent Cleanup for Next Mark
[2025-09-23T08:34:09.360+0000][69][gc,marking  ] GC(3) Concurrent Cleanup for Next Mark 1.580ms
[2025-09-23T08:34:09.361+0000][69][gc          ] GC(3) Concurrent Mark Cycle 26.201ms
[2025-09-23T08:34:09.658+0000][69][safepoint   ] Safepoint "ICBufferFull", Time since last: 302926875 ns, Reaching safepoint: 1269458 ns, At safepoint: 278417 ns, Total: 1547875 ns
[2025-09-23T08:34:09.886+0000][69][safepoint   ] Safepoint "ICBufferFull", Time since last: 226550125 ns, Reaching safepoint: 506125 ns, At safepoint: 18750 ns, Total: 524875 ns
[2025-09-23T08:34:10.111+0000][69][safepoint   ] Safepoint "ICBufferFull", Time since last: 225679250 ns, Reaching safepoint: 228125 ns, At safepoint: 3042 ns, Total: 231167 ns
[2025-09-23T08:34:10.436+0000][69][safepoint   ] Safepoint "ICBufferFull", Time since last: 323895583 ns, Reaching safepoint: 330625 ns, At safepoint: 3750 ns, Total: 334375 ns
[2025-09-23T08:34:10.845+0000][69][safepoint   ] Safepoint "ICBufferFull", Time since last: 409073167 ns, Reaching safepoint: 179917 ns, At safepoint: 14375 ns, Total: 194292 ns
[2025-09-23T08:34:10.898+0000][69][gc,start    ] GC(4) Pause Young (Normal) (G1 Evacuation Pause)
[2025-09-23T08:34:10.898+0000][69][gc,task     ] GC(4) Using 8 workers of 8 for evacuation
[2025-09-23T08:34:10.899+0000][69][gc,age      ] GC(4) Desired survivor size 20971520 bytes, new threshold 15 (max threshold 15)
[2025-09-23T08:34:10.911+0000][69][gc,phases   ] GC(4)   Pre Evacuate Collection Set: 0.4ms
[2025-09-23T08:34:10.911+0000][69][gc,phases   ] GC(4)   Merge Heap Roots: 0.1ms
[2025-09-23T08:34:10.911+0000][69][gc,phases   ] GC(4)   Evacuate Collection Set: 9.8ms
[2025-09-23T08:34:10.911+0000][69][gc,phases   ] GC(4)   Post Evacuate Collection Set: 1.5ms
[2025-09-23T08:34:10.911+0000][69][gc,phases   ] GC(4)   Other: 0.7ms
[2025-09-23T08:34:10.911+0000][69][gc,age      ] GC(4) Age table with threshold 15 (max threshold 15)
[2025-09-23T08:34:10.911+0000][69][gc,age      ] GC(4) - age   1:    7775192 bytes,    7775192 total
[2025-09-23T08:34:10.911+0000][69][gc,age      ] GC(4) - age   2:    2149472 bytes,    9924664 total
[2025-09-23T08:34:10.911+0000][69][gc,age      ] GC(4) - age   3:    1435920 bytes,   11360584 total
[2025-09-23T08:34:10.911+0000][69][gc,age      ] GC(4) - age   4:    7519632 bytes,   18880216 total
[2025-09-23T08:34:10.912+0000][69][gc,heap     ] GC(4) Eden regions: 77->0(231)
[2025-09-23T08:34:10.912+0000][69][gc,heap     ] GC(4) Survivor regions: 3->5(10)
[2025-09-23T08:34:10.912+0000][69][gc,heap     ] GC(4) Old regions: 0->0
[2025-09-23T08:34:10.912+0000][69][gc,heap     ] GC(4) Archive regions: 2->2
[2025-09-23T08:34:10.912+0000][69][gc,heap     ] GC(4) Humongous regions: 0->0
[2025-09-23T08:34:10.912+0000][69][gc,metaspace] GC(4) Metaspace: 26233K(26880K)->26233K(26880K) NonClass: 23245K(23616K)->23245K(23616K) Class: 2988K(3264K)->2988K(3264K)
[2025-09-23T08:34:10.912+0000][69][gc          ] GC(4) Pause Young (Normal) (G1 Evacuation Pause) 324M->22M(2048M) 14.147ms
[2025-09-23T08:34:10.912+0000][69][gc,cpu      ] GC(4) User=0.06s Sys=0.00s Real=0.01s
[2025-09-23T08:34:10.912+0000][69][safepoint   ] Safepoint "G1CollectForAllocation", Time since last: 52199542 ns, Reaching safepoint: 610250 ns, At safepoint: 14348041 ns, Total: 14958291 ns
[2025-09-23T08:34:11.452+0000][69][safepoint   ] Safepoint "ICBufferFull", Time since last: 539122000 ns, Reaching safepoint: 273000 ns, At safepoint: 3584 ns, Total: 276584 ns
[2025-09-23T08:34:12.142+0000][69][safepoint   ] Safepoint "ICBufferFull", Time since last: 689836625 ns, Reaching safepoint: 714792 ns, At safepoint: 240791 ns, Total: 955583 ns
[2025-09-23T08:34:13.166+0000][69][safepoint   ] Safepoint "Cleanup", Time since last: 1003657251 ns, Reaching safepoint: 20129833 ns, At safepoint: 29500 ns, Total: 20159333 ns
[2025-09-23T08:34:14.180+0000][69][safepoint   ] Safepoint "Cleanup", Time since last: 1012826334 ns, Reaching safepoint: 1269750 ns, At safepoint: 12333 ns, Total: 1282083 ns
[2025-09-23T08:34:14.770+0000][69][gc,start    ] GC(5) Pause Young (Concurrent Start) (Metadata GC Threshold)
[2025-09-23T08:34:14.770+0000][69][gc,task     ] GC(5) Using 8 workers of 8 for evacuation
[2025-09-23T08:34:14.770+0000][69][gc,age      ] GC(5) Desired survivor size 62914560 bytes, new threshold 15 (max threshold 15)
[2025-09-23T08:34:14.802+0000][69][gc,phases   ] GC(5)   Pre Evacuate Collection Set: 0.6ms
[2025-09-23T08:34:14.802+0000][69][gc,phases   ] GC(5)   Merge Heap Roots: 0.3ms
[2025-09-23T08:34:14.803+0000][69][gc,phases   ] GC(5)   Evacuate Collection Set: 27.2ms
[2025-09-23T08:34:14.803+0000][69][gc,phases   ] GC(5)   Post Evacuate Collection Set: 3.2ms
[2025-09-23T08:34:14.803+0000][69][gc,phases   ] GC(5)   Other: 0.5ms
[2025-09-23T08:34:14.803+0000][69][gc,age      ] GC(5) Age table with threshold 15 (max threshold 15)
[2025-09-23T08:34:14.803+0000][69][gc,age      ] GC(5) - age   1:   11618440 bytes,   11618440 total
[2025-09-23T08:34:14.803+0000][69][gc,age      ] GC(5) - age   2:    6687992 bytes,   18306432 total
[2025-09-23T08:34:14.803+0000][69][gc,age      ] GC(5) - age   3:    2144352 bytes,   20450784 total
[2025-09-23T08:34:14.803+0000][69][gc,age      ] GC(5) - age   4:    1406472 bytes,   21857256 total
[2025-09-23T08:34:14.803+0000][69][gc,age      ] GC(5) - age   5:    7504280 bytes,   29361536 total
[2025-09-23T08:34:14.803+0000][69][gc,heap     ] GC(5) Eden regions: 192->0(299)
[2025-09-23T08:34:14.803+0000][69][gc,heap     ] GC(5) Survivor regions: 5->8(30)
[2025-09-23T08:34:14.804+0000][69][gc,heap     ] GC(5) Old regions: 0->0
[2025-09-23T08:34:14.804+0000][69][gc,heap     ] GC(5) Archive regions: 2->2
[2025-09-23T08:34:14.804+0000][69][gc,heap     ] GC(5) Humongous regions: 0->0
[2025-09-23T08:34:14.804+0000][69][gc,metaspace] GC(5) Metaspace: 35346K(36096K)->35346K(36096K) NonClass: 31311K(31744K)->31311K(31744K) Class: 4035K(4352K)->4035K(4352K)
[2025-09-23T08:34:14.804+0000][69][gc          ] GC(5) Pause Young (Concurrent Start) (Metadata GC Threshold) 788M->34M(2048M) 34.050ms
[2025-09-23T08:34:14.804+0000][69][gc,cpu      ] GC(5) User=0.16s Sys=0.01s Real=0.04s
[2025-09-23T08:34:14.804+0000][69][gc          ] GC(6) Concurrent Mark Cycle
[2025-09-23T08:34:14.805+0000][69][safepoint   ] Safepoint "CollectForMetadataAllocation", Time since last: 589550084 ns, Reaching safepoint: 217000 ns, At safepoint: 34897000 ns, Total: 35114000 ns
[2025-09-23T08:34:14.805+0000][69][gc,marking  ] GC(6) Concurrent Clear Claimed Marks
[2025-09-23T08:34:14.808+0000][69][gc,marking  ] GC(6) Concurrent Clear Claimed Marks 2.396ms
[2025-09-23T08:34:14.808+0000][69][gc,marking  ] GC(6) Concurrent Scan Root Regions
[2025-09-23T08:34:14.815+0000][69][gc,marking  ] GC(6) Concurrent Scan Root Regions 6.720ms
[2025-09-23T08:34:14.815+0000][69][gc,marking  ] GC(6) Concurrent Mark
[2025-09-23T08:34:14.815+0000][69][gc,marking  ] GC(6) Concurrent Mark From Roots
[2025-09-23T08:34:14.815+0000][69][gc,task     ] GC(6) Using 2 workers of 2 for marking
[2025-09-23T08:34:14.817+0000][69][gc,marking  ] GC(6) Concurrent Mark From Roots 2.214ms
[2025-09-23T08:34:14.818+0000][69][gc,marking  ] GC(6) Concurrent Preclean
[2025-09-23T08:34:14.818+0000][69][gc,marking  ] GC(6) Concurrent Preclean 0.166ms
[2025-09-23T08:34:14.820+0000][69][gc,start    ] GC(6) Pause Remark
[2025-09-23T08:34:14.824+0000][69][gc          ] GC(6) Pause Remark 38M->38M(2048M) 3.350ms
[2025-09-23T08:34:14.824+0000][69][gc,cpu      ] GC(6) User=0.01s Sys=0.00s Real=0.01s
[2025-09-23T08:34:14.824+0000][69][safepoint   ] Safepoint "G1PauseRemark", Time since last: 14399667 ns, Reaching safepoint: 1150291 ns, At safepoint: 3737750 ns, Total: 4888041 ns
[2025-09-23T08:34:14.825+0000][69][gc,marking  ] GC(6) Concurrent Mark 9.647ms
[2025-09-23T08:34:14.825+0000][69][gc,marking  ] GC(6) Concurrent Rebuild Remembered Sets
[2025-09-23T08:34:14.825+0000][69][gc,marking  ] GC(6) Concurrent Rebuild Remembered Sets 0.215ms
[2025-09-23T08:34:14.825+0000][69][gc,start    ] GC(6) Pause Cleanup
[2025-09-23T08:34:14.825+0000][69][gc          ] GC(6) Pause Cleanup 38M->38M(2048M) 0.176ms
[2025-09-23T08:34:14.826+0000][69][gc,cpu      ] GC(6) User=0.00s Sys=0.00s Real=0.00s
[2025-09-23T08:34:14.826+0000][69][safepoint   ] Safepoint "G1PauseCleanup", Time since last: 890542 ns, Reaching safepoint: 88167 ns, At safepoint: 499625 ns, Total: 587792 ns
[2025-09-23T08:34:14.830+0000][69][gc,marking  ] GC(6) Concurrent Cleanup for Next Mark
[2025-09-23T08:34:14.851+0000][69][gc,marking  ] GC(6) Concurrent Cleanup for Next Mark 20.701ms
[2025-09-23T08:34:14.853+0000][69][gc          ] GC(6) Concurrent Mark Cycle 48.968ms
[2025-09-23T08:34:15.365+0000][69][safepoint   ] Safepoint "ICBufferFull", Time since last: 539358458 ns, Reaching safepoint: 274417 ns, At safepoint: 15250 ns, Total: 289667 ns
[2025-09-23T08:34:15.708+0000][69][safepoint   ] Safepoint "ICBufferFull", Time since last: 342246500 ns, Reaching safepoint: 255333 ns, At safepoint: 4292 ns, Total: 259625 ns
[2025-09-23T08:34:16.058+0000][69][safepoint   ] Safepoint "ICBufferFull", Time since last: 349439917 ns, Reaching safepoint: 262000 ns, At safepoint: 11875 ns, Total: 273875 ns
[2025-09-23T08:34:16.490+0000][69][safepoint   ] Safepoint "ICBufferFull", Time since last: 432267667 ns, Reaching safepoint: 229833 ns, At safepoint: 5834 ns, Total: 235667 ns
[2025-09-23T08:34:17.312+0000][69][safepoint   ] Safepoint "ICBufferFull", Time since last: 821610583 ns, Reaching safepoint: 481000 ns, At safepoint: 5917 ns, Total: 486917 ns
[2025-09-23T08:34:17.491+0000][69][safepoint   ] Safepoint "ICBufferFull", Time since last: 178423000 ns, Reaching safepoint: 126500 ns, At safepoint: 6458 ns, Total: 132958 ns
[2025-09-23T08:34:17.723+0000][69][safepoint   ] Safepoint "ICBufferFull", Time since last: 230687084 ns, Reaching safepoint: 1386291 ns, At safepoint: 30459 ns, Total: 1416750 ns
[2025-09-23T08:34:17.890+0000][69][safepoint   ] Safepoint "ICBufferFull", Time since last: 166477416 ns, Reaching safepoint: 164833 ns, At safepoint: 1917 ns, Total: 166750 ns
[2025-09-23T08:34:18.253+0000][69][gc,start    ] GC(7) Pause Young (Concurrent Start) (Metadata GC Threshold)
[2025-09-23T08:34:18.253+0000][69][gc,task     ] GC(7) Using 8 workers of 8 for evacuation
[2025-09-23T08:34:18.253+0000][69][gc,age      ] GC(7) Desired survivor size 81788928 bytes, new threshold 15 (max threshold 15)
[2025-09-23T08:34:18.336+0000][69][gc,phases   ] GC(7)   Pre Evacuate Collection Set: 0.7ms
[2025-09-23T08:34:18.337+0000][69][gc,phases   ] GC(7)   Merge Heap Roots: 0.1ms
[2025-09-23T08:34:18.337+0000][69][gc,phases   ] GC(7)   Evacuate Collection Set: 68.4ms
[2025-09-23T08:34:18.337+0000][69][gc,phases   ] GC(7)   Post Evacuate Collection Set: 13.9ms
[2025-09-23T08:34:18.337+0000][69][gc,phases   ] GC(7)   Other: 0.2ms
[2025-09-23T08:34:18.337+0000][69][gc,age      ] GC(7) Age table with threshold 15 (max threshold 15)
[2025-09-23T08:34:18.339+0000][69][gc,age      ] GC(7) - age   1:   25197992 bytes,   25197992 total
[2025-09-23T08:34:18.339+0000][69][gc,age      ] GC(7) - age   2:   11481528 bytes,   36679520 total
[2025-09-23T08:34:18.339+0000][69][gc,age      ] GC(7) - age   3:    6652056 bytes,   43331576 total
[2025-09-23T08:34:18.339+0000][69][gc,age      ] GC(7) - age   4:    2138736 bytes,   45470312 total
[2025-09-23T08:34:18.339+0000][69][gc,age      ] GC(7) - age   5:    1292416 bytes,   46762728 total
[2025-09-23T08:34:18.339+0000][69][gc,age      ] GC(7) - age   6:    7441672 bytes,   54204400 total
[2025-09-23T08:34:18.339+0000][69][gc,heap     ] GC(7) Eden regions: 113->0(129)
[2025-09-23T08:34:18.339+0000][69][gc,heap     ] GC(7) Survivor regions: 8->14(39)
[2025-09-23T08:34:18.339+0000][69][gc,heap     ] GC(7) Old regions: 0->0
[2025-09-23T08:34:18.339+0000][69][gc,heap     ] GC(7) Archive regions: 2->2
[2025-09-23T08:34:18.339+0000][69][gc,heap     ] GC(7) Humongous regions: 0->0
[2025-09-23T08:34:18.340+0000][69][gc,metaspace] GC(7) Metaspace: 59174K(60608K)->59174K(60608K) NonClass: 51809K(52672K)->51809K(52672K) Class: 7364K(7936K)->7364K(7936K)
[2025-09-23T08:34:18.340+0000][69][gc          ] GC(7) Pause Young (Concurrent Start) (Metadata GC Threshold) 486M->57M(2048M) 86.746ms
[2025-09-23T08:34:18.340+0000][69][gc,cpu      ] GC(7) User=0.30s Sys=0.02s Real=0.08s
[2025-09-23T08:34:18.340+0000][69][gc          ] GC(8) Concurrent Mark Cycle
[2025-09-23T08:34:18.340+0000][69][gc,marking  ] GC(8) Concurrent Clear Claimed Marks
[2025-09-23T08:34:18.340+0000][69][safepoint   ] Safepoint "CollectForMetadataAllocation", Time since last: 363280208 ns, Reaching safepoint: 134708 ns, At safepoint: 87111667 ns, Total: 87246375 ns
[2025-09-23T08:34:18.341+0000][69][gc,marking  ] GC(8) Concurrent Clear Claimed Marks 0.482ms
[2025-09-23T08:34:18.341+0000][69][gc,marking  ] GC(8) Concurrent Scan Root Regions
[2025-09-23T08:34:18.368+0000][69][gc,marking  ] GC(8) Concurrent Scan Root Regions 27.163ms
[2025-09-23T08:34:18.368+0000][69][gc,marking  ] GC(8) Concurrent Mark
[2025-09-23T08:34:18.369+0000][69][gc,marking  ] GC(8) Concurrent Mark From Roots
[2025-09-23T08:34:18.369+0000][69][gc,task     ] GC(8) Using 2 workers of 2 for marking
[2025-09-23T08:34:18.370+0000][69][gc,marking  ] GC(8) Concurrent Mark From Roots 1.489ms
[2025-09-23T08:34:18.370+0000][69][gc,marking  ] GC(8) Concurrent Preclean
[2025-09-23T08:34:18.370+0000][69][gc,marking  ] GC(8) Concurrent Preclean 0.113ms
[2025-09-23T08:34:18.372+0000][69][gc,start    ] GC(8) Pause Remark
[2025-09-23T08:34:18.380+0000][69][gc          ] GC(8) Pause Remark 61M->61M(2048M) 7.498ms
[2025-09-23T08:34:18.380+0000][69][gc,cpu      ] GC(8) User=0.02s Sys=0.00s Real=0.00s
[2025-09-23T08:34:18.380+0000][69][safepoint   ] Safepoint "G1PauseRemark", Time since last: 30667750 ns, Reaching safepoint: 1680083 ns, At safepoint: 7907750 ns, Total: 9587833 ns
[2025-09-23T08:34:18.381+0000][69][gc,marking  ] GC(8) Concurrent Mark 13.095ms
[2025-09-23T08:34:18.382+0000][69][gc,marking  ] GC(8) Concurrent Rebuild Remembered Sets
[2025-09-23T08:34:18.382+0000][69][gc,marking  ] GC(8) Concurrent Rebuild Remembered Sets 0.054ms
[2025-09-23T08:34:18.383+0000][69][gc,start    ] GC(8) Pause Cleanup
[2025-09-23T08:34:18.383+0000][69][gc          ] GC(8) Pause Cleanup 61M->61M(2048M) 0.240ms
[2025-09-23T08:34:18.383+0000][69][gc,cpu      ] GC(8) User=0.00s Sys=0.00s Real=0.00s
[2025-09-23T08:34:18.383+0000][69][safepoint   ] Safepoint "G1PauseCleanup", Time since last: 1361417 ns, Reaching safepoint: 846667 ns, At safepoint: 565416 ns, Total: 1412083 ns
[2025-09-23T08:34:18.387+0000][69][gc,marking  ] GC(8) Concurrent Cleanup for Next Mark
[2025-09-23T08:34:18.418+0000][69][gc,marking  ] GC(8) Concurrent Cleanup for Next Mark 31.302ms
[2025-09-23T08:34:18.418+0000][69][gc          ] GC(8) Concurrent Mark Cycle 78.261ms
[2025-09-23T08:34:18.811+0000][69][safepoint   ] Safepoint "ICBufferFull", Time since last: 426261084 ns, Reaching safepoint: 1275208 ns, At safepoint: 17375 ns, Total: 1292583 ns
[2025-09-23T08:34:19.714+0000][69][safepoint   ] Safepoint "ICBufferFull", Time since last: 899756251 ns, Reaching safepoint: 3284000 ns, At safepoint: 26500 ns, Total: 3310500 ns
[2025-09-23T08:34:20.316+0000][69][safepoint   ] Safepoint "ICBufferFull", Time since last: 601309625 ns, Reaching safepoint: 545708 ns, At safepoint: 9042 ns, Total: 554750 ns
[2025-09-23T08:34:21.120+0000][69][safepoint   ] Safepoint "ICBufferFull", Time since last: 803742459 ns, Reaching safepoint: 279750 ns, At safepoint: 3750 ns, Total: 283500 ns
[2025-09-23T08:34:21.393+0000][69][safepoint   ] Safepoint "ICBufferFull", Time since last: 272787667 ns, Reaching safepoint: 1069041 ns, At safepoint: 15709 ns, Total: 1084750 ns
[2025-09-23T08:34:21.651+0000][69][gc,start    ] GC(9) Pause Young (Concurrent Start) (Metadata GC Threshold)
[2025-09-23T08:34:21.651+0000][69][gc,task     ] GC(9) Using 8 workers of 8 for evacuation
[2025-09-23T08:34:21.651+0000][69][gc,age      ] GC(9) Desired survivor size 37748736 bytes, new threshold 3 (max threshold 15)
[2025-09-23T08:34:21.701+0000][69][gc,phases   ] GC(9)   Pre Evacuate Collection Set: 0.6ms
[2025-09-23T08:34:21.701+0000][69][gc,phases   ] GC(9)   Merge Heap Roots: 0.2ms
[2025-09-23T08:34:21.701+0000][69][gc,phases   ] GC(9)   Evacuate Collection Set: 43.6ms
[2025-09-23T08:34:21.701+0000][69][gc,phases   ] GC(9)   Post Evacuate Collection Set: 5.4ms
[2025-09-23T08:34:21.701+0000][69][gc,phases   ] GC(9)   Other: 0.1ms
[2025-09-23T08:34:21.701+0000][69][gc,age      ] GC(9) Age table with threshold 3 (max threshold 15)
[2025-09-23T08:34:21.701+0000][69][gc,age      ] GC(9) - age   1:   16412592 bytes,   16412592 total
[2025-09-23T08:34:21.701+0000][69][gc,age      ] GC(9) - age   2:   24660088 bytes,   41072680 total
[2025-09-23T08:34:21.702+0000][69][gc,age      ] GC(9) - age   3:   11406384 bytes,   52479064 total
[2025-09-23T08:34:21.702+0000][69][gc,heap     ] GC(9) Eden regions: 115->0(53)
[2025-09-23T08:34:21.702+0000][69][gc,heap     ] GC(9) Survivor regions: 14->14(18)
[2025-09-23T08:34:21.702+0000][69][gc,heap     ] GC(9) Old regions: 0->5
[2025-09-23T08:34:21.702+0000][69][gc,heap     ] GC(9) Archive regions: 2->2
[2025-09-23T08:34:21.702+0000][69][gc,heap     ] GC(9) Humongous regions: 0->0
[2025-09-23T08:34:21.702+0000][69][gc,metaspace] GC(9) Metaspace: 98651K(101248K)->98651K(101248K) NonClass: 85776K(87168K)->85776K(87168K) Class: 12874K(14080K)->12874K(14080K)
[2025-09-23T08:34:21.702+0000][69][gc          ] GC(9) Pause Young (Concurrent Start) (Metadata GC Threshold) 517M->74M(2048M) 51.252ms
[2025-09-23T08:34:21.702+0000][69][gc,cpu      ] GC(9) User=0.27s Sys=0.00s Real=0.05s
[2025-09-23T08:34:21.702+0000][69][gc          ] GC(10) Concurrent Mark Cycle
[2025-09-23T08:34:21.702+0000][69][gc,marking  ] GC(10) Concurrent Clear Claimed Marks
[2025-09-23T08:34:21.702+0000][69][safepoint   ] Safepoint "CollectForMetadataAllocation", Time since last: 257053083 ns, Reaching safepoint: 201875 ns, At safepoint: 51610917 ns, Total: 51812792 ns
[2025-09-23T08:34:21.703+0000][69][gc,marking  ] GC(10) Concurrent Clear Claimed Marks 0.443ms
[2025-09-23T08:34:21.705+0000][69][gc,marking  ] GC(10) Concurrent Scan Root Regions
[2025-09-23T08:34:21.727+0000][69][gc,marking  ] GC(10) Concurrent Scan Root Regions 22.125ms
[2025-09-23T08:34:21.727+0000][69][gc,marking  ] GC(10) Concurrent Mark
[2025-09-23T08:34:21.727+0000][69][gc,marking  ] GC(10) Concurrent Mark From Roots
[2025-09-23T08:34:21.727+0000][69][gc,task     ] GC(10) Using 2 workers of 2 for marking
[2025-09-23T08:34:21.728+0000][69][gc,marking  ] GC(10) Concurrent Mark From Roots 0.850ms
[2025-09-23T08:34:21.728+0000][69][gc,marking  ] GC(10) Concurrent Preclean
[2025-09-23T08:34:21.728+0000][69][gc,marking  ] GC(10) Concurrent Preclean 0.058ms
[2025-09-23T08:34:21.730+0000][69][gc,start    ] GC(10) Pause Remark
[2025-09-23T08:34:21.734+0000][69][gc          ] GC(10) Pause Remark 80M->80M(2048M) 3.358ms
[2025-09-23T08:34:21.734+0000][69][gc,cpu      ] GC(10) User=0.01s Sys=0.00s Real=0.01s
[2025-09-23T08:34:21.734+0000][69][safepoint   ] Safepoint "G1PauseRemark", Time since last: 27933000 ns, Reaching safepoint: 88541 ns, At safepoint: 3537000 ns, Total: 3625541 ns
[2025-09-23T08:34:21.734+0000][69][gc,marking  ] GC(10) Concurrent Mark 6.840ms
[2025-09-23T08:34:21.734+0000][69][gc,marking  ] GC(10) Concurrent Rebuild Remembered Sets
[2025-09-23T08:34:21.734+0000][69][safepoint   ] Safepoint "CollectForMetadataAllocation", Time since last: 82542 ns, Reaching safepoint: 32250 ns, At safepoint: 78792 ns, Total: 111042 ns
[2025-09-23T08:34:21.740+0000][69][gc,marking  ] GC(10) Concurrent Rebuild Remembered Sets 5.375ms
[2025-09-23T08:34:21.744+0000][69][gc,start    ] GC(10) Pause Cleanup
[2025-09-23T08:34:21.744+0000][69][gc          ] GC(10) Pause Cleanup 82M->82M(2048M) 0.203ms
[2025-09-23T08:34:21.744+0000][69][gc,cpu      ] GC(10) User=0.00s Sys=0.00s Real=0.00s
[2025-09-23T08:34:21.744+0000][69][safepoint   ] Safepoint "G1PauseCleanup", Time since last: 8921291 ns, Reaching safepoint: 564792 ns, At safepoint: 348458 ns, Total: 913250 ns
[2025-09-23T08:34:21.750+0000][69][gc,marking  ] GC(10) Concurrent Cleanup for Next Mark
[2025-09-23T08:34:21.761+0000][69][gc,marking  ] GC(10) Concurrent Cleanup for Next Mark 11.032ms
[2025-09-23T08:34:21.761+0000][69][gc          ] GC(10) Concurrent Mark Cycle 58.957ms
[2025-09-23T08:34:22.180+0000][69][safepoint   ] Safepoint "ICBufferFull", Time since last: 435125959 ns, Reaching safepoint: 442708 ns, At safepoint: 8250 ns, Total: 450958 ns
[2025-09-23T08:34:22.561+0000][69][safepoint   ] Safepoint "ICBufferFull", Time since last: 380188917 ns, Reaching safepoint: 1081333 ns, At safepoint: 365167 ns, Total: 1446500 ns
[2025-09-23T08:34:23.117+0000][69][safepoint   ] Safepoint "ICBufferFull", Time since last: 555275959 ns, Reaching safepoint: 145125 ns, At safepoint: 9166 ns, Total: 154291 ns
[2025-09-23T08:34:23.195+0000][69][safepoint   ] Safepoint "ICBufferFull", Time since last: 77208834 ns, Reaching safepoint: 1550458 ns, At safepoint: 6333 ns, Total: 1556791 ns
[2025-09-23T08:34:23.275+0000][69][safepoint   ] Safepoint "ICBufferFull", Time since last: 78895417 ns, Reaching safepoint: 240708 ns, At safepoint: 18834 ns, Total: 259542 ns
[2025-09-23T08:34:23.349+0000][69][safepoint   ] Safepoint "ICBufferFull", Time since last: 74281291 ns, Reaching safepoint: 184459 ns, At safepoint: 4541 ns, Total: 189000 ns
[2025-09-23T08:34:23.461+0000][69][safepoint   ] Safepoint "ICBufferFull", Time since last: 110619959 ns, Reaching safepoint: 1194292 ns, At safepoint: 23666 ns, Total: 1217958 ns
[2025-09-23T08:34:23.818+0000][69][safepoint   ] Safepoint "ICBufferFull", Time since last: 356943917 ns, Reaching safepoint: 218542 ns, At safepoint: 5833 ns, Total: 224375 ns
[2025-09-23T08:34:23.826+0000][69][safepoint   ] Safepoint "ICBufferFull", Time since last: 7062125 ns, Reaching safepoint: 999333 ns, At safepoint: 17334 ns, Total: 1016667 ns
[2025-09-23T08:34:24.084+0000][69][safepoint   ] Safepoint "ICBufferFull", Time since last: 256945542 ns, Reaching safepoint: 580375 ns, At safepoint: 7583 ns, Total: 587958 ns
[2025-09-23T08:34:24.419+0000][69][safepoint   ] Safepoint "ICBufferFull", Time since last: 334386333 ns, Reaching safepoint: 687375 ns, At safepoint: 15209 ns, Total: 702584 ns
[2025-09-23T08:34:24.866+0000][69][safepoint   ] Safepoint "ICBufferFull", Time since last: 447280750 ns, Reaching safepoint: 342958 ns, At safepoint: 10542 ns, Total: 353500 ns
[2025-09-23T08:34:25.758+0000][69][safepoint   ] Safepoint "ICBufferFull", Time since last: 889034625 ns, Reaching safepoint: 2645709 ns, At safepoint: 90000 ns, Total: 2735709 ns
[2025-09-23T08:34:26.211+0000][69][safepoint   ] Safepoint "ICBufferFull", Time since last: 452977875 ns, Reaching safepoint: 228500 ns, At safepoint: 3792 ns, Total: 232292 ns
[2025-09-23T08:34:26.811+0000][69][safepoint   ] Safepoint "ICBufferFull", Time since last: 599682625 ns, Reaching safepoint: 180791 ns, At safepoint: 5250 ns, Total: 186041 ns
[2025-09-23T08:34:26.813+0000][69][safepoint   ] Safepoint "ICBufferFull", Time since last: 315709 ns, Reaching safepoint: 1243208 ns, At safepoint: 9792 ns, Total: 1253000 ns
[2025-09-23T08:34:27.860+0000][69][safepoint   ] Safepoint "Cleanup", Time since last: 1046703584 ns, Reaching safepoint: 604666 ns, At safepoint: 6625 ns, Total: 611291 ns
[2025-09-23T08:34:28.707+0000][69][gc,start    ] GC(11) Pause Young (Normal) (G1 Evacuation Pause)
[2025-09-23T08:34:28.708+0000][69][gc,task     ] GC(11) Using 8 workers of 8 for evacuation
[2025-09-23T08:34:28.708+0000][69][gc,age      ] GC(11) Desired survivor size 29360128 bytes, new threshold 2 (max threshold 15)
[2025-09-23T08:34:28.806+0000][69][gc,phases   ] GC(11)   Pre Evacuate Collection Set: 3.2ms
[2025-09-23T08:34:28.808+0000][69][gc,phases   ] GC(11)   Merge Heap Roots: 0.6ms
[2025-09-23T08:34:28.808+0000][69][gc,phases   ] GC(11)   Evacuate Collection Set: 83.0ms
[2025-09-23T08:34:28.810+0000][69][gc,phases   ] GC(11)   Post Evacuate Collection Set: 10.5ms
[2025-09-23T08:34:28.810+0000][69][gc,phases   ] GC(11)   Other: 0.8ms
[2025-09-23T08:34:28.811+0000][69][gc,age      ] GC(11) Age table with threshold 2 (max threshold 15)
[2025-09-23T08:34:28.811+0000][69][gc,age      ] GC(11) - age   1:   25948240 bytes,   25948240 total
[2025-09-23T08:34:28.812+0000][69][gc,age      ] GC(11) - age   2:   15410776 bytes,   41359016 total
[2025-09-23T08:34:28.812+0000][69][gc,heap     ] GC(11) Eden regions: 92->0(184)
[2025-09-23T08:34:28.812+0000][69][gc,heap     ] GC(11) Survivor regions: 14->12(14)
[2025-09-23T08:34:28.812+0000][69][gc,heap     ] GC(11) Old regions: 5->14
[2025-09-23T08:34:28.812+0000][69][gc,heap     ] GC(11) Archive regions: 2->2
[2025-09-23T08:34:28.812+0000][69][gc,heap     ] GC(11) Humongous regions: 4->4
[2025-09-23T08:34:28.814+0000][69][gc,metaspace] GC(11) Metaspace: 121201K(124416K)->121201K(124416K) NonClass: 105003K(106688K)->105003K(106688K) Class: 16197K(17728K)->16197K(17728K)
[2025-09-23T08:34:28.814+0000][69][gc          ] GC(11) Pause Young (Normal) (G1 Evacuation Pause) 458M->117M(2048M) 107.308ms
[2025-09-23T08:34:28.815+0000][69][gc,cpu      ] GC(11) User=0.41s Sys=0.02s Real=0.11s
[2025-09-23T08:34:28.816+0000][69][safepoint   ] Safepoint "G1CollectForAllocation", Time since last: 846281501 ns, Reaching safepoint: 175416 ns, At safepoint: 109067709 ns, Total: 109243125 ns
[2025-09-23T08:34:29.818+0000][69][safepoint   ] Safepoint "Cleanup", Time since last: 1001906250 ns, Reaching safepoint: 674292 ns, At safepoint: 9375 ns, Total: 683667 ns
[2025-09-23T08:34:30.406+0000][69][safepoint   ] Safepoint "ICBufferFull", Time since last: 584601167 ns, Reaching safepoint: 3223542 ns, At safepoint: 15208 ns, Total: 3238750 ns
[2025-09-23T08:34:31.410+0000][69][safepoint   ] Safepoint "Cleanup", Time since last: 1000332542 ns, Reaching safepoint: 4083042 ns, At safepoint: 40083 ns, Total: 4123125 ns
[2025-09-23T08:34:31.655+0000][69][safepoint   ] Safepoint "ICBufferFull", Time since last: 233987833 ns, Reaching safepoint: 8902417 ns, At safepoint: 1720500 ns, Total: 10622917 ns
[2025-09-23T08:34:31.911+0000][69][safepoint   ] Safepoint "ICBufferFull", Time since last: 255350125 ns, Reaching safepoint: 305542 ns, At safepoint: 8792 ns, Total: 314334 ns
[2025-09-23T08:34:32.270+0000][69][safepoint   ] Safepoint "ICBufferFull", Time since last: 354823958 ns, Reaching safepoint: 4197792 ns, At safepoint: 20916 ns, Total: 4218708 ns
[2025-09-23T08:34:32.601+0000][69][safepoint   ] Safepoint "ICBufferFull", Time since last: 330535376 ns, Reaching safepoint: 364583 ns, At safepoint: 19625 ns, Total: 384208 ns
[2025-09-23T08:34:33.603+0000][69][safepoint   ] Safepoint "Cleanup", Time since last: 1001777542 ns, Reaching safepoint: 201042 ns, At safepoint: 6083 ns, Total: 207125 ns
[2025-09-23T08:34:35.605+0000][69][safepoint   ] Safepoint "Cleanup", Time since last: 2002019168 ns, Reaching safepoint: 192458 ns, At safepoint: 6208 ns, Total: 198666 ns
[2025-09-23T08:34:36.404+0000][69][safepoint   ] Safepoint "ICBufferFull", Time since last: 795346126 ns, Reaching safepoint: 3432708 ns, At safepoint: 43458 ns, Total: 3476166 ns
[2025-09-23T08:34:36.736+0000][69][safepoint   ] Safepoint "ICBufferFull", Time since last: 332362626 ns, Reaching safepoint: 382458 ns, At safepoint: 6833 ns, Total: 389291 ns
[2025-09-23T08:34:37.212+0000][69][safepoint   ] Safepoint "ICBufferFull", Time since last: 474448459 ns, Reaching safepoint: 760541 ns, At safepoint: 20417 ns, Total: 780958 ns
[2025-09-23T08:34:37.491+0000][69][safepoint   ] Safepoint "ICBufferFull", Time since last: 277627959 ns, Reaching safepoint: 1765000 ns, At safepoint: 17750 ns, Total: 1782750 ns
[2025-09-23T08:34:37.714+0000][69][safepoint   ] Safepoint "ICBufferFull", Time since last: 221975416 ns, Reaching safepoint: 632209 ns, At safepoint: 27208 ns, Total: 659417 ns
[2025-09-23T08:34:37.982+0000][69][safepoint   ] Safepoint "ICBufferFull", Time since last: 258668667 ns, Reaching safepoint: 912750 ns, At safepoint: 8884750 ns, Total: 9797500 ns
[2025-09-23T08:34:38.158+0000][69][safepoint   ] Safepoint "ICBufferFull", Time since last: 175285333 ns, Reaching safepoint: 247667 ns, At safepoint: 5833 ns, Total: 253500 ns
[2025-09-23T08:34:38.495+0000][69][safepoint   ] Safepoint "ICBufferFull", Time since last: 335876834 ns, Reaching safepoint: 907333 ns, At safepoint: 12667 ns, Total: 920000 ns
[2025-09-23T08:34:39.056+0000][69][safepoint   ] Safepoint "ICBufferFull", Time since last: 560667917 ns, Reaching safepoint: 302875 ns, At safepoint: 10416 ns, Total: 313291 ns
[2025-09-23T08:34:39.869+0000][69][safepoint   ] Safepoint "ICBufferFull", Time since last: 813052001 ns, Reaching safepoint: 312041 ns, At safepoint: 29459 ns, Total: 341500 ns
[2025-09-23T08:34:40.230+0000][69][safepoint   ] Safepoint "ICBufferFull", Time since last: 360498458 ns, Reaching safepoint: 589750 ns, At safepoint: 20292 ns, Total: 610042 ns
[2025-09-23T08:34:40.593+0000][69][safepoint   ] Safepoint "ICBufferFull", Time since last: 356530750 ns, Reaching safepoint: 5961375 ns, At safepoint: 16042 ns, Total: 5977417 ns
[2025-09-23T08:34:40.882+0000][69][safepoint   ] Safepoint "ICBufferFull", Time since last: 288720208 ns, Reaching safepoint: 383625 ns, At safepoint: 4667 ns, Total: 388292 ns
[2025-09-23T08:34:41.648+0000][69][safepoint   ] Safepoint "ICBufferFull", Time since last: 763799292 ns, Reaching safepoint: 2118042 ns, At safepoint: 11291 ns, Total: 2129333 ns
[2025-09-23T08:34:41.988+0000][69][safepoint   ] Safepoint "ICBufferFull", Time since last: 339752250 ns, Reaching safepoint: 742000 ns, At safepoint: 12875 ns, Total: 754875 ns
[2025-09-23T08:34:42.314+0000][69][safepoint   ] Safepoint "ICBufferFull", Time since last: 320905209 ns, Reaching safepoint: 5340333 ns, At safepoint: 28042 ns, Total: 5368375 ns
[2025-09-23T08:34:42.528+0000][69][safepoint   ] Safepoint "ICBufferFull", Time since last: 212578083 ns, Reaching safepoint: 989625 ns, At safepoint: 89667 ns, Total: 1079292 ns
[2025-09-23T08:34:43.564+0000][69][safepoint   ] Safepoint "Cleanup", Time since last: 1005436250 ns, Reaching safepoint: 30499250 ns, At safepoint: 20667 ns, Total: 30519917 ns
[2025-09-23T08:34:44.742+0000][69][safepoint   ] Safepoint "Cleanup", Time since last: 1082811584 ns, Reaching safepoint: 94758583 ns, At safepoint: 52667 ns, Total: 94811250 ns
[2025-09-23T08:34:45.735+0000][69][safepoint   ] Safepoint "ICBufferFull", Time since last: 940201000 ns, Reaching safepoint: 53325542 ns, At safepoint: 46208 ns, Total: 53371750 ns
[2025-09-23T08:34:46.493+0000][69][safepoint   ] Safepoint "ICBufferFull", Time since last: 719015668 ns, Reaching safepoint: 19818791 ns, At safepoint: 19338334 ns, Total: 39157125 ns
[2025-09-23T08:34:47.076+0000][69][safepoint   ] Safepoint "ICBufferFull", Time since last: 569069208 ns, Reaching safepoint: 13388167 ns, At safepoint: 26541 ns, Total: 13414708 ns
[2025-09-23T08:34:47.454+0000][69][safepoint   ] Safepoint "ICBufferFull", Time since last: 376549292 ns, Reaching safepoint: 1796292 ns, At safepoint: 26250 ns, Total: 1822542 ns
[2025-09-23T08:34:48.357+0000][69][safepoint   ] Safepoint "ICBufferFull", Time since last: 890162208 ns, Reaching safepoint: 17090291 ns, At safepoint: 318750 ns, Total: 17409041 ns
[2025-09-23T08:34:48.766+0000][69][safepoint   ] Safepoint "ICBufferFull", Time since last: 405823334 ns, Reaching safepoint: 3085250 ns, At safepoint: 36917 ns, Total: 3122167 ns
[2025-09-23T08:34:48.771+0000][69][safepoint   ] Safepoint "ICBufferFull", Time since last: 3242416 ns, Reaching safepoint: 1527709 ns, At safepoint: 39250 ns, Total: 1566959 ns
[2025-09-23T08:34:48.772+0000][69][safepoint   ] Safepoint "ICBufferFull", Time since last: 202750 ns, Reaching safepoint: 730625 ns, At safepoint: 44250 ns, Total: 774875 ns
[2025-09-23T08:34:48.920+0000][69][safepoint   ] Safepoint "ICBufferFull", Time since last: 147579583 ns, Reaching safepoint: 831500 ns, At safepoint: 25792 ns, Total: 857292 ns
[2025-09-23T08:34:49.422+0000][69][safepoint   ] Safepoint "ICBufferFull", Time since last: 498861292 ns, Reaching safepoint: 2905083 ns, At safepoint: 31208 ns, Total: 2936291 ns
[2025-09-23T08:34:50.602+0000][69][safepoint   ] Safepoint "Cleanup", Time since last: 1176425292 ns, Reaching safepoint: 3826042 ns, At safepoint: 25042 ns, Total: 3851084 ns
[2025-09-23T08:34:51.612+0000][69][safepoint   ] Safepoint "Cleanup", Time since last: 1006421334 ns, Reaching safepoint: 3530458 ns, At safepoint: 14000 ns, Total: 3544458 ns
[2025-09-23T08:34:52.341+0000][69][gc,start    ] GC(12) Pause Young (Normal) (G1 Evacuation Pause)
[2025-09-23T08:34:52.343+0000][69][gc,task     ] GC(12) Using 8 workers of 8 for evacuation
[2025-09-23T08:34:52.344+0000][69][gc,age      ] GC(12) Desired survivor size 52428800 bytes, new threshold 15 (max threshold 15)
[2025-09-23T08:34:52.515+0000][69][gc,phases   ] GC(12)   Pre Evacuate Collection Set: 6.1ms
[2025-09-23T08:34:52.515+0000][69][gc,phases   ] GC(12)   Merge Heap Roots: 1.5ms
[2025-09-23T08:34:52.515+0000][69][gc,phases   ] GC(12)   Evacuate Collection Set: 154.0ms
[2025-09-23T08:34:52.516+0000][69][gc,phases   ] GC(12)   Post Evacuate Collection Set: 7.4ms
[2025-09-23T08:34:52.516+0000][69][gc,phases   ] GC(12)   Other: 4.6ms
[2025-09-23T08:34:52.516+0000][69][gc,age      ] GC(12) Age table with threshold 15 (max threshold 15)
[2025-09-23T08:34:52.516+0000][69][gc,age      ] GC(12) - age   1:   26974136 bytes,   26974136 total
[2025-09-23T08:34:52.516+0000][69][gc,age      ] GC(12) - age   2:   20776848 bytes,   47750984 total
[2025-09-23T08:34:52.516+0000][69][gc,age      ] GC(12) - age   3:   15314216 bytes,   63065200 total
[2025-09-23T08:34:52.516+0000][69][gc,heap     ] GC(12) Eden regions: 184->0(106)
[2025-09-23T08:34:52.516+0000][69][gc,heap     ] GC(12) Survivor regions: 12->17(25)
[2025-09-23T08:34:52.516+0000][69][gc,heap     ] GC(12) Old regions: 14->14
[2025-09-23T08:34:52.517+0000][69][gc,heap     ] GC(12) Archive regions: 2->2
[2025-09-23T08:34:52.517+0000][69][gc,heap     ] GC(12) Humongous regions: 4->4
[2025-09-23T08:34:52.517+0000][69][gc,metaspace] GC(12) Metaspace: 132455K(135936K)->132455K(135936K) NonClass: 114863K(116672K)->114863K(116672K) Class: 17592K(19264K)->17592K(19264K)
[2025-09-23T08:34:52.517+0000][69][gc          ] GC(12) Pause Young (Normal) (G1 Evacuation Pause) 853M->137M(2048M) 176.096ms
[2025-09-23T08:34:52.517+0000][69][gc,cpu      ] GC(12) User=0.66s Sys=0.08s Real=0.17s
[2025-09-23T08:34:52.517+0000][69][safepoint   ] Safepoint "G1CollectForAllocation", Time since last: 728363709 ns, Reaching safepoint: 228416 ns, At safepoint: 176749209 ns, Total: 176977625 ns
[2025-09-23T08:34:53.519+0000][69][safepoint   ] Safepoint "Cleanup", Time since last: 1001339459 ns, Reaching safepoint: 410083 ns, At safepoint: 18667 ns, Total: 428750 ns
[2025-09-23T08:34:53.719+0000][69][safepoint   ] Safepoint "ICBufferFull", Time since last: 199218375 ns, Reaching safepoint: 771833 ns, At safepoint: 32125 ns, Total: 803958 ns
[2025-09-23T08:34:54.686+0000][69][safepoint   ] Safepoint "ICBufferFull", Time since last: 966081875 ns, Reaching safepoint: 453542 ns, At safepoint: 8750 ns, Total: 462292 ns
[2025-09-23T08:34:55.751+0000][69][safepoint   ] Safepoint "Cleanup", Time since last: 1063916751 ns, Reaching safepoint: 1387375 ns, At safepoint: 22791 ns, Total: 1410166 ns
[2025-09-23T08:34:56.755+0000][69][safepoint   ] Safepoint "Cleanup", Time since last: 1003469292 ns, Reaching safepoint: 214500 ns, At safepoint: 11459 ns, Total: 225959 ns
[2025-09-23T08:34:57.756+0000][69][safepoint   ] Safepoint "Cleanup", Time since last: 1001285834 ns, Reaching safepoint: 276750 ns, At safepoint: 7791 ns, Total: 284541 ns
[2025-09-23T08:35:00.767+0000][69][safepoint   ] Safepoint "Cleanup", Time since last: 3009592418 ns, Reaching safepoint: 693709 ns, At safepoint: 11666 ns, Total: 705375 ns
[2025-09-23T08:35:01.768+0000][69][safepoint   ] Safepoint "Cleanup", Time since last: 1001151667 ns, Reaching safepoint: 258667 ns, At safepoint: 6042 ns, Total: 264709 ns
[2025-09-23T08:35:02.769+0000][69][safepoint   ] Safepoint "Cleanup", Time since last: 1000694125 ns, Reaching safepoint: 158709 ns, At safepoint: 5208 ns, Total: 163917 ns
[2025-09-23T08:35:03.770+0000][69][safepoint   ] Safepoint "Cleanup", Time since last: 1000632834 ns, Reaching safepoint: 154083 ns, At safepoint: 7375 ns, Total: 161458 ns
[2025-09-23T08:35:04.771+0000][69][safepoint   ] Safepoint "Cleanup", Time since last: 1000837792 ns, Reaching safepoint: 176417 ns, At safepoint: 5625 ns, Total: 182042 ns
[2025-09-23T08:35:06.419+0000][69][safepoint   ] Safepoint "ICBufferFull", Time since last: 1648184042 ns, Reaching safepoint: 322792 ns, At safepoint: 9667 ns, Total: 332459 ns
[2025-09-23T08:35:07.421+0000][69][safepoint   ] Safepoint "Cleanup", Time since last: 1001506417 ns, Reaching safepoint: 126917 ns, At safepoint: 4208 ns, Total: 131125 ns
[2025-09-23T08:35:09.423+0000][69][safepoint   ] Safepoint "Cleanup", Time since last: 2001884584 ns, Reaching safepoint: 181375 ns, At safepoint: 5083 ns, Total: 186458 ns
[2025-09-23T08:35:10.424+0000][69][safepoint   ] Safepoint "Cleanup", Time since last: 1000583084 ns, Reaching safepoint: 169625 ns, At safepoint: 10750 ns, Total: 180375 ns
[2025-09-23T08:35:12.428+0000][69][safepoint   ] Safepoint "Cleanup", Time since last: 2001977501 ns, Reaching safepoint: 1830000 ns, At safepoint: 13084 ns, Total: 1843084 ns
[2025-09-23T08:35:13.429+0000][69][safepoint   ] Safepoint "Cleanup", Time since last: 1001496125 ns, Reaching safepoint: 260583 ns, At safepoint: 10000 ns, Total: 270583 ns
[2025-09-23T08:35:14.432+0000][69][safepoint   ] Safepoint "Cleanup", Time since last: 1002048543 ns, Reaching safepoint: 489208 ns, At safepoint: 11458 ns, Total: 500666 ns
[2025-09-23T08:35:15.433+0000][69][safepoint   ] Safepoint "Cleanup", Time since last: 1000786542 ns, Reaching safepoint: 291000 ns, At safepoint: 9459 ns, Total: 300459 ns
[2025-09-23T08:35:17.435+0000][69][safepoint   ] Safepoint "Cleanup", Time since last: 2001791959 ns, Reaching safepoint: 300333 ns, At safepoint: 15500 ns, Total: 315833 ns
[2025-09-23T08:35:18.441+0000][69][safepoint   ] Safepoint "Cleanup", Time since last: 1001696042 ns, Reaching safepoint: 95417 ns, At safepoint: 4291 ns, Total: 99708 ns
[2025-09-23T08:35:19.442+0000][69][safepoint   ] Safepoint "Cleanup", Time since last: 1000692251 ns, Reaching safepoint: 264417 ns, At safepoint: 4750 ns, Total: 269167 ns
[2025-09-23T08:35:21.444+0000][69][safepoint   ] Safepoint "Cleanup", Time since last: 2001719209 ns, Reaching safepoint: 227417 ns, At safepoint: 6000 ns, Total: 233417 ns
[2025-09-23T08:35:22.446+0000][69][safepoint   ] Safepoint "Cleanup", Time since last: 1001518042 ns, Reaching safepoint: 169916 ns, At safepoint: 8792 ns, Total: 178708 ns
[2025-09-23T08:35:23.447+0000][69][safepoint   ] Safepoint "Cleanup", Time since last: 1001567751 ns, Reaching safepoint: 250875 ns, At safepoint: 10791 ns, Total: 261666 ns
[2025-09-23T08:35:24.449+0000][69][safepoint   ] Safepoint "Cleanup", Time since last: 1001457876 ns, Reaching safepoint: 192166 ns, At safepoint: 4917 ns, Total: 197083 ns
[2025-09-23T08:35:25.450+0000][69][safepoint   ] Safepoint "Cleanup", Time since last: 1000752625 ns, Reaching safepoint: 82875 ns, At safepoint: 7000 ns, Total: 89875 ns
[2025-09-23T08:35:26.451+0000][69][safepoint   ] Safepoint "Cleanup", Time since last: 1001088209 ns, Reaching safepoint: 155542 ns, At safepoint: 6958 ns, Total: 162500 ns
[2025-09-23T08:35:27.452+0000][69][safepoint   ] Safepoint "Cleanup", Time since last: 1000519251 ns, Reaching safepoint: 165583 ns, At safepoint: 4750 ns, Total: 170333 ns
[2025-09-23T08:35:30.457+0000][69][safepoint   ] Safepoint "Cleanup", Time since last: 3004917002 ns, Reaching safepoint: 419208 ns, At safepoint: 10375 ns, Total: 429583 ns
[2025-09-23T08:35:31.460+0000][69][safepoint   ] Safepoint "Cleanup", Time since last: 1002672792 ns, Reaching safepoint: 165500 ns, At safepoint: 4000 ns, Total: 169500 ns
[2025-09-23T08:35:32.462+0000][69][safepoint   ] Safepoint "Cleanup", Time since last: 1001330834 ns, Reaching safepoint: 450625 ns, At safepoint: 9208 ns, Total: 459833 ns
[2025-09-23T08:35:33.463+0000][69][safepoint   ] Safepoint "Cleanup", Time since last: 1000833167 ns, Reaching safepoint: 127959 ns, At safepoint: 3541 ns, Total: 131500 ns
[2025-09-23T08:35:34.464+0000][69][safepoint   ] Safepoint "Cleanup", Time since last: 1001040334 ns, Reaching safepoint: 145875 ns, At safepoint: 3708 ns, Total: 149583 ns
[2025-09-23T08:35:36.466+0000][69][safepoint   ] Safepoint "Cleanup", Time since last: 2002135835 ns, Reaching safepoint: 363125 ns, At safepoint: 9625 ns, Total: 372750 ns
[2025-09-23T08:35:37.483+0000][69][safepoint   ] Safepoint "Cleanup", Time since last: 1016295084 ns, Reaching safepoint: 559291 ns, At safepoint: 10125 ns, Total: 569416 ns
[2025-09-23T08:35:38.493+0000][69][safepoint   ] Safepoint "Cleanup", Time since last: 1009289459 ns, Reaching safepoint: 187208 ns, At safepoint: 4709 ns, Total: 191917 ns
[2025-09-23T08:35:39.494+0000][69][safepoint   ] Safepoint "Cleanup", Time since last: 1001047125 ns, Reaching safepoint: 139125 ns, At safepoint: 7667 ns, Total: 146792 ns
[2025-09-23T08:35:41.496+0000][69][safepoint   ] Safepoint "Cleanup", Time since last: 2001774709 ns, Reaching safepoint: 165625 ns, At safepoint: 5125 ns, Total: 170750 ns
[2025-09-23T08:35:42.498+0000][69][safepoint   ] Safepoint "Cleanup", Time since last: 1002044459 ns, Reaching safepoint: 129792 ns, At safepoint: 3583 ns, Total: 133375 ns
[2025-09-23T08:35:43.499+0000][69][safepoint   ] Safepoint "Cleanup", Time since last: 1000746584 ns, Reaching safepoint: 50250 ns, At safepoint: 2250 ns, Total: 52500 ns
[2025-09-23T08:35:45.501+0000][69][safepoint   ] Safepoint "Cleanup", Time since last: 2001710459 ns, Reaching safepoint: 141042 ns, At safepoint: 3875 ns, Total: 144917 ns
[2025-09-23T08:35:47.503+0000][69][safepoint   ] Safepoint "Cleanup", Time since last: 2001867709 ns, Reaching safepoint: 280292 ns, At safepoint: 4333 ns, Total: 284625 ns
[2025-09-23T08:35:48.505+0000][69][safepoint   ] Safepoint "Cleanup", Time since last: 1001132458 ns, Reaching safepoint: 139667 ns, At safepoint: 4208 ns, Total: 143875 ns
[2025-09-23T08:35:49.505+0000][69][safepoint   ] Safepoint "Cleanup", Time since last: 1000408126 ns, Reaching safepoint: 71541 ns, At safepoint: 3084 ns, Total: 74625 ns
[2025-09-23T08:35:51.507+0000][69][safepoint   ] Safepoint "Cleanup", Time since last: 2002019292 ns, Reaching safepoint: 74375 ns, At safepoint: 2459 ns, Total: 76834 ns
[2025-09-23T08:35:52.508+0000][69][safepoint   ] Safepoint "Cleanup", Time since last: 1000832125 ns, Reaching safepoint: 83042 ns, At safepoint: 6208 ns, Total: 89250 ns
[2025-09-23T08:35:53.509+0000][69][safepoint   ] Safepoint "Cleanup", Time since last: 1000912959 ns, Reaching safepoint: 182458 ns, At safepoint: 11167 ns, Total: 193625 ns
[2025-09-23T08:35:54.510+0000][69][safepoint   ] Safepoint "Cleanup", Time since last: 1000967459 ns, Reaching safepoint: 96125 ns, At safepoint: 4083 ns, Total: 100208 ns
[2025-09-23T08:35:55.511+0000][69][safepoint   ] Safepoint "Cleanup", Time since last: 1000890709 ns, Reaching safepoint: 120750 ns, At safepoint: 3250 ns, Total: 124000 ns
[2025-09-23T08:35:57.513+0000][69][safepoint   ] Safepoint "Cleanup", Time since last: 2001123292 ns, Reaching safepoint: 157417 ns, At safepoint: 8000 ns, Total: 165417 ns
[2025-09-23T08:35:59.515+0000][69][safepoint   ] Safepoint "Cleanup", Time since last: 2002444543 ns, Reaching safepoint: 128750 ns, At safepoint: 3666 ns, Total: 132416 ns
[2025-09-23T08:36:00.516+0000][69][safepoint   ] Safepoint "Cleanup", Time since last: 1000860501 ns, Reaching safepoint: 143458 ns, At safepoint: 2417 ns, Total: 145875 ns
[2025-09-23T08:36:01.517+0000][69][safepoint   ] Safepoint "Cleanup", Time since last: 1000943417 ns, Reaching safepoint: 121417 ns, At safepoint: 30500 ns, Total: 151917 ns
[2025-09-23T08:36:02.519+0000][69][safepoint   ] Safepoint "Cleanup", Time since last: 1001756250 ns, Reaching safepoint: 87500 ns, At safepoint: 2708 ns, Total: 90208 ns
[2025-09-23T08:36:03.520+0000][69][safepoint   ] Safepoint "Cleanup", Time since last: 1000913501 ns, Reaching safepoint: 79542 ns, At safepoint: 3750 ns, Total: 83292 ns
[2025-09-23T08:36:04.521+0000][69][safepoint   ] Safepoint "Cleanup", Time since last: 1000910958 ns, Reaching safepoint: 41167 ns, At safepoint: 2292 ns, Total: 43459 ns
[2025-09-23T08:36:06.524+0000][69][safepoint   ] Safepoint "Cleanup", Time since last: 2002224126 ns, Reaching safepoint: 973000 ns, At safepoint: 16000 ns, Total: 989000 ns
[2025-09-23T08:36:07.525+0000][69][safepoint   ] Safepoint "Cleanup", Time since last: 1000745750 ns, Reaching safepoint: 91709 ns, At safepoint: 7458 ns, Total: 99167 ns
[2025-09-23T08:36:09.526+0000][69][safepoint   ] Safepoint "Cleanup", Time since last: 2001088918 ns, Reaching safepoint: 150500 ns, At safepoint: 7875 ns, Total: 158375 ns
[2025-09-23T08:36:12.529+0000][69][safepoint   ] Safepoint "Cleanup", Time since last: 3002658376 ns, Reaching safepoint: 136208 ns, At safepoint: 7417 ns, Total: 143625 ns
[2025-09-23T08:36:13.531+0000][69][safepoint   ] Safepoint "Cleanup", Time since last: 1001672875 ns, Reaching safepoint: 156875 ns, At safepoint: 13209 ns, Total: 170084 ns
[2025-09-23T08:36:14.533+0000][69][safepoint   ] Safepoint "Cleanup", Time since last: 1001100167 ns, Reaching safepoint: 1134750 ns, At safepoint: 8542 ns, Total: 1143292 ns
[2025-09-23T08:36:15.534+0000][69][safepoint   ] Safepoint "Cleanup", Time since last: 1000749542 ns, Reaching safepoint: 255416 ns, At safepoint: 7750 ns, Total: 263166 ns
[2025-09-23T08:36:16.536+0000][69][safepoint   ] Safepoint "Cleanup", Time since last: 1000729501 ns, Reaching safepoint: 1091500 ns, At safepoint: 7375 ns, Total: 1098875 ns
[2025-09-23T08:36:17.537+0000][69][safepoint   ] Safepoint "Cleanup", Time since last: 1000913125 ns, Reaching safepoint: 57834 ns, At safepoint: 6500 ns, Total: 64334 ns
[2025-09-23T08:36:18.538+0000][69][safepoint   ] Safepoint "Cleanup", Time since last: 1001920207 ns, Reaching safepoint: 80792 ns, At safepoint: 2375 ns, Total: 83167 ns
[2025-09-23T08:36:19.543+0000][69][safepoint   ] Safepoint "Cleanup", Time since last: 1004918209 ns, Reaching safepoint: 85042 ns, At safepoint: 2875 ns, Total: 87917 ns
[2025-09-23T08:36:21.545+0000][69][safepoint   ] Safepoint "Cleanup", Time since last: 2001931876 ns, Reaching safepoint: 81541 ns, At safepoint: 6292 ns, Total: 87833 ns
[2025-09-23T08:36:22.549+0000][69][safepoint   ] Safepoint "Cleanup", Time since last: 1002908750 ns, Reaching safepoint: 177250 ns, At safepoint: 6375 ns, Total: 183625 ns
[2025-09-23T08:36:23.552+0000][69][safepoint   ] Safepoint "Cleanup", Time since last: 1002821334 ns, Reaching safepoint: 180792 ns, At safepoint: 4000 ns, Total: 184792 ns
[2025-09-23T08:36:25.086+0000][69][safepoint   ] Safepoint "ICBufferFull", Time since last: 1534253292 ns, Reaching safepoint: 387000 ns, At safepoint: 8417 ns, Total: 395417 ns
[2025-09-23T08:36:26.088+0000][69][safepoint   ] Safepoint "Cleanup", Time since last: 1001196125 ns, Reaching safepoint: 181542 ns, At safepoint: 4375 ns, Total: 185917 ns
[2025-09-23T08:36:27.089+0000][69][safepoint   ] Safepoint "Cleanup", Time since last: 1001782209 ns, Reaching safepoint: 51875 ns, At safepoint: 3625 ns, Total: 55500 ns
[2025-09-23T08:36:28.090+0000][69][safepoint   ] Safepoint "Cleanup", Time since last: 1000950459 ns, Reaching safepoint: 62250 ns, At safepoint: 2250 ns, Total: 64500 ns
[2025-09-23T08:36:29.092+0000][69][safepoint   ] Safepoint "Cleanup", Time since last: 1001138459 ns, Reaching safepoint: 112875 ns, At safepoint: 4041 ns, Total: 116916 ns
[2025-09-23T08:36:30.093+0000][69][safepoint   ] Safepoint "Cleanup", Time since last: 1000882584 ns, Reaching safepoint: 99375 ns, At safepoint: 4042 ns, Total: 103417 ns
[2025-09-23T08:36:31.102+0000][69][safepoint   ] Safepoint "Cleanup", Time since last: 1008486708 ns, Reaching safepoint: 1296209 ns, At safepoint: 44166 ns, Total: 1340375 ns
[2025-09-23T08:36:33.105+0000][69][safepoint   ] Safepoint "Cleanup", Time since last: 2002866335 ns, Reaching safepoint: 59000 ns, At safepoint: 6333 ns, Total: 65333 ns
[2025-09-23T08:36:37.110+0000][69][safepoint   ] Safepoint "Cleanup", Time since last: 4003928919 ns, Reaching safepoint: 224000 ns, At safepoint: 4166 ns, Total: 228166 ns
[2025-09-23T08:36:38.110+0000][69][safepoint   ] Safepoint "Cleanup", Time since last: 1000760459 ns, Reaching safepoint: 95625 ns, At safepoint: 3417 ns, Total: 99042 ns
[2025-09-23T08:36:40.112+0000][69][safepoint   ] Safepoint "Cleanup", Time since last: 2001924209 ns, Reaching safepoint: 97667 ns, At safepoint: 6750 ns, Total: 104417 ns
[2025-09-23T08:36:43.117+0000][69][safepoint   ] Safepoint "Cleanup", Time since last: 3004119668 ns, Reaching safepoint: 213375 ns, At safepoint: 6417 ns, Total: 219792 ns
[2025-09-23T08:36:44.118+0000][69][safepoint   ] Safepoint "Cleanup", Time since last: 1001539458 ns, Reaching safepoint: 76750 ns, At safepoint: 3750 ns, Total: 80500 ns
[2025-09-23T08:36:46.124+0000][69][safepoint   ] Safepoint "Cleanup", Time since last: 2004919043 ns, Reaching safepoint: 157125 ns, At safepoint: 4167 ns, Total: 161292 ns
[2025-09-23T08:36:47.125+0000][69][safepoint   ] Safepoint "Cleanup", Time since last: 1000926208 ns, Reaching safepoint: 314500 ns, At safepoint: 10542 ns, Total: 325042 ns
[2025-09-23T08:36:49.127+0000][69][safepoint   ] Safepoint "Cleanup", Time since last: 2001819500 ns, Reaching safepoint: 98750 ns, At safepoint: 4084 ns, Total: 102834 ns
[2025-09-23T08:36:50.137+0000][69][safepoint   ] Safepoint "Cleanup", Time since last: 1009694084 ns, Reaching safepoint: 99250 ns, At safepoint: 8250 ns, Total: 107500 ns
[2025-09-23T08:36:52.139+0000][69][safepoint   ] Safepoint "Cleanup", Time since last: 2002105001 ns, Reaching safepoint: 111375 ns, At safepoint: 7250 ns, Total: 118625 ns
[2025-09-23T08:36:53.140+0000][69][safepoint   ] Safepoint "Cleanup", Time since last: 1000654667 ns, Reaching safepoint: 234583 ns, At safepoint: 4000 ns, Total: 238583 ns
[2025-09-23T08:36:54.146+0000][69][safepoint   ] Safepoint "Cleanup", Time since last: 1003109209 ns, Reaching safepoint: 3321541 ns, At safepoint: 16084 ns, Total: 3337625 ns
[2025-09-23T08:36:55.151+0000][69][safepoint   ] Safepoint "Cleanup", Time since last: 1002739750 ns, Reaching safepoint: 1451834 ns, At safepoint: 37791 ns, Total: 1489625 ns
[2025-09-23T08:36:56.152+0000][69][safepoint   ] Safepoint "Cleanup", Time since last: 1001328959 ns, Reaching safepoint: 271333 ns, At safepoint: 6125 ns, Total: 277458 ns
[2025-09-23T08:36:58.154+0000][69][safepoint   ] Safepoint "Cleanup", Time since last: 2001499960 ns, Reaching safepoint: 68875 ns, At safepoint: 2333 ns, Total: 71208 ns
[2025-09-23T08:36:59.155+0000][69][safepoint   ] Safepoint "Cleanup", Time since last: 1001122584 ns, Reaching safepoint: 90958 ns, At safepoint: 4125 ns, Total: 95083 ns
[2025-09-23T08:37:01.158+0000][69][safepoint   ] Safepoint "Cleanup", Time since last: 2001677001 ns, Reaching safepoint: 1013750 ns, At safepoint: 8834 ns, Total: 1022584 ns
[2025-09-23T08:37:02.159+0000][69][safepoint   ] Safepoint "Cleanup", Time since last: 1001233250 ns, Reaching safepoint: 281125 ns, At safepoint: 6875 ns, Total: 288000 ns
[2025-09-23T08:37:04.161+0000][69][safepoint   ] Safepoint "Cleanup", Time since last: 2001628876 ns, Reaching safepoint: 115792 ns, At safepoint: 4458 ns, Total: 120250 ns
[2025-09-23T08:37:07.164+0000][69][safepoint   ] Safepoint "Cleanup", Time since last: 3003195501 ns, Reaching safepoint: 106500 ns, At safepoint: 4250 ns, Total: 110750 ns
[2025-09-23T08:37:08.165+0000][69][safepoint   ] Safepoint "Cleanup", Time since last: 1000414418 ns, Reaching safepoint: 114541 ns, At safepoint: 7042 ns, Total: 121583 ns
[2025-09-23T08:37:10.169+0000][69][safepoint   ] Safepoint "Cleanup", Time since last: 2003916126 ns, Reaching safepoint: 544458 ns, At safepoint: 28250 ns, Total: 572708 ns
[2025-09-23T08:37:13.210+0000][69][safepoint   ] Safepoint "Cleanup", Time since last: 3022603460 ns, Reaching safepoint: 18186333 ns, At safepoint: 30209 ns, Total: 18216542 ns
[2025-09-23T08:37:14.218+0000][69][safepoint   ] Safepoint "Cleanup", Time since last: 1007308792 ns, Reaching safepoint: 77458 ns, At safepoint: 5750 ns, Total: 83208 ns
[2025-09-23T08:37:17.221+0000][69][safepoint   ] Safepoint "Cleanup", Time since last: 3003173918 ns, Reaching safepoint: 80959 ns, At safepoint: 2916 ns, Total: 83875 ns
[2025-09-23T08:37:18.219+0000][69][safepoint   ] Safepoint "Cleanup", Time since last: 1001758042 ns, Reaching safepoint: 3423625 ns, At safepoint: 42833 ns, Total: 3466458 ns
[2025-09-23T08:37:19.222+0000][69][safepoint   ] Safepoint "Cleanup", Time since last: 1002916501 ns, Reaching safepoint: 143291 ns, At safepoint: 4875 ns, Total: 148166 ns
[2025-09-23T08:37:20.224+0000][69][safepoint   ] Safepoint "Cleanup", Time since last: 1001117418 ns, Reaching safepoint: 129458 ns, At safepoint: 3792 ns, Total: 133250 ns
[2025-09-23T08:37:22.225+0000][69][safepoint   ] Safepoint "Cleanup", Time since last: 2001611167 ns, Reaching safepoint: 195042 ns, At safepoint: 3417 ns, Total: 198459 ns
[2025-09-23T08:37:23.227+0000][69][safepoint   ] Safepoint "Cleanup", Time since last: 1001870458 ns, Reaching safepoint: 89792 ns, At safepoint: 6750 ns, Total: 96542 ns
[2025-09-23T08:37:25.231+0000][69][safepoint   ] Safepoint "Cleanup", Time since last: 2003607918 ns, Reaching safepoint: 120458 ns, At safepoint: 4583 ns, Total: 125041 ns
[2025-09-23T08:37:28.234+0000][69][safepoint   ] Safepoint "Cleanup", Time since last: 3002870710 ns, Reaching safepoint: 56875 ns, At safepoint: 3500 ns, Total: 60375 ns
[2025-09-23T08:37:30.336+0000][69][gc,start    ] GC(13) Pause Young (Normal) (G1 Evacuation Pause)
[2025-09-23T08:37:30.336+0000][69][gc,task     ] GC(13) Using 8 workers of 8 for evacuation
[2025-09-23T08:37:30.336+0000][69][gc,age      ] GC(13) Desired survivor size 33554432 bytes, new threshold 2 (max threshold 15)
[2025-09-23T08:37:30.387+0000][69][gc,phases   ] GC(13)   Pre Evacuate Collection Set: 0.4ms
[2025-09-23T08:37:30.387+0000][69][gc,phases   ] GC(13)   Merge Heap Roots: 0.2ms
[2025-09-23T08:37:30.387+0000][69][gc,phases   ] GC(13)   Evacuate Collection Set: 45.6ms
[2025-09-23T08:37:30.387+0000][69][gc,phases   ] GC(13)   Post Evacuate Collection Set: 4.0ms
[2025-09-23T08:37:30.387+0000][69][gc,phases   ] GC(13)   Other: 0.3ms
[2025-09-23T08:37:30.387+0000][69][gc,age      ] GC(13) Age table with threshold 2 (max threshold 15)
[2025-09-23T08:37:30.387+0000][69][gc,age      ] GC(13) - age   1:    1494304 bytes,    1494304 total
[2025-09-23T08:37:30.387+0000][69][gc,age      ] GC(13) - age   2:   24620968 bytes,   26115272 total
[2025-09-23T08:37:30.387+0000][69][gc,heap     ] GC(13) Eden regions: 106->0(299)
[2025-09-23T08:37:30.387+0000][69][gc,heap     ] GC(13) Survivor regions: 17->8(16)
[2025-09-23T08:37:30.387+0000][69][gc,heap     ] GC(13) Old regions: 14->22
[2025-09-23T08:37:30.387+0000][69][gc,heap     ] GC(13) Archive regions: 2->2
[2025-09-23T08:37:30.387+0000][69][gc,heap     ] GC(13) Humongous regions: 4->4
[2025-09-23T08:37:30.387+0000][69][gc,metaspace] GC(13) Metaspace: 134710K(138240K)->134710K(138240K) NonClass: 117098K(118912K)->117098K(118912K) Class: 17611K(19328K)->17611K(19328K)
[2025-09-23T08:37:30.387+0000][69][gc          ] GC(13) Pause Young (Normal) (G1 Evacuation Pause) 561M->139M(2048M) 51.179ms
[2025-09-23T08:37:30.387+0000][69][gc,cpu      ] GC(13) User=0.27s Sys=0.00s Real=0.05s
[2025-09-23T08:37:30.387+0000][69][safepoint   ] Safepoint "G1CollectForAllocation", Time since last: 2098982668 ns, Reaching safepoint: 2919583 ns, At safepoint: 51348833 ns, Total: 54268416 ns
[2025-09-23T08:37:31.388+0000][69][safepoint   ] Safepoint "Cleanup", Time since last: 1000912418 ns, Reaching safepoint: 144458 ns, At safepoint: 4208 ns, Total: 148666 ns
[2025-09-23T08:37:32.389+0000][69][safepoint   ] Safepoint "Cleanup", Time since last: 1000683834 ns, Reaching safepoint: 71500 ns, At safepoint: 4375 ns, Total: 75875 ns
[2025-09-23T08:37:33.390+0000][69][safepoint   ] Safepoint "Cleanup", Time since last: 1001001376 ns, Reaching safepoint: 53125 ns, At safepoint: 3500 ns, Total: 56625 ns
[2025-09-23T08:37:34.391+0000][69][safepoint   ] Safepoint "Cleanup", Time since last: 1001028458 ns, Reaching safepoint: 82834 ns, At safepoint: 4166 ns, Total: 87000 ns
[2025-09-23T08:37:36.393+0000][69][safepoint   ] Safepoint "Cleanup", Time since last: 2001697918 ns, Reaching safepoint: 207417 ns, At safepoint: 3541 ns, Total: 210958 ns
[2025-09-23T08:37:37.395+0000][69][safepoint   ] Safepoint "Cleanup", Time since last: 1000801084 ns, Reaching safepoint: 1142375 ns, At safepoint: 10292 ns, Total: 1152667 ns
[2025-09-23T08:37:39.404+0000][69][safepoint   ] Safepoint "Cleanup", Time since last: 2004007792 ns, Reaching safepoint: 4569375 ns, At safepoint: 13917 ns, Total: 4583292 ns
[2025-09-23T08:37:40.411+0000][69][safepoint   ] Safepoint "Cleanup", Time since last: 1005130709 ns, Reaching safepoint: 2228583 ns, At safepoint: 22959 ns, Total: 2251542 ns
[2025-09-23T08:37:42.415+0000][69][safepoint   ] Safepoint "Cleanup", Time since last: 2003832876 ns, Reaching safepoint: 308458 ns, At safepoint: 11417 ns, Total: 319875 ns
[2025-09-23T08:37:43.421+0000][69][safepoint   ] Safepoint "Cleanup", Time since last: 1004963083 ns, Reaching safepoint: 311542 ns, At safepoint: 7750 ns, Total: 319292 ns
[2025-09-23T08:37:44.421+0000][69][safepoint   ] Safepoint "Cleanup", Time since last: 1000457292 ns, Reaching safepoint: 262500 ns, At safepoint: 7167 ns, Total: 269667 ns
[2025-09-23T08:37:45.422+0000][69][safepoint   ] Safepoint "Cleanup", Time since last: 1000712417 ns, Reaching safepoint: 45958 ns, At safepoint: 2084 ns, Total: 48042 ns
[2025-09-23T08:37:48.435+0000][69][safepoint   ] Safepoint "Cleanup", Time since last: 3002907584 ns, Reaching safepoint: 3991583 ns, At safepoint: 4917 ns, Total: 3996500 ns
[2025-09-23T08:37:49.437+0000][69][safepoint   ] Safepoint "Cleanup", Time since last: 1001504084 ns, Reaching safepoint: 70083 ns, At safepoint: 3709 ns, Total: 73792 ns
[2025-09-23T08:37:51.439+0000][69][safepoint   ] Safepoint "Cleanup", Time since last: 2001675375 ns, Reaching safepoint: 132042 ns, At safepoint: 3542 ns, Total: 135584 ns
[2025-09-23T08:37:54.452+0000][69][safepoint   ] Safepoint "Cleanup", Time since last: 3004171835 ns, Reaching safepoint: 9016875 ns, At safepoint: 16083 ns, Total: 9032958 ns
[2025-09-23T08:37:55.457+0000][69][safepoint   ] Safepoint "Cleanup", Time since last: 1003534584 ns, Reaching safepoint: 1650708 ns, At safepoint: 14833 ns, Total: 1665541 ns
[2025-09-23T08:38:00.459+0000][69][safepoint   ] Safepoint "Cleanup", Time since last: 5001362711 ns, Reaching safepoint: 200333 ns, At safepoint: 3917 ns, Total: 204250 ns
[2025-09-23T08:38:01.461+0000][69][safepoint   ] Safepoint "Cleanup", Time since last: 1001998042 ns, Reaching safepoint: 425125 ns, At safepoint: 23709 ns, Total: 448834 ns
[2025-09-23T08:38:05.468+0000][69][safepoint   ] Safepoint "Cleanup", Time since last: 4005368335 ns, Reaching safepoint: 1329542 ns, At safepoint: 7000 ns, Total: 1336542 ns
[2025-09-23T08:38:07.471+0000][69][safepoint   ] Safepoint "Cleanup", Time since last: 2002867125 ns, Reaching safepoint: 604250 ns, At safepoint: 31125 ns, Total: 635375 ns
[2025-09-23T08:38:08.474+0000][69][safepoint   ] Safepoint "Cleanup", Time since last: 1002019459 ns, Reaching safepoint: 306209 ns, At safepoint: 6333 ns, Total: 312542 ns
[2025-09-23T08:38:09.475+0000][69][safepoint   ] Safepoint "Cleanup", Time since last: 1000902917 ns, Reaching safepoint: 145500 ns, At safepoint: 3958 ns, Total: 149458 ns
[2025-09-23T08:38:10.476+0000][69][safepoint   ] Safepoint "Cleanup", Time since last: 1000860501 ns, Reaching safepoint: 85167 ns, At safepoint: 3625 ns, Total: 88792 ns
[2025-09-23T08:38:12.477+0000][69][safepoint   ] Safepoint "Cleanup", Time since last: 2001693376 ns, Reaching safepoint: 140666 ns, At safepoint: 7042 ns, Total: 147708 ns
[2025-09-23T08:38:13.479+0000][69][safepoint   ] Safepoint "Cleanup", Time since last: 1001302667 ns, Reaching safepoint: 81833 ns, At safepoint: 4334 ns, Total: 86167 ns
[2025-09-23T08:38:15.481+0000][69][safepoint   ] Safepoint "Cleanup", Time since last: 2002465167 ns, Reaching safepoint: 149459 ns, At safepoint: 4833 ns, Total: 154292 ns
[2025-09-23T08:38:18.485+0000][69][safepoint   ] Safepoint "Cleanup", Time since last: 3003113042 ns, Reaching safepoint: 636625 ns, At safepoint: 11125 ns, Total: 647750 ns
[2025-09-23T08:38:19.487+0000][69][safepoint   ] Safepoint "Cleanup", Time since last: 1001888168 ns, Reaching safepoint: 227083 ns, At safepoint: 5375 ns, Total: 232458 ns
[2025-09-23T08:38:21.489+0000][69][safepoint   ] Safepoint "Cleanup", Time since last: 2002143168 ns, Reaching safepoint: 79750 ns, At safepoint: 2875 ns, Total: 82625 ns
[2025-09-23T08:38:23.492+0000][69][safepoint   ] Safepoint "Cleanup", Time since last: 2002755417 ns, Reaching safepoint: 171625 ns, At safepoint: 17542 ns, Total: 189167 ns
[2025-09-23T08:38:24.495+0000][69][safepoint   ] Safepoint "Cleanup", Time since last: 1002009167 ns, Reaching safepoint: 252708 ns, At safepoint: 3667 ns, Total: 256375 ns
[2025-09-23T08:38:26.496+0000][69][safepoint   ] Safepoint "Cleanup", Time since last: 2001530709 ns, Reaching safepoint: 137459 ns, At safepoint: 4375 ns, Total: 141834 ns
[2025-09-23T08:38:30.504+0000][69][safepoint   ] Safepoint "Cleanup", Time since last: 4004817876 ns, Reaching safepoint: 2651417 ns, At safepoint: 5042 ns, Total: 2656459 ns
[2025-09-23T08:38:31.506+0000][69][safepoint   ] Safepoint "Cleanup", Time since last: 1001406417 ns, Reaching safepoint: 627583 ns, At safepoint: 10084 ns, Total: 637667 ns
[2025-09-23T08:38:33.508+0000][69][safepoint   ] Safepoint "Cleanup", Time since last: 2001366709 ns, Reaching safepoint: 585833 ns, At safepoint: 11084 ns, Total: 596917 ns
[2025-09-23T08:38:34.510+0000][69][safepoint   ] Safepoint "Cleanup", Time since last: 1001587542 ns, Reaching safepoint: 182291 ns, At safepoint: 4709 ns, Total: 187000 ns
[2025-09-23T08:38:36.512+0000][69][safepoint   ] Safepoint "Cleanup", Time since last: 2002588209 ns, Reaching safepoint: 357042 ns, At safepoint: 10250 ns, Total: 367292 ns
[2025-09-23T08:38:37.517+0000][69][safepoint   ] Safepoint "Cleanup", Time since last: 1004603500 ns, Reaching safepoint: 77833 ns, At safepoint: 2542 ns, Total: 80375 ns
[2025-09-23T08:38:39.521+0000][69][safepoint   ] Safepoint "Cleanup", Time since last: 2003509793 ns, Reaching safepoint: 574125 ns, At safepoint: 7875 ns, Total: 582000 ns
[2025-09-23T08:38:42.533+0000][69][safepoint   ] Safepoint "Cleanup", Time since last: 3008930918 ns, Reaching safepoint: 2393542 ns, At safepoint: 17416 ns, Total: 2410958 ns
[2025-09-23T08:38:43.536+0000][69][safepoint   ] Safepoint "Cleanup", Time since last: 1003284417 ns, Reaching safepoint: 249917 ns, At safepoint: 6917 ns, Total: 256834 ns
[2025-09-23T08:38:45.538+0000][69][safepoint   ] Safepoint "Cleanup", Time since last: 2001977542 ns, Reaching safepoint: 83875 ns, At safepoint: 3417 ns, Total: 87292 ns
[2025-09-23T08:38:48.547+0000][69][safepoint   ] Safepoint "Cleanup", Time since last: 3008888334 ns, Reaching safepoint: 162500 ns, At safepoint: 3959 ns, Total: 166459 ns
[2025-09-23T08:38:49.548+0000][69][safepoint   ] Safepoint "Cleanup", Time since last: 1000851209 ns, Reaching safepoint: 117208 ns, At safepoint: 5083 ns, Total: 122291 ns
[2025-09-23T08:38:51.550+0000][69][safepoint   ] Safepoint "Cleanup", Time since last: 2001883001 ns, Reaching safepoint: 76125 ns, At safepoint: 2667 ns, Total: 78792 ns
[2025-09-23T08:38:53.552+0000][69][safepoint   ] Safepoint "Cleanup", Time since last: 2001910751 ns, Reaching safepoint: 154833 ns, At safepoint: 4125 ns, Total: 158958 ns
[2025-09-23T08:38:54.553+0000][69][safepoint   ] Safepoint "Cleanup", Time since last: 1000820876 ns, Reaching safepoint: 599000 ns, At safepoint: 4208 ns, Total: 603208 ns
[2025-09-23T08:38:55.554+0000][69][safepoint   ] Safepoint "Cleanup", Time since last: 1000412750 ns, Reaching safepoint: 142459 ns, At safepoint: 7750 ns, Total: 150209 ns
[2025-09-23T08:38:57.575+0000][69][safepoint   ] Safepoint "Cleanup", Time since last: 2002534959 ns, Reaching safepoint: 18821958 ns, At safepoint: 22709 ns, Total: 18844667 ns
[2025-09-23T08:38:58.577+0000][69][safepoint   ] Safepoint "Cleanup", Time since last: 1001702709 ns, Reaching safepoint: 123500 ns, At safepoint: 4125 ns, Total: 127625 ns
[2025-09-23T08:38:59.578+0000][69][safepoint   ] Safepoint "Cleanup", Time since last: 1000656250 ns, Reaching safepoint: 74583 ns, At safepoint: 3917 ns, Total: 78500 ns
[2025-09-23T08:39:00.579+0000][69][safepoint   ] Safepoint "Cleanup", Time since last: 1001390542 ns, Reaching safepoint: 113209 ns, At safepoint: 4583 ns, Total: 117792 ns
[2025-09-23T08:39:03.583+0000][69][safepoint   ] Safepoint "Cleanup", Time since last: 3003662543 ns, Reaching safepoint: 413708 ns, At safepoint: 3750 ns, Total: 417458 ns
[2025-09-23T08:39:06.592+0000][69][safepoint   ] Safepoint "Cleanup", Time since last: 3005420918 ns, Reaching safepoint: 2657667 ns, At safepoint: 54958 ns, Total: 2712625 ns
[2025-09-23T08:39:07.600+0000][69][safepoint   ] Safepoint "Cleanup", Time since last: 1007343501 ns, Reaching safepoint: 760208 ns, At safepoint: 12292 ns, Total: 772500 ns
[2025-09-23T08:39:09.602+0000][69][safepoint   ] Safepoint "Cleanup", Time since last: 2002301042 ns, Reaching safepoint: 130167 ns, At safepoint: 4292 ns, Total: 134459 ns
[2025-09-23T08:39:12.612+0000][69][safepoint   ] Safepoint "Cleanup", Time since last: 3009682418 ns, Reaching safepoint: 454458 ns, At safepoint: 4459 ns, Total: 458917 ns
[2025-09-23T08:39:13.616+0000][69][safepoint   ] Safepoint "Cleanup", Time since last: 1002828167 ns, Reaching safepoint: 718375 ns, At safepoint: 35916 ns, Total: 754291 ns
[2025-09-23T08:39:18.547+0000][69][safepoint   ] Safepoint "Cleanup", Time since last: 4931043294 ns, Reaching safepoint: 80500 ns, At safepoint: 3542 ns, Total: 84042 ns
[2025-09-23T08:39:20.053+0000][69][safepoint   ] Safepoint "Cleanup", Time since last: 1506013209 ns, Reaching safepoint: 160166 ns, At safepoint: 3917 ns, Total: 164083 ns
[2025-09-23T08:39:22.055+0000][69][safepoint   ] Safepoint "Cleanup", Time since last: 2001612626 ns, Reaching safepoint: 52000 ns, At safepoint: 2167 ns, Total: 54167 ns
[2025-09-23T08:39:23.058+0000][69][safepoint   ] Safepoint "Cleanup", Time since last: 1002930167 ns, Reaching safepoint: 91708 ns, At safepoint: 4375 ns, Total: 96083 ns
[2025-09-23T08:39:25.061+0000][69][safepoint   ] Safepoint "Cleanup", Time since last: 2002898251 ns, Reaching safepoint: 113042 ns, At safepoint: 3708 ns, Total: 116750 ns
[2025-09-23T08:39:26.062+0000][69][safepoint   ] Safepoint "Cleanup", Time since last: 1000880834 ns, Reaching safepoint: 60375 ns, At safepoint: 3250 ns, Total: 63625 ns
[2025-09-23T08:39:28.064+0000][69][safepoint   ] Safepoint "Cleanup", Time since last: 2002189668 ns, Reaching safepoint: 137916 ns, At safepoint: 6625 ns, Total: 144541 ns
[2025-09-23T08:39:30.069+0000][69][safepoint   ] Safepoint "Cleanup", Time since last: 2004620876 ns, Reaching safepoint: 141500 ns, At safepoint: 7542 ns, Total: 149042 ns
[2025-09-23T08:39:31.070+0000][69][safepoint   ] Safepoint "Cleanup", Time since last: 1000853792 ns, Reaching safepoint: 86333 ns, At safepoint: 3792 ns, Total: 90125 ns
[2025-09-23T08:39:34.026+0000][69][safepoint   ] Safepoint "Cleanup", Time since last: 2955687335 ns, Reaching safepoint: 500916 ns, At safepoint: 56042 ns, Total: 556958 ns
[2025-09-23T08:39:34.036+0000][69][safepoint   ] Safepoint "ICBufferFull", Time since last: 4593500 ns, Reaching safepoint: 5140000 ns, At safepoint: 42458 ns, Total: 5182458 ns
[2025-09-23T08:39:34.038+0000][69][safepoint   ] Safepoint "ICBufferFull", Time since last: 1512917 ns, Reaching safepoint: 484292 ns, At safepoint: 29333 ns, Total: 513625 ns
[2025-09-23T08:39:34.039+0000][69][safepoint   ] Safepoint "ICBufferFull", Time since last: 264042 ns, Reaching safepoint: 617333 ns, At safepoint: 12417 ns, Total: 629750 ns
[2025-09-23T08:39:34.041+0000][69][safepoint   ] Safepoint "ICBufferFull", Time since last: 1911666 ns, Reaching safepoint: 277709 ns, At safepoint: 17750 ns, Total: 295459 ns
[2025-09-23T08:39:34.042+0000][69][safepoint   ] Safepoint "ICBufferFull", Time since last: 1112375 ns, Reaching safepoint: 84041 ns, At safepoint: 20917 ns, Total: 104958 ns
[2025-09-23T08:39:34.102+0000][69][safepoint   ] Safepoint "ICBufferFull", Time since last: 57908459 ns, Reaching safepoint: 1615583 ns, At safepoint: 25500 ns, Total: 1641083 ns
[2025-09-23T08:39:34.138+0000][69][safepoint   ] Safepoint "ICBufferFull", Time since last: 35778792 ns, Reaching safepoint: 411583 ns, At safepoint: 138167 ns, Total: 549750 ns
[2025-09-23T08:39:34.197+0000][69][safepoint   ] Safepoint "ICBufferFull", Time since last: 58292500 ns, Reaching safepoint: 1146125 ns, At safepoint: 24541 ns, Total: 1170666 ns
[2025-09-23T08:39:34.271+0000][69][safepoint   ] Safepoint "ICBufferFull", Time since last: 73724125 ns, Reaching safepoint: 269542 ns, At safepoint: 9042 ns, Total: 278584 ns
[2025-09-23T08:39:35.277+0000][69][safepoint   ] Safepoint "Cleanup", Time since last: 1005218042 ns, Reaching safepoint: 210750 ns, At safepoint: 10250 ns, Total: 221000 ns
[2025-09-23T08:39:36.278+0000][69][safepoint   ] Safepoint "Cleanup", Time since last: 1001005042 ns, Reaching safepoint: 215792 ns, At safepoint: 8041 ns, Total: 223833 ns
[2025-09-23T08:39:37.279+0000][69][safepoint   ] Safepoint "Cleanup", Time since last: 1000773126 ns, Reaching safepoint: 136541 ns, At safepoint: 4542 ns, Total: 141083 ns
[2025-09-23T08:39:39.466+0000][69][safepoint   ] Safepoint "Cleanup", Time since last: 2186446959 ns, Reaching safepoint: 251417 ns, At safepoint: 12000 ns, Total: 263417 ns
[2025-09-23T08:39:40.467+0000][69][safepoint   ] Safepoint "Cleanup", Time since last: 1000986751 ns, Reaching safepoint: 442583 ns, At safepoint: 7625 ns, Total: 450208 ns
[2025-09-23T08:39:43.471+0000][69][safepoint   ] Safepoint "Cleanup", Time since last: 3003474960 ns, Reaching safepoint: 126500 ns, At safepoint: 3750 ns, Total: 130250 ns
[2025-09-23T08:39:45.474+0000][69][safepoint   ] Safepoint "Cleanup", Time since last: 2002914542 ns, Reaching safepoint: 110667 ns, At safepoint: 10667 ns, Total: 121334 ns
[2025-09-23T08:39:46.476+0000][69][safepoint   ] Safepoint "Cleanup", Time since last: 1001828500 ns, Reaching safepoint: 207375 ns, At safepoint: 4208 ns, Total: 211583 ns
[2025-09-23T08:39:47.477+0000][69][safepoint   ] Safepoint "Cleanup", Time since last: 1000841793 ns, Reaching safepoint: 444666 ns, At safepoint: 4292 ns, Total: 448958 ns
[2025-09-23T08:39:48.477+0000][69][safepoint   ] Safepoint "Cleanup", Time since last: 1001721875 ns, Reaching safepoint: 54375 ns, At safepoint: 3000 ns, Total: 57375 ns
[2025-09-23T08:39:49.479+0000][69][safepoint   ] Safepoint "Cleanup", Time since last: 1000746709 ns, Reaching safepoint: 382333 ns, At safepoint: 10667 ns, Total: 393000 ns
[2025-09-23T08:39:50.479+0000][69][safepoint   ] Safepoint "Cleanup", Time since last: 1000671333 ns, Reaching safepoint: 114584 ns, At safepoint: 8250 ns, Total: 122834 ns
[2025-09-23T08:39:54.485+0000][69][safepoint   ] Safepoint "Cleanup", Time since last: 4004946293 ns, Reaching safepoint: 451917 ns, At safepoint: 10000 ns, Total: 461917 ns
[2025-09-23T08:39:55.490+0000][69][safepoint   ] Safepoint "Cleanup", Time since last: 1005180042 ns, Reaching safepoint: 85292 ns, At safepoint: 4000 ns, Total: 89292 ns
[2025-09-23T08:40:01.497+0000][69][safepoint   ] Safepoint "Cleanup", Time since last: 6006536461 ns, Reaching safepoint: 424083 ns, At safepoint: 7917 ns, Total: 432000 ns
[2025-09-23T08:40:02.499+0000][69][safepoint   ] Safepoint "Cleanup", Time since last: 1002145542 ns, Reaching safepoint: 147667 ns, At safepoint: 7500 ns, Total: 155167 ns
[2025-09-23T08:40:06.515+0000][69][safepoint   ] Safepoint "Cleanup", Time since last: 4015835877 ns, Reaching safepoint: 346333 ns, At safepoint: 34542 ns, Total: 380875 ns
[2025-09-23T08:40:07.522+0000][69][safepoint   ] Safepoint "Cleanup", Time since last: 1004920000 ns, Reaching safepoint: 1283417 ns, At safepoint: 33625 ns, Total: 1317042 ns
[2025-09-23T08:40:09.524+0000][69][safepoint   ] Safepoint "Cleanup", Time since last: 2002658084 ns, Reaching safepoint: 125292 ns, At safepoint: 4166 ns, Total: 129458 ns
[2025-09-23T08:40:10.526+0000][69][safepoint   ] Safepoint "Cleanup", Time since last: 1000912293 ns, Reaching safepoint: 232208 ns, At safepoint: 9458 ns, Total: 241666 ns
[2025-09-23T08:40:12.531+0000][69][safepoint   ] Safepoint "Cleanup", Time since last: 2002520126 ns, Reaching safepoint: 3183250 ns, At safepoint: 10709 ns, Total: 3193959 ns
[2025-09-23T08:40:13.533+0000][69][safepoint   ] Safepoint "Cleanup", Time since last: 1001807667 ns, Reaching safepoint: 238208 ns, At safepoint: 11833 ns, Total: 250041 ns
[2025-09-23T08:40:16.540+0000][69][safepoint   ] Safepoint "Cleanup", Time since last: 3006389335 ns, Reaching safepoint: 556083 ns, At safepoint: 18875 ns, Total: 574958 ns
[2025-09-23T08:40:18.542+0000][69][safepoint   ] Safepoint "Cleanup", Time since last: 2002878751 ns, Reaching safepoint: 283250 ns, At safepoint: 6000 ns, Total: 289250 ns
[2025-09-23T08:40:19.544+0000][69][safepoint   ] Safepoint "Cleanup", Time since last: 1000644042 ns, Reaching safepoint: 474208 ns, At safepoint: 18959 ns, Total: 493167 ns
[2025-09-23T08:40:21.547+0000][69][safepoint   ] Safepoint "Cleanup", Time since last: 2002989709 ns, Reaching safepoint: 84250 ns, At safepoint: 4583 ns, Total: 88833 ns
[2025-09-23T08:40:24.550+0000][69][safepoint   ] Safepoint "Cleanup", Time since last: 3002888377 ns, Reaching safepoint: 108291 ns, At safepoint: 4834 ns, Total: 113125 ns
[2025-09-23T08:40:25.552+0000][69][safepoint   ] Safepoint "Cleanup", Time since last: 1001531042 ns, Reaching safepoint: 287250 ns, At safepoint: 10791 ns, Total: 298041 ns
[2025-09-23T08:40:26.554+0000][69][safepoint   ] Safepoint "Cleanup", Time since last: 1002418668 ns, Reaching safepoint: 459333 ns, At safepoint: 11042 ns, Total: 470375 ns
[2025-09-23T08:40:27.556+0000][69][safepoint   ] Safepoint "Cleanup", Time since last: 1001735583 ns, Reaching safepoint: 307500 ns, At safepoint: 8875 ns, Total: 316375 ns
[2025-09-23T08:40:29.560+0000][69][safepoint   ] Safepoint "Cleanup", Time since last: 2003664543 ns, Reaching safepoint: 146208 ns, At safepoint: 5334 ns, Total: 151542 ns
[2025-09-23T08:40:30.561+0000][69][safepoint   ] Safepoint "Cleanup", Time since last: 1000953833 ns, Reaching safepoint: 54792 ns, At safepoint: 6417 ns, Total: 61209 ns
[2025-09-23T08:40:31.562+0000][69][safepoint   ] Safepoint "Cleanup", Time since last: 1000882542 ns, Reaching safepoint: 129583 ns, At safepoint: 3792 ns, Total: 133375 ns
[2025-09-23T08:40:32.564+0000][69][safepoint   ] Safepoint "Cleanup", Time since last: 1001572417 ns, Reaching safepoint: 379750 ns, At safepoint: 16083 ns, Total: 395833 ns
[2025-09-23T08:40:33.567+0000][69][safepoint   ] Safepoint "Cleanup", Time since last: 1001899543 ns, Reaching safepoint: 324500 ns, At safepoint: 15083 ns, Total: 339583 ns
[2025-09-23T08:40:34.568+0000][69][safepoint   ] Safepoint "Cleanup", Time since last: 1000722542 ns, Reaching safepoint: 411917 ns, At safepoint: 15500 ns, Total: 427417 ns
[2025-09-23T08:40:36.570+0000][69][safepoint   ] Safepoint "Cleanup", Time since last: 2001833709 ns, Reaching safepoint: 312250 ns, At safepoint: 8167 ns, Total: 320417 ns
[2025-09-23T08:40:37.571+0000][69][safepoint   ] Safepoint "Cleanup", Time since last: 1000861667 ns, Reaching safepoint: 186208 ns, At safepoint: 10542 ns, Total: 196750 ns
[2025-09-23T08:40:42.581+0000][69][safepoint   ] Safepoint "Cleanup", Time since last: 5009668711 ns, Reaching safepoint: 124125 ns, At safepoint: 4583 ns, Total: 128708 ns
[2025-09-23T08:40:43.581+0000][69][safepoint   ] Safepoint "Cleanup", Time since last: 1000392917 ns, Reaching safepoint: 143292 ns, At safepoint: 37583 ns, Total: 180875 ns
[2025-09-23T08:40:45.586+0000][69][safepoint   ] Safepoint "Cleanup", Time since last: 2004355043 ns, Reaching safepoint: 196166 ns, At safepoint: 9667 ns, Total: 205833 ns
[2025-09-23T08:40:46.588+0000][69][safepoint   ] Safepoint "Cleanup", Time since last: 1001705375 ns, Reaching safepoint: 298917 ns, At safepoint: 15500 ns, Total: 314417 ns
[2025-09-23T08:40:47.590+0000][69][safepoint   ] Safepoint "Cleanup", Time since last: 1001428334 ns, Reaching safepoint: 326500 ns, At safepoint: 17792 ns, Total: 344292 ns
[2025-09-23T08:40:48.592+0000][69][safepoint   ] Safepoint "Cleanup", Time since last: 1001474000 ns, Reaching safepoint: 75916 ns, At safepoint: 3084 ns, Total: 79000 ns
[2025-09-23T08:40:54.599+0000][69][safepoint   ] Safepoint "Cleanup", Time since last: 6006910961 ns, Reaching safepoint: 109417 ns, At safepoint: 5416 ns, Total: 114833 ns
[2025-09-23T08:40:55.600+0000][69][safepoint   ] Safepoint "Cleanup", Time since last: 1001455209 ns, Reaching safepoint: 198417 ns, At safepoint: 9000 ns, Total: 207417 ns
[2025-09-23T08:40:56.610+0000][69][safepoint   ] Safepoint "Cleanup", Time since last: 1009428625 ns, Reaching safepoint: 652917 ns, At safepoint: 24917 ns, Total: 677834 ns
[2025-09-23T08:40:57.613+0000][69][safepoint   ] Safepoint "Cleanup", Time since last: 1001430292 ns, Reaching safepoint: 920208 ns, At safepoint: 26042 ns, Total: 946250 ns
[2025-09-23T08:41:00.616+0000][69][safepoint   ] Safepoint "Cleanup", Time since last: 3003269043 ns, Reaching safepoint: 104875 ns, At safepoint: 4250 ns, Total: 109125 ns
[2025-09-23T08:41:01.619+0000][69][safepoint   ] Safepoint "Cleanup", Time since last: 1002054125 ns, Reaching safepoint: 722667 ns, At safepoint: 51500 ns, Total: 774167 ns
[2025-09-23T08:41:06.631+0000][69][safepoint   ] Safepoint "Cleanup", Time since last: 5011571294 ns, Reaching safepoint: 162583 ns, At safepoint: 7959 ns, Total: 170542 ns
[2025-09-23T08:41:07.633+0000][69][safepoint   ] Safepoint "Cleanup", Time since last: 1001947334 ns, Reaching safepoint: 258125 ns, At safepoint: 10166 ns, Total: 268291 ns
[2025-09-23T08:41:09.636+0000][69][safepoint   ] Safepoint "Cleanup", Time since last: 2003070834 ns, Reaching safepoint: 277417 ns, At safepoint: 9750 ns, Total: 287167 ns
[2025-09-23T08:41:10.640+0000][69][safepoint   ] Safepoint "Cleanup", Time since last: 1003360751 ns, Reaching safepoint: 220041 ns, At safepoint: 8209 ns, Total: 228250 ns
[2025-09-23T08:41:12.645+0000][69][safepoint   ] Safepoint "Cleanup", Time since last: 2004916251 ns, Reaching safepoint: 232750 ns, At safepoint: 13000 ns, Total: 245750 ns
[2025-09-23T08:41:15.649+0000][69][safepoint   ] Safepoint "Cleanup", Time since last: 3003808834 ns, Reaching safepoint: 261500 ns, At safepoint: 8125 ns, Total: 269625 ns
[2025-09-23T08:41:18.655+0000][69][safepoint   ] Safepoint "Cleanup", Time since last: 3004720918 ns, Reaching safepoint: 148958 ns, At safepoint: 6542 ns, Total: 155500 ns
[2025-09-23T08:41:19.656+0000][69][safepoint   ] Safepoint "Cleanup", Time since last: 1000602834 ns, Reaching safepoint: 399250 ns, At safepoint: 11750 ns, Total: 411000 ns
[2025-09-23T08:41:21.659+0000][69][safepoint   ] Safepoint "Cleanup", Time since last: 2003206459 ns, Reaching safepoint: 224667 ns, At safepoint: 7208 ns, Total: 231875 ns
[2025-09-23T08:41:24.662+0000][69][safepoint   ] Safepoint "Cleanup", Time since last: 3003085377 ns, Reaching safepoint: 128250 ns, At safepoint: 4000 ns, Total: 132250 ns
[2025-09-23T08:41:27.666+0000][69][safepoint   ] Safepoint "Cleanup", Time since last: 3002967459 ns, Reaching safepoint: 338334 ns, At safepoint: 15791 ns, Total: 354125 ns
[2025-09-23T08:41:30.670+0000][69][safepoint   ] Safepoint "Cleanup", Time since last: 3003468835 ns, Reaching safepoint: 1250042 ns, At safepoint: 8917 ns, Total: 1258959 ns
[2025-09-23T08:41:32.673+0000][69][safepoint   ] Safepoint "Cleanup", Time since last: 2002542667 ns, Reaching safepoint: 330375 ns, At safepoint: 15875 ns, Total: 346250 ns
[2025-09-23T08:41:33.675+0000][69][safepoint   ] Safepoint "Cleanup", Time since last: 1001613501 ns, Reaching safepoint: 103625 ns, At safepoint: 6416 ns, Total: 110041 ns
[2025-09-23T08:41:36.680+0000][69][safepoint   ] Safepoint "Cleanup", Time since last: 3004625043 ns, Reaching safepoint: 347709 ns, At safepoint: 8291 ns, Total: 356000 ns
[2025-09-23T08:41:37.682+0000][69][safepoint   ] Safepoint "Cleanup", Time since last: 1002175709 ns, Reaching safepoint: 335709 ns, At safepoint: 16750 ns, Total: 352459 ns
[2025-09-23T08:41:42.719+0000][69][safepoint   ] Safepoint "Cleanup", Time since last: 5036673502 ns, Reaching safepoint: 73458 ns, At safepoint: 4084 ns, Total: 77542 ns
[2025-09-23T08:41:44.721+0000][69][safepoint   ] Safepoint "Cleanup", Time since last: 2002211084 ns, Reaching safepoint: 111708 ns, At safepoint: 7000 ns, Total: 118708 ns
[2025-09-23T08:41:45.723+0000][69][safepoint   ] Safepoint "Cleanup", Time since last: 1000692751 ns, Reaching safepoint: 410583 ns, At safepoint: 37125 ns, Total: 447708 ns
[2025-09-23T08:41:48.727+0000][69][safepoint   ] Safepoint "Cleanup", Time since last: 3004631251 ns, Reaching safepoint: 197542 ns, At safepoint: 11042 ns, Total: 208584 ns
[2025-09-23T08:41:49.730+0000][69][safepoint   ] Safepoint "Cleanup", Time since last: 1002361583 ns, Reaching safepoint: 328709 ns, At safepoint: 17458 ns, Total: 346167 ns
[2025-09-23T08:41:52.734+0000][69][safepoint   ] Safepoint "Cleanup", Time since last: 3003147793 ns, Reaching safepoint: 267167 ns, At safepoint: 9750 ns, Total: 276917 ns
[2025-09-23T08:41:54.736+0000][69][safepoint   ] Safepoint "Cleanup", Time since last: 2002485792 ns, Reaching safepoint: 145917 ns, At safepoint: 3792 ns, Total: 149709 ns
[2025-09-23T08:41:55.737+0000][69][safepoint   ] Safepoint "Cleanup", Time since last: 1001014000 ns, Reaching safepoint: 143917 ns, At safepoint: 6958 ns, Total: 150875 ns
[2025-09-23T08:41:57.740+0000][69][safepoint   ] Safepoint "Cleanup", Time since last: 2002492834 ns, Reaching safepoint: 257417 ns, At safepoint: 12417 ns, Total: 269834 ns
[2025-09-23T08:42:00.743+0000][69][safepoint   ] Safepoint "Cleanup", Time since last: 3003067043 ns, Reaching safepoint: 235833 ns, At safepoint: 8125 ns, Total: 243958 ns
[2025-09-23T08:42:02.748+0000][69][safepoint   ] Safepoint "Cleanup", Time since last: 2003975501 ns, Reaching safepoint: 584750 ns, At safepoint: 23542 ns, Total: 608292 ns
[2025-09-23T08:42:06.755+0000][69][safepoint   ] Safepoint "Cleanup", Time since last: 4007030293 ns, Reaching safepoint: 292459 ns, At safepoint: 9708 ns, Total: 302167 ns
[2025-09-23T08:42:07.758+0000][69][safepoint   ] Safepoint "Cleanup", Time since last: 1002524709 ns, Reaching safepoint: 451083 ns, At safepoint: 21459 ns, Total: 472542 ns
[2025-09-23T08:42:12.766+0000][69][safepoint   ] Safepoint "Cleanup", Time since last: 5007129919 ns, Reaching safepoint: 695916 ns, At safepoint: 23292 ns, Total: 719208 ns
[2025-09-23T08:42:17.774+0000][69][safepoint   ] Safepoint "Cleanup", Time since last: 5007483794 ns, Reaching safepoint: 306000 ns, At safepoint: 14000 ns, Total: 320000 ns
[2025-09-23T08:42:18.775+0000][69][safepoint   ] Safepoint "Cleanup", Time since last: 1001076292 ns, Reaching safepoint: 124083 ns, At safepoint: 7750 ns, Total: 131833 ns
[2025-09-23T08:42:19.777+0000][69][safepoint   ] Safepoint "Cleanup", Time since last: 1001400959 ns, Reaching safepoint: 139792 ns, At safepoint: 7708 ns, Total: 147500 ns
[2025-09-23T08:42:22.782+0000][69][safepoint   ] Safepoint "Cleanup", Time since last: 3004781793 ns, Reaching safepoint: 343083 ns, At safepoint: 13917 ns, Total: 357000 ns
[2025-09-23T08:42:24.784+0000][69][safepoint   ] Safepoint "Cleanup", Time since last: 2001365251 ns, Reaching safepoint: 418750 ns, At safepoint: 20500 ns, Total: 439250 ns
[2025-09-23T08:42:25.786+0000][69][safepoint   ] Safepoint "Cleanup", Time since last: 1002373084 ns, Reaching safepoint: 190083 ns, At safepoint: 9750 ns, Total: 199833 ns
[2025-09-23T08:42:28.790+0000][69][safepoint   ] Safepoint "Cleanup", Time since last: 3003252377 ns, Reaching safepoint: 223708 ns, At safepoint: 7708 ns, Total: 231416 ns
[2025-09-23T08:42:30.793+0000][69][safepoint   ] Safepoint "Cleanup", Time since last: 2003332585 ns, Reaching safepoint: 195250 ns, At safepoint: 7625 ns, Total: 202875 ns
[2025-09-23T08:42:32.796+0000][69][safepoint   ] Safepoint "Cleanup", Time since last: 2002943459 ns, Reaching safepoint: 191708 ns, At safepoint: 96250 ns, Total: 287958 ns
[2025-09-23T08:42:36.802+0000][69][safepoint   ] Safepoint "Cleanup", Time since last: 4004935169 ns, Reaching safepoint: 132000 ns, At safepoint: 7250 ns, Total: 139250 ns
[2025-09-23T08:42:37.804+0000][69][safepoint   ] Safepoint "Cleanup", Time since last: 1001964500 ns, Reaching safepoint: 569959 ns, At safepoint: 17291 ns, Total: 587250 ns
[2025-09-23T08:42:42.812+0000][69][safepoint   ] Safepoint "Cleanup", Time since last: 5007085378 ns, Reaching safepoint: 826291 ns, At safepoint: 24750 ns, Total: 851041 ns
[2025-09-23T08:42:43.816+0000][69][safepoint   ] Safepoint "Cleanup", Time since last: 1003589251 ns, Reaching safepoint: 171125 ns, At safepoint: 9458 ns, Total: 180583 ns
[2025-09-23T08:42:44.818+0000][69][safepoint   ] Safepoint "Cleanup", Time since last: 1001641126 ns, Reaching safepoint: 375916 ns, At safepoint: 13250 ns, Total: 389166 ns
[2025-09-23T08:42:54.829+0000][69][safepoint   ] Safepoint "Cleanup", Time since last: 10012247713 ns, Reaching safepoint: 300458 ns, At safepoint: 15834 ns, Total: 316292 ns
[2025-09-23T08:42:56.832+0000][69][safepoint   ] Safepoint "Cleanup", Time since last: 2002664167 ns, Reaching safepoint: 282792 ns, At safepoint: 10625 ns, Total: 293417 ns
[2025-09-23T08:42:59.837+0000][69][safepoint   ] Safepoint "Cleanup", Time since last: 3003880335 ns, Reaching safepoint: 590541 ns, At safepoint: 17542 ns, Total: 608083 ns
[2025-09-23T08:43:00.838+0000][69][safepoint   ] Safepoint "Cleanup", Time since last: 1001233084 ns, Reaching safepoint: 281375 ns, At safepoint: 18208 ns, Total: 299583 ns
[2025-09-23T08:43:01.842+0000][69][safepoint   ] Safepoint "Cleanup", Time since last: 1003545001 ns, Reaching safepoint: 293041 ns, At safepoint: 28292 ns, Total: 321333 ns
[2025-09-23T08:43:06.849+0000][69][safepoint   ] Safepoint "Cleanup", Time since last: 5007217002 ns, Reaching safepoint: 139167 ns, At safepoint: 4250 ns, Total: 143417 ns
[2025-09-23T08:43:12.857+0000][69][safepoint   ] Safepoint "Cleanup", Time since last: 6007895253 ns, Reaching safepoint: 177833 ns, At safepoint: 12834 ns, Total: 190667 ns
[2025-09-23T08:43:15.864+0000][69][safepoint   ] Safepoint "Cleanup", Time since last: 3006118459 ns, Reaching safepoint: 397042 ns, At safepoint: 16125 ns, Total: 413167 ns
[2025-09-23T08:43:18.874+0000][69][safepoint   ] Safepoint "Cleanup", Time since last: 3007818459 ns, Reaching safepoint: 261167 ns, At safepoint: 21417 ns, Total: 282584 ns
[2025-09-23T08:43:19.875+0000][69][safepoint   ] Safepoint "Cleanup", Time since last: 1001384958 ns, Reaching safepoint: 227834 ns, At safepoint: 18708 ns, Total: 246542 ns
[2025-09-23T08:43:22.880+0000][69][safepoint   ] Safepoint "Cleanup", Time since last: 3004822460 ns, Reaching safepoint: 315458 ns, At safepoint: 7875 ns, Total: 323333 ns
[2025-09-23T08:43:24.884+0000][69][safepoint   ] Safepoint "Cleanup", Time since last: 2003188459 ns, Reaching safepoint: 378917 ns, At safepoint: 16625 ns, Total: 395542 ns
[2025-09-23T08:43:29.891+0000][69][safepoint   ] Safepoint "Cleanup", Time since last: 5005732294 ns, Reaching safepoint: 1185083 ns, At safepoint: 11834 ns, Total: 1196917 ns
[2025-09-23T08:43:30.893+0000][69][safepoint   ] Safepoint "Cleanup", Time since last: 1002090459 ns, Reaching safepoint: 140250 ns, At safepoint: 9125 ns, Total: 149375 ns
[2025-09-23T08:43:32.612+0000][69][safepoint   ] Safepoint "Cleanup", Time since last: 1717949125 ns, Reaching safepoint: 658042 ns, At safepoint: 26458 ns, Total: 684500 ns
[2025-09-23T08:43:33.614+0000][69][safepoint   ] Safepoint "Cleanup", Time since last: 1002164334 ns, Reaching safepoint: 154000 ns, At safepoint: 14000 ns, Total: 168000 ns
[2025-09-23T08:43:36.627+0000][69][safepoint   ] Safepoint "Cleanup", Time since last: 3012586960 ns, Reaching safepoint: 265875 ns, At safepoint: 12375 ns, Total: 278250 ns
[2025-09-23T08:43:38.630+0000][69][safepoint   ] Safepoint "Cleanup", Time since last: 2002386418 ns, Reaching safepoint: 652916 ns, At safepoint: 8292 ns, Total: 661208 ns
[2025-09-23T08:43:39.631+0000][69][safepoint   ] Safepoint "Cleanup", Time since last: 1001210792 ns, Reaching safepoint: 90292 ns, At safepoint: 3541 ns, Total: 93833 ns
[2025-09-23T08:43:40.634+0000][69][safepoint   ] Safepoint "Cleanup", Time since last: 1002659418 ns, Reaching safepoint: 411708 ns, At safepoint: 27000 ns, Total: 438708 ns
[2025-09-23T08:43:42.643+0000][69][safepoint   ] Safepoint "Cleanup", Time since last: 2008218626 ns, Reaching safepoint: 125250 ns, At safepoint: 5042 ns, Total: 130292 ns
[2025-09-23T08:43:47.651+0000][69][safepoint   ] Safepoint "Cleanup", Time since last: 5007922919 ns, Reaching safepoint: 564416 ns, At safepoint: 15417 ns, Total: 579833 ns
[2025-09-23T08:43:48.652+0000][69][safepoint   ] Safepoint "Cleanup", Time since last: 1001100916 ns, Reaching safepoint: 121667 ns, At safepoint: 4500 ns, Total: 126167 ns
[2025-09-23T08:43:49.653+0000][69][safepoint   ] Safepoint "Cleanup", Time since last: 1000834250 ns, Reaching safepoint: 255292 ns, At safepoint: 10250 ns, Total: 265542 ns
[2025-09-23T08:43:50.654+0000][69][safepoint   ] Safepoint "Cleanup", Time since last: 1000867834 ns, Reaching safepoint: 312041 ns, At safepoint: 17125 ns, Total: 329166 ns
[2025-09-23T08:43:51.656+0000][69][safepoint   ] Safepoint "Cleanup", Time since last: 1001493168 ns, Reaching safepoint: 153250 ns, At safepoint: 6500 ns, Total: 159750 ns
[2025-09-23T08:43:55.661+0000][69][safepoint   ] Safepoint "Cleanup", Time since last: 4004533418 ns, Reaching safepoint: 534333 ns, At safepoint: 26750 ns, Total: 561083 ns
[2025-09-23T08:43:57.664+0000][69][safepoint   ] Safepoint "Cleanup", Time since last: 2002855751 ns, Reaching safepoint: 97167 ns, At safepoint: 5500 ns, Total: 102667 ns
[2025-09-23T08:44:00.673+0000][69][safepoint   ] Safepoint "Cleanup", Time since last: 3008724710 ns, Reaching safepoint: 222708 ns, At safepoint: 4167 ns, Total: 226875 ns
[2025-09-23T08:44:01.675+0000][69][safepoint   ] Safepoint "Cleanup", Time since last: 1001268334 ns, Reaching safepoint: 403125 ns, At safepoint: 41458 ns, Total: 444583 ns
[2025-09-23T08:44:02.677+0000][69][safepoint   ] Safepoint "Cleanup", Time since last: 1002199084 ns, Reaching safepoint: 267500 ns, At safepoint: 10791 ns, Total: 278291 ns
[2025-09-23T08:44:06.682+0000][69][safepoint   ] Safepoint "Cleanup", Time since last: 4004857461 ns, Reaching safepoint: 258125 ns, At safepoint: 6875 ns, Total: 265000 ns
[2025-09-23T08:44:07.685+0000][69][safepoint   ] Safepoint "Cleanup", Time since last: 1002310792 ns, Reaching safepoint: 353625 ns, At safepoint: 16583 ns, Total: 370208 ns
[2025-09-23T08:44:12.692+0000][69][safepoint   ] Safepoint "Cleanup", Time since last: 5007444253 ns, Reaching safepoint: 169875 ns, At safepoint: 4125 ns, Total: 174000 ns
[2025-09-23T08:44:18.699+0000][69][safepoint   ] Safepoint "Cleanup", Time since last: 6006856502 ns, Reaching safepoint: 428667 ns, At safepoint: 9333 ns, Total: 438000 ns
[2025-09-23T08:44:19.701+0000][69][safepoint   ] Safepoint "Cleanup", Time since last: 1001908959 ns, Reaching safepoint: 180792 ns, At safepoint: 9291 ns, Total: 190083 ns
[2025-09-23T08:44:22.703+0000][69][safepoint   ] Safepoint "Cleanup", Time since last: 3002411127 ns, Reaching safepoint: 259708 ns, At safepoint: 16250 ns, Total: 275958 ns
[2025-09-23T08:44:23.704+0000][69][safepoint   ] Safepoint "Cleanup", Time since last: 1000410417 ns, Reaching safepoint: 520542 ns, At safepoint: 26042 ns, Total: 546584 ns
[2025-09-23T08:44:24.706+0000][69][safepoint   ] Safepoint "Cleanup", Time since last: 1001335458 ns, Reaching safepoint: 70292 ns, At safepoint: 7167 ns, Total: 77459 ns
[2025-09-23T08:44:25.708+0000][69][safepoint   ] Safepoint "Cleanup", Time since last: 1002092333 ns, Reaching safepoint: 158459 ns, At safepoint: 8666 ns, Total: 167125 ns
[2025-09-23T08:44:27.609+0000][69][gc,start    ] GC(14) Pause Young (Normal) (G1 Evacuation Pause)
[2025-09-23T08:44:27.610+0000][69][gc,task     ] GC(14) Using 8 workers of 8 for evacuation
[2025-09-23T08:44:27.610+0000][69][gc,age      ] GC(14) Desired survivor size 81788928 bytes, new threshold 15 (max threshold 15)
[2025-09-23T08:44:27.653+0000][69][gc,phases   ] GC(14)   Pre Evacuate Collection Set: 1.2ms
[2025-09-23T08:44:27.653+0000][69][gc,phases   ] GC(14)   Merge Heap Roots: 0.6ms
[2025-09-23T08:44:27.653+0000][69][gc,phases   ] GC(14)   Evacuate Collection Set: 36.5ms
[2025-09-23T08:44:27.653+0000][69][gc,phases   ] GC(14)   Post Evacuate Collection Set: 3.1ms
[2025-09-23T08:44:27.653+0000][69][gc,phases   ] GC(14)   Other: 1.5ms
[2025-09-23T08:44:27.653+0000][69][gc,age      ] GC(14) Age table with threshold 15 (max threshold 15)
[2025-09-23T08:44:27.653+0000][69][gc,age      ] GC(14) - age   1:    2987400 bytes,    2987400 total
[2025-09-23T08:44:27.653+0000][69][gc,age      ] GC(14) - age   2:     540200 bytes,    3527600 total
[2025-09-23T08:44:27.653+0000][69][gc,age      ] GC(14) - age   3:   24178216 bytes,   27705816 total
[2025-09-23T08:44:27.653+0000][69][gc,heap     ] GC(14) Eden regions: 299->0(299)
[2025-09-23T08:44:27.653+0000][69][gc,heap     ] GC(14) Survivor regions: 8->8(39)
[2025-09-23T08:44:27.653+0000][69][gc,heap     ] GC(14) Old regions: 22->22
[2025-09-23T08:44:27.653+0000][69][gc,heap     ] GC(14) Archive regions: 2->2
[2025-09-23T08:44:27.653+0000][69][gc,heap     ] GC(14) Humongous regions: 4->4
[2025-09-23T08:44:27.653+0000][69][gc,metaspace] GC(14) Metaspace: 138038K(141568K)->138038K(141568K) NonClass: 120121K(121984K)->120121K(121984K) Class: 17917K(19584K)->17917K(19584K)
[2025-09-23T08:44:27.653+0000][69][gc          ] GC(14) Pause Young (Normal) (G1 Evacuation Pause) 1335M->139M(2048M) 44.674ms
[2025-09-23T08:44:27.653+0000][69][gc,cpu      ] GC(14) User=0.30s Sys=0.00s Real=0.04s
[2025-09-23T08:44:27.653+0000][69][safepoint   ] Safepoint "G1CollectForAllocation", Time since last: 1900228043 ns, Reaching safepoint: 138708 ns, At safepoint: 44963667 ns, Total: 45102375 ns
[2025-09-23T08:44:30.657+0000][69][safepoint   ] Safepoint "Cleanup", Time since last: 3003667960 ns, Reaching safepoint: 70375 ns, At safepoint: 3958 ns, Total: 74333 ns
[2025-09-23T08:44:31.659+0000][69][safepoint   ] Safepoint "Cleanup", Time since last: 1000959417 ns, Reaching safepoint: 539584 ns, At safepoint: 18250 ns, Total: 557834 ns
[2025-09-23T08:44:36.664+0000][69][safepoint   ] Safepoint "Cleanup", Time since last: 5005112419 ns, Reaching safepoint: 351500 ns, At safepoint: 8166 ns, Total: 359666 ns
[2025-09-23T08:44:37.666+0000][69][safepoint   ] Safepoint "Cleanup", Time since last: 1001740334 ns, Reaching safepoint: 312917 ns, At safepoint: 11333 ns, Total: 324250 ns
[2025-09-23T08:44:42.676+0000][69][safepoint   ] Safepoint "Cleanup", Time since last: 5009818628 ns, Reaching safepoint: 426791 ns, At safepoint: 4209 ns, Total: 431000 ns
[2025-09-23T08:44:43.679+0000][69][safepoint   ] Safepoint "Cleanup", Time since last: 1002278375 ns, Reaching safepoint: 496542 ns, At safepoint: 34166 ns, Total: 530708 ns
[2025-09-23T08:44:45.682+0000][69][safepoint   ] Safepoint "Cleanup", Time since last: 2002590043 ns, Reaching safepoint: 112792 ns, At safepoint: 3958 ns, Total: 116750 ns
[2025-09-23T08:44:46.683+0000][69][safepoint   ] Safepoint "Cleanup", Time since last: 1000916625 ns, Reaching safepoint: 306834 ns, At safepoint: 10041 ns, Total: 316875 ns
[2025-09-23T08:44:47.686+0000][69][safepoint   ] Safepoint "Cleanup", Time since last: 1002073709 ns, Reaching safepoint: 698750 ns, At safepoint: 13042 ns, Total: 711792 ns
[2025-09-23T08:44:48.689+0000][69][safepoint   ] Safepoint "Cleanup", Time since last: 1001822833 ns, Reaching safepoint: 249708 ns, At safepoint: 8959 ns, Total: 258667 ns
[2025-09-23T08:44:49.691+0000][69][safepoint   ] Safepoint "Cleanup", Time since last: 1001341334 ns, Reaching safepoint: 332708 ns, At safepoint: 14125 ns, Total: 346833 ns
[2025-09-23T08:44:51.693+0000][69][safepoint   ] Safepoint "Cleanup", Time since last: 2001885751 ns, Reaching safepoint: 401083 ns, At safepoint: 9459 ns, Total: 410542 ns
[2025-09-23T08:44:52.696+0000][69][safepoint   ] Safepoint "Cleanup", Time since last: 1002412500 ns, Reaching safepoint: 556375 ns, At safepoint: 18625 ns, Total: 575000 ns
[2025-09-23T08:44:53.699+0000][69][safepoint   ] Safepoint "Cleanup", Time since last: 1002189167 ns, Reaching safepoint: 501334 ns, At safepoint: 23541 ns, Total: 524875 ns
[2025-09-23T08:44:54.700+0000][69][safepoint   ] Safepoint "Cleanup", Time since last: 1001007917 ns, Reaching safepoint: 129250 ns, At safepoint: 5125 ns, Total: 134375 ns
[2025-09-23T08:44:59.705+0000][69][safepoint   ] Safepoint "Cleanup", Time since last: 5004795586 ns, Reaching safepoint: 236833 ns, At safepoint: 8875 ns, Total: 245708 ns
[2025-09-23T08:45:00.706+0000][69][safepoint   ] Safepoint "Cleanup", Time since last: 1000803668 ns, Reaching safepoint: 205208 ns, At safepoint: 14125 ns, Total: 219333 ns
[2025-09-23T08:45:06.715+0000][69][safepoint   ] Safepoint "Cleanup", Time since last: 6008675253 ns, Reaching safepoint: 374458 ns, At safepoint: 30333 ns, Total: 404791 ns
[2025-09-23T08:45:07.717+0000][69][safepoint   ] Safepoint "Cleanup", Time since last: 1001628334 ns, Reaching safepoint: 231875 ns, At safepoint: 12000 ns, Total: 243875 ns
[2025-09-23T08:45:12.723+0000][69][safepoint   ] Safepoint "Cleanup", Time since last: 5006018503 ns, Reaching safepoint: 131916 ns, At safepoint: 33125 ns, Total: 165041 ns
[2025-09-23T08:45:14.360+0000][69][safepoint   ] Safepoint "Cleanup", Time since last: 1636461584 ns, Reaching safepoint: 382917 ns, At safepoint: 9083 ns, Total: 392000 ns
[2025-09-23T08:45:15.361+0000][69][safepoint   ] Safepoint "Cleanup", Time since last: 1001230959 ns, Reaching safepoint: 204917 ns, At safepoint: 8875 ns, Total: 213792 ns
[2025-09-23T08:45:17.365+0000][69][safepoint   ] Safepoint "Cleanup", Time since last: 2003552251 ns, Reaching safepoint: 136083 ns, At safepoint: 7792 ns, Total: 143875 ns
[2025-09-23T08:45:19.369+0000][69][safepoint   ] Safepoint "Cleanup", Time since last: 2003313875 ns, Reaching safepoint: 1632709 ns, At safepoint: 40333 ns, Total: 1673042 ns
[2025-09-23T08:45:25.377+0000][69][safepoint   ] Safepoint "Cleanup", Time since last: 6007907628 ns, Reaching safepoint: 628292 ns, At safepoint: 9166 ns, Total: 637458 ns
[2025-09-23T08:45:26.380+0000][69][safepoint   ] Safepoint "Cleanup", Time since last: 1002744376 ns, Reaching safepoint: 368458 ns, At safepoint: 26458 ns, Total: 394916 ns
[2025-09-23T08:45:31.389+0000][69][safepoint   ] Safepoint "Cleanup", Time since last: 5008130545 ns, Reaching safepoint: 251916 ns, At safepoint: 9375 ns, Total: 261291 ns
[2025-09-23T08:45:32.391+0000][69][safepoint   ] Safepoint "Cleanup", Time since last: 1002226001 ns, Reaching safepoint: 202875 ns, At safepoint: 6666 ns, Total: 209541 ns
[2025-09-23T08:45:34.398+0000][69][safepoint   ] Safepoint "Cleanup", Time since last: 2006653293 ns, Reaching safepoint: 673000 ns, At safepoint: 17792 ns, Total: 690792 ns
[2025-09-23T08:45:36.407+0000][69][safepoint   ] Safepoint "Cleanup", Time since last: 2007714751 ns, Reaching safepoint: 802166 ns, At safepoint: 12709 ns, Total: 814875 ns
[2025-09-23T08:45:37.411+0000][69][safepoint   ] Safepoint "Cleanup", Time since last: 1002890375 ns, Reaching safepoint: 630667 ns, At safepoint: 13208 ns, Total: 643875 ns
[2025-09-23T08:45:38.413+0000][69][safepoint   ] Safepoint "Cleanup", Time since last: 1002163167 ns, Reaching safepoint: 566917 ns, At safepoint: 10500 ns, Total: 577417 ns
[2025-09-23T08:45:40.417+0000][69][safepoint   ] Safepoint "Cleanup", Time since last: 2002534584 ns, Reaching safepoint: 1389417 ns, At safepoint: 52833 ns, Total: 1442250 ns
[2025-09-23T08:45:46.427+0000][69][safepoint   ] Safepoint "Cleanup", Time since last: 6010032128 ns, Reaching safepoint: 228333 ns, At safepoint: 9625 ns, Total: 237958 ns
[2025-09-23T08:45:49.436+0000][69][safepoint   ] Safepoint "Cleanup", Time since last: 3007719335 ns, Reaching safepoint: 540250 ns, At safepoint: 17708 ns, Total: 557958 ns
[2025-09-23T08:45:50.438+0000][69][safepoint   ] Safepoint "Cleanup", Time since last: 1001652667 ns, Reaching safepoint: 179042 ns, At safepoint: 8167 ns, Total: 187209 ns
[2025-09-23T08:45:52.440+0000][69][safepoint   ] Safepoint "Cleanup", Time since last: 2001509626 ns, Reaching safepoint: 455333 ns, At safepoint: 16500 ns, Total: 471833 ns
[2025-09-23T08:45:53.442+0000][69][safepoint   ] Safepoint "Cleanup", Time since last: 1002144209 ns, Reaching safepoint: 158208 ns, At safepoint: 4500 ns, Total: 162708 ns
[2025-09-23T08:45:55.445+0000][69][safepoint   ] Safepoint "Cleanup", Time since last: 2002604751 ns, Reaching safepoint: 453292 ns, At safepoint: 74625 ns, Total: 527917 ns
[2025-09-23T08:45:56.448+0000][69][safepoint   ] Safepoint "Cleanup", Time since last: 1000988333 ns, Reaching safepoint: 1190167 ns, At safepoint: 16958 ns, Total: 1207125 ns
[2025-09-23T08:45:58.451+0000][69][safepoint   ] Safepoint "Cleanup", Time since last: 2003094085 ns, Reaching safepoint: 411333 ns, At safepoint: 10333 ns, Total: 421666 ns
[2025-09-23T08:46:00.456+0000][69][safepoint   ] Safepoint "Cleanup", Time since last: 2003869585 ns, Reaching safepoint: 633250 ns, At safepoint: 17083 ns, Total: 650333 ns
[2025-09-23T08:46:01.457+0000][69][safepoint   ] Safepoint "Cleanup", Time since last: 1001073959 ns, Reaching safepoint: 235542 ns, At safepoint: 13750 ns, Total: 249292 ns
[2025-09-23T08:46:02.459+0000][69][safepoint   ] Safepoint "Cleanup", Time since last: 1001597625 ns, Reaching safepoint: 195167 ns, At safepoint: 18708 ns, Total: 213875 ns
[2025-09-23T08:46:04.461+0000][69][safepoint   ] Safepoint "Cleanup", Time since last: 2001789543 ns, Reaching safepoint: 613833 ns, At safepoint: 19750 ns, Total: 633583 ns
[2025-09-23T08:46:07.466+0000][69][safepoint   ] Safepoint "Cleanup", Time since last: 3004446043 ns, Reaching safepoint: 256625 ns, At safepoint: 4417 ns, Total: 261042 ns
[2025-09-23T08:46:08.468+0000][69][safepoint   ] Safepoint "Cleanup", Time since last: 1002031459 ns, Reaching safepoint: 337291 ns, At safepoint: 15875 ns, Total: 353166 ns
[2025-09-23T08:46:10.472+0000][69][safepoint   ] Safepoint "Cleanup", Time since last: 2003195585 ns, Reaching safepoint: 302958 ns, At safepoint: 15292 ns, Total: 318250 ns
[2025-09-23T08:46:13.474+0000][69][safepoint   ] Safepoint "Cleanup", Time since last: 3002622501 ns, Reaching safepoint: 141292 ns, At safepoint: 4625 ns, Total: 145917 ns
[2025-09-23T08:46:14.476+0000][69][safepoint   ] Safepoint "Cleanup", Time since last: 1001519792 ns, Reaching safepoint: 150958 ns, At safepoint: 7917 ns, Total: 158875 ns
[2025-09-23T08:46:20.487+0000][69][safepoint   ] Safepoint "Cleanup", Time since last: 6009448960 ns, Reaching safepoint: 379750 ns, At safepoint: 14792 ns, Total: 394542 ns
[2025-09-23T08:46:23.493+0000][69][safepoint   ] Safepoint "Cleanup", Time since last: 3006399793 ns, Reaching safepoint: 251625 ns, At safepoint: 11292 ns, Total: 262917 ns
[2025-09-23T08:46:25.495+0000][69][safepoint   ] Safepoint "Cleanup", Time since last: 2001700084 ns, Reaching safepoint: 128792 ns, At safepoint: 5000 ns, Total: 133792 ns
[2025-09-23T08:46:26.496+0000][69][safepoint   ] Safepoint "Cleanup", Time since last: 1000976542 ns, Reaching safepoint: 225125 ns, At safepoint: 14792 ns, Total: 239917 ns
[2025-09-23T08:46:27.499+0000][69][safepoint   ] Safepoint "Cleanup", Time since last: 1001868000 ns, Reaching safepoint: 497208 ns, At safepoint: 12125 ns, Total: 509333 ns
[2025-09-23T08:46:31.506+0000][69][safepoint   ] Safepoint "Cleanup", Time since last: 4006421544 ns, Reaching safepoint: 323292 ns, At safepoint: 16791 ns, Total: 340083 ns
[2025-09-23T08:46:36.514+0000][69][safepoint   ] Safepoint "Cleanup", Time since last: 5007951794 ns, Reaching safepoint: 324917 ns, At safepoint: 8542 ns, Total: 333459 ns
[2025-09-23T08:46:37.516+0000][69][safepoint   ] Safepoint "Cleanup", Time since last: 1001373958 ns, Reaching safepoint: 417959 ns, At safepoint: 15125 ns, Total: 433084 ns
[2025-09-23T08:46:40.522+0000][69][safepoint   ] Safepoint "Cleanup", Time since last: 3004691335 ns, Reaching safepoint: 1887083 ns, At safepoint: 36750 ns, Total: 1923833 ns
[2025-09-23T08:46:42.525+0000][69][safepoint   ] Safepoint "Cleanup", Time since last: 2002782417 ns, Reaching safepoint: 239000 ns, At safepoint: 6209 ns, Total: 245209 ns
[2025-09-23T08:46:46.530+0000][69][safepoint   ] Safepoint "Cleanup", Time since last: 4004956210 ns, Reaching safepoint: 97083 ns, At safepoint: 4375 ns, Total: 101458 ns
[2025-09-23T08:46:47.532+0000][69][safepoint   ] Safepoint "Cleanup", Time since last: 1000803626 ns, Reaching safepoint: 1193417 ns, At safepoint: 17291 ns, Total: 1210708 ns
[2025-09-23T08:46:49.535+0000][69][safepoint   ] Safepoint "Cleanup", Time since last: 2002902376 ns, Reaching safepoint: 157333 ns, At safepoint: 4000 ns, Total: 161333 ns
[2025-09-23T08:46:52.538+0000][69][safepoint   ] Safepoint "Cleanup", Time since last: 3003490251 ns, Reaching safepoint: 364334 ns, At safepoint: 29166 ns, Total: 393500 ns
[2025-09-23T08:46:58.550+0000][69][safepoint   ] Safepoint "Cleanup", Time since last: 6011166920 ns, Reaching safepoint: 289291 ns, At safepoint: 7584 ns, Total: 296875 ns
[2025-09-23T08:47:04.558+0000][69][safepoint   ] Safepoint "Cleanup", Time since last: 6008252044 ns, Reaching safepoint: 382084 ns, At safepoint: 5125 ns, Total: 387209 ns
[2025-09-23T08:47:10.566+0000][69][safepoint   ] Safepoint "Cleanup", Time since last: 6007603419 ns, Reaching safepoint: 174042 ns, At safepoint: 6000 ns, Total: 180042 ns
[2025-09-23T08:47:11.568+0000][69][safepoint   ] Safepoint "Cleanup", Time since last: 1001163542 ns, Reaching safepoint: 292542 ns, At safepoint: 10250 ns, Total: 302792 ns
[2025-09-23T08:47:16.579+0000][69][safepoint   ] Safepoint "Cleanup", Time since last: 5010037752 ns, Reaching safepoint: 695667 ns, At safepoint: 26083 ns, Total: 721750 ns
[2025-09-23T08:47:17.581+0000][69][safepoint   ] Safepoint "Cleanup", Time since last: 1002457792 ns, Reaching safepoint: 323459 ns, At safepoint: 16041 ns, Total: 339500 ns
[2025-09-23T08:47:22.593+0000][69][safepoint   ] Safepoint "Cleanup", Time since last: 5011026002 ns, Reaching safepoint: 328417 ns, At safepoint: 14833 ns, Total: 343250 ns
[2025-09-23T08:47:23.595+0000][69][safepoint   ] Safepoint "Cleanup", Time since last: 1002030834 ns, Reaching safepoint: 452083 ns, At safepoint: 14917 ns, Total: 467000 ns
[2025-09-23T08:47:28.604+0000][69][safepoint   ] Safepoint "Cleanup", Time since last: 5008447836 ns, Reaching safepoint: 515792 ns, At safepoint: 12375 ns, Total: 528167 ns
[2025-09-23T08:47:36.619+0000][69][safepoint   ] Safepoint "Cleanup", Time since last: 8014218795 ns, Reaching safepoint: 791792 ns, At safepoint: 25666 ns, Total: 817458 ns
[2025-09-23T08:47:40.627+0000][69][safepoint   ] Safepoint "Cleanup", Time since last: 4007271252 ns, Reaching safepoint: 182292 ns, At safepoint: 4208 ns, Total: 186500 ns
[2025-09-23T08:47:41.629+0000][69][safepoint   ] Safepoint "Cleanup", Time since last: 1002201084 ns, Reaching safepoint: 481792 ns, At safepoint: 17291 ns, Total: 499083 ns
[2025-09-23T08:47:43.633+0000][69][safepoint   ] Safepoint "Cleanup", Time since last: 2001991293 ns, Reaching safepoint: 1708542 ns, At safepoint: 85541 ns, Total: 1794083 ns
[2025-09-23T08:47:46.638+0000][69][safepoint   ] Safepoint "Cleanup", Time since last: 3004607960 ns, Reaching safepoint: 417458 ns, At safepoint: 9834 ns, Total: 427292 ns
[2025-09-23T08:47:52.648+0000][69][safepoint   ] Safepoint "Cleanup", Time since last: 6010432043 ns, Reaching safepoint: 137292 ns, At safepoint: 8042 ns, Total: 145334 ns
[2025-09-23T08:47:56.652+0000][69][safepoint   ] Safepoint "Cleanup", Time since last: 4003632293 ns, Reaching safepoint: 793792 ns, At safepoint: 18125 ns, Total: 811917 ns
[2025-09-23T08:47:58.655+0000][69][safepoint   ] Safepoint "Cleanup", Time since last: 2002194001 ns, Reaching safepoint: 324625 ns, At safepoint: 10458 ns, Total: 335083 ns
[2025-09-23T08:48:02.660+0000][69][safepoint   ] Safepoint "Cleanup", Time since last: 4005496752 ns, Reaching safepoint: 265833 ns, At safepoint: 13959 ns, Total: 279792 ns
[2025-09-23T08:48:10.599+0000][69][safepoint   ] Safepoint "Cleanup", Time since last: 7937648545 ns, Reaching safepoint: 604834 ns, At safepoint: 12875 ns, Total: 617709 ns
[2025-09-23T08:48:13.610+0000][69][safepoint   ] Safepoint "Cleanup", Time since last: 3005842126 ns, Reaching safepoint: 5499167 ns, At safepoint: 14583 ns, Total: 5513750 ns
[2025-09-23T08:48:23.626+0000][69][safepoint   ] Safepoint "Cleanup", Time since last: 10013939838 ns, Reaching safepoint: 845458 ns, At safepoint: 21458 ns, Total: 866916 ns
[2025-09-23T08:48:25.632+0000][69][safepoint   ] Safepoint "Cleanup", Time since last: 2006531793 ns, Reaching safepoint: 253417 ns, At safepoint: 20500 ns, Total: 273917 ns
[2025-09-23T08:48:28.643+0000][69][safepoint   ] Safepoint "Cleanup", Time since last: 3010750460 ns, Reaching safepoint: 789583 ns, At safepoint: 26708 ns, Total: 816291 ns
[2025-09-23T08:48:31.647+0000][69][safepoint   ] Safepoint "Cleanup", Time since last: 3003582168 ns, Reaching safepoint: 487084 ns, At safepoint: 15625 ns, Total: 502709 ns
[2025-09-23T08:48:32.650+0000][69][safepoint   ] Safepoint "Cleanup", Time since last: 1001823542 ns, Reaching safepoint: 303000 ns, At safepoint: 14375 ns, Total: 317375 ns
[2025-09-23T08:48:34.653+0000][69][safepoint   ] Safepoint "Cleanup", Time since last: 2002378334 ns, Reaching safepoint: 465875 ns, At safepoint: 27583 ns, Total: 493458 ns
[2025-09-23T08:48:36.656+0000][69][safepoint   ] Safepoint "Cleanup", Time since last: 2002926918 ns, Reaching safepoint: 492875 ns, At safepoint: 16958 ns, Total: 509833 ns
[2025-09-23T08:48:37.658+0000][69][safepoint   ] Safepoint "Cleanup", Time since last: 1001348251 ns, Reaching safepoint: 353541 ns, At safepoint: 15667 ns, Total: 369208 ns
[2025-09-23T08:48:40.663+0000][69][safepoint   ] Safepoint "Cleanup", Time since last: 3004786252 ns, Reaching safepoint: 122083 ns, At safepoint: 8833 ns, Total: 130916 ns
[2025-09-23T08:48:43.689+0000][69][safepoint   ] Safepoint "Cleanup", Time since last: 3025773127 ns, Reaching safepoint: 403625 ns, At safepoint: 18916 ns, Total: 422541 ns
[2025-09-23T08:48:44.691+0000][69][safepoint   ] Safepoint "Cleanup", Time since last: 1001573668 ns, Reaching safepoint: 319041 ns, At safepoint: 15375 ns, Total: 334416 ns
[2025-09-23T08:48:53.736+0000][69][safepoint   ] Safepoint "Cleanup", Time since last: 9037904629 ns, Reaching safepoint: 6483833 ns, At safepoint: 7209 ns, Total: 6491042 ns
[2025-09-23T08:48:55.741+0000][69][safepoint   ] Safepoint "Cleanup", Time since last: 2004887959 ns, Reaching safepoint: 770000 ns, At safepoint: 11666 ns, Total: 781666 ns
[2025-09-23T08:48:59.764+0000][69][safepoint   ] Safepoint "Cleanup", Time since last: 4006487836 ns, Reaching safepoint: 15976500 ns, At safepoint: 73250 ns, Total: 16049750 ns
[2025-09-23T08:49:01.766+0000][69][safepoint   ] Safepoint "Cleanup", Time since last: 2002221584 ns, Reaching safepoint: 260458 ns, At safepoint: 14000 ns, Total: 274458 ns
[2025-09-23T08:49:02.768+0000][69][safepoint   ] Safepoint "Cleanup", Time since last: 1001033459 ns, Reaching safepoint: 229250 ns, At safepoint: 13458 ns, Total: 242708 ns
[2025-09-23T08:49:13.781+0000][69][safepoint   ] Safepoint "Cleanup", Time since last: 11013026506 ns, Reaching safepoint: 701875 ns, At safepoint: 21500 ns, Total: 723375 ns
[2025-09-23T08:49:19.789+0000][69][safepoint   ] Safepoint "Cleanup", Time since last: 6006794169 ns, Reaching safepoint: 690500 ns, At safepoint: 12208 ns, Total: 702708 ns
[2025-09-23T08:49:22.792+0000][69][safepoint   ] Safepoint "Cleanup", Time since last: 3003048668 ns, Reaching safepoint: 342375 ns, At safepoint: 18667 ns, Total: 361042 ns
[2025-09-23T08:49:23.795+0000][69][safepoint   ] Safepoint "Cleanup", Time since last: 1002773584 ns, Reaching safepoint: 415292 ns, At safepoint: 21208 ns, Total: 436500 ns
[2025-09-23T08:49:25.798+0000][69][safepoint   ] Safepoint "Cleanup", Time since last: 2002526792 ns, Reaching safepoint: 243667 ns, At safepoint: 8167 ns, Total: 251834 ns
[2025-09-23T08:49:35.812+0000][69][safepoint   ] Safepoint "Cleanup", Time since last: 10011652505 ns, Reaching safepoint: 1876833 ns, At safepoint: 185000 ns, Total: 2061833 ns
[2025-09-23T08:49:36.816+0000][69][safepoint   ] Safepoint "Cleanup", Time since last: 1003894125 ns, Reaching safepoint: 116125 ns, At safepoint: 3917 ns, Total: 120042 ns
[2025-09-23T08:49:43.826+0000][69][safepoint   ] Safepoint "Cleanup", Time since last: 7010020837 ns, Reaching safepoint: 360875 ns, At safepoint: 11916 ns, Total: 372791 ns
[2025-09-23T08:49:45.830+0000][69][safepoint   ] Safepoint "Cleanup", Time since last: 2003897043 ns, Reaching safepoint: 289417 ns, At safepoint: 9750 ns, Total: 299167 ns
[2025-09-23T08:49:46.832+0000][69][safepoint   ] Safepoint "Cleanup", Time since last: 1001398084 ns, Reaching safepoint: 165666 ns, At safepoint: 5834 ns, Total: 171500 ns
[2025-09-23T08:49:47.834+0000][69][safepoint   ] Safepoint "Cleanup", Time since last: 1001227667 ns, Reaching safepoint: 506916 ns, At safepoint: 15875 ns, Total: 522791 ns
[2025-09-23T08:49:48.834+0000][69][safepoint   ] Safepoint "Cleanup", Time since last: 1001145917 ns, Reaching safepoint: 115458 ns, At safepoint: 11333 ns, Total: 126791 ns
[2025-09-23T08:49:49.836+0000][69][safepoint   ] Safepoint "Cleanup", Time since last: 1001716751 ns, Reaching safepoint: 420666 ns, At safepoint: 17959 ns, Total: 438625 ns
[2025-09-23T08:50:00.859+0000][69][safepoint   ] Safepoint "Cleanup", Time since last: 11020721297 ns, Reaching safepoint: 1553833 ns, At safepoint: 5208 ns, Total: 1559041 ns
[2025-09-23T08:50:03.868+0000][69][safepoint   ] Safepoint "Cleanup", Time since last: 3009476085 ns, Reaching safepoint: 146875 ns, At safepoint: 6042 ns, Total: 152917 ns
[2025-09-23T08:50:07.873+0000][69][safepoint   ] Safepoint "Cleanup", Time since last: 4003991335 ns, Reaching safepoint: 286083 ns, At safepoint: 30042 ns, Total: 316125 ns
[2025-09-23T08:50:13.892+0000][69][safepoint   ] Safepoint "Cleanup", Time since last: 6007818419 ns, Reaching safepoint: 11792917 ns, At safepoint: 11708 ns, Total: 11804625 ns
[2025-09-23T08:50:14.894+0000][69][safepoint   ] Safepoint "Cleanup", Time since last: 1001903168 ns, Reaching safepoint: 235125 ns, At safepoint: 17291 ns, Total: 252416 ns
[2025-09-23T08:50:19.902+0000][69][safepoint   ] Safepoint "Cleanup", Time since last: 5007187961 ns, Reaching safepoint: 366208 ns, At safepoint: 11333 ns, Total: 377541 ns
[2025-09-23T08:50:25.911+0000][69][safepoint   ] Safepoint "Cleanup", Time since last: 6009377295 ns, Reaching safepoint: 262792 ns, At safepoint: 29375 ns, Total: 292167 ns
[2025-09-23T08:50:32.920+0000][69][safepoint   ] Safepoint "Cleanup", Time since last: 7008367670 ns, Reaching safepoint: 238458 ns, At safepoint: 7000 ns, Total: 245458 ns
[2025-09-23T08:50:34.924+0000][69][safepoint   ] Safepoint "Cleanup", Time since last: 2003256084 ns, Reaching safepoint: 354250 ns, At safepoint: 16459 ns, Total: 370709 ns
[2025-09-23T08:50:36.931+0000][69][safepoint   ] Safepoint "Cleanup", Time since last: 2007505834 ns, Reaching safepoint: 141541 ns, At safepoint: 4084 ns, Total: 145625 ns
[2025-09-23T08:50:37.934+0000][69][safepoint   ] Safepoint "Cleanup", Time since last: 1002182167 ns, Reaching safepoint: 629625 ns, At safepoint: 22083 ns, Total: 651708 ns
[2025-09-23T08:50:42.944+0000][69][safepoint   ] Safepoint "Cleanup", Time since last: 5010263419 ns, Reaching safepoint: 78792 ns, At safepoint: 4250 ns, Total: 83042 ns
[2025-09-23T08:50:44.948+0000][69][safepoint   ] Safepoint "Cleanup", Time since last: 2003184043 ns, Reaching safepoint: 303041 ns, At safepoint: 9709 ns, Total: 312750 ns
[2025-09-23T08:50:51.959+0000][69][safepoint   ] Safepoint "Cleanup", Time since last: 7010693627 ns, Reaching safepoint: 967792 ns, At safepoint: 7958 ns, Total: 975750 ns
[2025-09-23T08:50:54.966+0000][69][safepoint   ] Safepoint "Cleanup", Time since last: 3006747418 ns, Reaching safepoint: 121208 ns, At safepoint: 10625 ns, Total: 131833 ns
[2025-09-23T08:51:00.978+0000][69][safepoint   ] Safepoint "Cleanup", Time since last: 6011374920 ns, Reaching safepoint: 435167 ns, At safepoint: 3666 ns, Total: 438833 ns
[2025-09-23T08:51:01.980+0000][69][safepoint   ] Safepoint "Cleanup", Time since last: 1001681459 ns, Reaching safepoint: 469750 ns, At safepoint: 4958 ns, Total: 474708 ns
[2025-09-23T08:51:02.982+0000][69][safepoint   ] Safepoint "Cleanup", Time since last: 1001217834 ns, Reaching safepoint: 183167 ns, At safepoint: 16417 ns, Total: 199584 ns
[2025-09-23T08:51:06.991+0000][69][safepoint   ] Safepoint "Cleanup", Time since last: 4008686751 ns, Reaching safepoint: 442292 ns, At safepoint: 9125 ns, Total: 451417 ns
[2025-09-23T08:51:07.993+0000][69][safepoint   ] Safepoint "Cleanup", Time since last: 1001563459 ns, Reaching safepoint: 192250 ns, At safepoint: 6042 ns, Total: 198292 ns
[2025-09-23T08:51:13.031+0000][69][safepoint   ] Safepoint "Cleanup", Time since last: 5020489710 ns, Reaching safepoint: 17613459 ns, At safepoint: 28916 ns, Total: 17642375 ns
[2025-09-23T08:51:14.044+0000][69][safepoint   ] Safepoint "Cleanup", Time since last: 1013043584 ns, Reaching safepoint: 309625 ns, At safepoint: 7959 ns, Total: 317584 ns
[2025-09-23T08:51:16.050+0000][69][safepoint   ] Safepoint "Cleanup", Time since last: 2005410417 ns, Reaching safepoint: 261333 ns, At safepoint: 10917 ns, Total: 272250 ns
[2025-09-23T08:54:38.775+0000][69][safepoint   ] Safepoint "Cleanup", Time since last: 3009610626 ns, Reaching safepoint: 815083 ns, At safepoint: 21334 ns, Total: 836417 ns
[2025-09-23T08:54:41.783+0000][69][safepoint   ] Safepoint "Cleanup", Time since last: 3007680793 ns, Reaching safepoint: 331250 ns, At safepoint: 16125 ns, Total: 347375 ns
[2025-09-23T08:54:42.785+0000][69][safepoint   ] Safepoint "Cleanup", Time since last: 1002548042 ns, Reaching safepoint: 220250 ns, At safepoint: 11000 ns, Total: 231250 ns
[2025-09-23T08:54:43.787+0000][69][safepoint   ] Safepoint "Cleanup", Time since last: 1001401667 ns, Reaching safepoint: 81833 ns, At safepoint: 3292 ns, Total: 85125 ns
[2025-09-23T08:54:44.789+0000][69][safepoint   ] Safepoint "Cleanup", Time since last: 1001383542 ns, Reaching safepoint: 240667 ns, At safepoint: 12250 ns, Total: 252917 ns
[2025-09-23T08:54:47.795+0000][69][safepoint   ] Safepoint "Cleanup", Time since last: 3006741710 ns, Reaching safepoint: 240208 ns, At safepoint: 9292 ns, Total: 249500 ns
[2025-09-23T08:54:52.809+0000][69][safepoint   ] Safepoint "Cleanup", Time since last: 5012969294 ns, Reaching safepoint: 328708 ns, At safepoint: 16958 ns, Total: 345666 ns
[2025-09-23T08:54:53.812+0000][69][safepoint   ] Safepoint "Cleanup", Time since last: 1003227667 ns, Reaching safepoint: 252084 ns, At safepoint: 12291 ns, Total: 264375 ns
[2025-09-23T08:54:56.816+0000][69][safepoint   ] Safepoint "Cleanup", Time since last: 3003453627 ns, Reaching safepoint: 230583 ns, At safepoint: 11500 ns, Total: 242083 ns
[2025-09-23T08:55:02.918+0000][69][safepoint   ] Safepoint "Cleanup", Time since last: 6101230586 ns, Reaching safepoint: 590542 ns, At safepoint: 10083 ns, Total: 600625 ns
[2025-09-23T08:55:03.920+0000][69][safepoint   ] Safepoint "Cleanup", Time since last: 1002236876 ns, Reaching safepoint: 101167 ns, At safepoint: 3916 ns, Total: 105083 ns
[2025-09-23T08:55:04.922+0000][69][safepoint   ] Safepoint "Cleanup", Time since last: 1001319459 ns, Reaching safepoint: 65583 ns, At safepoint: 1834 ns, Total: 67417 ns
[2025-09-23T08:55:06.926+0000][69][safepoint   ] Safepoint "Cleanup", Time since last: 2003802501 ns, Reaching safepoint: 459375 ns, At safepoint: 14666 ns, Total: 474041 ns
[2025-09-23T10:01:55.701+0000][69][gc,start    ] GC(15) Pause Young (Normal) (G1 Evacuation Pause)
[2025-09-23T10:01:55.701+0000][69][gc,task     ] GC(15) Using 8 workers of 8 for evacuation
[2025-09-23T10:01:55.701+0000][69][gc,age      ] GC(15) Desired survivor size 81788928 bytes, new threshold 15 (max threshold 15)
[2025-09-23T10:01:55.753+0000][69][gc,phases   ] GC(15)   Pre Evacuate Collection Set: 0.6ms
[2025-09-23T10:01:55.753+0000][69][gc,phases   ] GC(15)   Merge Heap Roots: 0.2ms
[2025-09-23T10:01:55.753+0000][69][gc,phases   ] GC(15)   Evacuate Collection Set: 47.3ms
[2025-09-23T10:01:55.753+0000][69][gc,phases   ] GC(15)   Post Evacuate Collection Set: 3.4ms
[2025-09-23T10:01:55.754+0000][69][gc,phases   ] GC(15)   Other: 0.7ms
[2025-09-23T10:01:55.754+0000][69][gc,age      ] GC(15) Age table with threshold 15 (max threshold 15)
[2025-09-23T10:01:55.754+0000][69][gc,age      ] GC(15) - age   1:    2837400 bytes,    2837400 total
[2025-09-23T10:01:55.754+0000][69][gc,age      ] GC(15) - age   2:    1817864 bytes,    4655264 total
[2025-09-23T10:01:55.754+0000][69][gc,age      ] GC(15) - age   3:     460752 bytes,    5116016 total
[2025-09-23T10:01:55.754+0000][69][gc,age      ] GC(15) - age   4:   24176136 bytes,   29292152 total
[2025-09-23T10:01:55.754+0000][69][gc,heap     ] GC(15) Eden regions: 299->0(299)
[2025-09-23T10:01:55.754+0000][69][gc,heap     ] GC(15) Survivor regions: 8->8(39)
[2025-09-23T10:01:55.754+0000][69][gc,heap     ] GC(15) Old regions: 22->22
[2025-09-23T10:01:55.754+0000][69][gc,heap     ] GC(15) Archive regions: 2->2
[2025-09-23T10:01:55.754+0000][69][gc,heap     ] GC(15) Humongous regions: 4->4
[2025-09-23T10:01:55.754+0000][69][gc,metaspace] GC(15) Metaspace: 138726K(142272K)->138726K(142272K) NonClass: 120799K(122624K)->120799K(122624K) Class: 17926K(19648K)->17926K(19648K)
[2025-09-23T10:01:55.754+0000][69][gc          ] GC(15) Pause Young (Normal) (G1 Evacuation Pause) 1335M->138M(2048M) 53.089ms
[2025-09-23T10:01:55.754+0000][69][gc,cpu      ] GC(15) User=0.33s Sys=0.00s Real=0.05s
[2025-09-23T10:01:55.754+0000][69][safepoint   ] Safepoint "G1CollectForAllocation", Time since last: 1659417667 ns, Reaching safepoint: 76542 ns, At safepoint: 53401000 ns, Total: 53477542 ns
[2025-09-23T10:01:56.758+0000][69][safepoint   ] Safepoint "Cleanup", Time since last: 1002975917 ns, Reaching safepoint: 289750 ns, At safepoint: 10000 ns, Total: 299750 ns
[2025-09-23T10:01:59.762+0000][69][safepoint   ] Safepoint "Cleanup", Time since last: 3004464918 ns, Reaching safepoint: 476500 ns, At safepoint: 28750 ns, Total: 505250 ns
[2025-09-23T10:02:01.766+0000][69][safepoint   ] Safepoint "Cleanup", Time since last: 2003772168 ns, Reaching safepoint: 230500 ns, At safepoint: 4375 ns, Total: 234875 ns
[2025-09-23T10:02:02.769+0000][69][safepoint   ] Safepoint "Cleanup", Time since last: 1000898750 ns, Reaching safepoint: 1864167 ns, At safepoint: 10917 ns, Total: 1875084 ns
[2025-09-23T10:02:13.799+0000][69][safepoint   ] Safepoint "Cleanup", Time since last: 11029835421 ns, Reaching safepoint: 114709 ns, At safepoint: 3208 ns, Total: 117917 ns
[2025-09-23T10:02:20.811+0000][69][safepoint   ] Safepoint "Cleanup", Time since last: 7011708462 ns, Reaching safepoint: 406041 ns, At safepoint: 18375 ns, Total: 424416 ns
[2025-09-23T10:05:00.975+0000][69][safepoint   ] Safepoint "Cleanup", Time since last: 11019273255 ns, Reaching safepoint: 525667 ns, At safepoint: 25791 ns, Total: 551458 ns
[2025-09-23T10:05:07.084+0000][69][safepoint   ] Safepoint "Cleanup", Time since last: 6108244212 ns, Reaching safepoint: 199500 ns, At safepoint: 8958 ns, Total: 208458 ns
[2025-09-23T10:05:08.089+0000][69][safepoint   ] Safepoint "Cleanup", Time since last: 1004849084 ns, Reaching safepoint: 142666 ns, At safepoint: 6417 ns, Total: 149083 ns
[2025-09-23T10:05:13.095+0000][69][safepoint   ] Safepoint "Cleanup", Time since last: 5005742336 ns, Reaching safepoint: 304292 ns, At safepoint: 24791 ns, Total: 329083 ns
[2025-09-23T10:05:19.104+0000][69][safepoint   ] Safepoint "Cleanup", Time since last: 6009587336 ns, Reaching safepoint: 135459 ns, At safepoint: 8583 ns, Total: 144042 ns
[2025-09-23T10:06:37.458+0000][69][safepoint   ] Safepoint "Cleanup", Time since last: 10018401588 ns, Reaching safepoint: 330125 ns, At safepoint: 13500 ns, Total: 343625 ns
[2025-09-23T10:06:45.479+0000][69][safepoint   ] Safepoint "Cleanup", Time since last: 8019465337 ns, Reaching safepoint: 1052375 ns, At safepoint: 17292 ns, Total: 1069667 ns
[2025-09-23T10:06:48.484+0000][69][safepoint   ] Safepoint "Cleanup", Time since last: 3004761543 ns, Reaching safepoint: 201541 ns, At safepoint: 14375 ns, Total: 215916 ns
[2025-09-23T10:06:51.491+0000][69][safepoint   ] Safepoint "Cleanup", Time since last: 3006660502 ns, Reaching safepoint: 241833 ns, At safepoint: 11459 ns, Total: 253292 ns
[2025-09-23T10:06:54.497+0000][69][safepoint   ] Safepoint "Cleanup", Time since last: 3005958084 ns, Reaching safepoint: 360625 ns, At safepoint: 20709 ns, Total: 381334 ns
[2025-09-23T10:06:57.503+0000][69][safepoint   ] Safepoint "Cleanup", Time since last: 3005627543 ns, Reaching safepoint: 194291 ns, At safepoint: 7917 ns, Total: 202208 ns
[2025-09-23T10:07:01.511+0000][69][safepoint   ] Safepoint "Cleanup", Time since last: 4007646169 ns, Reaching safepoint: 415208 ns, At safepoint: 18125 ns, Total: 433333 ns
[2025-09-23T10:12:10.830+0000][69][safepoint   ] Safepoint "Cleanup", Time since last: 9022369212 ns, Reaching safepoint: 408584 ns, At safepoint: 30000 ns, Total: 438584 ns
[2025-09-23T10:12:17.848+0000][69][safepoint   ] Safepoint "Cleanup", Time since last: 7016947586 ns, Reaching safepoint: 1082875 ns, At safepoint: 28709 ns, Total: 1111584 ns
[2025-09-23T10:12:18.850+0000][69][safepoint   ] Safepoint "Cleanup", Time since last: 1001662500 ns, Reaching safepoint: 288667 ns, At safepoint: 16250 ns, Total: 304917 ns
[2025-09-23T10:12:20.852+0000][69][safepoint   ] Safepoint "Cleanup", Time since last: 2001098667 ns, Reaching safepoint: 816875 ns, At safepoint: 19709 ns, Total: 836584 ns
[2025-09-23T10:12:21.853+0000][69][safepoint   ] Safepoint "Cleanup", Time since last: 1000664125 ns, Reaching safepoint: 205584 ns, At safepoint: 8333 ns, Total: 213917 ns
[2025-09-23T10:12:24.859+0000][69][safepoint   ] Safepoint "Cleanup", Time since last: 3006144335 ns, Reaching safepoint: 136333 ns, At safepoint: 4708 ns, Total: 141041 ns
[2025-09-23T10:12:28.864+0000][69][safepoint   ] Safepoint "Cleanup", Time since last: 4004780961 ns, Reaching safepoint: 142958 ns, At safepoint: 6458 ns, Total: 149416 ns
[2025-09-23T10:12:31.871+0000][69][safepoint   ] Safepoint "Cleanup", Time since last: 3006432752 ns, Reaching safepoint: 215208 ns, At safepoint: 20167 ns, Total: 235375 ns
[2025-09-23T10:12:33.673+0000][69][safepoint   ] Safepoint "Cleanup", Time since last: 1801445375 ns, Reaching safepoint: 94709 ns, At safepoint: 8791 ns, Total: 103500 ns
[2025-09-23T10:12:34.675+0000][69][safepoint   ] Safepoint "Cleanup", Time since last: 1001752959 ns, Reaching safepoint: 366083 ns, At safepoint: 10125 ns, Total: 376208 ns
[2025-09-23T10:12:37.682+0000][69][safepoint   ] Safepoint "Cleanup", Time since last: 3006754460 ns, Reaching safepoint: 548042 ns, At safepoint: 15083 ns, Total: 563125 ns
[2025-09-23T10:12:39.579+0000][69][safepoint   ] Safepoint "ICBufferFull", Time since last: 1895079959 ns, Reaching safepoint: 1366792 ns, At safepoint: 9000 ns, Total: 1375792 ns
[2025-09-23T10:12:39.597+0000][69][safepoint   ] Safepoint "ICBufferFull", Time since last: 17735125 ns, Reaching safepoint: 510917 ns, At safepoint: 12416 ns, Total: 523333 ns
[2025-09-23T10:12:39.702+0000][69][safepoint   ] Safepoint "ICBufferFull", Time since last: 104107000 ns, Reaching safepoint: 714500 ns, At safepoint: 8750 ns, Total: 723250 ns
[2025-09-23T10:12:40.706+0000][69][safepoint   ] Safepoint "Cleanup", Time since last: 1003946084 ns, Reaching safepoint: 389042 ns, At safepoint: 23708 ns, Total: 412750 ns
[2025-09-23T10:12:41.708+0000][69][safepoint   ] Safepoint "Cleanup", Time since last: 1001847292 ns, Reaching safepoint: 326625 ns, At safepoint: 14667 ns, Total: 341292 ns
[2025-09-23T10:12:42.711+0000][69][safepoint   ] Safepoint "Cleanup", Time since last: 1001332292 ns, Reaching safepoint: 1575917 ns, At safepoint: 27417 ns, Total: 1603334 ns
[2025-09-23T10:12:45.723+0000][69][safepoint   ] Safepoint "Cleanup", Time since last: 3011529001 ns, Reaching safepoint: 164042 ns, At safepoint: 10125 ns, Total: 174167 ns
[2025-09-23T10:12:46.726+0000][69][safepoint   ] Safepoint "Cleanup", Time since last: 1003022458 ns, Reaching safepoint: 342334 ns, At safepoint: 15500 ns, Total: 357834 ns
[2025-09-23T10:12:51.653+0000][69][safepoint   ] Safepoint "ICBufferFull", Time since last: 4926948252 ns, Reaching safepoint: 166375 ns, At safepoint: 3542 ns, Total: 169917 ns
[2025-09-23T10:12:52.655+0000][69][safepoint   ] Safepoint "Cleanup", Time since last: 1001067625 ns, Reaching safepoint: 515000 ns, At safepoint: 8042 ns, Total: 523042 ns
[2025-09-23T10:12:54.659+0000][69][safepoint   ] Safepoint "Cleanup", Time since last: 2003028501 ns, Reaching safepoint: 486000 ns, At safepoint: 13000 ns, Total: 499000 ns
[2025-09-23T10:12:57.664+0000][69][safepoint   ] Safepoint "Cleanup", Time since last: 3005636335 ns, Reaching safepoint: 249125 ns, At safepoint: 8583 ns, Total: 257708 ns
[2025-09-23T10:15:18.287+0000][69][safepoint   ] Safepoint "Cleanup", Time since last: 6015689210 ns, Reaching safepoint: 109459 ns, At safepoint: 5000 ns, Total: 114459 ns
[2025-09-23T10:15:19.290+0000][69][safepoint   ] Safepoint "Cleanup", Time since last: 1002778125 ns, Reaching safepoint: 389083 ns, At safepoint: 13250 ns, Total: 402333 ns
[2025-09-23T10:15:22.296+0000][69][safepoint   ] Safepoint "Cleanup", Time since last: 3005509960 ns, Reaching safepoint: 316792 ns, At safepoint: 11000 ns, Total: 327792 ns
[2025-09-23T10:15:23.298+0000][69][safepoint   ] Safepoint "Cleanup", Time since last: 1002214500 ns, Reaching safepoint: 240959 ns, At safepoint: 11875 ns, Total: 252834 ns
[2025-09-23T10:15:24.300+0000][69][safepoint   ] Safepoint "Cleanup", Time since last: 1001837500 ns, Reaching safepoint: 221417 ns, At safepoint: 8583 ns, Total: 230000 ns
[2025-09-23T10:15:25.304+0000][69][safepoint   ] Safepoint "Cleanup", Time since last: 1003687667 ns, Reaching safepoint: 197417 ns, At safepoint: 7708 ns, Total: 205125 ns
[2025-09-23T10:15:26.306+0000][69][safepoint   ] Safepoint "Cleanup", Time since last: 1001768459 ns, Reaching safepoint: 286208 ns, At safepoint: 14875 ns, Total: 301083 ns
[2025-09-23T10:15:27.308+0000][69][safepoint   ] Safepoint "Cleanup", Time since last: 1001367959 ns, Reaching safepoint: 129834 ns, At safepoint: 9208 ns, Total: 139042 ns
[2025-09-23T10:15:31.322+0000][69][safepoint   ] Safepoint "Cleanup", Time since last: 4013676418 ns, Reaching safepoint: 414375 ns, At safepoint: 30000 ns, Total: 444375 ns
[2025-09-23T10:15:36.332+0000][69][safepoint   ] Safepoint "Cleanup", Time since last: 5010227545 ns, Reaching safepoint: 143875 ns, At safepoint: 5250 ns, Total: 149125 ns
[2025-09-23T10:15:42.340+0000][69][safepoint   ] Safepoint "Cleanup", Time since last: 6007548294 ns, Reaching safepoint: 361958 ns, At safepoint: 9584 ns, Total: 371542 ns
[2025-09-23T10:15:43.344+0000][69][safepoint   ] Safepoint "Cleanup", Time since last: 1002779500 ns, Reaching safepoint: 1057917 ns, At safepoint: 13833 ns, Total: 1071750 ns
[2025-09-23T10:17:53.652+0000][69][safepoint   ] Safepoint "Cleanup", Time since last: 6011218919 ns, Reaching safepoint: 229917 ns, At safepoint: 12083 ns, Total: 242000 ns
[2025-09-23T10:17:55.659+0000][69][safepoint   ] Safepoint "Cleanup", Time since last: 2006181668 ns, Reaching safepoint: 382666 ns, At safepoint: 9875 ns, Total: 392541 ns
[2025-09-23T10:17:58.665+0000][69][safepoint   ] Safepoint "Cleanup", Time since last: 3006349043 ns, Reaching safepoint: 181750 ns, At safepoint: 6334 ns, Total: 188084 ns
[2025-09-23T10:18:11.691+0000][69][safepoint   ] Safepoint "Cleanup", Time since last: 13025190839 ns, Reaching safepoint: 227209 ns, At safepoint: 9416 ns, Total: 236625 ns
[2025-09-23T10:18:24.806+0000][69][safepoint   ] Safepoint "Cleanup", Time since last: 13029328381 ns, Reaching safepoint: 312000 ns, At safepoint: 17000 ns, Total: 329000 ns
[2025-09-23T10:18:26.812+0000][69][safepoint   ] Safepoint "Cleanup", Time since last: 2006075335 ns, Reaching safepoint: 357291 ns, At safepoint: 17250 ns, Total: 374541 ns
[2025-09-23T10:18:34.832+0000][69][safepoint   ] Safepoint "Cleanup", Time since last: 8019309171 ns, Reaching safepoint: 571833 ns, At safepoint: 19667 ns, Total: 591500 ns
[2025-09-23T10:18:39.846+0000][69][safepoint   ] Safepoint "Cleanup", Time since last: 5013031002 ns, Reaching safepoint: 929625 ns, At safepoint: 18375 ns, Total: 948000 ns
[2025-09-23T10:18:40.847+0000][69][safepoint   ] Safepoint "Cleanup", Time since last: 1001090167 ns, Reaching safepoint: 215250 ns, At safepoint: 16959 ns, Total: 232209 ns
[2025-09-23T10:18:48.866+0000][69][safepoint   ] Safepoint "Cleanup", Time since last: 8017404753 ns, Reaching safepoint: 1006959 ns, At safepoint: 53375 ns, Total: 1060334 ns
[2025-09-23T10:34:36.566+0000][69][safepoint   ] Safepoint "Cleanup", Time since last: 4009186543 ns, Reaching safepoint: 2809500 ns, At safepoint: 335750 ns, Total: 3145250 ns
[2025-09-23T10:34:42.580+0000][69][safepoint   ] Safepoint "Cleanup", Time since last: 6013702336 ns, Reaching safepoint: 101167 ns, At safepoint: 6000 ns, Total: 107167 ns
[2025-09-23T10:34:44.585+0000][69][safepoint   ] Safepoint "Cleanup", Time since last: 2002727709 ns, Reaching safepoint: 1520125 ns, At safepoint: 33000 ns, Total: 1553125 ns
[2025-09-23T10:34:45.586+0000][69][safepoint   ] Safepoint "Cleanup", Time since last: 1001019334 ns, Reaching safepoint: 101250 ns, At safepoint: 22875 ns, Total: 124125 ns
[2025-09-23T10:34:48.592+0000][69][safepoint   ] Safepoint "Cleanup", Time since last: 3006174085 ns, Reaching safepoint: 424041 ns, At safepoint: 17167 ns, Total: 441208 ns
[2025-09-23T10:34:54.602+0000][69][safepoint   ] Safepoint "Cleanup", Time since last: 6009622670 ns, Reaching safepoint: 141208 ns, At safepoint: 6500 ns, Total: 147708 ns
[2025-09-23T10:35:00.616+0000][69][safepoint   ] Safepoint "Cleanup", Time since last: 6013903294 ns, Reaching safepoint: 118917 ns, At safepoint: 9583 ns, Total: 128500 ns
[2025-09-23T10:35:01.618+0000][69][safepoint   ] Safepoint "Cleanup", Time since last: 1001263668 ns, Reaching safepoint: 306250 ns, At safepoint: 19833 ns, Total: 326083 ns
[2025-09-23T10:35:02.621+0000][69][safepoint   ] Safepoint "Cleanup", Time since last: 1002273292 ns, Reaching safepoint: 643750 ns, At safepoint: 14667 ns, Total: 658417 ns
[2025-09-23T10:35:03.623+0000][69][safepoint   ] Safepoint "Cleanup", Time since last: 1002283834 ns, Reaching safepoint: 346125 ns, At safepoint: 14958 ns, Total: 361083 ns
[2025-09-23T10:35:04.625+0000][69][safepoint   ] Safepoint "Cleanup", Time since last: 1000799834 ns, Reaching safepoint: 406166 ns, At safepoint: 16250 ns, Total: 422416 ns
[2025-09-23T10:35:06.045+0000][69][safepoint   ] Safepoint "Cleanup", Time since last: 1002459000 ns, Reaching safepoint: 191084 ns, At safepoint: 8666 ns, Total: 199750 ns
[2025-09-23T10:35:07.050+0000][69][safepoint   ] Safepoint "Cleanup", Time since last: 1004632084 ns, Reaching safepoint: 364333 ns, At safepoint: 14459 ns, Total: 378792 ns
[2025-09-23T10:35:08.052+0000][69][safepoint   ] Safepoint "Cleanup", Time since last: 1001864125 ns, Reaching safepoint: 310917 ns, At safepoint: 20958 ns, Total: 331875 ns
[2025-09-23T10:35:10.054+0000][69][safepoint   ] Safepoint "Cleanup", Time since last: 2001631918 ns, Reaching safepoint: 226000 ns, At safepoint: 8791 ns, Total: 234791 ns
[2025-09-23T10:35:13.066+0000][69][safepoint   ] Safepoint "Cleanup", Time since last: 3011795294 ns, Reaching safepoint: 407500 ns, At safepoint: 17166 ns, Total: 424666 ns
[2025-09-23T10:35:19.091+0000][69][safepoint   ] Safepoint "Cleanup", Time since last: 6024940086 ns, Reaching safepoint: 199667 ns, At safepoint: 7417 ns, Total: 207084 ns
[2025-09-23T10:35:24.205+0000][69][safepoint   ] Safepoint "Cleanup", Time since last: 5113776419 ns, Reaching safepoint: 589083 ns, At safepoint: 16375 ns, Total: 605458 ns
[2025-09-23T10:35:25.209+0000][69][safepoint   ] Safepoint "Cleanup", Time since last: 1003341501 ns, Reaching safepoint: 308000 ns, At safepoint: 14375 ns, Total: 322375 ns
[2025-09-23T10:35:28.215+0000][69][safepoint   ] Safepoint "Cleanup", Time since last: 3004640293 ns, Reaching safepoint: 665500 ns, At safepoint: 43208 ns, Total: 708708 ns
[2025-09-23T10:35:34.227+0000][69][safepoint   ] Safepoint "Cleanup", Time since last: 6011832170 ns, Reaching safepoint: 859208 ns, At safepoint: 28250 ns, Total: 887458 ns
[2025-09-23T10:42:18.587+0000][69][safepoint   ] Safepoint "Cleanup", Time since last: 3007338001 ns, Reaching safepoint: 383125 ns, At safepoint: 16042 ns, Total: 399167 ns
[2025-09-23T10:42:21.678+0000][69][safepoint   ] Safepoint "Cleanup", Time since last: 3091695168 ns, Reaching safepoint: 167542 ns, At safepoint: 7625 ns, Total: 175167 ns
[2025-09-23T10:42:42.719+0000][69][safepoint   ] Safepoint "Cleanup", Time since last: 21039898301 ns, Reaching safepoint: 860459 ns, At safepoint: 15083 ns, Total: 875542 ns
[2025-09-23T10:42:43.722+0000][69][safepoint   ] Safepoint "Cleanup", Time since last: 1002889959 ns, Reaching safepoint: 226000 ns, At safepoint: 10458 ns, Total: 236458 ns
[2025-09-23T10:42:45.726+0000][69][safepoint   ] Safepoint "Cleanup", Time since last: 2003628584 ns, Reaching safepoint: 310375 ns, At safepoint: 20167 ns, Total: 330542 ns
[2025-09-23T10:52:45.780+0000][69][safepoint   ] Safepoint "Cleanup", Time since last: 15032041757 ns, Reaching safepoint: 358875 ns, At safepoint: 26791 ns, Total: 385666 ns
[2025-09-23T10:52:50.794+0000][69][safepoint   ] Safepoint "Cleanup", Time since last: 5013848419 ns, Reaching safepoint: 660250 ns, At safepoint: 17959 ns, Total: 678209 ns
[2025-09-23T10:52:51.274+0000][69][safepoint   ] Safepoint "ICBufferFull", Time since last: 479368000 ns, Reaching safepoint: 174000 ns, At safepoint: 4042 ns, Total: 178042 ns
[2025-09-23T10:52:52.276+0000][69][safepoint   ] Safepoint "Cleanup", Time since last: 1002359125 ns, Reaching safepoint: 360917 ns, At safepoint: 15875 ns, Total: 376792 ns
[2025-09-23T10:59:22.022+0000][69][safepoint   ] Safepoint "Cleanup", Time since last: 18956976799 ns, Reaching safepoint: 1099667 ns, At safepoint: 13875 ns, Total: 1113542 ns
[2025-09-23T10:59:27.031+0000][69][safepoint   ] Safepoint "Cleanup", Time since last: 5008338377 ns, Reaching safepoint: 351167 ns, At safepoint: 12958 ns, Total: 364125 ns
[2025-09-23T10:59:33.051+0000][69][safepoint   ] Safepoint "Cleanup", Time since last: 6018531337 ns, Reaching safepoint: 1230625 ns, At safepoint: 8291 ns, Total: 1238916 ns
[2025-09-23T10:59:34.053+0000][69][safepoint   ] Safepoint "Cleanup", Time since last: 1002197209 ns, Reaching safepoint: 161625 ns, At safepoint: 9792 ns, Total: 171417 ns
[2025-09-23T10:59:49.675+0000][69][safepoint   ] Safepoint "Cleanup", Time since last: 15015017631 ns, Reaching safepoint: 1076500 ns, At safepoint: 16125 ns, Total: 1092625 ns
[2025-09-23T10:59:51.679+0000][69][safepoint   ] Safepoint "Cleanup", Time since last: 2003631459 ns, Reaching safepoint: 142042 ns, At safepoint: 5417 ns, Total: 147459 ns
[2025-09-23T10:59:56.697+0000][69][gc,start    ] GC(16) Pause Young (Normal) (G1 Evacuation Pause)
[2025-09-23T10:59:56.697+0000][69][gc,task     ] GC(16) Using 8 workers of 8 for evacuation
[2025-09-23T10:59:56.697+0000][69][gc,age      ] GC(16) Desired survivor size 81788928 bytes, new threshold 15 (max threshold 15)
[2025-09-23T10:59:56.737+0000][69][gc,phases   ] GC(16)   Pre Evacuate Collection Set: 0.8ms
[2025-09-23T10:59:56.737+0000][69][gc,phases   ] GC(16)   Merge Heap Roots: 0.5ms
[2025-09-23T10:59:56.737+0000][69][gc,phases   ] GC(16)   Evacuate Collection Set: 33.3ms
[2025-09-23T10:59:56.737+0000][69][gc,phases   ] GC(16)   Post Evacuate Collection Set: 4.8ms
[2025-09-23T10:59:56.737+0000][69][gc,phases   ] GC(16)   Other: 0.3ms
[2025-09-23T10:59:56.737+0000][69][gc,age      ] GC(16) Age table with threshold 15 (max threshold 15)
[2025-09-23T10:59:56.737+0000][69][gc,age      ] GC(16) - age   1:    1224528 bytes,    1224528 total
[2025-09-23T10:59:56.737+0000][69][gc,age      ] GC(16) - age   2:      99960 bytes,    1324488 total
[2025-09-23T10:59:56.737+0000][69][gc,age      ] GC(16) - age   3:    1806832 bytes,    3131320 total
[2025-09-23T10:59:56.737+0000][69][gc,age      ] GC(16) - age   4:     460448 bytes,    3591768 total
[2025-09-23T10:59:56.737+0000][69][gc,age      ] GC(16) - age   5:   24165168 bytes,   27756936 total
[2025-09-23T10:59:56.737+0000][69][gc,heap     ] GC(16) Eden regions: 299->0(298)
[2025-09-23T10:59:56.737+0000][69][gc,heap     ] GC(16) Survivor regions: 8->9(39)
[2025-09-23T10:59:56.737+0000][69][gc,heap     ] GC(16) Old regions: 22->22
[2025-09-23T10:59:56.738+0000][69][gc,heap     ] GC(16) Archive regions: 2->2
[2025-09-23T10:59:56.738+0000][69][gc,heap     ] GC(16) Humongous regions: 4->4
[2025-09-23T10:59:56.738+0000][69][gc,metaspace] GC(16) Metaspace: 139003K(142528K)->139003K(142528K) NonClass: 121076K(122880K)->121076K(122880K) Class: 17927K(19648K)->17927K(19648K)
[2025-09-23T10:59:56.738+0000][69][gc          ] GC(16) Pause Young (Normal) (G1 Evacuation Pause) 1334M->140M(2048M) 40.977ms
[2025-09-23T10:59:56.738+0000][69][gc,cpu      ] GC(16) User=0.20s Sys=0.00s Real=0.04s
[2025-09-23T10:59:56.738+0000][69][safepoint   ] Safepoint "G1CollectForAllocation", Time since last: 5017617502 ns, Reaching safepoint: 125208 ns, At safepoint: 41158375 ns, Total: 41283583 ns
[2025-09-23T11:00:01.743+0000][69][safepoint   ] Safepoint "Cleanup", Time since last: 5005004919 ns, Reaching safepoint: 156417 ns, At safepoint: 6500 ns, Total: 162917 ns
[2025-09-23T11:00:02.744+0000][69][safepoint   ] Safepoint "Cleanup", Time since last: 1001223501 ns, Reaching safepoint: 80875 ns, At safepoint: 3583 ns, Total: 84458 ns
[2025-09-23T11:00:03.746+0000][69][safepoint   ] Safepoint "Cleanup", Time since last: 1001454042 ns, Reaching safepoint: 285458 ns, At safepoint: 15834 ns, Total: 301292 ns
[2025-09-23T11:00:14.761+0000][69][safepoint   ] Safepoint "Cleanup", Time since last: 11011726588 ns, Reaching safepoint: 174208 ns, At safepoint: 6542 ns, Total: 180750 ns
[2025-09-23T11:00:17.765+0000][69][safepoint   ] Safepoint "Cleanup", Time since last: 3003338126 ns, Reaching safepoint: 225583 ns, At safepoint: 10209 ns, Total: 235792 ns
[2025-09-23T11:00:20.768+0000][69][safepoint   ] Safepoint "Cleanup", Time since last: 3003634585 ns, Reaching safepoint: 120041 ns, At safepoint: 5750 ns, Total: 125791 ns
[2025-09-23T11:00:23.773+0000][69][safepoint   ] Safepoint "Cleanup", Time since last: 3003493335 ns, Reaching safepoint: 981458 ns, At safepoint: 9625 ns, Total: 991083 ns
[2025-09-23T11:00:32.790+0000][69][safepoint   ] Safepoint "Cleanup", Time since last: 9016786921 ns, Reaching safepoint: 73584 ns, At safepoint: 5416 ns, Total: 79000 ns
[2025-09-23T11:00:33.791+0000][69][safepoint   ] Safepoint "Cleanup", Time since last: 1001569626 ns, Reaching safepoint: 231250 ns, At safepoint: 9666 ns, Total: 240916 ns
[2025-09-23T11:00:35.794+0000][69][safepoint   ] Safepoint "Cleanup", Time since last: 2002618876 ns, Reaching safepoint: 144375 ns, At safepoint: 5084 ns, Total: 149459 ns
[2025-09-23T11:00:41.801+0000][69][safepoint   ] Safepoint "Cleanup", Time since last: 6005831461 ns, Reaching safepoint: 462208 ns, At safepoint: 23917 ns, Total: 486125 ns
[2025-09-23T11:00:42.803+0000][69][safepoint   ] Safepoint "Cleanup", Time since last: 1002243459 ns, Reaching safepoint: 387791 ns, At safepoint: 16750 ns, Total: 404541 ns
[2025-09-23T11:00:44.806+0000][69][safepoint   ] Safepoint "Cleanup", Time since last: 2002475334 ns, Reaching safepoint: 96000 ns, At safepoint: 4458 ns, Total: 100458 ns
[2025-09-23T11:00:45.807+0000][69][safepoint   ] Safepoint "Cleanup", Time since last: 1000954459 ns, Reaching safepoint: 213792 ns, At safepoint: 9166 ns, Total: 222958 ns
[2025-09-23T11:00:48.811+0000][69][safepoint   ] Safepoint "Cleanup", Time since last: 3004225627 ns, Reaching safepoint: 135792 ns, At safepoint: 9625 ns, Total: 145417 ns
[2025-09-23T11:00:50.815+0000][69][safepoint   ] Safepoint "Cleanup", Time since last: 2003427667 ns, Reaching safepoint: 135625 ns, At safepoint: 6125 ns, Total: 141750 ns
[2025-09-23T11:00:54.820+0000][69][safepoint   ] Safepoint "Cleanup", Time since last: 4004929460 ns, Reaching safepoint: 307667 ns, At safepoint: 10583 ns, Total: 318250 ns
[2025-09-23T11:00:56.824+0000][69][safepoint   ] Safepoint "Cleanup", Time since last: 2004130335 ns, Reaching safepoint: 232916 ns, At safepoint: 9792 ns, Total: 242708 ns
[2025-09-23T11:01:01.830+0000][69][safepoint   ] Safepoint "Cleanup", Time since last: 5005755919 ns, Reaching safepoint: 257125 ns, At safepoint: 11625 ns, Total: 268750 ns
[2025-09-23T11:01:06.837+0000][69][safepoint   ] Safepoint "Cleanup", Time since last: 5006098669 ns, Reaching safepoint: 449542 ns, At safepoint: 11792 ns, Total: 461334 ns
[2025-09-23T11:01:08.841+0000][69][safepoint   ] Safepoint "Cleanup", Time since last: 2003586959 ns, Reaching safepoint: 55375 ns, At safepoint: 3458 ns, Total: 58833 ns
[2025-09-23T11:01:09.842+0000][69][safepoint   ] Safepoint "Cleanup", Time since last: 1001437626 ns, Reaching safepoint: 345291 ns, At safepoint: 19292 ns, Total: 364583 ns
[2025-09-23T11:01:14.852+0000][69][safepoint   ] Safepoint "Cleanup", Time since last: 5008886043 ns, Reaching safepoint: 197917 ns, At safepoint: 9791 ns, Total: 207708 ns
[2025-09-23T11:01:17.855+0000][69][safepoint   ] Safepoint "Cleanup", Time since last: 3001949835 ns, Reaching safepoint: 1377250 ns, At safepoint: 21292 ns, Total: 1398542 ns
[2025-09-23T11:01:26.870+0000][69][safepoint   ] Safepoint "Cleanup", Time since last: 9014132087 ns, Reaching safepoint: 496292 ns, At safepoint: 13333 ns, Total: 509625 ns
[2025-09-23T11:01:39.909+0000][69][safepoint   ] Safepoint "Cleanup", Time since last: 13039073048 ns, Reaching safepoint: 342375 ns, At safepoint: 4250 ns, Total: 346625 ns
[2025-09-23T11:01:41.217+0000][69][safepoint   ] Safepoint "Cleanup", Time since last: 1307493668 ns, Reaching safepoint: 792125 ns, At safepoint: 13166 ns, Total: 805291 ns
[2025-09-23T11:01:42.205+0000][69][gc,heap,exit] Heap
[2025-09-23T11:01:42.205+0000][69][gc,heap,exit]  garbage-first heap   total 2097152K, used 464242K [0x0000000080000000, 0x0000000100000000)
[2025-09-23T11:01:42.206+0000][69][gc,heap,exit]   region size 4096K, 88 young (360448K), 9 survivors (36864K)
[2025-09-23T11:01:42.206+0000][69][gc,heap,exit]  Metaspace       used 139926K, committed 143424K, reserved 1179648K
[2025-09-23T11:01:42.206+0000][69][gc,heap,exit]   class space    used 18070K, committed 19776K, reserved 1048576K
