[2025-09-22T06:45:11.862+0000][68][gc,init] CardTable entry size: 512
[2025-09-22T06:45:11.862+0000][68][gc     ] Using G1
[2025-09-22T06:45:12.284+0000][68][gc,init] Version: 19.0.1+10-21 (release)
[2025-09-22T06:45:12.284+0000][68][gc,init] CPUs: 8 total, 8 available
[2025-09-22T06:45:12.284+0000][68][gc,init] Memory: 7837M
[2025-09-22T06:45:12.284+0000][68][gc,init] Large Page Support: Disabled
[2025-09-22T06:45:12.284+0000][68][gc,init] NUMA Support: Disabled
[2025-09-22T06:45:12.284+0000][68][gc,init] Compressed Oops: Enabled (32-bit)
[2025-09-22T06:45:12.284+0000][68][gc,init] Heap Region Size: 4M
[2025-09-22T06:45:12.284+0000][68][gc,init] Heap Min Capacity: 512M
[2025-09-22T06:45:12.284+0000][68][gc,init] Heap Initial Capacity: 512M
[2025-09-22T06:45:12.284+0000][68][gc,init] Heap Max Capacity: 512M
[2025-09-22T06:45:12.284+0000][68][gc,init] Pre-touch: Enabled
[2025-09-22T06:45:12.284+0000][68][gc,init] Parallel Workers: 8
[2025-09-22T06:45:12.284+0000][68][gc,init] Concurrent Workers: 2
[2025-09-22T06:45:12.284+0000][68][gc,init] Concurrent Refinement Workers: 8
[2025-09-22T06:45:12.284+0000][68][gc,init] Periodic GC: Disabled
[2025-09-22T06:45:12.285+0000][68][gc,metaspace] CDS archive(s) mapped at: [0x0000000800000000-0x0000000800c60000-0x0000000800c60000), size 12976128, SharedBaseAddress: 0x0000000800000000, ArchiveRelocationMode: 0.
[2025-09-22T06:45:12.285+0000][68][gc,metaspace] Compressed class space mapped at: 0x0000000801000000-0x0000000841000000, reserved size: 1073741824
[2025-09-22T06:45:12.285+0000][68][gc,metaspace] Narrow klass base: 0x0000000800000000, Narrow klass shift: 0, Narrow klass range: 0x100000000
[2025-09-22T06:45:12.388+0000][68][safepoint   ] Safepoint "ICBufferFull", Time since last: 94634583 ns, Reaching safepoint: 1339792 ns, At safepoint: 32875 ns, Total: 1372667 ns
[2025-09-22T06:45:12.577+0000][68][safepoint   ] Safepoint "ICBufferFull", Time since last: 189152083 ns, Reaching safepoint: 226750 ns, At safepoint: 11084 ns, Total: 237834 ns
[2025-09-22T06:45:12.619+0000][68][gc,start    ] GC(0) Pause Young (Normal) (G1 Evacuation Pause)
[2025-09-22T06:45:12.619+0000][68][gc,task     ] GC(0) Using 8 workers of 8 for evacuation
[2025-09-22T06:45:12.620+0000][68][gc,age      ] GC(0) Desired survivor size 2097152 bytes, new threshold 15 (max threshold 15)
[2025-09-22T06:45:12.622+0000][68][gc,phases   ] GC(0)   Pre Evacuate Collection Set: 0.2ms
[2025-09-22T06:45:12.622+0000][68][gc,phases   ] GC(0)   Merge Heap Roots: 0.2ms
[2025-09-22T06:45:12.622+0000][68][gc,phases   ] GC(0)   Evacuate Collection Set: 1.4ms
[2025-09-22T06:45:12.622+0000][68][gc,phases   ] GC(0)   Post Evacuate Collection Set: 0.6ms
[2025-09-22T06:45:12.623+0000][68][gc,phases   ] GC(0)   Other: 0.5ms
[2025-09-22T06:45:12.623+0000][68][gc,age      ] GC(0) Age table with threshold 15 (max threshold 15)
[2025-09-22T06:45:12.623+0000][68][gc,age      ] GC(0) - age   1:    3060888 bytes,    3060888 total
[2025-09-22T06:45:12.623+0000][68][gc,heap     ] GC(0) Eden regions: 6->0(20)
[2025-09-22T06:45:12.623+0000][68][gc,heap     ] GC(0) Survivor regions: 0->1(1)
[2025-09-22T06:45:12.623+0000][68][gc,heap     ] GC(0) Old regions: 0->0
[2025-09-22T06:45:12.623+0000][68][gc,heap     ] GC(0) Archive regions: 2->2
[2025-09-22T06:45:12.623+0000][68][gc,heap     ] GC(0) Humongous regions: 0->0
[2025-09-22T06:45:12.623+0000][68][gc,metaspace] GC(0) Metaspace: 2382K(2560K)->2382K(2560K) NonClass: 2167K(2240K)->2167K(2240K) Class: 214K(320K)->214K(320K)
[2025-09-22T06:45:12.624+0000][68][gc          ] GC(0) Pause Young (Normal) (G1 Evacuation Pause) 28M->7M(512M) 4.438ms
[2025-09-22T06:45:12.624+0000][68][gc,cpu      ] GC(0) User=0.01s Sys=0.01s Real=0.00s
[2025-09-22T06:45:12.624+0000][68][safepoint   ] Safepoint "G1CollectForAllocation", Time since last: 41535416 ns, Reaching safepoint: 144792 ns, At safepoint: 4714875 ns, Total: 4859667 ns
[2025-09-22T06:45:12.777+0000][68][safepoint   ] Safepoint "ICBufferFull", Time since last: 152631958 ns, Reaching safepoint: 240667 ns, At safepoint: 4458 ns, Total: 245125 ns
[2025-09-22T06:45:12.956+0000][68][safepoint   ] Safepoint "ICBufferFull", Time since last: 178137667 ns, Reaching safepoint: 1283500 ns, At safepoint: 19083 ns, Total: 1302583 ns
[2025-09-22T06:45:13.066+0000][68][safepoint   ] Safepoint "ICBufferFull", Time since last: 109255459 ns, Reaching safepoint: 202208 ns, At safepoint: 41167 ns, Total: 243375 ns
[2025-09-22T06:45:13.327+0000][68][safepoint   ] Safepoint "ICBufferFull", Time since last: 260922458 ns, Reaching safepoint: 234667 ns, At safepoint: 4792 ns, Total: 239459 ns
[2025-09-22T06:45:13.477+0000][68][safepoint   ] Safepoint "ICBufferFull", Time since last: 148741041 ns, Reaching safepoint: 1365042 ns, At safepoint: 21500 ns, Total: 1386542 ns
[2025-09-22T06:45:13.604+0000][68][safepoint   ] Safepoint "ICBufferFull", Time since last: 126970875 ns, Reaching safepoint: 224667 ns, At safepoint: 15833 ns, Total: 240500 ns
[2025-09-22T06:45:13.816+0000][68][safepoint   ] Safepoint "ICBufferFull", Time since last: 211221084 ns, Reaching safepoint: 544166 ns, At safepoint: 17709 ns, Total: 561875 ns
[2025-09-22T06:45:13.907+0000][68][gc,start    ] GC(1) Pause Young (Normal) (G1 Evacuation Pause)
[2025-09-22T06:45:13.908+0000][68][gc,task     ] GC(1) Using 8 workers of 8 for evacuation
[2025-09-22T06:45:13.908+0000][68][gc,age      ] GC(1) Desired survivor size 6291456 bytes, new threshold 15 (max threshold 15)
[2025-09-22T06:45:13.914+0000][68][gc,phases   ] GC(1)   Pre Evacuate Collection Set: 0.1ms
[2025-09-22T06:45:13.914+0000][68][gc,phases   ] GC(1)   Merge Heap Roots: 0.1ms
[2025-09-22T06:45:13.914+0000][68][gc,phases   ] GC(1)   Evacuate Collection Set: 4.5ms
[2025-09-22T06:45:13.914+0000][68][gc,phases   ] GC(1)   Post Evacuate Collection Set: 1.2ms
[2025-09-22T06:45:13.914+0000][68][gc,phases   ] GC(1)   Other: 0.2ms
[2025-09-22T06:45:13.914+0000][68][gc,age      ] GC(1) Age table with threshold 15 (max threshold 15)
[2025-09-22T06:45:13.914+0000][68][gc,age      ] GC(1) - age   1:    5625992 bytes,    5625992 total
[2025-09-22T06:45:13.914+0000][68][gc,age      ] GC(1) - age   2:    3019392 bytes,    8645384 total
[2025-09-22T06:45:13.914+0000][68][gc,heap     ] GC(1) Eden regions: 20->0(43)
[2025-09-22T06:45:13.914+0000][68][gc,heap     ] GC(1) Survivor regions: 1->3(3)
[2025-09-22T06:45:13.914+0000][68][gc,heap     ] GC(1) Old regions: 0->0
[2025-09-22T06:45:13.914+0000][68][gc,heap     ] GC(1) Archive regions: 2->2
[2025-09-22T06:45:13.914+0000][68][gc,heap     ] GC(1) Humongous regions: 0->0
[2025-09-22T06:45:13.914+0000][68][gc,metaspace] GC(1) Metaspace: 16315K(16832K)->16315K(16832K) NonClass: 14461K(14720K)->14461K(14720K) Class: 1853K(2112K)->1853K(2112K)
[2025-09-22T06:45:13.914+0000][68][gc          ] GC(1) Pause Young (Normal) (G1 Evacuation Pause) 87M->12M(512M) 6.938ms
[2025-09-22T06:45:13.914+0000][68][gc,cpu      ] GC(1) User=0.03s Sys=0.00s Real=0.01s
[2025-09-22T06:45:13.914+0000][68][safepoint   ] Safepoint "G1CollectForAllocation", Time since last: 91316083 ns, Reaching safepoint: 173792 ns, At safepoint: 7072958 ns, Total: 7246750 ns
[2025-09-22T06:45:14.087+0000][68][safepoint   ] Safepoint "ICBufferFull", Time since last: 172377500 ns, Reaching safepoint: 208833 ns, At safepoint: 17542 ns, Total: 226375 ns
[2025-09-22T06:45:14.321+0000][68][safepoint   ] Safepoint "ICBufferFull", Time since last: 233063333 ns, Reaching safepoint: 772792 ns, At safepoint: 18292 ns, Total: 791084 ns
[2025-09-22T06:45:14.672+0000][68][safepoint   ] Safepoint "ICBufferFull", Time since last: 350794875 ns, Reaching safepoint: 222458 ns, At safepoint: 9959 ns, Total: 232417 ns
[2025-09-22T06:45:14.692+0000][68][gc,start    ] GC(2) Pause Young (Concurrent Start) (Metadata GC Threshold)
[2025-09-22T06:45:14.692+0000][68][gc,task     ] GC(2) Using 8 workers of 8 for evacuation
[2025-09-22T06:45:14.692+0000][68][gc,age      ] GC(2) Desired survivor size 12582912 bytes, new threshold 15 (max threshold 15)
[2025-09-22T06:45:14.698+0000][68][gc,phases   ] GC(2)   Pre Evacuate Collection Set: 0.2ms
[2025-09-22T06:45:14.699+0000][68][gc,phases   ] GC(2)   Merge Heap Roots: 0.1ms
[2025-09-22T06:45:14.699+0000][68][gc,phases   ] GC(2)   Evacuate Collection Set: 5.2ms
[2025-09-22T06:45:14.699+0000][68][gc,phases   ] GC(2)   Post Evacuate Collection Set: 1.1ms
[2025-09-22T06:45:14.699+0000][68][gc,phases   ] GC(2)   Other: 0.2ms
[2025-09-22T06:45:14.699+0000][68][gc,age      ] GC(2) Age table with threshold 15 (max threshold 15)
[2025-09-22T06:45:14.699+0000][68][gc,age      ] GC(2) - age   1:    3344008 bytes,    3344008 total
[2025-09-22T06:45:14.699+0000][68][gc,age      ] GC(2) - age   2:    4769896 bytes,    8113904 total
[2025-09-22T06:45:14.699+0000][68][gc,age      ] GC(2) - age   3:    3018536 bytes,   11132440 total
[2025-09-22T06:45:14.699+0000][68][gc,heap     ] GC(2) Eden regions: 34->0(73)
[2025-09-22T06:45:14.699+0000][68][gc,heap     ] GC(2) Survivor regions: 3->3(6)
[2025-09-22T06:45:14.699+0000][68][gc,heap     ] GC(2) Old regions: 0->0
[2025-09-22T06:45:14.699+0000][68][gc,heap     ] GC(2) Archive regions: 2->2
[2025-09-22T06:45:14.699+0000][68][gc,heap     ] GC(2) Humongous regions: 0->0
[2025-09-22T06:45:14.699+0000][68][gc,metaspace] GC(2) Metaspace: 21000K(21504K)->21000K(21504K) NonClass: 18692K(18944K)->18692K(18944K) Class: 2307K(2560K)->2307K(2560K)
[2025-09-22T06:45:14.699+0000][68][gc          ] GC(2) Pause Young (Concurrent Start) (Metadata GC Threshold) 145M->15M(512M) 7.614ms
[2025-09-22T06:45:14.699+0000][68][gc,cpu      ] GC(2) User=0.03s Sys=0.00s Real=0.01s
[2025-09-22T06:45:14.699+0000][68][gc          ] GC(3) Concurrent Mark Cycle
[2025-09-22T06:45:14.699+0000][68][gc,marking  ] GC(3) Concurrent Clear Claimed Marks
[2025-09-22T06:45:14.699+0000][68][safepoint   ] Safepoint "CollectForMetadataAllocation", Time since last: 19484708 ns, Reaching safepoint: 76792 ns, At safepoint: 7877750 ns, Total: 7954542 ns
[2025-09-22T06:45:14.700+0000][68][gc,marking  ] GC(3) Concurrent Clear Claimed Marks 0.106ms
[2025-09-22T06:45:14.700+0000][68][gc,marking  ] GC(3) Concurrent Scan Root Regions
[2025-09-22T06:45:14.703+0000][68][gc,marking  ] GC(3) Concurrent Scan Root Regions 3.040ms
[2025-09-22T06:45:14.707+0000][68][gc,marking  ] GC(3) Concurrent Mark
[2025-09-22T06:45:14.707+0000][68][gc,marking  ] GC(3) Concurrent Mark From Roots
[2025-09-22T06:45:14.707+0000][68][gc,task     ] GC(3) Using 2 workers of 2 for marking
[2025-09-22T06:45:14.707+0000][68][gc,marking  ] GC(3) Concurrent Mark From Roots 0.751ms
[2025-09-22T06:45:14.708+0000][68][gc,marking  ] GC(3) Concurrent Preclean
[2025-09-22T06:45:14.708+0000][68][gc,marking  ] GC(3) Concurrent Preclean 0.122ms
[2025-09-22T06:45:14.709+0000][68][gc,start    ] GC(3) Pause Remark
[2025-09-22T06:45:14.711+0000][68][gc          ] GC(3) Pause Remark 17M->17M(512M) 2.257ms
[2025-09-22T06:45:14.711+0000][68][gc,cpu      ] GC(3) User=0.01s Sys=0.00s Real=0.00s
[2025-09-22T06:45:14.711+0000][68][safepoint   ] Safepoint "G1PauseRemark", Time since last: 8928375 ns, Reaching safepoint: 338250 ns, At safepoint: 2400416 ns, Total: 2738666 ns
[2025-09-22T06:45:14.719+0000][68][gc,marking  ] GC(3) Concurrent Mark 12.019ms
[2025-09-22T06:45:14.719+0000][68][gc,marking  ] GC(3) Concurrent Rebuild Remembered Sets
[2025-09-22T06:45:14.719+0000][68][gc,marking  ] GC(3) Concurrent Rebuild Remembered Sets 0.106ms
[2025-09-22T06:45:14.720+0000][68][gc,start    ] GC(3) Pause Cleanup
[2025-09-22T06:45:14.720+0000][68][gc          ] GC(3) Pause Cleanup 17M->17M(512M) 0.083ms
[2025-09-22T06:45:14.720+0000][68][gc,cpu      ] GC(3) User=0.00s Sys=0.00s Real=0.00s
[2025-09-22T06:45:14.720+0000][68][safepoint   ] Safepoint "G1PauseCleanup", Time since last: 7950709 ns, Reaching safepoint: 778500 ns, At safepoint: 227500 ns, Total: 1006000 ns
[2025-09-22T06:45:14.724+0000][68][gc,marking  ] GC(3) Concurrent Cleanup for Next Mark
[2025-09-22T06:45:14.725+0000][68][gc,marking  ] GC(3) Concurrent Cleanup for Next Mark 0.343ms
[2025-09-22T06:45:14.725+0000][68][gc          ] GC(3) Concurrent Mark Cycle 25.635ms
[2025-09-22T06:45:14.898+0000][68][safepoint   ] Safepoint "ICBufferFull", Time since last: 177868833 ns, Reaching safepoint: 217750 ns, At safepoint: 10375 ns, Total: 228125 ns
[2025-09-22T06:45:15.089+0000][68][safepoint   ] Safepoint "ICBufferFull", Time since last: 190672833 ns, Reaching safepoint: 230334 ns, At safepoint: 4875 ns, Total: 235209 ns
[2025-09-22T06:45:15.193+0000][68][safepoint   ] Safepoint "ICBufferFull", Time since last: 103299833 ns, Reaching safepoint: 656250 ns, At safepoint: 17250 ns, Total: 673500 ns
[2025-09-22T06:45:15.465+0000][68][safepoint   ] Safepoint "ICBufferFull", Time since last: 271166417 ns, Reaching safepoint: 505625 ns, At safepoint: 7208 ns, Total: 512833 ns
[2025-09-22T06:45:15.692+0000][68][gc,start    ] GC(4) Pause Young (Normal) (G1 Evacuation Pause)
[2025-09-22T06:45:15.692+0000][68][gc,task     ] GC(4) Using 8 workers of 8 for evacuation
[2025-09-22T06:45:15.692+0000][68][gc,age      ] GC(4) Desired survivor size 20971520 bytes, new threshold 15 (max threshold 15)
[2025-09-22T06:45:15.705+0000][68][gc,phases   ] GC(4)   Pre Evacuate Collection Set: 0.1ms
[2025-09-22T06:45:15.705+0000][68][gc,phases   ] GC(4)   Merge Heap Roots: 0.1ms
[2025-09-22T06:45:15.705+0000][68][gc,phases   ] GC(4)   Evacuate Collection Set: 10.0ms
[2025-09-22T06:45:15.705+0000][68][gc,phases   ] GC(4)   Post Evacuate Collection Set: 1.9ms
[2025-09-22T06:45:15.705+0000][68][gc,phases   ] GC(4)   Other: 0.3ms
[2025-09-22T06:45:15.705+0000][68][gc,age      ] GC(4) Age table with threshold 15 (max threshold 15)
[2025-09-22T06:45:15.705+0000][68][gc,age      ] GC(4) - age   1:    7136984 bytes,    7136984 total
[2025-09-22T06:45:15.705+0000][68][gc,age      ] GC(4) - age   2:    3264960 bytes,   10401944 total
[2025-09-22T06:45:15.705+0000][68][gc,age      ] GC(4) - age   3:    4766536 bytes,   15168480 total
[2025-09-22T06:45:15.706+0000][68][gc,age      ] GC(4) - age   4:    3018152 bytes,   18186632 total
[2025-09-22T06:45:15.706+0000][68][gc,heap     ] GC(4) Eden regions: 73->0(71)
[2025-09-22T06:45:15.706+0000][68][gc,heap     ] GC(4) Survivor regions: 3->5(10)
[2025-09-22T06:45:15.706+0000][68][gc,heap     ] GC(4) Old regions: 0->0
[2025-09-22T06:45:15.706+0000][68][gc,heap     ] GC(4) Archive regions: 2->2
[2025-09-22T06:45:15.706+0000][68][gc,heap     ] GC(4) Humongous regions: 0->0
[2025-09-22T06:45:15.706+0000][68][gc,metaspace] GC(4) Metaspace: 26135K(26752K)->26135K(26752K) NonClass: 23158K(23488K)->23158K(23488K) Class: 2976K(3264K)->2976K(3264K)
[2025-09-22T06:45:15.706+0000][68][gc          ] GC(4) Pause Young (Normal) (G1 Evacuation Pause) 307M->22M(512M) 13.984ms
[2025-09-22T06:45:15.706+0000][68][gc,cpu      ] GC(4) User=0.05s Sys=0.00s Real=0.01s
[2025-09-22T06:45:15.706+0000][68][safepoint   ] Safepoint "G1CollectForAllocation", Time since last: 227090292 ns, Reaching safepoint: 301208 ns, At safepoint: 14197875 ns, Total: 14499083 ns
[2025-09-22T06:45:16.129+0000][68][safepoint   ] Safepoint "ICBufferFull", Time since last: 421729542 ns, Reaching safepoint: 768125 ns, At safepoint: 6667 ns, Total: 774792 ns
[2025-09-22T06:45:16.674+0000][68][safepoint   ] Safepoint "ICBufferFull", Time since last: 545015250 ns, Reaching safepoint: 331584 ns, At safepoint: 5375 ns, Total: 336959 ns
[2025-09-22T06:45:16.676+0000][68][gc,start    ] GC(5) Pause Young (Normal) (G1 Evacuation Pause)
[2025-09-22T06:45:16.676+0000][68][gc,task     ] GC(5) Using 8 workers of 8 for evacuation
[2025-09-22T06:45:16.676+0000][68][gc,age      ] GC(5) Desired survivor size 20971520 bytes, new threshold 15 (max threshold 15)
[2025-09-22T06:45:16.688+0000][68][gc,phases   ] GC(5)   Pre Evacuate Collection Set: 0.1ms
[2025-09-22T06:45:16.688+0000][68][gc,phases   ] GC(5)   Merge Heap Roots: 0.1ms
[2025-09-22T06:45:16.688+0000][68][gc,phases   ] GC(5)   Evacuate Collection Set: 10.6ms
[2025-09-22T06:45:16.688+0000][68][gc,phases   ] GC(5)   Post Evacuate Collection Set: 1.4ms
[2025-09-22T06:45:16.689+0000][68][gc,phases   ] GC(5)   Other: 0.2ms
[2025-09-22T06:45:16.689+0000][68][gc,age      ] GC(5) Age table with threshold 15 (max threshold 15)
[2025-09-22T06:45:16.689+0000][68][gc,age      ] GC(5) - age   1:    5245952 bytes,    5245952 total
[2025-09-22T06:45:16.689+0000][68][gc,age      ] GC(5) - age   2:    6698384 bytes,   11944336 total
[2025-09-22T06:45:16.689+0000][68][gc,age      ] GC(5) - age   3:    3242032 bytes,   15186368 total
[2025-09-22T06:45:16.689+0000][68][gc,age      ] GC(5) - age   4:    4756824 bytes,   19943192 total
[2025-09-22T06:45:16.689+0000][68][gc,age      ] GC(5) - age   5:    3017808 bytes,   22961000 total
[2025-09-22T06:45:16.689+0000][68][gc,heap     ] GC(5) Eden regions: 71->0(70)
[2025-09-22T06:45:16.689+0000][68][gc,heap     ] GC(5) Survivor regions: 5->6(10)
[2025-09-22T06:45:16.690+0000][68][gc,heap     ] GC(5) Old regions: 0->0
[2025-09-22T06:45:16.690+0000][68][gc,heap     ] GC(5) Archive regions: 2->2
[2025-09-22T06:45:16.690+0000][68][gc,heap     ] GC(5) Humongous regions: 0->0
[2025-09-22T06:45:16.690+0000][68][gc,metaspace] GC(5) Metaspace: 32443K(33216K)->32443K(33216K) NonClass: 28769K(29184K)->28769K(29184K) Class: 3674K(4032K)->3674K(4032K)
[2025-09-22T06:45:16.690+0000][68][gc          ] GC(5) Pause Young (Normal) (G1 Evacuation Pause) 306M->27M(512M) 14.236ms
[2025-09-22T06:45:16.690+0000][68][gc,cpu      ] GC(5) User=0.07s Sys=0.00s Real=0.02s
[2025-09-22T06:45:16.690+0000][68][safepoint   ] Safepoint "G1CollectForAllocation", Time since last: 1355041 ns, Reaching safepoint: 86000 ns, At safepoint: 14432500 ns, Total: 14518500 ns
[2025-09-22T06:45:17.077+0000][68][safepoint   ] Safepoint "ICBufferFull", Time since last: 386703959 ns, Reaching safepoint: 248958 ns, At safepoint: 24750 ns, Total: 273708 ns
[2025-09-22T06:45:17.383+0000][68][gc,start    ] GC(6) Pause Young (Normal) (G1 Evacuation Pause)
[2025-09-22T06:45:17.383+0000][68][gc,task     ] GC(6) Using 8 workers of 8 for evacuation
[2025-09-22T06:45:17.383+0000][68][gc,age      ] GC(6) Desired survivor size 20971520 bytes, new threshold 5 (max threshold 15)
[2025-09-22T06:45:17.395+0000][68][gc,phases   ] GC(6)   Pre Evacuate Collection Set: 0.1ms
[2025-09-22T06:45:17.395+0000][68][gc,phases   ] GC(6)   Merge Heap Roots: 0.1ms
[2025-09-22T06:45:17.395+0000][68][gc,phases   ] GC(6)   Evacuate Collection Set: 9.7ms
[2025-09-22T06:45:17.395+0000][68][gc,phases   ] GC(6)   Post Evacuate Collection Set: 1.6ms
[2025-09-22T06:45:17.395+0000][68][gc,phases   ] GC(6)   Other: 0.4ms
[2025-09-22T06:45:17.395+0000][68][gc,age      ] GC(6) Age table with threshold 5 (max threshold 15)
[2025-09-22T06:45:17.395+0000][68][gc,age      ] GC(6) - age   1:    3712008 bytes,    3712008 total
[2025-09-22T06:45:17.395+0000][68][gc,age      ] GC(6) - age   2:    4631464 bytes,    8343472 total
[2025-09-22T06:45:17.395+0000][68][gc,age      ] GC(6) - age   3:    6695808 bytes,   15039280 total
[2025-09-22T06:45:17.395+0000][68][gc,age      ] GC(6) - age   4:    3241632 bytes,   18280912 total
[2025-09-22T06:45:17.396+0000][68][gc,age      ] GC(6) - age   5:    4751848 bytes,   23032760 total
[2025-09-22T06:45:17.396+0000][68][gc,heap     ] GC(6) Eden regions: 70->0(70)
[2025-09-22T06:45:17.396+0000][68][gc,heap     ] GC(6) Survivor regions: 6->6(10)
[2025-09-22T06:45:17.396+0000][68][gc,heap     ] GC(6) Old regions: 0->1
[2025-09-22T06:45:17.396+0000][68][gc,heap     ] GC(6) Archive regions: 2->2
[2025-09-22T06:45:17.396+0000][68][gc,heap     ] GC(6) Humongous regions: 0->0
[2025-09-22T06:45:17.396+0000][68][gc,metaspace] GC(6) Metaspace: 34373K(35200K)->34373K(35200K) NonClass: 30451K(30912K)->30451K(30912K) Class: 3922K(4288K)->3922K(4288K)
[2025-09-22T06:45:17.396+0000][68][gc          ] GC(6) Pause Young (Normal) (G1 Evacuation Pause) 307M->30M(512M) 13.290ms
[2025-09-22T06:45:17.396+0000][68][gc,cpu      ] GC(6) User=0.05s Sys=0.01s Real=0.01s
[2025-09-22T06:45:17.396+0000][68][safepoint   ] Safepoint "G1CollectForAllocation", Time since last: 305490209 ns, Reaching safepoint: 196125 ns, At safepoint: 13476291 ns, Total: 13672416 ns
[2025-09-22T06:45:18.574+0000][68][safepoint   ] Safepoint "Cleanup", Time since last: 1020884292 ns, Reaching safepoint: 154871542 ns, At safepoint: 2556292 ns, Total: 157427834 ns
[2025-09-22T06:45:18.626+0000][68][gc,start    ] GC(7) Pause Young (Concurrent Start) (Metadata GC Threshold)
[2025-09-22T06:45:18.629+0000][68][gc,task     ] GC(7) Using 8 workers of 8 for evacuation
[2025-09-22T06:45:18.629+0000][68][gc,age      ] GC(7) Desired survivor size 20971520 bytes, new threshold 5 (max threshold 15)
[2025-09-22T06:45:18.721+0000][68][gc,phases   ] GC(7)   Pre Evacuate Collection Set: 4.4ms
[2025-09-22T06:45:18.723+0000][68][gc,phases   ] GC(7)   Merge Heap Roots: 6.3ms
[2025-09-22T06:45:18.728+0000][68][gc,phases   ] GC(7)   Evacuate Collection Set: 74.6ms
[2025-09-22T06:45:18.732+0000][68][gc,phases   ] GC(7)   Post Evacuate Collection Set: 6.3ms
[2025-09-22T06:45:18.732+0000][68][gc,phases   ] GC(7)   Other: 0.2ms
[2025-09-22T06:45:18.741+0000][68][gc,age      ] GC(7) Age table with threshold 5 (max threshold 15)
[2025-09-22T06:45:18.751+0000][68][gc,age      ] GC(7) - age   1:    3293656 bytes,    3293656 total
[2025-09-22T06:45:18.752+0000][68][gc,age      ] GC(7) - age   2:    3676080 bytes,    6969736 total
[2025-09-22T06:45:18.754+0000][68][gc,age      ] GC(7) - age   3:    4619432 bytes,   11589168 total
[2025-09-22T06:45:18.754+0000][68][gc,age      ] GC(7) - age   4:    6681888 bytes,   18271056 total
[2025-09-22T06:45:18.755+0000][68][gc,age      ] GC(7) - age   5:    3230392 bytes,   21501448 total
[2025-09-22T06:45:18.755+0000][68][gc,heap     ] GC(7) Eden regions: 55->0(70)
[2025-09-22T06:45:18.756+0000][68][gc,heap     ] GC(7) Survivor regions: 6->6(10)
[2025-09-22T06:45:18.757+0000][68][gc,heap     ] GC(7) Old regions: 1->2
[2025-09-22T06:45:18.757+0000][68][gc,heap     ] GC(7) Archive regions: 2->2
[2025-09-22T06:45:18.757+0000][68][gc,heap     ] GC(7) Humongous regions: 0->0
[2025-09-22T06:45:18.757+0000][68][gc,metaspace] GC(7) Metaspace: 35451K(36288K)->35451K(36288K) NonClass: 31408K(31872K)->31408K(31872K) Class: 4043K(4416K)->4043K(4416K)
[2025-09-22T06:45:18.757+0000][68][gc          ] GC(7) Pause Young (Concurrent Start) (Metadata GC Threshold) 250M->35M(512M) 131.355ms
[2025-09-22T06:45:18.758+0000][68][gc,cpu      ] GC(7) User=0.22s Sys=0.07s Real=0.14s
[2025-09-22T06:45:18.758+0000][68][gc          ] GC(8) Concurrent Mark Cycle
[2025-09-22T06:45:18.759+0000][68][gc,marking  ] GC(8) Concurrent Clear Claimed Marks
[2025-09-22T06:45:18.759+0000][68][safepoint   ] Safepoint "CollectForMetadataAllocation", Time since last: 51451792 ns, Reaching safepoint: 65541 ns, At safepoint: 133303000 ns, Total: 133368541 ns
[2025-09-22T06:45:18.759+0000][68][gc,marking  ] GC(8) Concurrent Clear Claimed Marks 0.426ms
[2025-09-22T06:45:18.763+0000][68][gc,marking  ] GC(8) Concurrent Scan Root Regions
[2025-09-22T06:45:18.781+0000][68][gc,marking  ] GC(8) Concurrent Scan Root Regions 17.925ms
[2025-09-22T06:45:18.781+0000][68][gc,marking  ] GC(8) Concurrent Mark
[2025-09-22T06:45:18.782+0000][68][gc,marking  ] GC(8) Concurrent Mark From Roots
[2025-09-22T06:45:18.782+0000][68][gc,task     ] GC(8) Using 2 workers of 2 for marking
[2025-09-22T06:45:18.786+0000][68][gc,marking  ] GC(8) Concurrent Mark From Roots 3.898ms
[2025-09-22T06:45:18.786+0000][68][gc,marking  ] GC(8) Concurrent Preclean
[2025-09-22T06:45:18.786+0000][68][gc,marking  ] GC(8) Concurrent Preclean 0.170ms
[2025-09-22T06:45:18.789+0000][68][gc,start    ] GC(8) Pause Remark
[2025-09-22T06:45:18.795+0000][68][gc          ] GC(8) Pause Remark 37M->37M(512M) 5.857ms
[2025-09-22T06:45:18.795+0000][68][gc,cpu      ] GC(8) User=0.02s Sys=0.00s Real=0.00s
[2025-09-22T06:45:18.795+0000][68][safepoint   ] Safepoint "G1PauseRemark", Time since last: 28909334 ns, Reaching safepoint: 644875 ns, At safepoint: 6204208 ns, Total: 6849083 ns
[2025-09-22T06:45:18.801+0000][68][gc,marking  ] GC(8) Concurrent Mark 19.661ms
[2025-09-22T06:45:18.801+0000][68][gc,marking  ] GC(8) Concurrent Rebuild Remembered Sets
[2025-09-22T06:45:18.801+0000][68][gc,marking  ] GC(8) Concurrent Rebuild Remembered Sets 0.156ms
[2025-09-22T06:45:18.802+0000][68][gc,start    ] GC(8) Pause Cleanup
[2025-09-22T06:45:18.802+0000][68][gc          ] GC(8) Pause Cleanup 37M->37M(512M) 0.152ms
[2025-09-22T06:45:18.802+0000][68][gc,cpu      ] GC(8) User=0.00s Sys=0.00s Real=0.00s
[2025-09-22T06:45:18.802+0000][68][safepoint   ] Safepoint "G1PauseCleanup", Time since last: 6521375 ns, Reaching safepoint: 107208 ns, At safepoint: 503792 ns, Total: 611000 ns
[2025-09-22T06:45:18.806+0000][68][gc,marking  ] GC(8) Concurrent Cleanup for Next Mark
[2025-09-22T06:45:18.813+0000][68][gc,marking  ] GC(8) Concurrent Cleanup for Next Mark 6.844ms
[2025-09-22T06:45:18.813+0000][68][gc          ] GC(8) Concurrent Mark Cycle 55.408ms
[2025-09-22T06:45:19.620+0000][68][safepoint   ] Safepoint "ICBufferFull", Time since last: 817573584 ns, Reaching safepoint: 616625 ns, At safepoint: 7333 ns, Total: 623958 ns
[2025-09-22T06:45:20.178+0000][68][safepoint   ] Safepoint "ICBufferFull", Time since last: 553847334 ns, Reaching safepoint: 3877208 ns, At safepoint: 33250 ns, Total: 3910458 ns
[2025-09-22T06:45:20.559+0000][68][safepoint   ] Safepoint "ICBufferFull", Time since last: 380717792 ns, Reaching safepoint: 622625 ns, At safepoint: 7500 ns, Total: 630125 ns
[2025-09-22T06:45:21.385+0000][68][safepoint   ] Safepoint "ICBufferFull", Time since last: 824554500 ns, Reaching safepoint: 986500 ns, At safepoint: 6292 ns, Total: 992792 ns
[2025-09-22T06:45:21.912+0000][68][gc,start    ] GC(9) Pause Young (Normal) (G1 Evacuation Pause)
[2025-09-22T06:45:21.912+0000][68][gc,task     ] GC(9) Using 8 workers of 8 for evacuation
[2025-09-22T06:45:21.912+0000][68][gc,age      ] GC(9) Desired survivor size 20971520 bytes, new threshold 5 (max threshold 15)
[2025-09-22T06:45:21.949+0000][68][gc,phases   ] GC(9)   Pre Evacuate Collection Set: 0.1ms
[2025-09-22T06:45:21.950+0000][68][gc,phases   ] GC(9)   Merge Heap Roots: 0.1ms
[2025-09-22T06:45:21.950+0000][68][gc,phases   ] GC(9)   Evacuate Collection Set: 33.8ms
[2025-09-22T06:45:21.950+0000][68][gc,phases   ] GC(9)   Post Evacuate Collection Set: 3.2ms
[2025-09-22T06:45:21.950+0000][68][gc,phases   ] GC(9)   Other: 0.2ms
[2025-09-22T06:45:21.950+0000][68][gc,age      ] GC(9) Age table with threshold 5 (max threshold 15)
[2025-09-22T06:45:21.950+0000][68][gc,age      ] GC(9) - age   1:   18481688 bytes,   18481688 total
[2025-09-22T06:45:21.950+0000][68][gc,age      ] GC(9) - age   2:    3267800 bytes,   21749488 total
[2025-09-22T06:45:21.950+0000][68][gc,age      ] GC(9) - age   3:    3657896 bytes,   25407384 total
[2025-09-22T06:45:21.950+0000][68][gc,age      ] GC(9) - age   4:    4598936 bytes,   30006320 total
[2025-09-22T06:45:21.950+0000][68][gc,age      ] GC(9) - age   5:    6653592 bytes,   36659912 total
[2025-09-22T06:45:21.950+0000][68][gc,heap     ] GC(9) Eden regions: 70->0(66)
[2025-09-22T06:45:21.950+0000][68][gc,heap     ] GC(9) Survivor regions: 6->10(10)
[2025-09-22T06:45:21.950+0000][68][gc,heap     ] GC(9) Old regions: 2->3
[2025-09-22T06:45:21.950+0000][68][gc,heap     ] GC(9) Archive regions: 2->2
[2025-09-22T06:45:21.950+0000][68][gc,heap     ] GC(9) Humongous regions: 0->0
[2025-09-22T06:45:21.950+0000][68][gc,metaspace] GC(9) Metaspace: 44506K(45888K)->44506K(45888K) NonClass: 39228K(40064K)->39228K(40064K) Class: 5277K(5824K)->5277K(5824K)
[2025-09-22T06:45:21.950+0000][68][gc          ] GC(9) Pause Young (Normal) (G1 Evacuation Pause) 315M->51M(512M) 38.575ms
[2025-09-22T06:45:21.950+0000][68][gc,cpu      ] GC(9) User=0.17s Sys=0.00s Real=0.04s
[2025-09-22T06:45:21.950+0000][68][safepoint   ] Safepoint "G1CollectForAllocation", Time since last: 526085250 ns, Reaching safepoint: 605958 ns, At safepoint: 38782667 ns, Total: 39388625 ns
[2025-09-22T06:45:22.203+0000][68][safepoint   ] Safepoint "ICBufferFull", Time since last: 252034167 ns, Reaching safepoint: 269625 ns, At safepoint: 10208 ns, Total: 279833 ns
[2025-09-22T06:45:22.415+0000][68][safepoint   ] Safepoint "ICBufferFull", Time since last: 212221084 ns, Reaching safepoint: 230250 ns, At safepoint: 5125 ns, Total: 235375 ns
[2025-09-22T06:45:22.614+0000][68][safepoint   ] Safepoint "ICBufferFull", Time since last: 198864333 ns, Reaching safepoint: 231750 ns, At safepoint: 13792 ns, Total: 245542 ns
[2025-09-22T06:45:23.103+0000][68][gc,start    ] GC(10) Pause Young (Concurrent Start) (Metadata GC Threshold)
[2025-09-22T06:45:23.103+0000][68][gc,task     ] GC(10) Using 8 workers of 8 for evacuation
[2025-09-22T06:45:23.103+0000][68][gc,age      ] GC(10) Desired survivor size 20971520 bytes, new threshold 2 (max threshold 15)
[2025-09-22T06:45:23.131+0000][68][gc,phases   ] GC(10)   Pre Evacuate Collection Set: 0.4ms
[2025-09-22T06:45:23.131+0000][68][gc,phases   ] GC(10)   Merge Heap Roots: 0.1ms
[2025-09-22T06:45:23.131+0000][68][gc,phases   ] GC(10)   Evacuate Collection Set: 22.7ms
[2025-09-22T06:45:23.131+0000][68][gc,phases   ] GC(10)   Post Evacuate Collection Set: 3.6ms
[2025-09-22T06:45:23.131+0000][68][gc,phases   ] GC(10)   Other: 0.5ms
[2025-09-22T06:45:23.132+0000][68][gc,age      ] GC(10) Age table with threshold 2 (max threshold 15)
[2025-09-22T06:45:23.132+0000][68][gc,age      ] GC(10) - age   1:    7089088 bytes,    7089088 total
[2025-09-22T06:45:23.132+0000][68][gc,age      ] GC(10) - age   2:   18082920 bytes,   25172008 total
[2025-09-22T06:45:23.132+0000][68][gc,heap     ] GC(10) Eden regions: 42->0(69)
[2025-09-22T06:45:23.132+0000][68][gc,heap     ] GC(10) Survivor regions: 10->7(10)
[2025-09-22T06:45:23.132+0000][68][gc,heap     ] GC(10) Old regions: 3->8
[2025-09-22T06:45:23.132+0000][68][gc,heap     ] GC(10) Archive regions: 2->2
[2025-09-22T06:45:23.132+0000][68][gc,heap     ] GC(10) Humongous regions: 0->0
[2025-09-22T06:45:23.132+0000][68][gc,metaspace] GC(10) Metaspace: 59213K(60608K)->59213K(60608K) NonClass: 51838K(52672K)->51838K(52672K) Class: 7375K(7936K)->7375K(7936K)
[2025-09-22T06:45:23.132+0000][68][gc          ] GC(10) Pause Young (Concurrent Start) (Metadata GC Threshold) 219M->59M(512M) 29.816ms
[2025-09-22T06:45:23.132+0000][68][gc,cpu      ] GC(10) User=0.13s Sys=0.00s Real=0.03s
[2025-09-22T06:45:23.132+0000][68][gc          ] GC(11) Concurrent Mark Cycle
[2025-09-22T06:45:23.133+0000][68][gc,marking  ] GC(11) Concurrent Clear Claimed Marks
[2025-09-22T06:45:23.133+0000][68][safepoint   ] Safepoint "CollectForMetadataAllocation", Time since last: 487792250 ns, Reaching safepoint: 265625 ns, At safepoint: 30489542 ns, Total: 30755167 ns
[2025-09-22T06:45:23.133+0000][68][gc,marking  ] GC(11) Concurrent Clear Claimed Marks 0.285ms
[2025-09-22T06:45:23.134+0000][68][gc,marking  ] GC(11) Concurrent Scan Root Regions
[2025-09-22T06:45:23.150+0000][68][gc,marking  ] GC(11) Concurrent Scan Root Regions 16.827ms
[2025-09-22T06:45:23.151+0000][68][gc,marking  ] GC(11) Concurrent Mark
[2025-09-22T06:45:23.151+0000][68][gc,marking  ] GC(11) Concurrent Mark From Roots
[2025-09-22T06:45:23.155+0000][68][gc,task     ] GC(11) Using 2 workers of 2 for marking
[2025-09-22T06:45:23.164+0000][68][gc,marking  ] GC(11) Concurrent Mark From Roots 13.282ms
[2025-09-22T06:45:23.164+0000][68][gc,marking  ] GC(11) Concurrent Preclean
[2025-09-22T06:45:23.164+0000][68][gc,marking  ] GC(11) Concurrent Preclean 0.182ms
[2025-09-22T06:45:23.167+0000][68][gc,start    ] GC(11) Pause Remark
[2025-09-22T06:45:23.180+0000][68][gc          ] GC(11) Pause Remark 61M->61M(512M) 12.830ms
[2025-09-22T06:45:23.180+0000][68][gc,cpu      ] GC(11) User=0.06s Sys=0.00s Real=0.02s
[2025-09-22T06:45:23.180+0000][68][safepoint   ] Safepoint "G1PauseRemark", Time since last: 33062500 ns, Reaching safepoint: 841458 ns, At safepoint: 13164125 ns, Total: 14005583 ns
[2025-09-22T06:45:23.184+0000][68][gc,marking  ] GC(11) Concurrent Mark 33.041ms
[2025-09-22T06:45:23.184+0000][68][gc,marking  ] GC(11) Concurrent Rebuild Remembered Sets
[2025-09-22T06:45:23.192+0000][68][gc,marking  ] GC(11) Concurrent Rebuild Remembered Sets 8.318ms
[2025-09-22T06:45:23.194+0000][68][gc,start    ] GC(11) Pause Cleanup
[2025-09-22T06:45:23.194+0000][68][gc          ] GC(11) Pause Cleanup 63M->63M(512M) 0.394ms
[2025-09-22T06:45:23.194+0000][68][gc,cpu      ] GC(11) User=0.00s Sys=0.00s Real=0.00s
[2025-09-22T06:45:23.195+0000][68][safepoint   ] Safepoint "G1PauseCleanup", Time since last: 12457708 ns, Reaching safepoint: 1518209 ns, At safepoint: 659333 ns, Total: 2177542 ns
[2025-09-22T06:45:23.199+0000][68][gc,marking  ] GC(11) Concurrent Cleanup for Next Mark
[2025-09-22T06:45:23.205+0000][68][gc,marking  ] GC(11) Concurrent Cleanup for Next Mark 5.915ms
[2025-09-22T06:45:23.206+0000][68][gc          ] GC(11) Concurrent Mark Cycle 73.938ms
[2025-09-22T06:45:23.658+0000][68][safepoint   ] Safepoint "ICBufferFull", Time since last: 462505959 ns, Reaching safepoint: 549541 ns, At safepoint: 6417 ns, Total: 555958 ns
[2025-09-22T06:45:25.364+0000][68][safepoint   ] Safepoint "Cleanup", Time since last: 1703928167 ns, Reaching safepoint: 2677417 ns, At safepoint: 6958 ns, Total: 2684375 ns
[2025-09-22T06:45:25.700+0000][68][gc,start    ] GC(12) Pause Young (Normal) (G1 Evacuation Pause)
[2025-09-22T06:45:25.700+0000][68][gc,task     ] GC(12) Using 8 workers of 8 for evacuation
[2025-09-22T06:45:25.700+0000][68][gc,age      ] GC(12) Desired survivor size 20971520 bytes, new threshold 2 (max threshold 15)
[2025-09-22T06:45:25.733+0000][68][gc,phases   ] GC(12)   Pre Evacuate Collection Set: 0.2ms
[2025-09-22T06:45:25.733+0000][68][gc,phases   ] GC(12)   Merge Heap Roots: 0.2ms
[2025-09-22T06:45:25.733+0000][68][gc,phases   ] GC(12)   Evacuate Collection Set: 28.7ms
[2025-09-22T06:45:25.733+0000][68][gc,phases   ] GC(12)   Post Evacuate Collection Set: 3.2ms
[2025-09-22T06:45:25.733+0000][68][gc,phases   ] GC(12)   Other: 0.2ms
[2025-09-22T06:45:25.733+0000][68][gc,age      ] GC(12) Age table with threshold 2 (max threshold 15)
[2025-09-22T06:45:25.733+0000][68][gc,age      ] GC(12) - age   1:    4459864 bytes,    4459864 total
[2025-09-22T06:45:25.733+0000][68][gc,age      ] GC(12) - age   2:    6848488 bytes,   11308352 total
[2025-09-22T06:45:25.733+0000][68][gc,heap     ] GC(12) Eden regions: 69->0(72)
[2025-09-22T06:45:25.733+0000][68][gc,heap     ] GC(12) Survivor regions: 7->4(10)
[2025-09-22T06:45:25.734+0000][68][gc,heap     ] GC(12) Old regions: 8->12
[2025-09-22T06:45:25.734+0000][68][gc,heap     ] GC(12) Archive regions: 2->2
[2025-09-22T06:45:25.734+0000][68][gc,heap     ] GC(12) Humongous regions: 0->0
[2025-09-22T06:45:25.734+0000][68][gc,metaspace] GC(12) Metaspace: 71431K(73088K)->71431K(73088K) NonClass: 62334K(63296K)->62334K(63296K) Class: 9097K(9792K)->9097K(9792K)
[2025-09-22T06:45:25.734+0000][68][gc          ] GC(12) Pause Young (Normal) (G1 Evacuation Pause) 335M->63M(512M) 34.126ms
[2025-09-22T06:45:25.734+0000][68][gc,cpu      ] GC(12) User=0.14s Sys=0.01s Real=0.03s
[2025-09-22T06:45:25.734+0000][68][safepoint   ] Safepoint "G1CollectForAllocation", Time since last: 335281501 ns, Reaching safepoint: 244166 ns, At safepoint: 34319000 ns, Total: 34563166 ns
[2025-09-22T06:45:26.746+0000][68][safepoint   ] Safepoint "Cleanup", Time since last: 1009544542 ns, Reaching safepoint: 2070125 ns, At safepoint: 38334 ns, Total: 2108459 ns
[2025-09-22T06:45:28.128+0000][68][safepoint   ] Safepoint "ICBufferFull", Time since last: 1382039834 ns, Reaching safepoint: 336708 ns, At safepoint: 16875 ns, Total: 353583 ns
[2025-09-22T06:45:28.771+0000][68][safepoint   ] Safepoint "ICBufferFull", Time since last: 640831875 ns, Reaching safepoint: 1167834 ns, At safepoint: 714125 ns, Total: 1881959 ns
[2025-09-22T06:45:29.059+0000][68][safepoint   ] Safepoint "ICBufferFull", Time since last: 288038458 ns, Reaching safepoint: 277875 ns, At safepoint: 10625 ns, Total: 288500 ns
[2025-09-22T06:45:29.251+0000][68][gc,start    ] GC(13) Pause Young (Concurrent Start) (Metadata GC Threshold)
[2025-09-22T06:45:29.251+0000][68][gc,task     ] GC(13) Using 8 workers of 8 for evacuation
[2025-09-22T06:45:29.251+0000][68][gc,age      ] GC(13) Desired survivor size 20971520 bytes, new threshold 15 (max threshold 15)
[2025-09-22T06:45:29.308+0000][68][gc,phases   ] GC(13)   Pre Evacuate Collection Set: 1.5ms
[2025-09-22T06:45:29.308+0000][68][gc,phases   ] GC(13)   Merge Heap Roots: 0.6ms
[2025-09-22T06:45:29.309+0000][68][gc,phases   ] GC(13)   Evacuate Collection Set: 47.7ms
[2025-09-22T06:45:29.309+0000][68][gc,phases   ] GC(13)   Post Evacuate Collection Set: 6.7ms
[2025-09-22T06:45:29.309+0000][68][gc,phases   ] GC(13)   Other: 0.5ms
[2025-09-22T06:45:29.309+0000][68][gc,age      ] GC(13) Age table with threshold 15 (max threshold 15)
[2025-09-22T06:45:29.309+0000][68][gc,age      ] GC(13) - age   1:   11992568 bytes,   11992568 total
[2025-09-22T06:45:29.311+0000][68][gc,age      ] GC(13) - age   2:    4243048 bytes,   16235616 total
[2025-09-22T06:45:29.311+0000][68][gc,age      ] GC(13) - age   3:    6747888 bytes,   22983504 total
[2025-09-22T06:45:29.312+0000][68][gc,heap     ] GC(13) Eden regions: 45->0(70)
[2025-09-22T06:45:29.312+0000][68][gc,heap     ] GC(13) Survivor regions: 4->6(10)
[2025-09-22T06:45:29.312+0000][68][gc,heap     ] GC(13) Old regions: 12->12
[2025-09-22T06:45:29.312+0000][68][gc,heap     ] GC(13) Archive regions: 2->2
[2025-09-22T06:45:29.312+0000][68][gc,heap     ] GC(13) Humongous regions: 0->0
[2025-09-22T06:45:29.312+0000][68][gc,metaspace] GC(13) Metaspace: 98761K(101440K)->98761K(101440K) NonClass: 85812K(87168K)->85812K(87168K) Class: 12948K(14272K)->12948K(14272K)
[2025-09-22T06:45:29.312+0000][68][gc          ] GC(13) Pause Young (Concurrent Start) (Metadata GC Threshold) 243M->74M(512M) 61.159ms
[2025-09-22T06:45:29.312+0000][68][gc,cpu      ] GC(13) User=0.18s Sys=0.01s Real=0.06s
[2025-09-22T06:45:29.312+0000][68][gc          ] GC(14) Concurrent Mark Cycle
[2025-09-22T06:45:29.316+0000][68][gc,marking  ] GC(14) Concurrent Clear Claimed Marks
[2025-09-22T06:45:29.316+0000][68][gc,marking  ] GC(14) Concurrent Clear Claimed Marks 0.453ms
[2025-09-22T06:45:29.316+0000][68][gc,marking  ] GC(14) Concurrent Scan Root Regions
[2025-09-22T06:45:29.313+0000][68][safepoint   ] Safepoint "CollectForMetadataAllocation", Time since last: 191560750 ns, Reaching safepoint: 134625 ns, At safepoint: 61675459 ns, Total: 61810084 ns
[2025-09-22T06:45:29.342+0000][68][gc,marking  ] GC(14) Concurrent Scan Root Regions 26.204ms
[2025-09-22T06:45:29.343+0000][68][gc,marking  ] GC(14) Concurrent Mark
[2025-09-22T06:45:29.343+0000][68][gc,marking  ] GC(14) Concurrent Mark From Roots
[2025-09-22T06:45:29.344+0000][68][gc,task     ] GC(14) Using 2 workers of 2 for marking
[2025-09-22T06:45:29.366+0000][68][safepoint   ] Safepoint "CollectForMetadataAllocation", Time since last: 48464833 ns, Reaching safepoint: 4756917 ns, At safepoint: 190041 ns, Total: 4946958 ns
[2025-09-22T06:45:29.420+0000][68][safepoint   ] Safepoint "CollectForMetadataAllocation", Time since last: 53328917 ns, Reaching safepoint: 151333 ns, At safepoint: 176875 ns, Total: 328208 ns
[2025-09-22T06:45:29.454+0000][68][gc,marking  ] GC(14) Concurrent Mark From Roots 110.543ms
[2025-09-22T06:45:29.457+0000][68][gc,marking  ] GC(14) Concurrent Preclean
[2025-09-22T06:45:29.458+0000][68][gc,marking  ] GC(14) Concurrent Preclean 1.013ms
[2025-09-22T06:45:29.460+0000][68][gc,start    ] GC(14) Pause Remark
[2025-09-22T06:45:29.469+0000][68][gc          ] GC(14) Pause Remark 82M->82M(512M) 9.066ms
[2025-09-22T06:45:29.469+0000][68][gc,cpu      ] GC(14) User=0.02s Sys=0.00s Real=0.01s
[2025-09-22T06:45:29.470+0000][68][safepoint   ] Safepoint "G1PauseRemark", Time since last: 40395459 ns, Reaching safepoint: 109791 ns, At safepoint: 9364500 ns, Total: 9474291 ns
[2025-09-22T06:45:29.470+0000][68][gc,marking  ] GC(14) Concurrent Mark 127.168ms
[2025-09-22T06:45:29.470+0000][68][gc,marking  ] GC(14) Concurrent Rebuild Remembered Sets
[2025-09-22T06:45:29.470+0000][68][safepoint   ] Safepoint "CollectForMetadataAllocation", Time since last: 234584 ns, Reaching safepoint: 167416 ns, At safepoint: 109500 ns, Total: 276916 ns
[2025-09-22T06:45:29.493+0000][68][gc,marking  ] GC(14) Concurrent Rebuild Remembered Sets 23.063ms
[2025-09-22T06:45:29.494+0000][68][gc,start    ] GC(14) Pause Cleanup
[2025-09-22T06:45:29.494+0000][68][gc          ] GC(14) Pause Cleanup 84M->84M(512M) 0.252ms
[2025-09-22T06:45:29.494+0000][68][gc,cpu      ] GC(14) User=0.00s Sys=0.00s Real=0.00s
[2025-09-22T06:45:29.494+0000][68][safepoint   ] Safepoint "G1PauseCleanup", Time since last: 23750959 ns, Reaching safepoint: 101875 ns, At safepoint: 572708 ns, Total: 674583 ns
[2025-09-22T06:45:29.498+0000][68][gc,marking  ] GC(14) Concurrent Cleanup for Next Mark
[2025-09-22T06:45:29.504+0000][68][gc,marking  ] GC(14) Concurrent Cleanup for Next Mark 5.823ms
[2025-09-22T06:45:29.505+0000][68][gc          ] GC(14) Concurrent Mark Cycle 192.859ms
[2025-09-22T06:45:30.214+0000][68][safepoint   ] Safepoint "ICBufferFull", Time since last: 718637750 ns, Reaching safepoint: 701209 ns, At safepoint: 6166 ns, Total: 707375 ns
[2025-09-22T06:45:30.749+0000][68][safepoint   ] Safepoint "ICBufferFull", Time since last: 534795251 ns, Reaching safepoint: 536541 ns, At safepoint: 18125 ns, Total: 554666 ns
[2025-09-22T06:45:30.756+0000][68][safepoint   ] Safepoint "ICBufferFull", Time since last: 5966584 ns, Reaching safepoint: 744875 ns, At safepoint: 16041 ns, Total: 760916 ns
[2025-09-22T06:45:31.762+0000][68][safepoint   ] Safepoint "Cleanup", Time since last: 1004967626 ns, Reaching safepoint: 1112458 ns, At safepoint: 17333 ns, Total: 1129791 ns
[2025-09-22T06:45:31.899+0000][68][safepoint   ] Safepoint "ICBufferFull", Time since last: 122072251 ns, Reaching safepoint: 15310000 ns, At safepoint: 15250 ns, Total: 15325250 ns
[2025-09-22T06:45:32.126+0000][68][safepoint   ] Safepoint "ICBufferFull", Time since last: 226214791 ns, Reaching safepoint: 157375 ns, At safepoint: 11459 ns, Total: 168834 ns
[2025-09-22T06:45:32.282+0000][68][safepoint   ] Safepoint "ICBufferFull", Time since last: 156188208 ns, Reaching safepoint: 197125 ns, At safepoint: 20208 ns, Total: 217333 ns
[2025-09-22T06:45:32.385+0000][68][safepoint   ] Safepoint "ICBufferFull", Time since last: 102370000 ns, Reaching safepoint: 269417 ns, At safepoint: 7333 ns, Total: 276750 ns
[2025-09-22T06:45:32.544+0000][68][safepoint   ] Safepoint "ICBufferFull", Time since last: 159352334 ns, Reaching safepoint: 226250 ns, At safepoint: 11500 ns, Total: 237750 ns
[2025-09-22T06:45:33.026+0000][68][safepoint   ] Safepoint "ICBufferFull", Time since last: 480929917 ns, Reaching safepoint: 549750 ns, At safepoint: 8541 ns, Total: 558291 ns
[2025-09-22T06:45:33.504+0000][68][safepoint   ] Safepoint "ICBufferFull", Time since last: 477410251 ns, Reaching safepoint: 257583 ns, At safepoint: 25250 ns, Total: 282833 ns
[2025-09-22T06:45:33.797+0000][68][safepoint   ] Safepoint "ICBufferFull", Time since last: 292027958 ns, Reaching safepoint: 1310334 ns, At safepoint: 24958 ns, Total: 1335292 ns
[2025-09-22T06:45:34.898+0000][68][safepoint   ] Safepoint "ICBufferFull", Time since last: 1100410751 ns, Reaching safepoint: 380791 ns, At safepoint: 22292 ns, Total: 403083 ns
[2025-09-22T06:45:35.745+0000][68][safepoint   ] Safepoint "ICBufferFull", Time since last: 846845000 ns, Reaching safepoint: 302792 ns, At safepoint: 6167 ns, Total: 308959 ns
[2025-09-22T06:45:36.030+0000][68][safepoint   ] Safepoint "ICBufferFull", Time since last: 284698500 ns, Reaching safepoint: 495041 ns, At safepoint: 13792 ns, Total: 508833 ns
