[2025-09-23T12:00:21.217+0000][70][gc,init] CardTable entry size: 512
[2025-09-23T12:00:21.217+0000][70][gc     ] Using G1
[2025-09-23T12:00:22.814+0000][70][gc,init] Version: 19.0.1+10-21 (release)
[2025-09-23T12:00:22.814+0000][70][gc,init] CPUs: 8 total, 8 available
[2025-09-23T12:00:22.815+0000][70][gc,init] Memory: 7837M
[2025-09-23T12:00:22.815+0000][70][gc,init] Large Page Support: Disabled
[2025-09-23T12:00:22.815+0000][70][gc,init] NUMA Support: Disabled
[2025-09-23T12:00:22.815+0000][70][gc,init] Compressed Oops: Enabled (32-bit)
[2025-09-23T12:00:22.815+0000][70][gc,init] Heap Region Size: 4M
[2025-09-23T12:00:22.815+0000][70][gc,init] Heap Min Capacity: 2G
[2025-09-23T12:00:22.815+0000][70][gc,init] Heap Initial Capacity: 2G
[2025-09-23T12:00:22.815+0000][70][gc,init] Heap Max Capacity: 2G
[2025-09-23T12:00:22.815+0000][70][gc,init] Pre-touch: Enabled
[2025-09-23T12:00:22.815+0000][70][gc,init] Parallel Workers: 8
[2025-09-23T12:00:22.815+0000][70][gc,init] Concurrent Workers: 2
[2025-09-23T12:00:22.816+0000][70][gc,init] Concurrent Refinement Workers: 8
[2025-09-23T12:00:22.816+0000][70][gc,init] Periodic GC: Disabled
[2025-09-23T12:00:22.816+0000][70][gc,metaspace] CDS archive(s) mapped at: [0x0000000800000000-0x0000000800c60000-0x0000000800c60000), size 12976128, SharedBaseAddress: 0x0000000800000000, ArchiveRelocationMode: 0.
[2025-09-23T12:00:22.816+0000][70][gc,metaspace] Compressed class space mapped at: 0x0000000801000000-0x0000000841000000, reserved size: 1073741824
[2025-09-23T12:00:22.816+0000][70][gc,metaspace] Narrow klass base: 0x0000000800000000, Narrow klass shift: 0, Narrow klass range: 0x100000000
[2025-09-23T12:00:23.036+0000][70][safepoint   ] Safepoint "ICBufferFull", Time since last: 211547625 ns, Reaching safepoint: 647917 ns, At safepoint: 44917 ns, Total: 692834 ns
[2025-09-23T12:00:23.368+0000][70][safepoint   ] Safepoint "ICBufferFull", Time since last: 331392792 ns, Reaching safepoint: 337458 ns, At safepoint: 5958 ns, Total: 343416 ns
[2025-09-23T12:00:24.089+0000][70][safepoint   ] Safepoint "ICBufferFull", Time since last: 720427626 ns, Reaching safepoint: 245083 ns, At safepoint: 4958 ns, Total: 250041 ns
[2025-09-23T12:00:24.370+0000][70][safepoint   ] Safepoint "ICBufferFull", Time since last: 281543334 ns, Reaching safepoint: 257625 ns, At safepoint: 7041 ns, Total: 264666 ns
[2025-09-23T12:00:24.598+0000][70][safepoint   ] Safepoint "ICBufferFull", Time since last: 224781209 ns, Reaching safepoint: 3255292 ns, At safepoint: 20291 ns, Total: 3275583 ns
[2025-09-23T12:00:24.939+0000][70][safepoint   ] Safepoint "ICBufferFull", Time since last: 340914167 ns, Reaching safepoint: 164125 ns, At safepoint: 14750 ns, Total: 178875 ns
[2025-09-23T12:00:25.191+0000][70][safepoint   ] Safepoint "ICBufferFull", Time since last: 250422167 ns, Reaching safepoint: 1468083 ns, At safepoint: 33708 ns, Total: 1501791 ns
[2025-09-23T12:00:25.333+0000][70][safepoint   ] Safepoint "ICBufferFull", Time since last: 141442126 ns, Reaching safepoint: 264916 ns, At safepoint: 4125 ns, Total: 269041 ns
[2025-09-23T12:00:25.495+0000][70][gc,start    ] GC(0) Pause Young (Normal) (G1 Evacuation Pause)
[2025-09-23T12:00:25.495+0000][70][gc,task     ] GC(0) Using 8 workers of 8 for evacuation
[2025-09-23T12:00:25.496+0000][70][gc,age      ] GC(0) Desired survivor size 8388608 bytes, new threshold 15 (max threshold 15)
[2025-09-23T12:00:25.512+0000][70][gc,phases   ] GC(0)   Pre Evacuate Collection Set: 0.2ms
[2025-09-23T12:00:25.512+0000][70][gc,phases   ] GC(0)   Merge Heap Roots: 0.1ms
[2025-09-23T12:00:25.512+0000][70][gc,phases   ] GC(0)   Evacuate Collection Set: 13.7ms
[2025-09-23T12:00:25.512+0000][70][gc,phases   ] GC(0)   Post Evacuate Collection Set: 1.4ms
[2025-09-23T12:00:25.512+0000][70][gc,phases   ] GC(0)   Other: 0.7ms
[2025-09-23T12:00:25.512+0000][70][gc,age      ] GC(0) Age table with threshold 15 (max threshold 15)
[2025-09-23T12:00:25.512+0000][70][gc,age      ] GC(0) - age   1:    8367312 bytes,    8367312 total
[2025-09-23T12:00:25.512+0000][70][gc,heap     ] GC(0) Eden regions: 25->0(22)
[2025-09-23T12:00:25.513+0000][70][gc,heap     ] GC(0) Survivor regions: 0->3(4)
[2025-09-23T12:00:25.513+0000][70][gc,heap     ] GC(0) Old regions: 0->0
[2025-09-23T12:00:25.514+0000][70][gc,heap     ] GC(0) Archive regions: 2->2
[2025-09-23T12:00:25.514+0000][70][gc,heap     ] GC(0) Humongous regions: 0->0
[2025-09-23T12:00:25.514+0000][70][gc,metaspace] GC(0) Metaspace: 16184K(16704K)->16184K(16704K) NonClass: 14319K(14592K)->14319K(14592K) Class: 1864K(2112K)->1864K(2112K)
[2025-09-23T12:00:25.514+0000][70][gc          ] GC(0) Pause Young (Normal) (G1 Evacuation Pause) 104M->12M(2048M) 18.874ms
[2025-09-23T12:00:25.514+0000][70][gc,cpu      ] GC(0) User=0.05s Sys=0.00s Real=0.02s
[2025-09-23T12:00:25.514+0000][70][safepoint   ] Safepoint "G1CollectForAllocation", Time since last: 161819959 ns, Reaching safepoint: 83291 ns, At safepoint: 19101459 ns, Total: 19184750 ns
[2025-09-23T12:00:25.663+0000][70][safepoint   ] Safepoint "ICBufferFull", Time since last: 148649875 ns, Reaching safepoint: 623083 ns, At safepoint: 16542 ns, Total: 639625 ns
[2025-09-23T12:00:26.035+0000][70][safepoint   ] Safepoint "ICBufferFull", Time since last: 371176625 ns, Reaching safepoint: 302500 ns, At safepoint: 68292 ns, Total: 370792 ns
[2025-09-23T12:00:26.484+0000][70][safepoint   ] Safepoint "ICBufferFull", Time since last: 448921916 ns, Reaching safepoint: 248250 ns, At safepoint: 5709 ns, Total: 253959 ns
[2025-09-23T12:00:26.639+0000][70][gc,start    ] GC(1) Pause Young (Normal) (G1 Evacuation Pause)
[2025-09-23T12:00:26.640+0000][70][gc,task     ] GC(1) Using 8 workers of 8 for evacuation
[2025-09-23T12:00:26.640+0000][70][gc,age      ] GC(1) Desired survivor size 8388608 bytes, new threshold 15 (max threshold 15)
[2025-09-23T12:00:26.659+0000][70][gc,phases   ] GC(1)   Pre Evacuate Collection Set: 0.2ms
[2025-09-23T12:00:26.659+0000][70][gc,phases   ] GC(1)   Merge Heap Roots: 0.0ms
[2025-09-23T12:00:26.659+0000][70][gc,phases   ] GC(1)   Evacuate Collection Set: 16.3ms
[2025-09-23T12:00:26.659+0000][70][gc,phases   ] GC(1)   Post Evacuate Collection Set: 1.4ms
[2025-09-23T12:00:26.659+0000][70][gc,phases   ] GC(1)   Other: 0.5ms
[2025-09-23T12:00:26.659+0000][70][gc,age      ] GC(1) Age table with threshold 15 (max threshold 15)
[2025-09-23T12:00:26.660+0000][70][gc,age      ] GC(1) - age   1:    1503088 bytes,    1503088 total
[2025-09-23T12:00:26.662+0000][70][gc,age      ] GC(1) - age   2:    7530608 bytes,    9033696 total
[2025-09-23T12:00:26.663+0000][70][gc,heap     ] GC(1) Eden regions: 22->0(39)
[2025-09-23T12:00:26.663+0000][70][gc,heap     ] GC(1) Survivor regions: 3->3(4)
[2025-09-23T12:00:26.663+0000][70][gc,heap     ] GC(1) Old regions: 0->0
[2025-09-23T12:00:26.663+0000][70][gc,heap     ] GC(1) Archive regions: 2->2
[2025-09-23T12:00:26.663+0000][70][gc,heap     ] GC(1) Humongous regions: 0->0
[2025-09-23T12:00:26.663+0000][70][gc,metaspace] GC(1) Metaspace: 18040K(18560K)->18040K(18560K) NonClass: 15995K(16256K)->15995K(16256K) Class: 2045K(2304K)->2045K(2304K)
[2025-09-23T12:00:26.663+0000][70][gc          ] GC(1) Pause Young (Normal) (G1 Evacuation Pause) 100M->13M(2048M) 24.077ms
[2025-09-23T12:00:26.663+0000][70][gc,cpu      ] GC(1) User=0.08s Sys=0.00s Real=0.02s
[2025-09-23T12:00:26.663+0000][70][safepoint   ] Safepoint "G1CollectForAllocation", Time since last: 154823417 ns, Reaching safepoint: 68208 ns, At safepoint: 24279667 ns, Total: 24347875 ns
[2025-09-23T12:00:27.508+0000][70][gc,start    ] GC(2) Pause Young (Concurrent Start) (Metadata GC Threshold)
[2025-09-23T12:00:27.509+0000][70][gc,task     ] GC(2) Using 8 workers of 8 for evacuation
[2025-09-23T12:00:27.509+0000][70][gc,age      ] GC(2) Desired survivor size 12582912 bytes, new threshold 15 (max threshold 15)
[2025-09-23T12:00:27.555+0000][70][gc,phases   ] GC(2)   Pre Evacuate Collection Set: 0.6ms
[2025-09-23T12:00:27.556+0000][70][gc,phases   ] GC(2)   Merge Heap Roots: 0.1ms
[2025-09-23T12:00:27.556+0000][70][gc,phases   ] GC(2)   Evacuate Collection Set: 36.9ms
[2025-09-23T12:00:27.556+0000][70][gc,phases   ] GC(2)   Post Evacuate Collection Set: 5.9ms
[2025-09-23T12:00:27.556+0000][70][gc,phases   ] GC(2)   Other: 3.2ms
[2025-09-23T12:00:27.556+0000][70][gc,age      ] GC(2) Age table with threshold 15 (max threshold 15)
[2025-09-23T12:00:27.556+0000][70][gc,age      ] GC(2) - age   1:    2209168 bytes,    2209168 total
[2025-09-23T12:00:27.557+0000][70][gc,age      ] GC(2) - age   2:    1433320 bytes,    3642488 total
[2025-09-23T12:00:27.557+0000][70][gc,age      ] GC(2) - age   3:    7526632 bytes,   11169120 total
[2025-09-23T12:00:27.557+0000][70][gc,heap     ] GC(2) Eden regions: 16->0(73)
[2025-09-23T12:00:27.557+0000][70][gc,heap     ] GC(2) Survivor regions: 3->3(6)
[2025-09-23T12:00:27.557+0000][70][gc,heap     ] GC(2) Old regions: 0->0
[2025-09-23T12:00:27.557+0000][70][gc,heap     ] GC(2) Archive regions: 2->2
[2025-09-23T12:00:27.557+0000][70][gc,heap     ] GC(2) Humongous regions: 0->0
[2025-09-23T12:00:27.557+0000][70][gc,metaspace] GC(2) Metaspace: 21039K(21504K)->21039K(21504K) NonClass: 18726K(18944K)->18726K(18944K) Class: 2312K(2560K)->2312K(2560K)
[2025-09-23T12:00:27.558+0000][70][gc          ] GC(2) Pause Young (Concurrent Start) (Metadata GC Threshold) 77M->15M(2048M) 50.093ms
[2025-09-23T12:00:27.560+0000][70][gc          ] GC(3) Concurrent Mark Cycle
[2025-09-23T12:00:27.560+0000][70][gc,marking  ] GC(3) Concurrent Clear Claimed Marks
[2025-09-23T12:00:27.560+0000][70][gc,marking  ] GC(3) Concurrent Clear Claimed Marks 0.196ms
[2025-09-23T12:00:27.561+0000][70][gc,marking  ] GC(3) Concurrent Scan Root Regions
[2025-09-23T12:00:27.560+0000][70][gc,cpu      ] GC(2) User=0.10s Sys=0.00s Real=0.05s
[2025-09-23T12:00:27.572+0000][70][safepoint   ] Safepoint "CollectForMetadataAllocation", Time since last: 844028750 ns, Reaching safepoint: 797125 ns, At safepoint: 63419333 ns, Total: 64216458 ns
[2025-09-23T12:00:27.572+0000][70][gc,marking  ] GC(3) Concurrent Scan Root Regions 11.270ms
[2025-09-23T12:00:27.572+0000][70][gc,marking  ] GC(3) Concurrent Mark
[2025-09-23T12:00:27.573+0000][70][gc,marking  ] GC(3) Concurrent Mark From Roots
[2025-09-23T12:00:27.578+0000][70][gc,task     ] GC(3) Using 2 workers of 2 for marking
[2025-09-23T12:00:27.581+0000][70][gc,marking  ] GC(3) Concurrent Mark From Roots 8.302ms
[2025-09-23T12:00:27.587+0000][70][gc,marking  ] GC(3) Concurrent Preclean
[2025-09-23T12:00:27.587+0000][70][gc,marking  ] GC(3) Concurrent Preclean 0.244ms
[2025-09-23T12:00:27.592+0000][70][gc,start    ] GC(3) Pause Remark
[2025-09-23T12:00:27.599+0000][70][gc          ] GC(3) Pause Remark 18M->18M(2048M) 6.218ms
[2025-09-23T12:00:27.599+0000][70][gc,cpu      ] GC(3) User=0.01s Sys=0.00s Real=0.01s
[2025-09-23T12:00:27.604+0000][70][safepoint   ] Safepoint "G1PauseRemark", Time since last: 18641917 ns, Reaching safepoint: 2199125 ns, At safepoint: 12020250 ns, Total: 14219375 ns
[2025-09-23T12:00:27.611+0000][70][gc,marking  ] GC(3) Concurrent Mark 38.270ms
[2025-09-23T12:00:27.611+0000][70][gc,marking  ] GC(3) Concurrent Rebuild Remembered Sets
[2025-09-23T12:00:27.612+0000][70][gc,marking  ] GC(3) Concurrent Rebuild Remembered Sets 1.221ms
[2025-09-23T12:00:27.613+0000][70][gc,start    ] GC(3) Pause Cleanup
[2025-09-23T12:00:27.614+0000][70][gc          ] GC(3) Pause Cleanup 18M->18M(2048M) 0.117ms
[2025-09-23T12:00:27.614+0000][70][gc,cpu      ] GC(3) User=0.00s Sys=0.00s Real=0.00s
[2025-09-23T12:00:27.614+0000][70][safepoint   ] Safepoint "G1PauseCleanup", Time since last: 7953000 ns, Reaching safepoint: 1041083 ns, At safepoint: 287917 ns, Total: 1329000 ns
[2025-09-23T12:00:27.623+0000][70][gc,marking  ] GC(3) Concurrent Cleanup for Next Mark
[2025-09-23T12:00:27.624+0000][70][gc,marking  ] GC(3) Concurrent Cleanup for Next Mark 0.948ms
[2025-09-23T12:00:27.632+0000][70][gc          ] GC(3) Concurrent Mark Cycle 72.349ms
[2025-09-23T12:00:28.429+0000][70][safepoint   ] Safepoint "ICBufferFull", Time since last: 815452875 ns, Reaching safepoint: 280084 ns, At safepoint: 14041 ns, Total: 294125 ns
[2025-09-23T12:00:28.775+0000][70][safepoint   ] Safepoint "ICBufferFull", Time since last: 345184501 ns, Reaching safepoint: 293375 ns, At safepoint: 14000 ns, Total: 307375 ns
[2025-09-23T12:00:28.978+0000][70][safepoint   ] Safepoint "ICBufferFull", Time since last: 201429250 ns, Reaching safepoint: 1859416 ns, At safepoint: 14459 ns, Total: 1873875 ns
[2025-09-23T12:00:29.356+0000][70][safepoint   ] Safepoint "ICBufferFull", Time since last: 377682083 ns, Reaching safepoint: 433083 ns, At safepoint: 16917 ns, Total: 450000 ns
[2025-09-23T12:00:29.669+0000][70][gc,start    ] GC(4) Pause Young (Normal) (G1 Evacuation Pause)
[2025-09-23T12:00:29.669+0000][70][gc,task     ] GC(4) Using 8 workers of 8 for evacuation
[2025-09-23T12:00:29.670+0000][70][gc,age      ] GC(4) Desired survivor size 20971520 bytes, new threshold 15 (max threshold 15)
[2025-09-23T12:00:29.681+0000][70][gc,phases   ] GC(4)   Pre Evacuate Collection Set: 0.1ms
[2025-09-23T12:00:29.682+0000][70][gc,phases   ] GC(4)   Merge Heap Roots: 0.2ms
[2025-09-23T12:00:29.682+0000][70][gc,phases   ] GC(4)   Evacuate Collection Set: 9.4ms
[2025-09-23T12:00:29.682+0000][70][gc,phases   ] GC(4)   Post Evacuate Collection Set: 1.9ms
[2025-09-23T12:00:29.682+0000][70][gc,phases   ] GC(4)   Other: 0.5ms
[2025-09-23T12:00:29.682+0000][70][gc,age      ] GC(4) Age table with threshold 15 (max threshold 15)
[2025-09-23T12:00:29.682+0000][70][gc,age      ] GC(4) - age   1:    6984920 bytes,    6984920 total
[2025-09-23T12:00:29.682+0000][70][gc,age      ] GC(4) - age   2:    2160248 bytes,    9145168 total
[2025-09-23T12:00:29.682+0000][70][gc,age      ] GC(4) - age   3:    1428792 bytes,   10573960 total
[2025-09-23T12:00:29.682+0000][70][gc,age      ] GC(4) - age   4:    7522600 bytes,   18096560 total
[2025-09-23T12:00:29.682+0000][70][gc,heap     ] GC(4) Eden regions: 73->0(202)
[2025-09-23T12:00:29.682+0000][70][gc,heap     ] GC(4) Survivor regions: 3->5(10)
[2025-09-23T12:00:29.683+0000][70][gc,heap     ] GC(4) Old regions: 0->0
[2025-09-23T12:00:29.683+0000][70][gc,heap     ] GC(4) Archive regions: 2->2
[2025-09-23T12:00:29.683+0000][70][gc,heap     ] GC(4) Humongous regions: 0->0
[2025-09-23T12:00:29.683+0000][70][gc,metaspace] GC(4) Metaspace: 26216K(26816K)->26216K(26816K) NonClass: 23225K(23552K)->23225K(23552K) Class: 2990K(3264K)->2990K(3264K)
[2025-09-23T12:00:29.683+0000][70][gc          ] GC(4) Pause Young (Normal) (G1 Evacuation Pause) 307M->22M(2048M) 14.221ms
[2025-09-23T12:00:29.683+0000][70][gc,cpu      ] GC(4) User=0.05s Sys=0.00s Real=0.01s
[2025-09-23T12:00:29.683+0000][70][safepoint   ] Safepoint "G1CollectForAllocation", Time since last: 312406125 ns, Reaching safepoint: 173250 ns, At safepoint: 14383209 ns, Total: 14556459 ns
[2025-09-23T12:00:30.174+0000][70][safepoint   ] Safepoint "ICBufferFull", Time since last: 490947000 ns, Reaching safepoint: 163208 ns, At safepoint: 2459 ns, Total: 165667 ns
[2025-09-23T12:00:31.178+0000][70][safepoint   ] Safepoint "Cleanup", Time since last: 1002436333 ns, Reaching safepoint: 921667 ns, At safepoint: 18375 ns, Total: 940042 ns
[2025-09-23T12:00:32.182+0000][70][safepoint   ] Safepoint "Cleanup", Time since last: 1002343792 ns, Reaching safepoint: 1385500 ns, At safepoint: 181000 ns, Total: 1566500 ns
[2025-09-23T12:00:32.876+0000][70][safepoint   ] Safepoint "ICBufferFull", Time since last: 693834792 ns, Reaching safepoint: 491125 ns, At safepoint: 143500 ns, Total: 634625 ns
[2025-09-23T12:00:33.778+0000][70][gc,start    ] GC(5) Pause Young (Concurrent Start) (Metadata GC Threshold)
[2025-09-23T12:00:33.778+0000][70][gc,task     ] GC(5) Using 8 workers of 8 for evacuation
[2025-09-23T12:00:33.779+0000][70][gc,age      ] GC(5) Desired survivor size 54525952 bytes, new threshold 15 (max threshold 15)
[2025-09-23T12:00:33.805+0000][70][gc,phases   ] GC(5)   Pre Evacuate Collection Set: 0.3ms
[2025-09-23T12:00:33.805+0000][70][gc,phases   ] GC(5)   Merge Heap Roots: 0.1ms
[2025-09-23T12:00:33.805+0000][70][gc,phases   ] GC(5)   Evacuate Collection Set: 22.3ms
[2025-09-23T12:00:33.805+0000][70][gc,phases   ] GC(5)   Post Evacuate Collection Set: 2.9ms
[2025-09-23T12:00:33.805+0000][70][gc,phases   ] GC(5)   Other: 1.2ms
[2025-09-23T12:00:33.806+0000][70][gc,age      ] GC(5) Age table with threshold 15 (max threshold 15)
[2025-09-23T12:00:33.806+0000][70][gc,age      ] GC(5) - age   1:   11591704 bytes,   11591704 total
[2025-09-23T12:00:33.806+0000][70][gc,age      ] GC(5) - age   2:    6684304 bytes,   18276008 total
[2025-09-23T12:00:33.806+0000][70][gc,age      ] GC(5) - age   3:    2155160 bytes,   20431168 total
[2025-09-23T12:00:33.807+0000][70][gc,age      ] GC(5) - age   4:    1399344 bytes,   21830512 total
[2025-09-23T12:00:33.807+0000][70][gc,age      ] GC(5) - age   5:    7507184 bytes,   29337696 total
[2025-09-23T12:00:33.808+0000][70][gc,heap     ] GC(5) Eden regions: 196->0(242)
[2025-09-23T12:00:33.808+0000][70][gc,heap     ] GC(5) Survivor regions: 5->8(26)
[2025-09-23T12:00:33.808+0000][70][gc,heap     ] GC(5) Old regions: 0->0
[2025-09-23T12:00:33.808+0000][70][gc,heap     ] GC(5) Archive regions: 2->2
[2025-09-23T12:00:33.808+0000][70][gc,heap     ] GC(5) Humongous regions: 0->0
[2025-09-23T12:00:33.808+0000][70][gc,metaspace] GC(5) Metaspace: 35324K(36096K)->35324K(36096K) NonClass: 31292K(31744K)->31292K(31744K) Class: 4032K(4352K)->4032K(4352K)
[2025-09-23T12:00:33.809+0000][70][gc          ] GC(5) Pause Young (Concurrent Start) (Metadata GC Threshold) 804M->33M(2048M) 30.941ms
[2025-09-23T12:00:33.809+0000][70][gc,cpu      ] GC(5) User=0.10s Sys=0.00s Real=0.03s
[2025-09-23T12:00:33.809+0000][70][safepoint   ] Safepoint "CollectForMetadataAllocation", Time since last: 901269459 ns, Reaching safepoint: 262583 ns, At safepoint: 31499959 ns, Total: 31762542 ns
[2025-09-23T12:00:33.809+0000][70][gc          ] GC(6) Concurrent Mark Cycle
[2025-09-23T12:00:33.812+0000][70][gc,marking  ] GC(6) Concurrent Clear Claimed Marks
[2025-09-23T12:00:33.812+0000][70][gc,marking  ] GC(6) Concurrent Clear Claimed Marks 0.176ms
[2025-09-23T12:00:33.813+0000][70][gc,marking  ] GC(6) Concurrent Scan Root Regions
[2025-09-23T12:00:33.837+0000][70][gc,marking  ] GC(6) Concurrent Scan Root Regions 24.660ms
[2025-09-23T12:00:33.838+0000][70][gc,marking  ] GC(6) Concurrent Mark
[2025-09-23T12:00:33.839+0000][70][gc,marking  ] GC(6) Concurrent Mark From Roots
[2025-09-23T12:00:33.839+0000][70][gc,task     ] GC(6) Using 2 workers of 2 for marking
[2025-09-23T12:00:33.846+0000][70][gc,marking  ] GC(6) Concurrent Mark From Roots 6.994ms
[2025-09-23T12:00:33.847+0000][70][gc,marking  ] GC(6) Concurrent Preclean
[2025-09-23T12:00:33.848+0000][70][gc,marking  ] GC(6) Concurrent Preclean 1.454ms
[2025-09-23T12:00:33.852+0000][70][gc,start    ] GC(6) Pause Remark
[2025-09-23T12:00:33.859+0000][70][gc          ] GC(6) Pause Remark 37M->37M(2048M) 6.558ms
[2025-09-23T12:00:33.859+0000][70][gc,cpu      ] GC(6) User=0.01s Sys=0.00s Real=0.01s
[2025-09-23T12:00:33.860+0000][70][safepoint   ] Safepoint "G1PauseRemark", Time since last: 39397041 ns, Reaching safepoint: 3704250 ns, At safepoint: 7219459 ns, Total: 10923709 ns
[2025-09-23T12:00:33.860+0000][70][gc,marking  ] GC(6) Concurrent Mark 22.107ms
[2025-09-23T12:00:33.861+0000][70][gc,marking  ] GC(6) Concurrent Rebuild Remembered Sets
[2025-09-23T12:00:33.861+0000][70][gc,marking  ] GC(6) Concurrent Rebuild Remembered Sets 0.138ms
[2025-09-23T12:00:33.862+0000][70][gc,start    ] GC(6) Pause Cleanup
[2025-09-23T12:00:33.862+0000][70][gc          ] GC(6) Pause Cleanup 37M->37M(2048M) 0.159ms
[2025-09-23T12:00:33.863+0000][70][gc,cpu      ] GC(6) User=0.00s Sys=0.00s Real=0.00s
[2025-09-23T12:00:33.863+0000][70][safepoint   ] Safepoint "G1PauseCleanup", Time since last: 2108375 ns, Reaching safepoint: 554166 ns, At safepoint: 458750 ns, Total: 1012916 ns
[2025-09-23T12:00:33.864+0000][70][gc,marking  ] GC(6) Concurrent Cleanup for Next Mark
[2025-09-23T12:00:33.865+0000][70][gc,marking  ] GC(6) Concurrent Cleanup for Next Mark 1.047ms
[2025-09-23T12:00:33.865+0000][70][gc          ] GC(6) Concurrent Mark Cycle 56.030ms
[2025-09-23T12:00:34.207+0000][70][safepoint   ] Safepoint "ICBufferFull", Time since last: 344513584 ns, Reaching safepoint: 309208 ns, At safepoint: 2833 ns, Total: 312041 ns
[2025-09-23T12:00:34.673+0000][70][safepoint   ] Safepoint "ICBufferFull", Time since last: 463966667 ns, Reaching safepoint: 1111709 ns, At safepoint: 103958 ns, Total: 1215667 ns
[2025-09-23T12:00:34.924+0000][70][safepoint   ] Safepoint "ICBufferFull", Time since last: 251574167 ns, Reaching safepoint: 218375 ns, At safepoint: 9500 ns, Total: 227875 ns
[2025-09-23T12:00:35.464+0000][70][safepoint   ] Safepoint "ICBufferFull", Time since last: 539574542 ns, Reaching safepoint: 430166 ns, At safepoint: 5750 ns, Total: 435916 ns
[2025-09-23T12:00:36.470+0000][70][safepoint   ] Safepoint "Cleanup", Time since last: 1003683626 ns, Reaching safepoint: 1791708 ns, At safepoint: 17667 ns, Total: 1809375 ns
[2025-09-23T12:00:37.484+0000][70][safepoint   ] Safepoint "Cleanup", Time since last: 1006328417 ns, Reaching safepoint: 7290583 ns, At safepoint: 12042 ns, Total: 7302625 ns
[2025-09-23T12:00:38.507+0000][70][safepoint   ] Safepoint "ICBufferFull", Time since last: 1022834125 ns, Reaching safepoint: 489417 ns, At safepoint: 3958 ns, Total: 493375 ns
[2025-09-23T12:00:39.134+0000][70][safepoint   ] Safepoint "ICBufferFull", Time since last: 622418417 ns, Reaching safepoint: 5010459 ns, At safepoint: 18625 ns, Total: 5029084 ns
[2025-09-23T12:00:39.477+0000][70][safepoint   ] Safepoint "ICBufferFull", Time since last: 341002833 ns, Reaching safepoint: 1484709 ns, At safepoint: 22083 ns, Total: 1506792 ns
[2025-09-23T12:00:39.942+0000][70][safepoint   ] Safepoint "ICBufferFull", Time since last: 464780334 ns, Reaching safepoint: 286333 ns, At safepoint: 17250 ns, Total: 303583 ns
[2025-09-23T12:00:40.296+0000][70][gc,start    ] GC(7) Pause Young (Concurrent Start) (Metadata GC Threshold)
[2025-09-23T12:00:40.296+0000][70][gc,task     ] GC(7) Using 8 workers of 8 for evacuation
[2025-09-23T12:00:40.296+0000][70][gc,age      ] GC(7) Desired survivor size 67108864 bytes, new threshold 15 (max threshold 15)
[2025-09-23T12:00:40.327+0000][70][gc,phases   ] GC(7)   Pre Evacuate Collection Set: 1.1ms
[2025-09-23T12:00:40.327+0000][70][gc,phases   ] GC(7)   Merge Heap Roots: 0.2ms
[2025-09-23T12:00:40.327+0000][70][gc,phases   ] GC(7)   Evacuate Collection Set: 26.1ms
[2025-09-23T12:00:40.327+0000][70][gc,phases   ] GC(7)   Post Evacuate Collection Set: 3.2ms
[2025-09-23T12:00:40.327+0000][70][gc,phases   ] GC(7)   Other: 0.2ms
[2025-09-23T12:00:40.327+0000][70][gc,age      ] GC(7) Age table with threshold 15 (max threshold 15)
[2025-09-23T12:00:40.327+0000][70][gc,age      ] GC(7) - age   1:   25257704 bytes,   25257704 total
[2025-09-23T12:00:40.327+0000][70][gc,age      ] GC(7) - age   2:   11477400 bytes,   36735104 total
[2025-09-23T12:00:40.327+0000][70][gc,age      ] GC(7) - age   3:    6648512 bytes,   43383616 total
[2025-09-23T12:00:40.328+0000][70][gc,age      ] GC(7) - age   4:    2149512 bytes,   45533128 total
[2025-09-23T12:00:40.328+0000][70][gc,age      ] GC(7) - age   5:    1285256 bytes,   46818384 total
[2025-09-23T12:00:40.328+0000][70][gc,age      ] GC(7) - age   6:    7444768 bytes,   54263152 total
[2025-09-23T12:00:40.328+0000][70][gc,heap     ] GC(7) Eden regions: 113->0(152)
[2025-09-23T12:00:40.328+0000][70][gc,heap     ] GC(7) Survivor regions: 8->14(32)
[2025-09-23T12:00:40.328+0000][70][gc,heap     ] GC(7) Old regions: 0->0
[2025-09-23T12:00:40.328+0000][70][gc,heap     ] GC(7) Archive regions: 2->2
[2025-09-23T12:00:40.328+0000][70][gc,heap     ] GC(7) Humongous regions: 0->0
[2025-09-23T12:00:40.328+0000][70][gc,metaspace] GC(7) Metaspace: 59289K(60736K)->59289K(60736K) NonClass: 51906K(52800K)->51906K(52800K) Class: 7382K(7936K)->7382K(7936K)
[2025-09-23T12:00:40.328+0000][70][gc          ] GC(7) Pause Young (Concurrent Start) (Metadata GC Threshold) 485M->59M(2048M) 32.707ms
[2025-09-23T12:00:40.329+0000][70][gc,cpu      ] GC(7) User=0.14s Sys=0.00s Real=0.04s
[2025-09-23T12:00:40.329+0000][70][gc          ] GC(8) Concurrent Mark Cycle
[2025-09-23T12:00:40.329+0000][70][gc,marking  ] GC(8) Concurrent Clear Claimed Marks
[2025-09-23T12:00:40.329+0000][70][safepoint   ] Safepoint "CollectForMetadataAllocation", Time since last: 353536917 ns, Reaching safepoint: 187000 ns, At safepoint: 33153500 ns, Total: 33340500 ns
[2025-09-23T12:00:40.330+0000][70][gc,marking  ] GC(8) Concurrent Clear Claimed Marks 0.667ms
[2025-09-23T12:00:40.333+0000][70][gc,marking  ] GC(8) Concurrent Scan Root Regions
[2025-09-23T12:00:40.355+0000][70][gc,marking  ] GC(8) Concurrent Scan Root Regions 22.171ms
[2025-09-23T12:00:40.355+0000][70][gc,marking  ] GC(8) Concurrent Mark
[2025-09-23T12:00:40.356+0000][70][gc,marking  ] GC(8) Concurrent Mark From Roots
[2025-09-23T12:00:40.356+0000][70][gc,task     ] GC(8) Using 2 workers of 2 for marking
[2025-09-23T12:00:40.358+0000][70][gc,marking  ] GC(8) Concurrent Mark From Roots 2.082ms
[2025-09-23T12:00:40.358+0000][70][gc,marking  ] GC(8) Concurrent Preclean
[2025-09-23T12:00:40.358+0000][70][gc,marking  ] GC(8) Concurrent Preclean 0.151ms
[2025-09-23T12:00:40.360+0000][70][gc,start    ] GC(8) Pause Remark
[2025-09-23T12:00:40.364+0000][70][gc          ] GC(8) Pause Remark 63M->63M(2048M) 4.424ms
[2025-09-23T12:00:40.364+0000][70][gc,cpu      ] GC(8) User=0.02s Sys=0.00s Real=0.00s
[2025-09-23T12:00:40.364+0000][70][safepoint   ] Safepoint "G1PauseRemark", Time since last: 30094083 ns, Reaching safepoint: 598250 ns, At safepoint: 4754917 ns, Total: 5353167 ns
[2025-09-23T12:00:40.374+0000][70][gc,marking  ] GC(8) Concurrent Mark 18.187ms
[2025-09-23T12:00:40.374+0000][70][gc,marking  ] GC(8) Concurrent Rebuild Remembered Sets
[2025-09-23T12:00:40.374+0000][70][gc,marking  ] GC(8) Concurrent Rebuild Remembered Sets 0.108ms
[2025-09-23T12:00:40.374+0000][70][gc,start    ] GC(8) Pause Cleanup
[2025-09-23T12:00:40.374+0000][70][gc          ] GC(8) Pause Cleanup 63M->63M(2048M) 0.100ms
[2025-09-23T12:00:40.374+0000][70][gc,cpu      ] GC(8) User=0.00s Sys=0.00s Real=0.00s
[2025-09-23T12:00:40.375+0000][70][safepoint   ] Safepoint "G1PauseCleanup", Time since last: 9801875 ns, Reaching safepoint: 110541 ns, At safepoint: 326250 ns, Total: 436791 ns
[2025-09-23T12:00:40.382+0000][70][gc,marking  ] GC(8) Concurrent Cleanup for Next Mark
[2025-09-23T12:00:40.411+0000][70][gc,marking  ] GC(8) Concurrent Cleanup for Next Mark 28.464ms
[2025-09-23T12:00:40.411+0000][70][gc          ] GC(8) Concurrent Mark Cycle 82.209ms
[2025-09-23T12:00:40.928+0000][70][safepoint   ] Safepoint "ICBufferFull", Time since last: 553210167 ns, Reaching safepoint: 183292 ns, At safepoint: 3083 ns, Total: 186375 ns
[2025-09-23T12:00:41.932+0000][70][safepoint   ] Safepoint "Cleanup", Time since last: 1003176751 ns, Reaching safepoint: 1306458 ns, At safepoint: 15875 ns, Total: 1322333 ns
[2025-09-23T12:00:42.883+0000][70][safepoint   ] Safepoint "ICBufferFull", Time since last: 950597834 ns, Reaching safepoint: 342708 ns, At safepoint: 7375 ns, Total: 350083 ns
[2025-09-23T12:00:43.609+0000][70][safepoint   ] Safepoint "ICBufferFull", Time since last: 723956333 ns, Reaching safepoint: 832250 ns, At safepoint: 5542 ns, Total: 837792 ns
[2025-09-23T12:00:44.614+0000][70][safepoint   ] Safepoint "Cleanup", Time since last: 1003924792 ns, Reaching safepoint: 1617958 ns, At safepoint: 7500 ns, Total: 1625458 ns
[2025-09-23T12:00:44.911+0000][70][safepoint   ] Safepoint "ICBufferFull", Time since last: 296256251 ns, Reaching safepoint: 228458 ns, At safepoint: 17917 ns, Total: 246375 ns
[2025-09-23T12:00:45.295+0000][70][safepoint   ] Safepoint "ICBufferFull", Time since last: 383157291 ns, Reaching safepoint: 454334 ns, At safepoint: 14833 ns, Total: 469167 ns
[2025-09-23T12:00:45.605+0000][70][gc,start    ] GC(9) Pause Young (Concurrent Start) (Metadata GC Threshold)
[2025-09-23T12:00:45.605+0000][70][gc,task     ] GC(9) Using 8 workers of 8 for evacuation
[2025-09-23T12:00:45.605+0000][70][gc,age      ] GC(9) Desired survivor size 44040192 bytes, new threshold 4 (max threshold 15)
[2025-09-23T12:00:45.649+0000][70][gc,phases   ] GC(9)   Pre Evacuate Collection Set: 0.5ms
[2025-09-23T12:00:45.649+0000][70][gc,phases   ] GC(9)   Merge Heap Roots: 0.1ms
[2025-09-23T12:00:45.649+0000][70][gc,phases   ] GC(9)   Evacuate Collection Set: 39.6ms
[2025-09-23T12:00:45.650+0000][70][gc,phases   ] GC(9)   Post Evacuate Collection Set: 3.2ms
[2025-09-23T12:00:45.650+0000][70][gc,phases   ] GC(9)   Other: 0.4ms
[2025-09-23T12:00:45.650+0000][70][gc,age      ] GC(9) Age table with threshold 4 (max threshold 15)
[2025-09-23T12:00:45.650+0000][70][gc,age      ] GC(9) - age   1:   16675112 bytes,   16675112 total
[2025-09-23T12:00:45.650+0000][70][gc,age      ] GC(9) - age   2:   24709456 bytes,   41384568 total
[2025-09-23T12:00:45.650+0000][70][gc,age      ] GC(9) - age   3:   11402272 bytes,   52786840 total
[2025-09-23T12:00:45.650+0000][70][gc,age      ] GC(9) - age   4:    6626792 bytes,   59413632 total
[2025-09-23T12:00:45.650+0000][70][gc,heap     ] GC(9) Eden regions: 115->0(86)
[2025-09-23T12:00:45.650+0000][70][gc,heap     ] GC(9) Survivor regions: 14->15(21)
[2025-09-23T12:00:45.650+0000][70][gc,heap     ] GC(9) Old regions: 0->3
[2025-09-23T12:00:45.650+0000][70][gc,heap     ] GC(9) Archive regions: 2->2
[2025-09-23T12:00:45.650+0000][70][gc,heap     ] GC(9) Humongous regions: 0->0
[2025-09-23T12:00:45.650+0000][70][gc,metaspace] GC(9) Metaspace: 99145K(101760K)->99145K(101760K) NonClass: 86181K(87488K)->86181K(87488K) Class: 12964K(14272K)->12964K(14272K)
[2025-09-23T12:00:45.651+0000][70][gc          ] GC(9) Pause Young (Concurrent Start) (Metadata GC Threshold) 517M->74M(2048M) 45.645ms
[2025-09-23T12:00:45.651+0000][70][gc,cpu      ] GC(9) User=0.22s Sys=0.00s Real=0.05s
[2025-09-23T12:00:45.651+0000][70][gc          ] GC(10) Concurrent Mark Cycle
[2025-09-23T12:00:45.651+0000][70][gc,marking  ] GC(10) Concurrent Clear Claimed Marks
[2025-09-23T12:00:45.651+0000][70][gc,marking  ] GC(10) Concurrent Clear Claimed Marks 0.435ms
[2025-09-23T12:00:45.651+0000][70][gc,marking  ] GC(10) Concurrent Scan Root Regions
[2025-09-23T12:00:45.651+0000][70][safepoint   ] Safepoint "CollectForMetadataAllocation", Time since last: 309893334 ns, Reaching safepoint: 392625 ns, At safepoint: 46021000 ns, Total: 46413625 ns
[2025-09-23T12:00:45.677+0000][70][gc,marking  ] GC(10) Concurrent Scan Root Regions 25.935ms
[2025-09-23T12:00:45.678+0000][70][gc,marking  ] GC(10) Concurrent Mark
[2025-09-23T12:00:45.678+0000][70][gc,marking  ] GC(10) Concurrent Mark From Roots
[2025-09-23T12:00:45.678+0000][70][gc,task     ] GC(10) Using 2 workers of 2 for marking
[2025-09-23T12:00:45.679+0000][70][gc,marking  ] GC(10) Concurrent Mark From Roots 1.033ms
[2025-09-23T12:00:45.680+0000][70][gc,marking  ] GC(10) Concurrent Preclean
[2025-09-23T12:00:45.680+0000][70][gc,marking  ] GC(10) Concurrent Preclean 0.090ms
[2025-09-23T12:00:45.681+0000][70][gc,start    ] GC(10) Pause Remark
[2025-09-23T12:00:45.686+0000][70][gc          ] GC(10) Pause Remark 79M->79M(2048M) 5.217ms
[2025-09-23T12:00:45.686+0000][70][gc,cpu      ] GC(10) User=0.01s Sys=0.00s Real=0.00s
[2025-09-23T12:00:45.686+0000][70][safepoint   ] Safepoint "G1PauseRemark", Time since last: 28852583 ns, Reaching safepoint: 1215042 ns, At safepoint: 5462875 ns, Total: 6677917 ns
[2025-09-23T12:00:45.691+0000][70][gc,marking  ] GC(10) Concurrent Mark 12.644ms
[2025-09-23T12:00:45.691+0000][70][gc,marking  ] GC(10) Concurrent Rebuild Remembered Sets
[2025-09-23T12:00:45.697+0000][70][gc,marking  ] GC(10) Concurrent Rebuild Remembered Sets 5.668ms
[2025-09-23T12:00:45.698+0000][70][gc,start    ] GC(10) Pause Cleanup
[2025-09-23T12:00:45.698+0000][70][gc          ] GC(10) Pause Cleanup 82M->82M(2048M) 0.281ms
[2025-09-23T12:00:45.698+0000][70][gc,cpu      ] GC(10) User=0.00s Sys=0.00s Real=0.00s
[2025-09-23T12:00:45.699+0000][70][safepoint   ] Safepoint "G1PauseCleanup", Time since last: 10677666 ns, Reaching safepoint: 929250 ns, At safepoint: 485792 ns, Total: 1415042 ns
[2025-09-23T12:00:45.700+0000][70][gc,marking  ] GC(10) Concurrent Cleanup for Next Mark
[2025-09-23T12:00:45.721+0000][70][gc,marking  ] GC(10) Concurrent Cleanup for Next Mark 20.313ms
[2025-09-23T12:00:45.721+0000][70][gc          ] GC(10) Concurrent Mark Cycle 70.341ms
[2025-09-23T12:00:46.439+0000][70][safepoint   ] Safepoint "ICBufferFull", Time since last: 738833750 ns, Reaching safepoint: 1617209 ns, At safepoint: 22166 ns, Total: 1639375 ns
[2025-09-23T12:00:47.090+0000][70][safepoint   ] Safepoint "ICBufferFull", Time since last: 650977626 ns, Reaching safepoint: 312708 ns, At safepoint: 6167 ns, Total: 318875 ns
[2025-09-23T12:00:47.931+0000][70][safepoint   ] Safepoint "ICBufferFull", Time since last: 840132167 ns, Reaching safepoint: 264791 ns, At safepoint: 6167 ns, Total: 270958 ns
[2025-09-23T12:00:48.048+0000][70][safepoint   ] Safepoint "ICBufferFull", Time since last: 116791125 ns, Reaching safepoint: 598833 ns, At safepoint: 22375 ns, Total: 621208 ns
[2025-09-23T12:00:48.190+0000][70][safepoint   ] Safepoint "ICBufferFull", Time since last: 141905625 ns, Reaching safepoint: 313750 ns, At safepoint: 21959 ns, Total: 335709 ns
[2025-09-23T12:00:48.341+0000][70][safepoint   ] Safepoint "ICBufferFull", Time since last: 148864958 ns, Reaching safepoint: 1910459 ns, At safepoint: 25375 ns, Total: 1935834 ns
[2025-09-23T12:00:48.404+0000][70][safepoint   ] Safepoint "ICBufferFull", Time since last: 60753000 ns, Reaching safepoint: 2243625 ns, At safepoint: 23083 ns, Total: 2266708 ns
[2025-09-23T12:00:48.510+0000][70][safepoint   ] Safepoint "ICBufferFull", Time since last: 105613708 ns, Reaching safepoint: 361792 ns, At safepoint: 19083 ns, Total: 380875 ns
[2025-09-23T12:00:48.873+0000][70][safepoint   ] Safepoint "ICBufferFull", Time since last: 360887459 ns, Reaching safepoint: 1668625 ns, At safepoint: 39500 ns, Total: 1708125 ns
[2025-09-23T12:00:49.154+0000][70][safepoint   ] Safepoint "ICBufferFull", Time since last: 280928792 ns, Reaching safepoint: 361583 ns, At safepoint: 7500 ns, Total: 369083 ns
[2025-09-23T12:00:49.504+0000][70][safepoint   ] Safepoint "ICBufferFull", Time since last: 349116208 ns, Reaching safepoint: 1166709 ns, At safepoint: 25041 ns, Total: 1191750 ns
[2025-09-23T12:00:50.394+0000][70][safepoint   ] Safepoint "ICBufferFull", Time since last: 889799626 ns, Reaching safepoint: 201875 ns, At safepoint: 4250 ns, Total: 206125 ns
[2025-09-23T12:00:51.024+0000][70][safepoint   ] Safepoint "ICBufferFull", Time since last: 628679792 ns, Reaching safepoint: 1389000 ns, At safepoint: 11958 ns, Total: 1400958 ns
[2025-09-23T12:00:51.484+0000][70][safepoint   ] Safepoint "ICBufferFull", Time since last: 458400875 ns, Reaching safepoint: 819625 ns, At safepoint: 18917 ns, Total: 838542 ns
[2025-09-23T12:00:51.953+0000][70][safepoint   ] Safepoint "ICBufferFull", Time since last: 467784500 ns, Reaching safepoint: 1577500 ns, At safepoint: 25209 ns, Total: 1602709 ns
[2025-09-23T12:00:52.645+0000][70][safepoint   ] Safepoint "ICBufferFull", Time since last: 691786833 ns, Reaching safepoint: 227750 ns, At safepoint: 7834 ns, Total: 235584 ns
[2025-09-23T12:00:53.649+0000][70][safepoint   ] Safepoint "Cleanup", Time since last: 1002673583 ns, Reaching safepoint: 1305375 ns, At safepoint: 11542 ns, Total: 1316917 ns
[2025-09-23T12:00:54.542+0000][70][gc,start    ] GC(11) Pause Young (Normal) (G1 Evacuation Pause)
[2025-09-23T12:00:54.546+0000][70][gc,task     ] GC(11) Using 8 workers of 8 for evacuation
[2025-09-23T12:00:54.546+0000][70][gc,age      ] GC(11) Desired survivor size 35651584 bytes, new threshold 2 (max threshold 15)
[2025-09-23T12:00:54.758+0000][70][gc,mmu      ] GC(11) MMU target violated: 201.0ms (200.0ms/201.0ms)
[2025-09-23T12:00:54.760+0000][70][gc,phases   ] GC(11)   Pre Evacuate Collection Set: 0.8ms
[2025-09-23T12:00:54.761+0000][70][gc,phases   ] GC(11)   Merge Heap Roots: 0.3ms
[2025-09-23T12:00:54.762+0000][70][gc,phases   ] GC(11)   Evacuate Collection Set: 187.9ms
[2025-09-23T12:00:54.762+0000][70][gc,phases   ] GC(11)   Post Evacuate Collection Set: 23.5ms
[2025-09-23T12:00:54.762+0000][70][gc,phases   ] GC(11)   Other: 2.3ms
[2025-09-23T12:00:54.762+0000][70][gc,age      ] GC(11) Age table with threshold 2 (max threshold 15)
[2025-09-23T12:00:54.762+0000][70][gc,age      ] GC(11) - age   1:   24097496 bytes,   24097496 total
[2025-09-23T12:00:54.762+0000][70][gc,age      ] GC(11) - age   2:   15652096 bytes,   39749592 total
[2025-09-23T12:00:54.762+0000][70][gc,heap     ] GC(11) Eden regions: 118->0(157)
[2025-09-23T12:00:54.762+0000][70][gc,heap     ] GC(11) Survivor regions: 15->11(17)
[2025-09-23T12:00:54.762+0000][70][gc,heap     ] GC(11) Old regions: 3->13
[2025-09-23T12:00:54.764+0000][70][gc,heap     ] GC(11) Archive regions: 2->2
[2025-09-23T12:00:54.764+0000][70][gc,heap     ] GC(11) Humongous regions: 4->4
[2025-09-23T12:00:54.764+0000][70][gc,metaspace] GC(11) Metaspace: 121231K(124544K)->121231K(124544K) NonClass: 105066K(106752K)->105066K(106752K) Class: 16164K(17792K)->16164K(17792K)
[2025-09-23T12:00:54.764+0000][70][gc          ] GC(11) Pause Young (Normal) (G1 Evacuation Pause) 562M->114M(2048M) 221.696ms
[2025-09-23T12:00:54.764+0000][70][gc,cpu      ] GC(11) User=0.52s Sys=0.03s Real=0.22s
[2025-09-23T12:00:54.765+0000][70][safepoint   ] Safepoint "G1CollectForAllocation", Time since last: 892833584 ns, Reaching safepoint: 207250 ns, At safepoint: 223257125 ns, Total: 223464375 ns
[2025-09-23T12:00:55.260+0000][70][safepoint   ] Safepoint "ICBufferFull", Time since last: 494336625 ns, Reaching safepoint: 301875 ns, At safepoint: 6334 ns, Total: 308209 ns
[2025-09-23T12:00:55.808+0000][70][safepoint   ] Safepoint "ICBufferFull", Time since last: 547809375 ns, Reaching safepoint: 254166 ns, At safepoint: 7375 ns, Total: 261541 ns
[2025-09-23T12:00:56.440+0000][70][safepoint   ] Safepoint "ICBufferFull", Time since last: 632105584 ns, Reaching safepoint: 215250 ns, At safepoint: 12458 ns, Total: 227708 ns
[2025-09-23T12:00:56.936+0000][70][safepoint   ] Safepoint "ICBufferFull", Time since last: 491401376 ns, Reaching safepoint: 309291 ns, At safepoint: 3687375 ns, Total: 3996666 ns
[2025-09-23T12:00:57.642+0000][70][safepoint   ] Safepoint "ICBufferFull", Time since last: 705530959 ns, Reaching safepoint: 275958 ns, At safepoint: 13334 ns, Total: 289292 ns
[2025-09-23T12:00:58.646+0000][70][safepoint   ] Safepoint "Cleanup", Time since last: 1004197292 ns, Reaching safepoint: 374958 ns, At safepoint: 5167 ns, Total: 380125 ns
[2025-09-23T12:01:01.654+0000][70][safepoint   ] Safepoint "Cleanup", Time since last: 3002221293 ns, Reaching safepoint: 5405750 ns, At safepoint: 13958 ns, Total: 5419708 ns
[2025-09-23T12:01:02.655+0000][70][safepoint   ] Safepoint "Cleanup", Time since last: 1001040917 ns, Reaching safepoint: 205542 ns, At safepoint: 5625 ns, Total: 211167 ns
[2025-09-23T12:01:03.255+0000][70][safepoint   ] Safepoint "ICBufferFull", Time since last: 572164209 ns, Reaching safepoint: 1537958 ns, At safepoint: 26225458 ns, Total: 27763416 ns
[2025-09-23T12:01:03.270+0000][70][safepoint   ] Safepoint "ICBufferFull", Time since last: 705500 ns, Reaching safepoint: 1501500 ns, At safepoint: 12473917 ns, Total: 13975417 ns
[2025-09-23T12:01:03.822+0000][70][safepoint   ] Safepoint "ICBufferFull", Time since last: 551002750 ns, Reaching safepoint: 1198792 ns, At safepoint: 10542 ns, Total: 1209334 ns
[2025-09-23T12:01:04.286+0000][70][safepoint   ] Safepoint "ICBufferFull", Time since last: 463436250 ns, Reaching safepoint: 496541 ns, At safepoint: 97875 ns, Total: 594416 ns
[2025-09-23T12:01:04.835+0000][70][safepoint   ] Safepoint "ICBufferFull", Time since last: 546658292 ns, Reaching safepoint: 2724500 ns, At safepoint: 30917 ns, Total: 2755417 ns
[2025-09-23T12:01:04.857+0000][70][safepoint   ] Safepoint "ICBufferFull", Time since last: 18463667 ns, Reaching safepoint: 3102333 ns, At safepoint: 33500 ns, Total: 3135833 ns
[2025-09-23T12:01:05.205+0000][70][safepoint   ] Safepoint "ICBufferFull", Time since last: 344540167 ns, Reaching safepoint: 3625167 ns, At safepoint: 40083 ns, Total: 3665250 ns
[2025-09-23T12:01:05.402+0000][70][safepoint   ] Safepoint "ICBufferFull", Time since last: 190944167 ns, Reaching safepoint: 5947208 ns, At safepoint: 46625 ns, Total: 5993833 ns
[2025-09-23T12:01:05.590+0000][70][safepoint   ] Safepoint "ICBufferFull", Time since last: 187721875 ns, Reaching safepoint: 311042 ns, At safepoint: 41875 ns, Total: 352917 ns
[2025-09-23T12:01:06.001+0000][70][safepoint   ] Safepoint "ICBufferFull", Time since last: 409418208 ns, Reaching safepoint: 1017417 ns, At safepoint: 15375 ns, Total: 1032792 ns
[2025-09-23T12:01:06.219+0000][70][safepoint   ] Safepoint "ICBufferFull", Time since last: 218560417 ns, Reaching safepoint: 262458 ns, At safepoint: 18958 ns, Total: 281416 ns
[2025-09-23T12:01:06.671+0000][70][safepoint   ] Safepoint "ICBufferFull", Time since last: 445629042 ns, Reaching safepoint: 1112334 ns, At safepoint: 4839833 ns, Total: 5952167 ns
[2025-09-23T12:01:06.826+0000][70][safepoint   ] Safepoint "ICBufferFull", Time since last: 154936042 ns, Reaching safepoint: 171833 ns, At safepoint: 2750 ns, Total: 174583 ns
[2025-09-23T12:01:07.145+0000][70][safepoint   ] Safepoint "ICBufferFull", Time since last: 315644917 ns, Reaching safepoint: 2676833 ns, At safepoint: 27959 ns, Total: 2704792 ns
[2025-09-23T12:01:07.510+0000][70][safepoint   ] Safepoint "ICBufferFull", Time since last: 365305166 ns, Reaching safepoint: 350459 ns, At safepoint: 15458 ns, Total: 365917 ns
[2025-09-23T12:01:07.514+0000][70][safepoint   ] Safepoint "ICBufferFull", Time since last: 3658667 ns, Reaching safepoint: 73500 ns, At safepoint: 4125 ns, Total: 77625 ns
[2025-09-23T12:01:07.873+0000][70][safepoint   ] Safepoint "ICBufferFull", Time since last: 358929208 ns, Reaching safepoint: 214750 ns, At safepoint: 3875 ns, Total: 218625 ns
[2025-09-23T12:01:08.029+0000][70][safepoint   ] Safepoint "ICBufferFull", Time since last: 151707292 ns, Reaching safepoint: 4663458 ns, At safepoint: 33042 ns, Total: 4696500 ns
[2025-09-23T12:01:08.033+0000][70][safepoint   ] Safepoint "ICBufferFull", Time since last: 2211792 ns, Reaching safepoint: 1171250 ns, At safepoint: 14875 ns, Total: 1186125 ns
[2025-09-23T12:01:08.837+0000][70][safepoint   ] Safepoint "ICBufferFull", Time since last: 803950458 ns, Reaching safepoint: 372500 ns, At safepoint: 8334 ns, Total: 380834 ns
[2025-09-23T12:01:09.119+0000][70][safepoint   ] Safepoint "ICBufferFull", Time since last: 281359750 ns, Reaching safepoint: 492333 ns, At safepoint: 19458 ns, Total: 511791 ns
[2025-09-23T12:01:09.380+0000][70][safepoint   ] Safepoint "ICBufferFull", Time since last: 260222167 ns, Reaching safepoint: 767250 ns, At safepoint: 18542 ns, Total: 785792 ns
[2025-09-23T12:01:09.908+0000][70][safepoint   ] Safepoint "ICBufferFull", Time since last: 526031542 ns, Reaching safepoint: 2216083 ns, At safepoint: 8667 ns, Total: 2224750 ns
[2025-09-23T12:01:09.942+0000][70][safepoint   ] Safepoint "ICBufferFull", Time since last: 14211250 ns, Reaching safepoint: 8174625 ns, At safepoint: 11121792 ns, Total: 19296417 ns
[2025-09-23T12:01:10.205+0000][70][safepoint   ] Safepoint "ICBufferFull", Time since last: 260572166 ns, Reaching safepoint: 2081334 ns, At safepoint: 38916 ns, Total: 2120250 ns
[2025-09-23T12:01:10.402+0000][70][safepoint   ] Safepoint "ICBufferFull", Time since last: 195874334 ns, Reaching safepoint: 1060583 ns, At safepoint: 50500 ns, Total: 1111083 ns
[2025-09-23T12:01:11.629+0000][70][safepoint   ] Safepoint "ICBufferFull", Time since last: 1227316542 ns, Reaching safepoint: 289709 ns, At safepoint: 5166 ns, Total: 294875 ns
[2025-09-23T12:01:12.060+0000][70][safepoint   ] Safepoint "ICBufferFull", Time since last: 430497501 ns, Reaching safepoint: 767541 ns, At safepoint: 30500 ns, Total: 798041 ns
[2025-09-23T12:01:12.062+0000][70][safepoint   ] Safepoint "ICBufferFull", Time since last: 464209 ns, Reaching safepoint: 1007541 ns, At safepoint: 15042 ns, Total: 1022583 ns
[2025-09-23T12:01:12.321+0000][70][safepoint   ] Safepoint "ICBufferFull", Time since last: 245421958 ns, Reaching safepoint: 5011042 ns, At safepoint: 8458042 ns, Total: 13469084 ns
[2025-09-23T12:01:12.564+0000][70][safepoint   ] Safepoint "ICBufferFull", Time since last: 241410000 ns, Reaching safepoint: 1660166 ns, At safepoint: 47292 ns, Total: 1707458 ns
[2025-09-23T12:01:12.855+0000][70][safepoint   ] Safepoint "ICBufferFull", Time since last: 290219375 ns, Reaching safepoint: 892917 ns, At safepoint: 17042 ns, Total: 909959 ns
[2025-09-23T12:01:13.111+0000][70][safepoint   ] Safepoint "ICBufferFull", Time since last: 255546583 ns, Reaching safepoint: 500542 ns, At safepoint: 21541 ns, Total: 522083 ns
[2025-09-23T12:01:13.780+0000][70][safepoint   ] Safepoint "ICBufferFull", Time since last: 662688875 ns, Reaching safepoint: 5659875 ns, At safepoint: 15333 ns, Total: 5675208 ns
[2025-09-23T12:01:13.808+0000][70][gc,start    ] GC(12) Pause Young (Normal) (G1 Evacuation Pause)
[2025-09-23T12:01:13.809+0000][70][gc,task     ] GC(12) Using 8 workers of 8 for evacuation
[2025-09-23T12:01:13.809+0000][70][gc,age      ] GC(12) Desired survivor size 44040192 bytes, new threshold 15 (max threshold 15)
[2025-09-23T12:01:13.927+0000][70][gc,phases   ] GC(12)   Pre Evacuate Collection Set: 0.9ms
[2025-09-23T12:01:13.927+0000][70][gc,phases   ] GC(12)   Merge Heap Roots: 0.3ms
[2025-09-23T12:01:13.927+0000][70][gc,phases   ] GC(12)   Evacuate Collection Set: 106.4ms
[2025-09-23T12:01:13.927+0000][70][gc,phases   ] GC(12)   Post Evacuate Collection Set: 8.9ms
[2025-09-23T12:01:13.927+0000][70][gc,phases   ] GC(12)   Other: 1.4ms
[2025-09-23T12:01:13.927+0000][70][gc,age      ] GC(12) Age table with threshold 15 (max threshold 15)
[2025-09-23T12:01:13.928+0000][70][gc,age      ] GC(12) - age   1:   26089008 bytes,   26089008 total
[2025-09-23T12:01:13.928+0000][70][gc,age      ] GC(12) - age   2:   20734704 bytes,   46823712 total
[2025-09-23T12:01:13.928+0000][70][gc,age      ] GC(12) - age   3:   15555672 bytes,   62379384 total
[2025-09-23T12:01:13.928+0000][70][gc,heap     ] GC(12) Eden regions: 157->0(90)
[2025-09-23T12:01:13.928+0000][70][gc,heap     ] GC(12) Survivor regions: 11->18(21)
[2025-09-23T12:01:13.928+0000][70][gc,heap     ] GC(12) Old regions: 13->13
[2025-09-23T12:01:13.928+0000][70][gc,heap     ] GC(12) Archive regions: 2->2
[2025-09-23T12:01:13.928+0000][70][gc,heap     ] GC(12) Humongous regions: 4->4
[2025-09-23T12:01:13.928+0000][70][gc,metaspace] GC(12) Metaspace: 132305K(135808K)->132305K(135808K) NonClass: 114756K(116544K)->114756K(116544K) Class: 17549K(19264K)->17549K(19264K)
[2025-09-23T12:01:13.928+0000][70][gc          ] GC(12) Pause Young (Normal) (G1 Evacuation Pause) 742M->142M(2048M) 120.379ms
[2025-09-23T12:01:13.929+0000][70][gc,cpu      ] GC(12) User=0.45s Sys=0.02s Real=0.12s
[2025-09-23T12:01:13.929+0000][70][safepoint   ] Safepoint "G1CollectForAllocation", Time since last: 28198333 ns, Reaching safepoint: 110334 ns, At safepoint: 121154958 ns, Total: 121265292 ns
[2025-09-23T12:01:14.931+0000][70][safepoint   ] Safepoint "Cleanup", Time since last: 1001318709 ns, Reaching safepoint: 291208 ns, At safepoint: 12334 ns, Total: 303542 ns
[2025-09-23T12:01:15.933+0000][70][safepoint   ] Safepoint "Cleanup", Time since last: 1001498042 ns, Reaching safepoint: 211416 ns, At safepoint: 8209 ns, Total: 219625 ns
[2025-09-23T12:01:16.933+0000][70][safepoint   ] Safepoint "Cleanup", Time since last: 1000577750 ns, Reaching safepoint: 215959 ns, At safepoint: 8166 ns, Total: 224125 ns
[2025-09-23T12:01:18.936+0000][70][safepoint   ] Safepoint "Cleanup", Time since last: 2001892543 ns, Reaching safepoint: 463083 ns, At safepoint: 14875 ns, Total: 477958 ns
[2025-09-23T12:01:19.114+0000][70][safepoint   ] Safepoint "ICBufferFull", Time since last: 177967959 ns, Reaching safepoint: 405750 ns, At safepoint: 12416 ns, Total: 418166 ns
[2025-09-23T12:01:19.615+0000][70][safepoint   ] Safepoint "ICBufferFull", Time since last: 500752334 ns, Reaching safepoint: 399500 ns, At safepoint: 11875 ns, Total: 411375 ns
[2025-09-23T12:01:20.616+0000][70][safepoint   ] Safepoint "Cleanup", Time since last: 1000859959 ns, Reaching safepoint: 246750 ns, At safepoint: 7500 ns, Total: 254250 ns
[2025-09-23T12:01:21.618+0000][70][safepoint   ] Safepoint "Cleanup", Time since last: 1000898833 ns, Reaching safepoint: 525750 ns, At safepoint: 15709 ns, Total: 541459 ns
[2025-09-23T12:01:23.620+0000][70][safepoint   ] Safepoint "Cleanup", Time since last: 2002418292 ns, Reaching safepoint: 265584 ns, At safepoint: 12000 ns, Total: 277584 ns
[2025-09-23T12:01:24.305+0000][70][safepoint   ] Safepoint "ICBufferFull", Time since last: 683691167 ns, Reaching safepoint: 359875 ns, At safepoint: 433166 ns, Total: 793041 ns
[2025-09-23T12:01:25.309+0000][70][safepoint   ] Safepoint "Cleanup", Time since last: 1002761418 ns, Reaching safepoint: 1167875 ns, At safepoint: 9083 ns, Total: 1176958 ns
[2025-09-23T12:01:26.311+0000][70][safepoint   ] Safepoint "Cleanup", Time since last: 1001435500 ns, Reaching safepoint: 247875 ns, At safepoint: 13750 ns, Total: 261625 ns
[2025-09-23T12:01:27.313+0000][70][safepoint   ] Safepoint "Cleanup", Time since last: 1002441917 ns, Reaching safepoint: 90625 ns, At safepoint: 2875 ns, Total: 93500 ns
[2025-09-23T12:01:30.320+0000][70][safepoint   ] Safepoint "Cleanup", Time since last: 3006100294 ns, Reaching safepoint: 581000 ns, At safepoint: 7458 ns, Total: 588458 ns
[2025-09-23T12:01:31.326+0000][70][safepoint   ] Safepoint "Cleanup", Time since last: 1006337334 ns, Reaching safepoint: 231375 ns, At safepoint: 7541 ns, Total: 238916 ns
[2025-09-23T12:01:32.329+0000][70][safepoint   ] Safepoint "Cleanup", Time since last: 1002124459 ns, Reaching safepoint: 704625 ns, At safepoint: 6125 ns, Total: 710750 ns
[2025-09-23T12:01:33.340+0000][70][safepoint   ] Safepoint "Cleanup", Time since last: 1010910709 ns, Reaching safepoint: 133958 ns, At safepoint: 5667 ns, Total: 139625 ns
[2025-09-23T12:01:34.358+0000][70][safepoint   ] Safepoint "Cleanup", Time since last: 1016944917 ns, Reaching safepoint: 516042 ns, At safepoint: 10917 ns, Total: 526959 ns
[2025-09-23T12:01:36.369+0000][70][safepoint   ] Safepoint "Cleanup", Time since last: 2010579584 ns, Reaching safepoint: 388791 ns, At safepoint: 21459 ns, Total: 410250 ns
[2025-09-23T12:01:37.370+0000][70][safepoint   ] Safepoint "Cleanup", Time since last: 1001344459 ns, Reaching safepoint: 255875 ns, At safepoint: 7416 ns, Total: 263291 ns
[2025-09-23T12:01:39.420+0000][70][safepoint   ] Safepoint "Cleanup", Time since last: 2005712251 ns, Reaching safepoint: 43570709 ns, At safepoint: 13083 ns, Total: 43583792 ns
[2025-09-23T12:01:41.443+0000][70][safepoint   ] Safepoint "Cleanup", Time since last: 2022389001 ns, Reaching safepoint: 950125 ns, At safepoint: 22625 ns, Total: 972750 ns
[2025-09-23T12:01:42.449+0000][70][safepoint   ] Safepoint "Cleanup", Time since last: 1005283750 ns, Reaching safepoint: 629917 ns, At safepoint: 16750 ns, Total: 646667 ns
[2025-09-23T12:01:43.464+0000][70][safepoint   ] Safepoint "Cleanup", Time since last: 1001921416 ns, Reaching safepoint: 14227875 ns, At safepoint: 11792 ns, Total: 14239667 ns
[2025-09-23T12:01:44.540+0000][70][safepoint   ] Safepoint "Cleanup", Time since last: 1075488750 ns, Reaching safepoint: 508292 ns, At safepoint: 8792 ns, Total: 517084 ns
[2025-09-23T12:01:45.560+0000][70][safepoint   ] Safepoint "Cleanup", Time since last: 1011021709 ns, Reaching safepoint: 9424666 ns, At safepoint: 181959 ns, Total: 9606625 ns
[2025-09-23T12:01:46.567+0000][70][safepoint   ] Safepoint "Cleanup", Time since last: 1005211875 ns, Reaching safepoint: 1849250 ns, At safepoint: 17417 ns, Total: 1866667 ns
[2025-09-23T12:01:47.609+0000][70][safepoint   ] Safepoint "Cleanup", Time since last: 1015279834 ns, Reaching safepoint: 26700083 ns, At safepoint: 14125 ns, Total: 26714208 ns
[2025-09-23T12:01:48.612+0000][70][safepoint   ] Safepoint "Cleanup", Time since last: 1002283667 ns, Reaching safepoint: 538292 ns, At safepoint: 7750 ns, Total: 546042 ns
[2025-09-23T12:01:50.615+0000][70][safepoint   ] Safepoint "Cleanup", Time since last: 2001888167 ns, Reaching safepoint: 1091500 ns, At safepoint: 9625 ns, Total: 1101125 ns
[2025-09-23T12:01:51.610+0000][70][safepoint   ] Safepoint "ICBufferFull", Time since last: 994484667 ns, Reaching safepoint: 424959 ns, At safepoint: 7875 ns, Total: 432834 ns
[2025-09-23T12:01:52.611+0000][70][safepoint   ] Safepoint "Cleanup", Time since last: 1000718209 ns, Reaching safepoint: 420625 ns, At safepoint: 12375 ns, Total: 433000 ns
[2025-09-23T12:01:53.615+0000][70][safepoint   ] Safepoint "Cleanup", Time since last: 1002906625 ns, Reaching safepoint: 476750 ns, At safepoint: 6542 ns, Total: 483292 ns
[2025-09-23T12:01:54.616+0000][70][safepoint   ] Safepoint "Cleanup", Time since last: 1001115459 ns, Reaching safepoint: 268083 ns, At safepoint: 13167 ns, Total: 281250 ns
[2025-09-23T12:01:55.617+0000][70][safepoint   ] Safepoint "Cleanup", Time since last: 1001072542 ns, Reaching safepoint: 272833 ns, At safepoint: 6917 ns, Total: 279750 ns
[2025-09-23T12:01:57.620+0000][70][safepoint   ] Safepoint "Cleanup", Time since last: 2002507251 ns, Reaching safepoint: 325125 ns, At safepoint: 11833 ns, Total: 336958 ns
[2025-09-23T12:01:58.622+0000][70][safepoint   ] Safepoint "Cleanup", Time since last: 1001341500 ns, Reaching safepoint: 111000 ns, At safepoint: 4584 ns, Total: 115584 ns
[2025-09-23T12:01:59.626+0000][70][safepoint   ] Safepoint "Cleanup", Time since last: 1004059917 ns, Reaching safepoint: 256583 ns, At safepoint: 18584 ns, Total: 275167 ns
[2025-09-23T12:02:00.631+0000][70][safepoint   ] Safepoint "Cleanup", Time since last: 1004578792 ns, Reaching safepoint: 278000 ns, At safepoint: 7083 ns, Total: 285083 ns
[2025-09-23T12:02:03.636+0000][70][safepoint   ] Safepoint "Cleanup", Time since last: 3004771293 ns, Reaching safepoint: 432667 ns, At safepoint: 11333 ns, Total: 444000 ns
[2025-09-23T12:02:04.638+0000][70][safepoint   ] Safepoint "Cleanup", Time since last: 1001782292 ns, Reaching safepoint: 425042 ns, At safepoint: 17667 ns, Total: 442709 ns
[2025-09-23T12:02:05.642+0000][70][safepoint   ] Safepoint "Cleanup", Time since last: 1003319875 ns, Reaching safepoint: 452542 ns, At safepoint: 10250 ns, Total: 462792 ns
[2025-09-23T12:02:06.644+0000][70][safepoint   ] Safepoint "Cleanup", Time since last: 1001494292 ns, Reaching safepoint: 205500 ns, At safepoint: 4875 ns, Total: 210375 ns
[2025-09-23T12:02:07.645+0000][70][safepoint   ] Safepoint "Cleanup", Time since last: 1001031959 ns, Reaching safepoint: 154541 ns, At safepoint: 26084 ns, Total: 180625 ns
[2025-09-23T12:02:09.647+0000][70][safepoint   ] Safepoint "Cleanup", Time since last: 2001689501 ns, Reaching safepoint: 654958 ns, At safepoint: 12583 ns, Total: 667541 ns
[2025-09-23T12:02:10.651+0000][70][safepoint   ] Safepoint "Cleanup", Time since last: 1003285626 ns, Reaching safepoint: 416125 ns, At safepoint: 10708 ns, Total: 426833 ns
[2025-09-23T12:02:11.653+0000][70][safepoint   ] Safepoint "Cleanup", Time since last: 1001658042 ns, Reaching safepoint: 159167 ns, At safepoint: 6000 ns, Total: 165167 ns
[2025-09-23T12:02:12.655+0000][70][safepoint   ] Safepoint "Cleanup", Time since last: 1002146959 ns, Reaching safepoint: 185291 ns, At safepoint: 5500 ns, Total: 190791 ns
[2025-09-23T12:02:13.658+0000][70][safepoint   ] Safepoint "Cleanup", Time since last: 1000858125 ns, Reaching safepoint: 236042 ns, At safepoint: 10750 ns, Total: 246792 ns
[2025-09-23T12:02:15.660+0000][70][safepoint   ] Safepoint "Cleanup", Time since last: 2002412334 ns, Reaching safepoint: 237500 ns, At safepoint: 8750 ns, Total: 246250 ns
[2025-09-23T12:02:16.661+0000][70][safepoint   ] Safepoint "Cleanup", Time since last: 1000619125 ns, Reaching safepoint: 405334 ns, At safepoint: 6000 ns, Total: 411334 ns
[2025-09-23T12:02:17.662+0000][70][safepoint   ] Safepoint "Cleanup", Time since last: 1000764459 ns, Reaching safepoint: 83208 ns, At safepoint: 2333 ns, Total: 85541 ns
[2025-09-23T12:02:18.663+0000][70][safepoint   ] Safepoint "Cleanup", Time since last: 1000911209 ns, Reaching safepoint: 87708 ns, At safepoint: 2167 ns, Total: 89875 ns
[2025-09-23T12:02:20.665+0000][70][safepoint   ] Safepoint "Cleanup", Time since last: 2001694168 ns, Reaching safepoint: 215375 ns, At safepoint: 5500 ns, Total: 220875 ns
[2025-09-23T12:02:21.666+0000][70][safepoint   ] Safepoint "Cleanup", Time since last: 1000793667 ns, Reaching safepoint: 145416 ns, At safepoint: 7875 ns, Total: 153291 ns
[2025-09-23T12:02:22.670+0000][70][safepoint   ] Safepoint "Cleanup", Time since last: 1003806418 ns, Reaching safepoint: 104041 ns, At safepoint: 4709 ns, Total: 108750 ns
[2025-09-23T12:02:24.672+0000][70][safepoint   ] Safepoint "Cleanup", Time since last: 2002035792 ns, Reaching safepoint: 179542 ns, At safepoint: 5542 ns, Total: 185084 ns
[2025-09-23T12:02:25.674+0000][70][safepoint   ] Safepoint "Cleanup", Time since last: 1001943167 ns, Reaching safepoint: 122500 ns, At safepoint: 12041 ns, Total: 134541 ns
[2025-09-23T12:02:27.678+0000][70][safepoint   ] Safepoint "Cleanup", Time since last: 2002881751 ns, Reaching safepoint: 378709 ns, At safepoint: 7708 ns, Total: 386417 ns
[2025-09-23T12:02:30.682+0000][70][safepoint   ] Safepoint "Cleanup", Time since last: 3002378418 ns, Reaching safepoint: 2033042 ns, At safepoint: 5583 ns, Total: 2038625 ns
[2025-09-23T12:02:33.685+0000][70][safepoint   ] Safepoint "Cleanup", Time since last: 3002958460 ns, Reaching safepoint: 258500 ns, At safepoint: 4375 ns, Total: 262875 ns
[2025-09-23T12:02:34.686+0000][70][safepoint   ] Safepoint "Cleanup", Time since last: 1000711875 ns, Reaching safepoint: 156834 ns, At safepoint: 3541 ns, Total: 160375 ns
[2025-09-23T12:02:35.690+0000][70][safepoint   ] Safepoint "Cleanup", Time since last: 1003328709 ns, Reaching safepoint: 145667 ns, At safepoint: 4875 ns, Total: 150542 ns
[2025-09-23T12:02:36.690+0000][70][safepoint   ] Safepoint "Cleanup", Time since last: 1000538334 ns, Reaching safepoint: 103666 ns, At safepoint: 3709 ns, Total: 107375 ns
[2025-09-23T12:02:39.693+0000][70][safepoint   ] Safepoint "Cleanup", Time since last: 3002767459 ns, Reaching safepoint: 226792 ns, At safepoint: 32958 ns, Total: 259750 ns
[2025-09-23T12:02:40.695+0000][70][safepoint   ] Safepoint "Cleanup", Time since last: 1000744459 ns, Reaching safepoint: 1126084 ns, At safepoint: 13250 ns, Total: 1139334 ns
[2025-09-23T12:02:42.702+0000][70][safepoint   ] Safepoint "Cleanup", Time since last: 2005775667 ns, Reaching safepoint: 1038000 ns, At safepoint: 5000 ns, Total: 1043000 ns
[2025-09-23T12:02:43.705+0000][70][safepoint   ] Safepoint "Cleanup", Time since last: 1000967917 ns, Reaching safepoint: 983958 ns, At safepoint: 6167 ns, Total: 990125 ns
[2025-09-23T12:02:45.707+0000][70][safepoint   ] Safepoint "Cleanup", Time since last: 2002103417 ns, Reaching safepoint: 226000 ns, At safepoint: 10500 ns, Total: 236500 ns
[2025-09-23T12:02:46.708+0000][70][safepoint   ] Safepoint "Cleanup", Time since last: 1000724917 ns, Reaching safepoint: 131917 ns, At safepoint: 9042 ns, Total: 140959 ns
[2025-09-23T12:02:47.709+0000][70][safepoint   ] Safepoint "Cleanup", Time since last: 1000857125 ns, Reaching safepoint: 251917 ns, At safepoint: 22417 ns, Total: 274334 ns
[2025-09-23T12:02:48.710+0000][70][safepoint   ] Safepoint "Cleanup", Time since last: 1000686833 ns, Reaching safepoint: 250792 ns, At safepoint: 7167 ns, Total: 257959 ns
[2025-09-23T12:02:50.712+0000][70][safepoint   ] Safepoint "Cleanup", Time since last: 2001964001 ns, Reaching safepoint: 118250 ns, At safepoint: 4708 ns, Total: 122958 ns
[2025-09-23T12:02:51.716+0000][70][safepoint   ] Safepoint "Cleanup", Time since last: 1003651542 ns, Reaching safepoint: 138917 ns, At safepoint: 7791 ns, Total: 146708 ns
[2025-09-23T12:02:53.664+0000][70][safepoint   ] Safepoint "Cleanup", Time since last: 1947885168 ns, Reaching safepoint: 251167 ns, At safepoint: 4333 ns, Total: 255500 ns
[2025-09-23T12:02:54.667+0000][70][safepoint   ] Safepoint "Cleanup", Time since last: 1002720709 ns, Reaching safepoint: 91125 ns, At safepoint: 4167 ns, Total: 95292 ns
[2025-09-23T12:02:55.668+0000][70][safepoint   ] Safepoint "Cleanup", Time since last: 1000912458 ns, Reaching safepoint: 148750 ns, At safepoint: 4500 ns, Total: 153250 ns
[2025-09-23T12:02:57.671+0000][70][safepoint   ] Safepoint "Cleanup", Time since last: 2001806001 ns, Reaching safepoint: 1189125 ns, At safepoint: 5209 ns, Total: 1194334 ns
[2025-09-23T12:02:58.672+0000][70][safepoint   ] Safepoint "Cleanup", Time since last: 1001146625 ns, Reaching safepoint: 239958 ns, At safepoint: 5209 ns, Total: 245167 ns
[2025-09-23T12:03:00.676+0000][70][safepoint   ] Safepoint "Cleanup", Time since last: 2003293001 ns, Reaching safepoint: 96250 ns, At safepoint: 12833 ns, Total: 109083 ns
[2025-09-23T12:03:01.677+0000][70][safepoint   ] Safepoint "Cleanup", Time since last: 1001474667 ns, Reaching safepoint: 123417 ns, At safepoint: 3583 ns, Total: 127000 ns
[2025-09-23T12:03:02.680+0000][70][safepoint   ] Safepoint "Cleanup", Time since last: 1002415667 ns, Reaching safepoint: 67209 ns, At safepoint: 2416 ns, Total: 69625 ns
[2025-09-23T12:03:03.681+0000][70][safepoint   ] Safepoint "Cleanup", Time since last: 1001233626 ns, Reaching safepoint: 287042 ns, At safepoint: 8208 ns, Total: 295250 ns
[2025-09-23T12:03:04.682+0000][70][safepoint   ] Safepoint "Cleanup", Time since last: 1000413125 ns, Reaching safepoint: 212959 ns, At safepoint: 6416 ns, Total: 219375 ns
[2025-09-23T12:03:05.685+0000][70][safepoint   ] Safepoint "Cleanup", Time since last: 1001341084 ns, Reaching safepoint: 1446208 ns, At safepoint: 15584 ns, Total: 1461792 ns
[2025-09-23T12:03:06.687+0000][70][safepoint   ] Safepoint "Cleanup", Time since last: 1001960000 ns, Reaching safepoint: 109292 ns, At safepoint: 4458 ns, Total: 113750 ns
[2025-09-23T12:03:08.690+0000][70][safepoint   ] Safepoint "Cleanup", Time since last: 2003182501 ns, Reaching safepoint: 118042 ns, At safepoint: 12125 ns, Total: 130167 ns
[2025-09-23T12:03:10.328+0000][70][safepoint   ] Safepoint "Cleanup", Time since last: 1637844084 ns, Reaching safepoint: 252875 ns, At safepoint: 4125 ns, Total: 257000 ns
[2025-09-23T12:03:12.333+0000][70][safepoint   ] Safepoint "Cleanup", Time since last: 2004655709 ns, Reaching safepoint: 89125 ns, At safepoint: 2375 ns, Total: 91500 ns
[2025-09-23T12:03:13.334+0000][70][safepoint   ] Safepoint "Cleanup", Time since last: 1000844334 ns, Reaching safepoint: 152292 ns, At safepoint: 4875 ns, Total: 157167 ns
[2025-09-23T12:03:15.336+0000][70][safepoint   ] Safepoint "Cleanup", Time since last: 2001966250 ns, Reaching safepoint: 99416 ns, At safepoint: 3875 ns, Total: 103291 ns
[2025-09-23T12:03:17.338+0000][70][safepoint   ] Safepoint "Cleanup", Time since last: 2001657501 ns, Reaching safepoint: 240375 ns, At safepoint: 4000 ns, Total: 244375 ns
[2025-09-23T12:03:18.339+0000][70][safepoint   ] Safepoint "Cleanup", Time since last: 1000773168 ns, Reaching safepoint: 115833 ns, At safepoint: 3250 ns, Total: 119083 ns
[2025-09-23T12:03:20.341+0000][70][safepoint   ] Safepoint "Cleanup", Time since last: 2001975126 ns, Reaching safepoint: 113583 ns, At safepoint: 3917 ns, Total: 117500 ns
[2025-09-23T12:03:21.342+0000][70][safepoint   ] Safepoint "Cleanup", Time since last: 1001026209 ns, Reaching safepoint: 121875 ns, At safepoint: 4000 ns, Total: 125875 ns
[2025-09-23T12:03:21.959+0000][70][gc,start    ] GC(13) Pause Young (Normal) (G1 Evacuation Pause)
[2025-09-23T12:03:21.959+0000][70][gc,task     ] GC(13) Using 8 workers of 8 for evacuation
[2025-09-23T12:03:21.959+0000][70][gc,age      ] GC(13) Desired survivor size 29360128 bytes, new threshold 2 (max threshold 15)
[2025-09-23T12:03:22.024+0000][70][gc,phases   ] GC(13)   Pre Evacuate Collection Set: 0.4ms
[2025-09-23T12:03:22.024+0000][70][gc,phases   ] GC(13)   Merge Heap Roots: 0.1ms
[2025-09-23T12:03:22.024+0000][70][gc,phases   ] GC(13)   Evacuate Collection Set: 61.6ms
[2025-09-23T12:03:22.024+0000][70][gc,phases   ] GC(13)   Post Evacuate Collection Set: 2.4ms
[2025-09-23T12:03:22.024+0000][70][gc,phases   ] GC(13)   Other: 0.2ms
[2025-09-23T12:03:22.024+0000][70][gc,age      ] GC(13) Age table with threshold 2 (max threshold 15)
[2025-09-23T12:03:22.024+0000][70][gc,age      ] GC(13) - age   1:    1935208 bytes,    1935208 total
[2025-09-23T12:03:22.024+0000][70][gc,age      ] GC(13) - age   2:   23204984 bytes,   25140192 total
[2025-09-23T12:03:22.024+0000][70][gc,heap     ] GC(13) Eden regions: 90->0(300)
[2025-09-23T12:03:22.024+0000][70][gc,heap     ] GC(13) Survivor regions: 18->7(14)
[2025-09-23T12:03:22.024+0000][70][gc,heap     ] GC(13) Old regions: 13->22
[2025-09-23T12:03:22.024+0000][70][gc,heap     ] GC(13) Archive regions: 2->2
[2025-09-23T12:03:22.024+0000][70][gc,heap     ] GC(13) Humongous regions: 4->4
[2025-09-23T12:03:22.024+0000][70][gc,metaspace] GC(13) Metaspace: 134305K(137792K)->134305K(137792K) NonClass: 116739K(118528K)->116739K(118528K) Class: 17566K(19264K)->17566K(19264K)
[2025-09-23T12:03:22.024+0000][70][gc          ] GC(13) Pause Young (Normal) (G1 Evacuation Pause) 502M->135M(2048M) 65.593ms
[2025-09-23T12:03:22.024+0000][70][gc,cpu      ] GC(13) User=0.36s Sys=0.00s Real=0.06s
[2025-09-23T12:03:22.024+0000][70][safepoint   ] Safepoint "G1CollectForAllocation", Time since last: 616649875 ns, Reaching safepoint: 42500 ns, At safepoint: 65784750 ns, Total: 65827250 ns
[2025-09-23T12:03:23.025+0000][70][safepoint   ] Safepoint "Cleanup", Time since last: 1000156125 ns, Reaching safepoint: 102584 ns, At safepoint: 10333 ns, Total: 112917 ns
[2025-09-23T12:03:24.026+0000][70][safepoint   ] Safepoint "Cleanup", Time since last: 1001112876 ns, Reaching safepoint: 46250 ns, At safepoint: 3208 ns, Total: 49458 ns
[2025-09-23T12:03:25.027+0000][70][safepoint   ] Safepoint "Cleanup", Time since last: 1000720417 ns, Reaching safepoint: 132500 ns, At safepoint: 3667 ns, Total: 136167 ns
[2025-09-23T12:03:26.028+0000][70][safepoint   ] Safepoint "Cleanup", Time since last: 1000888000 ns, Reaching safepoint: 84750 ns, At safepoint: 3750 ns, Total: 88500 ns
[2025-09-23T12:03:28.030+0000][70][safepoint   ] Safepoint "Cleanup", Time since last: 2002130709 ns, Reaching safepoint: 150417 ns, At safepoint: 3625 ns, Total: 154042 ns
[2025-09-23T12:03:29.031+0000][70][safepoint   ] Safepoint "Cleanup", Time since last: 1000603626 ns, Reaching safepoint: 60708 ns, At safepoint: 2958 ns, Total: 63666 ns
[2025-09-23T12:03:31.033+0000][70][safepoint   ] Safepoint "Cleanup", Time since last: 2001957168 ns, Reaching safepoint: 174250 ns, At safepoint: 6042 ns, Total: 180292 ns
[2025-09-23T12:03:33.035+0000][70][safepoint   ] Safepoint "Cleanup", Time since last: 2001793417 ns, Reaching safepoint: 88375 ns, At safepoint: 3834 ns, Total: 92209 ns
[2025-09-23T12:03:34.036+0000][70][safepoint   ] Safepoint "Cleanup", Time since last: 1001124167 ns, Reaching safepoint: 408041 ns, At safepoint: 4625 ns, Total: 412666 ns
[2025-09-23T12:03:35.037+0000][70][safepoint   ] Safepoint "Cleanup", Time since last: 1000388626 ns, Reaching safepoint: 121333 ns, At safepoint: 3875 ns, Total: 125208 ns
[2025-09-23T12:03:36.038+0000][70][safepoint   ] Safepoint "Cleanup", Time since last: 1000963917 ns, Reaching safepoint: 111792 ns, At safepoint: 3375 ns, Total: 115167 ns
[2025-09-23T12:03:37.039+0000][70][safepoint   ] Safepoint "Cleanup", Time since last: 1000797167 ns, Reaching safepoint: 70708 ns, At safepoint: 4292 ns, Total: 75000 ns
[2025-09-23T12:03:40.044+0000][70][safepoint   ] Safepoint "Cleanup", Time since last: 3005149918 ns, Reaching safepoint: 188000 ns, At safepoint: 7000 ns, Total: 195000 ns
[2025-09-23T12:03:41.046+0000][70][safepoint   ] Safepoint "Cleanup", Time since last: 1000565834 ns, Reaching safepoint: 1266958 ns, At safepoint: 4917 ns, Total: 1271875 ns
[2025-09-23T12:03:43.051+0000][70][safepoint   ] Safepoint "Cleanup", Time since last: 2004786334 ns, Reaching safepoint: 636625 ns, At safepoint: 5000 ns, Total: 641625 ns
[2025-09-23T12:03:46.054+0000][70][safepoint   ] Safepoint "Cleanup", Time since last: 3002309417 ns, Reaching safepoint: 122167 ns, At safepoint: 3792 ns, Total: 125959 ns
[2025-09-23T12:03:47.055+0000][70][safepoint   ] Safepoint "Cleanup", Time since last: 1000903959 ns, Reaching safepoint: 171375 ns, At safepoint: 4708 ns, Total: 176083 ns
[2025-09-23T12:03:49.058+0000][70][safepoint   ] Safepoint "Cleanup", Time since last: 2002022501 ns, Reaching safepoint: 184167 ns, At safepoint: 13708 ns, Total: 197875 ns
[2025-09-23T12:03:51.060+0000][70][safepoint   ] Safepoint "Cleanup", Time since last: 2001651792 ns, Reaching safepoint: 702625 ns, At safepoint: 8667 ns, Total: 711292 ns
[2025-09-23T12:03:52.061+0000][70][safepoint   ] Safepoint "Cleanup", Time since last: 1001437001 ns, Reaching safepoint: 107250 ns, At safepoint: 3416 ns, Total: 110666 ns
[2025-09-23T12:03:53.062+0000][70][safepoint   ] Safepoint "Cleanup", Time since last: 1000657001 ns, Reaching safepoint: 76916 ns, At safepoint: 3875 ns, Total: 80791 ns
[2025-09-23T12:03:55.065+0000][70][safepoint   ] Safepoint "Cleanup", Time since last: 2002176460 ns, Reaching safepoint: 107916 ns, At safepoint: 50834 ns, Total: 158750 ns
[2025-09-23T12:03:57.066+0000][70][safepoint   ] Safepoint "Cleanup", Time since last: 2001606001 ns, Reaching safepoint: 281375 ns, At safepoint: 4166 ns, Total: 285541 ns
[2025-09-23T12:03:58.067+0000][70][safepoint   ] Safepoint "Cleanup", Time since last: 1000712001 ns, Reaching safepoint: 140166 ns, At safepoint: 23417 ns, Total: 163583 ns
[2025-09-23T12:03:59.068+0000][70][safepoint   ] Safepoint "Cleanup", Time since last: 1000817792 ns, Reaching safepoint: 107167 ns, At safepoint: 3625 ns, Total: 110792 ns
[2025-09-23T12:04:01.071+0000][70][safepoint   ] Safepoint "Cleanup", Time since last: 2002961168 ns, Reaching safepoint: 147625 ns, At safepoint: 3958 ns, Total: 151583 ns
[2025-09-23T12:04:03.077+0000][70][safepoint   ] Safepoint "Cleanup", Time since last: 2005207209 ns, Reaching safepoint: 137584 ns, At safepoint: 4083 ns, Total: 141667 ns
[2025-09-23T12:04:04.077+0000][70][safepoint   ] Safepoint "Cleanup", Time since last: 1000433542 ns, Reaching safepoint: 72042 ns, At safepoint: 3583 ns, Total: 75625 ns
[2025-09-23T12:04:05.080+0000][70][safepoint   ] Safepoint "Cleanup", Time since last: 1001544876 ns, Reaching safepoint: 902458 ns, At safepoint: 17042 ns, Total: 919500 ns
[2025-09-23T12:04:07.082+0000][70][safepoint   ] Safepoint "Cleanup", Time since last: 2002480084 ns, Reaching safepoint: 110916 ns, At safepoint: 3375 ns, Total: 114291 ns
[2025-09-23T12:04:10.088+0000][70][safepoint   ] Safepoint "Cleanup", Time since last: 3005331127 ns, Reaching safepoint: 164750 ns, At safepoint: 4500 ns, Total: 169250 ns
[2025-09-23T12:04:16.093+0000][70][safepoint   ] Safepoint "Cleanup", Time since last: 6005370543 ns, Reaching safepoint: 156542 ns, At safepoint: 3833 ns, Total: 160375 ns
[2025-09-23T12:04:17.094+0000][70][safepoint   ] Safepoint "Cleanup", Time since last: 1001057501 ns, Reaching safepoint: 73375 ns, At safepoint: 3125 ns, Total: 76500 ns
[2025-09-23T12:04:18.095+0000][70][safepoint   ] Safepoint "Cleanup", Time since last: 1000770292 ns, Reaching safepoint: 53917 ns, At safepoint: 1666 ns, Total: 55583 ns
[2025-09-23T12:04:19.096+0000][70][safepoint   ] Safepoint "Cleanup", Time since last: 1000887834 ns, Reaching safepoint: 179000 ns, At safepoint: 3334 ns, Total: 182334 ns
[2025-09-23T12:04:22.099+0000][70][safepoint   ] Safepoint "Cleanup", Time since last: 3003155793 ns, Reaching safepoint: 120833 ns, At safepoint: 3917 ns, Total: 124750 ns
[2025-09-23T12:04:25.103+0000][70][safepoint   ] Safepoint "Cleanup", Time since last: 3003517168 ns, Reaching safepoint: 94500 ns, At safepoint: 6291 ns, Total: 100791 ns
[2025-09-23T12:04:26.106+0000][70][safepoint   ] Safepoint "Cleanup", Time since last: 1003125293 ns, Reaching safepoint: 61791 ns, At safepoint: 1875 ns, Total: 63666 ns
[2025-09-23T12:04:28.112+0000][70][safepoint   ] Safepoint "Cleanup", Time since last: 2005692543 ns, Reaching safepoint: 171708 ns, At safepoint: 3459 ns, Total: 175167 ns
[2025-09-23T12:04:29.113+0000][70][safepoint   ] Safepoint "Cleanup", Time since last: 1000876792 ns, Reaching safepoint: 141583 ns, At safepoint: 3542 ns, Total: 145125 ns
[2025-09-23T12:04:31.117+0000][70][safepoint   ] Safepoint "Cleanup", Time since last: 2003864959 ns, Reaching safepoint: 259042 ns, At safepoint: 5333 ns, Total: 264375 ns
[2025-09-23T12:04:34.120+0000][70][safepoint   ] Safepoint "Cleanup", Time since last: 3002921793 ns, Reaching safepoint: 95875 ns, At safepoint: 3625 ns, Total: 99500 ns
[2025-09-23T12:04:35.121+0000][70][safepoint   ] Safepoint "Cleanup", Time since last: 1000895417 ns, Reaching safepoint: 81417 ns, At safepoint: 3625 ns, Total: 85042 ns
[2025-09-23T12:04:36.122+0000][70][safepoint   ] Safepoint "Cleanup", Time since last: 1000709000 ns, Reaching safepoint: 81625 ns, At safepoint: 4375 ns, Total: 86000 ns
[2025-09-23T12:04:37.123+0000][70][safepoint   ] Safepoint "Cleanup", Time since last: 1000896917 ns, Reaching safepoint: 85292 ns, At safepoint: 3542 ns, Total: 88834 ns
[2025-09-23T12:04:38.132+0000][70][safepoint   ] Safepoint "Cleanup", Time since last: 1003447709 ns, Reaching safepoint: 5143666 ns, At safepoint: 11167 ns, Total: 5154833 ns
[2025-09-23T12:04:39.138+0000][70][safepoint   ] Safepoint "Cleanup", Time since last: 1006349834 ns, Reaching safepoint: 304791 ns, At safepoint: 4042 ns, Total: 308833 ns
[2025-09-23T12:04:40.140+0000][70][safepoint   ] Safepoint "Cleanup", Time since last: 1001316792 ns, Reaching safepoint: 123500 ns, At safepoint: 6500 ns, Total: 130000 ns
[2025-09-23T12:04:43.144+0000][70][safepoint   ] Safepoint "Cleanup", Time since last: 3004429710 ns, Reaching safepoint: 172417 ns, At safepoint: 3375 ns, Total: 175792 ns
[2025-09-23T12:04:44.146+0000][70][safepoint   ] Safepoint "Cleanup", Time since last: 1000772458 ns, Reaching safepoint: 72792 ns, At safepoint: 3208 ns, Total: 76000 ns
[2025-09-23T12:04:46.148+0000][70][safepoint   ] Safepoint "Cleanup", Time since last: 2001749584 ns, Reaching safepoint: 139084 ns, At safepoint: 3875 ns, Total: 142959 ns
[2025-09-23T12:04:47.148+0000][70][safepoint   ] Safepoint "Cleanup", Time since last: 1000848000 ns, Reaching safepoint: 56459 ns, At safepoint: 3125 ns, Total: 59584 ns
[2025-09-23T12:04:49.151+0000][70][safepoint   ] Safepoint "Cleanup", Time since last: 2002923792 ns, Reaching safepoint: 90625 ns, At safepoint: 2875 ns, Total: 93500 ns
[2025-09-23T12:04:50.152+0000][70][safepoint   ] Safepoint "Cleanup", Time since last: 1000924501 ns, Reaching safepoint: 58666 ns, At safepoint: 2542 ns, Total: 61208 ns
[2025-09-23T12:04:51.154+0000][70][safepoint   ] Safepoint "Cleanup", Time since last: 1000945167 ns, Reaching safepoint: 129000 ns, At safepoint: 3542 ns, Total: 132542 ns
[2025-09-23T12:04:52.155+0000][70][safepoint   ] Safepoint "Cleanup", Time since last: 1000886750 ns, Reaching safepoint: 307125 ns, At safepoint: 4334 ns, Total: 311459 ns
[2025-09-23T12:04:53.157+0000][70][safepoint   ] Safepoint "Cleanup", Time since last: 1001895333 ns, Reaching safepoint: 133834 ns, At safepoint: 4083 ns, Total: 137917 ns
[2025-09-23T12:04:55.160+0000][70][safepoint   ] Safepoint "Cleanup", Time since last: 2002711168 ns, Reaching safepoint: 81458 ns, At safepoint: 3458 ns, Total: 84916 ns
[2025-09-23T12:04:57.163+0000][70][safepoint   ] Safepoint "Cleanup", Time since last: 2002945043 ns, Reaching safepoint: 407125 ns, At safepoint: 13875 ns, Total: 421000 ns
[2025-09-23T12:04:58.164+0000][70][safepoint   ] Safepoint "Cleanup", Time since last: 1000899417 ns, Reaching safepoint: 102167 ns, At safepoint: 3375 ns, Total: 105542 ns
[2025-09-23T12:05:03.169+0000][70][safepoint   ] Safepoint "Cleanup", Time since last: 5004534752 ns, Reaching safepoint: 185125 ns, At safepoint: 2917 ns, Total: 188042 ns
[2025-09-23T12:05:04.173+0000][70][safepoint   ] Safepoint "Cleanup", Time since last: 1003724417 ns, Reaching safepoint: 883292 ns, At safepoint: 3875 ns, Total: 887167 ns
[2025-09-23T12:05:07.176+0000][70][safepoint   ] Safepoint "Cleanup", Time since last: 3002185626 ns, Reaching safepoint: 337000 ns, At safepoint: 3292 ns, Total: 340292 ns
[2025-09-23T12:05:09.179+0000][70][safepoint   ] Safepoint "Cleanup", Time since last: 2002616084 ns, Reaching safepoint: 269375 ns, At safepoint: 17833 ns, Total: 287208 ns
[2025-09-23T12:05:10.180+0000][70][safepoint   ] Safepoint "Cleanup", Time since last: 1000923334 ns, Reaching safepoint: 124417 ns, At safepoint: 3500 ns, Total: 127917 ns
[2025-09-23T12:05:12.181+0000][70][safepoint   ] Safepoint "Cleanup", Time since last: 2001659876 ns, Reaching safepoint: 74042 ns, At safepoint: 7125 ns, Total: 81167 ns
[2025-09-23T12:05:15.188+0000][70][safepoint   ] Safepoint "Cleanup", Time since last: 3005988625 ns, Reaching safepoint: 61375 ns, At safepoint: 3542 ns, Total: 64917 ns
[2025-09-23T12:05:16.189+0000][70][safepoint   ] Safepoint "Cleanup", Time since last: 1000861375 ns, Reaching safepoint: 184875 ns, At safepoint: 3458 ns, Total: 188333 ns
[2025-09-23T12:05:18.191+0000][70][safepoint   ] Safepoint "Cleanup", Time since last: 2002067418 ns, Reaching safepoint: 63833 ns, At safepoint: 3167 ns, Total: 67000 ns
[2025-09-23T12:05:21.194+0000][70][safepoint   ] Safepoint "Cleanup", Time since last: 3002834752 ns, Reaching safepoint: 165458 ns, At safepoint: 3458 ns, Total: 168916 ns
[2025-09-23T12:05:22.195+0000][70][safepoint   ] Safepoint "Cleanup", Time since last: 1000909042 ns, Reaching safepoint: 145500 ns, At safepoint: 3667 ns, Total: 149167 ns
[2025-09-23T12:05:26.199+0000][70][safepoint   ] Safepoint "Cleanup", Time since last: 4003606585 ns, Reaching safepoint: 118792 ns, At safepoint: 4875 ns, Total: 123667 ns
[2025-09-23T12:05:27.200+0000][70][safepoint   ] Safepoint "Cleanup", Time since last: 1001358125 ns, Reaching safepoint: 86917 ns, At safepoint: 3292 ns, Total: 90209 ns
[2025-09-23T12:05:28.203+0000][70][safepoint   ] Safepoint "Cleanup", Time since last: 1002426000 ns, Reaching safepoint: 118292 ns, At safepoint: 3583 ns, Total: 121875 ns
[2025-09-23T12:05:33.212+0000][70][safepoint   ] Safepoint "Cleanup", Time since last: 5008887753 ns, Reaching safepoint: 81375 ns, At safepoint: 3291 ns, Total: 84666 ns
[2025-09-23T12:05:34.213+0000][70][safepoint   ] Safepoint "Cleanup", Time since last: 1000926334 ns, Reaching safepoint: 67667 ns, At safepoint: 3000 ns, Total: 70667 ns
[2025-09-23T12:05:36.217+0000][70][safepoint   ] Safepoint "Cleanup", Time since last: 2003910209 ns, Reaching safepoint: 61875 ns, At safepoint: 3333 ns, Total: 65208 ns
[2025-09-23T12:05:39.219+0000][70][safepoint   ] Safepoint "Cleanup", Time since last: 3002011043 ns, Reaching safepoint: 256334 ns, At safepoint: 9666 ns, Total: 266000 ns
[2025-09-23T12:05:40.227+0000][70][safepoint   ] Safepoint "Cleanup", Time since last: 1000730043 ns, Reaching safepoint: 7417041 ns, At safepoint: 8167 ns, Total: 7425208 ns
[2025-09-23T12:05:42.231+0000][70][safepoint   ] Safepoint "Cleanup", Time since last: 2001526668 ns, Reaching safepoint: 2379375 ns, At safepoint: 15541 ns, Total: 2394916 ns
[2025-09-23T12:05:45.234+0000][70][safepoint   ] Safepoint "Cleanup", Time since last: 3003082668 ns, Reaching safepoint: 80875 ns, At safepoint: 3625 ns, Total: 84500 ns
[2025-09-23T12:05:46.236+0000][70][safepoint   ] Safepoint "Cleanup", Time since last: 1002067876 ns, Reaching safepoint: 284250 ns, At safepoint: 6416 ns, Total: 290666 ns
[2025-09-23T12:05:47.238+0000][70][safepoint   ] Safepoint "Cleanup", Time since last: 1001293209 ns, Reaching safepoint: 98292 ns, At safepoint: 3875 ns, Total: 102167 ns
[2025-09-23T12:05:49.219+0000][70][safepoint   ] Safepoint "Cleanup", Time since last: 1981125876 ns, Reaching safepoint: 175250 ns, At safepoint: 13333 ns, Total: 188583 ns
[2025-09-23T12:05:51.221+0000][70][safepoint   ] Safepoint "Cleanup", Time since last: 2001830334 ns, Reaching safepoint: 100417 ns, At safepoint: 3583 ns, Total: 104000 ns
[2025-09-23T12:05:53.223+0000][70][safepoint   ] Safepoint "Cleanup", Time since last: 2001815960 ns, Reaching safepoint: 88541 ns, At safepoint: 2292 ns, Total: 90833 ns
[2025-09-23T12:05:54.223+0000][70][safepoint   ] Safepoint "Cleanup", Time since last: 1000500417 ns, Reaching safepoint: 78292 ns, At safepoint: 3416 ns, Total: 81708 ns
[2025-09-23T12:05:55.490+0000][70][safepoint   ] Safepoint "Cleanup", Time since last: 1266916793 ns, Reaching safepoint: 252000 ns, At safepoint: 3875 ns, Total: 255875 ns
[2025-09-23T12:05:57.493+0000][70][safepoint   ] Safepoint "Cleanup", Time since last: 2002760917 ns, Reaching safepoint: 117084 ns, At safepoint: 3208 ns, Total: 120292 ns
[2025-09-23T12:05:58.495+0000][70][safepoint   ] Safepoint "Cleanup", Time since last: 1001859750 ns, Reaching safepoint: 89542 ns, At safepoint: 3583 ns, Total: 93125 ns
[2025-09-23T12:05:59.343+0000][70][safepoint   ] Safepoint "ICBufferFull", Time since last: 844284167 ns, Reaching safepoint: 2963750 ns, At safepoint: 29625 ns, Total: 2993375 ns
[2025-09-23T12:05:59.393+0000][70][safepoint   ] Safepoint "ICBufferFull", Time since last: 49788500 ns, Reaching safepoint: 379042 ns, At safepoint: 23750 ns, Total: 402792 ns
[2025-09-23T12:05:59.530+0000][70][safepoint   ] Safepoint "ICBufferFull", Time since last: 136671917 ns, Reaching safepoint: 978250 ns, At safepoint: 19500 ns, Total: 997750 ns
[2025-09-23T12:05:59.543+0000][70][safepoint   ] Safepoint "ICBufferFull", Time since last: 3978125 ns, Reaching safepoint: 2506875 ns, At safepoint: 6417250 ns, Total: 8924125 ns
[2025-09-23T12:05:59.575+0000][70][safepoint   ] Safepoint "ICBufferFull", Time since last: 30038083 ns, Reaching safepoint: 1297250 ns, At safepoint: 19792 ns, Total: 1317042 ns
[2025-09-23T12:06:00.187+0000][70][safepoint   ] Safepoint "ICBufferFull", Time since last: 612246875 ns, Reaching safepoint: 214208 ns, At safepoint: 3834 ns, Total: 218042 ns
[2025-09-23T12:06:00.701+0000][70][safepoint   ] Safepoint "ICBufferFull", Time since last: 514038458 ns, Reaching safepoint: 191292 ns, At safepoint: 3917 ns, Total: 195209 ns
[2025-09-23T12:06:01.704+0000][70][safepoint   ] Safepoint "Cleanup", Time since last: 1002811459 ns, Reaching safepoint: 68583 ns, At safepoint: 2208 ns, Total: 70791 ns
[2025-09-23T12:06:03.707+0000][70][safepoint   ] Safepoint "Cleanup", Time since last: 2002970960 ns, Reaching safepoint: 203750 ns, At safepoint: 4041 ns, Total: 207791 ns
[2025-09-23T12:06:04.708+0000][70][safepoint   ] Safepoint "Cleanup", Time since last: 1000778084 ns, Reaching safepoint: 86833 ns, At safepoint: 3084 ns, Total: 89917 ns
[2025-09-23T12:06:07.711+0000][70][safepoint   ] Safepoint "Cleanup", Time since last: 3002894584 ns, Reaching safepoint: 133667 ns, At safepoint: 7833 ns, Total: 141500 ns
[2025-09-23T12:06:08.712+0000][70][safepoint   ] Safepoint "Cleanup", Time since last: 1000861168 ns, Reaching safepoint: 80250 ns, At safepoint: 16708 ns, Total: 96958 ns
[2025-09-23T12:06:09.713+0000][70][safepoint   ] Safepoint "Cleanup", Time since last: 1000920584 ns, Reaching safepoint: 183666 ns, At safepoint: 5334 ns, Total: 189000 ns
[2025-09-23T12:06:12.719+0000][70][safepoint   ] Safepoint "Cleanup", Time since last: 3004853918 ns, Reaching safepoint: 413208 ns, At safepoint: 6708 ns, Total: 419916 ns
[2025-09-23T12:06:13.721+0000][70][safepoint   ] Safepoint "Cleanup", Time since last: 1002794083 ns, Reaching safepoint: 78334 ns, At safepoint: 3375 ns, Total: 81709 ns
[2025-09-23T12:06:15.723+0000][70][safepoint   ] Safepoint "Cleanup", Time since last: 2001671542 ns, Reaching safepoint: 163209 ns, At safepoint: 4708 ns, Total: 167917 ns
[2025-09-23T12:06:17.726+0000][70][safepoint   ] Safepoint "Cleanup", Time since last: 2002812793 ns, Reaching safepoint: 368791 ns, At safepoint: 4167 ns, Total: 372958 ns
[2025-09-23T12:06:18.729+0000][70][safepoint   ] Safepoint "Cleanup", Time since last: 1002619209 ns, Reaching safepoint: 87583 ns, At safepoint: 3583 ns, Total: 91166 ns
[2025-09-23T12:06:20.732+0000][70][safepoint   ] Safepoint "Cleanup", Time since last: 2003030835 ns, Reaching safepoint: 222375 ns, At safepoint: 3750 ns, Total: 226125 ns
[2025-09-23T12:06:21.752+0000][70][safepoint   ] Safepoint "Cleanup", Time since last: 1019812208 ns, Reaching safepoint: 291459 ns, At safepoint: 11500 ns, Total: 302959 ns
[2025-09-23T12:06:23.760+0000][70][safepoint   ] Safepoint "Cleanup", Time since last: 2007540959 ns, Reaching safepoint: 169042 ns, At safepoint: 3375 ns, Total: 172417 ns
[2025-09-23T12:06:24.761+0000][70][safepoint   ] Safepoint "Cleanup", Time since last: 1000863834 ns, Reaching safepoint: 117250 ns, At safepoint: 3250 ns, Total: 120500 ns
[2025-09-23T12:06:27.765+0000][70][safepoint   ] Safepoint "Cleanup", Time since last: 3003888668 ns, Reaching safepoint: 94458 ns, At safepoint: 2833 ns, Total: 97291 ns
[2025-09-23T12:06:28.767+0000][70][safepoint   ] Safepoint "Cleanup", Time since last: 1001871251 ns, Reaching safepoint: 184875 ns, At safepoint: 7750 ns, Total: 192625 ns
[2025-09-23T12:06:29.768+0000][70][safepoint   ] Safepoint "Cleanup", Time since last: 1000776250 ns, Reaching safepoint: 250042 ns, At safepoint: 18625 ns, Total: 268667 ns
[2025-09-23T12:06:30.221+0000][70][safepoint   ] Safepoint "ICBufferFull", Time since last: 453542125 ns, Reaching safepoint: 185875 ns, At safepoint: 13209 ns, Total: 199084 ns
[2025-09-23T12:06:30.667+0000][70][safepoint   ] Safepoint "ICBufferFull", Time since last: 445406916 ns, Reaching safepoint: 257500 ns, At safepoint: 16834 ns, Total: 274334 ns
[2025-09-23T12:06:31.670+0000][70][safepoint   ] Safepoint "Cleanup", Time since last: 1002352084 ns, Reaching safepoint: 282333 ns, At safepoint: 6917 ns, Total: 289250 ns
[2025-09-23T12:06:33.672+0000][70][safepoint   ] Safepoint "Cleanup", Time since last: 2001706542 ns, Reaching safepoint: 232292 ns, At safepoint: 8291 ns, Total: 240583 ns
[2025-09-23T12:06:34.673+0000][70][safepoint   ] Safepoint "Cleanup", Time since last: 1000787959 ns, Reaching safepoint: 135875 ns, At safepoint: 4042 ns, Total: 139917 ns
[2025-09-23T12:06:36.674+0000][70][safepoint   ] Safepoint "Cleanup", Time since last: 2000852668 ns, Reaching safepoint: 122625 ns, At safepoint: 10166 ns, Total: 132791 ns
[2025-09-23T12:06:37.609+0000][70][safepoint   ] Safepoint "ICBufferFull", Time since last: 935105417 ns, Reaching safepoint: 205334 ns, At safepoint: 10833 ns, Total: 216167 ns
[2025-09-23T12:06:38.610+0000][70][safepoint   ] Safepoint "Cleanup", Time since last: 1000515167 ns, Reaching safepoint: 342375 ns, At safepoint: 8750 ns, Total: 351125 ns
[2025-09-23T12:06:39.611+0000][70][safepoint   ] Safepoint "Cleanup", Time since last: 1000655709 ns, Reaching safepoint: 217417 ns, At safepoint: 4250 ns, Total: 221667 ns
[2025-09-23T12:06:40.612+0000][70][safepoint   ] Safepoint "Cleanup", Time since last: 1000760292 ns, Reaching safepoint: 139916 ns, At safepoint: 4500 ns, Total: 144416 ns
[2025-09-23T12:06:41.613+0000][70][safepoint   ] Safepoint "Cleanup", Time since last: 1000885793 ns, Reaching safepoint: 97666 ns, At safepoint: 4042 ns, Total: 101708 ns
[2025-09-23T12:06:42.614+0000][70][safepoint   ] Safepoint "Cleanup", Time since last: 1000891875 ns, Reaching safepoint: 83584 ns, At safepoint: 3875 ns, Total: 87459 ns
[2025-09-23T12:06:44.219+0000][70][safepoint   ] Safepoint "Cleanup", Time since last: 1605107500 ns, Reaching safepoint: 123250 ns, At safepoint: 11125 ns, Total: 134375 ns
[2025-09-23T12:06:45.226+0000][70][safepoint   ] Safepoint "Cleanup", Time since last: 1005657959 ns, Reaching safepoint: 1212958 ns, At safepoint: 8042 ns, Total: 1221000 ns
[2025-09-23T12:06:46.227+0000][70][safepoint   ] Safepoint "Cleanup", Time since last: 1000781417 ns, Reaching safepoint: 191000 ns, At safepoint: 3333 ns, Total: 194333 ns
[2025-09-23T12:06:51.232+0000][70][safepoint   ] Safepoint "Cleanup", Time since last: 5004938669 ns, Reaching safepoint: 327959 ns, At safepoint: 24000 ns, Total: 351959 ns
[2025-09-23T12:06:51.709+0000][70][gc,start    ] GC(14) Pause Young (Normal) (G1 Evacuation Pause)
[2025-09-23T12:06:51.710+0000][70][gc,task     ] GC(14) Using 8 workers of 8 for evacuation
[2025-09-23T12:06:51.710+0000][70][gc,age      ] GC(14) Desired survivor size 81788928 bytes, new threshold 15 (max threshold 15)
[2025-09-23T12:06:51.752+0000][70][gc,phases   ] GC(14)   Pre Evacuate Collection Set: 0.6ms
[2025-09-23T12:06:51.752+0000][70][gc,phases   ] GC(14)   Merge Heap Roots: 0.3ms
[2025-09-23T12:06:51.752+0000][70][gc,phases   ] GC(14)   Evacuate Collection Set: 37.5ms
[2025-09-23T12:06:51.752+0000][70][gc,phases   ] GC(14)   Post Evacuate Collection Set: 3.2ms
[2025-09-23T12:06:51.752+0000][70][gc,phases   ] GC(14)   Other: 0.8ms
[2025-09-23T12:06:51.752+0000][70][gc,age      ] GC(14) Age table with threshold 15 (max threshold 15)
[2025-09-23T12:06:51.753+0000][70][gc,age      ] GC(14) - age   1:   14970584 bytes,   14970584 total
[2025-09-23T12:06:51.753+0000][70][gc,age      ] GC(14) - age   2:     724456 bytes,   15695040 total
[2025-09-23T12:06:51.753+0000][70][gc,age      ] GC(14) - age   3:   22633760 bytes,   38328800 total
[2025-09-23T12:06:51.753+0000][70][gc,heap     ] GC(14) Eden regions: 300->0(296)
[2025-09-23T12:06:51.753+0000][70][gc,heap     ] GC(14) Survivor regions: 7->11(39)
[2025-09-23T12:06:51.753+0000][70][gc,heap     ] GC(14) Old regions: 22->22
[2025-09-23T12:06:51.753+0000][70][gc,heap     ] GC(14) Archive regions: 2->2
[2025-09-23T12:06:51.753+0000][70][gc,heap     ] GC(14) Humongous regions: 4->4
[2025-09-23T12:06:51.753+0000][70][gc,metaspace] GC(14) Metaspace: 137214K(140672K)->137214K(140672K) NonClass: 119382K(121152K)->119382K(121152K) Class: 17832K(19520K)->17832K(19520K)
[2025-09-23T12:06:51.754+0000][70][gc          ] GC(14) Pause Young (Normal) (G1 Evacuation Pause) 1335M->148M(2048M) 44.217ms
[2025-09-23T12:06:51.754+0000][70][gc,cpu      ] GC(14) User=0.21s Sys=0.00s Real=0.04s
[2025-09-23T12:06:51.754+0000][70][safepoint   ] Safepoint "G1CollectForAllocation", Time since last: 476680583 ns, Reaching safepoint: 284042 ns, At safepoint: 44550250 ns, Total: 44834292 ns
[2025-09-23T12:06:52.755+0000][70][safepoint   ] Safepoint "Cleanup", Time since last: 1001072167 ns, Reaching safepoint: 113958 ns, At safepoint: 3875 ns, Total: 117833 ns
[2025-09-23T12:06:53.756+0000][70][safepoint   ] Safepoint "Cleanup", Time since last: 1000869459 ns, Reaching safepoint: 173375 ns, At safepoint: 7542 ns, Total: 180917 ns
[2025-09-23T12:06:54.757+0000][70][safepoint   ] Safepoint "Cleanup", Time since last: 1000854125 ns, Reaching safepoint: 95500 ns, At safepoint: 9042 ns, Total: 104542 ns
[2025-09-23T12:06:57.761+0000][70][safepoint   ] Safepoint "Cleanup", Time since last: 3003418876 ns, Reaching safepoint: 718792 ns, At safepoint: 247417 ns, Total: 966209 ns
[2025-09-23T12:06:58.764+0000][70][safepoint   ] Safepoint "Cleanup", Time since last: 1001642917 ns, Reaching safepoint: 563333 ns, At safepoint: 5708 ns, Total: 569041 ns
[2025-09-23T12:06:59.767+0000][70][safepoint   ] Safepoint "Cleanup", Time since last: 1003201001 ns, Reaching safepoint: 150042 ns, At safepoint: 4791 ns, Total: 154833 ns
[2025-09-23T12:07:00.770+0000][70][safepoint   ] Safepoint "Cleanup", Time since last: 1002878334 ns, Reaching safepoint: 280083 ns, At safepoint: 5125 ns, Total: 285208 ns
[2025-09-23T12:07:02.773+0000][70][safepoint   ] Safepoint "Cleanup", Time since last: 2002675668 ns, Reaching safepoint: 186667 ns, At safepoint: 3833 ns, Total: 190500 ns
[2025-09-23T12:07:03.774+0000][70][safepoint   ] Safepoint "Cleanup", Time since last: 1000799709 ns, Reaching safepoint: 84667 ns, At safepoint: 3416 ns, Total: 88083 ns
[2025-09-23T12:07:04.775+0000][70][safepoint   ] Safepoint "Cleanup", Time since last: 1000900417 ns, Reaching safepoint: 78584 ns, At safepoint: 19083 ns, Total: 97667 ns
[2025-09-23T12:07:05.778+0000][70][safepoint   ] Safepoint "Cleanup", Time since last: 1001442875 ns, Reaching safepoint: 1480625 ns, At safepoint: 12584 ns, Total: 1493209 ns
[2025-09-23T12:07:07.263+0000][70][safepoint   ] Safepoint "Cleanup", Time since last: 1485143917 ns, Reaching safepoint: 411167 ns, At safepoint: 4292 ns, Total: 415459 ns
[2025-09-23T12:07:08.265+0000][70][safepoint   ] Safepoint "Cleanup", Time since last: 1001438208 ns, Reaching safepoint: 125209 ns, At safepoint: 3125 ns, Total: 128334 ns
[2025-09-23T12:07:09.266+0000][70][safepoint   ] Safepoint "Cleanup", Time since last: 1000923875 ns, Reaching safepoint: 133792 ns, At safepoint: 8541 ns, Total: 142333 ns
[2025-09-23T12:07:10.267+0000][70][safepoint   ] Safepoint "Cleanup", Time since last: 1000807126 ns, Reaching safepoint: 108250 ns, At safepoint: 31500 ns, Total: 139750 ns
[2025-09-23T12:07:12.759+0000][70][safepoint   ] Safepoint "Cleanup", Time since last: 2492322334 ns, Reaching safepoint: 172250 ns, At safepoint: 7875 ns, Total: 180125 ns
[2025-09-23T12:07:13.759+0000][70][safepoint   ] Safepoint "Cleanup", Time since last: 1000424375 ns, Reaching safepoint: 668292 ns, At safepoint: 10625 ns, Total: 678917 ns
[2025-09-23T12:07:15.762+0000][70][safepoint   ] Safepoint "Cleanup", Time since last: 2002234542 ns, Reaching safepoint: 114084 ns, At safepoint: 5000 ns, Total: 119084 ns
[2025-09-23T12:07:17.764+0000][70][safepoint   ] Safepoint "Cleanup", Time since last: 2001930876 ns, Reaching safepoint: 171708 ns, At safepoint: 7417 ns, Total: 179125 ns
[2025-09-23T12:07:18.765+0000][70][safepoint   ] Safepoint "Cleanup", Time since last: 1000864042 ns, Reaching safepoint: 72125 ns, At safepoint: 2875 ns, Total: 75000 ns
[2025-09-23T12:07:20.192+0000][70][safepoint   ] Safepoint "Cleanup", Time since last: 1425151584 ns, Reaching safepoint: 2007333 ns, At safepoint: 32625 ns, Total: 2039958 ns
[2025-09-23T12:07:21.194+0000][70][safepoint   ] Safepoint "Cleanup", Time since last: 1001646667 ns, Reaching safepoint: 92750 ns, At safepoint: 5334 ns, Total: 98084 ns
[2025-09-23T12:07:22.195+0000][70][safepoint   ] Safepoint "Cleanup", Time since last: 1000955708 ns, Reaching safepoint: 234417 ns, At safepoint: 4125 ns, Total: 238542 ns
[2025-09-23T12:07:23.196+0000][70][safepoint   ] Safepoint "Cleanup", Time since last: 1000707875 ns, Reaching safepoint: 78875 ns, At safepoint: 3625 ns, Total: 82500 ns
[2025-09-23T12:07:25.198+0000][70][safepoint   ] Safepoint "Cleanup", Time since last: 2001908418 ns, Reaching safepoint: 48792 ns, At safepoint: 3333 ns, Total: 52125 ns
[2025-09-23T12:07:27.203+0000][70][safepoint   ] Safepoint "Cleanup", Time since last: 2004167584 ns, Reaching safepoint: 646084 ns, At safepoint: 4583 ns, Total: 650667 ns
[2025-09-23T12:07:28.205+0000][70][safepoint   ] Safepoint "Cleanup", Time since last: 1002258709 ns, Reaching safepoint: 174792 ns, At safepoint: 5000 ns, Total: 179792 ns
[2025-09-23T12:07:29.206+0000][70][safepoint   ] Safepoint "Cleanup", Time since last: 1000777750 ns, Reaching safepoint: 119792 ns, At safepoint: 3500 ns, Total: 123292 ns
[2025-09-23T12:07:31.208+0000][70][safepoint   ] Safepoint "Cleanup", Time since last: 2001799001 ns, Reaching safepoint: 94291 ns, At safepoint: 3250 ns, Total: 97541 ns
[2025-09-23T12:07:33.211+0000][70][safepoint   ] Safepoint "Cleanup", Time since last: 2002730668 ns, Reaching safepoint: 206125 ns, At safepoint: 7208 ns, Total: 213333 ns
[2025-09-23T12:07:34.212+0000][70][safepoint   ] Safepoint "Cleanup", Time since last: 1000969709 ns, Reaching safepoint: 529250 ns, At safepoint: 5667 ns, Total: 534917 ns
[2025-09-23T12:07:36.216+0000][70][safepoint   ] Safepoint "Cleanup", Time since last: 2003614834 ns, Reaching safepoint: 279208 ns, At safepoint: 75292 ns, Total: 354500 ns
[2025-09-23T12:07:37.217+0000][70][safepoint   ] Safepoint "Cleanup", Time since last: 1000560459 ns, Reaching safepoint: 246125 ns, At safepoint: 3833 ns, Total: 249958 ns
[2025-09-23T12:07:40.222+0000][70][safepoint   ] Safepoint "Cleanup", Time since last: 3004677543 ns, Reaching safepoint: 138209 ns, At safepoint: 11500 ns, Total: 149709 ns
[2025-09-23T12:07:41.224+0000][70][safepoint   ] Safepoint "Cleanup", Time since last: 1000977042 ns, Reaching safepoint: 722125 ns, At safepoint: 15166 ns, Total: 737291 ns
[2025-09-23T12:07:43.226+0000][70][safepoint   ] Safepoint "Cleanup", Time since last: 2002280335 ns, Reaching safepoint: 143541 ns, At safepoint: 7500 ns, Total: 151041 ns
[2025-09-23T12:07:44.227+0000][70][safepoint   ] Safepoint "Cleanup", Time since last: 1000812208 ns, Reaching safepoint: 306875 ns, At safepoint: 8042 ns, Total: 314917 ns
[2025-09-23T12:07:46.229+0000][70][safepoint   ] Safepoint "Cleanup", Time since last: 2001602001 ns, Reaching safepoint: 204500 ns, At safepoint: 3875 ns, Total: 208375 ns
[2025-09-23T12:07:47.234+0000][70][safepoint   ] Safepoint "Cleanup", Time since last: 1003731750 ns, Reaching safepoint: 1527000 ns, At safepoint: 8000 ns, Total: 1535000 ns
[2025-09-23T12:07:47.293+0000][70][gc,start    ] GC(15) Pause Young (Normal) (G1 Evacuation Pause)
[2025-09-23T12:07:47.294+0000][70][gc,task     ] GC(15) Using 8 workers of 8 for evacuation
[2025-09-23T12:07:47.294+0000][70][gc,age      ] GC(15) Desired survivor size 81788928 bytes, new threshold 15 (max threshold 15)
[2025-09-23T12:07:47.346+0000][70][gc,phases   ] GC(15)   Pre Evacuate Collection Set: 0.8ms
[2025-09-23T12:07:47.346+0000][70][gc,phases   ] GC(15)   Merge Heap Roots: 0.2ms
[2025-09-23T12:07:47.346+0000][70][gc,phases   ] GC(15)   Evacuate Collection Set: 44.6ms
[2025-09-23T12:07:47.346+0000][70][gc,phases   ] GC(15)   Post Evacuate Collection Set: 6.1ms
[2025-09-23T12:07:47.346+0000][70][gc,phases   ] GC(15)   Other: 0.6ms
[2025-09-23T12:07:47.346+0000][70][gc,age      ] GC(15) Age table with threshold 15 (max threshold 15)
[2025-09-23T12:07:47.347+0000][70][gc,age      ] GC(15) - age   1:    8893360 bytes,    8893360 total
[2025-09-23T12:07:47.347+0000][70][gc,age      ] GC(15) - age   2:   12042112 bytes,   20935472 total
[2025-09-23T12:07:47.347+0000][70][gc,age      ] GC(15) - age   3:     722032 bytes,   21657504 total
[2025-09-23T12:07:47.347+0000][70][gc,age      ] GC(15) - age   4:   22617976 bytes,   44275480 total
[2025-09-23T12:07:47.347+0000][70][gc,heap     ] GC(15) Eden regions: 296->0(295)
[2025-09-23T12:07:47.347+0000][70][gc,heap     ] GC(15) Survivor regions: 11->12(39)
[2025-09-23T12:07:47.347+0000][70][gc,heap     ] GC(15) Old regions: 22->22
[2025-09-23T12:07:47.347+0000][70][gc,heap     ] GC(15) Archive regions: 2->2
[2025-09-23T12:07:47.347+0000][70][gc,heap     ] GC(15) Humongous regions: 4->4
[2025-09-23T12:07:47.347+0000][70][gc,metaspace] GC(15) Metaspace: 137535K(141056K)->137535K(141056K) NonClass: 119703K(121536K)->119703K(121536K) Class: 17832K(19520K)->17832K(19520K)
[2025-09-23T12:07:47.347+0000][70][gc          ] GC(15) Pause Young (Normal) (G1 Evacuation Pause) 1332M->153M(2048M) 53.970ms
[2025-09-23T12:07:47.347+0000][70][gc,cpu      ] GC(15) User=0.34s Sys=0.00s Real=0.05s
[2025-09-23T12:07:47.348+0000][70][safepoint   ] Safepoint "G1CollectForAllocation", Time since last: 58693167 ns, Reaching safepoint: 158667 ns, At safepoint: 54498541 ns, Total: 54657208 ns
[2025-09-23T12:07:48.349+0000][70][safepoint   ] Safepoint "Cleanup", Time since last: 1001187084 ns, Reaching safepoint: 188500 ns, At safepoint: 38750 ns, Total: 227250 ns
[2025-09-23T12:07:51.353+0000][70][safepoint   ] Safepoint "Cleanup", Time since last: 3003712835 ns, Reaching safepoint: 218500 ns, At safepoint: 3917 ns, Total: 222417 ns
[2025-09-23T12:07:52.354+0000][70][safepoint   ] Safepoint "Cleanup", Time since last: 1000854167 ns, Reaching safepoint: 90166 ns, At safepoint: 3625 ns, Total: 93791 ns
[2025-09-23T12:07:54.356+0000][70][safepoint   ] Safepoint "Cleanup", Time since last: 2001943043 ns, Reaching safepoint: 125250 ns, At safepoint: 14875 ns, Total: 140125 ns
[2025-09-23T12:07:57.360+0000][70][safepoint   ] Safepoint "Cleanup", Time since last: 3002998335 ns, Reaching safepoint: 761916 ns, At safepoint: 9875 ns, Total: 771791 ns
[2025-09-23T12:08:00.365+0000][70][safepoint   ] Safepoint "Cleanup", Time since last: 3005033377 ns, Reaching safepoint: 198833 ns, At safepoint: 4042 ns, Total: 202875 ns
[2025-09-23T12:08:03.370+0000][70][safepoint   ] Safepoint "Cleanup", Time since last: 3003105376 ns, Reaching safepoint: 1982292 ns, At safepoint: 10708 ns, Total: 1993000 ns
[2025-09-23T12:08:04.373+0000][70][safepoint   ] Safepoint "Cleanup", Time since last: 1002668001 ns, Reaching safepoint: 160291 ns, At safepoint: 4250 ns, Total: 164541 ns
[2025-09-23T12:08:06.375+0000][70][safepoint   ] Safepoint "Cleanup", Time since last: 2001979293 ns, Reaching safepoint: 240292 ns, At safepoint: 4791 ns, Total: 245083 ns
[2025-09-23T12:08:09.378+0000][70][safepoint   ] Safepoint "Cleanup", Time since last: 3002836627 ns, Reaching safepoint: 164792 ns, At safepoint: 8666 ns, Total: 173458 ns
[2025-09-23T12:08:12.381+0000][70][safepoint   ] Safepoint "Cleanup", Time since last: 3002608460 ns, Reaching safepoint: 295375 ns, At safepoint: 5167 ns, Total: 300542 ns
[2025-09-23T12:08:13.382+0000][70][safepoint   ] Safepoint "Cleanup", Time since last: 1000940875 ns, Reaching safepoint: 167875 ns, At safepoint: 7208 ns, Total: 175083 ns
[2025-09-23T12:08:15.385+0000][70][safepoint   ] Safepoint "Cleanup", Time since last: 2001694792 ns, Reaching safepoint: 197292 ns, At safepoint: 5625 ns, Total: 202917 ns
[2025-09-23T12:08:16.387+0000][70][safepoint   ] Safepoint "Cleanup", Time since last: 1001051459 ns, Reaching safepoint: 840583 ns, At safepoint: 9333 ns, Total: 849916 ns
[2025-09-23T12:08:17.388+0000][70][safepoint   ] Safepoint "Cleanup", Time since last: 1000789251 ns, Reaching safepoint: 316916 ns, At safepoint: 4417 ns, Total: 321333 ns
[2025-09-23T12:08:18.393+0000][70][safepoint   ] Safepoint "Cleanup", Time since last: 1004465751 ns, Reaching safepoint: 1045083 ns, At safepoint: 5375 ns, Total: 1050458 ns
[2025-09-23T12:08:21.397+0000][70][safepoint   ] Safepoint "Cleanup", Time since last: 3003130043 ns, Reaching safepoint: 96333 ns, At safepoint: 5292 ns, Total: 101625 ns
[2025-09-23T12:08:22.398+0000][70][safepoint   ] Safepoint "Cleanup", Time since last: 1000901167 ns, Reaching safepoint: 132458 ns, At safepoint: 4125 ns, Total: 136583 ns
[2025-09-23T12:08:23.863+0000][70][safepoint   ] Safepoint "Cleanup", Time since last: 1464912334 ns, Reaching safepoint: 426167 ns, At safepoint: 9833 ns, Total: 436000 ns
[2025-09-23T12:08:24.864+0000][70][safepoint   ] Safepoint "Cleanup", Time since last: 1000554418 ns, Reaching safepoint: 79458 ns, At safepoint: 4417 ns, Total: 83875 ns
[2025-09-23T12:08:27.867+0000][70][safepoint   ] Safepoint "Cleanup", Time since last: 3002884751 ns, Reaching safepoint: 270708 ns, At safepoint: 3709 ns, Total: 274417 ns
[2025-09-23T12:08:28.868+0000][70][safepoint   ] Safepoint "Cleanup", Time since last: 1000818250 ns, Reaching safepoint: 298334 ns, At safepoint: 5458 ns, Total: 303792 ns
[2025-09-23T12:08:29.869+0000][70][safepoint   ] Safepoint "Cleanup", Time since last: 1000607542 ns, Reaching safepoint: 78500 ns, At safepoint: 6792 ns, Total: 85292 ns
[2025-09-23T12:08:33.873+0000][70][safepoint   ] Safepoint "Cleanup", Time since last: 4003991502 ns, Reaching safepoint: 333666 ns, At safepoint: 4042 ns, Total: 337708 ns
[2025-09-23T12:08:34.874+0000][70][safepoint   ] Safepoint "Cleanup", Time since last: 1000604417 ns, Reaching safepoint: 61000 ns, At safepoint: 2167 ns, Total: 63167 ns
[2025-09-23T12:08:35.878+0000][70][safepoint   ] Safepoint "Cleanup", Time since last: 1003897542 ns, Reaching safepoint: 79750 ns, At safepoint: 2333 ns, Total: 82083 ns
[2025-09-23T12:08:36.879+0000][70][safepoint   ] Safepoint "Cleanup", Time since last: 1000979084 ns, Reaching safepoint: 261417 ns, At safepoint: 7541 ns, Total: 268958 ns
[2025-09-23T12:08:42.344+0000][70][gc,start    ] GC(16) Pause Young (Normal) (G1 Evacuation Pause)
[2025-09-23T12:08:42.344+0000][70][gc,task     ] GC(16) Using 8 workers of 8 for evacuation
[2025-09-23T12:08:42.344+0000][70][gc,age      ] GC(16) Desired survivor size 81788928 bytes, new threshold 15 (max threshold 15)
[2025-09-23T12:08:42.371+0000][70][gc,phases   ] GC(16)   Pre Evacuate Collection Set: 0.4ms
[2025-09-23T12:08:42.371+0000][70][gc,phases   ] GC(16)   Merge Heap Roots: 0.2ms
[2025-09-23T12:08:42.372+0000][70][gc,phases   ] GC(16)   Evacuate Collection Set: 23.0ms
[2025-09-23T12:08:42.372+0000][70][gc,phases   ] GC(16)   Post Evacuate Collection Set: 3.2ms
[2025-09-23T12:08:42.372+0000][70][gc,phases   ] GC(16)   Other: 0.3ms
[2025-09-23T12:08:42.372+0000][70][gc,age      ] GC(16) Age table with threshold 15 (max threshold 15)
[2025-09-23T12:08:42.372+0000][70][gc,age      ] GC(16) - age   1:    4661840 bytes,    4661840 total
[2025-09-23T12:08:42.372+0000][70][gc,age      ] GC(16) - age   2:    3214800 bytes,    7876640 total
[2025-09-23T12:08:42.372+0000][70][gc,age      ] GC(16) - age   3:   11853472 bytes,   19730112 total
[2025-09-23T12:08:42.372+0000][70][gc,age      ] GC(16) - age   4:     721624 bytes,   20451736 total
[2025-09-23T12:08:42.372+0000][70][gc,age      ] GC(16) - age   5:   22616872 bytes,   43068608 total
[2025-09-23T12:08:42.372+0000][70][gc,heap     ] GC(16) Eden regions: 295->0(295)
[2025-09-23T12:08:42.372+0000][70][gc,heap     ] GC(16) Survivor regions: 12->12(39)
[2025-09-23T12:08:42.372+0000][70][gc,heap     ] GC(16) Old regions: 22->22
[2025-09-23T12:08:42.372+0000][70][gc,heap     ] GC(16) Archive regions: 2->2
[2025-09-23T12:08:42.372+0000][70][gc,heap     ] GC(16) Humongous regions: 4->4
[2025-09-23T12:08:42.372+0000][70][gc,metaspace] GC(16) Metaspace: 137679K(141184K)->137679K(141184K) NonClass: 119847K(121664K)->119847K(121664K) Class: 17832K(19520K)->17832K(19520K)
[2025-09-23T12:08:42.372+0000][70][gc          ] GC(16) Pause Young (Normal) (G1 Evacuation Pause) 1333M->155M(2048M) 28.205ms
[2025-09-23T12:08:42.372+0000][70][gc,cpu      ] GC(16) User=0.15s Sys=0.00s Real=0.03s
[2025-09-23T12:08:42.372+0000][70][safepoint   ] Safepoint "G1CollectForAllocation", Time since last: 5464777795 ns, Reaching safepoint: 127166 ns, At safepoint: 28393125 ns, Total: 28520291 ns
[2025-09-23T12:08:43.373+0000][70][safepoint   ] Safepoint "Cleanup", Time since last: 1000453417 ns, Reaching safepoint: 546959 ns, At safepoint: 10291 ns, Total: 557250 ns
[2025-09-23T12:08:45.378+0000][70][safepoint   ] Safepoint "Cleanup", Time since last: 2001758876 ns, Reaching safepoint: 2719125 ns, At safepoint: 13125 ns, Total: 2732250 ns
[2025-09-23T12:08:46.382+0000][70][safepoint   ] Safepoint "Cleanup", Time since last: 1003648375 ns, Reaching safepoint: 297209 ns, At safepoint: 3625 ns, Total: 300834 ns
[2025-09-23T12:08:49.387+0000][70][safepoint   ] Safepoint "Cleanup", Time since last: 3004955418 ns, Reaching safepoint: 174041 ns, At safepoint: 22459 ns, Total: 196500 ns
[2025-09-23T12:08:50.388+0000][70][safepoint   ] Safepoint "Cleanup", Time since last: 1000825250 ns, Reaching safepoint: 328625 ns, At safepoint: 12042 ns, Total: 340667 ns
[2025-09-23T12:08:51.390+0000][70][safepoint   ] Safepoint "Cleanup", Time since last: 1001090792 ns, Reaching safepoint: 429500 ns, At safepoint: 6583 ns, Total: 436083 ns
[2025-09-23T12:08:53.392+0000][70][safepoint   ] Safepoint "Cleanup", Time since last: 2002083626 ns, Reaching safepoint: 87000 ns, At safepoint: 3625 ns, Total: 90625 ns
[2025-09-23T12:08:54.393+0000][70][safepoint   ] Safepoint "Cleanup", Time since last: 1000897376 ns, Reaching safepoint: 61750 ns, At safepoint: 3291 ns, Total: 65041 ns
[2025-09-23T12:08:56.397+0000][70][safepoint   ] Safepoint "Cleanup", Time since last: 2003979043 ns, Reaching safepoint: 121375 ns, At safepoint: 4000 ns, Total: 125375 ns
[2025-09-23T12:08:57.399+0000][70][safepoint   ] Safepoint "Cleanup", Time since last: 1000923542 ns, Reaching safepoint: 1183708 ns, At safepoint: 49834 ns, Total: 1233542 ns
[2025-09-23T12:08:58.401+0000][70][safepoint   ] Safepoint "Cleanup", Time since last: 1001713042 ns, Reaching safepoint: 123542 ns, At safepoint: 4333 ns, Total: 127875 ns
[2025-09-23T12:09:01.404+0000][70][safepoint   ] Safepoint "Cleanup", Time since last: 3002849501 ns, Reaching safepoint: 142500 ns, At safepoint: 3209 ns, Total: 145709 ns
[2025-09-23T12:09:03.408+0000][70][safepoint   ] Safepoint "Cleanup", Time since last: 2002041376 ns, Reaching safepoint: 1382291 ns, At safepoint: 7917 ns, Total: 1390208 ns
[2025-09-23T12:09:04.409+0000][70][safepoint   ] Safepoint "Cleanup", Time since last: 1001455209 ns, Reaching safepoint: 104041 ns, At safepoint: 33167 ns, Total: 137208 ns
[2025-09-23T12:09:10.416+0000][70][safepoint   ] Safepoint "Cleanup", Time since last: 6005917253 ns, Reaching safepoint: 451583 ns, At safepoint: 4167 ns, Total: 455750 ns
[2025-09-23T12:09:15.420+0000][70][safepoint   ] Safepoint "Cleanup", Time since last: 5003697044 ns, Reaching safepoint: 484166 ns, At safepoint: 15792 ns, Total: 499958 ns
[2025-09-23T12:09:16.422+0000][70][safepoint   ] Safepoint "Cleanup", Time since last: 1001259167 ns, Reaching safepoint: 120375 ns, At safepoint: 3292 ns, Total: 123667 ns
[2025-09-23T12:09:18.424+0000][70][safepoint   ] Safepoint "Cleanup", Time since last: 2001881709 ns, Reaching safepoint: 219417 ns, At safepoint: 4042 ns, Total: 223459 ns
[2025-09-23T12:09:21.429+0000][70][safepoint   ] Safepoint "Cleanup", Time since last: 3004776626 ns, Reaching safepoint: 126833 ns, At safepoint: 7250 ns, Total: 134083 ns
[2025-09-23T12:09:22.430+0000][70][safepoint   ] Safepoint "Cleanup", Time since last: 1000875584 ns, Reaching safepoint: 103125 ns, At safepoint: 8917 ns, Total: 112042 ns
[2025-09-23T12:09:27.435+0000][70][safepoint   ] Safepoint "Cleanup", Time since last: 5004897252 ns, Reaching safepoint: 326000 ns, At safepoint: 3958 ns, Total: 329958 ns
[2025-09-23T12:09:28.436+0000][70][safepoint   ] Safepoint "Cleanup", Time since last: 1000668793 ns, Reaching safepoint: 237958 ns, At safepoint: 4208 ns, Total: 242166 ns
[2025-09-23T12:09:33.444+0000][70][safepoint   ] Safepoint "Cleanup", Time since last: 5007747211 ns, Reaching safepoint: 491458 ns, At safepoint: 4167 ns, Total: 495625 ns
[2025-09-23T12:09:34.118+0000][70][gc,start    ] GC(17) Pause Young (Normal) (G1 Evacuation Pause)
[2025-09-23T12:09:34.118+0000][70][gc,task     ] GC(17) Using 8 workers of 8 for evacuation
[2025-09-23T12:09:34.118+0000][70][gc,age      ] GC(17) Desired survivor size 81788928 bytes, new threshold 15 (max threshold 15)
[2025-09-23T12:09:34.147+0000][70][gc,phases   ] GC(17)   Pre Evacuate Collection Set: 0.5ms
[2025-09-23T12:09:34.147+0000][70][gc,phases   ] GC(17)   Merge Heap Roots: 0.2ms
[2025-09-23T12:09:34.147+0000][70][gc,phases   ] GC(17)   Evacuate Collection Set: 25.3ms
[2025-09-23T12:09:34.148+0000][70][gc,phases   ] GC(17)   Post Evacuate Collection Set: 2.9ms
[2025-09-23T12:09:34.148+0000][70][gc,phases   ] GC(17)   Other: 0.3ms
[2025-09-23T12:09:34.148+0000][70][gc,age      ] GC(17) Age table with threshold 15 (max threshold 15)
[2025-09-23T12:09:34.148+0000][70][gc,age      ] GC(17) - age   1:    5513512 bytes,    5513512 total
[2025-09-23T12:09:34.148+0000][70][gc,age      ] GC(17) - age   2:     176080 bytes,    5689592 total
[2025-09-23T12:09:34.148+0000][70][gc,age      ] GC(17) - age   3:    3167632 bytes,    8857224 total
[2025-09-23T12:09:34.148+0000][70][gc,age      ] GC(17) - age   4:   11849032 bytes,   20706256 total
[2025-09-23T12:09:34.148+0000][70][gc,age      ] GC(17) - age   5:     721560 bytes,   21427816 total
[2025-09-23T12:09:34.148+0000][70][gc,age      ] GC(17) - age   6:   22616608 bytes,   44044424 total
[2025-09-23T12:09:34.148+0000][70][gc,heap     ] GC(17) Eden regions: 295->0(293)
[2025-09-23T12:09:34.148+0000][70][gc,heap     ] GC(17) Survivor regions: 12->14(39)
[2025-09-23T12:09:34.148+0000][70][gc,heap     ] GC(17) Old regions: 22->22
[2025-09-23T12:09:34.148+0000][70][gc,heap     ] GC(17) Archive regions: 2->2
[2025-09-23T12:09:34.148+0000][70][gc,heap     ] GC(17) Humongous regions: 4->4
[2025-09-23T12:09:34.148+0000][70][gc,metaspace] GC(17) Metaspace: 137847K(141312K)->137847K(141312K) NonClass: 120014K(121792K)->120014K(121792K) Class: 17832K(19520K)->17832K(19520K)
[2025-09-23T12:09:34.148+0000][70][gc          ] GC(17) Pause Young (Normal) (G1 Evacuation Pause) 1335M->160M(2048M) 30.278ms
[2025-09-23T12:09:34.148+0000][70][gc,cpu      ] GC(17) User=0.17s Sys=0.00s Real=0.03s
[2025-09-23T12:09:34.148+0000][70][safepoint   ] Safepoint "G1CollectForAllocation", Time since last: 673763375 ns, Reaching safepoint: 61084 ns, At safepoint: 30451750 ns, Total: 30512834 ns
[2025-09-23T12:09:35.149+0000][70][safepoint   ] Safepoint "Cleanup", Time since last: 1000333292 ns, Reaching safepoint: 380500 ns, At safepoint: 12083 ns, Total: 392583 ns
[2025-09-23T12:09:37.151+0000][70][safepoint   ] Safepoint "Cleanup", Time since last: 2001906584 ns, Reaching safepoint: 306334 ns, At safepoint: 4750 ns, Total: 311084 ns
[2025-09-23T12:09:40.155+0000][70][safepoint   ] Safepoint "Cleanup", Time since last: 3003260251 ns, Reaching safepoint: 90209 ns, At safepoint: 3625 ns, Total: 93834 ns
[2025-09-23T12:09:41.156+0000][70][safepoint   ] Safepoint "Cleanup", Time since last: 1001030792 ns, Reaching safepoint: 151625 ns, At safepoint: 7541 ns, Total: 159166 ns
[2025-09-23T12:09:46.161+0000][70][safepoint   ] Safepoint "Cleanup", Time since last: 5004914252 ns, Reaching safepoint: 464709 ns, At safepoint: 4875 ns, Total: 469584 ns
[2025-09-23T12:09:47.169+0000][70][safepoint   ] Safepoint "Cleanup", Time since last: 1005000375 ns, Reaching safepoint: 2942792 ns, At safepoint: 53833 ns, Total: 2996625 ns
[2025-09-23T12:09:48.171+0000][70][safepoint   ] Safepoint "Cleanup", Time since last: 1001393667 ns, Reaching safepoint: 535084 ns, At safepoint: 4958 ns, Total: 540042 ns
[2025-09-23T12:09:49.172+0000][70][safepoint   ] Safepoint "Cleanup", Time since last: 1001434084 ns, Reaching safepoint: 111083 ns, At safepoint: 3792 ns, Total: 114875 ns
[2025-09-23T12:09:51.174+0000][70][safepoint   ] Safepoint "Cleanup", Time since last: 2001872376 ns, Reaching safepoint: 140500 ns, At safepoint: 4000 ns, Total: 144500 ns
[2025-09-23T12:09:55.179+0000][70][safepoint   ] Safepoint "Cleanup", Time since last: 4004906377 ns, Reaching safepoint: 208000 ns, At safepoint: 7375 ns, Total: 215375 ns
[2025-09-23T12:09:56.180+0000][70][safepoint   ] Safepoint "Cleanup", Time since last: 1000718792 ns, Reaching safepoint: 78583 ns, At safepoint: 7459 ns, Total: 86042 ns
[2025-09-23T12:09:58.182+0000][70][safepoint   ] Safepoint "Cleanup", Time since last: 2001910376 ns, Reaching safepoint: 97583 ns, At safepoint: 7042 ns, Total: 104625 ns
[2025-09-23T12:10:01.186+0000][70][safepoint   ] Safepoint "Cleanup", Time since last: 3002966168 ns, Reaching safepoint: 720750 ns, At safepoint: 10916 ns, Total: 731666 ns
[2025-09-23T12:10:03.188+0000][70][safepoint   ] Safepoint "Cleanup", Time since last: 2002212876 ns, Reaching safepoint: 158334 ns, At safepoint: 9541 ns, Total: 167875 ns
[2025-09-23T12:10:04.190+0000][70][safepoint   ] Safepoint "Cleanup", Time since last: 1000824292 ns, Reaching safepoint: 1058292 ns, At safepoint: 6792 ns, Total: 1065084 ns
[2025-09-23T12:10:07.194+0000][70][safepoint   ] Safepoint "Cleanup", Time since last: 3003030126 ns, Reaching safepoint: 835833 ns, At safepoint: 14209 ns, Total: 850042 ns
[2025-09-23T12:10:13.201+0000][70][safepoint   ] Safepoint "Cleanup", Time since last: 6006081419 ns, Reaching safepoint: 452459 ns, At safepoint: 4333 ns, Total: 456792 ns
[2025-09-23T12:10:16.204+0000][70][safepoint   ] Safepoint "Cleanup", Time since last: 3002589959 ns, Reaching safepoint: 331125 ns, At safepoint: 4750 ns, Total: 335875 ns
[2025-09-23T12:10:19.210+0000][70][safepoint   ] Safepoint "Cleanup", Time since last: 3005646585 ns, Reaching safepoint: 146083 ns, At safepoint: 5000 ns, Total: 151083 ns
[2025-09-23T12:10:20.415+0000][70][gc,start    ] GC(18) Pause Young (Normal) (G1 Evacuation Pause)
[2025-09-23T12:10:20.416+0000][70][gc,task     ] GC(18) Using 8 workers of 8 for evacuation
[2025-09-23T12:10:20.416+0000][70][gc,age      ] GC(18) Desired survivor size 81788928 bytes, new threshold 15 (max threshold 15)
[2025-09-23T12:10:20.443+0000][70][gc,phases   ] GC(18)   Pre Evacuate Collection Set: 0.4ms
[2025-09-23T12:10:20.443+0000][70][gc,phases   ] GC(18)   Merge Heap Roots: 0.2ms
[2025-09-23T12:10:20.443+0000][70][gc,phases   ] GC(18)   Evacuate Collection Set: 23.7ms
[2025-09-23T12:10:20.443+0000][70][gc,phases   ] GC(18)   Post Evacuate Collection Set: 2.7ms
[2025-09-23T12:10:20.443+0000][70][gc,phases   ] GC(18)   Other: 0.3ms
[2025-09-23T12:10:20.443+0000][70][gc,age      ] GC(18) Age table with threshold 15 (max threshold 15)
[2025-09-23T12:10:20.443+0000][70][gc,age      ] GC(18) - age   1:    4063240 bytes,    4063240 total
[2025-09-23T12:10:20.443+0000][70][gc,age      ] GC(18) - age   2:    1177520 bytes,    5240760 total
[2025-09-23T12:10:20.443+0000][70][gc,age      ] GC(18) - age   3:     164824 bytes,    5405584 total
[2025-09-23T12:10:20.443+0000][70][gc,age      ] GC(18) - age   4:    3160304 bytes,    8565888 total
[2025-09-23T12:10:20.443+0000][70][gc,age      ] GC(18) - age   5:   11841600 bytes,   20407488 total
[2025-09-23T12:10:20.443+0000][70][gc,age      ] GC(18) - age   6:     721352 bytes,   21128840 total
[2025-09-23T12:10:20.443+0000][70][gc,age      ] GC(18) - age   7:   22615792 bytes,   43744632 total
[2025-09-23T12:10:20.443+0000][70][gc,heap     ] GC(18) Eden regions: 293->0(295)
[2025-09-23T12:10:20.443+0000][70][gc,heap     ] GC(18) Survivor regions: 14->12(39)
[2025-09-23T12:10:20.444+0000][70][gc,heap     ] GC(18) Old regions: 22->22
[2025-09-23T12:10:20.444+0000][70][gc,heap     ] GC(18) Archive regions: 2->2
[2025-09-23T12:10:20.444+0000][70][gc,heap     ] GC(18) Humongous regions: 4->4
[2025-09-23T12:10:20.444+0000][70][gc,metaspace] GC(18) Metaspace: 138007K(141440K)->138007K(141440K) NonClass: 120172K(121920K)->120172K(121920K) Class: 17835K(19520K)->17835K(19520K)
[2025-09-23T12:10:20.444+0000][70][gc          ] GC(18) Pause Young (Normal) (G1 Evacuation Pause) 1332M->153M(2048M) 28.355ms
[2025-09-23T12:10:20.444+0000][70][gc,cpu      ] GC(18) User=0.17s Sys=0.00s Real=0.03s
[2025-09-23T12:10:20.444+0000][70][safepoint   ] Safepoint "G1CollectForAllocation", Time since last: 1205575667 ns, Reaching safepoint: 138000 ns, At safepoint: 28547667 ns, Total: 28685667 ns
[2025-09-23T12:10:21.445+0000][70][safepoint   ] Safepoint "Cleanup", Time since last: 1000581917 ns, Reaching safepoint: 873417 ns, At safepoint: 5625 ns, Total: 879042 ns
[2025-09-23T12:10:22.447+0000][70][safepoint   ] Safepoint "Cleanup", Time since last: 1001097167 ns, Reaching safepoint: 180083 ns, At safepoint: 4375 ns, Total: 184458 ns
[2025-09-23T12:10:27.452+0000][70][safepoint   ] Safepoint "Cleanup", Time since last: 5004891753 ns, Reaching safepoint: 505958 ns, At safepoint: 8459 ns, Total: 514417 ns
[2025-09-23T12:10:28.453+0000][70][safepoint   ] Safepoint "Cleanup", Time since last: 1001379708 ns, Reaching safepoint: 89375 ns, At safepoint: 4250 ns, Total: 93625 ns
[2025-09-23T12:10:33.459+0000][70][safepoint   ] Safepoint "Cleanup", Time since last: 5004926711 ns, Reaching safepoint: 173500 ns, At safepoint: 8500 ns, Total: 182000 ns
[2025-09-23T12:10:34.461+0000][70][safepoint   ] Safepoint "Cleanup", Time since last: 1001420167 ns, Reaching safepoint: 1279917 ns, At safepoint: 4625 ns, Total: 1284542 ns
[2025-09-23T12:10:36.463+0000][70][safepoint   ] Safepoint "Cleanup", Time since last: 2002108417 ns, Reaching safepoint: 169917 ns, At safepoint: 4125 ns, Total: 174042 ns
[2025-09-23T12:10:39.467+0000][70][safepoint   ] Safepoint "Cleanup", Time since last: 3003293377 ns, Reaching safepoint: 687541 ns, At safepoint: 7542 ns, Total: 695083 ns
[2025-09-23T12:10:40.472+0000][70][safepoint   ] Safepoint "Cleanup", Time since last: 1003898459 ns, Reaching safepoint: 975500 ns, At safepoint: 4500 ns, Total: 980000 ns
[2025-09-23T12:10:42.475+0000][70][safepoint   ] Safepoint "Cleanup", Time since last: 2002028542 ns, Reaching safepoint: 169042 ns, At safepoint: 4458 ns, Total: 173500 ns
[2025-09-23T12:10:45.478+0000][70][safepoint   ] Safepoint "Cleanup", Time since last: 3002793626 ns, Reaching safepoint: 196416 ns, At safepoint: 5250 ns, Total: 201666 ns
[2025-09-23T12:10:46.481+0000][70][safepoint   ] Safepoint "Cleanup", Time since last: 1001904918 ns, Reaching safepoint: 177500 ns, At safepoint: 9166 ns, Total: 186666 ns
[2025-09-23T12:10:47.006+0000][70][safepoint   ] Safepoint "ICBufferFull", Time since last: 525093459 ns, Reaching safepoint: 555250 ns, At safepoint: 4208 ns, Total: 559458 ns
[2025-09-23T12:10:48.007+0000][70][safepoint   ] Safepoint "Cleanup", Time since last: 1000998959 ns, Reaching safepoint: 169667 ns, At safepoint: 3833 ns, Total: 173500 ns
[2025-09-23T12:10:49.008+0000][70][safepoint   ] Safepoint "Cleanup", Time since last: 1000845459 ns, Reaching safepoint: 97208 ns, At safepoint: 3083 ns, Total: 100291 ns
[2025-09-23T12:10:52.012+0000][70][safepoint   ] Safepoint "Cleanup", Time since last: 3003893085 ns, Reaching safepoint: 278750 ns, At safepoint: 3875 ns, Total: 282625 ns
[2025-09-23T12:10:53.238+0000][70][safepoint   ] Safepoint "Cleanup", Time since last: 1224863209 ns, Reaching safepoint: 776417 ns, At safepoint: 18000 ns, Total: 794417 ns
[2025-09-23T12:10:54.242+0000][70][safepoint   ] Safepoint "Cleanup", Time since last: 1001702875 ns, Reaching safepoint: 2530917 ns, At safepoint: 25250 ns, Total: 2556167 ns
[2025-09-23T12:10:57.246+0000][70][safepoint   ] Safepoint "Cleanup", Time since last: 3002827210 ns, Reaching safepoint: 394541 ns, At safepoint: 4209 ns, Total: 398750 ns
[2025-09-23T12:10:58.246+0000][70][safepoint   ] Safepoint "Cleanup", Time since last: 1000589875 ns, Reaching safepoint: 191542 ns, At safepoint: 4208 ns, Total: 195750 ns
[2025-09-23T12:10:59.267+0000][70][safepoint   ] Safepoint "Cleanup", Time since last: 1019100876 ns, Reaching safepoint: 1158458 ns, At safepoint: 18333 ns, Total: 1176791 ns
[2025-09-23T12:11:00.269+0000][70][safepoint   ] Safepoint "Cleanup", Time since last: 1001509751 ns, Reaching safepoint: 384458 ns, At safepoint: 7917 ns, Total: 392375 ns
[2025-09-23T12:11:01.269+0000][70][safepoint   ] Safepoint "Cleanup", Time since last: 1000623834 ns, Reaching safepoint: 192541 ns, At safepoint: 3875 ns, Total: 196416 ns
[2025-09-23T12:11:03.271+0000][70][safepoint   ] Safepoint "Cleanup", Time since last: 2001786085 ns, Reaching safepoint: 215875 ns, At safepoint: 3500 ns, Total: 219375 ns
[2025-09-23T12:11:04.272+0000][70][safepoint   ] Safepoint "Cleanup", Time since last: 1000793000 ns, Reaching safepoint: 113042 ns, At safepoint: 4125 ns, Total: 117167 ns
[2025-09-23T12:11:06.275+0000][70][safepoint   ] Safepoint "Cleanup", Time since last: 2002100292 ns, Reaching safepoint: 371917 ns, At safepoint: 16167 ns, Total: 388084 ns
[2025-09-23T12:11:07.277+0000][70][safepoint   ] Safepoint "Cleanup", Time since last: 1001413750 ns, Reaching safepoint: 320584 ns, At safepoint: 4458 ns, Total: 325042 ns
[2025-09-23T12:11:10.279+0000][70][safepoint   ] Safepoint "Cleanup", Time since last: 3002641335 ns, Reaching safepoint: 126083 ns, At safepoint: 4000 ns, Total: 130083 ns
[2025-09-23T12:11:12.378+0000][70][gc,start    ] GC(19) Pause Young (Normal) (G1 Evacuation Pause)
[2025-09-23T12:11:12.378+0000][70][gc,task     ] GC(19) Using 8 workers of 8 for evacuation
[2025-09-23T12:11:12.379+0000][70][gc,age      ] GC(19) Desired survivor size 81788928 bytes, new threshold 15 (max threshold 15)
[2025-09-23T12:11:12.410+0000][70][gc,phases   ] GC(19)   Pre Evacuate Collection Set: 0.5ms
[2025-09-23T12:11:12.410+0000][70][gc,phases   ] GC(19)   Merge Heap Roots: 0.2ms
[2025-09-23T12:11:12.410+0000][70][gc,phases   ] GC(19)   Evacuate Collection Set: 27.3ms
[2025-09-23T12:11:12.410+0000][70][gc,phases   ] GC(19)   Post Evacuate Collection Set: 3.3ms
[2025-09-23T12:11:12.410+0000][70][gc,phases   ] GC(19)   Other: 0.3ms
[2025-09-23T12:11:12.410+0000][70][gc,age      ] GC(19) Age table with threshold 15 (max threshold 15)
[2025-09-23T12:11:12.410+0000][70][gc,age      ] GC(19) - age   1:    3457672 bytes,    3457672 total
[2025-09-23T12:11:12.411+0000][70][gc,age      ] GC(19) - age   2:     107792 bytes,    3565464 total
[2025-09-23T12:11:12.411+0000][70][gc,age      ] GC(19) - age   3:    1127872 bytes,    4693336 total
[2025-09-23T12:11:12.411+0000][70][gc,age      ] GC(19) - age   4:     117184 bytes,    4810520 total
[2025-09-23T12:11:12.411+0000][70][gc,age      ] GC(19) - age   5:    3153376 bytes,    7963896 total
[2025-09-23T12:11:12.411+0000][70][gc,age      ] GC(19) - age   6:   11781088 bytes,   19744984 total
[2025-09-23T12:11:12.411+0000][70][gc,age      ] GC(19) - age   7:     719536 bytes,   20464520 total
[2025-09-23T12:11:12.411+0000][70][gc,age      ] GC(19) - age   8:   22580616 bytes,   43045136 total
[2025-09-23T12:11:12.411+0000][70][gc,heap     ] GC(19) Eden regions: 295->0(294)
[2025-09-23T12:11:12.411+0000][70][gc,heap     ] GC(19) Survivor regions: 12->13(39)
[2025-09-23T12:11:12.411+0000][70][gc,heap     ] GC(19) Old regions: 22->22
[2025-09-23T12:11:12.411+0000][70][gc,heap     ] GC(19) Archive regions: 2->2
[2025-09-23T12:11:12.411+0000][70][gc,heap     ] GC(19) Humongous regions: 4->4
[2025-09-23T12:11:12.411+0000][70][gc,metaspace] GC(19) Metaspace: 138257K(141696K)->138257K(141696K) NonClass: 120385K(122112K)->120385K(122112K) Class: 17872K(19584K)->17872K(19584K)
[2025-09-23T12:11:12.411+0000][70][gc          ] GC(19) Pause Young (Normal) (G1 Evacuation Pause) 1333M->156M(2048M) 32.773ms
[2025-09-23T12:11:12.411+0000][70][gc,cpu      ] GC(19) User=0.18s Sys=0.00s Real=0.04s
[2025-09-23T12:11:12.411+0000][70][safepoint   ] Safepoint "G1CollectForAllocation", Time since last: 2098524501 ns, Reaching safepoint: 231250 ns, At safepoint: 33006167 ns, Total: 33237417 ns
[2025-09-23T12:11:13.413+0000][70][safepoint   ] Safepoint "Cleanup", Time since last: 1001188333 ns, Reaching safepoint: 1050750 ns, At safepoint: 14459 ns, Total: 1065209 ns
[2025-09-23T12:11:14.415+0000][70][safepoint   ] Safepoint "Cleanup", Time since last: 1000868750 ns, Reaching safepoint: 1033458 ns, At safepoint: 89750 ns, Total: 1123208 ns
[2025-09-23T12:11:15.415+0000][70][safepoint   ] Safepoint "Cleanup", Time since last: 1000848792 ns, Reaching safepoint: 103208 ns, At safepoint: 7834 ns, Total: 111042 ns
[2025-09-23T12:11:16.418+0000][70][safepoint   ] Safepoint "Cleanup", Time since last: 1002751584 ns, Reaching safepoint: 90875 ns, At safepoint: 3833 ns, Total: 94708 ns
[2025-09-23T12:11:17.420+0000][70][safepoint   ] Safepoint "Cleanup", Time since last: 1001052375 ns, Reaching safepoint: 264875 ns, At safepoint: 9042 ns, Total: 273917 ns
[2025-09-23T12:11:20.423+0000][70][safepoint   ] Safepoint "Cleanup", Time since last: 3002748960 ns, Reaching safepoint: 464125 ns, At safepoint: 21708 ns, Total: 485833 ns
[2025-09-23T12:11:21.425+0000][70][safepoint   ] Safepoint "Cleanup", Time since last: 1001493417 ns, Reaching safepoint: 178084 ns, At safepoint: 4000 ns, Total: 182084 ns
[2025-09-23T12:11:22.426+0000][70][safepoint   ] Safepoint "Cleanup", Time since last: 1000899833 ns, Reaching safepoint: 129292 ns, At safepoint: 5167 ns, Total: 134459 ns
[2025-09-23T12:11:23.427+0000][70][safepoint   ] Safepoint "Cleanup", Time since last: 1000792375 ns, Reaching safepoint: 136834 ns, At safepoint: 4000 ns, Total: 140834 ns
[2025-09-23T12:11:26.430+0000][70][safepoint   ] Safepoint "Cleanup", Time since last: 3003183709 ns, Reaching safepoint: 511167 ns, At safepoint: 35125 ns, Total: 546292 ns
[2025-09-23T12:11:27.433+0000][70][safepoint   ] Safepoint "Cleanup", Time since last: 1002374834 ns, Reaching safepoint: 125666 ns, At safepoint: 4917 ns, Total: 130583 ns
[2025-09-23T12:11:33.439+0000][70][safepoint   ] Safepoint "Cleanup", Time since last: 6005654086 ns, Reaching safepoint: 389834 ns, At safepoint: 32583 ns, Total: 422417 ns
[2025-09-23T12:11:39.446+0000][70][safepoint   ] Safepoint "Cleanup", Time since last: 6006603128 ns, Reaching safepoint: 194625 ns, At safepoint: 12875 ns, Total: 207500 ns
[2025-09-23T12:11:42.448+0000][70][safepoint   ] Safepoint "Cleanup", Time since last: 3002736251 ns, Reaching safepoint: 59834 ns, At safepoint: 2916 ns, Total: 62750 ns
[2025-09-23T12:11:45.453+0000][70][safepoint   ] Safepoint "Cleanup", Time since last: 3003039751 ns, Reaching safepoint: 174417 ns, At safepoint: 10458 ns, Total: 184875 ns
[2025-09-23T12:11:46.454+0000][70][safepoint   ] Safepoint "Cleanup", Time since last: 1000856334 ns, Reaching safepoint: 568458 ns, At safepoint: 3625 ns, Total: 572083 ns
[2025-09-23T12:11:47.456+0000][70][safepoint   ] Safepoint "Cleanup", Time since last: 1001280042 ns, Reaching safepoint: 102209 ns, At safepoint: 3583 ns, Total: 105792 ns
[2025-09-23T12:11:51.460+0000][70][safepoint   ] Safepoint "Cleanup", Time since last: 4003918710 ns, Reaching safepoint: 220584 ns, At safepoint: 21250 ns, Total: 241834 ns
[2025-09-23T12:11:52.463+0000][70][safepoint   ] Safepoint "Cleanup", Time since last: 1001716875 ns, Reaching safepoint: 1263708 ns, At safepoint: 8959 ns, Total: 1272667 ns
[2025-09-23T12:11:53.464+0000][70][safepoint   ] Safepoint "Cleanup", Time since last: 1000791459 ns, Reaching safepoint: 86958 ns, At safepoint: 3667 ns, Total: 90625 ns
[2025-09-23T12:11:54.465+0000][70][safepoint   ] Safepoint "Cleanup", Time since last: 1000947083 ns, Reaching safepoint: 102792 ns, At safepoint: 3667 ns, Total: 106459 ns
[2025-09-23T12:11:56.466+0000][70][safepoint   ] Safepoint "Cleanup", Time since last: 2000939667 ns, Reaching safepoint: 238125 ns, At safepoint: 5167 ns, Total: 243292 ns
[2025-09-23T12:11:58.962+0000][70][gc,start    ] GC(20) Pause Young (Normal) (G1 Evacuation Pause)
[2025-09-23T12:11:58.963+0000][70][gc,task     ] GC(20) Using 8 workers of 8 for evacuation
[2025-09-23T12:11:58.964+0000][70][gc,age      ] GC(20) Desired survivor size 81788928 bytes, new threshold 15 (max threshold 15)
[2025-09-23T12:11:59.017+0000][70][gc,phases   ] GC(20)   Pre Evacuate Collection Set: 2.1ms
[2025-09-23T12:11:59.017+0000][70][gc,phases   ] GC(20)   Merge Heap Roots: 0.4ms
[2025-09-23T12:11:59.017+0000][70][gc,phases   ] GC(20)   Evacuate Collection Set: 46.0ms
[2025-09-23T12:11:59.017+0000][70][gc,phases   ] GC(20)   Post Evacuate Collection Set: 3.3ms
[2025-09-23T12:11:59.017+0000][70][gc,phases   ] GC(20)   Other: 1.7ms
[2025-09-23T12:11:59.017+0000][70][gc,age      ] GC(20) Age table with threshold 15 (max threshold 15)
[2025-09-23T12:11:59.017+0000][70][gc,age      ] GC(20) - age   1:    4790904 bytes,    4790904 total
[2025-09-23T12:11:59.017+0000][70][gc,age      ] GC(20) - age   2:     351496 bytes,    5142400 total
[2025-09-23T12:11:59.017+0000][70][gc,age      ] GC(20) - age   3:     101056 bytes,    5243456 total
[2025-09-23T12:11:59.017+0000][70][gc,age      ] GC(20) - age   4:    1114032 bytes,    6357488 total
[2025-09-23T12:11:59.017+0000][70][gc,age      ] GC(20) - age   5:      96256 bytes,    6453744 total
[2025-09-23T12:11:59.017+0000][70][gc,age      ] GC(20) - age   6:    3135856 bytes,    9589600 total
[2025-09-23T12:11:59.017+0000][70][gc,age      ] GC(20) - age   7:   11708632 bytes,   21298232 total
[2025-09-23T12:11:59.017+0000][70][gc,age      ] GC(20) - age   8:     719160 bytes,   22017392 total
[2025-09-23T12:11:59.017+0000][70][gc,age      ] GC(20) - age   9:   22580432 bytes,   44597824 total
[2025-09-23T12:11:59.017+0000][70][gc,heap     ] GC(20) Eden regions: 294->0(295)
[2025-09-23T12:11:59.017+0000][70][gc,heap     ] GC(20) Survivor regions: 13->12(39)
[2025-09-23T12:11:59.017+0000][70][gc,heap     ] GC(20) Old regions: 22->22
[2025-09-23T12:11:59.017+0000][70][gc,heap     ] GC(20) Archive regions: 2->2
[2025-09-23T12:11:59.017+0000][70][gc,heap     ] GC(20) Humongous regions: 4->4
[2025-09-23T12:11:59.017+0000][70][gc,metaspace] GC(20) Metaspace: 138365K(141888K)->138365K(141888K) NonClass: 120493K(122304K)->120493K(122304K) Class: 17872K(19584K)->17872K(19584K)
[2025-09-23T12:11:59.017+0000][70][gc          ] GC(20) Pause Young (Normal) (G1 Evacuation Pause) 1332M->155M(2048M) 55.273ms
[2025-09-23T12:11:59.017+0000][70][gc,cpu      ] GC(20) User=0.27s Sys=0.01s Real=0.05s
[2025-09-23T12:11:59.018+0000][70][safepoint   ] Safepoint "G1CollectForAllocation", Time since last: 2491026210 ns, Reaching safepoint: 5203916 ns, At safepoint: 55473250 ns, Total: 60677166 ns
[2025-09-23T12:12:00.019+0000][70][safepoint   ] Safepoint "Cleanup", Time since last: 1000987251 ns, Reaching safepoint: 56000 ns, At safepoint: 2708 ns, Total: 58708 ns
[2025-09-23T12:12:01.020+0000][70][safepoint   ] Safepoint "Cleanup", Time since last: 1000890959 ns, Reaching safepoint: 87750 ns, At safepoint: 3958 ns, Total: 91708 ns
[2025-09-23T12:12:03.022+0000][70][safepoint   ] Safepoint "Cleanup", Time since last: 2001895751 ns, Reaching safepoint: 199958 ns, At safepoint: 3417 ns, Total: 203375 ns
[2025-09-23T12:12:04.023+0000][70][safepoint   ] Safepoint "Cleanup", Time since last: 1000793667 ns, Reaching safepoint: 250459 ns, At safepoint: 4333 ns, Total: 254792 ns
[2025-09-23T12:12:05.024+0000][70][safepoint   ] Safepoint "Cleanup", Time since last: 1000769459 ns, Reaching safepoint: 75916 ns, At safepoint: 3792 ns, Total: 79708 ns
[2025-09-23T12:12:06.025+0000][70][safepoint   ] Safepoint "Cleanup", Time since last: 1000933042 ns, Reaching safepoint: 165292 ns, At safepoint: 4250 ns, Total: 169542 ns
[2025-09-23T12:12:07.026+0000][70][safepoint   ] Safepoint "Cleanup", Time since last: 1000841459 ns, Reaching safepoint: 198625 ns, At safepoint: 4375 ns, Total: 203000 ns
[2025-09-23T12:12:10.029+0000][70][safepoint   ] Safepoint "Cleanup", Time since last: 3002793418 ns, Reaching safepoint: 153583 ns, At safepoint: 4125 ns, Total: 157708 ns
[2025-09-23T12:12:16.034+0000][70][safepoint   ] Safepoint "Cleanup", Time since last: 6004926419 ns, Reaching safepoint: 439750 ns, At safepoint: 7916 ns, Total: 447666 ns
[2025-09-23T12:12:17.035+0000][70][safepoint   ] Safepoint "Cleanup", Time since last: 1001431376 ns, Reaching safepoint: 98708 ns, At safepoint: 4084 ns, Total: 102792 ns
[2025-09-23T12:12:18.036+0000][70][safepoint   ] Safepoint "Cleanup", Time since last: 1000893542 ns, Reaching safepoint: 108291 ns, At safepoint: 7375 ns, Total: 115666 ns
[2025-09-23T12:12:22.041+0000][70][safepoint   ] Safepoint "Cleanup", Time since last: 4003897752 ns, Reaching safepoint: 493209 ns, At safepoint: 3958 ns, Total: 497167 ns
[2025-09-23T12:12:24.042+0000][70][safepoint   ] Safepoint "Cleanup", Time since last: 2001533168 ns, Reaching safepoint: 93333 ns, At safepoint: 28667 ns, Total: 122000 ns
[2025-09-23T12:12:28.049+0000][70][safepoint   ] Safepoint "Cleanup", Time since last: 4005850210 ns, Reaching safepoint: 399625 ns, At safepoint: 3875 ns, Total: 403500 ns
[2025-09-23T12:12:31.056+0000][70][safepoint   ] Safepoint "Cleanup", Time since last: 3005630501 ns, Reaching safepoint: 1249417 ns, At safepoint: 8333 ns, Total: 1257750 ns
[2025-09-23T12:12:32.057+0000][70][safepoint   ] Safepoint "Cleanup", Time since last: 1000793376 ns, Reaching safepoint: 572000 ns, At safepoint: 8875 ns, Total: 580875 ns
[2025-09-23T12:12:34.059+0000][70][safepoint   ] Safepoint "Cleanup", Time since last: 2002324292 ns, Reaching safepoint: 159042 ns, At safepoint: 3792 ns, Total: 162834 ns
[2025-09-23T12:12:37.064+0000][70][safepoint   ] Safepoint "Cleanup", Time since last: 3002812626 ns, Reaching safepoint: 1285042 ns, At safepoint: 8208 ns, Total: 1293250 ns
[2025-09-23T12:12:40.067+0000][70][safepoint   ] Safepoint "Cleanup", Time since last: 3002838543 ns, Reaching safepoint: 413084 ns, At safepoint: 3833 ns, Total: 416917 ns
[2025-09-23T12:12:43.071+0000][70][safepoint   ] Safepoint "Cleanup", Time since last: 3003518918 ns, Reaching safepoint: 172875 ns, At safepoint: 18000 ns, Total: 190875 ns
[2025-09-23T12:12:44.073+0000][70][safepoint   ] Safepoint "Cleanup", Time since last: 1000799000 ns, Reaching safepoint: 1220667 ns, At safepoint: 4750 ns, Total: 1225417 ns
[2025-09-23T12:12:46.075+0000][70][safepoint   ] Safepoint "Cleanup", Time since last: 2001732917 ns, Reaching safepoint: 166334 ns, At safepoint: 4166 ns, Total: 170500 ns
[2025-09-23T12:12:50.016+0000][70][gc,start    ] GC(21) Pause Young (Normal) (G1 Evacuation Pause)
[2025-09-23T12:12:50.016+0000][70][gc,task     ] GC(21) Using 8 workers of 8 for evacuation
[2025-09-23T12:12:50.016+0000][70][gc,age      ] GC(21) Desired survivor size 81788928 bytes, new threshold 15 (max threshold 15)
[2025-09-23T12:12:50.044+0000][70][gc,phases   ] GC(21)   Pre Evacuate Collection Set: 0.4ms
[2025-09-23T12:12:50.044+0000][70][gc,phases   ] GC(21)   Merge Heap Roots: 0.2ms
[2025-09-23T12:12:50.044+0000][70][gc,phases   ] GC(21)   Evacuate Collection Set: 23.7ms
[2025-09-23T12:12:50.044+0000][70][gc,phases   ] GC(21)   Post Evacuate Collection Set: 2.8ms
[2025-09-23T12:12:50.044+0000][70][gc,phases   ] GC(21)   Other: 0.3ms
[2025-09-23T12:12:50.044+0000][70][gc,age      ] GC(21) Age table with threshold 15 (max threshold 15)
[2025-09-23T12:12:50.044+0000][70][gc,age      ] GC(21) - age   1:    4302640 bytes,    4302640 total
[2025-09-23T12:12:50.044+0000][70][gc,age      ] GC(21) - age   2:     369664 bytes,    4672304 total
[2025-09-23T12:12:50.044+0000][70][gc,age      ] GC(21) - age   3:     189504 bytes,    4861808 total
[2025-09-23T12:12:50.044+0000][70][gc,age      ] GC(21) - age   4:      61336 bytes,    4923144 total
[2025-09-23T12:12:50.044+0000][70][gc,age      ] GC(21) - age   5:    1112104 bytes,    6035248 total
[2025-09-23T12:12:50.044+0000][70][gc,age      ] GC(21) - age   6:      91920 bytes,    6127168 total
[2025-09-23T12:12:50.044+0000][70][gc,age      ] GC(21) - age   7:    3135856 bytes,    9263024 total
[2025-09-23T12:12:50.044+0000][70][gc,age      ] GC(21) - age   8:   11706864 bytes,   20969888 total
[2025-09-23T12:12:50.044+0000][70][gc,age      ] GC(21) - age   9:     719160 bytes,   21689048 total
[2025-09-23T12:12:50.044+0000][70][gc,age      ] GC(21) - age  10:   22580392 bytes,   44269440 total
[2025-09-23T12:12:50.044+0000][70][gc,heap     ] GC(21) Eden regions: 295->0(293)
[2025-09-23T12:12:50.044+0000][70][gc,heap     ] GC(21) Survivor regions: 12->14(39)
[2025-09-23T12:12:50.044+0000][70][gc,heap     ] GC(21) Old regions: 22->22
[2025-09-23T12:12:50.044+0000][70][gc,heap     ] GC(21) Archive regions: 2->2
[2025-09-23T12:12:50.044+0000][70][gc,heap     ] GC(21) Humongous regions: 4->4
[2025-09-23T12:12:50.044+0000][70][gc,metaspace] GC(21) Metaspace: 138423K(141952K)->138423K(141952K) NonClass: 120551K(122368K)->120551K(122368K) Class: 17872K(19584K)->17872K(19584K)
[2025-09-23T12:12:50.045+0000][70][gc          ] GC(21) Pause Young (Normal) (G1 Evacuation Pause) 1335M->161M(2048M) 28.484ms
[2025-09-23T12:12:50.045+0000][70][gc,cpu      ] GC(21) User=0.15s Sys=0.00s Real=0.03s
[2025-09-23T12:12:50.045+0000][70][safepoint   ] Safepoint "G1CollectForAllocation", Time since last: 3940905252 ns, Reaching safepoint: 98000 ns, At safepoint: 28654417 ns, Total: 28752417 ns
[2025-09-23T12:12:51.045+0000][70][safepoint   ] Safepoint "Cleanup", Time since last: 1000217834 ns, Reaching safepoint: 369666 ns, At safepoint: 8500 ns, Total: 378166 ns
[2025-09-23T12:12:52.046+0000][70][safepoint   ] Safepoint "Cleanup", Time since last: 1000580918 ns, Reaching safepoint: 94583 ns, At safepoint: 4917 ns, Total: 99500 ns
[2025-09-23T12:12:56.051+0000][70][safepoint   ] Safepoint "Cleanup", Time since last: 4004117835 ns, Reaching safepoint: 977541 ns, At safepoint: 9459 ns, Total: 987000 ns
[2025-09-23T12:12:57.052+0000][70][safepoint   ] Safepoint "Cleanup", Time since last: 1000884792 ns, Reaching safepoint: 430458 ns, At safepoint: 4625 ns, Total: 435083 ns
[2025-09-23T12:12:58.054+0000][70][safepoint   ] Safepoint "Cleanup", Time since last: 1001491959 ns, Reaching safepoint: 103333 ns, At safepoint: 4000 ns, Total: 107333 ns
[2025-09-23T12:13:03.060+0000][70][safepoint   ] Safepoint "Cleanup", Time since last: 5005631503 ns, Reaching safepoint: 328625 ns, At safepoint: 7125 ns, Total: 335750 ns
[2025-09-23T12:13:04.061+0000][70][safepoint   ] Safepoint "Cleanup", Time since last: 1000903209 ns, Reaching safepoint: 57625 ns, At safepoint: 2416 ns, Total: 60041 ns
[2025-09-23T12:13:07.064+0000][70][safepoint   ] Safepoint "Cleanup", Time since last: 3002963002 ns, Reaching safepoint: 160166 ns, At safepoint: 3667 ns, Total: 163833 ns
[2025-09-23T12:13:09.066+0000][70][safepoint   ] Safepoint "Cleanup", Time since last: 2001830043 ns, Reaching safepoint: 226375 ns, At safepoint: 11208 ns, Total: 237583 ns
[2025-09-23T12:13:10.070+0000][70][safepoint   ] Safepoint "Cleanup", Time since last: 1003726417 ns, Reaching safepoint: 145334 ns, At safepoint: 12125 ns, Total: 157459 ns
[2025-09-23T12:13:11.071+0000][70][safepoint   ] Safepoint "Cleanup", Time since last: 1000856625 ns, Reaching safepoint: 127708 ns, At safepoint: 3917 ns, Total: 131625 ns
[2025-09-23T12:13:14.076+0000][70][safepoint   ] Safepoint "Cleanup", Time since last: 3005231501 ns, Reaching safepoint: 138500 ns, At safepoint: 3708 ns, Total: 142208 ns
[2025-09-23T12:13:28.091+0000][70][safepoint   ] Safepoint "Cleanup", Time since last: 14014494590 ns, Reaching safepoint: 272042 ns, At safepoint: 3458 ns, Total: 275500 ns
[2025-09-23T12:13:31.094+0000][70][safepoint   ] Safepoint "Cleanup", Time since last: 3002717460 ns, Reaching safepoint: 94125 ns, At safepoint: 15583 ns, Total: 109708 ns
[2025-09-23T12:13:34.097+0000][70][safepoint   ] Safepoint "Cleanup", Time since last: 3002913043 ns, Reaching safepoint: 255834 ns, At safepoint: 3916 ns, Total: 259750 ns
[2025-09-23T12:13:36.099+0000][70][safepoint   ] Safepoint "Cleanup", Time since last: 2001756210 ns, Reaching safepoint: 306125 ns, At safepoint: 9208 ns, Total: 315333 ns
[2025-09-23T12:13:40.104+0000][70][safepoint   ] Safepoint "Cleanup", Time since last: 4004141377 ns, Reaching safepoint: 153000 ns, At safepoint: 7375 ns, Total: 160375 ns
[2025-09-23T12:13:40.350+0000][70][gc,start    ] GC(22) Pause Young (Normal) (G1 Evacuation Pause)
[2025-09-23T12:13:40.350+0000][70][gc,task     ] GC(22) Using 8 workers of 8 for evacuation
[2025-09-23T12:13:40.350+0000][70][gc,age      ] GC(22) Desired survivor size 81788928 bytes, new threshold 15 (max threshold 15)
[2025-09-23T12:13:40.386+0000][70][gc,phases   ] GC(22)   Pre Evacuate Collection Set: 0.4ms
[2025-09-23T12:13:40.386+0000][70][gc,phases   ] GC(22)   Merge Heap Roots: 0.2ms
[2025-09-23T12:13:40.386+0000][70][gc,phases   ] GC(22)   Evacuate Collection Set: 31.9ms
[2025-09-23T12:13:40.386+0000][70][gc,phases   ] GC(22)   Post Evacuate Collection Set: 3.1ms
[2025-09-23T12:13:40.386+0000][70][gc,phases   ] GC(22)   Other: 0.3ms
[2025-09-23T12:13:40.386+0000][70][gc,age      ] GC(22) Age table with threshold 15 (max threshold 15)
[2025-09-23T12:13:40.386+0000][70][gc,age      ] GC(22) - age   1:    3926864 bytes,    3926864 total
[2025-09-23T12:13:40.386+0000][70][gc,age      ] GC(22) - age   2:      79440 bytes,    4006304 total
[2025-09-23T12:13:40.386+0000][70][gc,age      ] GC(22) - age   3:     328376 bytes,    4334680 total
[2025-09-23T12:13:40.386+0000][70][gc,age      ] GC(22) - age   4:     186792 bytes,    4521472 total
[2025-09-23T12:13:40.386+0000][70][gc,age      ] GC(22) - age   5:      59776 bytes,    4581248 total
[2025-09-23T12:13:40.386+0000][70][gc,age      ] GC(22) - age   6:    1111128 bytes,    5692376 total
[2025-09-23T12:13:40.386+0000][70][gc,age      ] GC(22) - age   7:      91008 bytes,    5783384 total
[2025-09-23T12:13:40.386+0000][70][gc,age      ] GC(22) - age   8:    3134384 bytes,    8917768 total
[2025-09-23T12:13:40.386+0000][70][gc,age      ] GC(22) - age   9:   11704608 bytes,   20622376 total
[2025-09-23T12:13:40.386+0000][70][gc,age      ] GC(22) - age  10:     719160 bytes,   21341536 total
[2025-09-23T12:13:40.386+0000][70][gc,age      ] GC(22) - age  11:   22580392 bytes,   43921928 total
[2025-09-23T12:13:40.386+0000][70][gc,heap     ] GC(22) Eden regions: 293->0(294)
[2025-09-23T12:13:40.387+0000][70][gc,heap     ] GC(22) Survivor regions: 14->13(39)
[2025-09-23T12:13:40.387+0000][70][gc,heap     ] GC(22) Old regions: 22->22
[2025-09-23T12:13:40.387+0000][70][gc,heap     ] GC(22) Archive regions: 2->2
[2025-09-23T12:13:40.387+0000][70][gc,heap     ] GC(22) Humongous regions: 4->4
[2025-09-23T12:13:40.387+0000][70][gc,metaspace] GC(22) Metaspace: 138465K(141952K)->138465K(141952K) NonClass: 120593K(122368K)->120593K(122368K) Class: 17872K(19584K)->17872K(19584K)
[2025-09-23T12:13:40.387+0000][70][gc          ] GC(22) Pause Young (Normal) (G1 Evacuation Pause) 1333M->158M(2048M) 36.934ms
[2025-09-23T12:13:40.387+0000][70][gc,cpu      ] GC(22) User=0.20s Sys=0.00s Real=0.04s
[2025-09-23T12:13:40.387+0000][70][safepoint   ] Safepoint "G1CollectForAllocation", Time since last: 246013500 ns, Reaching safepoint: 97625 ns, At safepoint: 37119750 ns, Total: 37217375 ns
[2025-09-23T12:13:45.393+0000][70][safepoint   ] Safepoint "Cleanup", Time since last: 5005256960 ns, Reaching safepoint: 1019625 ns, At safepoint: 12125 ns, Total: 1031750 ns
[2025-09-23T12:13:52.402+0000][70][safepoint   ] Safepoint "Cleanup", Time since last: 7009060670 ns, Reaching safepoint: 312334 ns, At safepoint: 3916 ns, Total: 316250 ns
[2025-09-23T12:13:54.405+0000][70][safepoint   ] Safepoint "Cleanup", Time since last: 2002470043 ns, Reaching safepoint: 144083 ns, At safepoint: 3625 ns, Total: 147708 ns
[2025-09-23T12:14:03.416+0000][70][safepoint   ] Safepoint "Cleanup", Time since last: 9010375630 ns, Reaching safepoint: 618875 ns, At safepoint: 11708 ns, Total: 630583 ns
[2025-09-23T12:14:04.418+0000][70][safepoint   ] Safepoint "Cleanup", Time since last: 1001829875 ns, Reaching safepoint: 99334 ns, At safepoint: 3500 ns, Total: 102834 ns
[2025-09-23T12:14:09.423+0000][70][safepoint   ] Safepoint "Cleanup", Time since last: 5004998211 ns, Reaching safepoint: 465375 ns, At safepoint: 11958 ns, Total: 477333 ns
[2025-09-23T12:14:13.431+0000][70][safepoint   ] Safepoint "Cleanup", Time since last: 4007430043 ns, Reaching safepoint: 117584 ns, At safepoint: 2541 ns, Total: 120125 ns
[2025-09-23T12:14:16.435+0000][70][safepoint   ] Safepoint "Cleanup", Time since last: 3003921126 ns, Reaching safepoint: 434125 ns, At safepoint: 5084 ns, Total: 439209 ns
[2025-09-23T12:14:18.437+0000][70][safepoint   ] Safepoint "Cleanup", Time since last: 2001622501 ns, Reaching safepoint: 293000 ns, At safepoint: 8958 ns, Total: 301958 ns
[2025-09-23T12:14:20.443+0000][70][safepoint   ] Safepoint "Cleanup", Time since last: 2001584709 ns, Reaching safepoint: 3981250 ns, At safepoint: 8875 ns, Total: 3990125 ns
[2025-09-23T12:14:22.446+0000][70][safepoint   ] Safepoint "Cleanup", Time since last: 2003025501 ns, Reaching safepoint: 149000 ns, At safepoint: 3542 ns, Total: 152542 ns
[2025-09-23T12:14:24.448+0000][70][safepoint   ] Safepoint "Cleanup", Time since last: 2001870834 ns, Reaching safepoint: 69750 ns, At safepoint: 4458 ns, Total: 74208 ns
[2025-09-23T12:14:28.452+0000][70][safepoint   ] Safepoint "Cleanup", Time since last: 4003955336 ns, Reaching safepoint: 379750 ns, At safepoint: 10291 ns, Total: 390041 ns
[2025-09-23T12:14:33.457+0000][70][safepoint   ] Safepoint "Cleanup", Time since last: 5004933294 ns, Reaching safepoint: 187917 ns, At safepoint: 10875 ns, Total: 198792 ns
[2025-09-23T12:14:33.993+0000][70][gc,start    ] GC(23) Pause Young (Normal) (G1 Evacuation Pause)
[2025-09-23T12:14:33.993+0000][70][gc,task     ] GC(23) Using 8 workers of 8 for evacuation
[2025-09-23T12:14:33.993+0000][70][gc,age      ] GC(23) Desired survivor size 81788928 bytes, new threshold 15 (max threshold 15)
[2025-09-23T12:14:34.026+0000][70][gc,phases   ] GC(23)   Pre Evacuate Collection Set: 0.5ms
[2025-09-23T12:14:34.026+0000][70][gc,phases   ] GC(23)   Merge Heap Roots: 0.2ms
[2025-09-23T12:14:34.026+0000][70][gc,phases   ] GC(23)   Evacuate Collection Set: 29.1ms
[2025-09-23T12:14:34.026+0000][70][gc,phases   ] GC(23)   Post Evacuate Collection Set: 3.3ms
[2025-09-23T12:14:34.027+0000][70][gc,phases   ] GC(23)   Other: 0.3ms
[2025-09-23T12:14:34.027+0000][70][gc,age      ] GC(23) Age table with threshold 15 (max threshold 15)
[2025-09-23T12:14:34.027+0000][70][gc,age      ] GC(23) - age   1:    4613600 bytes,    4613600 total
[2025-09-23T12:14:34.027+0000][70][gc,age      ] GC(23) - age   2:     265792 bytes,    4879392 total
[2025-09-23T12:14:34.027+0000][70][gc,age      ] GC(23) - age   3:      76208 bytes,    4955600 total
[2025-09-23T12:14:34.027+0000][70][gc,age      ] GC(23) - age   4:     287944 bytes,    5243544 total
[2025-09-23T12:14:34.027+0000][70][gc,age      ] GC(23) - age   5:     185440 bytes,    5428984 total
[2025-09-23T12:14:34.027+0000][70][gc,age      ] GC(23) - age   6:      58000 bytes,    5486984 total
[2025-09-23T12:14:34.027+0000][70][gc,age      ] GC(23) - age   7:    1110872 bytes,    6597856 total
[2025-09-23T12:14:34.027+0000][70][gc,age      ] GC(23) - age   8:      89968 bytes,    6687824 total
[2025-09-23T12:14:34.027+0000][70][gc,age      ] GC(23) - age   9:    3134344 bytes,    9822168 total
[2025-09-23T12:14:34.027+0000][70][gc,age      ] GC(23) - age  10:   11704144 bytes,   21526312 total
[2025-09-23T12:14:34.027+0000][70][gc,age      ] GC(23) - age  11:     719160 bytes,   22245472 total
[2025-09-23T12:14:34.027+0000][70][gc,age      ] GC(23) - age  12:   22580392 bytes,   44825864 total
[2025-09-23T12:14:34.027+0000][70][gc,heap     ] GC(23) Eden regions: 294->0(295)
[2025-09-23T12:14:34.027+0000][70][gc,heap     ] GC(23) Survivor regions: 13->12(39)
[2025-09-23T12:14:34.027+0000][70][gc,heap     ] GC(23) Old regions: 22->22
[2025-09-23T12:14:34.027+0000][70][gc,heap     ] GC(23) Archive regions: 2->2
[2025-09-23T12:14:34.027+0000][70][gc,heap     ] GC(23) Humongous regions: 4->4
[2025-09-23T12:14:34.027+0000][70][gc,metaspace] GC(23) Metaspace: 138585K(142080K)->138585K(142080K) NonClass: 120713K(122496K)->120713K(122496K) Class: 17872K(19584K)->17872K(19584K)
[2025-09-23T12:14:34.027+0000][70][gc          ] GC(23) Pause Young (Normal) (G1 Evacuation Pause) 1334M->152M(2048M) 34.464ms
[2025-09-23T12:14:34.027+0000][70][gc,cpu      ] GC(23) User=0.17s Sys=0.00s Real=0.03s
[2025-09-23T12:14:34.027+0000][70][safepoint   ] Safepoint "G1CollectForAllocation", Time since last: 535176084 ns, Reaching safepoint: 215166 ns, At safepoint: 34672792 ns, Total: 34887958 ns
[2025-09-23T12:14:35.028+0000][70][safepoint   ] Safepoint "Cleanup", Time since last: 1000367834 ns, Reaching safepoint: 124833 ns, At safepoint: 2458 ns, Total: 127291 ns
[2025-09-23T12:14:40.033+0000][70][safepoint   ] Safepoint "Cleanup", Time since last: 5005031711 ns, Reaching safepoint: 297042 ns, At safepoint: 6791 ns, Total: 303833 ns
[2025-09-23T12:14:41.035+0000][70][safepoint   ] Safepoint "Cleanup", Time since last: 1000778168 ns, Reaching safepoint: 741250 ns, At safepoint: 6208 ns, Total: 747458 ns
[2025-09-23T12:14:47.043+0000][70][safepoint   ] Safepoint "Cleanup", Time since last: 6006198002 ns, Reaching safepoint: 1856333 ns, At safepoint: 19625 ns, Total: 1875958 ns
[2025-09-23T12:14:55.053+0000][70][safepoint   ] Safepoint "Cleanup", Time since last: 8008945671 ns, Reaching safepoint: 393041 ns, At safepoint: 38334 ns, Total: 431375 ns
[2025-09-23T12:14:58.055+0000][70][safepoint   ] Safepoint "Cleanup", Time since last: 3002590751 ns, Reaching safepoint: 129042 ns, At safepoint: 4041 ns, Total: 133083 ns
[2025-09-23T12:15:02.064+0000][70][safepoint   ] Safepoint "Cleanup", Time since last: 4004478794 ns, Reaching safepoint: 3847125 ns, At safepoint: 5458 ns, Total: 3852583 ns
[2025-09-23T12:15:03.068+0000][70][safepoint   ] Safepoint "Cleanup", Time since last: 1003914667 ns, Reaching safepoint: 158250 ns, At safepoint: 5750 ns, Total: 164000 ns
[2025-09-23T12:15:04.069+0000][70][safepoint   ] Safepoint "Cleanup", Time since last: 1001497543 ns, Reaching safepoint: 101875 ns, At safepoint: 3916 ns, Total: 105791 ns
[2025-09-23T12:15:08.073+0000][70][safepoint   ] Safepoint "Cleanup", Time since last: 4003840586 ns, Reaching safepoint: 367625 ns, At safepoint: 4250 ns, Total: 371875 ns
[2025-09-23T12:15:17.084+0000][70][safepoint   ] Safepoint "Cleanup", Time since last: 9009635337 ns, Reaching safepoint: 663750 ns, At safepoint: 4375 ns, Total: 668125 ns
[2025-09-23T12:15:22.091+0000][70][safepoint   ] Safepoint "Cleanup", Time since last: 5005299794 ns, Reaching safepoint: 1314791 ns, At safepoint: 7417 ns, Total: 1322208 ns
[2025-09-23T12:15:23.092+0000][70][safepoint   ] Safepoint "Cleanup", Time since last: 1000703792 ns, Reaching safepoint: 480250 ns, At safepoint: 9792 ns, Total: 490042 ns
[2025-09-23T12:15:24.093+0000][70][safepoint   ] Safepoint "Cleanup", Time since last: 1000518417 ns, Reaching safepoint: 153167 ns, At safepoint: 4375 ns, Total: 157542 ns
[2025-09-23T12:15:26.095+0000][70][safepoint   ] Safepoint "Cleanup", Time since last: 2001829792 ns, Reaching safepoint: 233542 ns, At safepoint: 20541 ns, Total: 254083 ns
[2025-09-23T12:15:28.096+0000][70][safepoint   ] Safepoint "Cleanup", Time since last: 2001727668 ns, Reaching safepoint: 86583 ns, At safepoint: 3584 ns, Total: 90167 ns
[2025-09-23T12:15:28.205+0000][70][gc,start    ] GC(24) Pause Young (Normal) (G1 Evacuation Pause)
[2025-09-23T12:15:28.206+0000][70][gc,task     ] GC(24) Using 8 workers of 8 for evacuation
[2025-09-23T12:15:28.206+0000][70][gc,age      ] GC(24) Desired survivor size 81788928 bytes, new threshold 15 (max threshold 15)
[2025-09-23T12:15:28.236+0000][70][gc,phases   ] GC(24)   Pre Evacuate Collection Set: 0.4ms
[2025-09-23T12:15:28.237+0000][70][gc,phases   ] GC(24)   Merge Heap Roots: 0.2ms
[2025-09-23T12:15:28.237+0000][70][gc,phases   ] GC(24)   Evacuate Collection Set: 26.3ms
[2025-09-23T12:15:28.237+0000][70][gc,phases   ] GC(24)   Post Evacuate Collection Set: 3.6ms
[2025-09-23T12:15:28.237+0000][70][gc,phases   ] GC(24)   Other: 0.4ms
[2025-09-23T12:15:28.237+0000][70][gc,age      ] GC(24) Age table with threshold 15 (max threshold 15)
[2025-09-23T12:15:28.237+0000][70][gc,age      ] GC(24) - age   1:    4179624 bytes,    4179624 total
[2025-09-23T12:15:28.237+0000][70][gc,age      ] GC(24) - age   2:     146800 bytes,    4326424 total
[2025-09-23T12:15:28.237+0000][70][gc,age      ] GC(24) - age   3:      75848 bytes,    4402272 total
[2025-09-23T12:15:28.237+0000][70][gc,age      ] GC(24) - age   4:      74864 bytes,    4477136 total
[2025-09-23T12:15:28.237+0000][70][gc,age      ] GC(24) - age   5:     286120 bytes,    4763256 total
[2025-09-23T12:15:28.237+0000][70][gc,age      ] GC(24) - age   6:     182848 bytes,    4946104 total
[2025-09-23T12:15:28.237+0000][70][gc,age      ] GC(24) - age   7:      56008 bytes,    5002112 total
[2025-09-23T12:15:28.237+0000][70][gc,age      ] GC(24) - age   8:    1109568 bytes,    6111680 total
[2025-09-23T12:15:28.237+0000][70][gc,age      ] GC(24) - age   9:      88792 bytes,    6200472 total
[2025-09-23T12:15:28.237+0000][70][gc,age      ] GC(24) - age  10:    3134216 bytes,    9334688 total
[2025-09-23T12:15:28.237+0000][70][gc,age      ] GC(24) - age  11:   11701120 bytes,   21035808 total
[2025-09-23T12:15:28.237+0000][70][gc,age      ] GC(24) - age  12:     719096 bytes,   21754904 total
[2025-09-23T12:15:28.237+0000][70][gc,age      ] GC(24) - age  13:   22580392 bytes,   44335296 total
[2025-09-23T12:15:28.237+0000][70][gc,heap     ] GC(24) Eden regions: 295->0(294)
[2025-09-23T12:15:28.237+0000][70][gc,heap     ] GC(24) Survivor regions: 12->13(39)
[2025-09-23T12:15:28.237+0000][70][gc,heap     ] GC(24) Old regions: 22->22
[2025-09-23T12:15:28.237+0000][70][gc,heap     ] GC(24) Archive regions: 2->2
[2025-09-23T12:15:28.237+0000][70][gc,heap     ] GC(24) Humongous regions: 4->4
[2025-09-23T12:15:28.237+0000][70][gc,metaspace] GC(24) Metaspace: 138630K(142144K)->138630K(142144K) NonClass: 120757K(122560K)->120757K(122560K) Class: 17872K(19584K)->17872K(19584K)
[2025-09-23T12:15:28.237+0000][70][gc          ] GC(24) Pause Young (Normal) (G1 Evacuation Pause) 1332M->156M(2048M) 31.900ms
[2025-09-23T12:15:28.237+0000][70][gc,cpu      ] GC(24) User=0.17s Sys=0.00s Real=0.03s
[2025-09-23T12:15:28.237+0000][70][safepoint   ] Safepoint "G1CollectForAllocation", Time since last: 108799333 ns, Reaching safepoint: 112333 ns, At safepoint: 32083042 ns, Total: 32195375 ns
[2025-09-23T12:15:34.586+0000][70][safepoint   ] Safepoint "Cleanup", Time since last: 6347926337 ns, Reaching safepoint: 810166 ns, At safepoint: 13000 ns, Total: 823166 ns
[2025-09-23T12:15:41.597+0000][70][safepoint   ] Safepoint "Cleanup", Time since last: 7008161212 ns, Reaching safepoint: 2151875 ns, At safepoint: 9667 ns, Total: 2161542 ns
[2025-09-23T12:15:45.602+0000][70][safepoint   ] Safepoint "Cleanup", Time since last: 4004819292 ns, Reaching safepoint: 137250 ns, At safepoint: 6667 ns, Total: 143917 ns
[2025-09-23T12:15:47.605+0000][70][safepoint   ] Safepoint "Cleanup", Time since last: 2002087251 ns, Reaching safepoint: 889833 ns, At safepoint: 12084 ns, Total: 901917 ns
[2025-09-23T12:15:52.610+0000][70][safepoint   ] Safepoint "Cleanup", Time since last: 5004919377 ns, Reaching safepoint: 315167 ns, At safepoint: 4000 ns, Total: 319167 ns
[2025-09-23T12:15:57.615+0000][70][safepoint   ] Safepoint "Cleanup", Time since last: 5004786169 ns, Reaching safepoint: 404833 ns, At safepoint: 30959 ns, Total: 435792 ns
[2025-09-23T12:16:03.625+0000][70][safepoint   ] Safepoint "Cleanup", Time since last: 6008436544 ns, Reaching safepoint: 1402292 ns, At safepoint: 13250 ns, Total: 1415542 ns
[2025-09-23T12:16:06.630+0000][70][safepoint   ] Safepoint "Cleanup", Time since last: 3004776960 ns, Reaching safepoint: 110583 ns, At safepoint: 7875 ns, Total: 118458 ns
[2025-09-23T12:16:07.631+0000][70][safepoint   ] Safepoint "Cleanup", Time since last: 1000717000 ns, Reaching safepoint: 119042 ns, At safepoint: 15083 ns, Total: 134125 ns
[2025-09-23T12:16:09.635+0000][70][safepoint   ] Safepoint "Cleanup", Time since last: 2002075460 ns, Reaching safepoint: 1750541 ns, At safepoint: 168042 ns, Total: 1918583 ns
[2025-09-23T12:16:10.636+0000][70][safepoint   ] Safepoint "Cleanup", Time since last: 1000870917 ns, Reaching safepoint: 225667 ns, At safepoint: 4125 ns, Total: 229792 ns
[2025-09-23T12:16:13.289+0000][70][gc,start    ] GC(25) Pause Young (Normal) (G1 Evacuation Pause)
[2025-09-23T12:16:13.289+0000][70][gc,task     ] GC(25) Using 8 workers of 8 for evacuation
[2025-09-23T12:16:13.289+0000][70][gc,age      ] GC(25) Desired survivor size 81788928 bytes, new threshold 15 (max threshold 15)
[2025-09-23T12:16:13.336+0000][70][gc,phases   ] GC(25)   Pre Evacuate Collection Set: 0.7ms
[2025-09-23T12:16:13.336+0000][70][gc,phases   ] GC(25)   Merge Heap Roots: 0.2ms
[2025-09-23T12:16:13.336+0000][70][gc,phases   ] GC(25)   Evacuate Collection Set: 41.7ms
[2025-09-23T12:16:13.336+0000][70][gc,phases   ] GC(25)   Post Evacuate Collection Set: 3.8ms
[2025-09-23T12:16:13.336+0000][70][gc,phases   ] GC(25)   Other: 0.5ms
[2025-09-23T12:16:13.336+0000][70][gc,age      ] GC(25) Age table with threshold 15 (max threshold 15)
[2025-09-23T12:16:13.336+0000][70][gc,age      ] GC(25) - age   1:    4101664 bytes,    4101664 total
[2025-09-23T12:16:13.336+0000][70][gc,age      ] GC(25) - age   2:     121088 bytes,    4222752 total
[2025-09-23T12:16:13.336+0000][70][gc,age      ] GC(25) - age   3:     142944 bytes,    4365696 total
[2025-09-23T12:16:13.336+0000][70][gc,age      ] GC(25) - age   4:      72872 bytes,    4438568 total
[2025-09-23T12:16:13.336+0000][70][gc,age      ] GC(25) - age   5:      71712 bytes,    4510280 total
[2025-09-23T12:16:13.336+0000][70][gc,age      ] GC(25) - age   6:     284752 bytes,    4795032 total
[2025-09-23T12:16:13.336+0000][70][gc,age      ] GC(25) - age   7:     168296 bytes,    4963328 total
[2025-09-23T12:16:13.336+0000][70][gc,age      ] GC(25) - age   8:      55912 bytes,    5019240 total
[2025-09-23T12:16:13.336+0000][70][gc,age      ] GC(25) - age   9:    1109000 bytes,    6128240 total
[2025-09-23T12:16:13.336+0000][70][gc,age      ] GC(25) - age  10:      88120 bytes,    6216360 total
[2025-09-23T12:16:13.336+0000][70][gc,age      ] GC(25) - age  11:    3133224 bytes,    9349584 total
[2025-09-23T12:16:13.336+0000][70][gc,age      ] GC(25) - age  12:   11698664 bytes,   21048248 total
[2025-09-23T12:16:13.336+0000][70][gc,age      ] GC(25) - age  13:     719096 bytes,   21767344 total
[2025-09-23T12:16:13.336+0000][70][gc,age      ] GC(25) - age  14:   22580392 bytes,   44347736 total
[2025-09-23T12:16:13.336+0000][70][gc,heap     ] GC(25) Eden regions: 294->0(294)
[2025-09-23T12:16:13.336+0000][70][gc,heap     ] GC(25) Survivor regions: 13->13(39)
[2025-09-23T12:16:13.337+0000][70][gc,heap     ] GC(25) Old regions: 22->22
[2025-09-23T12:16:13.337+0000][70][gc,heap     ] GC(25) Archive regions: 2->2
[2025-09-23T12:16:13.337+0000][70][gc,heap     ] GC(25) Humongous regions: 4->4
[2025-09-23T12:16:13.337+0000][70][gc,metaspace] GC(25) Metaspace: 138681K(142208K)->138681K(142208K) NonClass: 120805K(122624K)->120805K(122624K) Class: 17876K(19584K)->17876K(19584K)
[2025-09-23T12:16:13.337+0000][70][gc          ] GC(25) Pause Young (Normal) (G1 Evacuation Pause) 1332M->158M(2048M) 48.053ms
[2025-09-23T12:16:13.337+0000][70][gc,cpu      ] GC(25) User=0.26s Sys=0.00s Real=0.05s
[2025-09-23T12:16:13.337+0000][70][safepoint   ] Safepoint "G1CollectForAllocation", Time since last: 2652368834 ns, Reaching safepoint: 95542 ns, At safepoint: 48300458 ns, Total: 48396000 ns
[2025-09-23T12:16:14.340+0000][70][safepoint   ] Safepoint "Cleanup", Time since last: 1001200875 ns, Reaching safepoint: 1122584 ns, At safepoint: 5833 ns, Total: 1128417 ns
[2025-09-23T12:16:16.342+0000][70][safepoint   ] Safepoint "Cleanup", Time since last: 2001689918 ns, Reaching safepoint: 607458 ns, At safepoint: 17958 ns, Total: 625416 ns
[2025-09-23T12:16:21.347+0000][70][safepoint   ] Safepoint "Cleanup", Time since last: 5004371044 ns, Reaching safepoint: 259042 ns, At safepoint: 68458 ns, Total: 327500 ns
[2025-09-23T12:16:22.348+0000][70][safepoint   ] Safepoint "Cleanup", Time since last: 1000670417 ns, Reaching safepoint: 288417 ns, At safepoint: 4458 ns, Total: 292875 ns
[2025-09-23T12:16:26.351+0000][70][safepoint   ] Safepoint "Cleanup", Time since last: 4002858461 ns, Reaching safepoint: 1014750 ns, At safepoint: 25000 ns, Total: 1039750 ns
[2025-09-23T12:16:27.353+0000][70][safepoint   ] Safepoint "Cleanup", Time since last: 1000982833 ns, Reaching safepoint: 564834 ns, At safepoint: 18041 ns, Total: 582875 ns
[2025-09-23T12:16:28.354+0000][70][safepoint   ] Safepoint "Cleanup", Time since last: 1001190751 ns, Reaching safepoint: 67875 ns, At safepoint: 3625 ns, Total: 71500 ns
[2025-09-23T12:16:34.361+0000][70][safepoint   ] Safepoint "Cleanup", Time since last: 6005988711 ns, Reaching safepoint: 400875 ns, At safepoint: 7875 ns, Total: 408750 ns
[2025-09-23T12:16:40.368+0000][70][safepoint   ] Safepoint "Cleanup", Time since last: 6006583586 ns, Reaching safepoint: 371042 ns, At safepoint: 3875 ns, Total: 374917 ns
[2025-09-23T12:16:46.374+0000][70][safepoint   ] Safepoint "Cleanup", Time since last: 6005779002 ns, Reaching safepoint: 398708 ns, At safepoint: 5209 ns, Total: 403917 ns
[2025-09-23T12:16:54.383+0000][70][safepoint   ] Safepoint "Cleanup", Time since last: 8009432170 ns, Reaching safepoint: 281583 ns, At safepoint: 9584 ns, Total: 291167 ns
[2025-09-23T12:16:56.386+0000][70][safepoint   ] Safepoint "Cleanup", Time since last: 2002678584 ns, Reaching safepoint: 135375 ns, At safepoint: 4000 ns, Total: 139375 ns
[2025-09-23T12:16:58.388+0000][70][safepoint   ] Safepoint "Cleanup", Time since last: 2001913168 ns, Reaching safepoint: 393500 ns, At safepoint: 9708 ns, Total: 403208 ns
[2025-09-23T12:17:00.391+0000][70][safepoint   ] Safepoint "Cleanup", Time since last: 2001786959 ns, Reaching safepoint: 771959 ns, At safepoint: 4333 ns, Total: 776292 ns
[2025-09-23T12:17:01.393+0000][70][safepoint   ] Safepoint "Cleanup", Time since last: 1001028834 ns, Reaching safepoint: 1204000 ns, At safepoint: 5416 ns, Total: 1209416 ns
[2025-09-23T12:17:03.395+0000][70][safepoint   ] Safepoint "Cleanup", Time since last: 2001760793 ns, Reaching safepoint: 146667 ns, At safepoint: 3708 ns, Total: 150375 ns
[2025-09-23T12:17:04.396+0000][70][safepoint   ] Safepoint "Cleanup", Time since last: 1000808292 ns, Reaching safepoint: 116083 ns, At safepoint: 3709 ns, Total: 119792 ns
[2025-09-23T12:17:04.732+0000][70][gc,start    ] GC(26) Pause Young (Normal) (G1 Evacuation Pause)
[2025-09-23T12:17:04.732+0000][70][gc,task     ] GC(26) Using 8 workers of 8 for evacuation
[2025-09-23T12:17:04.732+0000][70][gc,age      ] GC(26) Desired survivor size 81788928 bytes, new threshold 15 (max threshold 15)
[2025-09-23T12:17:04.774+0000][70][gc,phases   ] GC(26)   Pre Evacuate Collection Set: 0.4ms
[2025-09-23T12:17:04.774+0000][70][gc,phases   ] GC(26)   Merge Heap Roots: 0.2ms
[2025-09-23T12:17:04.774+0000][70][gc,phases   ] GC(26)   Evacuate Collection Set: 38.6ms
[2025-09-23T12:17:04.774+0000][70][gc,phases   ] GC(26)   Post Evacuate Collection Set: 2.6ms
[2025-09-23T12:17:04.774+0000][70][gc,phases   ] GC(26)   Other: 0.3ms
[2025-09-23T12:17:04.774+0000][70][gc,age      ] GC(26) Age table with threshold 15 (max threshold 15)
[2025-09-23T12:17:04.774+0000][70][gc,age      ] GC(26) - age   1:    4904848 bytes,    4904848 total
[2025-09-23T12:17:04.774+0000][70][gc,age      ] GC(26) - age   2:     157184 bytes,    5062032 total
[2025-09-23T12:17:04.774+0000][70][gc,age      ] GC(26) - age   3:      61584 bytes,    5123616 total
[2025-09-23T12:17:04.774+0000][70][gc,age      ] GC(26) - age   4:      60056 bytes,    5183672 total
[2025-09-23T12:17:04.774+0000][70][gc,age      ] GC(26) - age   5:      71568 bytes,    5255240 total
[2025-09-23T12:17:04.774+0000][70][gc,age      ] GC(26) - age   6:      52624 bytes,    5307864 total
[2025-09-23T12:17:04.774+0000][70][gc,age      ] GC(26) - age   7:      22576 bytes,    5330440 total
[2025-09-23T12:17:04.774+0000][70][gc,age      ] GC(26) - age   8:     167968 bytes,    5498408 total
[2025-09-23T12:17:04.774+0000][70][gc,age      ] GC(26) - age   9:      54088 bytes,    5552496 total
[2025-09-23T12:17:04.774+0000][70][gc,age      ] GC(26) - age  10:    1107304 bytes,    6659800 total
[2025-09-23T12:17:04.774+0000][70][gc,age      ] GC(26) - age  11:      88120 bytes,    6747920 total
[2025-09-23T12:17:04.774+0000][70][gc,age      ] GC(26) - age  12:    3131648 bytes,    9879568 total
[2025-09-23T12:17:04.775+0000][70][gc,age      ] GC(26) - age  13:   11285240 bytes,   21164808 total
[2025-09-23T12:17:04.775+0000][70][gc,age      ] GC(26) - age  14:     640816 bytes,   21805624 total
[2025-09-23T12:17:04.775+0000][70][gc,age      ] GC(26) - age  15:   22580312 bytes,   44385936 total
[2025-09-23T12:17:04.775+0000][70][gc,heap     ] GC(26) Eden regions: 294->0(295)
[2025-09-23T12:17:04.775+0000][70][gc,heap     ] GC(26) Survivor regions: 13->12(39)
[2025-09-23T12:17:04.775+0000][70][gc,heap     ] GC(26) Old regions: 22->22
[2025-09-23T12:17:04.775+0000][70][gc,heap     ] GC(26) Archive regions: 2->2
[2025-09-23T12:17:04.775+0000][70][gc,heap     ] GC(26) Humongous regions: 4->4
[2025-09-23T12:17:04.775+0000][70][gc,metaspace] GC(26) Metaspace: 138757K(142272K)->138757K(142272K) NonClass: 120879K(122688K)->120879K(122688K) Class: 17878K(19584K)->17878K(19584K)
[2025-09-23T12:17:04.775+0000][70][gc          ] GC(26) Pause Young (Normal) (G1 Evacuation Pause) 1334M->154M(2048M) 43.155ms
[2025-09-23T12:17:04.775+0000][70][gc,cpu      ] GC(26) User=0.24s Sys=0.00s Real=0.05s
[2025-09-23T12:17:04.775+0000][70][safepoint   ] Safepoint "G1CollectForAllocation", Time since last: 335516542 ns, Reaching safepoint: 84166 ns, At safepoint: 43324459 ns, Total: 43408625 ns
[2025-09-23T12:17:05.776+0000][70][safepoint   ] Safepoint "Cleanup", Time since last: 1001004667 ns, Reaching safepoint: 278083 ns, At safepoint: 7000 ns, Total: 285083 ns
[2025-09-23T12:17:06.777+0000][70][safepoint   ] Safepoint "Cleanup", Time since last: 1000696542 ns, Reaching safepoint: 339209 ns, At safepoint: 13083 ns, Total: 352292 ns
[2025-09-23T12:17:11.782+0000][70][safepoint   ] Safepoint "Cleanup", Time since last: 5004641961 ns, Reaching safepoint: 350333 ns, At safepoint: 6208 ns, Total: 356541 ns
[2025-09-23T12:17:21.791+0000][70][safepoint   ] Safepoint "Cleanup", Time since last: 10008651254 ns, Reaching safepoint: 422792 ns, At safepoint: 17500 ns, Total: 440292 ns
[2025-09-23T12:17:24.795+0000][70][safepoint   ] Safepoint "Cleanup", Time since last: 3003887043 ns, Reaching safepoint: 210875 ns, At safepoint: 7458 ns, Total: 218333 ns
[2025-09-23T12:17:30.802+0000][70][safepoint   ] Safepoint "Cleanup", Time since last: 6005505878 ns, Reaching safepoint: 627542 ns, At safepoint: 89375 ns, Total: 716917 ns
[2025-09-23T12:17:31.803+0000][70][safepoint   ] Safepoint "Cleanup", Time since last: 1001284292 ns, Reaching safepoint: 495292 ns, At safepoint: 17833 ns, Total: 513125 ns
[2025-09-23T12:17:33.806+0000][70][safepoint   ] Safepoint "Cleanup", Time since last: 2002460792 ns, Reaching safepoint: 262167 ns, At safepoint: 3792 ns, Total: 265959 ns
[2025-09-23T12:17:36.808+0000][70][safepoint   ] Safepoint "Cleanup", Time since last: 3001759543 ns, Reaching safepoint: 157792 ns, At safepoint: 4000 ns, Total: 161792 ns
[2025-09-23T12:17:41.813+0000][70][safepoint   ] Safepoint "Cleanup", Time since last: 5004779960 ns, Reaching safepoint: 546500 ns, At safepoint: 4167 ns, Total: 550667 ns
[2025-09-23T12:17:42.816+0000][70][safepoint   ] Safepoint "Cleanup", Time since last: 1002172959 ns, Reaching safepoint: 384416 ns, At safepoint: 8667 ns, Total: 393083 ns
[2025-09-23T12:17:43.818+0000][70][safepoint   ] Safepoint "Cleanup", Time since last: 1000909250 ns, Reaching safepoint: 163375 ns, At safepoint: 104958 ns, Total: 268333 ns
[2025-09-23T12:17:46.820+0000][70][safepoint   ] Safepoint "Cleanup", Time since last: 3002687251 ns, Reaching safepoint: 86209 ns, At safepoint: 3458 ns, Total: 89667 ns
[2025-09-23T12:17:48.822+0000][70][safepoint   ] Safepoint "Cleanup", Time since last: 2001917126 ns, Reaching safepoint: 104750 ns, At safepoint: 8625 ns, Total: 113375 ns
[2025-09-23T12:17:55.010+0000][70][gc,start    ] GC(27) Pause Young (Normal) (G1 Evacuation Pause)
[2025-09-23T12:17:55.011+0000][70][gc,task     ] GC(27) Using 8 workers of 8 for evacuation
[2025-09-23T12:17:55.011+0000][70][gc,age      ] GC(27) Desired survivor size 81788928 bytes, new threshold 15 (max threshold 15)
[2025-09-23T12:17:55.065+0000][70][gc,phases   ] GC(27)   Pre Evacuate Collection Set: 0.4ms
[2025-09-23T12:17:55.065+0000][70][gc,phases   ] GC(27)   Merge Heap Roots: 0.2ms
[2025-09-23T12:17:55.065+0000][70][gc,phases   ] GC(27)   Evacuate Collection Set: 44.4ms
[2025-09-23T12:17:55.065+0000][70][gc,phases   ] GC(27)   Post Evacuate Collection Set: 8.5ms
[2025-09-23T12:17:55.065+0000][70][gc,phases   ] GC(27)   Other: 0.3ms
[2025-09-23T12:17:55.065+0000][70][gc,age      ] GC(27) Age table with threshold 15 (max threshold 15)
[2025-09-23T12:17:55.065+0000][70][gc,age      ] GC(27) - age   1:    3350248 bytes,    3350248 total
[2025-09-23T12:17:55.065+0000][70][gc,age      ] GC(27) - age   2:    1365296 bytes,    4715544 total
[2025-09-23T12:17:55.065+0000][70][gc,age      ] GC(27) - age   3:     104416 bytes,    4819960 total
[2025-09-23T12:17:55.065+0000][70][gc,age      ] GC(27) - age   4:      14880 bytes,    4834840 total
[2025-09-23T12:17:55.065+0000][70][gc,age      ] GC(27) - age   5:      14168 bytes,    4849008 total
[2025-09-23T12:17:55.065+0000][70][gc,age      ] GC(27) - age   6:      26016 bytes,    4875024 total
[2025-09-23T12:17:55.065+0000][70][gc,age      ] GC(27) - age   7:       9784 bytes,    4884808 total
[2025-09-23T12:17:55.065+0000][70][gc,age      ] GC(27) - age   8:      17376 bytes,    4902184 total
[2025-09-23T12:17:55.065+0000][70][gc,age      ] GC(27) - age   9:     167096 bytes,    5069280 total
[2025-09-23T12:17:55.065+0000][70][gc,age      ] GC(27) - age  10:      54088 bytes,    5123368 total
[2025-09-23T12:17:55.065+0000][70][gc,age      ] GC(27) - age  11:    1106968 bytes,    6230336 total
[2025-09-23T12:17:55.065+0000][70][gc,age      ] GC(27) - age  12:      87336 bytes,    6317672 total
[2025-09-23T12:17:55.065+0000][70][gc,age      ] GC(27) - age  13:    3131584 bytes,    9449256 total
[2025-09-23T12:17:55.065+0000][70][gc,age      ] GC(27) - age  14:   11285112 bytes,   20734368 total
[2025-09-23T12:17:55.065+0000][70][gc,age      ] GC(27) - age  15:     640816 bytes,   21375184 total
[2025-09-23T12:17:55.066+0000][70][gc,heap     ] GC(27) Eden regions: 295->0(300)
[2025-09-23T12:17:55.066+0000][70][gc,heap     ] GC(27) Survivor regions: 12->7(39)
[2025-09-23T12:17:55.066+0000][70][gc,heap     ] GC(27) Old regions: 22->28
[2025-09-23T12:17:55.066+0000][70][gc,heap     ] GC(27) Archive regions: 2->2
[2025-09-23T12:17:55.066+0000][70][gc,heap     ] GC(27) Humongous regions: 4->4
[2025-09-23T12:17:55.066+0000][70][gc,metaspace] GC(27) Metaspace: 138780K(142272K)->138780K(142272K) NonClass: 120902K(122688K)->120902K(122688K) Class: 17878K(19584K)->17878K(19584K)
[2025-09-23T12:17:55.066+0000][70][gc          ] GC(27) Pause Young (Normal) (G1 Evacuation Pause) 1334M->156M(2048M) 55.270ms
[2025-09-23T12:17:55.066+0000][70][gc,cpu      ] GC(27) User=0.31s Sys=0.00s Real=0.06s
[2025-09-23T12:17:55.066+0000][70][safepoint   ] Safepoint "G1CollectForAllocation", Time since last: 6187943336 ns, Reaching safepoint: 151792 ns, At safepoint: 55442125 ns, Total: 55593917 ns
[2025-09-23T12:17:58.069+0000][70][safepoint   ] Safepoint "Cleanup", Time since last: 3002417001 ns, Reaching safepoint: 292292 ns, At safepoint: 15417 ns, Total: 307709 ns
[2025-09-23T12:18:03.079+0000][70][safepoint   ] Safepoint "Cleanup", Time since last: 5007912085 ns, Reaching safepoint: 896375 ns, At safepoint: 1868084 ns, Total: 2764459 ns
[2025-09-23T12:18:09.090+0000][70][safepoint   ] Safepoint "Cleanup", Time since last: 6009067253 ns, Reaching safepoint: 1607833 ns, At safepoint: 104042 ns, Total: 1711875 ns
[2025-09-23T12:18:10.092+0000][70][safepoint   ] Safepoint "Cleanup", Time since last: 1001201792 ns, Reaching safepoint: 504750 ns, At safepoint: 13708 ns, Total: 518458 ns
[2025-09-23T12:18:14.099+0000][70][safepoint   ] Safepoint "Cleanup", Time since last: 4007465751 ns, Reaching safepoint: 172834 ns, At safepoint: 3791 ns, Total: 176625 ns
[2025-09-23T12:18:16.101+0000][70][safepoint   ] Safepoint "Cleanup", Time since last: 2001843668 ns, Reaching safepoint: 326667 ns, At safepoint: 11541 ns, Total: 338208 ns
[2025-09-23T12:18:19.108+0000][70][safepoint   ] Safepoint "Cleanup", Time since last: 3003122585 ns, Reaching safepoint: 3390125 ns, At safepoint: 8542 ns, Total: 3398667 ns
[2025-09-23T12:18:22.116+0000][70][safepoint   ] Safepoint "Cleanup", Time since last: 3008085710 ns, Reaching safepoint: 91541 ns, At safepoint: 3209 ns, Total: 94750 ns
[2025-09-23T12:18:40.138+0000][70][safepoint   ] Safepoint "Cleanup", Time since last: 18019534967 ns, Reaching safepoint: 2284791 ns, At safepoint: 21875 ns, Total: 2306666 ns
[2025-09-23T12:18:45.531+0000][70][gc,start    ] GC(28) Pause Young (Normal) (G1 Evacuation Pause)
[2025-09-23T12:18:45.532+0000][70][gc,task     ] GC(28) Using 8 workers of 8 for evacuation
[2025-09-23T12:18:45.532+0000][70][gc,age      ] GC(28) Desired survivor size 81788928 bytes, new threshold 15 (max threshold 15)
[2025-09-23T12:18:45.553+0000][70][gc,phases   ] GC(28)   Pre Evacuate Collection Set: 0.6ms
[2025-09-23T12:18:45.553+0000][70][gc,phases   ] GC(28)   Merge Heap Roots: 0.2ms
[2025-09-23T12:18:45.553+0000][70][gc,phases   ] GC(28)   Evacuate Collection Set: 16.9ms
[2025-09-23T12:18:45.553+0000][70][gc,phases   ] GC(28)   Post Evacuate Collection Set: 3.0ms
[2025-09-23T12:18:45.553+0000][70][gc,phases   ] GC(28)   Other: 0.3ms
[2025-09-23T12:18:45.553+0000][70][gc,age      ] GC(28) Age table with threshold 15 (max threshold 15)
[2025-09-23T12:18:45.553+0000][70][gc,age      ] GC(28) - age   1:    1160536 bytes,    1160536 total
[2025-09-23T12:18:45.553+0000][70][gc,age      ] GC(28) - age   2:     185400 bytes,    1345936 total
[2025-09-23T12:18:45.553+0000][70][gc,age      ] GC(28) - age   3:    1284104 bytes,    2630040 total
[2025-09-23T12:18:45.553+0000][70][gc,age      ] GC(28) - age   4:      63912 bytes,    2693952 total
[2025-09-23T12:18:45.553+0000][70][gc,age      ] GC(28) - age   5:      14480 bytes,    2708432 total
[2025-09-23T12:18:45.553+0000][70][gc,age      ] GC(28) - age   6:      13696 bytes,    2722128 total
[2025-09-23T12:18:45.553+0000][70][gc,age      ] GC(28) - age   7:      25824 bytes,    2747952 total
[2025-09-23T12:18:45.553+0000][70][gc,age      ] GC(28) - age   8:       9656 bytes,    2757608 total
[2025-09-23T12:18:45.553+0000][70][gc,age      ] GC(28) - age   9:      17272 bytes,    2774880 total
[2025-09-23T12:18:45.553+0000][70][gc,age      ] GC(28) - age  10:     167032 bytes,    2941912 total
[2025-09-23T12:18:45.553+0000][70][gc,age      ] GC(28) - age  11:      54088 bytes,    2996000 total
[2025-09-23T12:18:45.553+0000][70][gc,age      ] GC(28) - age  12:    1104392 bytes,    4100392 total
[2025-09-23T12:18:45.553+0000][70][gc,age      ] GC(28) - age  13:      85992 bytes,    4186384 total
[2025-09-23T12:18:45.553+0000][70][gc,age      ] GC(28) - age  14:    3130720 bytes,    7317104 total
[2025-09-23T12:18:45.553+0000][70][gc,age      ] GC(28) - age  15:   11284872 bytes,   18601976 total
[2025-09-23T12:18:45.554+0000][70][gc,heap     ] GC(28) Eden regions: 300->0(301)
[2025-09-23T12:18:45.554+0000][70][gc,heap     ] GC(28) Survivor regions: 7->6(39)
[2025-09-23T12:18:45.554+0000][70][gc,heap     ] GC(28) Old regions: 28->28
[2025-09-23T12:18:45.554+0000][70][gc,heap     ] GC(28) Archive regions: 2->2
[2025-09-23T12:18:45.554+0000][70][gc,heap     ] GC(28) Humongous regions: 4->4
[2025-09-23T12:18:45.554+0000][70][gc,metaspace] GC(28) Metaspace: 138807K(142336K)->138807K(142336K) NonClass: 120928K(122752K)->120928K(122752K) Class: 17879K(19584K)->17879K(19584K)
[2025-09-23T12:18:45.554+0000][70][gc          ] GC(28) Pause Young (Normal) (G1 Evacuation Pause) 1356M->152M(2048M) 22.496ms
[2025-09-23T12:18:45.554+0000][70][gc,cpu      ] GC(28) User=0.09s Sys=0.00s Real=0.02s
[2025-09-23T12:18:45.554+0000][70][safepoint   ] Safepoint "G1CollectForAllocation", Time since last: 5393768502 ns, Reaching safepoint: 201167 ns, At safepoint: 22761583 ns, Total: 22962750 ns
[2025-09-23T12:18:52.561+0000][70][safepoint   ] Safepoint "Cleanup", Time since last: 7006463837 ns, Reaching safepoint: 463792 ns, At safepoint: 45583 ns, Total: 509375 ns
[2025-09-23T12:18:54.565+0000][70][safepoint   ] Safepoint "Cleanup", Time since last: 2002374209 ns, Reaching safepoint: 1314667 ns, At safepoint: 8542 ns, Total: 1323209 ns
[2025-09-23T12:18:55.566+0000][70][safepoint   ] Safepoint "Cleanup", Time since last: 1000730917 ns, Reaching safepoint: 474833 ns, At safepoint: 15959 ns, Total: 490792 ns
[2025-09-23T12:18:58.570+0000][70][safepoint   ] Safepoint "Cleanup", Time since last: 3003477251 ns, Reaching safepoint: 335958 ns, At safepoint: 4209 ns, Total: 340167 ns
[2025-09-23T12:19:00.571+0000][70][safepoint   ] Safepoint "Cleanup", Time since last: 2001658376 ns, Reaching safepoint: 193666 ns, At safepoint: 4167 ns, Total: 197833 ns
[2025-09-23T12:19:01.575+0000][70][safepoint   ] Safepoint "Cleanup", Time since last: 1001302959 ns, Reaching safepoint: 2476666 ns, At safepoint: 87084 ns, Total: 2563750 ns
[2025-09-23T12:19:03.579+0000][70][safepoint   ] Safepoint "Cleanup", Time since last: 2003913792 ns, Reaching safepoint: 144750 ns, At safepoint: 9125 ns, Total: 153875 ns
[2025-09-23T12:19:09.586+0000][70][safepoint   ] Safepoint "Cleanup", Time since last: 6005912628 ns, Reaching safepoint: 219584 ns, At safepoint: 60416 ns, Total: 280000 ns
[2025-09-23T12:19:16.599+0000][70][safepoint   ] Safepoint "Cleanup", Time since last: 7011690045 ns, Reaching safepoint: 854750 ns, At safepoint: 50833 ns, Total: 905583 ns
[2025-09-23T12:19:17.601+0000][70][safepoint   ] Safepoint "Cleanup", Time since last: 1002063084 ns, Reaching safepoint: 128000 ns, At safepoint: 4125 ns, Total: 132125 ns
[2025-09-23T12:19:34.617+0000][70][safepoint   ] Safepoint "Cleanup", Time since last: 17015885883 ns, Reaching safepoint: 270792 ns, At safepoint: 7708 ns, Total: 278500 ns
[2025-09-23T12:19:34.904+0000][70][gc,start    ] GC(29) Pause Young (Normal) (G1 Evacuation Pause)
[2025-09-23T12:19:34.904+0000][70][gc,task     ] GC(29) Using 8 workers of 8 for evacuation
[2025-09-23T12:19:34.904+0000][70][gc,age      ] GC(29) Desired survivor size 81788928 bytes, new threshold 15 (max threshold 15)
[2025-09-23T12:19:34.924+0000][70][gc,phases   ] GC(29)   Pre Evacuate Collection Set: 0.4ms
[2025-09-23T12:19:34.924+0000][70][gc,phases   ] GC(29)   Merge Heap Roots: 0.1ms
[2025-09-23T12:19:34.924+0000][70][gc,phases   ] GC(29)   Evacuate Collection Set: 16.1ms
[2025-09-23T12:19:34.924+0000][70][gc,phases   ] GC(29)   Post Evacuate Collection Set: 2.6ms
[2025-09-23T12:19:34.924+0000][70][gc,phases   ] GC(29)   Other: 0.3ms
[2025-09-23T12:19:34.924+0000][70][gc,age      ] GC(29) Age table with threshold 15 (max threshold 15)
[2025-09-23T12:19:34.924+0000][70][gc,age      ] GC(29) - age   1:    5040088 bytes,    5040088 total
[2025-09-23T12:19:34.924+0000][70][gc,age      ] GC(29) - age   2:     266120 bytes,    5306208 total
[2025-09-23T12:19:34.924+0000][70][gc,age      ] GC(29) - age   3:     181936 bytes,    5488144 total
[2025-09-23T12:19:34.924+0000][70][gc,age      ] GC(29) - age   4:    1242280 bytes,    6730424 total
[2025-09-23T12:19:34.924+0000][70][gc,age      ] GC(29) - age   5:      62408 bytes,    6792832 total
[2025-09-23T12:19:34.924+0000][70][gc,age      ] GC(29) - age   6:      11888 bytes,    6804720 total
[2025-09-23T12:19:34.924+0000][70][gc,age      ] GC(29) - age   7:      12832 bytes,    6817552 total
[2025-09-23T12:19:34.924+0000][70][gc,age      ] GC(29) - age   8:      25120 bytes,    6842672 total
[2025-09-23T12:19:34.924+0000][70][gc,age      ] GC(29) - age   9:       9528 bytes,    6852200 total
[2025-09-23T12:19:34.924+0000][70][gc,age      ] GC(29) - age  10:      16376 bytes,    6868576 total
[2025-09-23T12:19:34.924+0000][70][gc,age      ] GC(29) - age  11:     166992 bytes,    7035568 total
[2025-09-23T12:19:34.925+0000][70][gc,age      ] GC(29) - age  12:      54088 bytes,    7089656 total
[2025-09-23T12:19:34.925+0000][70][gc,age      ] GC(29) - age  13:    1104056 bytes,    8193712 total
[2025-09-23T12:19:34.925+0000][70][gc,age      ] GC(29) - age  14:      84872 bytes,    8278584 total
[2025-09-23T12:19:34.925+0000][70][gc,age      ] GC(29) - age  15:    3130720 bytes,   11409304 total
[2025-09-23T12:19:34.925+0000][70][gc,heap     ] GC(29) Eden regions: 301->0(303)
[2025-09-23T12:19:34.925+0000][70][gc,heap     ] GC(29) Survivor regions: 6->4(39)
[2025-09-23T12:19:34.925+0000][70][gc,heap     ] GC(29) Old regions: 28->31
[2025-09-23T12:19:34.925+0000][70][gc,heap     ] GC(29) Archive regions: 2->2
[2025-09-23T12:19:34.925+0000][70][gc,heap     ] GC(29) Humongous regions: 4->4
[2025-09-23T12:19:34.925+0000][70][gc,metaspace] GC(29) Metaspace: 138833K(142336K)->138833K(142336K) NonClass: 120953K(122752K)->120953K(122752K) Class: 17879K(19584K)->17879K(19584K)
[2025-09-23T12:19:34.925+0000][70][gc          ] GC(29) Pause Young (Normal) (G1 Evacuation Pause) 1356M->155M(2048M) 20.505ms
[2025-09-23T12:19:34.925+0000][70][gc,cpu      ] GC(29) User=0.09s Sys=0.00s Real=0.02s
[2025-09-23T12:19:34.925+0000][70][safepoint   ] Safepoint "G1CollectForAllocation", Time since last: 286174833 ns, Reaching safepoint: 690042 ns, At safepoint: 20657042 ns, Total: 21347084 ns
[2025-09-23T12:19:47.937+0000][70][safepoint   ] Safepoint "Cleanup", Time since last: 13011295964 ns, Reaching safepoint: 598083 ns, At safepoint: 8625 ns, Total: 606708 ns
[2025-09-23T12:19:52.941+0000][70][safepoint   ] Safepoint "Cleanup", Time since last: 5004279586 ns, Reaching safepoint: 164166 ns, At safepoint: 3375 ns, Total: 167541 ns
[2025-09-23T12:19:53.943+0000][70][safepoint   ] Safepoint "Cleanup", Time since last: 1000859084 ns, Reaching safepoint: 341917 ns, At safepoint: 5875 ns, Total: 347792 ns
[2025-09-23T12:19:59.949+0000][70][safepoint   ] Safepoint "Cleanup", Time since last: 6005658419 ns, Reaching safepoint: 235750 ns, At safepoint: 3917 ns, Total: 239667 ns
[2025-09-23T12:20:03.952+0000][70][safepoint   ] Safepoint "Cleanup", Time since last: 4002951044 ns, Reaching safepoint: 844500 ns, At safepoint: 17583 ns, Total: 862083 ns
[2025-09-23T12:20:07.958+0000][70][safepoint   ] Safepoint "Cleanup", Time since last: 4004954502 ns, Reaching safepoint: 1063375 ns, At safepoint: 11916 ns, Total: 1075291 ns
[2025-09-23T12:20:10.737+0000][70][safepoint   ] Safepoint "Cleanup", Time since last: 2777886585 ns, Reaching safepoint: 292958 ns, At safepoint: 4125 ns, Total: 297083 ns
[2025-09-23T12:20:15.745+0000][70][safepoint   ] Safepoint "Cleanup", Time since last: 5006730544 ns, Reaching safepoint: 963750 ns, At safepoint: 5417 ns, Total: 969167 ns
[2025-09-23T12:20:16.749+0000][70][safepoint   ] Safepoint "Cleanup", Time since last: 1004078792 ns, Reaching safepoint: 142083 ns, At safepoint: 9000 ns, Total: 151083 ns
[2025-09-23T12:20:18.752+0000][70][safepoint   ] Safepoint "Cleanup", Time since last: 2001769251 ns, Reaching safepoint: 476917 ns, At safepoint: 4625 ns, Total: 481542 ns
[2025-09-23T12:20:28.533+0000][70][gc,start    ] GC(30) Pause Young (Normal) (G1 Evacuation Pause)
[2025-09-23T12:20:28.534+0000][70][gc,task     ] GC(30) Using 8 workers of 8 for evacuation
[2025-09-23T12:20:28.534+0000][70][gc,age      ] GC(30) Desired survivor size 81788928 bytes, new threshold 15 (max threshold 15)
[2025-09-23T12:20:28.566+0000][70][gc,phases   ] GC(30)   Pre Evacuate Collection Set: 2.1ms
[2025-09-23T12:20:28.567+0000][70][gc,phases   ] GC(30)   Merge Heap Roots: 1.3ms
[2025-09-23T12:20:28.567+0000][70][gc,phases   ] GC(30)   Evacuate Collection Set: 25.0ms
[2025-09-23T12:20:28.567+0000][70][gc,phases   ] GC(30)   Post Evacuate Collection Set: 3.3ms
[2025-09-23T12:20:28.567+0000][70][gc,phases   ] GC(30)   Other: 0.9ms
[2025-09-23T12:20:28.567+0000][70][gc,age      ] GC(30) Age table with threshold 15 (max threshold 15)
[2025-09-23T12:20:28.567+0000][70][gc,age      ] GC(30) - age   1:    1997544 bytes,    1997544 total
[2025-09-23T12:20:28.567+0000][70][gc,age      ] GC(30) - age   2:     219896 bytes,    2217440 total
[2025-09-23T12:20:28.567+0000][70][gc,age      ] GC(30) - age   3:     115448 bytes,    2332888 total
[2025-09-23T12:20:28.567+0000][70][gc,age      ] GC(30) - age   4:     140704 bytes,    2473592 total
[2025-09-23T12:20:28.567+0000][70][gc,age      ] GC(30) - age   5:    1241312 bytes,    3714904 total
[2025-09-23T12:20:28.567+0000][70][gc,age      ] GC(30) - age   6:      62216 bytes,    3777120 total
[2025-09-23T12:20:28.567+0000][70][gc,age      ] GC(30) - age   7:      11824 bytes,    3788944 total
[2025-09-23T12:20:28.567+0000][70][gc,age      ] GC(30) - age   8:      11696 bytes,    3800640 total
[2025-09-23T12:20:28.567+0000][70][gc,age      ] GC(30) - age   9:      25120 bytes,    3825760 total
[2025-09-23T12:20:28.567+0000][70][gc,age      ] GC(30) - age  10:       8816 bytes,    3834576 total
[2025-09-23T12:20:28.568+0000][70][gc,age      ] GC(30) - age  11:      16376 bytes,    3850952 total
[2025-09-23T12:20:28.568+0000][70][gc,age      ] GC(30) - age  12:     166992 bytes,    4017944 total
[2025-09-23T12:20:28.568+0000][70][gc,age      ] GC(30) - age  13:      53640 bytes,    4071584 total
[2025-09-23T12:20:28.568+0000][70][gc,age      ] GC(30) - age  14:    1104056 bytes,    5175640 total
[2025-09-23T12:20:28.568+0000][70][gc,age      ] GC(30) - age  15:      84872 bytes,    5260512 total
[2025-09-23T12:20:28.568+0000][70][gc,heap     ] GC(30) Eden regions: 303->0(305)
[2025-09-23T12:20:28.568+0000][70][gc,heap     ] GC(30) Survivor regions: 4->2(39)
[2025-09-23T12:20:28.568+0000][70][gc,heap     ] GC(30) Old regions: 31->32
[2025-09-23T12:20:28.568+0000][70][gc,heap     ] GC(30) Archive regions: 2->2
[2025-09-23T12:20:28.568+0000][70][gc,heap     ] GC(30) Humongous regions: 4->4
[2025-09-23T12:20:28.569+0000][70][gc,metaspace] GC(30) Metaspace: 138867K(142336K)->138867K(142336K) NonClass: 120988K(122752K)->120988K(122752K) Class: 17879K(19584K)->17879K(19584K)
[2025-09-23T12:20:28.569+0000][70][gc          ] GC(30) Pause Young (Normal) (G1 Evacuation Pause) 1367M->152M(2048M) 35.526ms
[2025-09-23T12:20:28.569+0000][70][gc,cpu      ] GC(30) User=0.15s Sys=0.00s Real=0.03s
[2025-09-23T12:20:28.569+0000][70][safepoint   ] Safepoint "G1CollectForAllocation", Time since last: 9778239129 ns, Reaching safepoint: 2748834 ns, At safepoint: 36531500 ns, Total: 39280334 ns
[2025-09-23T12:20:29.584+0000][70][safepoint   ] Safepoint "Cleanup", Time since last: 1013184125 ns, Reaching safepoint: 718417 ns, At safepoint: 16833 ns, Total: 735250 ns
[2025-09-23T12:20:34.592+0000][70][safepoint   ] Safepoint "Cleanup", Time since last: 5007217461 ns, Reaching safepoint: 1180542 ns, At safepoint: 33666 ns, Total: 1214208 ns
[2025-09-23T12:20:46.606+0000][70][safepoint   ] Safepoint "Cleanup", Time since last: 12014708297 ns, Reaching safepoint: 504125 ns, At safepoint: 4667 ns, Total: 508792 ns
[2025-09-23T12:20:47.608+0000][70][safepoint   ] Safepoint "Cleanup", Time since last: 1001423417 ns, Reaching safepoint: 99083 ns, At safepoint: 3500 ns, Total: 102583 ns
[2025-09-23T12:20:48.610+0000][70][safepoint   ] Safepoint "Cleanup", Time since last: 1001181126 ns, Reaching safepoint: 561208 ns, At safepoint: 59458 ns, Total: 620666 ns
[2025-09-23T12:20:57.619+0000][70][safepoint   ] Safepoint "Cleanup", Time since last: 9009131338 ns, Reaching safepoint: 344042 ns, At safepoint: 7458 ns, Total: 351500 ns
[2025-09-23T12:21:03.625+0000][70][safepoint   ] Safepoint "Cleanup", Time since last: 6004729461 ns, Reaching safepoint: 780708 ns, At safepoint: 8667 ns, Total: 789375 ns
[2025-09-23T12:21:11.634+0000][70][safepoint   ] Safepoint "Cleanup", Time since last: 8009134962 ns, Reaching safepoint: 531750 ns, At safepoint: 4917 ns, Total: 536667 ns
[2025-09-23T12:21:14.352+0000][70][safepoint   ] Safepoint "Cleanup", Time since last: 2720447793 ns, Reaching safepoint: 179541 ns, At safepoint: 13500 ns, Total: 193041 ns
[2025-09-23T12:21:17.355+0000][70][safepoint   ] Safepoint "Cleanup", Time since last: 3002844252 ns, Reaching safepoint: 262208 ns, At safepoint: 3958 ns, Total: 266166 ns
[2025-09-23T12:21:19.167+0000][70][gc,start    ] GC(31) Pause Young (Normal) (G1 Evacuation Pause)
[2025-09-23T12:21:19.167+0000][70][gc,task     ] GC(31) Using 8 workers of 8 for evacuation
[2025-09-23T12:21:19.167+0000][70][gc,age      ] GC(31) Desired survivor size 81788928 bytes, new threshold 15 (max threshold 15)
[2025-09-23T12:21:19.183+0000][70][gc,phases   ] GC(31)   Pre Evacuate Collection Set: 0.5ms
[2025-09-23T12:21:19.183+0000][70][gc,phases   ] GC(31)   Merge Heap Roots: 0.2ms
[2025-09-23T12:21:19.184+0000][70][gc,phases   ] GC(31)   Evacuate Collection Set: 11.1ms
[2025-09-23T12:21:19.184+0000][70][gc,phases   ] GC(31)   Post Evacuate Collection Set: 4.1ms
[2025-09-23T12:21:19.184+0000][70][gc,phases   ] GC(31)   Other: 0.3ms
[2025-09-23T12:21:19.184+0000][70][gc,age      ] GC(31) Age table with threshold 15 (max threshold 15)
[2025-09-23T12:21:19.184+0000][70][gc,age      ] GC(31) - age   1:    4255672 bytes,    4255672 total
[2025-09-23T12:21:19.184+0000][70][gc,age      ] GC(31) - age   2:     123656 bytes,    4379328 total
[2025-09-23T12:21:19.184+0000][70][gc,age      ] GC(31) - age   3:      70976 bytes,    4450304 total
[2025-09-23T12:21:19.184+0000][70][gc,age      ] GC(31) - age   4:     114448 bytes,    4564752 total
[2025-09-23T12:21:19.184+0000][70][gc,age      ] GC(31) - age   5:      89560 bytes,    4654312 total
[2025-09-23T12:21:19.184+0000][70][gc,age      ] GC(31) - age   6:    1186504 bytes,    5840816 total
[2025-09-23T12:21:19.184+0000][70][gc,age      ] GC(31) - age   7:      52936 bytes,    5893752 total
[2025-09-23T12:21:19.184+0000][70][gc,age      ] GC(31) - age   8:      11824 bytes,    5905576 total
[2025-09-23T12:21:19.184+0000][70][gc,age      ] GC(31) - age   9:      11632 bytes,    5917208 total
[2025-09-23T12:21:19.184+0000][70][gc,age      ] GC(31) - age  10:      25120 bytes,    5942328 total
[2025-09-23T12:21:19.184+0000][70][gc,age      ] GC(31) - age  11:       8816 bytes,    5951144 total
[2025-09-23T12:21:19.184+0000][70][gc,age      ] GC(31) - age  12:      16112 bytes,    5967256 total
[2025-09-23T12:21:19.184+0000][70][gc,age      ] GC(31) - age  13:     164824 bytes,    6132080 total
[2025-09-23T12:21:19.184+0000][70][gc,age      ] GC(31) - age  14:      52968 bytes,    6185048 total
[2025-09-23T12:21:19.184+0000][70][gc,age      ] GC(31) - age  15:    1103384 bytes,    7288432 total
[2025-09-23T12:21:19.184+0000][70][gc,heap     ] GC(31) Eden regions: 305->0(305)
[2025-09-23T12:21:19.184+0000][70][gc,heap     ] GC(31) Survivor regions: 2->2(39)
[2025-09-23T12:21:19.184+0000][70][gc,heap     ] GC(31) Old regions: 32->32
[2025-09-23T12:21:19.184+0000][70][gc,heap     ] GC(31) Archive regions: 2->2
[2025-09-23T12:21:19.184+0000][70][gc,heap     ] GC(31) Humongous regions: 4->4
[2025-09-23T12:21:19.184+0000][70][gc,metaspace] GC(31) Metaspace: 138892K(142400K)->138892K(142400K) NonClass: 121013K(122816K)->121013K(122816K) Class: 17879K(19584K)->17879K(19584K)
[2025-09-23T12:21:19.184+0000][70][gc          ] GC(31) Pause Young (Normal) (G1 Evacuation Pause) 1372M->154M(2048M) 17.554ms
[2025-09-23T12:21:19.184+0000][70][gc,cpu      ] GC(31) User=0.08s Sys=0.00s Real=0.02s
[2025-09-23T12:21:19.185+0000][70][safepoint   ] Safepoint "G1CollectForAllocation", Time since last: 1811771251 ns, Reaching safepoint: 87000 ns, At safepoint: 17717292 ns, Total: 17804292 ns
[2025-09-23T12:21:28.194+0000][70][safepoint   ] Safepoint "Cleanup", Time since last: 9009178421 ns, Reaching safepoint: 365833 ns, At safepoint: 6125 ns, Total: 371958 ns
[2025-09-23T12:21:34.201+0000][70][safepoint   ] Safepoint "Cleanup", Time since last: 6006630253 ns, Reaching safepoint: 396333 ns, At safepoint: 6625 ns, Total: 402958 ns
[2025-09-23T12:21:40.208+0000][70][safepoint   ] Safepoint "Cleanup", Time since last: 6006563253 ns, Reaching safepoint: 263209 ns, At safepoint: 35916 ns, Total: 299125 ns
[2025-09-23T12:21:47.219+0000][70][safepoint   ] Safepoint "Cleanup", Time since last: 7007703211 ns, Reaching safepoint: 326084 ns, At safepoint: 4083 ns, Total: 330167 ns
[2025-09-23T12:21:51.224+0000][70][safepoint   ] Safepoint "Cleanup", Time since last: 4004626377 ns, Reaching safepoint: 274625 ns, At safepoint: 6166 ns, Total: 280791 ns
[2025-09-23T12:21:52.225+0000][70][safepoint   ] Safepoint "Cleanup", Time since last: 1000807209 ns, Reaching safepoint: 154417 ns, At safepoint: 6625 ns, Total: 161042 ns
[2025-09-23T12:22:01.235+0000][70][safepoint   ] Safepoint "Cleanup", Time since last: 9008914129 ns, Reaching safepoint: 562000 ns, At safepoint: 3959 ns, Total: 565959 ns
[2025-09-23T12:22:03.240+0000][70][safepoint   ] Safepoint "Cleanup", Time since last: 2004502834 ns, Reaching safepoint: 242083 ns, At safepoint: 10625 ns, Total: 252708 ns
[2025-09-23T12:22:09.503+0000][70][gc,start    ] GC(32) Pause Young (Normal) (G1 Evacuation Pause)
[2025-09-23T12:22:09.503+0000][70][gc,task     ] GC(32) Using 8 workers of 8 for evacuation
[2025-09-23T12:22:09.503+0000][70][gc,age      ] GC(32) Desired survivor size 81788928 bytes, new threshold 15 (max threshold 15)
[2025-09-23T12:22:09.527+0000][70][gc,phases   ] GC(32)   Pre Evacuate Collection Set: 0.5ms
[2025-09-23T12:22:09.527+0000][70][gc,phases   ] GC(32)   Merge Heap Roots: 0.2ms
[2025-09-23T12:22:09.527+0000][70][gc,phases   ] GC(32)   Evacuate Collection Set: 16.4ms
[2025-09-23T12:22:09.527+0000][70][gc,phases   ] GC(32)   Post Evacuate Collection Set: 5.9ms
[2025-09-23T12:22:09.527+0000][70][gc,phases   ] GC(32)   Other: 0.3ms
[2025-09-23T12:22:09.527+0000][70][gc,age      ] GC(32) Age table with threshold 15 (max threshold 15)
[2025-09-23T12:22:09.527+0000][70][gc,age      ] GC(32) - age   1:    2584328 bytes,    2584328 total
[2025-09-23T12:22:09.527+0000][70][gc,age      ] GC(32) - age   2:     357640 bytes,    2941968 total
[2025-09-23T12:22:09.527+0000][70][gc,age      ] GC(32) - age   3:     119896 bytes,    3061864 total
[2025-09-23T12:22:09.527+0000][70][gc,age      ] GC(32) - age   4:      70184 bytes,    3132048 total
[2025-09-23T12:22:09.527+0000][70][gc,age      ] GC(32) - age   5:      89752 bytes,    3221800 total
[2025-09-23T12:22:09.527+0000][70][gc,age      ] GC(32) - age   6:      88096 bytes,    3309896 total
[2025-09-23T12:22:09.527+0000][70][gc,age      ] GC(32) - age   7:    1185520 bytes,    4495416 total
[2025-09-23T12:22:09.528+0000][70][gc,age      ] GC(32) - age   8:      52776 bytes,    4548192 total
[2025-09-23T12:22:09.528+0000][70][gc,age      ] GC(32) - age   9:      11760 bytes,    4559952 total
[2025-09-23T12:22:09.528+0000][70][gc,age      ] GC(32) - age  10:      11632 bytes,    4571584 total
[2025-09-23T12:22:09.528+0000][70][gc,age      ] GC(32) - age  11:      25120 bytes,    4596704 total
[2025-09-23T12:22:09.528+0000][70][gc,age      ] GC(32) - age  12:       8816 bytes,    4605520 total
[2025-09-23T12:22:09.528+0000][70][gc,age      ] GC(32) - age  13:      16112 bytes,    4621632 total
[2025-09-23T12:22:09.528+0000][70][gc,age      ] GC(32) - age  14:     164824 bytes,    4786456 total
[2025-09-23T12:22:09.528+0000][70][gc,age      ] GC(32) - age  15:      52072 bytes,    4838528 total
[2025-09-23T12:22:09.528+0000][70][gc,heap     ] GC(32) Eden regions: 305->0(305)
[2025-09-23T12:22:09.528+0000][70][gc,heap     ] GC(32) Survivor regions: 2->2(39)
[2025-09-23T12:22:09.528+0000][70][gc,heap     ] GC(32) Old regions: 32->33
[2025-09-23T12:22:09.528+0000][70][gc,heap     ] GC(32) Archive regions: 2->2
[2025-09-23T12:22:09.528+0000][70][gc,heap     ] GC(32) Humongous regions: 4->4
[2025-09-23T12:22:09.528+0000][70][gc,metaspace] GC(32) Metaspace: 138912K(142400K)->138912K(142400K) NonClass: 121032K(122816K)->121032K(122816K) Class: 17879K(19584K)->17879K(19584K)
[2025-09-23T12:22:09.528+0000][70][gc          ] GC(32) Pause Young (Normal) (G1 Evacuation Pause) 1374M->154M(2048M) 25.410ms
[2025-09-23T12:22:09.528+0000][70][gc,cpu      ] GC(32) User=0.11s Sys=0.01s Real=0.03s
[2025-09-23T12:22:09.528+0000][70][safepoint   ] Safepoint "G1CollectForAllocation", Time since last: 6262746753 ns, Reaching safepoint: 337667 ns, At safepoint: 25618125 ns, Total: 25955792 ns
[2025-09-23T12:22:10.529+0000][70][safepoint   ] Safepoint "Cleanup", Time since last: 1000900542 ns, Reaching safepoint: 165792 ns, At safepoint: 3541 ns, Total: 169333 ns
[2025-09-23T12:22:11.530+0000][70][safepoint   ] Safepoint "Cleanup", Time since last: 1000727251 ns, Reaching safepoint: 81625 ns, At safepoint: 3208 ns, Total: 84833 ns
[2025-09-23T12:22:21.541+0000][70][safepoint   ] Safepoint "Cleanup", Time since last: 10010299546 ns, Reaching safepoint: 407041 ns, At safepoint: 10000 ns, Total: 417041 ns
[2025-09-23T12:22:22.543+0000][70][safepoint   ] Safepoint "Cleanup", Time since last: 1001467959 ns, Reaching safepoint: 270583 ns, At safepoint: 7667 ns, Total: 278250 ns
[2025-09-23T12:22:34.559+0000][70][safepoint   ] Safepoint "Cleanup", Time since last: 12015538922 ns, Reaching safepoint: 560500 ns, At safepoint: 4667 ns, Total: 565167 ns
[2025-09-23T12:22:39.565+0000][70][safepoint   ] Safepoint "Cleanup", Time since last: 5004698044 ns, Reaching safepoint: 855209 ns, At safepoint: 12250 ns, Total: 867459 ns
[2025-09-23T12:22:43.569+0000][70][safepoint   ] Safepoint "Cleanup", Time since last: 4003817043 ns, Reaching safepoint: 231333 ns, At safepoint: 3292 ns, Total: 234625 ns
[2025-09-23T12:22:46.571+0000][70][safepoint   ] Safepoint "Cleanup", Time since last: 3001735668 ns, Reaching safepoint: 199500 ns, At safepoint: 6875 ns, Total: 206375 ns
[2025-09-23T12:23:03.434+0000][70][gc,start    ] GC(33) Pause Young (Normal) (G1 Evacuation Pause)
[2025-09-23T12:23:03.435+0000][70][gc,task     ] GC(33) Using 8 workers of 8 for evacuation
[2025-09-23T12:23:03.435+0000][70][gc,age      ] GC(33) Desired survivor size 81788928 bytes, new threshold 15 (max threshold 15)
[2025-09-23T12:23:03.450+0000][70][gc,phases   ] GC(33)   Pre Evacuate Collection Set: 1.0ms
[2025-09-23T12:23:03.450+0000][70][gc,phases   ] GC(33)   Merge Heap Roots: 0.3ms
[2025-09-23T12:23:03.450+0000][70][gc,phases   ] GC(33)   Evacuate Collection Set: 10.8ms
[2025-09-23T12:23:03.450+0000][70][gc,phases   ] GC(33)   Post Evacuate Collection Set: 2.6ms
[2025-09-23T12:23:03.450+0000][70][gc,phases   ] GC(33)   Other: 0.6ms
[2025-09-23T12:23:03.450+0000][70][gc,age      ] GC(33) Age table with threshold 15 (max threshold 15)
[2025-09-23T12:23:03.450+0000][70][gc,age      ] GC(33) - age   1:    3705880 bytes,    3705880 total
[2025-09-23T12:23:03.450+0000][70][gc,age      ] GC(33) - age   2:     203144 bytes,    3909024 total
[2025-09-23T12:23:03.450+0000][70][gc,age      ] GC(33) - age   3:     308688 bytes,    4217712 total
[2025-09-23T12:23:03.450+0000][70][gc,age      ] GC(33) - age   4:     118792 bytes,    4336504 total
[2025-09-23T12:23:03.450+0000][70][gc,age      ] GC(33) - age   5:      67520 bytes,    4404024 total
[2025-09-23T12:23:03.450+0000][70][gc,age      ] GC(33) - age   6:      89216 bytes,    4493240 total
[2025-09-23T12:23:03.450+0000][70][gc,age      ] GC(33) - age   7:      49416 bytes,    4542656 total
[2025-09-23T12:23:03.450+0000][70][gc,age      ] GC(33) - age   8:    1185456 bytes,    5728112 total
[2025-09-23T12:23:03.450+0000][70][gc,age      ] GC(33) - age   9:      52744 bytes,    5780856 total
[2025-09-23T12:23:03.451+0000][70][gc,age      ] GC(33) - age  10:      10912 bytes,    5791768 total
[2025-09-23T12:23:03.451+0000][70][gc,age      ] GC(33) - age  11:      11304 bytes,    5803072 total
[2025-09-23T12:23:03.451+0000][70][gc,age      ] GC(33) - age  12:      25120 bytes,    5828192 total
[2025-09-23T12:23:03.451+0000][70][gc,age      ] GC(33) - age  13:       8816 bytes,    5837008 total
[2025-09-23T12:23:03.451+0000][70][gc,age      ] GC(33) - age  14:      16112 bytes,    5853120 total
[2025-09-23T12:23:03.451+0000][70][gc,age      ] GC(33) - age  15:     164640 bytes,    6017760 total
[2025-09-23T12:23:03.451+0000][70][gc,heap     ] GC(33) Eden regions: 305->0(305)
[2025-09-23T12:23:03.451+0000][70][gc,heap     ] GC(33) Survivor regions: 2->2(39)
[2025-09-23T12:23:03.451+0000][70][gc,heap     ] GC(33) Old regions: 33->33
[2025-09-23T12:23:03.451+0000][70][gc,heap     ] GC(33) Archive regions: 2->2
[2025-09-23T12:23:03.451+0000][70][gc,heap     ] GC(33) Humongous regions: 4->4
[2025-09-23T12:23:03.451+0000][70][gc,metaspace] GC(33) Metaspace: 138943K(142464K)->138943K(142464K) NonClass: 121063K(122880K)->121063K(122880K) Class: 17879K(19584K)->17879K(19584K)
[2025-09-23T12:23:03.451+0000][70][gc          ] GC(33) Pause Young (Normal) (G1 Evacuation Pause) 1374M->155M(2048M) 17.079ms
[2025-09-23T12:23:03.451+0000][70][gc,cpu      ] GC(33) User=0.07s Sys=0.00s Real=0.01s
[2025-09-23T12:23:03.451+0000][70][safepoint   ] Safepoint "G1CollectForAllocation", Time since last: 16862183424 ns, Reaching safepoint: 715042 ns, At safepoint: 17298958 ns, Total: 18014000 ns
[2025-09-23T12:23:04.452+0000][70][safepoint   ] Safepoint "Cleanup", Time since last: 1000615709 ns, Reaching safepoint: 102625 ns, At safepoint: 6583 ns, Total: 109208 ns
[2025-09-23T12:23:10.461+0000][70][safepoint   ] Safepoint "Cleanup", Time since last: 6006050045 ns, Reaching safepoint: 2965375 ns, At safepoint: 10750 ns, Total: 2976125 ns
[2025-09-23T12:23:12.465+0000][70][safepoint   ] Safepoint "Cleanup", Time since last: 2003909459 ns, Reaching safepoint: 93000 ns, At safepoint: 3584 ns, Total: 96584 ns
[2025-09-23T12:23:13.466+0000][70][safepoint   ] Safepoint "Cleanup", Time since last: 1000868542 ns, Reaching safepoint: 145583 ns, At safepoint: 3583 ns, Total: 149166 ns
[2025-09-23T12:23:16.470+0000][70][safepoint   ] Safepoint "Cleanup", Time since last: 3003127918 ns, Reaching safepoint: 425292 ns, At safepoint: 4250 ns, Total: 429542 ns
[2025-09-23T12:23:23.479+0000][70][safepoint   ] Safepoint "Cleanup", Time since last: 7009339295 ns, Reaching safepoint: 335458 ns, At safepoint: 4500 ns, Total: 339958 ns
[2025-09-23T12:23:28.485+0000][70][safepoint   ] Safepoint "Cleanup", Time since last: 5005603836 ns, Reaching safepoint: 300833 ns, At safepoint: 4250 ns, Total: 305083 ns
[2025-09-23T12:23:34.489+0000][70][safepoint   ] Safepoint "Cleanup", Time since last: 6003698169 ns, Reaching safepoint: 240542 ns, At safepoint: 4083 ns, Total: 244625 ns
[2025-09-23T12:23:46.501+0000][70][safepoint   ] Safepoint "Cleanup", Time since last: 12011884922 ns, Reaching safepoint: 346417 ns, At safepoint: 7000 ns, Total: 353417 ns
[2025-09-23T12:23:56.245+0000][70][gc,start    ] GC(34) Pause Young (Normal) (G1 Evacuation Pause)
[2025-09-23T12:23:56.246+0000][70][gc,task     ] GC(34) Using 8 workers of 8 for evacuation
[2025-09-23T12:23:56.246+0000][70][gc,age      ] GC(34) Desired survivor size 81788928 bytes, new threshold 15 (max threshold 15)
[2025-09-23T12:23:56.258+0000][70][gc,phases   ] GC(34)   Pre Evacuate Collection Set: 0.4ms
[2025-09-23T12:23:56.258+0000][70][gc,phases   ] GC(34)   Merge Heap Roots: 0.2ms
[2025-09-23T12:23:56.258+0000][70][gc,phases   ] GC(34)   Evacuate Collection Set: 8.8ms
[2025-09-23T12:23:56.259+0000][70][gc,phases   ] GC(34)   Post Evacuate Collection Set: 3.0ms
[2025-09-23T12:23:56.259+0000][70][gc,phases   ] GC(34)   Other: 0.3ms
[2025-09-23T12:23:56.259+0000][70][gc,age      ] GC(34) Age table with threshold 15 (max threshold 15)
[2025-09-23T12:23:56.259+0000][70][gc,age      ] GC(34) - age   1:    3834376 bytes,    3834376 total
[2025-09-23T12:23:56.259+0000][70][gc,age      ] GC(34) - age   2:     123576 bytes,    3957952 total
[2025-09-23T12:23:56.259+0000][70][gc,age      ] GC(34) - age   3:      69448 bytes,    4027400 total
[2025-09-23T12:23:56.259+0000][70][gc,age      ] GC(34) - age   4:     307472 bytes,    4334872 total
[2025-09-23T12:23:56.259+0000][70][gc,age      ] GC(34) - age   5:      77832 bytes,    4412704 total
[2025-09-23T12:23:56.259+0000][70][gc,age      ] GC(34) - age   6:      67456 bytes,    4480160 total
[2025-09-23T12:23:56.259+0000][70][gc,age      ] GC(34) - age   7:      89216 bytes,    4569376 total
[2025-09-23T12:23:56.259+0000][70][gc,age      ] GC(34) - age   8:      49312 bytes,    4618688 total
[2025-09-23T12:23:56.259+0000][70][gc,age      ] GC(34) - age   9:    1184872 bytes,    5803560 total
[2025-09-23T12:23:56.259+0000][70][gc,age      ] GC(34) - age  10:      52744 bytes,    5856304 total
[2025-09-23T12:23:56.259+0000][70][gc,age      ] GC(34) - age  11:      10912 bytes,    5867216 total
[2025-09-23T12:23:56.259+0000][70][gc,age      ] GC(34) - age  12:      11264 bytes,    5878480 total
[2025-09-23T12:23:56.259+0000][70][gc,age      ] GC(34) - age  13:      25120 bytes,    5903600 total
[2025-09-23T12:23:56.259+0000][70][gc,age      ] GC(34) - age  14:       8816 bytes,    5912416 total
[2025-09-23T12:23:56.259+0000][70][gc,age      ] GC(34) - age  15:      15328 bytes,    5927744 total
[2025-09-23T12:23:56.259+0000][70][gc,heap     ] GC(34) Eden regions: 305->0(305)
[2025-09-23T12:23:56.259+0000][70][gc,heap     ] GC(34) Survivor regions: 2->2(39)
[2025-09-23T12:23:56.259+0000][70][gc,heap     ] GC(34) Old regions: 33->33
[2025-09-23T12:23:56.259+0000][70][gc,heap     ] GC(34) Archive regions: 2->2
[2025-09-23T12:23:56.259+0000][70][gc,heap     ] GC(34) Humongous regions: 4->4
[2025-09-23T12:23:56.259+0000][70][gc,metaspace] GC(34) Metaspace: 138954K(142464K)->138954K(142464K) NonClass: 121075K(122880K)->121075K(122880K) Class: 17879K(19584K)->17879K(19584K)
[2025-09-23T12:23:56.259+0000][70][gc          ] GC(34) Pause Young (Normal) (G1 Evacuation Pause) 1375M->155M(2048M) 14.105ms
[2025-09-23T12:23:56.259+0000][70][gc,cpu      ] GC(34) User=0.06s Sys=0.00s Real=0.01s
[2025-09-23T12:23:56.259+0000][70][safepoint   ] Safepoint "G1CollectForAllocation", Time since last: 9743355379 ns, Reaching safepoint: 466334 ns, At safepoint: 14253125 ns, Total: 14719459 ns
[2025-09-23T12:24:03.268+0000][70][safepoint   ] Safepoint "Cleanup", Time since last: 7007716253 ns, Reaching safepoint: 351292 ns, At safepoint: 7583 ns, Total: 358875 ns
[2025-09-23T12:24:04.269+0000][70][safepoint   ] Safepoint "Cleanup", Time since last: 1001358792 ns, Reaching safepoint: 116000 ns, At safepoint: 3750 ns, Total: 119750 ns
[2025-09-23T12:24:10.275+0000][70][safepoint   ] Safepoint "Cleanup", Time since last: 6005880128 ns, Reaching safepoint: 264083 ns, At safepoint: 3209 ns, Total: 267292 ns
[2025-09-23T12:24:16.283+0000][70][safepoint   ] Safepoint "Cleanup", Time since last: 6006743751 ns, Reaching safepoint: 425000 ns, At safepoint: 3417 ns, Total: 428417 ns
[2025-09-23T12:24:31.301+0000][70][safepoint   ] Safepoint "Cleanup", Time since last: 15016683966 ns, Reaching safepoint: 1136666 ns, At safepoint: 5209 ns, Total: 1141875 ns
[2025-09-23T12:24:34.308+0000][70][safepoint   ] Safepoint "Cleanup", Time since last: 3007729209 ns, Reaching safepoint: 124000 ns, At safepoint: 4292 ns, Total: 128292 ns
[2025-09-23T12:24:36.311+0000][70][safepoint   ] Safepoint "Cleanup", Time since last: 2001874751 ns, Reaching safepoint: 262042 ns, At safepoint: 3708 ns, Total: 265750 ns
[2025-09-23T12:24:37.313+0000][70][safepoint   ] Safepoint "Cleanup", Time since last: 1000952250 ns, Reaching safepoint: 981250 ns, At safepoint: 11000 ns, Total: 992250 ns
[2025-09-23T12:24:51.390+0000][70][gc,start    ] GC(35) Pause Young (Normal) (G1 Evacuation Pause)
[2025-09-23T12:24:51.390+0000][70][gc,task     ] GC(35) Using 8 workers of 8 for evacuation
[2025-09-23T12:24:51.390+0000][70][gc,age      ] GC(35) Desired survivor size 81788928 bytes, new threshold 15 (max threshold 15)
[2025-09-23T12:24:51.401+0000][70][gc,phases   ] GC(35)   Pre Evacuate Collection Set: 0.4ms
[2025-09-23T12:24:51.401+0000][70][gc,phases   ] GC(35)   Merge Heap Roots: 0.2ms
[2025-09-23T12:24:51.401+0000][70][gc,phases   ] GC(35)   Evacuate Collection Set: 7.9ms
[2025-09-23T12:24:51.401+0000][70][gc,phases   ] GC(35)   Post Evacuate Collection Set: 2.4ms
[2025-09-23T12:24:51.401+0000][70][gc,phases   ] GC(35)   Other: 0.3ms
[2025-09-23T12:24:51.402+0000][70][gc,age      ] GC(35) Age table with threshold 15 (max threshold 15)
[2025-09-23T12:24:51.402+0000][70][gc,age      ] GC(35) - age   1:    3824048 bytes,    3824048 total
[2025-09-23T12:24:51.402+0000][70][gc,age      ] GC(35) - age   2:      53736 bytes,    3877784 total
[2025-09-23T12:24:51.402+0000][70][gc,age      ] GC(35) - age   3:      81696 bytes,    3959480 total
[2025-09-23T12:24:51.402+0000][70][gc,age      ] GC(35) - age   4:      68552 bytes,    4028032 total
[2025-09-23T12:24:51.402+0000][70][gc,age      ] GC(35) - age   5:     306960 bytes,    4334992 total
[2025-09-23T12:24:51.402+0000][70][gc,age      ] GC(35) - age   6:      77768 bytes,    4412760 total
[2025-09-23T12:24:51.402+0000][70][gc,age      ] GC(35) - age   7:      67328 bytes,    4480088 total
[2025-09-23T12:24:51.402+0000][70][gc,age      ] GC(35) - age   8:      89088 bytes,    4569176 total
[2025-09-23T12:24:51.402+0000][70][gc,age      ] GC(35) - age   9:      49208 bytes,    4618384 total
[2025-09-23T12:24:51.402+0000][70][gc,age      ] GC(35) - age  10:    1184872 bytes,    5803256 total
[2025-09-23T12:24:51.402+0000][70][gc,age      ] GC(35) - age  11:      51400 bytes,    5854656 total
[2025-09-23T12:24:51.402+0000][70][gc,age      ] GC(35) - age  12:      10848 bytes,    5865504 total
[2025-09-23T12:24:51.402+0000][70][gc,age      ] GC(35) - age  13:      11264 bytes,    5876768 total
[2025-09-23T12:24:51.402+0000][70][gc,age      ] GC(35) - age  14:      25120 bytes,    5901888 total
[2025-09-23T12:24:51.402+0000][70][gc,age      ] GC(35) - age  15:       8816 bytes,    5910704 total
[2025-09-23T12:24:51.402+0000][70][gc,heap     ] GC(35) Eden regions: 305->0(305)
[2025-09-23T12:24:51.402+0000][70][gc,heap     ] GC(35) Survivor regions: 2->2(39)
[2025-09-23T12:24:51.402+0000][70][gc,heap     ] GC(35) Old regions: 33->33
[2025-09-23T12:24:51.402+0000][70][gc,heap     ] GC(35) Archive regions: 2->2
[2025-09-23T12:24:51.402+0000][70][gc,heap     ] GC(35) Humongous regions: 4->4
[2025-09-23T12:24:51.402+0000][70][gc,metaspace] GC(35) Metaspace: 138981K(142464K)->138981K(142464K) NonClass: 121102K(122880K)->121102K(122880K) Class: 17879K(19584K)->17879K(19584K)
[2025-09-23T12:24:51.402+0000][70][gc          ] GC(35) Pause Young (Normal) (G1 Evacuation Pause) 1375M->155M(2048M) 12.845ms
[2025-09-23T12:24:51.402+0000][70][gc,cpu      ] GC(35) User=0.06s Sys=0.00s Real=0.01s
[2025-09-23T12:24:51.402+0000][70][safepoint   ] Safepoint "G1CollectForAllocation", Time since last: 14077340590 ns, Reaching safepoint: 295042 ns, At safepoint: 12991792 ns, Total: 13286834 ns
[2025-09-23T12:24:57.409+0000][70][safepoint   ] Safepoint "Cleanup", Time since last: 6006034002 ns, Reaching safepoint: 642625 ns, At safepoint: 14792 ns, Total: 657417 ns
[2025-09-23T12:24:58.411+0000][70][safepoint   ] Safepoint "Cleanup", Time since last: 1001456001 ns, Reaching safepoint: 232416 ns, At safepoint: 4209 ns, Total: 236625 ns
[2025-09-23T12:24:59.412+0000][70][safepoint   ] Safepoint "Cleanup", Time since last: 1000783792 ns, Reaching safepoint: 319083 ns, At safepoint: 6917 ns, Total: 326000 ns
[2025-09-23T12:25:00.709+0000][70][safepoint   ] Safepoint "ICBufferFull", Time since last: 1296227625 ns, Reaching safepoint: 400792 ns, At safepoint: 3708 ns, Total: 404500 ns
[2025-09-23T12:25:01.710+0000][70][safepoint   ] Safepoint "Cleanup", Time since last: 1001026334 ns, Reaching safepoint: 108000 ns, At safepoint: 49292 ns, Total: 157292 ns
[2025-09-23T12:25:03.712+0000][70][safepoint   ] Safepoint "Cleanup", Time since last: 2001852542 ns, Reaching safepoint: 131542 ns, At safepoint: 4958 ns, Total: 136500 ns
[2025-09-23T12:25:04.713+0000][70][safepoint   ] Safepoint "Cleanup", Time since last: 1000846709 ns, Reaching safepoint: 161584 ns, At safepoint: 4500 ns, Total: 166084 ns
[2025-09-23T12:25:06.714+0000][70][safepoint   ] Safepoint "ICBufferFull", Time since last: 2000924292 ns, Reaching safepoint: 750167 ns, At safepoint: 44500 ns, Total: 794667 ns
[2025-09-23T12:25:07.716+0000][70][safepoint   ] Safepoint "Cleanup", Time since last: 1001148459 ns, Reaching safepoint: 141208 ns, At safepoint: 4333 ns, Total: 145541 ns
[2025-09-23T12:25:09.718+0000][70][safepoint   ] Safepoint "Cleanup", Time since last: 2001852626 ns, Reaching safepoint: 147625 ns, At safepoint: 3709 ns, Total: 151334 ns
[2025-09-23T12:25:10.720+0000][70][safepoint   ] Safepoint "Cleanup", Time since last: 1000997625 ns, Reaching safepoint: 1051500 ns, At safepoint: 7875 ns, Total: 1059375 ns
[2025-09-23T12:25:11.721+0000][70][safepoint   ] Safepoint "Cleanup", Time since last: 1000779167 ns, Reaching safepoint: 246000 ns, At safepoint: 3917 ns, Total: 249917 ns
[2025-09-23T12:25:12.722+0000][70][safepoint   ] Safepoint "Cleanup", Time since last: 1000861625 ns, Reaching safepoint: 149667 ns, At safepoint: 3667 ns, Total: 153334 ns
[2025-09-23T12:25:13.723+0000][70][safepoint   ] Safepoint "Cleanup", Time since last: 1000718124 ns, Reaching safepoint: 103750 ns, At safepoint: 3417 ns, Total: 107167 ns
[2025-09-23T12:25:15.725+0000][70][safepoint   ] Safepoint "Cleanup", Time since last: 2001913459 ns, Reaching safepoint: 94250 ns, At safepoint: 4917 ns, Total: 99167 ns
[2025-09-23T12:25:16.726+0000][70][safepoint   ] Safepoint "Cleanup", Time since last: 1000886959 ns, Reaching safepoint: 94166 ns, At safepoint: 4125 ns, Total: 98291 ns
[2025-09-23T12:25:17.727+0000][70][safepoint   ] Safepoint "Cleanup", Time since last: 1001049459 ns, Reaching safepoint: 491042 ns, At safepoint: 25541 ns, Total: 516583 ns
[2025-09-23T12:25:21.732+0000][70][safepoint   ] Safepoint "Cleanup", Time since last: 4004440127 ns, Reaching safepoint: 461500 ns, At safepoint: 4084 ns, Total: 465584 ns
[2025-09-23T12:25:22.734+0000][70][safepoint   ] Safepoint "Cleanup", Time since last: 1001431125 ns, Reaching safepoint: 103542 ns, At safepoint: 2666 ns, Total: 106208 ns
[2025-09-23T12:25:23.736+0000][70][safepoint   ] Safepoint "Cleanup", Time since last: 1000976543 ns, Reaching safepoint: 1151375 ns, At safepoint: 8500 ns, Total: 1159875 ns
[2025-09-23T12:25:24.737+0000][70][safepoint   ] Safepoint "Cleanup", Time since last: 1000758875 ns, Reaching safepoint: 62417 ns, At safepoint: 6541 ns, Total: 68958 ns
[2025-09-23T12:25:27.740+0000][70][safepoint   ] Safepoint "Cleanup", Time since last: 3003159210 ns, Reaching safepoint: 376792 ns, At safepoint: 3583 ns, Total: 380375 ns
[2025-09-23T12:25:28.745+0000][70][safepoint   ] Safepoint "Cleanup", Time since last: 1004389001 ns, Reaching safepoint: 115083 ns, At safepoint: 3042 ns, Total: 118125 ns
[2025-09-23T12:25:29.746+0000][70][safepoint   ] Safepoint "Cleanup", Time since last: 1000905167 ns, Reaching safepoint: 55875 ns, At safepoint: 2542 ns, Total: 58417 ns
[2025-09-23T12:25:33.749+0000][70][safepoint   ] Safepoint "Cleanup", Time since last: 4002935585 ns, Reaching safepoint: 231083 ns, At safepoint: 3375 ns, Total: 234458 ns
[2025-09-23T12:25:36.752+0000][70][safepoint   ] Safepoint "Cleanup", Time since last: 3002755752 ns, Reaching safepoint: 374125 ns, At safepoint: 3541 ns, Total: 377666 ns
[2025-09-23T12:25:39.758+0000][70][safepoint   ] Safepoint "Cleanup", Time since last: 3004610502 ns, Reaching safepoint: 1583541 ns, At safepoint: 6750 ns, Total: 1590291 ns
[2025-09-23T12:25:40.759+0000][70][safepoint   ] Safepoint "Cleanup", Time since last: 1000594584 ns, Reaching safepoint: 507792 ns, At safepoint: 16208 ns, Total: 524000 ns
[2025-09-23T12:25:46.080+0000][70][gc,start    ] GC(36) Pause Young (Normal) (G1 Evacuation Pause)
[2025-09-23T12:25:46.080+0000][70][gc,task     ] GC(36) Using 8 workers of 8 for evacuation
[2025-09-23T12:25:46.080+0000][70][gc,age      ] GC(36) Desired survivor size 81788928 bytes, new threshold 15 (max threshold 15)
[2025-09-23T12:25:46.095+0000][70][gc,phases   ] GC(36)   Pre Evacuate Collection Set: 0.4ms
[2025-09-23T12:25:46.095+0000][70][gc,phases   ] GC(36)   Merge Heap Roots: 0.2ms
[2025-09-23T12:25:46.095+0000][70][gc,phases   ] GC(36)   Evacuate Collection Set: 11.4ms
[2025-09-23T12:25:46.095+0000][70][gc,phases   ] GC(36)   Post Evacuate Collection Set: 3.0ms
[2025-09-23T12:25:46.095+0000][70][gc,phases   ] GC(36)   Other: 0.3ms
[2025-09-23T12:25:46.095+0000][70][gc,age      ] GC(36) Age table with threshold 15 (max threshold 15)
[2025-09-23T12:25:46.095+0000][70][gc,age      ] GC(36) - age   1:    4205504 bytes,    4205504 total
[2025-09-23T12:25:46.095+0000][70][gc,age      ] GC(36) - age   2:      63760 bytes,    4269264 total
[2025-09-23T12:25:46.095+0000][70][gc,age      ] GC(36) - age   3:      50152 bytes,    4319416 total
[2025-09-23T12:25:46.095+0000][70][gc,age      ] GC(36) - age   4:      77080 bytes,    4396496 total
[2025-09-23T12:25:46.096+0000][70][gc,age      ] GC(36) - age   5:      67984 bytes,    4464480 total
[2025-09-23T12:25:46.096+0000][70][gc,age      ] GC(36) - age   6:     306960 bytes,    4771440 total
[2025-09-23T12:25:46.096+0000][70][gc,age      ] GC(36) - age   7:      76984 bytes,    4848424 total
[2025-09-23T12:25:46.096+0000][70][gc,age      ] GC(36) - age   8:      67256 bytes,    4915680 total
[2025-09-23T12:25:46.096+0000][70][gc,age      ] GC(36) - age   9:      89088 bytes,    5004768 total
[2025-09-23T12:25:46.096+0000][70][gc,age      ] GC(36) - age  10:      49208 bytes,    5053976 total
[2025-09-23T12:25:46.096+0000][70][gc,age      ] GC(36) - age  11:    1184200 bytes,    6238176 total
[2025-09-23T12:25:46.096+0000][70][gc,age      ] GC(36) - age  12:      51336 bytes,    6289512 total
[2025-09-23T12:25:46.096+0000][70][gc,age      ] GC(36) - age  13:      10064 bytes,    6299576 total
[2025-09-23T12:25:46.096+0000][70][gc,age      ] GC(36) - age  14:      11264 bytes,    6310840 total
[2025-09-23T12:25:46.096+0000][70][gc,age      ] GC(36) - age  15:      25120 bytes,    6335960 total
[2025-09-23T12:25:46.096+0000][70][gc,heap     ] GC(36) Eden regions: 305->0(305)
[2025-09-23T12:25:46.096+0000][70][gc,heap     ] GC(36) Survivor regions: 2->2(39)
[2025-09-23T12:25:46.096+0000][70][gc,heap     ] GC(36) Old regions: 33->33
[2025-09-23T12:25:46.096+0000][70][gc,heap     ] GC(36) Archive regions: 2->2
[2025-09-23T12:25:46.096+0000][70][gc,heap     ] GC(36) Humongous regions: 4->4
[2025-09-23T12:25:46.096+0000][70][gc,metaspace] GC(36) Metaspace: 138998K(142528K)->138998K(142528K) NonClass: 121119K(122944K)->121119K(122944K) Class: 17879K(19584K)->17879K(19584K)
[2025-09-23T12:25:46.096+0000][70][gc          ] GC(36) Pause Young (Normal) (G1 Evacuation Pause) 1375M->156M(2048M) 16.420ms
[2025-09-23T12:25:46.096+0000][70][gc,cpu      ] GC(36) User=0.08s Sys=0.00s Real=0.02s
[2025-09-23T12:25:46.096+0000][70][safepoint   ] Safepoint "G1CollectForAllocation", Time since last: 5319371794 ns, Reaching safepoint: 60375 ns, At safepoint: 16575250 ns, Total: 16635625 ns
[2025-09-23T12:25:47.098+0000][70][safepoint   ] Safepoint "Cleanup", Time since last: 1000619083 ns, Reaching safepoint: 824917 ns, At safepoint: 30458 ns, Total: 855375 ns
[2025-09-23T12:25:58.109+0000][70][safepoint   ] Safepoint "Cleanup", Time since last: 11010875381 ns, Reaching safepoint: 757916 ns, At safepoint: 11125 ns, Total: 769041 ns
[2025-09-23T12:26:03.127+0000][70][safepoint   ] Safepoint "Cleanup", Time since last: 5016545836 ns, Reaching safepoint: 1505500 ns, At safepoint: 5000 ns, Total: 1510500 ns
[2025-09-23T12:26:04.128+0000][70][safepoint   ] Safepoint "Cleanup", Time since last: 1001111042 ns, Reaching safepoint: 57667 ns, At safepoint: 2500 ns, Total: 60167 ns
[2025-09-23T12:26:07.133+0000][70][safepoint   ] Safepoint "Cleanup", Time since last: 3003020918 ns, Reaching safepoint: 1894875 ns, At safepoint: 14750 ns, Total: 1909625 ns
[2025-09-23T12:26:10.139+0000][70][safepoint   ] Safepoint "Cleanup", Time since last: 3005021335 ns, Reaching safepoint: 208500 ns, At safepoint: 6250 ns, Total: 214750 ns
[2025-09-23T12:26:13.143+0000][70][safepoint   ] Safepoint "Cleanup", Time since last: 3003014793 ns, Reaching safepoint: 926917 ns, At safepoint: 5750 ns, Total: 932667 ns
[2025-09-23T12:26:14.144+0000][70][safepoint   ] Safepoint "Cleanup", Time since last: 1000832833 ns, Reaching safepoint: 288583 ns, At safepoint: 3500 ns, Total: 292083 ns
[2025-09-23T12:26:16.146+0000][70][safepoint   ] Safepoint "Cleanup", Time since last: 2001688209 ns, Reaching safepoint: 94500 ns, At safepoint: 3667 ns, Total: 98167 ns
[2025-09-23T12:26:17.148+0000][70][safepoint   ] Safepoint "Cleanup", Time since last: 1000980542 ns, Reaching safepoint: 1043708 ns, At safepoint: 7709 ns, Total: 1051417 ns
[2025-09-23T12:26:18.149+0000][70][safepoint   ] Safepoint "Cleanup", Time since last: 1000924500 ns, Reaching safepoint: 109209 ns, At safepoint: 4083 ns, Total: 113292 ns
[2025-09-23T12:26:22.154+0000][70][safepoint   ] Safepoint "Cleanup", Time since last: 4003932460 ns, Reaching safepoint: 430750 ns, At safepoint: 4084 ns, Total: 434834 ns
[2025-09-23T12:26:27.159+0000][70][safepoint   ] Safepoint "Cleanup", Time since last: 5004557127 ns, Reaching safepoint: 484000 ns, At safepoint: 4250 ns, Total: 488250 ns
[2025-09-23T12:26:32.737+0000][70][gc,start    ] GC(37) Pause Young (Normal) (G1 Evacuation Pause)
[2025-09-23T12:26:32.738+0000][70][gc,task     ] GC(37) Using 8 workers of 8 for evacuation
[2025-09-23T12:26:32.738+0000][70][gc,age      ] GC(37) Desired survivor size 81788928 bytes, new threshold 15 (max threshold 15)
[2025-09-23T12:26:32.762+0000][70][gc,phases   ] GC(37)   Pre Evacuate Collection Set: 2.0ms
[2025-09-23T12:26:32.762+0000][70][gc,phases   ] GC(37)   Merge Heap Roots: 0.9ms
[2025-09-23T12:26:32.762+0000][70][gc,phases   ] GC(37)   Evacuate Collection Set: 16.9ms
[2025-09-23T12:26:32.762+0000][70][gc,phases   ] GC(37)   Post Evacuate Collection Set: 3.2ms
[2025-09-23T12:26:32.762+0000][70][gc,phases   ] GC(37)   Other: 0.9ms
[2025-09-23T12:26:32.762+0000][70][gc,age      ] GC(37) Age table with threshold 15 (max threshold 15)
[2025-09-23T12:26:32.762+0000][70][gc,age      ] GC(37) - age   1:    4838056 bytes,    4838056 total
[2025-09-23T12:26:32.762+0000][70][gc,age      ] GC(37) - age   2:     333352 bytes,    5171408 total
[2025-09-23T12:26:32.762+0000][70][gc,age      ] GC(37) - age   3:       7256 bytes,    5178664 total
[2025-09-23T12:26:32.762+0000][70][gc,age      ] GC(37) - age   4:       9736 bytes,    5188400 total
[2025-09-23T12:26:32.762+0000][70][gc,age      ] GC(37) - age   5:      26184 bytes,    5214584 total
[2025-09-23T12:26:32.762+0000][70][gc,age      ] GC(37) - age   6:      37840 bytes,    5252424 total
[2025-09-23T12:26:32.762+0000][70][gc,age      ] GC(37) - age   7:     220312 bytes,    5472736 total
[2025-09-23T12:26:32.763+0000][70][gc,age      ] GC(37) - age   8:      37584 bytes,    5510320 total
[2025-09-23T12:26:32.763+0000][70][gc,age      ] GC(37) - age   9:      27920 bytes,    5538240 total
[2025-09-23T12:26:32.763+0000][70][gc,age      ] GC(37) - age  10:      49960 bytes,    5588200 total
[2025-09-23T12:26:32.763+0000][70][gc,age      ] GC(37) - age  11:      49184 bytes,    5637384 total
[2025-09-23T12:26:32.763+0000][70][gc,age      ] GC(37) - age  12:    1184096 bytes,    6821480 total
[2025-09-23T12:26:32.763+0000][70][gc,age      ] GC(37) - age  13:      51272 bytes,    6872752 total
[2025-09-23T12:26:32.763+0000][70][gc,age      ] GC(37) - age  14:      10064 bytes,    6882816 total
[2025-09-23T12:26:32.763+0000][70][gc,age      ] GC(37) - age  15:      11264 bytes,    6894080 total
[2025-09-23T12:26:32.763+0000][70][gc,heap     ] GC(37) Eden regions: 305->0(305)
[2025-09-23T12:26:32.763+0000][70][gc,heap     ] GC(37) Survivor regions: 2->2(39)
[2025-09-23T12:26:32.763+0000][70][gc,heap     ] GC(37) Old regions: 33->33
[2025-09-23T12:26:32.763+0000][70][gc,heap     ] GC(37) Archive regions: 2->2
[2025-09-23T12:26:32.763+0000][70][gc,heap     ] GC(37) Humongous regions: 4->4
[2025-09-23T12:26:32.763+0000][70][gc,metaspace] GC(37) Metaspace: 139049K(142528K)->139049K(142528K) NonClass: 121170K(122944K)->121170K(122944K) Class: 17879K(19584K)->17879K(19584K)
[2025-09-23T12:26:32.763+0000][70][gc          ] GC(37) Pause Young (Normal) (G1 Evacuation Pause) 1376M->156M(2048M) 26.526ms
[2025-09-23T12:26:32.763+0000][70][gc,cpu      ] GC(37) User=0.10s Sys=0.02s Real=0.02s
[2025-09-23T12:26:32.763+0000][70][safepoint   ] Safepoint "G1CollectForAllocation", Time since last: 5577333503 ns, Reaching safepoint: 260125 ns, At safepoint: 26808291 ns, Total: 27068416 ns
[2025-09-23T12:26:33.765+0000][70][safepoint   ] Safepoint "Cleanup", Time since last: 1001483709 ns, Reaching safepoint: 49417 ns, At safepoint: 3125 ns, Total: 52542 ns
[2025-09-23T12:26:34.766+0000][70][safepoint   ] Safepoint "Cleanup", Time since last: 1001524584 ns, Reaching safepoint: 138625 ns, At safepoint: 3541 ns, Total: 142166 ns
[2025-09-23T12:26:36.768+0000][70][safepoint   ] Safepoint "Cleanup", Time since last: 2001838751 ns, Reaching safepoint: 168542 ns, At safepoint: 4500 ns, Total: 173042 ns
[2025-09-23T12:26:46.779+0000][70][safepoint   ] Safepoint "Cleanup", Time since last: 10009875170 ns, Reaching safepoint: 355000 ns, At safepoint: 4042 ns, Total: 359042 ns
[2025-09-23T12:26:52.785+0000][70][safepoint   ] Safepoint "Cleanup", Time since last: 6006596545 ns, Reaching safepoint: 264333 ns, At safepoint: 4750 ns, Total: 269083 ns
[2025-09-23T12:27:03.797+0000][70][safepoint   ] Safepoint "Cleanup", Time since last: 11010785130 ns, Reaching safepoint: 838542 ns, At safepoint: 5333 ns, Total: 843875 ns
[2025-09-23T12:27:12.807+0000][70][safepoint   ] Safepoint "Cleanup", Time since last: 9009105879 ns, Reaching safepoint: 669000 ns, At safepoint: 5709 ns, Total: 674709 ns
[2025-09-23T12:27:18.818+0000][70][safepoint   ] Safepoint "Cleanup", Time since last: 6007333377 ns, Reaching safepoint: 3596625 ns, At safepoint: 18875 ns, Total: 3615500 ns
[2025-09-23T12:27:25.607+0000][70][gc,start    ] GC(38) Pause Young (Normal) (G1 Evacuation Pause)
[2025-09-23T12:27:25.608+0000][70][gc,task     ] GC(38) Using 8 workers of 8 for evacuation
[2025-09-23T12:27:25.608+0000][70][gc,age      ] GC(38) Desired survivor size 81788928 bytes, new threshold 15 (max threshold 15)
[2025-09-23T12:27:25.636+0000][70][gc,phases   ] GC(38)   Pre Evacuate Collection Set: 0.5ms
[2025-09-23T12:27:25.636+0000][70][gc,phases   ] GC(38)   Merge Heap Roots: 0.2ms
[2025-09-23T12:27:25.636+0000][70][gc,phases   ] GC(38)   Evacuate Collection Set: 18.2ms
[2025-09-23T12:27:25.636+0000][70][gc,phases   ] GC(38)   Post Evacuate Collection Set: 8.9ms
[2025-09-23T12:27:25.636+0000][70][gc,phases   ] GC(38)   Other: 0.4ms
[2025-09-23T12:27:25.636+0000][70][gc,age      ] GC(38) Age table with threshold 15 (max threshold 15)
[2025-09-23T12:27:25.636+0000][70][gc,age      ] GC(38) - age   1:    4574448 bytes,    4574448 total
[2025-09-23T12:27:25.636+0000][70][gc,age      ] GC(38) - age   2:     883904 bytes,    5458352 total
[2025-09-23T12:27:25.636+0000][70][gc,age      ] GC(38) - age   3:     160200 bytes,    5618552 total
[2025-09-23T12:27:25.636+0000][70][gc,age      ] GC(38) - age   4:       6232 bytes,    5624784 total
[2025-09-23T12:27:25.636+0000][70][gc,age      ] GC(38) - age   5:       9424 bytes,    5634208 total
[2025-09-23T12:27:25.637+0000][70][gc,age      ] GC(38) - age   6:      25600 bytes,    5659808 total
[2025-09-23T12:27:25.637+0000][70][gc,age      ] GC(38) - age   7:      37840 bytes,    5697648 total
[2025-09-23T12:27:25.637+0000][70][gc,age      ] GC(38) - age   8:     219984 bytes,    5917632 total
[2025-09-23T12:27:25.637+0000][70][gc,age      ] GC(38) - age   9:      37520 bytes,    5955152 total
[2025-09-23T12:27:25.637+0000][70][gc,age      ] GC(38) - age  10:      27920 bytes,    5983072 total
[2025-09-23T12:27:25.637+0000][70][gc,age      ] GC(38) - age  11:      49960 bytes,    6033032 total
[2025-09-23T12:27:25.637+0000][70][gc,age      ] GC(38) - age  12:      49184 bytes,    6082216 total
[2025-09-23T12:27:25.637+0000][70][gc,age      ] GC(38) - age  13:    1184096 bytes,    7266312 total
[2025-09-23T12:27:25.637+0000][70][gc,age      ] GC(38) - age  14:      51272 bytes,    7317584 total
[2025-09-23T12:27:25.637+0000][70][gc,age      ] GC(38) - age  15:      10064 bytes,    7327648 total
[2025-09-23T12:27:25.637+0000][70][gc,heap     ] GC(38) Eden regions: 305->0(305)
[2025-09-23T12:27:25.637+0000][70][gc,heap     ] GC(38) Survivor regions: 2->2(39)
[2025-09-23T12:27:25.637+0000][70][gc,heap     ] GC(38) Old regions: 33->33
[2025-09-23T12:27:25.637+0000][70][gc,heap     ] GC(38) Archive regions: 2->2
[2025-09-23T12:27:25.637+0000][70][gc,heap     ] GC(38) Humongous regions: 4->4
[2025-09-23T12:27:25.637+0000][70][gc,metaspace] GC(38) Metaspace: 139058K(142528K)->139058K(142528K) NonClass: 121179K(122944K)->121179K(122944K) Class: 17879K(19584K)->17879K(19584K)
[2025-09-23T12:27:25.637+0000][70][gc          ] GC(38) Pause Young (Normal) (G1 Evacuation Pause) 1376M->156M(2048M) 30.345ms
[2025-09-23T12:27:25.638+0000][70][gc,cpu      ] GC(38) User=0.12s Sys=0.00s Real=0.03s
[2025-09-23T12:27:25.638+0000][70][safepoint   ] Safepoint "G1CollectForAllocation", Time since last: 6789171503 ns, Reaching safepoint: 394792 ns, At safepoint: 30547375 ns, Total: 30942167 ns
[2025-09-23T12:27:34.649+0000][70][safepoint   ] Safepoint "Cleanup", Time since last: 9011302337 ns, Reaching safepoint: 388292 ns, At safepoint: 3500 ns, Total: 391792 ns
[2025-09-23T12:27:43.661+0000][70][safepoint   ] Safepoint "Cleanup", Time since last: 9009583879 ns, Reaching safepoint: 1996917 ns, At safepoint: 14458 ns, Total: 2011375 ns
[2025-09-23T12:27:46.666+0000][70][safepoint   ] Safepoint "Cleanup", Time since last: 3004381626 ns, Reaching safepoint: 108000 ns, At safepoint: 3250 ns, Total: 111250 ns
[2025-09-23T12:27:52.678+0000][70][safepoint   ] Safepoint "Cleanup", Time since last: 6011543503 ns, Reaching safepoint: 357875 ns, At safepoint: 4125 ns, Total: 362000 ns
[2025-09-23T12:27:55.682+0000][70][safepoint   ] Safepoint "Cleanup", Time since last: 3003569835 ns, Reaching safepoint: 273917 ns, At safepoint: 4166 ns, Total: 278083 ns
[2025-09-23T12:28:04.692+0000][70][safepoint   ] Safepoint "Cleanup", Time since last: 9009707588 ns, Reaching safepoint: 281083 ns, At safepoint: 3417 ns, Total: 284500 ns
[2025-09-23T12:28:07.695+0000][70][safepoint   ] Safepoint "Cleanup", Time since last: 3002766960 ns, Reaching safepoint: 408083 ns, At safepoint: 19250 ns, Total: 427333 ns
[2025-09-23T12:28:10.698+0000][70][safepoint   ] Safepoint "Cleanup", Time since last: 3002546793 ns, Reaching safepoint: 56125 ns, At safepoint: 2083 ns, Total: 58208 ns
[2025-09-23T12:28:16.704+0000][70][safepoint   ] Safepoint "Cleanup", Time since last: 6006003627 ns, Reaching safepoint: 302667 ns, At safepoint: 4125 ns, Total: 306792 ns
[2025-09-23T12:28:17.576+0000][70][gc,start    ] GC(39) Pause Young (Normal) (G1 Evacuation Pause)
[2025-09-23T12:28:17.576+0000][70][gc,task     ] GC(39) Using 8 workers of 8 for evacuation
[2025-09-23T12:28:17.576+0000][70][gc,age      ] GC(39) Desired survivor size 81788928 bytes, new threshold 15 (max threshold 15)
[2025-09-23T12:28:17.600+0000][70][gc,phases   ] GC(39)   Pre Evacuate Collection Set: 1.0ms
[2025-09-23T12:28:17.600+0000][70][gc,phases   ] GC(39)   Merge Heap Roots: 0.3ms
[2025-09-23T12:28:17.600+0000][70][gc,phases   ] GC(39)   Evacuate Collection Set: 16.4ms
[2025-09-23T12:28:17.600+0000][70][gc,phases   ] GC(39)   Post Evacuate Collection Set: 5.9ms
[2025-09-23T12:28:17.600+0000][70][gc,phases   ] GC(39)   Other: 0.5ms
[2025-09-23T12:28:17.600+0000][70][gc,age      ] GC(39) Age table with threshold 15 (max threshold 15)
[2025-09-23T12:28:17.601+0000][70][gc,age      ] GC(39) - age   1:    4217736 bytes,    4217736 total
[2025-09-23T12:28:17.601+0000][70][gc,age      ] GC(39) - age   2:     163112 bytes,    4380848 total
[2025-09-23T12:28:17.601+0000][70][gc,age      ] GC(39) - age   3:     602984 bytes,    4983832 total
[2025-09-23T12:28:17.601+0000][70][gc,age      ] GC(39) - age   4:      81648 bytes,    5065480 total
[2025-09-23T12:28:17.601+0000][70][gc,age      ] GC(39) - age   5:       6104 bytes,    5071584 total
[2025-09-23T12:28:17.601+0000][70][gc,age      ] GC(39) - age   6:       8776 bytes,    5080360 total
[2025-09-23T12:28:17.601+0000][70][gc,age      ] GC(39) - age   7:      25600 bytes,    5105960 total
[2025-09-23T12:28:17.601+0000][70][gc,age      ] GC(39) - age   8:      37840 bytes,    5143800 total
[2025-09-23T12:28:17.601+0000][70][gc,age      ] GC(39) - age   9:     219920 bytes,    5363720 total
[2025-09-23T12:28:17.601+0000][70][gc,age      ] GC(39) - age  10:      37520 bytes,    5401240 total
[2025-09-23T12:28:17.601+0000][70][gc,age      ] GC(39) - age  11:      27920 bytes,    5429160 total
[2025-09-23T12:28:17.601+0000][70][gc,age      ] GC(39) - age  12:      49960 bytes,    5479120 total
[2025-09-23T12:28:17.601+0000][70][gc,age      ] GC(39) - age  13:      49184 bytes,    5528304 total
[2025-09-23T12:28:17.601+0000][70][gc,age      ] GC(39) - age  14:    1184096 bytes,    6712400 total
[2025-09-23T12:28:17.601+0000][70][gc,age      ] GC(39) - age  15:      51272 bytes,    6763672 total
[2025-09-23T12:28:17.601+0000][70][gc,heap     ] GC(39) Eden regions: 305->0(305)
[2025-09-23T12:28:17.601+0000][70][gc,heap     ] GC(39) Survivor regions: 2->2(39)
[2025-09-23T12:28:17.601+0000][70][gc,heap     ] GC(39) Old regions: 33->33
[2025-09-23T12:28:17.601+0000][70][gc,heap     ] GC(39) Archive regions: 2->2
[2025-09-23T12:28:17.601+0000][70][gc,heap     ] GC(39) Humongous regions: 4->4
[2025-09-23T12:28:17.601+0000][70][gc,metaspace] GC(39) Metaspace: 139072K(142592K)->139072K(142592K) NonClass: 121193K(123008K)->121193K(123008K) Class: 17879K(19584K)->17879K(19584K)
[2025-09-23T12:28:17.602+0000][70][gc          ] GC(39) Pause Young (Normal) (G1 Evacuation Pause) 1376M->156M(2048M) 25.873ms
[2025-09-23T12:28:17.602+0000][70][gc,cpu      ] GC(39) User=0.11s Sys=0.00s Real=0.02s
[2025-09-23T12:28:17.602+0000][70][safepoint   ] Safepoint "G1CollectForAllocation", Time since last: 871334000 ns, Reaching safepoint: 142625 ns, At safepoint: 26292750 ns, Total: 26435375 ns
[2025-09-23T12:28:18.603+0000][70][safepoint   ] Safepoint "Cleanup", Time since last: 1000865543 ns, Reaching safepoint: 357291 ns, At safepoint: 10875 ns, Total: 368166 ns
[2025-09-23T12:28:25.611+0000][70][safepoint   ] Safepoint "Cleanup", Time since last: 7006657754 ns, Reaching safepoint: 1771750 ns, At safepoint: 5208 ns, Total: 1776958 ns
[2025-09-23T12:28:31.619+0000][70][safepoint   ] Safepoint "Cleanup", Time since last: 6006658669 ns, Reaching safepoint: 776250 ns, At safepoint: 11000 ns, Total: 787250 ns
[2025-09-23T12:28:34.623+0000][70][safepoint   ] Safepoint "Cleanup", Time since last: 3003739585 ns, Reaching safepoint: 138667 ns, At safepoint: 3750 ns, Total: 142417 ns
[2025-09-23T12:28:46.635+0000][70][safepoint   ] Safepoint "Cleanup", Time since last: 12011860672 ns, Reaching safepoint: 381708 ns, At safepoint: 3875 ns, Total: 385583 ns
[2025-09-23T12:28:47.636+0000][70][safepoint   ] Safepoint "Cleanup", Time since last: 1000586084 ns, Reaching safepoint: 107375 ns, At safepoint: 3666 ns, Total: 111041 ns
[2025-09-23T12:28:52.644+0000][70][safepoint   ] Safepoint "Cleanup", Time since last: 5007953878 ns, Reaching safepoint: 441333 ns, At safepoint: 4833 ns, Total: 446166 ns
[2025-09-23T12:28:58.654+0000][70][safepoint   ] Safepoint "Cleanup", Time since last: 6009971753 ns, Reaching safepoint: 186209 ns, At safepoint: 13541 ns, Total: 199750 ns
[2025-09-23T12:29:03.660+0000][70][safepoint   ] Safepoint "Cleanup", Time since last: 5005395753 ns, Reaching safepoint: 421166 ns, At safepoint: 4000 ns, Total: 425166 ns
[2025-09-23T12:29:13.030+0000][70][gc,start    ] GC(40) Pause Young (Normal) (G1 Evacuation Pause)
[2025-09-23T12:29:13.031+0000][70][gc,task     ] GC(40) Using 8 workers of 8 for evacuation
[2025-09-23T12:29:13.031+0000][70][gc,age      ] GC(40) Desired survivor size 81788928 bytes, new threshold 15 (max threshold 15)
[2025-09-23T12:29:13.045+0000][70][gc,phases   ] GC(40)   Pre Evacuate Collection Set: 0.5ms
[2025-09-23T12:29:13.045+0000][70][gc,phases   ] GC(40)   Merge Heap Roots: 0.2ms
[2025-09-23T12:29:13.045+0000][70][gc,phases   ] GC(40)   Evacuate Collection Set: 9.9ms
[2025-09-23T12:29:13.045+0000][70][gc,phases   ] GC(40)   Post Evacuate Collection Set: 3.0ms
[2025-09-23T12:29:13.045+0000][70][gc,phases   ] GC(40)   Other: 0.3ms
[2025-09-23T12:29:13.045+0000][70][gc,age      ] GC(40) Age table with threshold 15 (max threshold 15)
[2025-09-23T12:29:13.045+0000][70][gc,age      ] GC(40) - age   1:    4230608 bytes,    4230608 total
[2025-09-23T12:29:13.045+0000][70][gc,age      ] GC(40) - age   2:     255504 bytes,    4486112 total
[2025-09-23T12:29:13.045+0000][70][gc,age      ] GC(40) - age   3:     119800 bytes,    4605912 total
[2025-09-23T12:29:13.045+0000][70][gc,age      ] GC(40) - age   4:     484912 bytes,    5090824 total
[2025-09-23T12:29:13.046+0000][70][gc,age      ] GC(40) - age   5:      77648 bytes,    5168472 total
[2025-09-23T12:29:13.046+0000][70][gc,age      ] GC(40) - age   6:       5976 bytes,    5174448 total
[2025-09-23T12:29:13.046+0000][70][gc,age      ] GC(40) - age   7:       8712 bytes,    5183160 total
[2025-09-23T12:29:13.046+0000][70][gc,age      ] GC(40) - age   8:      25504 bytes,    5208664 total
[2025-09-23T12:29:13.046+0000][70][gc,age      ] GC(40) - age   9:      13024 bytes,    5221688 total
[2025-09-23T12:29:13.046+0000][70][gc,age      ] GC(40) - age  10:     219920 bytes,    5441608 total
[2025-09-23T12:29:13.046+0000][70][gc,age      ] GC(40) - age  11:       8536 bytes,    5450144 total
[2025-09-23T12:29:13.046+0000][70][gc,age      ] GC(40) - age  12:      27920 bytes,    5478064 total
[2025-09-23T12:29:13.046+0000][70][gc,age      ] GC(40) - age  13:      49064 bytes,    5527128 total
[2025-09-23T12:29:13.046+0000][70][gc,age      ] GC(40) - age  14:      49184 bytes,    5576312 total
[2025-09-23T12:29:13.046+0000][70][gc,age      ] GC(40) - age  15:    1183912 bytes,    6760224 total
[2025-09-23T12:29:13.046+0000][70][gc,heap     ] GC(40) Eden regions: 305->0(305)
[2025-09-23T12:29:13.046+0000][70][gc,heap     ] GC(40) Survivor regions: 2->2(39)
[2025-09-23T12:29:13.046+0000][70][gc,heap     ] GC(40) Old regions: 33->33
[2025-09-23T12:29:13.046+0000][70][gc,heap     ] GC(40) Archive regions: 2->2
[2025-09-23T12:29:13.046+0000][70][gc,heap     ] GC(40) Humongous regions: 4->4
[2025-09-23T12:29:13.046+0000][70][gc,metaspace] GC(40) Metaspace: 139092K(142592K)->139092K(142592K) NonClass: 121213K(123008K)->121213K(123008K) Class: 17879K(19584K)->17879K(19584K)
[2025-09-23T12:29:13.046+0000][70][gc          ] GC(40) Pause Young (Normal) (G1 Evacuation Pause) 1376M->156M(2048M) 15.842ms
[2025-09-23T12:29:13.046+0000][70][gc,cpu      ] GC(40) User=0.07s Sys=0.00s Real=0.02s
[2025-09-23T12:29:13.046+0000][70][safepoint   ] Safepoint "G1CollectForAllocation", Time since last: 9369731546 ns, Reaching safepoint: 475959 ns, At safepoint: 16057750 ns, Total: 16533709 ns
[2025-09-23T12:29:14.046+0000][70][safepoint   ] Safepoint "Cleanup", Time since last: 1000333875 ns, Reaching safepoint: 574458 ns, At safepoint: 19042 ns, Total: 593500 ns
[2025-09-23T12:29:16.048+0000][70][safepoint   ] Safepoint "Cleanup", Time since last: 2002309293 ns, Reaching safepoint: 122958 ns, At safepoint: 5917 ns, Total: 128875 ns
[2025-09-23T12:29:18.050+0000][70][safepoint   ] Safepoint "Cleanup", Time since last: 2001892584 ns, Reaching safepoint: 170250 ns, At safepoint: 3792 ns, Total: 174042 ns
[2025-09-23T12:29:35.069+0000][70][safepoint   ] Safepoint "Cleanup", Time since last: 17017860716 ns, Reaching safepoint: 318667 ns, At safepoint: 3666 ns, Total: 322333 ns
[2025-09-23T12:29:40.076+0000][70][safepoint   ] Safepoint "Cleanup", Time since last: 5007604128 ns, Reaching safepoint: 284208 ns, At safepoint: 3792 ns, Total: 288000 ns
[2025-09-23T12:29:44.083+0000][70][safepoint   ] Safepoint "Cleanup", Time since last: 4003759709 ns, Reaching safepoint: 638625 ns, At safepoint: 6209 ns, Total: 644834 ns
[2025-09-23T12:29:47.087+0000][70][safepoint   ] Safepoint "Cleanup", Time since last: 3004357043 ns, Reaching safepoint: 228708 ns, At safepoint: 4375 ns, Total: 233083 ns
[2025-09-23T12:29:58.101+0000][70][safepoint   ] Safepoint "Cleanup", Time since last: 11013729672 ns, Reaching safepoint: 516958 ns, At safepoint: 4167 ns, Total: 521125 ns
[2025-09-23T12:30:04.111+0000][70][safepoint   ] Safepoint "Cleanup", Time since last: 6009546878 ns, Reaching safepoint: 382208 ns, At safepoint: 7209 ns, Total: 389417 ns
[2025-09-23T12:30:06.248+0000][70][gc,start    ] GC(41) Pause Young (Normal) (G1 Evacuation Pause)
[2025-09-23T12:30:06.248+0000][70][gc,task     ] GC(41) Using 8 workers of 8 for evacuation
[2025-09-23T12:30:06.248+0000][70][gc,age      ] GC(41) Desired survivor size 81788928 bytes, new threshold 15 (max threshold 15)
[2025-09-23T12:30:06.262+0000][70][gc,phases   ] GC(41)   Pre Evacuate Collection Set: 0.6ms
[2025-09-23T12:30:06.262+0000][70][gc,phases   ] GC(41)   Merge Heap Roots: 0.2ms
[2025-09-23T12:30:06.262+0000][70][gc,phases   ] GC(41)   Evacuate Collection Set: 10.2ms
[2025-09-23T12:30:06.262+0000][70][gc,phases   ] GC(41)   Post Evacuate Collection Set: 2.6ms
[2025-09-23T12:30:06.263+0000][70][gc,phases   ] GC(41)   Other: 0.3ms
[2025-09-23T12:30:06.263+0000][70][gc,age      ] GC(41) Age table with threshold 15 (max threshold 15)
[2025-09-23T12:30:06.263+0000][70][gc,age      ] GC(41) - age   1:    4138944 bytes,    4138944 total
[2025-09-23T12:30:06.263+0000][70][gc,age      ] GC(41) - age   2:     327480 bytes,    4466424 total
[2025-09-23T12:30:06.263+0000][70][gc,age      ] GC(41) - age   3:     121664 bytes,    4588088 total
[2025-09-23T12:30:06.263+0000][70][gc,age      ] GC(41) - age   4:     118344 bytes,    4706432 total
[2025-09-23T12:30:06.263+0000][70][gc,age      ] GC(41) - age   5:     484328 bytes,    5190760 total
[2025-09-23T12:30:06.263+0000][70][gc,age      ] GC(41) - age   6:      38456 bytes,    5229216 total
[2025-09-23T12:30:06.263+0000][70][gc,age      ] GC(41) - age   7:       5784 bytes,    5235000 total
[2025-09-23T12:30:06.263+0000][70][gc,age      ] GC(41) - age   8:       8608 bytes,    5243608 total
[2025-09-23T12:30:06.263+0000][70][gc,age      ] GC(41) - age   9:      25136 bytes,    5268744 total
[2025-09-23T12:30:06.263+0000][70][gc,age      ] GC(41) - age  10:      13024 bytes,    5281768 total
[2025-09-23T12:30:06.263+0000][70][gc,age      ] GC(41) - age  11:     219920 bytes,    5501688 total
[2025-09-23T12:30:06.263+0000][70][gc,age      ] GC(41) - age  12:       8536 bytes,    5510224 total
[2025-09-23T12:30:06.263+0000][70][gc,age      ] GC(41) - age  13:      27920 bytes,    5538144 total
[2025-09-23T12:30:06.263+0000][70][gc,age      ] GC(41) - age  14:      48304 bytes,    5586448 total
[2025-09-23T12:30:06.263+0000][70][gc,age      ] GC(41) - age  15:      49184 bytes,    5635632 total
[2025-09-23T12:30:06.263+0000][70][gc,heap     ] GC(41) Eden regions: 305->0(305)
[2025-09-23T12:30:06.263+0000][70][gc,heap     ] GC(41) Survivor regions: 2->2(39)
[2025-09-23T12:30:06.263+0000][70][gc,heap     ] GC(41) Old regions: 33->33
[2025-09-23T12:30:06.263+0000][70][gc,heap     ] GC(41) Archive regions: 2->2
[2025-09-23T12:30:06.263+0000][70][gc,heap     ] GC(41) Humongous regions: 4->4
[2025-09-23T12:30:06.263+0000][70][gc,metaspace] GC(41) Metaspace: 139118K(142592K)->139118K(142592K) NonClass: 121238K(123008K)->121238K(123008K) Class: 17879K(19584K)->17879K(19584K)
[2025-09-23T12:30:06.263+0000][70][gc          ] GC(41) Pause Young (Normal) (G1 Evacuation Pause) 1376M->156M(2048M) 15.259ms
[2025-09-23T12:30:06.263+0000][70][gc,cpu      ] GC(41) User=0.07s Sys=0.00s Real=0.01s
[2025-09-23T12:30:06.263+0000][70][safepoint   ] Safepoint "G1CollectForAllocation", Time since last: 2136621709 ns, Reaching safepoint: 73042 ns, At safepoint: 15399875 ns, Total: 15472917 ns
[2025-09-23T12:30:22.280+0000][70][safepoint   ] Safepoint "Cleanup", Time since last: 16015544090 ns, Reaching safepoint: 538750 ns, At safepoint: 4125 ns, Total: 542875 ns
[2025-09-23T12:30:25.284+0000][70][safepoint   ] Safepoint "Cleanup", Time since last: 3004423835 ns, Reaching safepoint: 72916 ns, At safepoint: 3167 ns, Total: 76083 ns
[2025-09-23T12:30:29.289+0000][70][safepoint   ] Safepoint "Cleanup", Time since last: 4003889627 ns, Reaching safepoint: 226833 ns, At safepoint: 3542 ns, Total: 230375 ns
[2025-09-23T12:30:33.294+0000][70][safepoint   ] Safepoint "Cleanup", Time since last: 4004824543 ns, Reaching safepoint: 611250 ns, At safepoint: 3959 ns, Total: 615209 ns
[2025-09-23T12:30:34.296+0000][70][safepoint   ] Safepoint "Cleanup", Time since last: 1001743250 ns, Reaching safepoint: 96000 ns, At safepoint: 6875 ns, Total: 102875 ns
[2025-09-23T12:30:37.300+0000][70][safepoint   ] Safepoint "Cleanup", Time since last: 3004503252 ns, Reaching safepoint: 144958 ns, At safepoint: 16000 ns, Total: 160958 ns
[2025-09-23T12:30:47.309+0000][70][safepoint   ] Safepoint "Cleanup", Time since last: 10007817213 ns, Reaching safepoint: 484916 ns, At safepoint: 4292 ns, Total: 489208 ns
[2025-09-23T12:30:52.315+0000][70][safepoint   ] Safepoint "Cleanup", Time since last: 5005512377 ns, Reaching safepoint: 319959 ns, At safepoint: 11958 ns, Total: 331917 ns
[2025-09-23T12:30:54.009+0000][70][safepoint   ] Safepoint "ICBufferFull", Time since last: 1693648251 ns, Reaching safepoint: 372750 ns, At safepoint: 4500 ns, Total: 377250 ns
[2025-09-23T12:30:55.010+0000][70][safepoint   ] Safepoint "Cleanup", Time since last: 1000832625 ns, Reaching safepoint: 429875 ns, At safepoint: 7417 ns, Total: 437292 ns
[2025-09-23T12:30:58.508+0000][70][gc,start    ] GC(42) Pause Young (Normal) (G1 Evacuation Pause)
[2025-09-23T12:30:58.508+0000][70][gc,task     ] GC(42) Using 8 workers of 8 for evacuation
[2025-09-23T12:30:58.508+0000][70][gc,age      ] GC(42) Desired survivor size 81788928 bytes, new threshold 15 (max threshold 15)
[2025-09-23T12:30:58.528+0000][70][gc,phases   ] GC(42)   Pre Evacuate Collection Set: 0.9ms
[2025-09-23T12:30:58.528+0000][70][gc,phases   ] GC(42)   Merge Heap Roots: 0.3ms
[2025-09-23T12:30:58.528+0000][70][gc,phases   ] GC(42)   Evacuate Collection Set: 13.9ms
[2025-09-23T12:30:58.528+0000][70][gc,phases   ] GC(42)   Post Evacuate Collection Set: 4.4ms
[2025-09-23T12:30:58.528+0000][70][gc,phases   ] GC(42)   Other: 0.4ms
[2025-09-23T12:30:58.529+0000][70][gc,age      ] GC(42) Age table with threshold 15 (max threshold 15)
[2025-09-23T12:30:58.529+0000][70][gc,age      ] GC(42) - age   1:    3226152 bytes,    3226152 total
[2025-09-23T12:30:58.529+0000][70][gc,age      ] GC(42) - age   2:      75752 bytes,    3301904 total
[2025-09-23T12:30:58.529+0000][70][gc,age      ] GC(42) - age   3:     308992 bytes,    3610896 total
[2025-09-23T12:30:58.529+0000][70][gc,age      ] GC(42) - age   4:      81688 bytes,    3692584 total
[2025-09-23T12:30:58.529+0000][70][gc,age      ] GC(42) - age   5:     117992 bytes,    3810576 total
[2025-09-23T12:30:58.529+0000][70][gc,age      ] GC(42) - age   6:     483432 bytes,    4294008 total
[2025-09-23T12:30:58.529+0000][70][gc,age      ] GC(42) - age   7:      38392 bytes,    4332400 total
[2025-09-23T12:30:58.529+0000][70][gc,age      ] GC(42) - age   8:       5784 bytes,    4338184 total
[2025-09-23T12:30:58.529+0000][70][gc,age      ] GC(42) - age   9:       8544 bytes,    4346728 total
[2025-09-23T12:30:58.529+0000][70][gc,age      ] GC(42) - age  10:      25072 bytes,    4371800 total
[2025-09-23T12:30:58.529+0000][70][gc,age      ] GC(42) - age  11:      12896 bytes,    4384696 total
[2025-09-23T12:30:58.529+0000][70][gc,age      ] GC(42) - age  12:     218584 bytes,    4603280 total
[2025-09-23T12:30:58.529+0000][70][gc,age      ] GC(42) - age  13:       8536 bytes,    4611816 total
[2025-09-23T12:30:58.529+0000][70][gc,age      ] GC(42) - age  14:      27856 bytes,    4639672 total
[2025-09-23T12:30:58.529+0000][70][gc,age      ] GC(42) - age  15:      47792 bytes,    4687464 total
[2025-09-23T12:30:58.529+0000][70][gc,heap     ] GC(42) Eden regions: 305->0(305)
[2025-09-23T12:30:58.529+0000][70][gc,heap     ] GC(42) Survivor regions: 2->2(39)
[2025-09-23T12:30:58.529+0000][70][gc,heap     ] GC(42) Old regions: 33->33
[2025-09-23T12:30:58.529+0000][70][gc,heap     ] GC(42) Archive regions: 2->2
[2025-09-23T12:30:58.529+0000][70][gc,heap     ] GC(42) Humongous regions: 4->4
[2025-09-23T12:30:58.529+0000][70][gc,metaspace] GC(42) Metaspace: 139125K(142592K)->139125K(142592K) NonClass: 121245K(123008K)->121245K(123008K) Class: 17879K(19584K)->17879K(19584K)
[2025-09-23T12:30:58.529+0000][70][gc          ] GC(42) Pause Young (Normal) (G1 Evacuation Pause) 1376M->155M(2048M) 21.903ms
[2025-09-23T12:30:58.529+0000][70][gc,cpu      ] GC(42) User=0.09s Sys=0.00s Real=0.02s
[2025-09-23T12:30:58.530+0000][70][safepoint   ] Safepoint "G1CollectForAllocation", Time since last: 3496742752 ns, Reaching safepoint: 578791 ns, At safepoint: 22114584 ns, Total: 22693375 ns
[2025-09-23T12:31:03.535+0000][70][safepoint   ] Safepoint "Cleanup", Time since last: 5004932044 ns, Reaching safepoint: 312208 ns, At safepoint: 6583 ns, Total: 318791 ns
[2025-09-23T12:31:10.542+0000][70][safepoint   ] Safepoint "Cleanup", Time since last: 7006715087 ns, Reaching safepoint: 477792 ns, At safepoint: 3833 ns, Total: 481625 ns
[2025-09-23T12:31:12.545+0000][70][safepoint   ] Safepoint "Cleanup", Time since last: 2000985459 ns, Reaching safepoint: 2333667 ns, At safepoint: 50500 ns, Total: 2384167 ns
[2025-09-23T12:31:13.547+0000][70][safepoint   ] Safepoint "Cleanup", Time since last: 1001134959 ns, Reaching safepoint: 142458 ns, At safepoint: 3333 ns, Total: 145791 ns
[2025-09-23T12:31:21.555+0000][70][safepoint   ] Safepoint "Cleanup", Time since last: 8007887545 ns, Reaching safepoint: 429917 ns, At safepoint: 4208 ns, Total: 434125 ns
[2025-09-23T12:31:24.559+0000][70][safepoint   ] Safepoint "Cleanup", Time since last: 3003503210 ns, Reaching safepoint: 162500 ns, At safepoint: 7583 ns, Total: 170083 ns
[2025-09-23T12:31:28.563+0000][70][safepoint   ] Safepoint "Cleanup", Time since last: 4003853211 ns, Reaching safepoint: 512791 ns, At safepoint: 4125 ns, Total: 516916 ns
[2025-09-23T12:31:32.568+0000][70][safepoint   ] Safepoint "Cleanup", Time since last: 4004451085 ns, Reaching safepoint: 397917 ns, At safepoint: 6875 ns, Total: 404792 ns
[2025-09-23T12:31:34.570+0000][70][safepoint   ] Safepoint "Cleanup", Time since last: 2001636209 ns, Reaching safepoint: 96584 ns, At safepoint: 3125 ns, Total: 99709 ns
[2025-09-23T12:31:37.573+0000][70][safepoint   ] Safepoint "Cleanup", Time since last: 3002875585 ns, Reaching safepoint: 126708 ns, At safepoint: 3875 ns, Total: 130583 ns
[2025-09-23T12:31:43.582+0000][70][safepoint   ] Safepoint "Cleanup", Time since last: 6008371628 ns, Reaching safepoint: 856708 ns, At safepoint: 3708 ns, Total: 860416 ns
[2025-09-23T12:31:51.567+0000][70][gc,start    ] GC(43) Pause Young (Normal) (G1 Evacuation Pause)
[2025-09-23T12:31:51.568+0000][70][gc,task     ] GC(43) Using 8 workers of 8 for evacuation
[2025-09-23T12:31:51.568+0000][70][gc,age      ] GC(43) Desired survivor size 81788928 bytes, new threshold 15 (max threshold 15)
[2025-09-23T12:31:51.580+0000][70][gc,phases   ] GC(43)   Pre Evacuate Collection Set: 0.5ms
[2025-09-23T12:31:51.580+0000][70][gc,phases   ] GC(43)   Merge Heap Roots: 0.2ms
[2025-09-23T12:31:51.581+0000][70][gc,phases   ] GC(43)   Evacuate Collection Set: 8.4ms
[2025-09-23T12:31:51.581+0000][70][gc,phases   ] GC(43)   Post Evacuate Collection Set: 3.1ms
[2025-09-23T12:31:51.581+0000][70][gc,phases   ] GC(43)   Other: 0.3ms
[2025-09-23T12:31:51.581+0000][70][gc,age      ] GC(43) Age table with threshold 15 (max threshold 15)
[2025-09-23T12:31:51.581+0000][70][gc,age      ] GC(43) - age   1:    4857592 bytes,    4857592 total
[2025-09-23T12:31:51.581+0000][70][gc,age      ] GC(43) - age   2:      94328 bytes,    4951920 total
[2025-09-23T12:31:51.581+0000][70][gc,age      ] GC(43) - age   3:      71416 bytes,    5023336 total
[2025-09-23T12:31:51.581+0000][70][gc,age      ] GC(43) - age   4:     137512 bytes,    5160848 total
[2025-09-23T12:31:51.581+0000][70][gc,age      ] GC(43) - age   5:      80216 bytes,    5241064 total
[2025-09-23T12:31:51.581+0000][70][gc,age      ] GC(43) - age   6:      85496 bytes,    5326560 total
[2025-09-23T12:31:51.581+0000][70][gc,age      ] GC(43) - age   7:     405040 bytes,    5731600 total
[2025-09-23T12:31:51.581+0000][70][gc,age      ] GC(43) - age   8:      37168 bytes,    5768768 total
[2025-09-23T12:31:51.581+0000][70][gc,age      ] GC(43) - age   9:       5720 bytes,    5774488 total
[2025-09-23T12:31:51.581+0000][70][gc,age      ] GC(43) - age  10:       8544 bytes,    5783032 total
[2025-09-23T12:31:51.581+0000][70][gc,age      ] GC(43) - age  11:      24272 bytes,    5807304 total
[2025-09-23T12:31:51.581+0000][70][gc,age      ] GC(43) - age  12:      12896 bytes,    5820200 total
[2025-09-23T12:31:51.581+0000][70][gc,age      ] GC(43) - age  13:     217376 bytes,    6037576 total
[2025-09-23T12:31:51.581+0000][70][gc,age      ] GC(43) - age  14:       8536 bytes,    6046112 total
[2025-09-23T12:31:51.581+0000][70][gc,age      ] GC(43) - age  15:      27056 bytes,    6073168 total
[2025-09-23T12:31:51.581+0000][70][gc,heap     ] GC(43) Eden regions: 305->0(305)
[2025-09-23T12:31:51.581+0000][70][gc,heap     ] GC(43) Survivor regions: 2->2(39)
[2025-09-23T12:31:51.581+0000][70][gc,heap     ] GC(43) Old regions: 33->33
[2025-09-23T12:31:51.581+0000][70][gc,heap     ] GC(43) Archive regions: 2->2
[2025-09-23T12:31:51.581+0000][70][gc,heap     ] GC(43) Humongous regions: 4->4
[2025-09-23T12:31:51.581+0000][70][gc,metaspace] GC(43) Metaspace: 139142K(142656K)->139142K(142656K) NonClass: 121262K(123072K)->121262K(123072K) Class: 17880K(19584K)->17880K(19584K)
[2025-09-23T12:31:51.581+0000][70][gc          ] GC(43) Pause Young (Normal) (G1 Evacuation Pause) 1375M->157M(2048M) 14.296ms
[2025-09-23T12:31:51.581+0000][70][gc,cpu      ] GC(43) User=0.07s Sys=0.00s Real=0.02s
[2025-09-23T12:31:51.581+0000][70][safepoint   ] Safepoint "G1CollectForAllocation", Time since last: 7982982754 ns, Reaching safepoint: 1389833 ns, At safepoint: 14548167 ns, Total: 15938000 ns
[2025-09-23T12:31:54.584+0000][70][safepoint   ] Safepoint "Cleanup", Time since last: 3002706210 ns, Reaching safepoint: 145750 ns, At safepoint: 4125 ns, Total: 149875 ns
[2025-09-23T12:32:16.611+0000][70][safepoint   ] Safepoint "Cleanup", Time since last: 22021910135 ns, Reaching safepoint: 495875 ns, At safepoint: 7666 ns, Total: 503541 ns
[2025-09-23T12:32:19.618+0000][70][safepoint   ] Safepoint "Cleanup", Time since last: 3006520585 ns, Reaching safepoint: 658750 ns, At safepoint: 14667 ns, Total: 673417 ns
[2025-09-23T12:32:32.633+0000][70][safepoint   ] Safepoint "Cleanup", Time since last: 13014259922 ns, Reaching safepoint: 540459 ns, At safepoint: 12583 ns, Total: 553042 ns
[2025-09-23T12:32:34.636+0000][70][safepoint   ] Safepoint "Cleanup", Time since last: 2002445918 ns, Reaching safepoint: 142833 ns, At safepoint: 10667 ns, Total: 153500 ns
[2025-09-23T12:32:35.637+0000][70][safepoint   ] Safepoint "Cleanup", Time since last: 1000832542 ns, Reaching safepoint: 292208 ns, At safepoint: 24584 ns, Total: 316792 ns
[2025-09-23T12:32:40.641+0000][70][safepoint   ] Safepoint "Cleanup", Time since last: 5003787419 ns, Reaching safepoint: 454708 ns, At safepoint: 3833 ns, Total: 458541 ns
[2025-09-23T12:32:41.643+0000][70][safepoint   ] Safepoint "Cleanup", Time since last: 1001516876 ns, Reaching safepoint: 210666 ns, At safepoint: 4792 ns, Total: 215458 ns
[2025-09-23T12:32:45.017+0000][70][gc,start    ] GC(44) Pause Young (Normal) (G1 Evacuation Pause)
[2025-09-23T12:32:45.018+0000][70][gc,task     ] GC(44) Using 8 workers of 8 for evacuation
[2025-09-23T12:32:45.018+0000][70][gc,age      ] GC(44) Desired survivor size 81788928 bytes, new threshold 15 (max threshold 15)
[2025-09-23T12:32:45.034+0000][70][gc,phases   ] GC(44)   Pre Evacuate Collection Set: 0.5ms
[2025-09-23T12:32:45.034+0000][70][gc,phases   ] GC(44)   Merge Heap Roots: 0.2ms
[2025-09-23T12:32:45.034+0000][70][gc,phases   ] GC(44)   Evacuate Collection Set: 12.2ms
[2025-09-23T12:32:45.034+0000][70][gc,phases   ] GC(44)   Post Evacuate Collection Set: 3.1ms
[2025-09-23T12:32:45.034+0000][70][gc,phases   ] GC(44)   Other: 0.3ms
[2025-09-23T12:32:45.034+0000][70][gc,age      ] GC(44) Age table with threshold 15 (max threshold 15)
[2025-09-23T12:32:45.034+0000][70][gc,age      ] GC(44) - age   1:    4454664 bytes,    4454664 total
[2025-09-23T12:32:45.034+0000][70][gc,age      ] GC(44) - age   2:     568000 bytes,    5022664 total
[2025-09-23T12:32:45.034+0000][70][gc,age      ] GC(44) - age   3:      53280 bytes,    5075944 total
[2025-09-23T12:32:45.034+0000][70][gc,age      ] GC(44) - age   4:      55544 bytes,    5131488 total
[2025-09-23T12:32:45.034+0000][70][gc,age      ] GC(44) - age   5:     136848 bytes,    5268336 total
[2025-09-23T12:32:45.035+0000][70][gc,age      ] GC(44) - age   6:      42552 bytes,    5310888 total
[2025-09-23T12:32:45.035+0000][70][gc,age      ] GC(44) - age   7:      48448 bytes,    5359336 total
[2025-09-23T12:32:45.035+0000][70][gc,age      ] GC(44) - age   8:     404848 bytes,    5764184 total
[2025-09-23T12:32:45.035+0000][70][gc,age      ] GC(44) - age   9:      37168 bytes,    5801352 total
[2025-09-23T12:32:45.035+0000][70][gc,age      ] GC(44) - age  10:       5720 bytes,    5807072 total
[2025-09-23T12:32:45.035+0000][70][gc,age      ] GC(44) - age  11:       8544 bytes,    5815616 total
[2025-09-23T12:32:45.035+0000][70][gc,age      ] GC(44) - age  12:      24272 bytes,    5839888 total
[2025-09-23T12:32:45.035+0000][70][gc,age      ] GC(44) - age  13:      12832 bytes,    5852720 total
[2025-09-23T12:32:45.035+0000][70][gc,age      ] GC(44) - age  14:     217312 bytes,    6070032 total
[2025-09-23T12:32:45.035+0000][70][gc,age      ] GC(44) - age  15:       8536 bytes,    6078568 total
[2025-09-23T12:32:45.035+0000][70][gc,heap     ] GC(44) Eden regions: 305->0(305)
[2025-09-23T12:32:45.035+0000][70][gc,heap     ] GC(44) Survivor regions: 2->2(39)
[2025-09-23T12:32:45.035+0000][70][gc,heap     ] GC(44) Old regions: 33->33
[2025-09-23T12:32:45.035+0000][70][gc,heap     ] GC(44) Archive regions: 2->2
[2025-09-23T12:32:45.035+0000][70][gc,heap     ] GC(44) Humongous regions: 4->4
[2025-09-23T12:32:45.035+0000][70][gc,metaspace] GC(44) Metaspace: 139161K(142656K)->139161K(142656K) NonClass: 121280K(123072K)->121280K(123072K) Class: 17880K(19584K)->17880K(19584K)
[2025-09-23T12:32:45.035+0000][70][gc          ] GC(44) Pause Young (Normal) (G1 Evacuation Pause) 1377M->157M(2048M) 17.768ms
[2025-09-23T12:32:45.035+0000][70][gc,cpu      ] GC(44) User=0.07s Sys=0.00s Real=0.02s
[2025-09-23T12:32:45.035+0000][70][safepoint   ] Safepoint "G1CollectForAllocation", Time since last: 3366364293 ns, Reaching safepoint: 100375 ns, At safepoint: 17915125 ns, Total: 18015500 ns
[2025-09-23T12:32:58.048+0000][70][safepoint   ] Safepoint "Cleanup", Time since last: 13012797339 ns, Reaching safepoint: 226459 ns, At safepoint: 15250 ns, Total: 241709 ns
[2025-09-23T12:33:03.055+0000][70][safepoint   ] Safepoint "Cleanup", Time since last: 5006349669 ns, Reaching safepoint: 429833 ns, At safepoint: 5417 ns, Total: 435250 ns
[2025-09-23T12:33:04.057+0000][70][safepoint   ] Safepoint "Cleanup", Time since last: 1001527709 ns, Reaching safepoint: 120750 ns, At safepoint: 4583 ns, Total: 125333 ns
[2025-09-23T12:33:10.063+0000][70][safepoint   ] Safepoint "Cleanup", Time since last: 6005903378 ns, Reaching safepoint: 397416 ns, At safepoint: 4417 ns, Total: 401833 ns
[2025-09-23T12:33:17.070+0000][70][safepoint   ] Safepoint "Cleanup", Time since last: 7005582836 ns, Reaching safepoint: 655458 ns, At safepoint: 59292 ns, Total: 714750 ns
[2025-09-23T12:33:37.286+0000][70][gc,start    ] GC(45) Pause Young (Normal) (G1 Evacuation Pause)
[2025-09-23T12:33:37.286+0000][70][gc,task     ] GC(45) Using 8 workers of 8 for evacuation
[2025-09-23T12:33:37.286+0000][70][gc,age      ] GC(45) Desired survivor size 81788928 bytes, new threshold 15 (max threshold 15)
[2025-09-23T12:33:37.297+0000][70][gc,phases   ] GC(45)   Pre Evacuate Collection Set: 0.4ms
[2025-09-23T12:33:37.298+0000][70][gc,phases   ] GC(45)   Merge Heap Roots: 0.2ms
[2025-09-23T12:33:37.298+0000][70][gc,phases   ] GC(45)   Evacuate Collection Set: 7.8ms
[2025-09-23T12:33:37.298+0000][70][gc,phases   ] GC(45)   Post Evacuate Collection Set: 2.7ms
[2025-09-23T12:33:37.298+0000][70][gc,phases   ] GC(45)   Other: 0.3ms
[2025-09-23T12:33:37.298+0000][70][gc,age      ] GC(45) Age table with threshold 15 (max threshold 15)
[2025-09-23T12:33:37.298+0000][70][gc,age      ] GC(45) - age   1:    5193376 bytes,    5193376 total
[2025-09-23T12:33:37.298+0000][70][gc,age      ] GC(45) - age   2:     187792 bytes,    5381168 total
[2025-09-23T12:33:37.298+0000][70][gc,age      ] GC(45) - age   3:     433864 bytes,    5815032 total
[2025-09-23T12:33:37.298+0000][70][gc,age      ] GC(45) - age   4:      52216 bytes,    5867248 total
[2025-09-23T12:33:37.298+0000][70][gc,age      ] GC(45) - age   5:      55288 bytes,    5922536 total
[2025-09-23T12:33:37.298+0000][70][gc,age      ] GC(45) - age   6:     136720 bytes,    6059256 total
[2025-09-23T12:33:37.298+0000][70][gc,age      ] GC(45) - age   7:      42552 bytes,    6101808 total
[2025-09-23T12:33:37.298+0000][70][gc,age      ] GC(45) - age   8:      48000 bytes,    6149808 total
[2025-09-23T12:33:37.298+0000][70][gc,age      ] GC(45) - age   9:     404280 bytes,    6554088 total
[2025-09-23T12:33:37.298+0000][70][gc,age      ] GC(45) - age  10:      37104 bytes,    6591192 total
[2025-09-23T12:33:37.298+0000][70][gc,age      ] GC(45) - age  11:       5384 bytes,    6596576 total
[2025-09-23T12:33:37.298+0000][70][gc,age      ] GC(45) - age  12:       5080 bytes,    6601656 total
[2025-09-23T12:33:37.298+0000][70][gc,age      ] GC(45) - age  13:      24272 bytes,    6625928 total
[2025-09-23T12:33:37.298+0000][70][gc,age      ] GC(45) - age  14:      12832 bytes,    6638760 total
[2025-09-23T12:33:37.298+0000][70][gc,age      ] GC(45) - age  15:     217248 bytes,    6856008 total
[2025-09-23T12:33:37.298+0000][70][gc,heap     ] GC(45) Eden regions: 305->0(305)
[2025-09-23T12:33:37.298+0000][70][gc,heap     ] GC(45) Survivor regions: 2->2(39)
[2025-09-23T12:33:37.298+0000][70][gc,heap     ] GC(45) Old regions: 33->33
[2025-09-23T12:33:37.298+0000][70][gc,heap     ] GC(45) Archive regions: 2->2
[2025-09-23T12:33:37.298+0000][70][gc,heap     ] GC(45) Humongous regions: 4->4
[2025-09-23T12:33:37.298+0000][70][gc,metaspace] GC(45) Metaspace: 139174K(142656K)->139174K(142656K) NonClass: 121294K(123072K)->121294K(123072K) Class: 17880K(19584K)->17880K(19584K)
[2025-09-23T12:33:37.298+0000][70][gc          ] GC(45) Pause Young (Normal) (G1 Evacuation Pause) 1377M->157M(2048M) 12.738ms
[2025-09-23T12:33:37.298+0000][70][gc,cpu      ] GC(45) User=0.07s Sys=0.00s Real=0.01s
[2025-09-23T12:33:37.298+0000][70][safepoint   ] Safepoint "G1CollectForAllocation", Time since last: 20215058926 ns, Reaching safepoint: 266042 ns, At safepoint: 12913000 ns, Total: 13179042 ns
[2025-09-23T12:33:52.314+0000][70][safepoint   ] Safepoint "Cleanup", Time since last: 15014060340 ns, Reaching safepoint: 355292 ns, At safepoint: 3875 ns, Total: 359167 ns
[2025-09-23T12:33:54.315+0000][70][safepoint   ] Safepoint "Cleanup", Time since last: 2001596751 ns, Reaching safepoint: 245750 ns, At safepoint: 4250 ns, Total: 250000 ns
[2025-09-23T12:33:58.319+0000][70][safepoint   ] Safepoint "Cleanup", Time since last: 4003749710 ns, Reaching safepoint: 181000 ns, At safepoint: 6250 ns, Total: 187250 ns
[2025-09-23T12:34:03.325+0000][70][safepoint   ] Safepoint "Cleanup", Time since last: 5004811210 ns, Reaching safepoint: 463917 ns, At safepoint: 3917 ns, Total: 467834 ns
[2025-09-23T12:34:21.345+0000][70][safepoint   ] Safepoint "Cleanup", Time since last: 18019735133 ns, Reaching safepoint: 511708 ns, At safepoint: 9417 ns, Total: 521125 ns
[2025-09-23T12:34:27.352+0000][70][safepoint   ] Safepoint "Cleanup", Time since last: 6006299295 ns, Reaching safepoint: 420625 ns, At safepoint: 10666 ns, Total: 431291 ns
[2025-09-23T12:34:27.657+0000][70][gc,start    ] GC(46) Pause Young (Normal) (G1 Evacuation Pause)
[2025-09-23T12:34:27.657+0000][70][gc,task     ] GC(46) Using 8 workers of 8 for evacuation
[2025-09-23T12:34:27.657+0000][70][gc,age      ] GC(46) Desired survivor size 81788928 bytes, new threshold 15 (max threshold 15)
[2025-09-23T12:34:27.677+0000][70][gc,phases   ] GC(46)   Pre Evacuate Collection Set: 0.5ms
[2025-09-23T12:34:27.677+0000][70][gc,phases   ] GC(46)   Merge Heap Roots: 0.2ms
[2025-09-23T12:34:27.677+0000][70][gc,phases   ] GC(46)   Evacuate Collection Set: 16.7ms
[2025-09-23T12:34:27.677+0000][70][gc,phases   ] GC(46)   Post Evacuate Collection Set: 2.8ms
[2025-09-23T12:34:27.677+0000][70][gc,phases   ] GC(46)   Other: 0.3ms
[2025-09-23T12:34:27.677+0000][70][gc,age      ] GC(46) Age table with threshold 15 (max threshold 15)
[2025-09-23T12:34:27.677+0000][70][gc,age      ] GC(46) - age   1:    1970528 bytes,    1970528 total
[2025-09-23T12:34:27.678+0000][70][gc,age      ] GC(46) - age   2:      15696 bytes,    1986224 total
[2025-09-23T12:34:27.678+0000][70][gc,age      ] GC(46) - age   3:     145944 bytes,    2132168 total
[2025-09-23T12:34:27.678+0000][70][gc,age      ] GC(46) - age   4:     432608 bytes,    2564776 total
[2025-09-23T12:34:27.678+0000][70][gc,age      ] GC(46) - age   5:      51128 bytes,    2615904 total
[2025-09-23T12:34:27.678+0000][70][gc,age      ] GC(46) - age   6:      55032 bytes,    2670936 total
[2025-09-23T12:34:27.678+0000][70][gc,age      ] GC(46) - age   7:     136488 bytes,    2807424 total
[2025-09-23T12:34:27.678+0000][70][gc,age      ] GC(46) - age   8:      42448 bytes,    2849872 total
[2025-09-23T12:34:27.678+0000][70][gc,age      ] GC(46) - age   9:      10512 bytes,    2860384 total
[2025-09-23T12:34:27.678+0000][70][gc,age      ] GC(46) - age  10:     404216 bytes,    3264600 total
[2025-09-23T12:34:27.678+0000][70][gc,age      ] GC(46) - age  11:      37104 bytes,    3301704 total
[2025-09-23T12:34:27.678+0000][70][gc,age      ] GC(46) - age  12:       5384 bytes,    3307088 total
[2025-09-23T12:34:27.678+0000][70][gc,age      ] GC(46) - age  13:       5080 bytes,    3312168 total
[2025-09-23T12:34:27.678+0000][70][gc,age      ] GC(46) - age  14:      24272 bytes,    3336440 total
[2025-09-23T12:34:27.678+0000][70][gc,age      ] GC(46) - age  15:      12832 bytes,    3349272 total
[2025-09-23T12:34:27.678+0000][70][gc,heap     ] GC(46) Eden regions: 305->0(306)
[2025-09-23T12:34:27.678+0000][70][gc,heap     ] GC(46) Survivor regions: 2->1(39)
[2025-09-23T12:34:27.678+0000][70][gc,heap     ] GC(46) Old regions: 33->33
[2025-09-23T12:34:27.678+0000][70][gc,heap     ] GC(46) Archive regions: 2->2
[2025-09-23T12:34:27.678+0000][70][gc,heap     ] GC(46) Humongous regions: 4->4
[2025-09-23T12:34:27.678+0000][70][gc,metaspace] GC(46) Metaspace: 139193K(142656K)->139193K(142656K) NonClass: 121313K(123072K)->121313K(123072K) Class: 17880K(19584K)->17880K(19584K)
[2025-09-23T12:34:27.678+0000][70][gc          ] GC(46) Pause Young (Normal) (G1 Evacuation Pause) 1377M->154M(2048M) 21.624ms
[2025-09-23T12:34:27.678+0000][70][gc,cpu      ] GC(46) User=0.09s Sys=0.00s Real=0.02s
[2025-09-23T12:34:27.678+0000][70][safepoint   ] Safepoint "G1CollectForAllocation", Time since last: 305022459 ns, Reaching safepoint: 53208 ns, At safepoint: 21759000 ns, Total: 21812208 ns
[2025-09-23T12:34:34.686+0000][70][safepoint   ] Safepoint "Cleanup", Time since last: 7007775003 ns, Reaching safepoint: 322125 ns, At safepoint: 3875 ns, Total: 326000 ns
[2025-09-23T12:34:58.716+0000][70][safepoint   ] Safepoint "Cleanup", Time since last: 24027783261 ns, Reaching safepoint: 281500 ns, At safepoint: 3792 ns, Total: 285292 ns
[2025-09-23T12:35:03.721+0000][70][safepoint   ] Safepoint "Cleanup", Time since last: 5005538752 ns, Reaching safepoint: 223167 ns, At safepoint: 4958 ns, Total: 228125 ns
[2025-09-23T12:35:16.734+0000][70][safepoint   ] Safepoint "Cleanup", Time since last: 13012908590 ns, Reaching safepoint: 658458 ns, At safepoint: 5792 ns, Total: 664250 ns
[2025-09-23T12:35:22.502+0000][70][gc,start    ] GC(47) Pause Young (Normal) (G1 Evacuation Pause)
[2025-09-23T12:35:22.502+0000][70][gc,task     ] GC(47) Using 8 workers of 8 for evacuation
[2025-09-23T12:35:22.502+0000][70][gc,age      ] GC(47) Desired survivor size 81788928 bytes, new threshold 15 (max threshold 15)
[2025-09-23T12:35:22.520+0000][70][gc,phases   ] GC(47)   Pre Evacuate Collection Set: 0.5ms
[2025-09-23T12:35:22.520+0000][70][gc,phases   ] GC(47)   Merge Heap Roots: 0.2ms
[2025-09-23T12:35:22.520+0000][70][gc,phases   ] GC(47)   Evacuate Collection Set: 11.9ms
[2025-09-23T12:35:22.520+0000][70][gc,phases   ] GC(47)   Post Evacuate Collection Set: 4.7ms
[2025-09-23T12:35:22.520+0000][70][gc,phases   ] GC(47)   Other: 0.4ms
[2025-09-23T12:35:22.520+0000][70][gc,age      ] GC(47) Age table with threshold 15 (max threshold 15)
[2025-09-23T12:35:22.520+0000][70][gc,age      ] GC(47) - age   1:    3423320 bytes,    3423320 total
[2025-09-23T12:35:22.520+0000][70][gc,age      ] GC(47) - age   2:     216736 bytes,    3640056 total
[2025-09-23T12:35:22.520+0000][70][gc,age      ] GC(47) - age   3:      11520 bytes,    3651576 total
[2025-09-23T12:35:22.520+0000][70][gc,age      ] GC(47) - age   4:     145624 bytes,    3797200 total
[2025-09-23T12:35:22.520+0000][70][gc,age      ] GC(47) - age   5:     429584 bytes,    4226784 total
[2025-09-23T12:35:22.520+0000][70][gc,age      ] GC(47) - age   6:      51000 bytes,    4277784 total
[2025-09-23T12:35:22.520+0000][70][gc,age      ] GC(47) - age   7:      50992 bytes,    4328776 total
[2025-09-23T12:35:22.520+0000][70][gc,age      ] GC(47) - age   8:      98648 bytes,    4427424 total
[2025-09-23T12:35:22.520+0000][70][gc,age      ] GC(47) - age   9:      41928 bytes,    4469352 total
[2025-09-23T12:35:22.520+0000][70][gc,age      ] GC(47) - age  10:      10512 bytes,    4479864 total
[2025-09-23T12:35:22.520+0000][70][gc,age      ] GC(47) - age  11:     404216 bytes,    4884080 total
[2025-09-23T12:35:22.520+0000][70][gc,age      ] GC(47) - age  12:      37064 bytes,    4921144 total
[2025-09-23T12:35:22.520+0000][70][gc,age      ] GC(47) - age  13:       5320 bytes,    4926464 total
[2025-09-23T12:35:22.521+0000][70][gc,age      ] GC(47) - age  14:       5080 bytes,    4931544 total
[2025-09-23T12:35:22.521+0000][70][gc,age      ] GC(47) - age  15:      23784 bytes,    4955328 total
[2025-09-23T12:35:22.521+0000][70][gc,heap     ] GC(47) Eden regions: 306->0(305)
[2025-09-23T12:35:22.521+0000][70][gc,heap     ] GC(47) Survivor regions: 1->2(39)
[2025-09-23T12:35:22.521+0000][70][gc,heap     ] GC(47) Old regions: 33->33
[2025-09-23T12:35:22.521+0000][70][gc,heap     ] GC(47) Archive regions: 2->2
[2025-09-23T12:35:22.521+0000][70][gc,heap     ] GC(47) Humongous regions: 4->4
[2025-09-23T12:35:22.521+0000][70][gc,metaspace] GC(47) Metaspace: 139235K(142720K)->139235K(142720K) NonClass: 121352K(123136K)->121352K(123136K) Class: 17882K(19584K)->17882K(19584K)
[2025-09-23T12:35:22.521+0000][70][gc          ] GC(47) Pause Young (Normal) (G1 Evacuation Pause) 1378M->156M(2048M) 19.333ms
[2025-09-23T12:35:22.521+0000][70][gc,cpu      ] GC(47) User=0.09s Sys=0.01s Real=0.02s
[2025-09-23T12:35:22.521+0000][70][safepoint   ] Safepoint "G1CollectForAllocation", Time since last: 5767608627 ns, Reaching safepoint: 164375 ns, At safepoint: 19520584 ns, Total: 19684959 ns
[2025-09-23T12:35:23.522+0000][70][safepoint   ] Safepoint "Cleanup", Time since last: 1000984667 ns, Reaching safepoint: 63791 ns, At safepoint: 3334 ns, Total: 67125 ns
[2025-09-23T12:35:28.527+0000][70][safepoint   ] Safepoint "Cleanup", Time since last: 5004870502 ns, Reaching safepoint: 216417 ns, At safepoint: 4250 ns, Total: 220667 ns
[2025-09-23T12:35:29.530+0000][70][safepoint   ] Safepoint "Cleanup", Time since last: 1001860000 ns, Reaching safepoint: 1059625 ns, At safepoint: 18750 ns, Total: 1078375 ns
[2025-09-23T12:35:34.536+0000][70][safepoint   ] Safepoint "Cleanup", Time since last: 5005837753 ns, Reaching safepoint: 437583 ns, At safepoint: 3500 ns, Total: 441083 ns
[2025-09-23T12:35:41.543+0000][70][safepoint   ] Safepoint "Cleanup", Time since last: 7006564753 ns, Reaching safepoint: 327959 ns, At safepoint: 4416 ns, Total: 332375 ns
[2025-09-23T12:35:42.544+0000][70][safepoint   ] Safepoint "Cleanup", Time since last: 1000836501 ns, Reaching safepoint: 104083 ns, At safepoint: 7000 ns, Total: 111083 ns
[2025-09-23T12:35:53.558+0000][70][safepoint   ] Safepoint "Cleanup", Time since last: 11011707296 ns, Reaching safepoint: 298709 ns, At safepoint: 6916 ns, Total: 305625 ns
[2025-09-23T12:35:54.561+0000][70][safepoint   ] Safepoint "Cleanup", Time since last: 1002772584 ns, Reaching safepoint: 325459 ns, At safepoint: 65416 ns, Total: 390875 ns
[2025-09-23T12:36:03.569+0000][70][safepoint   ] Safepoint "Cleanup", Time since last: 9007728005 ns, Reaching safepoint: 375083 ns, At safepoint: 3667 ns, Total: 378750 ns
[2025-09-23T12:36:10.580+0000][70][safepoint   ] Safepoint "Cleanup", Time since last: 7010449711 ns, Reaching safepoint: 380792 ns, At safepoint: 4208 ns, Total: 385000 ns
[2025-09-23T12:36:13.053+0000][70][gc,start    ] GC(48) Pause Young (Normal) (G1 Evacuation Pause)
[2025-09-23T12:36:13.053+0000][70][gc,task     ] GC(48) Using 8 workers of 8 for evacuation
[2025-09-23T12:36:13.053+0000][70][gc,age      ] GC(48) Desired survivor size 81788928 bytes, new threshold 15 (max threshold 15)
[2025-09-23T12:36:13.063+0000][70][gc,phases   ] GC(48)   Pre Evacuate Collection Set: 0.4ms
[2025-09-23T12:36:13.063+0000][70][gc,phases   ] GC(48)   Merge Heap Roots: 0.2ms
[2025-09-23T12:36:13.063+0000][70][gc,phases   ] GC(48)   Evacuate Collection Set: 6.7ms
[2025-09-23T12:36:13.063+0000][70][gc,phases   ] GC(48)   Post Evacuate Collection Set: 2.4ms
[2025-09-23T12:36:13.063+0000][70][gc,phases   ] GC(48)   Other: 0.3ms
[2025-09-23T12:36:13.063+0000][70][gc,age      ] GC(48) Age table with threshold 15 (max threshold 15)
[2025-09-23T12:36:13.063+0000][70][gc,age      ] GC(48) - age   1:    3953272 bytes,    3953272 total
[2025-09-23T12:36:13.064+0000][70][gc,age      ] GC(48) - age   2:      94272 bytes,    4047544 total
[2025-09-23T12:36:13.064+0000][70][gc,age      ] GC(48) - age   3:      53176 bytes,    4100720 total
[2025-09-23T12:36:13.064+0000][70][gc,age      ] GC(48) - age   4:      10928 bytes,    4111648 total
[2025-09-23T12:36:13.064+0000][70][gc,age      ] GC(48) - age   5:      67528 bytes,    4179176 total
[2025-09-23T12:36:13.064+0000][70][gc,age      ] GC(48) - age   6:     428840 bytes,    4608016 total
[2025-09-23T12:36:13.064+0000][70][gc,age      ] GC(48) - age   7:      50680 bytes,    4658696 total
[2025-09-23T12:36:13.064+0000][70][gc,age      ] GC(48) - age   8:      50800 bytes,    4709496 total
[2025-09-23T12:36:13.064+0000][70][gc,age      ] GC(48) - age   9:      74576 bytes,    4784072 total
[2025-09-23T12:36:13.064+0000][70][gc,age      ] GC(48) - age  10:      41928 bytes,    4826000 total
[2025-09-23T12:36:13.064+0000][70][gc,age      ] GC(48) - age  11:      10512 bytes,    4836512 total
[2025-09-23T12:36:13.064+0000][70][gc,age      ] GC(48) - age  12:     404216 bytes,    5240728 total
[2025-09-23T12:36:13.064+0000][70][gc,age      ] GC(48) - age  13:      37064 bytes,    5277792 total
[2025-09-23T12:36:13.064+0000][70][gc,age      ] GC(48) - age  14:       5320 bytes,    5283112 total
[2025-09-23T12:36:13.064+0000][70][gc,age      ] GC(48) - age  15:       5016 bytes,    5288128 total
[2025-09-23T12:36:13.064+0000][70][gc,heap     ] GC(48) Eden regions: 305->0(305)
[2025-09-23T12:36:13.064+0000][70][gc,heap     ] GC(48) Survivor regions: 2->2(39)
[2025-09-23T12:36:13.064+0000][70][gc,heap     ] GC(48) Old regions: 33->33
[2025-09-23T12:36:13.064+0000][70][gc,heap     ] GC(48) Archive regions: 2->2
[2025-09-23T12:36:13.064+0000][70][gc,heap     ] GC(48) Humongous regions: 4->4
[2025-09-23T12:36:13.064+0000][70][gc,metaspace] GC(48) Metaspace: 139239K(142720K)->139239K(142720K) NonClass: 121357K(123136K)->121357K(123136K) Class: 17882K(19584K)->17882K(19584K)
[2025-09-23T12:36:13.064+0000][70][gc          ] GC(48) Pause Young (Normal) (G1 Evacuation Pause) 1376M->156M(2048M) 11.118ms
[2025-09-23T12:36:13.064+0000][70][gc,cpu      ] GC(48) User=0.05s Sys=0.00s Real=0.01s
[2025-09-23T12:36:13.064+0000][70][safepoint   ] Safepoint "G1CollectForAllocation", Time since last: 2473109460 ns, Reaching safepoint: 50916 ns, At safepoint: 11265667 ns, Total: 11316583 ns
[2025-09-23T12:36:14.066+0000][70][safepoint   ] Safepoint "Cleanup", Time since last: 1000162375 ns, Reaching safepoint: 1961791 ns, At safepoint: 6542 ns, Total: 1968333 ns
[2025-09-23T12:36:15.068+0000][70][safepoint   ] Safepoint "Cleanup", Time since last: 1002107209 ns, Reaching safepoint: 146583 ns, At safepoint: 3542 ns, Total: 150125 ns
[2025-09-23T12:36:20.075+0000][70][safepoint   ] Safepoint "Cleanup", Time since last: 5005507127 ns, Reaching safepoint: 1047083 ns, At safepoint: 25584 ns, Total: 1072667 ns
[2025-09-23T12:36:22.077+0000][70][safepoint   ] Safepoint "Cleanup", Time since last: 2002187417 ns, Reaching safepoint: 309584 ns, At safepoint: 4250 ns, Total: 313834 ns
[2025-09-23T12:36:25.080+0000][70][safepoint   ] Safepoint "Cleanup", Time since last: 3002744751 ns, Reaching safepoint: 163917 ns, At safepoint: 4125 ns, Total: 168042 ns
[2025-09-23T12:36:26.640+0000][70][safepoint   ] Safepoint "Cleanup", Time since last: 1559490042 ns, Reaching safepoint: 67459 ns, At safepoint: 16666 ns, Total: 84125 ns
[2025-09-23T12:36:27.905+0000][70][safepoint   ] Safepoint "Cleanup", Time since last: 1265200501 ns, Reaching safepoint: 377875 ns, At safepoint: 3917 ns, Total: 381792 ns
[2025-09-23T12:36:28.906+0000][70][safepoint   ] Safepoint "Cleanup", Time since last: 1000618250 ns, Reaching safepoint: 59917 ns, At safepoint: 2125 ns, Total: 62042 ns
[2025-09-23T12:36:32.909+0000][70][safepoint   ] Safepoint "Cleanup", Time since last: 4003398460 ns, Reaching safepoint: 95792 ns, At safepoint: 7375 ns, Total: 103167 ns
[2025-09-23T12:36:33.910+0000][70][safepoint   ] Safepoint "Cleanup", Time since last: 1000474792 ns, Reaching safepoint: 492916 ns, At safepoint: 20709 ns, Total: 513625 ns
[2025-09-23T12:36:34.911+0000][70][safepoint   ] Safepoint "Cleanup", Time since last: 1000443750 ns, Reaching safepoint: 129042 ns, At safepoint: 3750 ns, Total: 132792 ns
[2025-09-23T12:36:37.914+0000][70][safepoint   ] Safepoint "Cleanup", Time since last: 3002873793 ns, Reaching safepoint: 126875 ns, At safepoint: 3708 ns, Total: 130583 ns
[2025-09-23T12:36:39.916+0000][70][safepoint   ] Safepoint "Cleanup", Time since last: 2001879585 ns, Reaching safepoint: 337041 ns, At safepoint: 6792 ns, Total: 343833 ns
[2025-09-23T12:36:40.918+0000][70][safepoint   ] Safepoint "Cleanup", Time since last: 1001631542 ns, Reaching safepoint: 147042 ns, At safepoint: 4541 ns, Total: 151583 ns
[2025-09-23T12:36:46.925+0000][70][safepoint   ] Safepoint "Cleanup", Time since last: 6005886170 ns, Reaching safepoint: 96875 ns, At safepoint: 3125 ns, Total: 100000 ns
[2025-09-23T12:36:52.931+0000][70][safepoint   ] Safepoint "Cleanup", Time since last: 6005933502 ns, Reaching safepoint: 451750 ns, At safepoint: 4042 ns, Total: 455792 ns
[2025-09-23T12:36:54.933+0000][70][safepoint   ] Safepoint "Cleanup", Time since last: 2001473501 ns, Reaching safepoint: 56708 ns, At safepoint: 2917 ns, Total: 59625 ns
[2025-09-23T12:36:57.400+0000][70][gc,start    ] GC(49) Pause Young (Normal) (G1 Evacuation Pause)
[2025-09-23T12:36:57.401+0000][70][gc,task     ] GC(49) Using 8 workers of 8 for evacuation
[2025-09-23T12:36:57.401+0000][70][gc,age      ] GC(49) Desired survivor size 81788928 bytes, new threshold 15 (max threshold 15)
[2025-09-23T12:36:57.412+0000][70][gc,phases   ] GC(49)   Pre Evacuate Collection Set: 0.4ms
[2025-09-23T12:36:57.412+0000][70][gc,phases   ] GC(49)   Merge Heap Roots: 0.2ms
[2025-09-23T12:36:57.412+0000][70][gc,phases   ] GC(49)   Evacuate Collection Set: 8.3ms
[2025-09-23T12:36:57.412+0000][70][gc,phases   ] GC(49)   Post Evacuate Collection Set: 2.5ms
[2025-09-23T12:36:57.412+0000][70][gc,phases   ] GC(49)   Other: 0.2ms
[2025-09-23T12:36:57.412+0000][70][gc,age      ] GC(49) Age table with threshold 15 (max threshold 15)
[2025-09-23T12:36:57.412+0000][70][gc,age      ] GC(49) - age   1:    4307128 bytes,    4307128 total
[2025-09-23T12:36:57.412+0000][70][gc,age      ] GC(49) - age   2:      35608 bytes,    4342736 total
[2025-09-23T12:36:57.412+0000][70][gc,age      ] GC(49) - age   3:      13848 bytes,    4356584 total
[2025-09-23T12:36:57.412+0000][70][gc,age      ] GC(49) - age   4:      13536 bytes,    4370120 total
[2025-09-23T12:36:57.412+0000][70][gc,age      ] GC(49) - age   5:       8712 bytes,    4378832 total
[2025-09-23T12:36:57.412+0000][70][gc,age      ] GC(49) - age   6:       6032 bytes,    4384864 total
[2025-09-23T12:36:57.412+0000][70][gc,age      ] GC(49) - age   7:      86008 bytes,    4470872 total
[2025-09-23T12:36:57.413+0000][70][gc,age      ] GC(49) - age   8:      12808 bytes,    4483680 total
[2025-09-23T12:36:57.413+0000][70][gc,age      ] GC(49) - age   9:      13072 bytes,    4496752 total
[2025-09-23T12:36:57.413+0000][70][gc,age      ] GC(49) - age  10:      36768 bytes,    4533520 total
[2025-09-23T12:36:57.413+0000][70][gc,age      ] GC(49) - age  11:       4704 bytes,    4538224 total
[2025-09-23T12:36:57.413+0000][70][gc,age      ] GC(49) - age  12:       9928 bytes,    4548152 total
[2025-09-23T12:36:57.413+0000][70][gc,age      ] GC(49) - age  13:     235328 bytes,    4783480 total
[2025-09-23T12:36:57.413+0000][70][gc,age      ] GC(49) - age  14:      37064 bytes,    4820544 total
[2025-09-23T12:36:57.413+0000][70][gc,age      ] GC(49) - age  15:       5320 bytes,    4825864 total
[2025-09-23T12:36:57.413+0000][70][gc,heap     ] GC(49) Eden regions: 305->0(305)
[2025-09-23T12:36:57.413+0000][70][gc,heap     ] GC(49) Survivor regions: 2->2(39)
[2025-09-23T12:36:57.413+0000][70][gc,heap     ] GC(49) Old regions: 33->33
[2025-09-23T12:36:57.413+0000][70][gc,heap     ] GC(49) Archive regions: 2->2
[2025-09-23T12:36:57.413+0000][70][gc,heap     ] GC(49) Humongous regions: 4->4
[2025-09-23T12:36:57.413+0000][70][gc,metaspace] GC(49) Metaspace: 139253K(142720K)->139253K(142720K) NonClass: 121370K(123136K)->121370K(123136K) Class: 17883K(19584K)->17883K(19584K)
[2025-09-23T12:36:57.413+0000][70][gc          ] GC(49) Pause Young (Normal) (G1 Evacuation Pause) 1376M->156M(2048M) 12.585ms
[2025-09-23T12:36:57.413+0000][70][gc,cpu      ] GC(49) User=0.05s Sys=0.00s Real=0.02s
[2025-09-23T12:36:57.413+0000][70][safepoint   ] Safepoint "G1CollectForAllocation", Time since last: 2467386876 ns, Reaching safepoint: 135209 ns, At safepoint: 12752125 ns, Total: 12887334 ns
[2025-09-23T12:36:58.668+0000][70][safepoint   ] Safepoint "Cleanup", Time since last: 1254690792 ns, Reaching safepoint: 283250 ns, At safepoint: 7208 ns, Total: 290458 ns
[2025-09-23T12:37:03.673+0000][70][safepoint   ] Safepoint "Cleanup", Time since last: 5004711711 ns, Reaching safepoint: 259333 ns, At safepoint: 3584 ns, Total: 262917 ns
[2025-09-23T12:37:16.685+0000][70][safepoint   ] Safepoint "Cleanup", Time since last: 13012751297 ns, Reaching safepoint: 390375 ns, At safepoint: 4084 ns, Total: 394459 ns
[2025-09-23T12:37:18.687+0000][70][safepoint   ] Safepoint "Cleanup", Time since last: 2001607417 ns, Reaching safepoint: 471292 ns, At safepoint: 12166 ns, Total: 483458 ns
[2025-09-23T12:37:21.692+0000][70][safepoint   ] Safepoint "Cleanup", Time since last: 3004493794 ns, Reaching safepoint: 101958 ns, At safepoint: 3667 ns, Total: 105625 ns
[2025-09-23T12:37:22.693+0000][70][safepoint   ] Safepoint "Cleanup", Time since last: 1000901333 ns, Reaching safepoint: 177084 ns, At safepoint: 3125 ns, Total: 180209 ns
[2025-09-23T12:37:25.696+0000][70][safepoint   ] Safepoint "Cleanup", Time since last: 3002808709 ns, Reaching safepoint: 132084 ns, At safepoint: 3250 ns, Total: 135334 ns
[2025-09-23T12:37:34.705+0000][70][safepoint   ] Safepoint "Cleanup", Time since last: 9008856212 ns, Reaching safepoint: 385125 ns, At safepoint: 3625 ns, Total: 388750 ns
[2025-09-23T12:37:40.711+0000][70][safepoint   ] Safepoint "Cleanup", Time since last: 6005604503 ns, Reaching safepoint: 222834 ns, At safepoint: 3875 ns, Total: 226709 ns
[2025-09-23T12:37:43.716+0000][70][safepoint   ] Safepoint "Cleanup", Time since last: 3004645001 ns, Reaching safepoint: 528542 ns, At safepoint: 11750 ns, Total: 540292 ns
[2025-09-23T12:37:48.575+0000][70][gc,start    ] GC(50) Pause Young (Normal) (G1 Evacuation Pause)
[2025-09-23T12:37:48.576+0000][70][gc,task     ] GC(50) Using 8 workers of 8 for evacuation
[2025-09-23T12:37:48.576+0000][70][gc,age      ] GC(50) Desired survivor size 81788928 bytes, new threshold 15 (max threshold 15)
[2025-09-23T12:37:48.587+0000][70][gc,phases   ] GC(50)   Pre Evacuate Collection Set: 0.5ms
[2025-09-23T12:37:48.587+0000][70][gc,phases   ] GC(50)   Merge Heap Roots: 0.2ms
[2025-09-23T12:37:48.587+0000][70][gc,phases   ] GC(50)   Evacuate Collection Set: 7.9ms
[2025-09-23T12:37:48.587+0000][70][gc,phases   ] GC(50)   Post Evacuate Collection Set: 2.4ms
[2025-09-23T12:37:48.587+0000][70][gc,phases   ] GC(50)   Other: 0.3ms
[2025-09-23T12:37:48.587+0000][70][gc,age      ] GC(50) Age table with threshold 15 (max threshold 15)
[2025-09-23T12:37:48.587+0000][70][gc,age      ] GC(50) - age   1:    4421816 bytes,    4421816 total
[2025-09-23T12:37:48.587+0000][70][gc,age      ] GC(50) - age   2:     449864 bytes,    4871680 total
[2025-09-23T12:37:48.587+0000][70][gc,age      ] GC(50) - age   3:      29544 bytes,    4901224 total
[2025-09-23T12:37:48.587+0000][70][gc,age      ] GC(50) - age   4:      11584 bytes,    4912808 total
[2025-09-23T12:37:48.587+0000][70][gc,age      ] GC(50) - age   5:      12944 bytes,    4925752 total
[2025-09-23T12:37:48.587+0000][70][gc,age      ] GC(50) - age   6:       4584 bytes,    4930336 total
[2025-09-23T12:37:48.587+0000][70][gc,age      ] GC(50) - age   7:       5360 bytes,    4935696 total
[2025-09-23T12:37:48.587+0000][70][gc,age      ] GC(50) - age   8:      85912 bytes,    5021608 total
[2025-09-23T12:37:48.587+0000][70][gc,age      ] GC(50) - age   9:      12808 bytes,    5034416 total
[2025-09-23T12:37:48.587+0000][70][gc,age      ] GC(50) - age  10:      13072 bytes,    5047488 total
[2025-09-23T12:37:48.587+0000][70][gc,age      ] GC(50) - age  11:      36768 bytes,    5084256 total
[2025-09-23T12:37:48.587+0000][70][gc,age      ] GC(50) - age  12:       4704 bytes,    5088960 total
[2025-09-23T12:37:48.587+0000][70][gc,age      ] GC(50) - age  13:       9928 bytes,    5098888 total
[2025-09-23T12:37:48.587+0000][70][gc,age      ] GC(50) - age  14:     235328 bytes,    5334216 total
[2025-09-23T12:37:48.587+0000][70][gc,age      ] GC(50) - age  15:      37064 bytes,    5371280 total
[2025-09-23T12:37:48.587+0000][70][gc,heap     ] GC(50) Eden regions: 305->0(305)
[2025-09-23T12:37:48.588+0000][70][gc,heap     ] GC(50) Survivor regions: 2->2(39)
[2025-09-23T12:37:48.588+0000][70][gc,heap     ] GC(50) Old regions: 33->33
[2025-09-23T12:37:48.588+0000][70][gc,heap     ] GC(50) Archive regions: 2->2
[2025-09-23T12:37:48.588+0000][70][gc,heap     ] GC(50) Humongous regions: 4->4
[2025-09-23T12:37:48.588+0000][70][gc,metaspace] GC(50) Metaspace: 139261K(142720K)->139261K(142720K) NonClass: 121377K(123136K)->121377K(123136K) Class: 17883K(19584K)->17883K(19584K)
[2025-09-23T12:37:48.588+0000][70][gc          ] GC(50) Pause Young (Normal) (G1 Evacuation Pause) 1376M->156M(2048M) 12.318ms
[2025-09-23T12:37:48.588+0000][70][gc,cpu      ] GC(50) User=0.05s Sys=0.00s Real=0.01s
[2025-09-23T12:37:48.588+0000][70][safepoint   ] Safepoint "G1CollectForAllocation", Time since last: 4857138585 ns, Reaching safepoint: 36625 ns, At safepoint: 12469500 ns, Total: 12506125 ns
[2025-09-23T12:37:49.589+0000][70][safepoint   ] Safepoint "Cleanup", Time since last: 1001056292 ns, Reaching safepoint: 397375 ns, At safepoint: 12208 ns, Total: 409583 ns
[2025-09-23T12:37:56.597+0000][70][safepoint   ] Safepoint "Cleanup", Time since last: 7007484420 ns, Reaching safepoint: 515125 ns, At safepoint: 7459 ns, Total: 522584 ns
[2025-09-23T12:38:03.609+0000][70][safepoint   ] Safepoint "Cleanup", Time since last: 7011491545 ns, Reaching safepoint: 227625 ns, At safepoint: 3500 ns, Total: 231125 ns
[2025-09-23T12:38:07.614+0000][70][safepoint   ] Safepoint "Cleanup", Time since last: 4004788793 ns, Reaching safepoint: 381000 ns, At safepoint: 7333 ns, Total: 388333 ns
[2025-09-23T12:38:19.626+0000][70][safepoint   ] Safepoint "Cleanup", Time since last: 12011719006 ns, Reaching safepoint: 1050791 ns, At safepoint: 14167 ns, Total: 1064958 ns
[2025-09-23T12:38:20.628+0000][70][safepoint   ] Safepoint "Cleanup", Time since last: 1001793292 ns, Reaching safepoint: 102167 ns, At safepoint: 3166 ns, Total: 105333 ns
[2025-09-23T12:38:25.633+0000][70][safepoint   ] Safepoint "Cleanup", Time since last: 5004890294 ns, Reaching safepoint: 88167 ns, At safepoint: 3333 ns, Total: 91500 ns
[2025-09-23T12:38:26.635+0000][70][safepoint   ] Safepoint "Cleanup", Time since last: 1000937293 ns, Reaching safepoint: 345666 ns, At safepoint: 3584 ns, Total: 349250 ns
[2025-09-23T12:38:37.646+0000][70][safepoint   ] Safepoint "Cleanup", Time since last: 11010667880 ns, Reaching safepoint: 429583 ns, At safepoint: 3917 ns, Total: 433500 ns
[2025-09-23T12:38:38.500+0000][70][gc,start    ] GC(51) Pause Young (Normal) (G1 Evacuation Pause)
[2025-09-23T12:38:38.501+0000][70][gc,task     ] GC(51) Using 8 workers of 8 for evacuation
[2025-09-23T12:38:38.501+0000][70][gc,age      ] GC(51) Desired survivor size 81788928 bytes, new threshold 15 (max threshold 15)
[2025-09-23T12:38:38.511+0000][70][gc,phases   ] GC(51)   Pre Evacuate Collection Set: 0.5ms
[2025-09-23T12:38:38.511+0000][70][gc,phases   ] GC(51)   Merge Heap Roots: 0.1ms
[2025-09-23T12:38:38.512+0000][70][gc,phases   ] GC(51)   Evacuate Collection Set: 7.5ms
[2025-09-23T12:38:38.512+0000][70][gc,phases   ] GC(51)   Post Evacuate Collection Set: 2.4ms
[2025-09-23T12:38:38.512+0000][70][gc,phases   ] GC(51)   Other: 0.3ms
[2025-09-23T12:38:38.512+0000][70][gc,age      ] GC(51) Age table with threshold 15 (max threshold 15)
[2025-09-23T12:38:38.512+0000][70][gc,age      ] GC(51) - age   1:    4367288 bytes,    4367288 total
[2025-09-23T12:38:38.512+0000][70][gc,age      ] GC(51) - age   2:     200536 bytes,    4567824 total
[2025-09-23T12:38:38.512+0000][70][gc,age      ] GC(51) - age   3:     291920 bytes,    4859744 total
[2025-09-23T12:38:38.512+0000][70][gc,age      ] GC(51) - age   4:      29000 bytes,    4888744 total
[2025-09-23T12:38:38.512+0000][70][gc,age      ] GC(51) - age   5:      11328 bytes,    4900072 total
[2025-09-23T12:38:38.512+0000][70][gc,age      ] GC(51) - age   6:      12424 bytes,    4912496 total
[2025-09-23T12:38:38.512+0000][70][gc,age      ] GC(51) - age   7:       4584 bytes,    4917080 total
[2025-09-23T12:38:38.512+0000][70][gc,age      ] GC(51) - age   8:       5232 bytes,    4922312 total
[2025-09-23T12:38:38.512+0000][70][gc,age      ] GC(51) - age   9:      85848 bytes,    5008160 total
[2025-09-23T12:38:38.512+0000][70][gc,age      ] GC(51) - age  10:      12808 bytes,    5020968 total
[2025-09-23T12:38:38.512+0000][70][gc,age      ] GC(51) - age  11:      12680 bytes,    5033648 total
[2025-09-23T12:38:38.512+0000][70][gc,age      ] GC(51) - age  12:      36768 bytes,    5070416 total
[2025-09-23T12:38:38.512+0000][70][gc,age      ] GC(51) - age  13:       4704 bytes,    5075120 total
[2025-09-23T12:38:38.512+0000][70][gc,age      ] GC(51) - age  14:       9928 bytes,    5085048 total
[2025-09-23T12:38:38.512+0000][70][gc,age      ] GC(51) - age  15:     235328 bytes,    5320376 total
[2025-09-23T12:38:38.512+0000][70][gc,heap     ] GC(51) Eden regions: 305->0(305)
[2025-09-23T12:38:38.512+0000][70][gc,heap     ] GC(51) Survivor regions: 2->2(39)
[2025-09-23T12:38:38.512+0000][70][gc,heap     ] GC(51) Old regions: 33->33
[2025-09-23T12:38:38.512+0000][70][gc,heap     ] GC(51) Archive regions: 2->2
[2025-09-23T12:38:38.512+0000][70][gc,heap     ] GC(51) Humongous regions: 4->4
[2025-09-23T12:38:38.512+0000][70][gc,metaspace] GC(51) Metaspace: 139269K(142720K)->139269K(142720K) NonClass: 121386K(123136K)->121386K(123136K) Class: 17883K(19584K)->17883K(19584K)
[2025-09-23T12:38:38.512+0000][70][gc          ] GC(51) Pause Young (Normal) (G1 Evacuation Pause) 1376M->156M(2048M) 12.104ms
[2025-09-23T12:38:38.512+0000][70][gc,cpu      ] GC(51) User=0.05s Sys=0.00s Real=0.01s
[2025-09-23T12:38:38.512+0000][70][safepoint   ] Safepoint "G1CollectForAllocation", Time since last: 854339459 ns, Reaching safepoint: 181541 ns, At safepoint: 12267459 ns, Total: 12449000 ns
[2025-09-23T12:38:49.525+0000][70][safepoint   ] Safepoint "Cleanup", Time since last: 11010796671 ns, Reaching safepoint: 492084 ns, At safepoint: 3708 ns, Total: 495792 ns
[2025-09-23T12:38:53.530+0000][70][safepoint   ] Safepoint "Cleanup", Time since last: 4005329127 ns, Reaching safepoint: 89958 ns, At safepoint: 4125 ns, Total: 94083 ns
[2025-09-23T12:38:55.533+0000][70][safepoint   ] Safepoint "Cleanup", Time since last: 2002067293 ns, Reaching safepoint: 182916 ns, At safepoint: 7917 ns, Total: 190833 ns
[2025-09-23T12:39:03.542+0000][70][safepoint   ] Safepoint "Cleanup", Time since last: 8008786671 ns, Reaching safepoint: 207000 ns, At safepoint: 9375 ns, Total: 216375 ns
[2025-09-23T12:39:07.547+0000][70][safepoint   ] Safepoint "Cleanup", Time since last: 4005611210 ns, Reaching safepoint: 106458 ns, At safepoint: 3583 ns, Total: 110041 ns
[2025-09-23T12:39:16.557+0000][70][safepoint   ] Safepoint "Cleanup", Time since last: 9009099337 ns, Reaching safepoint: 323375 ns, At safepoint: 61459 ns, Total: 384834 ns
[2025-09-23T12:39:25.566+0000][70][safepoint   ] Safepoint "Cleanup", Time since last: 9008635379 ns, Reaching safepoint: 451583 ns, At safepoint: 3667 ns, Total: 455250 ns
[2025-09-23T12:39:29.075+0000][70][gc,start    ] GC(52) Pause Young (Normal) (G1 Evacuation Pause)
[2025-09-23T12:39:29.076+0000][70][gc,task     ] GC(52) Using 8 workers of 8 for evacuation
[2025-09-23T12:39:29.076+0000][70][gc,age      ] GC(52) Desired survivor size 81788928 bytes, new threshold 15 (max threshold 15)
[2025-09-23T12:39:29.086+0000][70][gc,phases   ] GC(52)   Pre Evacuate Collection Set: 0.4ms
[2025-09-23T12:39:29.086+0000][70][gc,phases   ] GC(52)   Merge Heap Roots: 0.2ms
[2025-09-23T12:39:29.086+0000][70][gc,phases   ] GC(52)   Evacuate Collection Set: 6.8ms
[2025-09-23T12:39:29.086+0000][70][gc,phases   ] GC(52)   Post Evacuate Collection Set: 2.5ms
[2025-09-23T12:39:29.086+0000][70][gc,phases   ] GC(52)   Other: 0.3ms
[2025-09-23T12:39:29.086+0000][70][gc,age      ] GC(52) Age table with threshold 15 (max threshold 15)
[2025-09-23T12:39:29.086+0000][70][gc,age      ] GC(52) - age   1:    4447184 bytes,    4447184 total
[2025-09-23T12:39:29.086+0000][70][gc,age      ] GC(52) - age   2:     314216 bytes,    4761400 total
[2025-09-23T12:39:29.086+0000][70][gc,age      ] GC(52) - age   3:     155976 bytes,    4917376 total
[2025-09-23T12:39:29.086+0000][70][gc,age      ] GC(52) - age   4:     251832 bytes,    5169208 total
[2025-09-23T12:39:29.086+0000][70][gc,age      ] GC(52) - age   5:      28184 bytes,    5197392 total
[2025-09-23T12:39:29.086+0000][70][gc,age      ] GC(52) - age   6:      10680 bytes,    5208072 total
[2025-09-23T12:39:29.086+0000][70][gc,age      ] GC(52) - age   7:      11800 bytes,    5219872 total
[2025-09-23T12:39:29.086+0000][70][gc,age      ] GC(52) - age   8:       4480 bytes,    5224352 total
[2025-09-23T12:39:29.086+0000][70][gc,age      ] GC(52) - age   9:       5232 bytes,    5229584 total
[2025-09-23T12:39:29.086+0000][70][gc,age      ] GC(52) - age  10:      85720 bytes,    5315304 total
[2025-09-23T12:39:29.086+0000][70][gc,age      ] GC(52) - age  11:      12768 bytes,    5328072 total
[2025-09-23T12:39:29.087+0000][70][gc,age      ] GC(52) - age  12:      12680 bytes,    5340752 total
[2025-09-23T12:39:29.087+0000][70][gc,age      ] GC(52) - age  13:      36768 bytes,    5377520 total
[2025-09-23T12:39:29.087+0000][70][gc,age      ] GC(52) - age  14:       4680 bytes,    5382200 total
[2025-09-23T12:39:29.087+0000][70][gc,age      ] GC(52) - age  15:       9928 bytes,    5392128 total
[2025-09-23T12:39:29.087+0000][70][gc,heap     ] GC(52) Eden regions: 305->0(305)
[2025-09-23T12:39:29.087+0000][70][gc,heap     ] GC(52) Survivor regions: 2->2(39)
[2025-09-23T12:39:29.087+0000][70][gc,heap     ] GC(52) Old regions: 33->33
[2025-09-23T12:39:29.087+0000][70][gc,heap     ] GC(52) Archive regions: 2->2
[2025-09-23T12:39:29.087+0000][70][gc,heap     ] GC(52) Humongous regions: 4->4
[2025-09-23T12:39:29.087+0000][70][gc,metaspace] GC(52) Metaspace: 139291K(142784K)->139291K(142784K) NonClass: 121407K(123200K)->121407K(123200K) Class: 17883K(19584K)->17883K(19584K)
[2025-09-23T12:39:29.087+0000][70][gc          ] GC(52) Pause Young (Normal) (G1 Evacuation Pause) 1376M->157M(2048M) 11.515ms
[2025-09-23T12:39:29.087+0000][70][gc,cpu      ] GC(52) User=0.05s Sys=0.00s Real=0.01s
[2025-09-23T12:39:29.087+0000][70][safepoint   ] Safepoint "G1CollectForAllocation", Time since last: 3508876668 ns, Reaching safepoint: 103375 ns, At safepoint: 11673792 ns, Total: 11777167 ns
[2025-09-23T12:39:30.091+0000][70][safepoint   ] Safepoint "Cleanup", Time since last: 1002446126 ns, Reaching safepoint: 1162791 ns, At safepoint: 39417 ns, Total: 1202208 ns
[2025-09-23T12:39:34.095+0000][70][safepoint   ] Safepoint "Cleanup", Time since last: 4004166627 ns, Reaching safepoint: 64125 ns, At safepoint: 5541 ns, Total: 69666 ns
[2025-09-23T12:40:01.247+0000][70][safepoint   ] Safepoint "Cleanup", Time since last: 27151969637 ns, Reaching safepoint: 445125 ns, At safepoint: 4500 ns, Total: 449625 ns
[2025-09-23T12:40:02.249+0000][70][safepoint   ] Safepoint "Cleanup", Time since last: 1001510543 ns, Reaching safepoint: 53375 ns, At safepoint: 2833 ns, Total: 56208 ns
[2025-09-23T12:40:03.251+0000][70][safepoint   ] Safepoint "Cleanup", Time since last: 1001781542 ns, Reaching safepoint: 168542 ns, At safepoint: 7583 ns, Total: 176125 ns
[2025-09-23T12:40:07.255+0000][70][safepoint   ] Safepoint "Cleanup", Time since last: 4004008835 ns, Reaching safepoint: 199792 ns, At safepoint: 3500 ns, Total: 203292 ns
[2025-09-23T12:40:08.256+0000][70][safepoint   ] Safepoint "Cleanup", Time since last: 1000800917 ns, Reaching safepoint: 140833 ns, At safepoint: 4417 ns, Total: 145250 ns
[2025-09-23T12:40:10.258+0000][70][safepoint   ] Safepoint "Cleanup", Time since last: 2001855043 ns, Reaching safepoint: 158208 ns, At safepoint: 3375 ns, Total: 161583 ns
[2025-09-23T12:40:16.263+0000][70][safepoint   ] Safepoint "Cleanup", Time since last: 6004846211 ns, Reaching safepoint: 389042 ns, At safepoint: 5208 ns, Total: 394250 ns
[2025-09-23T12:40:19.266+0000][70][safepoint   ] Safepoint "Cleanup", Time since last: 3002612960 ns, Reaching safepoint: 160833 ns, At safepoint: 3625 ns, Total: 164458 ns
[2025-09-23T12:40:20.092+0000][70][gc,start    ] GC(53) Pause Young (Normal) (G1 Evacuation Pause)
[2025-09-23T12:40:20.092+0000][70][gc,task     ] GC(53) Using 8 workers of 8 for evacuation
[2025-09-23T12:40:20.092+0000][70][gc,age      ] GC(53) Desired survivor size 81788928 bytes, new threshold 15 (max threshold 15)
[2025-09-23T12:40:20.118+0000][70][gc,phases   ] GC(53)   Pre Evacuate Collection Set: 0.6ms
[2025-09-23T12:40:20.118+0000][70][gc,phases   ] GC(53)   Merge Heap Roots: 0.2ms
[2025-09-23T12:40:20.118+0000][70][gc,phases   ] GC(53)   Evacuate Collection Set: 17.2ms
[2025-09-23T12:40:20.118+0000][70][gc,phases   ] GC(53)   Post Evacuate Collection Set: 7.6ms
[2025-09-23T12:40:20.118+0000][70][gc,phases   ] GC(53)   Other: 0.3ms
[2025-09-23T12:40:20.118+0000][70][gc,age      ] GC(53) Age table with threshold 15 (max threshold 15)
[2025-09-23T12:40:20.118+0000][70][gc,age      ] GC(53) - age   1:    4662160 bytes,    4662160 total
[2025-09-23T12:40:20.118+0000][70][gc,age      ] GC(53) - age   2:      85424 bytes,    4747584 total
[2025-09-23T12:40:20.118+0000][70][gc,age      ] GC(53) - age   3:     160736 bytes,    4908320 total
[2025-09-23T12:40:20.118+0000][70][gc,age      ] GC(53) - age   4:      76928 bytes,    4985248 total
[2025-09-23T12:40:20.118+0000][70][gc,age      ] GC(53) - age   5:     225408 bytes,    5210656 total
[2025-09-23T12:40:20.118+0000][70][gc,age      ] GC(53) - age   6:      27800 bytes,    5238456 total
[2025-09-23T12:40:20.118+0000][70][gc,age      ] GC(53) - age   7:      10552 bytes,    5249008 total
[2025-09-23T12:40:20.118+0000][70][gc,age      ] GC(53) - age   8:      11736 bytes,    5260744 total
[2025-09-23T12:40:20.119+0000][70][gc,age      ] GC(53) - age   9:       4440 bytes,    5265184 total
[2025-09-23T12:40:20.119+0000][70][gc,age      ] GC(53) - age  10:       5232 bytes,    5270416 total
[2025-09-23T12:40:20.119+0000][70][gc,age      ] GC(53) - age  11:      85464 bytes,    5355880 total
[2025-09-23T12:40:20.119+0000][70][gc,age      ] GC(53) - age  12:      12768 bytes,    5368648 total
[2025-09-23T12:40:20.119+0000][70][gc,age      ] GC(53) - age  13:      12680 bytes,    5381328 total
[2025-09-23T12:40:20.119+0000][70][gc,age      ] GC(53) - age  14:      36768 bytes,    5418096 total
[2025-09-23T12:40:20.119+0000][70][gc,age      ] GC(53) - age  15:       4680 bytes,    5422776 total
[2025-09-23T12:40:20.119+0000][70][gc,heap     ] GC(53) Eden regions: 305->0(305)
[2025-09-23T12:40:20.119+0000][70][gc,heap     ] GC(53) Survivor regions: 2->2(39)
[2025-09-23T12:40:20.119+0000][70][gc,heap     ] GC(53) Old regions: 33->33
[2025-09-23T12:40:20.119+0000][70][gc,heap     ] GC(53) Archive regions: 2->2
[2025-09-23T12:40:20.119+0000][70][gc,heap     ] GC(53) Humongous regions: 4->4
[2025-09-23T12:40:20.119+0000][70][gc,metaspace] GC(53) Metaspace: 139312K(142784K)->139312K(142784K) NonClass: 121428K(123200K)->121428K(123200K) Class: 17883K(19584K)->17883K(19584K)
[2025-09-23T12:40:20.119+0000][70][gc          ] GC(53) Pause Young (Normal) (G1 Evacuation Pause) 1377M->157M(2048M) 27.446ms
[2025-09-23T12:40:20.119+0000][70][gc,cpu      ] GC(53) User=0.12s Sys=0.01s Real=0.03s
[2025-09-23T12:40:20.119+0000][70][safepoint   ] Safepoint "G1CollectForAllocation", Time since last: 825671209 ns, Reaching safepoint: 141208 ns, At safepoint: 27652375 ns, Total: 27793583 ns
[2025-09-23T12:40:25.124+0000][70][safepoint   ] Safepoint "Cleanup", Time since last: 5004346503 ns, Reaching safepoint: 439875 ns, At safepoint: 3958 ns, Total: 443833 ns
[2025-09-23T12:40:26.126+0000][70][safepoint   ] Safepoint "Cleanup", Time since last: 1001537084 ns, Reaching safepoint: 79000 ns, At safepoint: 3250 ns, Total: 82250 ns
[2025-09-23T12:40:38.138+0000][70][safepoint   ] Safepoint "Cleanup", Time since last: 12011945005 ns, Reaching safepoint: 404125 ns, At safepoint: 3792 ns, Total: 407917 ns
[2025-09-23T12:40:44.145+0000][70][safepoint   ] Safepoint "Cleanup", Time since last: 6005561002 ns, Reaching safepoint: 274875 ns, At safepoint: 3500 ns, Total: 278375 ns
[2025-09-23T12:40:47.147+0000][70][safepoint   ] Safepoint "Cleanup", Time since last: 3002714085 ns, Reaching safepoint: 53166 ns, At safepoint: 3167 ns, Total: 56333 ns
[2025-09-23T12:40:56.157+0000][70][safepoint   ] Safepoint "Cleanup", Time since last: 9008959504 ns, Reaching safepoint: 334250 ns, At safepoint: 11584 ns, Total: 345834 ns
[2025-09-23T12:41:03.164+0000][70][safepoint   ] Safepoint "Cleanup", Time since last: 7006668378 ns, Reaching safepoint: 442083 ns, At safepoint: 4084 ns, Total: 446167 ns
[2025-09-23T12:41:11.175+0000][70][safepoint   ] Safepoint "Cleanup", Time since last: 8010529253 ns, Reaching safepoint: 276959 ns, At safepoint: 3500 ns, Total: 280459 ns
[2025-09-23T12:41:12.175+0000][70][safepoint   ] Safepoint "Cleanup", Time since last: 1000717542 ns, Reaching safepoint: 108833 ns, At safepoint: 8709 ns, Total: 117542 ns
[2025-09-23T12:41:13.566+0000][70][gc,start    ] GC(54) Pause Young (Normal) (G1 Evacuation Pause)
[2025-09-23T12:41:13.566+0000][70][gc,task     ] GC(54) Using 8 workers of 8 for evacuation
[2025-09-23T12:41:13.566+0000][70][gc,age      ] GC(54) Desired survivor size 81788928 bytes, new threshold 15 (max threshold 15)
[2025-09-23T12:41:13.584+0000][70][gc,phases   ] GC(54)   Pre Evacuate Collection Set: 0.8ms
[2025-09-23T12:41:13.584+0000][70][gc,phases   ] GC(54)   Merge Heap Roots: 0.3ms
[2025-09-23T12:41:13.584+0000][70][gc,phases   ] GC(54)   Evacuate Collection Set: 12.0ms
[2025-09-23T12:41:13.584+0000][70][gc,phases   ] GC(54)   Post Evacuate Collection Set: 4.4ms
[2025-09-23T12:41:13.584+0000][70][gc,phases   ] GC(54)   Other: 0.4ms
[2025-09-23T12:41:13.584+0000][70][gc,age      ] GC(54) Age table with threshold 15 (max threshold 15)
[2025-09-23T12:41:13.585+0000][70][gc,age      ] GC(54) - age   1:    5261456 bytes,    5261456 total
[2025-09-23T12:41:13.585+0000][70][gc,age      ] GC(54) - age   2:     175912 bytes,    5437368 total
[2025-09-23T12:41:13.585+0000][70][gc,age      ] GC(54) - age   3:      83040 bytes,    5520408 total
[2025-09-23T12:41:13.585+0000][70][gc,age      ] GC(54) - age   4:     158904 bytes,    5679312 total
[2025-09-23T12:41:13.585+0000][70][gc,age      ] GC(54) - age   5:      75040 bytes,    5754352 total
[2025-09-23T12:41:13.585+0000][70][gc,age      ] GC(54) - age   6:     224920 bytes,    5979272 total
[2025-09-23T12:41:13.585+0000][70][gc,age      ] GC(54) - age   7:      27440 bytes,    6006712 total
[2025-09-23T12:41:13.585+0000][70][gc,age      ] GC(54) - age   8:      10416 bytes,    6017128 total
[2025-09-23T12:41:13.585+0000][70][gc,age      ] GC(54) - age   9:      11608 bytes,    6028736 total
[2025-09-23T12:41:13.585+0000][70][gc,age      ] GC(54) - age  10:       4440 bytes,    6033176 total
[2025-09-23T12:41:13.585+0000][70][gc,age      ] GC(54) - age  11:       5168 bytes,    6038344 total
[2025-09-23T12:41:13.585+0000][70][gc,age      ] GC(54) - age  12:      84320 bytes,    6122664 total
[2025-09-23T12:41:13.585+0000][70][gc,age      ] GC(54) - age  13:      11520 bytes,    6134184 total
[2025-09-23T12:41:13.585+0000][70][gc,age      ] GC(54) - age  14:      12680 bytes,    6146864 total
[2025-09-23T12:41:13.585+0000][70][gc,age      ] GC(54) - age  15:      36768 bytes,    6183632 total
[2025-09-23T12:41:13.585+0000][70][gc,heap     ] GC(54) Eden regions: 305->0(305)
[2025-09-23T12:41:13.585+0000][70][gc,heap     ] GC(54) Survivor regions: 2->2(39)
[2025-09-23T12:41:13.585+0000][70][gc,heap     ] GC(54) Old regions: 33->33
[2025-09-23T12:41:13.585+0000][70][gc,heap     ] GC(54) Archive regions: 2->2
[2025-09-23T12:41:13.585+0000][70][gc,heap     ] GC(54) Humongous regions: 4->4
[2025-09-23T12:41:13.585+0000][70][gc,metaspace] GC(54) Metaspace: 139317K(142784K)->139317K(142784K) NonClass: 121433K(123200K)->121433K(123200K) Class: 17883K(19584K)->17883K(19584K)
[2025-09-23T12:41:13.586+0000][70][gc          ] GC(54) Pause Young (Normal) (G1 Evacuation Pause) 1377M->157M(2048M) 19.670ms
[2025-09-23T12:41:13.586+0000][70][gc,cpu      ] GC(54) User=0.12s Sys=0.00s Real=0.02s
[2025-09-23T12:41:13.586+0000][70][safepoint   ] Safepoint "G1CollectForAllocation", Time since last: 1390298292 ns, Reaching safepoint: 107583 ns, At safepoint: 19879875 ns, Total: 19987458 ns
[2025-09-23T12:41:14.578+0000][70][safepoint   ] Safepoint "Cleanup", Time since last: 1000635792 ns, Reaching safepoint: 209709 ns, At safepoint: 3375 ns, Total: 213084 ns
[2025-09-23T12:41:19.583+0000][70][safepoint   ] Safepoint "Cleanup", Time since last: 5004789252 ns, Reaching safepoint: 344875 ns, At safepoint: 3875 ns, Total: 348750 ns
[2025-09-23T12:41:25.588+0000][70][safepoint   ] Safepoint "Cleanup", Time since last: 6004698753 ns, Reaching safepoint: 322958 ns, At safepoint: 3792 ns, Total: 326750 ns
[2025-09-23T12:41:26.590+0000][70][safepoint   ] Safepoint "Cleanup", Time since last: 1000678417 ns, Reaching safepoint: 1006667 ns, At safepoint: 11500 ns, Total: 1018167 ns
[2025-09-23T12:41:32.597+0000][70][safepoint   ] Safepoint "Cleanup", Time since last: 6006073544 ns, Reaching safepoint: 492084 ns, At safepoint: 4541 ns, Total: 496625 ns
[2025-09-23T12:41:38.603+0000][70][safepoint   ] Safepoint "Cleanup", Time since last: 6005633212 ns, Reaching safepoint: 832208 ns, At safepoint: 111583 ns, Total: 943791 ns
[2025-09-23T12:41:55.630+0000][70][safepoint   ] Safepoint "Cleanup", Time since last: 17017782133 ns, Reaching safepoint: 450791 ns, At safepoint: 11000 ns, Total: 461791 ns
[2025-09-23T12:42:01.645+0000][70][safepoint   ] Safepoint "Cleanup", Time since last: 6014045087 ns, Reaching safepoint: 395250 ns, At safepoint: 3916 ns, Total: 399166 ns
[2025-09-23T12:42:07.653+0000][70][safepoint   ] Safepoint "Cleanup", Time since last: 6007407253 ns, Reaching safepoint: 327333 ns, At safepoint: 21792 ns, Total: 349125 ns
[2025-09-23T12:42:07.810+0000][70][gc,start    ] GC(55) Pause Young (Normal) (G1 Evacuation Pause)
[2025-09-23T12:42:07.812+0000][70][gc,task     ] GC(55) Using 8 workers of 8 for evacuation
[2025-09-23T12:42:07.812+0000][70][gc,age      ] GC(55) Desired survivor size 81788928 bytes, new threshold 15 (max threshold 15)
[2025-09-23T12:42:07.825+0000][70][gc,phases   ] GC(55)   Pre Evacuate Collection Set: 0.4ms
[2025-09-23T12:42:07.825+0000][70][gc,phases   ] GC(55)   Merge Heap Roots: 0.2ms
[2025-09-23T12:42:07.825+0000][70][gc,phases   ] GC(55)   Evacuate Collection Set: 6.8ms
[2025-09-23T12:42:07.825+0000][70][gc,phases   ] GC(55)   Post Evacuate Collection Set: 4.0ms
[2025-09-23T12:42:07.825+0000][70][gc,phases   ] GC(55)   Other: 2.0ms
[2025-09-23T12:42:07.825+0000][70][gc,age      ] GC(55) Age table with threshold 15 (max threshold 15)
[2025-09-23T12:42:07.825+0000][70][gc,age      ] GC(55) - age   1:    5498320 bytes,    5498320 total
[2025-09-23T12:42:07.825+0000][70][gc,age      ] GC(55) - age   2:     255488 bytes,    5753808 total
[2025-09-23T12:42:07.825+0000][70][gc,age      ] GC(55) - age   3:     125032 bytes,    5878840 total
[2025-09-23T12:42:07.825+0000][70][gc,age      ] GC(55) - age   4:      82024 bytes,    5960864 total
[2025-09-23T12:42:07.825+0000][70][gc,age      ] GC(55) - age   5:     119832 bytes,    6080696 total
[2025-09-23T12:42:07.825+0000][70][gc,age      ] GC(55) - age   6:       3976 bytes,    6084672 total
[2025-09-23T12:42:07.825+0000][70][gc,age      ] GC(55) - age   7:      64816 bytes,    6149488 total
[2025-09-23T12:42:07.825+0000][70][gc,age      ] GC(55) - age   8:      27376 bytes,    6176864 total
[2025-09-23T12:42:07.825+0000][70][gc,age      ] GC(55) - age   9:      10352 bytes,    6187216 total
[2025-09-23T12:42:07.825+0000][70][gc,age      ] GC(55) - age  10:      11608 bytes,    6198824 total
[2025-09-23T12:42:07.825+0000][70][gc,age      ] GC(55) - age  11:       4440 bytes,    6203264 total
[2025-09-23T12:42:07.825+0000][70][gc,age      ] GC(55) - age  12:       5168 bytes,    6208432 total
[2025-09-23T12:42:07.826+0000][70][gc,age      ] GC(55) - age  13:      83784 bytes,    6292216 total
[2025-09-23T12:42:07.826+0000][70][gc,age      ] GC(55) - age  14:      11520 bytes,    6303736 total
[2025-09-23T12:42:07.826+0000][70][gc,age      ] GC(55) - age  15:      12680 bytes,    6316416 total
[2025-09-23T12:42:07.826+0000][70][gc,heap     ] GC(55) Eden regions: 305->0(305)
[2025-09-23T12:42:07.826+0000][70][gc,heap     ] GC(55) Survivor regions: 2->2(39)
[2025-09-23T12:42:07.826+0000][70][gc,heap     ] GC(55) Old regions: 33->33
[2025-09-23T12:42:07.826+0000][70][gc,heap     ] GC(55) Archive regions: 2->2
[2025-09-23T12:42:07.826+0000][70][gc,heap     ] GC(55) Humongous regions: 4->4
[2025-09-23T12:42:07.826+0000][70][gc,metaspace] GC(55) Metaspace: 139341K(142848K)->139341K(142848K) NonClass: 121457K(123264K)->121457K(123264K) Class: 17883K(19584K)->17883K(19584K)
[2025-09-23T12:42:07.826+0000][70][gc          ] GC(55) Pause Young (Normal) (G1 Evacuation Pause) 1377M->158M(2048M) 16.141ms
[2025-09-23T12:42:07.826+0000][70][gc,cpu      ] GC(55) User=0.05s Sys=0.00s Real=0.02s
[2025-09-23T12:42:07.826+0000][70][safepoint   ] Safepoint "G1CollectForAllocation", Time since last: 154618125 ns, Reaching safepoint: 549792 ns, At safepoint: 18195583 ns, Total: 18745375 ns
[2025-09-23T12:42:27.845+0000][70][safepoint   ] Safepoint "Cleanup", Time since last: 20020437843 ns, Reaching safepoint: 962166 ns, At safepoint: 33292 ns, Total: 995458 ns
[2025-09-23T12:42:28.847+0000][70][safepoint   ] Safepoint "Cleanup", Time since last: 1001523751 ns, Reaching safepoint: 141458 ns, At safepoint: 7417 ns, Total: 148875 ns
[2025-09-23T12:42:34.853+0000][70][safepoint   ] Safepoint "Cleanup", Time since last: 6005847502 ns, Reaching safepoint: 330834 ns, At safepoint: 11250 ns, Total: 342084 ns
[2025-09-23T12:42:35.854+0000][70][safepoint   ] Safepoint "Cleanup", Time since last: 1000667750 ns, Reaching safepoint: 160375 ns, At safepoint: 3584 ns, Total: 163959 ns
[2025-09-23T12:42:43.862+0000][70][safepoint   ] Safepoint "Cleanup", Time since last: 8007825003 ns, Reaching safepoint: 512084 ns, At safepoint: 5583 ns, Total: 517667 ns
[2025-09-23T12:42:53.878+0000][70][safepoint   ] Safepoint "Cleanup", Time since last: 10012490629 ns, Reaching safepoint: 451083 ns, At safepoint: 10667 ns, Total: 461750 ns
[2025-09-23T12:42:57.883+0000][70][safepoint   ] Safepoint "Cleanup", Time since last: 4004603710 ns, Reaching safepoint: 578167 ns, At safepoint: 10833 ns, Total: 589000 ns
[2025-09-23T12:43:01.042+0000][70][gc,start    ] GC(56) Pause Young (Normal) (G1 Evacuation Pause)
[2025-09-23T12:43:01.043+0000][70][gc,task     ] GC(56) Using 8 workers of 8 for evacuation
[2025-09-23T12:43:01.043+0000][70][gc,age      ] GC(56) Desired survivor size 81788928 bytes, new threshold 15 (max threshold 15)
[2025-09-23T12:43:01.054+0000][70][gc,phases   ] GC(56)   Pre Evacuate Collection Set: 0.6ms
[2025-09-23T12:43:01.054+0000][70][gc,phases   ] GC(56)   Merge Heap Roots: 0.2ms
[2025-09-23T12:43:01.054+0000][70][gc,phases   ] GC(56)   Evacuate Collection Set: 6.6ms
[2025-09-23T12:43:01.054+0000][70][gc,phases   ] GC(56)   Post Evacuate Collection Set: 3.6ms
[2025-09-23T12:43:01.054+0000][70][gc,phases   ] GC(56)   Other: 0.3ms
[2025-09-23T12:43:01.054+0000][70][gc,age      ] GC(56) Age table with threshold 15 (max threshold 15)
[2025-09-23T12:43:01.054+0000][70][gc,age      ] GC(56) - age   1:    4163224 bytes,    4163224 total
[2025-09-23T12:43:01.054+0000][70][gc,age      ] GC(56) - age   2:     266344 bytes,    4429568 total
[2025-09-23T12:43:01.054+0000][70][gc,age      ] GC(56) - age   3:      71288 bytes,    4500856 total
[2025-09-23T12:43:01.054+0000][70][gc,age      ] GC(56) - age   4:     120472 bytes,    4621328 total
[2025-09-23T12:43:01.054+0000][70][gc,age      ] GC(56) - age   5:      42664 bytes,    4663992 total
[2025-09-23T12:43:01.054+0000][70][gc,age      ] GC(56) - age   6:     119432 bytes,    4783424 total
[2025-09-23T12:43:01.055+0000][70][gc,age      ] GC(56) - age   7:       3720 bytes,    4787144 total
[2025-09-23T12:43:01.055+0000][70][gc,age      ] GC(56) - age   8:      64304 bytes,    4851448 total
[2025-09-23T12:43:01.055+0000][70][gc,age      ] GC(56) - age   9:      27048 bytes,    4878496 total
[2025-09-23T12:43:01.055+0000][70][gc,age      ] GC(56) - age  10:      10168 bytes,    4888664 total
[2025-09-23T12:43:01.055+0000][70][gc,age      ] GC(56) - age  11:      11608 bytes,    4900272 total
[2025-09-23T12:43:01.055+0000][70][gc,age      ] GC(56) - age  12:       4248 bytes,    4904520 total
[2025-09-23T12:43:01.055+0000][70][gc,age      ] GC(56) - age  13:       4840 bytes,    4909360 total
[2025-09-23T12:43:01.055+0000][70][gc,age      ] GC(56) - age  14:      83784 bytes,    4993144 total
[2025-09-23T12:43:01.055+0000][70][gc,age      ] GC(56) - age  15:      11456 bytes,    5004600 total
[2025-09-23T12:43:01.055+0000][70][gc,heap     ] GC(56) Eden regions: 305->0(305)
[2025-09-23T12:43:01.055+0000][70][gc,heap     ] GC(56) Survivor regions: 2->2(39)
[2025-09-23T12:43:01.055+0000][70][gc,heap     ] GC(56) Old regions: 33->33
[2025-09-23T12:43:01.055+0000][70][gc,heap     ] GC(56) Archive regions: 2->2
[2025-09-23T12:43:01.055+0000][70][gc,heap     ] GC(56) Humongous regions: 4->4
[2025-09-23T12:43:01.055+0000][70][gc,metaspace] GC(56) Metaspace: 139350K(142848K)->139350K(142848K) NonClass: 121466K(123264K)->121466K(123264K) Class: 17883K(19584K)->17883K(19584K)
[2025-09-23T12:43:01.055+0000][70][gc          ] GC(56) Pause Young (Normal) (G1 Evacuation Pause) 1378M->156M(2048M) 13.241ms
[2025-09-23T12:43:01.056+0000][70][gc,cpu      ] GC(56) User=0.06s Sys=0.00s Real=0.01s
[2025-09-23T12:43:01.056+0000][70][safepoint   ] Safepoint "G1CollectForAllocation", Time since last: 3158438293 ns, Reaching safepoint: 179584 ns, At safepoint: 13532583 ns, Total: 13712167 ns
[2025-09-23T12:43:04.059+0000][70][safepoint   ] Safepoint "Cleanup", Time since last: 3002253668 ns, Reaching safepoint: 950042 ns, At safepoint: 7708 ns, Total: 957750 ns
[2025-09-23T12:43:23.078+0000][70][safepoint   ] Safepoint "Cleanup", Time since last: 19019320092 ns, Reaching safepoint: 221000 ns, At safepoint: 5541 ns, Total: 226541 ns
[2025-09-23T12:43:37.093+0000][70][safepoint   ] Safepoint "Cleanup", Time since last: 14014439174 ns, Reaching safepoint: 397333 ns, At safepoint: 3708 ns, Total: 401041 ns
[2025-09-23T12:43:42.099+0000][70][safepoint   ] Safepoint "Cleanup", Time since last: 5005669836 ns, Reaching safepoint: 474042 ns, At safepoint: 18125 ns, Total: 492167 ns
[2025-09-23T12:43:54.120+0000][70][safepoint   ] Safepoint "Cleanup", Time since last: 12019509213 ns, Reaching safepoint: 650417 ns, At safepoint: 12083 ns, Total: 662500 ns
[2025-09-23T12:43:58.125+0000][70][safepoint   ] Safepoint "Cleanup", Time since last: 4004532585 ns, Reaching safepoint: 302667 ns, At safepoint: 9833 ns, Total: 312500 ns
[2025-09-23T12:44:00.993+0000][70][gc,start    ] GC(57) Pause Young (Normal) (G1 Evacuation Pause)
[2025-09-23T12:44:00.993+0000][70][gc,task     ] GC(57) Using 8 workers of 8 for evacuation
[2025-09-23T12:44:00.993+0000][70][gc,age      ] GC(57) Desired survivor size 81788928 bytes, new threshold 15 (max threshold 15)
[2025-09-23T12:44:01.003+0000][70][gc,phases   ] GC(57)   Pre Evacuate Collection Set: 0.7ms
[2025-09-23T12:44:01.004+0000][70][gc,phases   ] GC(57)   Merge Heap Roots: 0.3ms
[2025-09-23T12:44:01.004+0000][70][gc,phases   ] GC(57)   Evacuate Collection Set: 6.1ms
[2025-09-23T12:44:01.004+0000][70][gc,phases   ] GC(57)   Post Evacuate Collection Set: 2.2ms
[2025-09-23T12:44:01.004+0000][70][gc,phases   ] GC(57)   Other: 0.6ms
[2025-09-23T12:44:01.004+0000][70][gc,age      ] GC(57) Age table with threshold 15 (max threshold 15)
[2025-09-23T12:44:01.004+0000][70][gc,age      ] GC(57) - age   1:    4445416 bytes,    4445416 total
[2025-09-23T12:44:01.004+0000][70][gc,age      ] GC(57) - age   2:     195952 bytes,    4641368 total
[2025-09-23T12:44:01.004+0000][70][gc,age      ] GC(57) - age   3:     262216 bytes,    4903584 total
[2025-09-23T12:44:01.005+0000][70][gc,age      ] GC(57) - age   4:      70304 bytes,    4973888 total
[2025-09-23T12:44:01.005+0000][70][gc,age      ] GC(57) - age   5:      81200 bytes,    5055088 total
[2025-09-23T12:44:01.005+0000][70][gc,age      ] GC(57) - age   6:      42472 bytes,    5097560 total
[2025-09-23T12:44:01.005+0000][70][gc,age      ] GC(57) - age   7:     119176 bytes,    5216736 total
[2025-09-23T12:44:01.005+0000][70][gc,age      ] GC(57) - age   8:       3504 bytes,    5220240 total
[2025-09-23T12:44:01.005+0000][70][gc,age      ] GC(57) - age   9:      64264 bytes,    5284504 total
[2025-09-23T12:44:01.005+0000][70][gc,age      ] GC(57) - age  10:      27048 bytes,    5311552 total
[2025-09-23T12:44:01.005+0000][70][gc,age      ] GC(57) - age  11:       9976 bytes,    5321528 total
[2025-09-23T12:44:01.005+0000][70][gc,age      ] GC(57) - age  12:      11544 bytes,    5333072 total
[2025-09-23T12:44:01.005+0000][70][gc,age      ] GC(57) - age  13:       4248 bytes,    5337320 total
[2025-09-23T12:44:01.005+0000][70][gc,age      ] GC(57) - age  14:       4840 bytes,    5342160 total
[2025-09-23T12:44:01.005+0000][70][gc,age      ] GC(57) - age  15:      83720 bytes,    5425880 total
[2025-09-23T12:44:01.005+0000][70][gc,heap     ] GC(57) Eden regions: 305->0(305)
[2025-09-23T12:44:01.006+0000][70][gc,heap     ] GC(57) Survivor regions: 2->2(39)
[2025-09-23T12:44:01.006+0000][70][gc,heap     ] GC(57) Old regions: 33->33
[2025-09-23T12:44:01.006+0000][70][gc,heap     ] GC(57) Archive regions: 2->2
[2025-09-23T12:44:01.006+0000][70][gc,heap     ] GC(57) Humongous regions: 4->4
[2025-09-23T12:44:01.006+0000][70][gc,metaspace] GC(57) Metaspace: 139386K(142848K)->139386K(142848K) NonClass: 121501K(123264K)->121501K(123264K) Class: 17885K(19584K)->17885K(19584K)
[2025-09-23T12:44:01.006+0000][70][gc          ] GC(57) Pause Young (Normal) (G1 Evacuation Pause) 1376M->157M(2048M) 13.882ms
[2025-09-23T12:44:01.007+0000][70][gc,cpu      ] GC(57) User=0.05s Sys=0.01s Real=0.01s
[2025-09-23T12:44:01.007+0000][70][safepoint   ] Safepoint "G1CollectForAllocation", Time since last: 2867376293 ns, Reaching safepoint: 126584 ns, At safepoint: 14103541 ns, Total: 14230125 ns
[2025-09-23T12:44:02.008+0000][70][safepoint   ] Safepoint "Cleanup", Time since last: 1001684667 ns, Reaching safepoint: 214042 ns, At safepoint: 6917 ns, Total: 220959 ns
[2025-09-23T12:44:04.011+0000][70][safepoint   ] Safepoint "Cleanup", Time since last: 2001914709 ns, Reaching safepoint: 184458 ns, At safepoint: 3667 ns, Total: 188125 ns
[2025-09-23T12:44:11.018+0000][70][safepoint   ] Safepoint "Cleanup", Time since last: 7006816753 ns, Reaching safepoint: 285084 ns, At safepoint: 11708 ns, Total: 296792 ns
[2025-09-23T12:44:23.029+0000][70][safepoint   ] Safepoint "Cleanup", Time since last: 12010761922 ns, Reaching safepoint: 324000 ns, At safepoint: 16792 ns, Total: 340792 ns
[2025-09-23T12:44:26.032+0000][70][safepoint   ] Safepoint "Cleanup", Time since last: 3003559001 ns, Reaching safepoint: 179375 ns, At safepoint: 3834 ns, Total: 183209 ns
[2025-09-23T12:44:27.033+0000][70][safepoint   ] Safepoint "Cleanup", Time since last: 1000826917 ns, Reaching safepoint: 193375 ns, At safepoint: 8208 ns, Total: 201583 ns
[2025-09-23T12:44:35.041+0000][70][safepoint   ] Safepoint "Cleanup", Time since last: 8007799045 ns, Reaching safepoint: 290625 ns, At safepoint: 4375 ns, Total: 295000 ns
[2025-09-23T12:44:56.845+0000][70][gc,start    ] GC(58) Pause Young (Normal) (G1 Evacuation Pause)
[2025-09-23T12:44:56.846+0000][70][gc,task     ] GC(58) Using 8 workers of 8 for evacuation
[2025-09-23T12:44:56.846+0000][70][gc,age      ] GC(58) Desired survivor size 81788928 bytes, new threshold 15 (max threshold 15)
[2025-09-23T12:44:56.869+0000][70][gc,phases   ] GC(58)   Pre Evacuate Collection Set: 0.8ms
[2025-09-23T12:44:56.869+0000][70][gc,phases   ] GC(58)   Merge Heap Roots: 0.4ms
[2025-09-23T12:44:56.869+0000][70][gc,phases   ] GC(58)   Evacuate Collection Set: 16.4ms
[2025-09-23T12:44:56.869+0000][70][gc,phases   ] GC(58)   Post Evacuate Collection Set: 5.0ms
[2025-09-23T12:44:56.869+0000][70][gc,phases   ] GC(58)   Other: 0.4ms
[2025-09-23T12:44:56.869+0000][70][gc,age      ] GC(58) Age table with threshold 15 (max threshold 15)
[2025-09-23T12:44:56.869+0000][70][gc,age      ] GC(58) - age   1:    5302536 bytes,    5302536 total
[2025-09-23T12:44:56.870+0000][70][gc,age      ] GC(58) - age   2:     186232 bytes,    5488768 total
[2025-09-23T12:44:56.870+0000][70][gc,age      ] GC(58) - age   3:      61256 bytes,    5550024 total
[2025-09-23T12:44:56.870+0000][70][gc,age      ] GC(58) - age   4:     260920 bytes,    5810944 total
[2025-09-23T12:44:56.870+0000][70][gc,age      ] GC(58) - age   5:      69128 bytes,    5880072 total
[2025-09-23T12:44:56.870+0000][70][gc,age      ] GC(58) - age   6:      41552 bytes,    5921624 total
[2025-09-23T12:44:56.870+0000][70][gc,age      ] GC(58) - age   7:      42328 bytes,    5963952 total
[2025-09-23T12:44:56.870+0000][70][gc,age      ] GC(58) - age   8:      80240 bytes,    6044192 total
[2025-09-23T12:44:56.870+0000][70][gc,age      ] GC(58) - age   9:       3504 bytes,    6047696 total
[2025-09-23T12:44:56.870+0000][70][gc,age      ] GC(58) - age  10:      64200 bytes,    6111896 total
[2025-09-23T12:44:56.870+0000][70][gc,age      ] GC(58) - age  11:      27048 bytes,    6138944 total
[2025-09-23T12:44:56.870+0000][70][gc,age      ] GC(58) - age  12:       9976 bytes,    6148920 total
[2025-09-23T12:44:56.870+0000][70][gc,age      ] GC(58) - age  13:      11544 bytes,    6160464 total
[2025-09-23T12:44:56.870+0000][70][gc,age      ] GC(58) - age  14:       4248 bytes,    6164712 total
[2025-09-23T12:44:56.870+0000][70][gc,age      ] GC(58) - age  15:       4840 bytes,    6169552 total
[2025-09-23T12:44:56.870+0000][70][gc,heap     ] GC(58) Eden regions: 305->0(305)
[2025-09-23T12:44:56.870+0000][70][gc,heap     ] GC(58) Survivor regions: 2->2(39)
[2025-09-23T12:44:56.870+0000][70][gc,heap     ] GC(58) Old regions: 33->33
[2025-09-23T12:44:56.870+0000][70][gc,heap     ] GC(58) Archive regions: 2->2
[2025-09-23T12:44:56.870+0000][70][gc,heap     ] GC(58) Humongous regions: 4->4
[2025-09-23T12:44:56.870+0000][70][gc,metaspace] GC(58) Metaspace: 139393K(142912K)->139393K(142912K) NonClass: 121507K(123328K)->121507K(123328K) Class: 17885K(19584K)->17885K(19584K)
[2025-09-23T12:44:56.871+0000][70][gc          ] GC(58) Pause Young (Normal) (G1 Evacuation Pause) 1377M->159M(2048M) 25.098ms
[2025-09-23T12:44:56.871+0000][70][gc,cpu      ] GC(58) User=0.13s Sys=0.00s Real=0.03s
[2025-09-23T12:44:56.871+0000][70][safepoint   ] Safepoint "G1CollectForAllocation", Time since last: 21802062218 ns, Reaching safepoint: 531125 ns, At safepoint: 25343417 ns, Total: 25874542 ns
[2025-09-23T12:44:58.874+0000][70][safepoint   ] Safepoint "Cleanup", Time since last: 2002814251 ns, Reaching safepoint: 135000 ns, At safepoint: 4000 ns, Total: 139000 ns
[2025-09-23T12:45:03.880+0000][70][safepoint   ] Safepoint "Cleanup", Time since last: 5005791502 ns, Reaching safepoint: 391834 ns, At safepoint: 13250 ns, Total: 405084 ns
[2025-09-23T12:45:11.889+0000][70][safepoint   ] Safepoint "Cleanup", Time since last: 8008760795 ns, Reaching safepoint: 757625 ns, At safepoint: 9542 ns, Total: 767167 ns
[2025-09-23T12:45:28.911+0000][70][safepoint   ] Safepoint "Cleanup", Time since last: 17021127132 ns, Reaching safepoint: 427208 ns, At safepoint: 12709 ns, Total: 439917 ns
[2025-09-23T12:45:33.916+0000][70][safepoint   ] Safepoint "Cleanup", Time since last: 5004572002 ns, Reaching safepoint: 496750 ns, At safepoint: 17083 ns, Total: 513833 ns
[2025-09-23T12:45:39.924+0000][70][safepoint   ] Safepoint "Cleanup", Time since last: 6006427086 ns, Reaching safepoint: 1073042 ns, At safepoint: 9583 ns, Total: 1082625 ns
[2025-09-23T12:45:46.930+0000][70][safepoint   ] Safepoint "Cleanup", Time since last: 7006231378 ns, Reaching safepoint: 833666 ns, At safepoint: 24500 ns, Total: 858166 ns
[2025-09-23T12:45:53.131+0000][70][gc,start    ] GC(59) Pause Young (Normal) (G1 Evacuation Pause)
[2025-09-23T12:45:53.132+0000][70][gc,task     ] GC(59) Using 8 workers of 8 for evacuation
[2025-09-23T12:45:53.132+0000][70][gc,age      ] GC(59) Desired survivor size 81788928 bytes, new threshold 15 (max threshold 15)
[2025-09-23T12:45:53.142+0000][70][gc,phases   ] GC(59)   Pre Evacuate Collection Set: 0.4ms
[2025-09-23T12:45:53.142+0000][70][gc,phases   ] GC(59)   Merge Heap Roots: 0.2ms
[2025-09-23T12:45:53.142+0000][70][gc,phases   ] GC(59)   Evacuate Collection Set: 7.6ms
[2025-09-23T12:45:53.142+0000][70][gc,phases   ] GC(59)   Post Evacuate Collection Set: 1.9ms
[2025-09-23T12:45:53.142+0000][70][gc,phases   ] GC(59)   Other: 0.3ms
[2025-09-23T12:45:53.142+0000][70][gc,age      ] GC(59) Age table with threshold 15 (max threshold 15)
[2025-09-23T12:45:53.142+0000][70][gc,age      ] GC(59) - age   1:    4603304 bytes,    4603304 total
[2025-09-23T12:45:53.142+0000][70][gc,age      ] GC(59) - age   2:      62792 bytes,    4666096 total
[2025-09-23T12:45:53.142+0000][70][gc,age      ] GC(59) - age   3:      46280 bytes,    4712376 total
[2025-09-23T12:45:53.143+0000][70][gc,age      ] GC(59) - age   4:      60224 bytes,    4772600 total
[2025-09-23T12:45:53.143+0000][70][gc,age      ] GC(59) - age   5:     259928 bytes,    5032528 total
[2025-09-23T12:45:53.143+0000][70][gc,age      ] GC(59) - age   6:      68336 bytes,    5100864 total
[2025-09-23T12:45:53.143+0000][70][gc,age      ] GC(59) - age   7:      41304 bytes,    5142168 total
[2025-09-23T12:45:53.143+0000][70][gc,age      ] GC(59) - age   8:      42120 bytes,    5184288 total
[2025-09-23T12:45:53.143+0000][70][gc,age      ] GC(59) - age   9:      41240 bytes,    5225528 total
[2025-09-23T12:45:53.143+0000][70][gc,age      ] GC(59) - age  10:       3440 bytes,    5228968 total
[2025-09-23T12:45:53.143+0000][70][gc,age      ] GC(59) - age  11:      59808 bytes,    5288776 total
[2025-09-23T12:45:53.143+0000][70][gc,age      ] GC(59) - age  12:      27048 bytes,    5315824 total
[2025-09-23T12:45:53.143+0000][70][gc,age      ] GC(59) - age  13:       9912 bytes,    5325736 total
[2025-09-23T12:45:53.143+0000][70][gc,age      ] GC(59) - age  14:      11480 bytes,    5337216 total
[2025-09-23T12:45:53.143+0000][70][gc,age      ] GC(59) - age  15:       4248 bytes,    5341464 total
[2025-09-23T12:45:53.143+0000][70][gc,heap     ] GC(59) Eden regions: 305->0(305)
[2025-09-23T12:45:53.143+0000][70][gc,heap     ] GC(59) Survivor regions: 2->2(39)
[2025-09-23T12:45:53.143+0000][70][gc,heap     ] GC(59) Old regions: 33->33
[2025-09-23T12:45:53.143+0000][70][gc,heap     ] GC(59) Archive regions: 2->2
[2025-09-23T12:45:53.143+0000][70][gc,heap     ] GC(59) Humongous regions: 4->4
[2025-09-23T12:45:53.143+0000][70][gc,metaspace] GC(59) Metaspace: 139404K(142912K)->139404K(142912K) NonClass: 121519K(123328K)->121519K(123328K) Class: 17885K(19584K)->17885K(19584K)
[2025-09-23T12:45:53.143+0000][70][gc          ] GC(59) Pause Young (Normal) (G1 Evacuation Pause) 1379M->157M(2048M) 11.557ms
[2025-09-23T12:45:53.143+0000][70][gc,cpu      ] GC(59) User=0.05s Sys=0.01s Real=0.01s
[2025-09-23T12:45:53.143+0000][70][safepoint   ] Safepoint "G1CollectForAllocation", Time since last: 6200376295 ns, Reaching safepoint: 485083 ns, At safepoint: 11771375 ns, Total: 12256458 ns
[2025-09-23T12:45:59.149+0000][70][safepoint   ] Safepoint "Cleanup", Time since last: 6005228462 ns, Reaching safepoint: 304416 ns, At safepoint: 5000 ns, Total: 309416 ns
[2025-09-23T12:46:03.153+0000][70][safepoint   ] Safepoint "Cleanup", Time since last: 4003746752 ns, Reaching safepoint: 511667 ns, At safepoint: 9250 ns, Total: 520917 ns
[2025-09-23T12:46:04.154+0000][70][safepoint   ] Safepoint "Cleanup", Time since last: 1001453834 ns, Reaching safepoint: 149208 ns, At safepoint: 3500 ns, Total: 152708 ns
[2025-09-23T12:46:05.155+0000][70][safepoint   ] Safepoint "Cleanup", Time since last: 1000787292 ns, Reaching safepoint: 191917 ns, At safepoint: 7000 ns, Total: 198917 ns
[2025-09-23T12:46:11.162+0000][70][safepoint   ] Safepoint "Cleanup", Time since last: 6005972461 ns, Reaching safepoint: 466500 ns, At safepoint: 11458 ns, Total: 477958 ns
[2025-09-23T12:46:13.232+0000][70][safepoint   ] Safepoint "Cleanup", Time since last: 2070373001 ns, Reaching safepoint: 140334 ns, At safepoint: 3416 ns, Total: 143750 ns
[2025-09-23T12:46:14.235+0000][70][safepoint   ] Safepoint "Cleanup", Time since last: 1001311708 ns, Reaching safepoint: 158209 ns, At safepoint: 4541 ns, Total: 162750 ns
[2025-09-23T12:46:26.248+0000][70][safepoint   ] Safepoint "Cleanup", Time since last: 12012403089 ns, Reaching safepoint: 360709 ns, At safepoint: 24083 ns, Total: 384792 ns
[2025-09-23T12:46:29.251+0000][70][safepoint   ] Safepoint "Cleanup", Time since last: 3003556543 ns, Reaching safepoint: 127625 ns, At safepoint: 4292 ns, Total: 131917 ns
[2025-09-23T12:46:52.402+0000][70][gc,start    ] GC(60) Pause Young (Normal) (G1 Evacuation Pause)
[2025-09-23T12:46:52.403+0000][70][gc,task     ] GC(60) Using 8 workers of 8 for evacuation
[2025-09-23T12:46:52.403+0000][70][gc,age      ] GC(60) Desired survivor size 81788928 bytes, new threshold 15 (max threshold 15)
[2025-09-23T12:46:52.411+0000][70][gc,phases   ] GC(60)   Pre Evacuate Collection Set: 0.4ms
[2025-09-23T12:46:52.411+0000][70][gc,phases   ] GC(60)   Merge Heap Roots: 0.2ms
[2025-09-23T12:46:52.412+0000][70][gc,phases   ] GC(60)   Evacuate Collection Set: 5.5ms
[2025-09-23T12:46:52.412+0000][70][gc,phases   ] GC(60)   Post Evacuate Collection Set: 2.1ms
[2025-09-23T12:46:52.412+0000][70][gc,phases   ] GC(60)   Other: 0.3ms
[2025-09-23T12:46:52.412+0000][70][gc,age      ] GC(60) Age table with threshold 15 (max threshold 15)
[2025-09-23T12:46:52.412+0000][70][gc,age      ] GC(60) - age   1:    4148168 bytes,    4148168 total
[2025-09-23T12:46:52.412+0000][70][gc,age      ] GC(60) - age   2:     129048 bytes,    4277216 total
[2025-09-23T12:46:52.412+0000][70][gc,age      ] GC(60) - age   3:      59064 bytes,    4336280 total
[2025-09-23T12:46:52.412+0000][70][gc,age      ] GC(60) - age   4:      44248 bytes,    4380528 total
[2025-09-23T12:46:52.412+0000][70][gc,age      ] GC(60) - age   5:      47952 bytes,    4428480 total
[2025-09-23T12:46:52.412+0000][70][gc,age      ] GC(60) - age   6:     184496 bytes,    4612976 total
[2025-09-23T12:46:52.412+0000][70][gc,age      ] GC(60) - age   7:      28960 bytes,    4641936 total
[2025-09-23T12:46:52.412+0000][70][gc,age      ] GC(60) - age   8:      41304 bytes,    4683240 total
[2025-09-23T12:46:52.412+0000][70][gc,age      ] GC(60) - age   9:      42120 bytes,    4725360 total
[2025-09-23T12:46:52.412+0000][70][gc,age      ] GC(60) - age  10:      41200 bytes,    4766560 total
[2025-09-23T12:46:52.412+0000][70][gc,age      ] GC(60) - age  11:       3312 bytes,    4769872 total
[2025-09-23T12:46:52.413+0000][70][gc,age      ] GC(60) - age  12:      59632 bytes,    4829504 total
[2025-09-23T12:46:52.413+0000][70][gc,age      ] GC(60) - age  13:       2808 bytes,    4832312 total
[2025-09-23T12:46:52.413+0000][70][gc,age      ] GC(60) - age  14:       9912 bytes,    4842224 total
[2025-09-23T12:46:52.413+0000][70][gc,age      ] GC(60) - age  15:      11480 bytes,    4853704 total
[2025-09-23T12:46:52.413+0000][70][gc,heap     ] GC(60) Eden regions: 305->0(305)
[2025-09-23T12:46:52.413+0000][70][gc,heap     ] GC(60) Survivor regions: 2->2(39)
[2025-09-23T12:46:52.413+0000][70][gc,heap     ] GC(60) Old regions: 33->33
[2025-09-23T12:46:52.413+0000][70][gc,heap     ] GC(60) Archive regions: 2->2
[2025-09-23T12:46:52.413+0000][70][gc,heap     ] GC(60) Humongous regions: 4->4
[2025-09-23T12:46:52.413+0000][70][gc,metaspace] GC(60) Metaspace: 139409K(142912K)->139409K(142912K) NonClass: 121524K(123328K)->121524K(123328K) Class: 17885K(19584K)->17885K(19584K)
[2025-09-23T12:46:52.413+0000][70][gc          ] GC(60) Pause Young (Normal) (G1 Evacuation Pause) 1377M->156M(2048M) 11.407ms
[2025-09-23T12:46:52.413+0000][70][gc,cpu      ] GC(60) User=0.06s Sys=0.00s Real=0.01s
[2025-09-23T12:46:52.413+0000][70][safepoint   ] Safepoint "G1CollectForAllocation", Time since last: 23149956969 ns, Reaching safepoint: 331416 ns, At safepoint: 11600000 ns, Total: 11931416 ns
[2025-09-23T12:47:04.427+0000][70][safepoint   ] Safepoint "Cleanup", Time since last: 12013010840 ns, Reaching safepoint: 544333 ns, At safepoint: 3917 ns, Total: 548250 ns
[2025-09-23T12:47:05.429+0000][70][safepoint   ] Safepoint "Cleanup", Time since last: 1001449458 ns, Reaching safepoint: 175792 ns, At safepoint: 6792 ns, Total: 182584 ns
[2025-09-23T12:47:07.431+0000][70][safepoint   ] Safepoint "Cleanup", Time since last: 2001814459 ns, Reaching safepoint: 227458 ns, At safepoint: 4000 ns, Total: 231458 ns
[2025-09-23T12:47:10.434+0000][70][safepoint   ] Safepoint "Cleanup", Time since last: 3002794085 ns, Reaching safepoint: 398083 ns, At safepoint: 14084 ns, Total: 412167 ns
[2025-09-23T12:47:30.455+0000][70][safepoint   ] Safepoint "Cleanup", Time since last: 20022564925 ns, Reaching safepoint: 453125 ns, At safepoint: 12542 ns, Total: 465667 ns
[2025-09-23T12:47:34.460+0000][70][safepoint   ] Safepoint "Cleanup", Time since last: 4004532085 ns, Reaching safepoint: 183167 ns, At safepoint: 13625 ns, Total: 196792 ns
[2025-09-23T12:47:41.468+0000][70][safepoint   ] Safepoint "Cleanup", Time since last: 7007282378 ns, Reaching safepoint: 339000 ns, At safepoint: 7542 ns, Total: 346542 ns
[2025-09-23T12:47:41.546+0000][70][gc,start    ] GC(61) Pause Young (Normal) (G1 Evacuation Pause)
[2025-09-23T12:47:41.546+0000][70][gc,task     ] GC(61) Using 8 workers of 8 for evacuation
[2025-09-23T12:47:41.546+0000][70][gc,age      ] GC(61) Desired survivor size 81788928 bytes, new threshold 15 (max threshold 15)
[2025-09-23T12:47:41.554+0000][70][gc,phases   ] GC(61)   Pre Evacuate Collection Set: 0.5ms
[2025-09-23T12:47:41.554+0000][70][gc,phases   ] GC(61)   Merge Heap Roots: 0.1ms
[2025-09-23T12:47:41.554+0000][70][gc,phases   ] GC(61)   Evacuate Collection Set: 5.7ms
[2025-09-23T12:47:41.554+0000][70][gc,phases   ] GC(61)   Post Evacuate Collection Set: 1.4ms
[2025-09-23T12:47:41.554+0000][70][gc,phases   ] GC(61)   Other: 0.3ms
[2025-09-23T12:47:41.554+0000][70][gc,age      ] GC(61) Age table with threshold 15 (max threshold 15)
[2025-09-23T12:47:41.554+0000][70][gc,age      ] GC(61) - age   1:    5350440 bytes,    5350440 total
[2025-09-23T12:47:41.554+0000][70][gc,age      ] GC(61) - age   2:     467888 bytes,    5818328 total
[2025-09-23T12:47:41.554+0000][70][gc,age      ] GC(61) - age   3:      86256 bytes,    5904584 total
[2025-09-23T12:47:41.554+0000][70][gc,age      ] GC(61) - age   4:      18280 bytes,    5922864 total
[2025-09-23T12:47:41.554+0000][70][gc,age      ] GC(61) - age   5:       5032 bytes,    5927896 total
[2025-09-23T12:47:41.555+0000][70][gc,age      ] GC(61) - age   6:       8224 bytes,    5936120 total
[2025-09-23T12:47:41.555+0000][70][gc,age      ] GC(61) - age   7:     129184 bytes,    6065304 total
[2025-09-23T12:47:41.555+0000][70][gc,age      ] GC(61) - age   8:       9072 bytes,    6074376 total
[2025-09-23T12:47:41.555+0000][70][gc,age      ] GC(61) - age   9:       2840 bytes,    6077216 total
[2025-09-23T12:47:41.555+0000][70][gc,age      ] GC(61) - age  10:       3056 bytes,    6080272 total
[2025-09-23T12:47:41.555+0000][70][gc,age      ] GC(61) - age  11:       2944 bytes,    6083216 total
[2025-09-23T12:47:41.555+0000][70][gc,age      ] GC(61) - age  12:       2856 bytes,    6086072 total
[2025-09-23T12:47:41.555+0000][70][gc,age      ] GC(61) - age  13:      59632 bytes,    6145704 total
[2025-09-23T12:47:41.555+0000][70][gc,age      ] GC(61) - age  14:       2624 bytes,    6148328 total
[2025-09-23T12:47:41.555+0000][70][gc,age      ] GC(61) - age  15:       9912 bytes,    6158240 total
[2025-09-23T12:47:41.555+0000][70][gc,heap     ] GC(61) Eden regions: 305->0(305)
[2025-09-23T12:47:41.555+0000][70][gc,heap     ] GC(61) Survivor regions: 2->2(39)
[2025-09-23T12:47:41.555+0000][70][gc,heap     ] GC(61) Old regions: 33->33
[2025-09-23T12:47:41.555+0000][70][gc,heap     ] GC(61) Archive regions: 2->2
[2025-09-23T12:47:41.555+0000][70][gc,heap     ] GC(61) Humongous regions: 4->4
[2025-09-23T12:47:41.555+0000][70][gc,metaspace] GC(61) Metaspace: 139417K(142912K)->139417K(142912K) NonClass: 121531K(123328K)->121531K(123328K) Class: 17885K(19584K)->17885K(19584K)
[2025-09-23T12:47:41.555+0000][70][gc          ] GC(61) Pause Young (Normal) (G1 Evacuation Pause) 1376M->158M(2048M) 9.139ms
[2025-09-23T12:47:41.555+0000][70][gc,cpu      ] GC(61) User=0.04s Sys=0.00s Real=0.01s
[2025-09-23T12:47:41.555+0000][70][safepoint   ] Safepoint "G1CollectForAllocation", Time since last: 78218083 ns, Reaching safepoint: 70542 ns, At safepoint: 9350708 ns, Total: 9421250 ns
[2025-09-23T12:47:42.556+0000][70][safepoint   ] Safepoint "Cleanup", Time since last: 1000595751 ns, Reaching safepoint: 593541 ns, At safepoint: 22250 ns, Total: 615791 ns
[2025-09-23T12:47:57.575+0000][70][safepoint   ] Safepoint "Cleanup", Time since last: 15015399215 ns, Reaching safepoint: 751125 ns, At safepoint: 28667 ns, Total: 779792 ns
[2025-09-23T12:47:58.579+0000][70][safepoint   ] Safepoint "Cleanup", Time since last: 1003632833 ns, Reaching safepoint: 382250 ns, At safepoint: 10542 ns, Total: 392792 ns
[2025-09-23T12:48:03.585+0000][70][safepoint   ] Safepoint "Cleanup", Time since last: 5006154752 ns, Reaching safepoint: 341417 ns, At safepoint: 7333 ns, Total: 348750 ns
[2025-09-23T12:48:17.606+0000][70][safepoint   ] Safepoint "Cleanup", Time since last: 14015838715 ns, Reaching safepoint: 4533000 ns, At safepoint: 63042 ns, Total: 4596042 ns
[2025-09-23T12:48:25.615+0000][70][safepoint   ] Safepoint "Cleanup", Time since last: 8009192212 ns, Reaching safepoint: 293000 ns, At safepoint: 3917 ns, Total: 296917 ns
[2025-09-23T12:48:50.642+0000][70][safepoint   ] Safepoint "Cleanup", Time since last: 25025676136 ns, Reaching safepoint: 300666 ns, At safepoint: 7959 ns, Total: 308625 ns
[2025-09-23T12:48:51.515+0000][70][gc,start    ] GC(62) Pause Young (Normal) (G1 Evacuation Pause)
[2025-09-23T12:48:51.516+0000][70][gc,task     ] GC(62) Using 8 workers of 8 for evacuation
[2025-09-23T12:48:51.516+0000][70][gc,age      ] GC(62) Desired survivor size 81788928 bytes, new threshold 15 (max threshold 15)
[2025-09-23T12:48:51.525+0000][70][gc,phases   ] GC(62)   Pre Evacuate Collection Set: 0.4ms
[2025-09-23T12:48:51.525+0000][70][gc,phases   ] GC(62)   Merge Heap Roots: 0.1ms
[2025-09-23T12:48:51.525+0000][70][gc,phases   ] GC(62)   Evacuate Collection Set: 7.1ms
[2025-09-23T12:48:51.525+0000][70][gc,phases   ] GC(62)   Post Evacuate Collection Set: 1.7ms
[2025-09-23T12:48:51.525+0000][70][gc,phases   ] GC(62)   Other: 0.2ms
[2025-09-23T12:48:51.525+0000][70][gc,age      ] GC(62) Age table with threshold 15 (max threshold 15)
[2025-09-23T12:48:51.525+0000][70][gc,age      ] GC(62) - age   1:    4288688 bytes,    4288688 total
[2025-09-23T12:48:51.525+0000][70][gc,age      ] GC(62) - age   2:     593640 bytes,    4882328 total
[2025-09-23T12:48:51.525+0000][70][gc,age      ] GC(62) - age   3:     452944 bytes,    5335272 total
[2025-09-23T12:48:51.525+0000][70][gc,age      ] GC(62) - age   4:      83856 bytes,    5419128 total
[2025-09-23T12:48:51.525+0000][70][gc,age      ] GC(62) - age   5:      17832 bytes,    5436960 total
[2025-09-23T12:48:51.525+0000][70][gc,age      ] GC(62) - age   6:       4704 bytes,    5441664 total
[2025-09-23T12:48:51.525+0000][70][gc,age      ] GC(62) - age   7:       8120 bytes,    5449784 total
[2025-09-23T12:48:51.526+0000][70][gc,age      ] GC(62) - age   8:     129080 bytes,    5578864 total
[2025-09-23T12:48:51.526+0000][70][gc,age      ] GC(62) - age   9:       9072 bytes,    5587936 total
[2025-09-23T12:48:51.526+0000][70][gc,age      ] GC(62) - age  10:       2840 bytes,    5590776 total
[2025-09-23T12:48:51.526+0000][70][gc,age      ] GC(62) - age  11:       3056 bytes,    5593832 total
[2025-09-23T12:48:51.526+0000][70][gc,age      ] GC(62) - age  12:       2880 bytes,    5596712 total
[2025-09-23T12:48:51.526+0000][70][gc,age      ] GC(62) - age  13:       2856 bytes,    5599568 total
[2025-09-23T12:48:51.526+0000][70][gc,age      ] GC(62) - age  14:      59632 bytes,    5659200 total
[2025-09-23T12:48:51.526+0000][70][gc,age      ] GC(62) - age  15:       2624 bytes,    5661824 total
[2025-09-23T12:48:51.526+0000][70][gc,heap     ] GC(62) Eden regions: 305->0(305)
[2025-09-23T12:48:51.526+0000][70][gc,heap     ] GC(62) Survivor regions: 2->2(39)
[2025-09-23T12:48:51.526+0000][70][gc,heap     ] GC(62) Old regions: 33->33
[2025-09-23T12:48:51.526+0000][70][gc,heap     ] GC(62) Archive regions: 2->2
[2025-09-23T12:48:51.526+0000][70][gc,heap     ] GC(62) Humongous regions: 4->4
[2025-09-23T12:48:51.526+0000][70][gc,metaspace] GC(62) Metaspace: 139427K(142912K)->139427K(142912K) NonClass: 121541K(123328K)->121541K(123328K) Class: 17885K(19584K)->17885K(19584K)
[2025-09-23T12:48:51.526+0000][70][gc          ] GC(62) Pause Young (Normal) (G1 Evacuation Pause) 1378M->157M(2048M) 10.602ms
[2025-09-23T12:48:51.526+0000][70][gc,cpu      ] GC(62) User=0.06s Sys=0.00s Real=0.01s
[2025-09-23T12:48:51.526+0000][70][safepoint   ] Safepoint "G1CollectForAllocation", Time since last: 873566583 ns, Reaching safepoint: 64709 ns, At safepoint: 10783375 ns, Total: 10848084 ns
[2025-09-23T12:48:56.531+0000][70][safepoint   ] Safepoint "Cleanup", Time since last: 5004451127 ns, Reaching safepoint: 782083 ns, At safepoint: 152000 ns, Total: 934083 ns
[2025-09-23T12:48:57.533+0000][70][safepoint   ] Safepoint "Cleanup", Time since last: 1001899918 ns, Reaching safepoint: 135291 ns, At safepoint: 7292 ns, Total: 142583 ns
[2025-09-23T12:49:01.538+0000][70][safepoint   ] Safepoint "Cleanup", Time since last: 4004015918 ns, Reaching safepoint: 482959 ns, At safepoint: 9041 ns, Total: 492000 ns
[2025-09-23T12:49:02.543+0000][70][safepoint   ] Safepoint "Cleanup", Time since last: 1004500293 ns, Reaching safepoint: 266666 ns, At safepoint: 9500 ns, Total: 276166 ns
[2025-09-23T12:49:03.544+0000][70][safepoint   ] Safepoint "Cleanup", Time since last: 1000630542 ns, Reaching safepoint: 482292 ns, At safepoint: 5333 ns, Total: 487625 ns
[2025-09-23T12:49:04.546+0000][70][safepoint   ] Safepoint "Cleanup", Time since last: 1001455168 ns, Reaching safepoint: 156708 ns, At safepoint: 19583 ns, Total: 176291 ns
[2025-09-23T12:49:18.563+0000][70][safepoint   ] Safepoint "Cleanup", Time since last: 14014810631 ns, Reaching safepoint: 2724708 ns, At safepoint: 216834 ns, Total: 2941542 ns
[2025-09-23T12:49:22.570+0000][70][safepoint   ] Safepoint "Cleanup", Time since last: 4006070043 ns, Reaching safepoint: 173583 ns, At safepoint: 3750 ns, Total: 177333 ns
[2025-09-23T12:49:26.573+0000][70][safepoint   ] Safepoint "Cleanup", Time since last: 4003009711 ns, Reaching safepoint: 511000 ns, At safepoint: 7875 ns, Total: 518875 ns
[2025-09-23T12:49:37.586+0000][70][safepoint   ] Safepoint "Cleanup", Time since last: 11011427505 ns, Reaching safepoint: 1542625 ns, At safepoint: 24208 ns, Total: 1566833 ns
[2025-09-23T12:49:40.590+0000][70][safepoint   ] Safepoint "Cleanup", Time since last: 3003360835 ns, Reaching safepoint: 572250 ns, At safepoint: 8500 ns, Total: 580750 ns
[2025-09-23T12:49:55.863+0000][70][gc,start    ] GC(63) Pause Young (Normal) (G1 Evacuation Pause)
[2025-09-23T12:49:55.865+0000][70][gc,task     ] GC(63) Using 8 workers of 8 for evacuation
[2025-09-23T12:49:55.866+0000][70][gc,age      ] GC(63) Desired survivor size 81788928 bytes, new threshold 15 (max threshold 15)
[2025-09-23T12:49:55.911+0000][70][gc,phases   ] GC(63)   Pre Evacuate Collection Set: 5.6ms
[2025-09-23T12:49:55.911+0000][70][gc,phases   ] GC(63)   Merge Heap Roots: 2.4ms
[2025-09-23T12:49:55.911+0000][70][gc,phases   ] GC(63)   Evacuate Collection Set: 28.9ms
[2025-09-23T12:49:55.911+0000][70][gc,phases   ] GC(63)   Post Evacuate Collection Set: 6.7ms
[2025-09-23T12:49:55.911+0000][70][gc,phases   ] GC(63)   Other: 2.4ms
[2025-09-23T12:49:55.911+0000][70][gc,age      ] GC(63) Age table with threshold 15 (max threshold 15)
[2025-09-23T12:49:55.911+0000][70][gc,age      ] GC(63) - age   1:    2079808 bytes,    2079808 total
[2025-09-23T12:49:55.911+0000][70][gc,age      ] GC(63) - age   2:    1236040 bytes,    3315848 total
[2025-09-23T12:49:55.911+0000][70][gc,age      ] GC(63) - age   3:     241696 bytes,    3557544 total
[2025-09-23T12:49:55.911+0000][70][gc,age      ] GC(63) - age   4:     373960 bytes,    3931504 total
[2025-09-23T12:49:55.911+0000][70][gc,age      ] GC(63) - age   5:      42928 bytes,    3974432 total
[2025-09-23T12:49:55.911+0000][70][gc,age      ] GC(63) - age   6:      13784 bytes,    3988216 total
[2025-09-23T12:49:55.911+0000][70][gc,age      ] GC(63) - age   7:       4664 bytes,    3992880 total
[2025-09-23T12:49:55.911+0000][70][gc,age      ] GC(63) - age   8:       8120 bytes,    4001000 total
[2025-09-23T12:49:55.911+0000][70][gc,age      ] GC(63) - age   9:     128952 bytes,    4129952 total
[2025-09-23T12:49:55.911+0000][70][gc,age      ] GC(63) - age  10:       9072 bytes,    4139024 total
[2025-09-23T12:49:55.912+0000][70][gc,age      ] GC(63) - age  11:       2840 bytes,    4141864 total
[2025-09-23T12:49:55.912+0000][70][gc,age      ] GC(63) - age  12:       3056 bytes,    4144920 total
[2025-09-23T12:49:55.912+0000][70][gc,age      ] GC(63) - age  13:       2880 bytes,    4147800 total
[2025-09-23T12:49:55.912+0000][70][gc,age      ] GC(63) - age  14:       2856 bytes,    4150656 total
[2025-09-23T12:49:55.912+0000][70][gc,age      ] GC(63) - age  15:      59632 bytes,    4210288 total
[2025-09-23T12:49:55.912+0000][70][gc,heap     ] GC(63) Eden regions: 305->0(305)
[2025-09-23T12:49:55.912+0000][70][gc,heap     ] GC(63) Survivor regions: 2->2(39)
[2025-09-23T12:49:55.912+0000][70][gc,heap     ] GC(63) Old regions: 33->33
[2025-09-23T12:49:55.912+0000][70][gc,heap     ] GC(63) Archive regions: 2->2
[2025-09-23T12:49:55.912+0000][70][gc,heap     ] GC(63) Humongous regions: 4->4
[2025-09-23T12:49:55.912+0000][70][gc,metaspace] GC(63) Metaspace: 139432K(142912K)->139432K(142912K) NonClass: 121547K(123328K)->121547K(123328K) Class: 17885K(19584K)->17885K(19584K)
[2025-09-23T12:49:55.912+0000][70][gc          ] GC(63) Pause Young (Normal) (G1 Evacuation Pause) 1377M->156M(2048M) 49.543ms
[2025-09-23T12:49:55.912+0000][70][gc,cpu      ] GC(63) User=0.25s Sys=0.01s Real=0.05s
[2025-09-23T12:49:55.912+0000][70][safepoint   ] Safepoint "G1CollectForAllocation", Time since last: 15269010049 ns, Reaching safepoint: 2122083 ns, At safepoint: 50065250 ns, Total: 52187333 ns
[2025-09-23T12:50:03.921+0000][70][safepoint   ] Safepoint "Cleanup", Time since last: 8007671462 ns, Reaching safepoint: 1284417 ns, At safepoint: 16542 ns, Total: 1300959 ns
[2025-09-23T12:50:07.928+0000][70][safepoint   ] Safepoint "Cleanup", Time since last: 4006217918 ns, Reaching safepoint: 478917 ns, At safepoint: 27666 ns, Total: 506583 ns
[2025-09-23T12:50:26.967+0000][70][safepoint   ] Safepoint "Cleanup", Time since last: 19038659884 ns, Reaching safepoint: 1175583 ns, At safepoint: 12125 ns, Total: 1187708 ns
[2025-09-23T12:50:46.991+0000][70][safepoint   ] Safepoint "Cleanup", Time since last: 20022665342 ns, Reaching safepoint: 477875 ns, At safepoint: 8125 ns, Total: 486000 ns
[2025-09-23T12:50:56.000+0000][70][safepoint   ] Safepoint "Cleanup", Time since last: 9009467088 ns, Reaching safepoint: 331458 ns, At safepoint: 4875 ns, Total: 336333 ns
[2025-09-23T12:50:59.581+0000][70][gc,start    ] GC(64) Pause Young (Normal) (G1 Evacuation Pause)
[2025-09-23T12:50:59.581+0000][70][gc,task     ] GC(64) Using 8 workers of 8 for evacuation
[2025-09-23T12:50:59.581+0000][70][gc,age      ] GC(64) Desired survivor size 81788928 bytes, new threshold 15 (max threshold 15)
[2025-09-23T12:50:59.589+0000][70][gc,phases   ] GC(64)   Pre Evacuate Collection Set: 0.4ms
[2025-09-23T12:50:59.589+0000][70][gc,phases   ] GC(64)   Merge Heap Roots: 0.1ms
[2025-09-23T12:50:59.589+0000][70][gc,phases   ] GC(64)   Evacuate Collection Set: 5.7ms
[2025-09-23T12:50:59.589+0000][70][gc,phases   ] GC(64)   Post Evacuate Collection Set: 1.3ms
[2025-09-23T12:50:59.589+0000][70][gc,phases   ] GC(64)   Other: 0.3ms
[2025-09-23T12:50:59.589+0000][70][gc,age      ] GC(64) Age table with threshold 15 (max threshold 15)
[2025-09-23T12:50:59.589+0000][70][gc,age      ] GC(64) - age   1:    4251184 bytes,    4251184 total
[2025-09-23T12:50:59.589+0000][70][gc,age      ] GC(64) - age   2:     162736 bytes,    4413920 total
[2025-09-23T12:50:59.589+0000][70][gc,age      ] GC(64) - age   3:    1232312 bytes,    5646232 total
[2025-09-23T12:50:59.589+0000][70][gc,age      ] GC(64) - age   4:     161536 bytes,    5807768 total
[2025-09-23T12:50:59.589+0000][70][gc,age      ] GC(64) - age   5:     373536 bytes,    6181304 total
[2025-09-23T12:50:59.589+0000][70][gc,age      ] GC(64) - age   6:      42632 bytes,    6223936 total
[2025-09-23T12:50:59.589+0000][70][gc,age      ] GC(64) - age   7:      13784 bytes,    6237720 total
[2025-09-23T12:50:59.589+0000][70][gc,age      ] GC(64) - age   8:       4600 bytes,    6242320 total
[2025-09-23T12:50:59.589+0000][70][gc,age      ] GC(64) - age   9:       8120 bytes,    6250440 total
[2025-09-23T12:50:59.589+0000][70][gc,age      ] GC(64) - age  10:     128888 bytes,    6379328 total
[2025-09-23T12:50:59.589+0000][70][gc,age      ] GC(64) - age  11:       7800 bytes,    6387128 total
[2025-09-23T12:50:59.589+0000][70][gc,age      ] GC(64) - age  12:       2840 bytes,    6389968 total
[2025-09-23T12:50:59.590+0000][70][gc,age      ] GC(64) - age  13:       2384 bytes,    6392352 total
[2025-09-23T12:50:59.590+0000][70][gc,age      ] GC(64) - age  14:       2880 bytes,    6395232 total
[2025-09-23T12:50:59.590+0000][70][gc,age      ] GC(64) - age  15:       2856 bytes,    6398088 total
[2025-09-23T12:50:59.590+0000][70][gc,heap     ] GC(64) Eden regions: 305->0(305)
[2025-09-23T12:50:59.590+0000][70][gc,heap     ] GC(64) Survivor regions: 2->2(39)
[2025-09-23T12:50:59.590+0000][70][gc,heap     ] GC(64) Old regions: 33->33
[2025-09-23T12:50:59.590+0000][70][gc,heap     ] GC(64) Archive regions: 2->2
[2025-09-23T12:50:59.590+0000][70][gc,heap     ] GC(64) Humongous regions: 4->4
[2025-09-23T12:50:59.590+0000][70][gc,metaspace] GC(64) Metaspace: 139436K(142912K)->139436K(142912K) NonClass: 121550K(123328K)->121550K(123328K) Class: 17885K(19584K)->17885K(19584K)
[2025-09-23T12:50:59.590+0000][70][gc          ] GC(64) Pause Young (Normal) (G1 Evacuation Pause) 1376M->158M(2048M) 8.965ms
[2025-09-23T12:50:59.590+0000][70][gc,cpu      ] GC(64) User=0.05s Sys=0.00s Real=0.01s
[2025-09-23T12:50:59.590+0000][70][safepoint   ] Safepoint "G1CollectForAllocation", Time since last: 3580243085 ns, Reaching safepoint: 110583 ns, At safepoint: 9128959 ns, Total: 9239542 ns
[2025-09-23T12:51:03.594+0000][70][safepoint   ] Safepoint "Cleanup", Time since last: 4003455960 ns, Reaching safepoint: 515042 ns, At safepoint: 9916 ns, Total: 524958 ns
[2025-09-23T12:51:07.599+0000][70][safepoint   ] Safepoint "Cleanup", Time since last: 4005185794 ns, Reaching safepoint: 190292 ns, At safepoint: 3458 ns, Total: 193750 ns
[2025-09-23T12:51:11.603+0000][70][safepoint   ] Safepoint "Cleanup", Time since last: 4003842544 ns, Reaching safepoint: 312750 ns, At safepoint: 11625 ns, Total: 324375 ns
[2025-09-23T12:51:17.621+0000][70][safepoint   ] Safepoint "Cleanup", Time since last: 6008622793 ns, Reaching safepoint: 7484833 ns, At safepoint: 111417 ns, Total: 7596250 ns
[2025-09-23T12:51:27.644+0000][70][safepoint   ] Safepoint "Cleanup", Time since last: 10013565422 ns, Reaching safepoint: 9008875 ns, At safepoint: 10625 ns, Total: 9019500 ns
[2025-09-23T12:51:28.658+0000][70][safepoint   ] Safepoint "Cleanup", Time since last: 1013957833 ns, Reaching safepoint: 117500 ns, At safepoint: 3792 ns, Total: 121292 ns
[2025-09-23T12:51:30.660+0000][70][safepoint   ] Safepoint "Cleanup", Time since last: 2001786376 ns, Reaching safepoint: 246625 ns, At safepoint: 4833 ns, Total: 251458 ns
[2025-09-23T12:51:35.666+0000][70][safepoint   ] Safepoint "Cleanup", Time since last: 5005858919 ns, Reaching safepoint: 379167 ns, At safepoint: 10917 ns, Total: 390084 ns
[2025-09-23T12:51:40.676+0000][70][safepoint   ] Safepoint "Cleanup", Time since last: 5010080502 ns, Reaching safepoint: 182833 ns, At safepoint: 6625 ns, Total: 189458 ns
[2025-09-23T12:51:48.685+0000][70][safepoint   ] Safepoint "Cleanup", Time since last: 8009973171 ns, Reaching safepoint: 388750 ns, At safepoint: 3625 ns, Total: 392375 ns
[2025-09-23T12:51:53.691+0000][70][safepoint   ] Safepoint "Cleanup", Time since last: 5005932877 ns, Reaching safepoint: 408042 ns, At safepoint: 4250 ns, Total: 412292 ns
[2025-09-23T12:52:03.701+0000][70][safepoint   ] Safepoint "Cleanup", Time since last: 10009565754 ns, Reaching safepoint: 526000 ns, At safepoint: 20000 ns, Total: 546000 ns
[2025-09-23T12:52:08.728+0000][70][gc,start    ] GC(65) Pause Young (Normal) (G1 Evacuation Pause)
[2025-09-23T12:52:08.728+0000][70][gc,task     ] GC(65) Using 8 workers of 8 for evacuation
[2025-09-23T12:52:08.729+0000][70][gc,age      ] GC(65) Desired survivor size 81788928 bytes, new threshold 15 (max threshold 15)
[2025-09-23T12:52:08.736+0000][70][gc,phases   ] GC(65)   Pre Evacuate Collection Set: 0.3ms
[2025-09-23T12:52:08.736+0000][70][gc,phases   ] GC(65)   Merge Heap Roots: 0.1ms
[2025-09-23T12:52:08.736+0000][70][gc,phases   ] GC(65)   Evacuate Collection Set: 5.3ms
[2025-09-23T12:52:08.736+0000][70][gc,phases   ] GC(65)   Post Evacuate Collection Set: 1.7ms
[2025-09-23T12:52:08.736+0000][70][gc,phases   ] GC(65)   Other: 0.2ms
[2025-09-23T12:52:08.736+0000][70][gc,age      ] GC(65) Age table with threshold 15 (max threshold 15)
[2025-09-23T12:52:08.736+0000][70][gc,age      ] GC(65) - age   1:    4233272 bytes,    4233272 total
[2025-09-23T12:52:08.736+0000][70][gc,age      ] GC(65) - age   2:      90144 bytes,    4323416 total
[2025-09-23T12:52:08.736+0000][70][gc,age      ] GC(65) - age   3:     158496 bytes,    4481912 total
[2025-09-23T12:52:08.736+0000][70][gc,age      ] GC(65) - age   4:    1191712 bytes,    5673624 total
[2025-09-23T12:52:08.737+0000][70][gc,age      ] GC(65) - age   5:      91312 bytes,    5764936 total
[2025-09-23T12:52:08.737+0000][70][gc,age      ] GC(65) - age   6:     288360 bytes,    6053296 total
[2025-09-23T12:52:08.737+0000][70][gc,age      ] GC(65) - age   7:      42632 bytes,    6095928 total
[2025-09-23T12:52:08.737+0000][70][gc,age      ] GC(65) - age   8:      13712 bytes,    6109640 total
[2025-09-23T12:52:08.737+0000][70][gc,age      ] GC(65) - age   9:       4536 bytes,    6114176 total
[2025-09-23T12:52:08.737+0000][70][gc,age      ] GC(65) - age  10:       8120 bytes,    6122296 total
[2025-09-23T12:52:08.737+0000][70][gc,age      ] GC(65) - age  11:     128744 bytes,    6251040 total
[2025-09-23T12:52:08.737+0000][70][gc,age      ] GC(65) - age  12:       6632 bytes,    6257672 total
[2025-09-23T12:52:08.737+0000][70][gc,age      ] GC(65) - age  13:       2840 bytes,    6260512 total
[2025-09-23T12:52:08.737+0000][70][gc,age      ] GC(65) - age  14:       2384 bytes,    6262896 total
[2025-09-23T12:52:08.737+0000][70][gc,age      ] GC(65) - age  15:       2880 bytes,    6265776 total
[2025-09-23T12:52:08.737+0000][70][gc,heap     ] GC(65) Eden regions: 305->0(305)
[2025-09-23T12:52:08.737+0000][70][gc,heap     ] GC(65) Survivor regions: 2->2(39)
[2025-09-23T12:52:08.737+0000][70][gc,heap     ] GC(65) Old regions: 33->33
[2025-09-23T12:52:08.737+0000][70][gc,heap     ] GC(65) Archive regions: 2->2
[2025-09-23T12:52:08.737+0000][70][gc,heap     ] GC(65) Humongous regions: 4->4
[2025-09-23T12:52:08.737+0000][70][gc,metaspace] GC(65) Metaspace: 139445K(142912K)->139445K(142912K) NonClass: 121559K(123328K)->121559K(123328K) Class: 17885K(19584K)->17885K(19584K)
[2025-09-23T12:52:08.737+0000][70][gc          ] GC(65) Pause Young (Normal) (G1 Evacuation Pause) 1378M->158M(2048M) 8.835ms
[2025-09-23T12:52:08.737+0000][70][gc,cpu      ] GC(65) User=0.04s Sys=0.00s Real=0.01s
[2025-09-23T12:52:08.737+0000][70][safepoint   ] Safepoint "G1CollectForAllocation", Time since last: 5026850586 ns, Reaching safepoint: 71583 ns, At safepoint: 9013375 ns, Total: 9084958 ns
[2025-09-23T12:52:17.755+0000][70][safepoint   ] Safepoint "Cleanup", Time since last: 9014572421 ns, Reaching safepoint: 1104958 ns, At safepoint: 16250 ns, Total: 1121208 ns
[2025-09-23T12:52:34.772+0000][70][safepoint   ] Safepoint "Cleanup", Time since last: 17016850134 ns, Reaching safepoint: 360416 ns, At safepoint: 14917 ns, Total: 375333 ns
[2025-09-23T12:52:49.778+0000][70][safepoint   ] Safepoint "Cleanup", Time since last: 15016547465 ns, Reaching safepoint: 266333 ns, At safepoint: 5000 ns, Total: 271333 ns
[2025-09-23T12:53:04.802+0000][70][safepoint   ] Safepoint "Cleanup", Time since last: 15023772508 ns, Reaching safepoint: 357541 ns, At safepoint: 3375 ns, Total: 360916 ns
[2025-09-23T12:53:10.811+0000][70][safepoint   ] Safepoint "Cleanup", Time since last: 6007891503 ns, Reaching safepoint: 1058125 ns, At safepoint: 5625 ns, Total: 1063750 ns
[2025-09-23T12:53:11.784+0000][70][gc,start    ] GC(66) Pause Young (Normal) (G1 Evacuation Pause)
[2025-09-23T12:53:11.784+0000][70][gc,task     ] GC(66) Using 8 workers of 8 for evacuation
[2025-09-23T12:53:11.784+0000][70][gc,age      ] GC(66) Desired survivor size 81788928 bytes, new threshold 15 (max threshold 15)
[2025-09-23T12:53:11.794+0000][70][gc,phases   ] GC(66)   Pre Evacuate Collection Set: 0.6ms
[2025-09-23T12:53:11.794+0000][70][gc,phases   ] GC(66)   Merge Heap Roots: 0.2ms
[2025-09-23T12:53:11.794+0000][70][gc,phases   ] GC(66)   Evacuate Collection Set: 6.5ms
[2025-09-23T12:53:11.794+0000][70][gc,phases   ] GC(66)   Post Evacuate Collection Set: 1.7ms
[2025-09-23T12:53:11.794+0000][70][gc,phases   ] GC(66)   Other: 0.3ms
[2025-09-23T12:53:11.794+0000][70][gc,age      ] GC(66) Age table with threshold 15 (max threshold 15)
[2025-09-23T12:53:11.794+0000][70][gc,age      ] GC(66) - age   1:    1838208 bytes,    1838208 total
[2025-09-23T12:53:11.794+0000][70][gc,age      ] GC(66) - age   2:     523880 bytes,    2362088 total
[2025-09-23T12:53:11.794+0000][70][gc,age      ] GC(66) - age   3:      86816 bytes,    2448904 total
[2025-09-23T12:53:11.794+0000][70][gc,age      ] GC(66) - age   4:     117464 bytes,    2566368 total
[2025-09-23T12:53:11.794+0000][70][gc,age      ] GC(66) - age   5:      99624 bytes,    2665992 total
[2025-09-23T12:53:11.794+0000][70][gc,age      ] GC(66) - age   6:      66880 bytes,    2732872 total
[2025-09-23T12:53:11.794+0000][70][gc,age      ] GC(66) - age   7:     287992 bytes,    3020864 total
[2025-09-23T12:53:11.794+0000][70][gc,age      ] GC(66) - age   8:      41736 bytes,    3062600 total
[2025-09-23T12:53:11.794+0000][70][gc,age      ] GC(66) - age   9:      13712 bytes,    3076312 total
[2025-09-23T12:53:11.794+0000][70][gc,age      ] GC(66) - age  10:       4536 bytes,    3080848 total
[2025-09-23T12:53:11.794+0000][70][gc,age      ] GC(66) - age  11:       8120 bytes,    3088968 total
[2025-09-23T12:53:11.794+0000][70][gc,age      ] GC(66) - age  12:     128744 bytes,    3217712 total
[2025-09-23T12:53:11.794+0000][70][gc,age      ] GC(66) - age  13:       6632 bytes,    3224344 total
[2025-09-23T12:53:11.794+0000][70][gc,age      ] GC(66) - age  14:       2840 bytes,    3227184 total
[2025-09-23T12:53:11.794+0000][70][gc,age      ] GC(66) - age  15:       2384 bytes,    3229568 total
[2025-09-23T12:53:11.794+0000][70][gc,heap     ] GC(66) Eden regions: 305->0(306)
[2025-09-23T12:53:11.794+0000][70][gc,heap     ] GC(66) Survivor regions: 2->1(39)
[2025-09-23T12:53:11.794+0000][70][gc,heap     ] GC(66) Old regions: 33->33
[2025-09-23T12:53:11.794+0000][70][gc,heap     ] GC(66) Archive regions: 2->2
[2025-09-23T12:53:11.794+0000][70][gc,heap     ] GC(66) Humongous regions: 4->4
[2025-09-23T12:53:11.794+0000][70][gc,metaspace] GC(66) Metaspace: 139468K(142912K)->139468K(142912K) NonClass: 121582K(123328K)->121582K(123328K) Class: 17885K(19584K)->17885K(19584K)
[2025-09-23T12:53:11.795+0000][70][gc          ] GC(66) Pause Young (Normal) (G1 Evacuation Pause) 1378M->155M(2048M) 10.586ms
[2025-09-23T12:53:11.795+0000][70][gc,cpu      ] GC(66) User=0.05s Sys=0.00s Real=0.01s
[2025-09-23T12:53:11.795+0000][70][safepoint   ] Safepoint "G1CollectForAllocation", Time since last: 972715417 ns, Reaching safepoint: 228625 ns, At safepoint: 10804209 ns, Total: 11032834 ns
[2025-09-23T12:53:34.836+0000][70][safepoint   ] Safepoint "Cleanup", Time since last: 23029624051 ns, Reaching safepoint: 357959 ns, At safepoint: 3208 ns, Total: 361167 ns
[2025-09-23T12:53:52.853+0000][70][safepoint   ] Safepoint "Cleanup", Time since last: 18017009883 ns, Reaching safepoint: 388958 ns, At safepoint: 19709 ns, Total: 408667 ns
[2025-09-23T12:54:04.872+0000][70][safepoint   ] Safepoint "Cleanup", Time since last: 12016495755 ns, Reaching safepoint: 2086750 ns, At safepoint: 8084 ns, Total: 2094834 ns
[2025-09-23T12:54:14.557+0000][70][gc,start    ] GC(67) Pause Young (Normal) (G1 Evacuation Pause)
[2025-09-23T12:54:14.557+0000][70][gc,task     ] GC(67) Using 8 workers of 8 for evacuation
[2025-09-23T12:54:14.557+0000][70][gc,age      ] GC(67) Desired survivor size 81788928 bytes, new threshold 15 (max threshold 15)
[2025-09-23T12:54:14.577+0000][70][gc,phases   ] GC(67)   Pre Evacuate Collection Set: 0.4ms
[2025-09-23T12:54:14.578+0000][70][gc,phases   ] GC(67)   Merge Heap Roots: 0.2ms
[2025-09-23T12:54:14.578+0000][70][gc,phases   ] GC(67)   Evacuate Collection Set: 13.2ms
[2025-09-23T12:54:14.578+0000][70][gc,phases   ] GC(67)   Post Evacuate Collection Set: 5.6ms
[2025-09-23T12:54:14.578+0000][70][gc,phases   ] GC(67)   Other: 0.3ms
[2025-09-23T12:54:14.578+0000][70][gc,age      ] GC(67) Age table with threshold 15 (max threshold 15)
[2025-09-23T12:54:14.578+0000][70][gc,age      ] GC(67) - age   1:    4416592 bytes,    4416592 total
[2025-09-23T12:54:14.579+0000][70][gc,age      ] GC(67) - age   2:     164464 bytes,    4581056 total
[2025-09-23T12:54:14.579+0000][70][gc,age      ] GC(67) - age   3:     386080 bytes,    4967136 total
[2025-09-23T12:54:14.579+0000][70][gc,age      ] GC(67) - age   4:      85224 bytes,    5052360 total
[2025-09-23T12:54:14.579+0000][70][gc,age      ] GC(67) - age   5:     116648 bytes,    5169008 total
[2025-09-23T12:54:14.579+0000][70][gc,age      ] GC(67) - age   6:      60520 bytes,    5229528 total
[2025-09-23T12:54:14.579+0000][70][gc,age      ] GC(67) - age   7:      66024 bytes,    5295552 total
[2025-09-23T12:54:14.579+0000][70][gc,age      ] GC(67) - age   8:     287864 bytes,    5583416 total
[2025-09-23T12:54:14.579+0000][70][gc,age      ] GC(67) - age   9:      41736 bytes,    5625152 total
[2025-09-23T12:54:14.579+0000][70][gc,age      ] GC(67) - age  10:      13648 bytes,    5638800 total
[2025-09-23T12:54:14.579+0000][70][gc,age      ] GC(67) - age  11:       4536 bytes,    5643336 total
[2025-09-23T12:54:14.579+0000][70][gc,age      ] GC(67) - age  12:       8120 bytes,    5651456 total
[2025-09-23T12:54:14.579+0000][70][gc,age      ] GC(67) - age  13:     128744 bytes,    5780200 total
[2025-09-23T12:54:14.579+0000][70][gc,age      ] GC(67) - age  14:       6632 bytes,    5786832 total
[2025-09-23T12:54:14.579+0000][70][gc,age      ] GC(67) - age  15:       2776 bytes,    5789608 total
[2025-09-23T12:54:14.579+0000][70][gc,heap     ] GC(67) Eden regions: 306->0(305)
[2025-09-23T12:54:14.579+0000][70][gc,heap     ] GC(67) Survivor regions: 1->2(39)
[2025-09-23T12:54:14.579+0000][70][gc,heap     ] GC(67) Old regions: 33->33
[2025-09-23T12:54:14.579+0000][70][gc,heap     ] GC(67) Archive regions: 2->2
[2025-09-23T12:54:14.579+0000][70][gc,heap     ] GC(67) Humongous regions: 4->4
[2025-09-23T12:54:14.580+0000][70][gc,metaspace] GC(67) Metaspace: 139475K(142912K)->139475K(142912K) NonClass: 121589K(123328K)->121589K(123328K) Class: 17885K(19584K)->17885K(19584K)
[2025-09-23T12:54:14.580+0000][70][gc          ] GC(67) Pause Young (Normal) (G1 Evacuation Pause) 1379M->157M(2048M) 22.975ms
[2025-09-23T12:54:14.580+0000][70][gc,cpu      ] GC(67) User=0.13s Sys=0.00s Real=0.02s
[2025-09-23T12:54:14.580+0000][70][safepoint   ] Safepoint "G1CollectForAllocation", Time since last: 9682854962 ns, Reaching safepoint: 389416 ns, At safepoint: 23227084 ns, Total: 23616500 ns
[2025-09-23T12:54:23.589+0000][70][safepoint   ] Safepoint "Cleanup", Time since last: 9009042129 ns, Reaching safepoint: 324667 ns, At safepoint: 14166 ns, Total: 338833 ns
[2025-09-23T12:54:29.598+0000][70][safepoint   ] Safepoint "Cleanup", Time since last: 6008086795 ns, Reaching safepoint: 471833 ns, At safepoint: 19792 ns, Total: 491625 ns
[2025-09-23T12:55:03.632+0000][70][safepoint   ] Safepoint "Cleanup", Time since last: 34033464099 ns, Reaching safepoint: 387917 ns, At safepoint: 3333 ns, Total: 391250 ns
[2025-09-23T12:55:14.646+0000][70][safepoint   ] Safepoint "Cleanup", Time since last: 11013611880 ns, Reaching safepoint: 280583 ns, At safepoint: 4250 ns, Total: 284833 ns
[2025-09-23T12:55:21.369+0000][70][gc,start    ] GC(68) Pause Young (Normal) (G1 Evacuation Pause)
[2025-09-23T12:55:21.369+0000][70][gc,task     ] GC(68) Using 8 workers of 8 for evacuation
[2025-09-23T12:55:21.369+0000][70][gc,age      ] GC(68) Desired survivor size 81788928 bytes, new threshold 15 (max threshold 15)
[2025-09-23T12:55:21.395+0000][70][gc,phases   ] GC(68)   Pre Evacuate Collection Set: 0.7ms
[2025-09-23T12:55:21.395+0000][70][gc,phases   ] GC(68)   Merge Heap Roots: 0.2ms
[2025-09-23T12:55:21.395+0000][70][gc,phases   ] GC(68)   Evacuate Collection Set: 18.6ms
[2025-09-23T12:55:21.395+0000][70][gc,phases   ] GC(68)   Post Evacuate Collection Set: 5.8ms
[2025-09-23T12:55:21.395+0000][70][gc,phases   ] GC(68)   Other: 0.4ms
[2025-09-23T12:55:21.395+0000][70][gc,age      ] GC(68) Age table with threshold 15 (max threshold 15)
[2025-09-23T12:55:21.395+0000][70][gc,age      ] GC(68) - age   1:    3793896 bytes,    3793896 total
[2025-09-23T12:55:21.396+0000][70][gc,age      ] GC(68) - age   2:      96888 bytes,    3890784 total
[2025-09-23T12:55:21.396+0000][70][gc,age      ] GC(68) - age   3:      86720 bytes,    3977504 total
[2025-09-23T12:55:21.396+0000][70][gc,age      ] GC(68) - age   4:     380800 bytes,    4358304 total
[2025-09-23T12:55:21.396+0000][70][gc,age      ] GC(68) - age   5:      85160 bytes,    4443464 total
[2025-09-23T12:55:21.396+0000][70][gc,age      ] GC(68) - age   6:     116520 bytes,    4559984 total
[2025-09-23T12:55:21.396+0000][70][gc,age      ] GC(68) - age   7:      21144 bytes,    4581128 total
[2025-09-23T12:55:21.396+0000][70][gc,age      ] GC(68) - age   8:      66024 bytes,    4647152 total
[2025-09-23T12:55:21.396+0000][70][gc,age      ] GC(68) - age   9:     287864 bytes,    4935016 total
[2025-09-23T12:55:21.396+0000][70][gc,age      ] GC(68) - age  10:      41736 bytes,    4976752 total
[2025-09-23T12:55:21.396+0000][70][gc,age      ] GC(68) - age  11:      13464 bytes,    4990216 total
[2025-09-23T12:55:21.396+0000][70][gc,age      ] GC(68) - age  12:       4496 bytes,    4994712 total
[2025-09-23T12:55:21.396+0000][70][gc,age      ] GC(68) - age  13:       8120 bytes,    5002832 total
[2025-09-23T12:55:21.396+0000][70][gc,age      ] GC(68) - age  14:     128744 bytes,    5131576 total
[2025-09-23T12:55:21.396+0000][70][gc,age      ] GC(68) - age  15:       6632 bytes,    5138208 total
[2025-09-23T12:55:21.396+0000][70][gc,heap     ] GC(68) Eden regions: 305->0(305)
[2025-09-23T12:55:21.396+0000][70][gc,heap     ] GC(68) Survivor regions: 2->2(39)
[2025-09-23T12:55:21.396+0000][70][gc,heap     ] GC(68) Old regions: 33->33
[2025-09-23T12:55:21.396+0000][70][gc,heap     ] GC(68) Archive regions: 2->2
[2025-09-23T12:55:21.396+0000][70][gc,heap     ] GC(68) Humongous regions: 4->4
[2025-09-23T12:55:21.396+0000][70][gc,metaspace] GC(68) Metaspace: 139479K(142976K)->139479K(142976K) NonClass: 121593K(123392K)->121593K(123392K) Class: 17885K(19584K)->17885K(19584K)
[2025-09-23T12:55:21.396+0000][70][gc          ] GC(68) Pause Young (Normal) (G1 Evacuation Pause) 1377M->157M(2048M) 27.399ms
[2025-09-23T12:55:21.396+0000][70][gc,cpu      ] GC(68) User=0.15s Sys=0.00s Real=0.03s
[2025-09-23T12:55:21.396+0000][70][safepoint   ] Safepoint "G1CollectForAllocation", Time since last: 6722525837 ns, Reaching safepoint: 483542 ns, At safepoint: 27692333 ns, Total: 28175875 ns
[2025-09-23T12:55:38.416+0000][70][safepoint   ] Safepoint "Cleanup", Time since last: 17017162091 ns, Reaching safepoint: 1598500 ns, At safepoint: 790917 ns, Total: 2389417 ns
[2025-09-23T12:55:50.431+0000][70][safepoint   ] Safepoint "Cleanup", Time since last: 12014470339 ns, Reaching safepoint: 393250 ns, At safepoint: 5083 ns, Total: 398333 ns
[2025-09-23T12:56:08.450+0000][70][safepoint   ] Safepoint "Cleanup", Time since last: 18018680675 ns, Reaching safepoint: 842667 ns, At safepoint: 5292 ns, Total: 847959 ns
[2025-09-23T12:56:14.461+0000][70][safepoint   ] Safepoint "Cleanup", Time since last: 6009078919 ns, Reaching safepoint: 332292 ns, At safepoint: 3833 ns, Total: 336125 ns
[2025-09-23T12:56:19.469+0000][70][safepoint   ] Safepoint "Cleanup", Time since last: 5008499961 ns, Reaching safepoint: 329875 ns, At safepoint: 7041 ns, Total: 336916 ns
[2025-09-23T12:56:20.471+0000][70][safepoint   ] Safepoint "Cleanup", Time since last: 1001119792 ns, Reaching safepoint: 1036959 ns, At safepoint: 8083 ns, Total: 1045042 ns
[2025-09-23T12:56:26.478+0000][70][safepoint   ] Safepoint "Cleanup", Time since last: 6006628211 ns, Reaching safepoint: 285209 ns, At safepoint: 4833 ns, Total: 290042 ns
[2025-09-23T12:56:27.510+0000][70][gc,start    ] GC(69) Pause Young (Normal) (G1 Evacuation Pause)
[2025-09-23T12:56:27.511+0000][70][gc,task     ] GC(69) Using 8 workers of 8 for evacuation
[2025-09-23T12:56:27.511+0000][70][gc,age      ] GC(69) Desired survivor size 81788928 bytes, new threshold 15 (max threshold 15)
[2025-09-23T12:56:27.525+0000][70][gc,phases   ] GC(69)   Pre Evacuate Collection Set: 0.9ms
[2025-09-23T12:56:27.525+0000][70][gc,phases   ] GC(69)   Merge Heap Roots: 0.2ms
[2025-09-23T12:56:27.525+0000][70][gc,phases   ] GC(69)   Evacuate Collection Set: 9.5ms
[2025-09-23T12:56:27.525+0000][70][gc,phases   ] GC(69)   Post Evacuate Collection Set: 2.9ms
[2025-09-23T12:56:27.525+0000][70][gc,phases   ] GC(69)   Other: 0.5ms
[2025-09-23T12:56:27.525+0000][70][gc,age      ] GC(69) Age table with threshold 15 (max threshold 15)
[2025-09-23T12:56:27.525+0000][70][gc,age      ] GC(69) - age   1:    3674960 bytes,    3674960 total
[2025-09-23T12:56:27.525+0000][70][gc,age      ] GC(69) - age   2:      86976 bytes,    3761936 total
[2025-09-23T12:56:27.525+0000][70][gc,age      ] GC(69) - age   3:      93672 bytes,    3855608 total
[2025-09-23T12:56:27.525+0000][70][gc,age      ] GC(69) - age   4:      85520 bytes,    3941128 total
[2025-09-23T12:56:27.525+0000][70][gc,age      ] GC(69) - age   5:      71576 bytes,    4012704 total
[2025-09-23T12:56:27.525+0000][70][gc,age      ] GC(69) - age   6:      84128 bytes,    4096832 total
[2025-09-23T12:56:27.525+0000][70][gc,age      ] GC(69) - age   7:     116456 bytes,    4213288 total
[2025-09-23T12:56:27.525+0000][70][gc,age      ] GC(69) - age   8:      20936 bytes,    4234224 total
[2025-09-23T12:56:27.525+0000][70][gc,age      ] GC(69) - age   9:      65952 bytes,    4300176 total
[2025-09-23T12:56:27.525+0000][70][gc,age      ] GC(69) - age  10:      50416 bytes,    4350592 total
[2025-09-23T12:56:27.525+0000][70][gc,age      ] GC(69) - age  11:      41736 bytes,    4392328 total
[2025-09-23T12:56:27.525+0000][70][gc,age      ] GC(69) - age  12:      13464 bytes,    4405792 total
[2025-09-23T12:56:27.525+0000][70][gc,age      ] GC(69) - age  13:       4432 bytes,    4410224 total
[2025-09-23T12:56:27.526+0000][70][gc,age      ] GC(69) - age  14:       8120 bytes,    4418344 total
[2025-09-23T12:56:27.526+0000][70][gc,age      ] GC(69) - age  15:     112840 bytes,    4531184 total
[2025-09-23T12:56:27.526+0000][70][gc,heap     ] GC(69) Eden regions: 305->0(305)
[2025-09-23T12:56:27.526+0000][70][gc,heap     ] GC(69) Survivor regions: 2->2(39)
[2025-09-23T12:56:27.526+0000][70][gc,heap     ] GC(69) Old regions: 33->33
[2025-09-23T12:56:27.526+0000][70][gc,heap     ] GC(69) Archive regions: 2->2
[2025-09-23T12:56:27.526+0000][70][gc,heap     ] GC(69) Humongous regions: 4->4
[2025-09-23T12:56:27.526+0000][70][gc,metaspace] GC(69) Metaspace: 139489K(142976K)->139489K(142976K) NonClass: 121603K(123392K)->121603K(123392K) Class: 17885K(19584K)->17885K(19584K)
[2025-09-23T12:56:27.526+0000][70][gc          ] GC(69) Pause Young (Normal) (G1 Evacuation Pause) 1377M->156M(2048M) 15.873ms
[2025-09-23T12:56:27.526+0000][70][gc,cpu      ] GC(69) User=0.09s Sys=0.00s Real=0.02s
[2025-09-23T12:56:27.526+0000][70][safepoint   ] Safepoint "G1CollectForAllocation", Time since last: 1030912250 ns, Reaching safepoint: 370875 ns, At safepoint: 16329084 ns, Total: 16699959 ns
[2025-09-23T12:56:32.531+0000][70][safepoint   ] Safepoint "Cleanup", Time since last: 5005110919 ns, Reaching safepoint: 337833 ns, At safepoint: 4167 ns, Total: 342000 ns
[2025-09-23T12:56:38.539+0000][70][safepoint   ] Safepoint "Cleanup", Time since last: 6006001211 ns, Reaching safepoint: 1180208 ns, At safepoint: 26792 ns, Total: 1207000 ns
[2025-09-23T12:56:48.551+0000][70][safepoint   ] Safepoint "Cleanup", Time since last: 10010448004 ns, Reaching safepoint: 402833 ns, At safepoint: 7375 ns, Total: 410208 ns
[2025-09-23T12:56:50.552+0000][70][safepoint   ] Safepoint "Cleanup", Time since last: 2001573376 ns, Reaching safepoint: 103042 ns, At safepoint: 5708 ns, Total: 108750 ns
[2025-09-23T12:57:03.565+0000][70][safepoint   ] Safepoint "Cleanup", Time since last: 13011998632 ns, Reaching safepoint: 594208 ns, At safepoint: 9833 ns, Total: 604041 ns
[2025-09-23T12:57:05.567+0000][70][safepoint   ] Safepoint "Cleanup", Time since last: 2002322376 ns, Reaching safepoint: 332167 ns, At safepoint: 8542 ns, Total: 340709 ns
[2025-09-23T12:57:11.574+0000][70][safepoint   ] Safepoint "Cleanup", Time since last: 6005688669 ns, Reaching safepoint: 389167 ns, At safepoint: 4291 ns, Total: 393458 ns
[2025-09-23T12:57:28.700+0000][70][gc,start    ] GC(70) Pause Young (Normal) (G1 Evacuation Pause)
[2025-09-23T12:57:28.700+0000][70][gc,task     ] GC(70) Using 8 workers of 8 for evacuation
[2025-09-23T12:57:28.700+0000][70][gc,age      ] GC(70) Desired survivor size 81788928 bytes, new threshold 15 (max threshold 15)
[2025-09-23T12:57:28.708+0000][70][gc,phases   ] GC(70)   Pre Evacuate Collection Set: 0.3ms
[2025-09-23T12:57:28.708+0000][70][gc,phases   ] GC(70)   Merge Heap Roots: 0.1ms
[2025-09-23T12:57:28.708+0000][70][gc,phases   ] GC(70)   Evacuate Collection Set: 5.9ms
[2025-09-23T12:57:28.708+0000][70][gc,phases   ] GC(70)   Post Evacuate Collection Set: 1.4ms
[2025-09-23T12:57:28.708+0000][70][gc,phases   ] GC(70)   Other: 0.2ms
[2025-09-23T12:57:28.709+0000][70][gc,age      ] GC(70) Age table with threshold 15 (max threshold 15)
[2025-09-23T12:57:28.709+0000][70][gc,age      ] GC(70) - age   1:    4032240 bytes,    4032240 total
[2025-09-23T12:57:28.709+0000][70][gc,age      ] GC(70) - age   2:     414416 bytes,    4446656 total
[2025-09-23T12:57:28.709+0000][70][gc,age      ] GC(70) - age   3:      44808 bytes,    4491464 total
[2025-09-23T12:57:28.709+0000][70][gc,age      ] GC(70) - age   4:      52048 bytes,    4543512 total
[2025-09-23T12:57:28.709+0000][70][gc,age      ] GC(70) - age   5:      84824 bytes,    4628336 total
[2025-09-23T12:57:28.709+0000][70][gc,age      ] GC(70) - age   6:      70416 bytes,    4698752 total
[2025-09-23T12:57:28.709+0000][70][gc,age      ] GC(70) - age   7:      45512 bytes,    4744264 total
[2025-09-23T12:57:28.709+0000][70][gc,age      ] GC(70) - age   8:     116456 bytes,    4860720 total
[2025-09-23T12:57:28.709+0000][70][gc,age      ] GC(70) - age   9:      16808 bytes,    4877528 total
[2025-09-23T12:57:28.709+0000][70][gc,age      ] GC(70) - age  10:      65952 bytes,    4943480 total
[2025-09-23T12:57:28.709+0000][70][gc,age      ] GC(70) - age  11:      50288 bytes,    4993768 total
[2025-09-23T12:57:28.709+0000][70][gc,age      ] GC(70) - age  12:      41736 bytes,    5035504 total
[2025-09-23T12:57:28.709+0000][70][gc,age      ] GC(70) - age  13:      13464 bytes,    5048968 total
[2025-09-23T12:57:28.709+0000][70][gc,age      ] GC(70) - age  14:       4368 bytes,    5053336 total
[2025-09-23T12:57:28.709+0000][70][gc,age      ] GC(70) - age  15:       8120 bytes,    5061456 total
[2025-09-23T12:57:28.709+0000][70][gc,heap     ] GC(70) Eden regions: 305->0(305)
[2025-09-23T12:57:28.709+0000][70][gc,heap     ] GC(70) Survivor regions: 2->2(39)
[2025-09-23T12:57:28.709+0000][70][gc,heap     ] GC(70) Old regions: 33->33
[2025-09-23T12:57:28.709+0000][70][gc,heap     ] GC(70) Archive regions: 2->2
[2025-09-23T12:57:28.709+0000][70][gc,heap     ] GC(70) Humongous regions: 4->4
[2025-09-23T12:57:28.709+0000][70][gc,metaspace] GC(70) Metaspace: 139492K(142976K)->139492K(142976K) NonClass: 121606K(123392K)->121606K(123392K) Class: 17885K(19584K)->17885K(19584K)
[2025-09-23T12:57:28.709+0000][70][gc          ] GC(70) Pause Young (Normal) (G1 Evacuation Pause) 1376M->157M(2048M) 9.047ms
[2025-09-23T12:57:28.709+0000][70][gc,cpu      ] GC(70) User=0.04s Sys=0.00s Real=0.01s
[2025-09-23T12:57:28.709+0000][70][safepoint   ] Safepoint "G1CollectForAllocation", Time since last: 17125267425 ns, Reaching safepoint: 212167 ns, At safepoint: 9191833 ns, Total: 9404000 ns
[2025-09-23T12:58:28.718+0000][70][gc,start    ] GC(71) Pause Young (Normal) (G1 Evacuation Pause)
[2025-09-23T12:58:28.719+0000][70][gc,task     ] GC(71) Using 8 workers of 8 for evacuation
[2025-09-23T12:58:28.719+0000][70][gc,age      ] GC(71) Desired survivor size 81788928 bytes, new threshold 15 (max threshold 15)
[2025-09-23T12:58:28.727+0000][70][gc,phases   ] GC(71)   Pre Evacuate Collection Set: 0.8ms
[2025-09-23T12:58:28.727+0000][70][gc,phases   ] GC(71)   Merge Heap Roots: 0.1ms
[2025-09-23T12:58:28.727+0000][70][gc,phases   ] GC(71)   Evacuate Collection Set: 5.4ms
[2025-09-23T12:58:28.728+0000][70][gc,phases   ] GC(71)   Post Evacuate Collection Set: 1.9ms
[2025-09-23T12:58:28.728+0000][70][gc,phases   ] GC(71)   Other: 0.5ms
[2025-09-23T12:58:28.728+0000][70][gc,age      ] GC(71) Age table with threshold 15 (max threshold 15)
[2025-09-23T12:58:28.728+0000][70][gc,age      ] GC(71) - age   1:    1740328 bytes,    1740328 total
[2025-09-23T12:58:28.728+0000][70][gc,age      ] GC(71) - age   2:     231744 bytes,    1972072 total
[2025-09-23T12:58:28.728+0000][70][gc,age      ] GC(71) - age   3:     285704 bytes,    2257776 total
[2025-09-23T12:58:28.728+0000][70][gc,age      ] GC(71) - age   4:      43784 bytes,    2301560 total
[2025-09-23T12:58:28.728+0000][70][gc,age      ] GC(71) - age   5:      51160 bytes,    2352720 total
[2025-09-23T12:58:28.728+0000][70][gc,age      ] GC(71) - age   6:      84304 bytes,    2437024 total
[2025-09-23T12:58:28.728+0000][70][gc,age      ] GC(71) - age   7:      70352 bytes,    2507376 total
[2025-09-23T12:58:28.728+0000][70][gc,age      ] GC(71) - age   8:      45512 bytes,    2552888 total
[2025-09-23T12:58:28.728+0000][70][gc,age      ] GC(71) - age   9:      79152 bytes,    2632040 total
[2025-09-23T12:58:28.728+0000][70][gc,age      ] GC(71) - age  10:      16808 bytes,    2648848 total
[2025-09-23T12:58:28.728+0000][70][gc,age      ] GC(71) - age  11:      65888 bytes,    2714736 total
[2025-09-23T12:58:28.728+0000][70][gc,age      ] GC(71) - age  12:      50288 bytes,    2765024 total
[2025-09-23T12:58:28.728+0000][70][gc,age      ] GC(71) - age  13:       6496 bytes,    2771520 total
[2025-09-23T12:58:28.728+0000][70][gc,age      ] GC(71) - age  14:      13464 bytes,    2784984 total
[2025-09-23T12:58:28.728+0000][70][gc,age      ] GC(71) - age  15:       4368 bytes,    2789352 total
[2025-09-23T12:58:28.728+0000][70][gc,heap     ] GC(71) Eden regions: 305->0(306)
[2025-09-23T12:58:28.728+0000][70][gc,heap     ] GC(71) Survivor regions: 2->1(39)
[2025-09-23T12:58:28.728+0000][70][gc,heap     ] GC(71) Old regions: 33->33
[2025-09-23T12:58:28.728+0000][70][gc,heap     ] GC(71) Archive regions: 2->2
[2025-09-23T12:58:28.728+0000][70][gc,heap     ] GC(71) Humongous regions: 4->4
[2025-09-23T12:58:28.728+0000][70][gc,metaspace] GC(71) Metaspace: 139499K(142976K)->139499K(142976K) NonClass: 121613K(123392K)->121613K(123392K) Class: 17885K(19584K)->17885K(19584K)
[2025-09-23T12:58:28.728+0000][70][gc          ] GC(71) Pause Young (Normal) (G1 Evacuation Pause) 1377M->154M(2048M) 10.100ms
[2025-09-23T12:58:28.728+0000][70][gc,cpu      ] GC(71) User=0.04s Sys=0.00s Real=0.01s
[2025-09-23T12:58:28.728+0000][70][safepoint   ] Safepoint "G1CollectForAllocation", Time since last: 60009302777 ns, Reaching safepoint: 345500 ns, At safepoint: 10282292 ns, Total: 10627792 ns
[2025-09-23T12:58:35.736+0000][70][safepoint   ] Safepoint "Cleanup", Time since last: 7006968420 ns, Reaching safepoint: 295833 ns, At safepoint: 4292 ns, Total: 300125 ns
[2025-09-23T12:58:37.738+0000][70][safepoint   ] Safepoint "Cleanup", Time since last: 2002411417 ns, Reaching safepoint: 84417 ns, At safepoint: 4250 ns, Total: 88667 ns
[2025-09-23T12:58:59.772+0000][70][safepoint   ] Safepoint "Cleanup", Time since last: 22023209427 ns, Reaching safepoint: 631083 ns, At safepoint: 4625 ns, Total: 635708 ns
[2025-09-23T12:59:03.777+0000][70][safepoint   ] Safepoint "Cleanup", Time since last: 4005330544 ns, Reaching safepoint: 141958 ns, At safepoint: 3333 ns, Total: 145291 ns
[2025-09-23T12:59:13.787+0000][70][safepoint   ] Safepoint "Cleanup", Time since last: 10010042422 ns, Reaching safepoint: 320958 ns, At safepoint: 6500 ns, Total: 327458 ns
[2025-09-23T12:59:18.798+0000][70][safepoint   ] Safepoint "Cleanup", Time since last: 5004650210 ns, Reaching safepoint: 827584 ns, At safepoint: 7541 ns, Total: 835125 ns
[2025-09-23T12:59:23.804+0000][70][safepoint   ] Safepoint "Cleanup", Time since last: 5006025461 ns, Reaching safepoint: 288958 ns, At safepoint: 10167 ns, Total: 299125 ns
[2025-09-23T12:59:29.642+0000][70][gc,start    ] GC(72) Pause Young (Normal) (G1 Evacuation Pause)
[2025-09-23T12:59:29.643+0000][70][gc,task     ] GC(72) Using 8 workers of 8 for evacuation
[2025-09-23T12:59:29.643+0000][70][gc,age      ] GC(72) Desired survivor size 81788928 bytes, new threshold 15 (max threshold 15)
[2025-09-23T12:59:29.651+0000][70][gc,phases   ] GC(72)   Pre Evacuate Collection Set: 0.3ms
[2025-09-23T12:59:29.651+0000][70][gc,phases   ] GC(72)   Merge Heap Roots: 0.1ms
[2025-09-23T12:59:29.651+0000][70][gc,phases   ] GC(72)   Evacuate Collection Set: 5.5ms
[2025-09-23T12:59:29.651+0000][70][gc,phases   ] GC(72)   Post Evacuate Collection Set: 1.6ms
[2025-09-23T12:59:29.651+0000][70][gc,phases   ] GC(72)   Other: 0.3ms
[2025-09-23T12:59:29.651+0000][70][gc,age      ] GC(72) Age table with threshold 15 (max threshold 15)
[2025-09-23T12:59:29.651+0000][70][gc,age      ] GC(72) - age   1:    4390016 bytes,    4390016 total
[2025-09-23T12:59:29.651+0000][70][gc,age      ] GC(72) - age   2:     126624 bytes,    4516640 total
[2025-09-23T12:59:29.651+0000][70][gc,age      ] GC(72) - age   3:      98584 bytes,    4615224 total
[2025-09-23T12:59:29.651+0000][70][gc,age      ] GC(72) - age   4:     282864 bytes,    4898088 total
[2025-09-23T12:59:29.651+0000][70][gc,age      ] GC(72) - age   5:      43720 bytes,    4941808 total
[2025-09-23T12:59:29.651+0000][70][gc,age      ] GC(72) - age   6:      50904 bytes,    4992712 total
[2025-09-23T12:59:29.651+0000][70][gc,age      ] GC(72) - age   7:      84040 bytes,    5076752 total
[2025-09-23T12:59:29.651+0000][70][gc,age      ] GC(72) - age   8:      69360 bytes,    5146112 total
[2025-09-23T12:59:29.651+0000][70][gc,age      ] GC(72) - age   9:      45512 bytes,    5191624 total
[2025-09-23T12:59:29.651+0000][70][gc,age      ] GC(72) - age  10:      41288 bytes,    5232912 total
[2025-09-23T12:59:29.651+0000][70][gc,age      ] GC(72) - age  11:      16808 bytes,    5249720 total
[2025-09-23T12:59:29.651+0000][70][gc,age      ] GC(72) - age  12:      65088 bytes,    5314808 total
[2025-09-23T12:59:29.651+0000][70][gc,age      ] GC(72) - age  13:      50224 bytes,    5365032 total
[2025-09-23T12:59:29.651+0000][70][gc,age      ] GC(72) - age  14:       6432 bytes,    5371464 total
[2025-09-23T12:59:29.651+0000][70][gc,age      ] GC(72) - age  15:      12664 bytes,    5384128 total
[2025-09-23T12:59:29.651+0000][70][gc,heap     ] GC(72) Eden regions: 306->0(305)
[2025-09-23T12:59:29.651+0000][70][gc,heap     ] GC(72) Survivor regions: 1->2(39)
[2025-09-23T12:59:29.651+0000][70][gc,heap     ] GC(72) Old regions: 33->33
[2025-09-23T12:59:29.651+0000][70][gc,heap     ] GC(72) Archive regions: 2->2
[2025-09-23T12:59:29.651+0000][70][gc,heap     ] GC(72) Humongous regions: 4->4
[2025-09-23T12:59:29.651+0000][70][gc,metaspace] GC(72) Metaspace: 139505K(142976K)->139505K(142976K) NonClass: 121619K(123392K)->121619K(123392K) Class: 17885K(19584K)->17885K(19584K)
[2025-09-23T12:59:29.651+0000][70][gc          ] GC(72) Pause Young (Normal) (G1 Evacuation Pause) 1378M->157M(2048M) 8.934ms
[2025-09-23T12:59:29.651+0000][70][gc,cpu      ] GC(72) User=0.05s Sys=0.00s Real=0.01s
[2025-09-23T12:59:29.651+0000][70][safepoint   ] Safepoint "G1CollectForAllocation", Time since last: 5838110586 ns, Reaching safepoint: 266583 ns, At safepoint: 9121959 ns, Total: 9388542 ns
[2025-09-23T12:59:41.663+0000][70][safepoint   ] Safepoint "Cleanup", Time since last: 12011237547 ns, Reaching safepoint: 455000 ns, At safepoint: 4625 ns, Total: 459625 ns
[2025-09-23T12:59:42.665+0000][70][safepoint   ] Safepoint "Cleanup", Time since last: 1001495167 ns, Reaching safepoint: 48667 ns, At safepoint: 2667 ns, Total: 51334 ns
[2025-09-23T12:59:44.666+0000][70][safepoint   ] Safepoint "Cleanup", Time since last: 2002416500 ns, Reaching safepoint: 844875 ns, At safepoint: 38375 ns, Total: 883250 ns
[2025-09-23T13:00:03.685+0000][70][safepoint   ] Safepoint "Cleanup", Time since last: 19018656592 ns, Reaching safepoint: 397375 ns, At safepoint: 4458 ns, Total: 401833 ns
[2025-09-23T13:00:07.483+0000][70][safepoint   ] Safepoint "Cleanup", Time since last: 3798113794 ns, Reaching safepoint: 79166 ns, At safepoint: 9542 ns, Total: 88708 ns
[2025-09-23T13:00:08.874+0000][70][safepoint   ] Safepoint "Cleanup", Time since last: 1390383667 ns, Reaching safepoint: 457959 ns, At safepoint: 4083 ns, Total: 462042 ns
[2025-09-23T13:00:10.876+0000][70][safepoint   ] Safepoint "Cleanup", Time since last: 2001579459 ns, Reaching safepoint: 313834 ns, At safepoint: 8750 ns, Total: 322584 ns
[2025-09-23T13:00:13.879+0000][70][safepoint   ] Safepoint "Cleanup", Time since last: 3002632418 ns, Reaching safepoint: 160958 ns, At safepoint: 4250 ns, Total: 165208 ns
[2025-09-23T13:00:15.153+0000][70][safepoint   ] Safepoint "Cleanup", Time since last: 1271844584 ns, Reaching safepoint: 60583 ns, At safepoint: 3125 ns, Total: 63708 ns
[2025-09-23T13:00:16.158+0000][70][safepoint   ] Safepoint "Cleanup", Time since last: 1004927417 ns, Reaching safepoint: 134959 ns, At safepoint: 3541 ns, Total: 138500 ns
[2025-09-23T13:00:20.162+0000][70][safepoint   ] Safepoint "Cleanup", Time since last: 4003896294 ns, Reaching safepoint: 214375 ns, At safepoint: 3708 ns, Total: 218083 ns
[2025-09-23T13:00:21.163+0000][70][safepoint   ] Safepoint "Cleanup", Time since last: 1000780542 ns, Reaching safepoint: 135209 ns, At safepoint: 3333 ns, Total: 138542 ns
[2025-09-23T13:00:23.166+0000][70][safepoint   ] Safepoint "Cleanup", Time since last: 2002047501 ns, Reaching safepoint: 421000 ns, At safepoint: 8500 ns, Total: 429500 ns
[2025-09-23T13:00:24.167+0000][70][safepoint   ] Safepoint "Cleanup", Time since last: 1001354875 ns, Reaching safepoint: 249250 ns, At safepoint: 14375 ns, Total: 263625 ns
[2025-09-23T13:00:30.728+0000][70][gc,start    ] GC(73) Pause Young (Normal) (G1 Evacuation Pause)
[2025-09-23T13:00:30.728+0000][70][gc,task     ] GC(73) Using 8 workers of 8 for evacuation
[2025-09-23T13:00:30.728+0000][70][gc,age      ] GC(73) Desired survivor size 81788928 bytes, new threshold 15 (max threshold 15)
[2025-09-23T13:00:30.736+0000][70][gc,phases   ] GC(73)   Pre Evacuate Collection Set: 0.4ms
[2025-09-23T13:00:30.736+0000][70][gc,phases   ] GC(73)   Merge Heap Roots: 0.2ms
[2025-09-23T13:00:30.736+0000][70][gc,phases   ] GC(73)   Evacuate Collection Set: 5.5ms
[2025-09-23T13:00:30.736+0000][70][gc,phases   ] GC(73)   Post Evacuate Collection Set: 1.5ms
[2025-09-23T13:00:30.736+0000][70][gc,phases   ] GC(73)   Other: 0.3ms
[2025-09-23T13:00:30.736+0000][70][gc,age      ] GC(73) Age table with threshold 15 (max threshold 15)
[2025-09-23T13:00:30.736+0000][70][gc,age      ] GC(73) - age   1:    3718600 bytes,    3718600 total
[2025-09-23T13:00:30.736+0000][70][gc,age      ] GC(73) - age   2:     277072 bytes,    3995672 total
[2025-09-23T13:00:30.736+0000][70][gc,age      ] GC(73) - age   3:      85728 bytes,    4081400 total
[2025-09-23T13:00:30.736+0000][70][gc,age      ] GC(73) - age   4:      60712 bytes,    4142112 total
[2025-09-23T13:00:30.736+0000][70][gc,age      ] GC(73) - age   5:     281928 bytes,    4424040 total
[2025-09-23T13:00:30.736+0000][70][gc,age      ] GC(73) - age   6:       5120 bytes,    4429160 total
[2025-09-23T13:00:30.736+0000][70][gc,age      ] GC(73) - age   7:      13288 bytes,    4442448 total
[2025-09-23T13:00:30.736+0000][70][gc,age      ] GC(73) - age   8:      29496 bytes,    4471944 total
[2025-09-23T13:00:30.737+0000][70][gc,age      ] GC(73) - age   9:      31928 bytes,    4503872 total
[2025-09-23T13:00:30.737+0000][70][gc,age      ] GC(73) - age  10:       8856 bytes,    4512728 total
[2025-09-23T13:00:30.737+0000][70][gc,age      ] GC(73) - age  11:       4080 bytes,    4516808 total
[2025-09-23T13:00:30.737+0000][70][gc,age      ] GC(73) - age  12:      16048 bytes,    4532856 total
[2025-09-23T13:00:30.737+0000][70][gc,age      ] GC(73) - age  13:      65088 bytes,    4597944 total
[2025-09-23T13:00:30.737+0000][70][gc,age      ] GC(73) - age  14:      50224 bytes,    4648168 total
[2025-09-23T13:00:30.737+0000][70][gc,age      ] GC(73) - age  15:       6432 bytes,    4654600 total
[2025-09-23T13:00:30.737+0000][70][gc,heap     ] GC(73) Eden regions: 305->0(305)
[2025-09-23T13:00:30.737+0000][70][gc,heap     ] GC(73) Survivor regions: 2->2(39)
[2025-09-23T13:00:30.737+0000][70][gc,heap     ] GC(73) Old regions: 33->33
[2025-09-23T13:00:30.737+0000][70][gc,heap     ] GC(73) Archive regions: 2->2
[2025-09-23T13:00:30.737+0000][70][gc,heap     ] GC(73) Humongous regions: 4->4
[2025-09-23T13:00:30.737+0000][70][gc,metaspace] GC(73) Metaspace: 139547K(142976K)->139547K(142976K) NonClass: 121660K(123392K)->121660K(123392K) Class: 17887K(19584K)->17887K(19584K)
[2025-09-23T13:00:30.737+0000][70][gc          ] GC(73) Pause Young (Normal) (G1 Evacuation Pause) 1377M->156M(2048M) 9.264ms
[2025-09-23T13:00:30.737+0000][70][gc,cpu      ] GC(73) User=0.05s Sys=0.00s Real=0.01s
[2025-09-23T13:00:30.737+0000][70][safepoint   ] Safepoint "G1CollectForAllocation", Time since last: 6559920754 ns, Reaching safepoint: 302541 ns, At safepoint: 9431084 ns, Total: 9733625 ns
[2025-09-23T13:00:42.750+0000][70][safepoint   ] Safepoint "Cleanup", Time since last: 12012128464 ns, Reaching safepoint: 539000 ns, At safepoint: 7375 ns, Total: 546375 ns
[2025-09-23T13:00:56.766+0000][70][safepoint   ] Safepoint "Cleanup", Time since last: 14015598797 ns, Reaching safepoint: 600708 ns, At safepoint: 10709 ns, Total: 611417 ns
[2025-09-23T13:01:08.779+0000][70][safepoint   ] Safepoint "Cleanup", Time since last: 12012269089 ns, Reaching safepoint: 322333 ns, At safepoint: 9125 ns, Total: 331458 ns
[2025-09-23T13:01:11.974+0000][70][safepoint   ] Safepoint "Cleanup", Time since last: 3193734627 ns, Reaching safepoint: 1251291 ns, At safepoint: 20875 ns, Total: 1272166 ns
[2025-09-23T13:01:13.977+0000][70][safepoint   ] Safepoint "Cleanup", Time since last: 2002557710 ns, Reaching safepoint: 133291 ns, At safepoint: 3625 ns, Total: 136916 ns
[2025-09-23T13:01:14.978+0000][70][safepoint   ] Safepoint "Cleanup", Time since last: 1000889875 ns, Reaching safepoint: 121958 ns, At safepoint: 4042 ns, Total: 126000 ns
[2025-09-23T13:01:19.986+0000][70][safepoint   ] Safepoint "Cleanup", Time since last: 5006816877 ns, Reaching safepoint: 444958 ns, At safepoint: 3334 ns, Total: 448292 ns
[2025-09-23T13:01:26.384+0000][70][gc,start    ] GC(74) Pause Young (Normal) (G1 Evacuation Pause)
[2025-09-23T13:01:26.385+0000][70][gc,task     ] GC(74) Using 8 workers of 8 for evacuation
[2025-09-23T13:01:26.385+0000][70][gc,age      ] GC(74) Desired survivor size 81788928 bytes, new threshold 15 (max threshold 15)
[2025-09-23T13:01:26.400+0000][70][gc,phases   ] GC(74)   Pre Evacuate Collection Set: 0.6ms
[2025-09-23T13:01:26.400+0000][70][gc,phases   ] GC(74)   Merge Heap Roots: 0.2ms
[2025-09-23T13:01:26.400+0000][70][gc,phases   ] GC(74)   Evacuate Collection Set: 11.8ms
[2025-09-23T13:01:26.400+0000][70][gc,phases   ] GC(74)   Post Evacuate Collection Set: 2.2ms
[2025-09-23T13:01:26.400+0000][70][gc,phases   ] GC(74)   Other: 0.2ms
[2025-09-23T13:01:26.400+0000][70][gc,age      ] GC(74) Age table with threshold 15 (max threshold 15)
[2025-09-23T13:01:26.400+0000][70][gc,age      ] GC(74) - age   1:    4961864 bytes,    4961864 total
[2025-09-23T13:01:26.400+0000][70][gc,age      ] GC(74) - age   2:     173064 bytes,    5134928 total
[2025-09-23T13:01:26.400+0000][70][gc,age      ] GC(74) - age   3:     120008 bytes,    5254936 total
[2025-09-23T13:01:26.400+0000][70][gc,age      ] GC(74) - age   4:      44696 bytes,    5299632 total
[2025-09-23T13:01:26.400+0000][70][gc,age      ] GC(74) - age   5:      19200 bytes,    5318832 total
[2025-09-23T13:01:26.400+0000][70][gc,age      ] GC(74) - age   6:     218040 bytes,    5536872 total
[2025-09-23T13:01:26.400+0000][70][gc,age      ] GC(74) - age   7:       5120 bytes,    5541992 total
[2025-09-23T13:01:26.400+0000][70][gc,age      ] GC(74) - age   8:      13120 bytes,    5555112 total
[2025-09-23T13:01:26.400+0000][70][gc,age      ] GC(74) - age   9:      29424 bytes,    5584536 total
[2025-09-23T13:01:26.400+0000][70][gc,age      ] GC(74) - age  10:      30704 bytes,    5615240 total
[2025-09-23T13:01:26.400+0000][70][gc,age      ] GC(74) - age  11:       7608 bytes,    5622848 total
[2025-09-23T13:01:26.400+0000][70][gc,age      ] GC(74) - age  12:       4080 bytes,    5626928 total
[2025-09-23T13:01:26.400+0000][70][gc,age      ] GC(74) - age  13:      16048 bytes,    5642976 total
[2025-09-23T13:01:26.400+0000][70][gc,age      ] GC(74) - age  14:      65088 bytes,    5708064 total
[2025-09-23T13:01:26.400+0000][70][gc,age      ] GC(74) - age  15:      50064 bytes,    5758128 total
[2025-09-23T13:01:26.400+0000][70][gc,heap     ] GC(74) Eden regions: 305->0(305)
[2025-09-23T13:01:26.400+0000][70][gc,heap     ] GC(74) Survivor regions: 2->2(39)
[2025-09-23T13:01:26.400+0000][70][gc,heap     ] GC(74) Old regions: 33->33
[2025-09-23T13:01:26.400+0000][70][gc,heap     ] GC(74) Archive regions: 2->2
[2025-09-23T13:01:26.400+0000][70][gc,heap     ] GC(74) Humongous regions: 4->4
[2025-09-23T13:01:26.400+0000][70][gc,metaspace] GC(74) Metaspace: 139573K(143040K)->139573K(143040K) NonClass: 121685K(123456K)->121685K(123456K) Class: 17888K(19584K)->17888K(19584K)
[2025-09-23T13:01:26.400+0000][70][gc          ] GC(74) Pause Young (Normal) (G1 Evacuation Pause) 1376M->157M(2048M) 16.397ms
[2025-09-23T13:01:26.401+0000][70][gc,cpu      ] GC(74) User=0.08s Sys=0.00s Real=0.01s
[2025-09-23T13:01:26.401+0000][70][safepoint   ] Safepoint "G1CollectForAllocation", Time since last: 6398166128 ns, Reaching safepoint: 274750 ns, At safepoint: 16577375 ns, Total: 16852125 ns
[2025-09-23T13:01:59.436+0000][70][safepoint   ] Safepoint "Cleanup", Time since last: 33034686640 ns, Reaching safepoint: 695875 ns, At safepoint: 37500 ns, Total: 733375 ns
[2025-09-23T13:02:00.438+0000][70][safepoint   ] Safepoint "Cleanup", Time since last: 1002184792 ns, Reaching safepoint: 293541 ns, At safepoint: 4000 ns, Total: 297541 ns
[2025-09-23T13:02:03.441+0000][70][safepoint   ] Safepoint "Cleanup", Time since last: 3002708794 ns, Reaching safepoint: 227375 ns, At safepoint: 4333 ns, Total: 231708 ns
[2025-09-23T13:02:15.454+0000][70][safepoint   ] Safepoint "Cleanup", Time since last: 12011791963 ns, Reaching safepoint: 450292 ns, At safepoint: 6500 ns, Total: 456792 ns
[2025-09-23T13:02:28.263+0000][70][gc,start    ] GC(75) Pause Young (Normal) (G1 Evacuation Pause)
[2025-09-23T13:02:28.263+0000][70][gc,task     ] GC(75) Using 8 workers of 8 for evacuation
[2025-09-23T13:02:28.263+0000][70][gc,age      ] GC(75) Desired survivor size 81788928 bytes, new threshold 15 (max threshold 15)
[2025-09-23T13:02:28.275+0000][70][gc,phases   ] GC(75)   Pre Evacuate Collection Set: 0.4ms
[2025-09-23T13:02:28.275+0000][70][gc,phases   ] GC(75)   Merge Heap Roots: 0.2ms
[2025-09-23T13:02:28.275+0000][70][gc,phases   ] GC(75)   Evacuate Collection Set: 9.1ms
[2025-09-23T13:02:28.275+0000][70][gc,phases   ] GC(75)   Post Evacuate Collection Set: 1.4ms
[2025-09-23T13:02:28.275+0000][70][gc,phases   ] GC(75)   Other: 0.3ms
[2025-09-23T13:02:28.275+0000][70][gc,age      ] GC(75) Age table with threshold 15 (max threshold 15)
[2025-09-23T13:02:28.275+0000][70][gc,age      ] GC(75) - age   1:    4371952 bytes,    4371952 total
[2025-09-23T13:02:28.275+0000][70][gc,age      ] GC(75) - age   2:     558600 bytes,    4930552 total
[2025-09-23T13:02:28.275+0000][70][gc,age      ] GC(75) - age   3:     170408 bytes,    5100960 total
[2025-09-23T13:02:28.275+0000][70][gc,age      ] GC(75) - age   4:     118488 bytes,    5219448 total
[2025-09-23T13:02:28.275+0000][70][gc,age      ] GC(75) - age   5:      43944 bytes,    5263392 total
[2025-09-23T13:02:28.275+0000][70][gc,age      ] GC(75) - age   6:      18552 bytes,    5281944 total
[2025-09-23T13:02:28.275+0000][70][gc,age      ] GC(75) - age   7:      56000 bytes,    5337944 total
[2025-09-23T13:02:28.275+0000][70][gc,age      ] GC(75) - age   8:       4992 bytes,    5342936 total
[2025-09-23T13:02:28.275+0000][70][gc,age      ] GC(75) - age   9:      13120 bytes,    5356056 total
[2025-09-23T13:02:28.275+0000][70][gc,age      ] GC(75) - age  10:      29296 bytes,    5385352 total
[2025-09-23T13:02:28.275+0000][70][gc,age      ] GC(75) - age  11:      30640 bytes,    5415992 total
[2025-09-23T13:02:28.275+0000][70][gc,age      ] GC(75) - age  12:       7544 bytes,    5423536 total
[2025-09-23T13:02:28.275+0000][70][gc,age      ] GC(75) - age  13:       4080 bytes,    5427616 total
[2025-09-23T13:02:28.275+0000][70][gc,age      ] GC(75) - age  14:      16048 bytes,    5443664 total
[2025-09-23T13:02:28.275+0000][70][gc,age      ] GC(75) - age  15:      65088 bytes,    5508752 total
[2025-09-23T13:02:28.275+0000][70][gc,heap     ] GC(75) Eden regions: 305->0(305)
[2025-09-23T13:02:28.276+0000][70][gc,heap     ] GC(75) Survivor regions: 2->2(39)
[2025-09-23T13:02:28.276+0000][70][gc,heap     ] GC(75) Old regions: 33->33
[2025-09-23T13:02:28.276+0000][70][gc,heap     ] GC(75) Archive regions: 2->2
[2025-09-23T13:02:28.276+0000][70][gc,heap     ] GC(75) Humongous regions: 4->4
[2025-09-23T13:02:28.276+0000][70][gc,metaspace] GC(75) Metaspace: 139589K(143104K)->139589K(143104K) NonClass: 121700K(123520K)->121700K(123520K) Class: 17888K(19584K)->17888K(19584K)
[2025-09-23T13:02:28.276+0000][70][gc          ] GC(75) Pause Young (Normal) (G1 Evacuation Pause) 1377M->157M(2048M) 12.934ms
[2025-09-23T13:02:28.276+0000][70][gc,cpu      ] GC(75) User=0.07s Sys=0.00s Real=0.02s
[2025-09-23T13:02:28.276+0000][70][safepoint   ] Safepoint "G1CollectForAllocation", Time since last: 12807893381 ns, Reaching safepoint: 321333 ns, At safepoint: 13140542 ns, Total: 13461875 ns
[2025-09-23T13:02:47.295+0000][70][safepoint   ] Safepoint "Cleanup", Time since last: 19018416925 ns, Reaching safepoint: 994875 ns, At safepoint: 10042 ns, Total: 1004917 ns
[2025-09-23T13:03:03.314+0000][70][safepoint   ] Safepoint "Cleanup", Time since last: 16017720466 ns, Reaching safepoint: 342583 ns, At safepoint: 3833 ns, Total: 346416 ns
[2025-09-23T13:03:05.315+0000][70][safepoint   ] Safepoint "Cleanup", Time since last: 2001641085 ns, Reaching safepoint: 60291 ns, At safepoint: 3209 ns, Total: 63500 ns
[2025-09-23T13:03:29.429+0000][70][gc,start    ] GC(76) Pause Young (Normal) (G1 Evacuation Pause)
[2025-09-23T13:03:29.429+0000][70][gc,task     ] GC(76) Using 8 workers of 8 for evacuation
[2025-09-23T13:03:29.429+0000][70][gc,age      ] GC(76) Desired survivor size 81788928 bytes, new threshold 15 (max threshold 15)
[2025-09-23T13:03:29.441+0000][70][gc,phases   ] GC(76)   Pre Evacuate Collection Set: 0.3ms
[2025-09-23T13:03:29.441+0000][70][gc,phases   ] GC(76)   Merge Heap Roots: 0.1ms
[2025-09-23T13:03:29.441+0000][70][gc,phases   ] GC(76)   Evacuate Collection Set: 9.6ms
[2025-09-23T13:03:29.441+0000][70][gc,phases   ] GC(76)   Post Evacuate Collection Set: 1.4ms
[2025-09-23T13:03:29.441+0000][70][gc,phases   ] GC(76)   Other: 0.2ms
[2025-09-23T13:03:29.441+0000][70][gc,age      ] GC(76) Age table with threshold 15 (max threshold 15)
[2025-09-23T13:03:29.441+0000][70][gc,age      ] GC(76) - age   1:    4837320 bytes,    4837320 total
[2025-09-23T13:03:29.441+0000][70][gc,age      ] GC(76) - age   2:     262176 bytes,    5099496 total
[2025-09-23T13:03:29.441+0000][70][gc,age      ] GC(76) - age   3:     471720 bytes,    5571216 total
[2025-09-23T13:03:29.441+0000][70][gc,age      ] GC(76) - age   4:     130264 bytes,    5701480 total
[2025-09-23T13:03:29.441+0000][70][gc,age      ] GC(76) - age   5:     116728 bytes,    5818208 total
[2025-09-23T13:03:29.441+0000][70][gc,age      ] GC(76) - age   6:       8312 bytes,    5826520 total
[2025-09-23T13:03:29.441+0000][70][gc,age      ] GC(76) - age   7:      18424 bytes,    5844944 total
[2025-09-23T13:03:29.441+0000][70][gc,age      ] GC(76) - age   8:      55736 bytes,    5900680 total
[2025-09-23T13:03:29.441+0000][70][gc,age      ] GC(76) - age   9:       4864 bytes,    5905544 total
[2025-09-23T13:03:29.441+0000][70][gc,age      ] GC(76) - age  10:      13120 bytes,    5918664 total
[2025-09-23T13:03:29.441+0000][70][gc,age      ] GC(76) - age  11:      29296 bytes,    5947960 total
[2025-09-23T13:03:29.441+0000][70][gc,age      ] GC(76) - age  12:      30512 bytes,    5978472 total
[2025-09-23T13:03:29.441+0000][70][gc,age      ] GC(76) - age  13:       7480 bytes,    5985952 total
[2025-09-23T13:03:29.441+0000][70][gc,age      ] GC(76) - age  14:       4016 bytes,    5989968 total
[2025-09-23T13:03:29.441+0000][70][gc,age      ] GC(76) - age  15:      16048 bytes,    6006016 total
[2025-09-23T13:03:29.441+0000][70][gc,heap     ] GC(76) Eden regions: 305->0(305)
[2025-09-23T13:03:29.441+0000][70][gc,heap     ] GC(76) Survivor regions: 2->2(39)
[2025-09-23T13:03:29.441+0000][70][gc,heap     ] GC(76) Old regions: 33->33
[2025-09-23T13:03:29.441+0000][70][gc,heap     ] GC(76) Archive regions: 2->2
[2025-09-23T13:03:29.441+0000][70][gc,heap     ] GC(76) Humongous regions: 4->4
[2025-09-23T13:03:29.441+0000][70][gc,metaspace] GC(76) Metaspace: 139602K(143104K)->139602K(143104K) NonClass: 121714K(123520K)->121714K(123520K) Class: 17888K(19584K)->17888K(19584K)
[2025-09-23T13:03:29.442+0000][70][gc          ] GC(76) Pause Young (Normal) (G1 Evacuation Pause) 1377M->158M(2048M) 12.754ms
[2025-09-23T13:03:29.442+0000][70][gc,cpu      ] GC(76) User=0.08s Sys=0.00s Real=0.02s
[2025-09-23T13:03:29.442+0000][70][safepoint   ] Safepoint "G1CollectForAllocation", Time since last: 24115485594 ns, Reaching safepoint: 246708 ns, At safepoint: 12890042 ns, Total: 13136750 ns
[2025-09-23T13:03:48.473+0000][70][safepoint   ] Safepoint "Cleanup", Time since last: 19029337299 ns, Reaching safepoint: 417167 ns, At safepoint: 4000 ns, Total: 421167 ns
[2025-09-23T13:03:50.474+0000][70][safepoint   ] Safepoint "Cleanup", Time since last: 2001571918 ns, Reaching safepoint: 61666 ns, At safepoint: 2959 ns, Total: 64625 ns
[2025-09-23T13:04:18.507+0000][70][safepoint   ] Safepoint "Cleanup", Time since last: 28028949179 ns, Reaching safepoint: 397167 ns, At safepoint: 8292 ns, Total: 405459 ns
[2025-09-23T13:04:30.243+0000][70][gc,start    ] GC(77) Pause Young (Normal) (G1 Evacuation Pause)
[2025-09-23T13:04:30.243+0000][70][gc,task     ] GC(77) Using 8 workers of 8 for evacuation
[2025-09-23T13:04:30.243+0000][70][gc,age      ] GC(77) Desired survivor size 81788928 bytes, new threshold 15 (max threshold 15)
[2025-09-23T13:04:30.250+0000][70][gc,phases   ] GC(77)   Pre Evacuate Collection Set: 0.3ms
[2025-09-23T13:04:30.250+0000][70][gc,phases   ] GC(77)   Merge Heap Roots: 0.1ms
[2025-09-23T13:04:30.250+0000][70][gc,phases   ] GC(77)   Evacuate Collection Set: 5.4ms
[2025-09-23T13:04:30.250+0000][70][gc,phases   ] GC(77)   Post Evacuate Collection Set: 1.3ms
[2025-09-23T13:04:30.251+0000][70][gc,phases   ] GC(77)   Other: 0.2ms
[2025-09-23T13:04:30.251+0000][70][gc,age      ] GC(77) Age table with threshold 15 (max threshold 15)
[2025-09-23T13:04:30.251+0000][70][gc,age      ] GC(77) - age   1:    3546632 bytes,    3546632 total
[2025-09-23T13:04:30.251+0000][70][gc,age      ] GC(77) - age   2:     158104 bytes,    3704736 total
[2025-09-23T13:04:30.251+0000][70][gc,age      ] GC(77) - age   3:     256672 bytes,    3961408 total
[2025-09-23T13:04:30.251+0000][70][gc,age      ] GC(77) - age   4:     265776 bytes,    4227184 total
[2025-09-23T13:04:30.251+0000][70][gc,age      ] GC(77) - age   5:      91160 bytes,    4318344 total
[2025-09-23T13:04:30.251+0000][70][gc,age      ] GC(77) - age   6:      78312 bytes,    4396656 total
[2025-09-23T13:04:30.251+0000][70][gc,age      ] GC(77) - age   7:       8064 bytes,    4404720 total
[2025-09-23T13:04:30.251+0000][70][gc,age      ] GC(77) - age   8:      18160 bytes,    4422880 total
[2025-09-23T13:04:30.251+0000][70][gc,age      ] GC(77) - age   9:      55736 bytes,    4478616 total
[2025-09-23T13:04:30.251+0000][70][gc,age      ] GC(77) - age  10:       4864 bytes,    4483480 total
[2025-09-23T13:04:30.251+0000][70][gc,age      ] GC(77) - age  11:      13120 bytes,    4496600 total
[2025-09-23T13:04:30.251+0000][70][gc,age      ] GC(77) - age  12:      29296 bytes,    4525896 total
[2025-09-23T13:04:30.251+0000][70][gc,age      ] GC(77) - age  13:      30512 bytes,    4556408 total
[2025-09-23T13:04:30.251+0000][70][gc,age      ] GC(77) - age  14:       7480 bytes,    4563888 total
[2025-09-23T13:04:30.251+0000][70][gc,age      ] GC(77) - age  15:       4016 bytes,    4567904 total
[2025-09-23T13:04:30.251+0000][70][gc,heap     ] GC(77) Eden regions: 305->0(305)
[2025-09-23T13:04:30.251+0000][70][gc,heap     ] GC(77) Survivor regions: 2->2(39)
[2025-09-23T13:04:30.251+0000][70][gc,heap     ] GC(77) Old regions: 33->33
[2025-09-23T13:04:30.251+0000][70][gc,heap     ] GC(77) Archive regions: 2->2
[2025-09-23T13:04:30.251+0000][70][gc,heap     ] GC(77) Humongous regions: 4->4
[2025-09-23T13:04:30.251+0000][70][gc,metaspace] GC(77) Metaspace: 139636K(143168K)->139636K(143168K) NonClass: 121747K(123584K)->121747K(123584K) Class: 17888K(19584K)->17888K(19584K)
[2025-09-23T13:04:30.251+0000][70][gc          ] GC(77) Pause Young (Normal) (G1 Evacuation Pause) 1378M->157M(2048M) 8.744ms
[2025-09-23T13:04:30.251+0000][70][gc,cpu      ] GC(77) User=0.04s Sys=0.01s Real=0.01s
[2025-09-23T13:04:30.251+0000][70][safepoint   ] Safepoint "G1CollectForAllocation", Time since last: 11735784630 ns, Reaching safepoint: 237167 ns, At safepoint: 8877667 ns, Total: 9114834 ns
[2025-09-23T13:04:34.257+0000][70][safepoint   ] Safepoint "Cleanup", Time since last: 4004790168 ns, Reaching safepoint: 401792 ns, At safepoint: 4708 ns, Total: 406500 ns
[2025-09-23T13:04:35.257+0000][70][safepoint   ] Safepoint "Cleanup", Time since last: 1000500584 ns, Reaching safepoint: 85375 ns, At safepoint: 3167 ns, Total: 88542 ns
[2025-09-23T13:05:03.284+0000][70][safepoint   ] Safepoint "Cleanup", Time since last: 28026903637 ns, Reaching safepoint: 351375 ns, At safepoint: 3917 ns, Total: 355292 ns
[2025-09-23T13:05:05.287+0000][70][safepoint   ] Safepoint "Cleanup", Time since last: 2002619501 ns, Reaching safepoint: 67625 ns, At safepoint: 2625 ns, Total: 70250 ns
[2025-09-23T13:05:28.950+0000][70][gc,start    ] GC(78) Pause Young (Normal) (G1 Evacuation Pause)
[2025-09-23T13:05:28.951+0000][70][gc,task     ] GC(78) Using 8 workers of 8 for evacuation
[2025-09-23T13:05:28.951+0000][70][gc,age      ] GC(78) Desired survivor size 81788928 bytes, new threshold 15 (max threshold 15)
[2025-09-23T13:05:28.964+0000][70][gc,phases   ] GC(78)   Pre Evacuate Collection Set: 0.6ms
[2025-09-23T13:05:28.964+0000][70][gc,phases   ] GC(78)   Merge Heap Roots: 0.2ms
[2025-09-23T13:05:28.964+0000][70][gc,phases   ] GC(78)   Evacuate Collection Set: 8.0ms
[2025-09-23T13:05:28.965+0000][70][gc,phases   ] GC(78)   Post Evacuate Collection Set: 4.5ms
[2025-09-23T13:05:28.965+0000][70][gc,phases   ] GC(78)   Other: 0.3ms
[2025-09-23T13:05:28.965+0000][70][gc,age      ] GC(78) Age table with threshold 15 (max threshold 15)
[2025-09-23T13:05:28.965+0000][70][gc,age      ] GC(78) - age   1:    1424248 bytes,    1424248 total
[2025-09-23T13:05:28.965+0000][70][gc,age      ] GC(78) - age   2:     198888 bytes,    1623136 total
[2025-09-23T13:05:28.965+0000][70][gc,age      ] GC(78) - age   3:     154336 bytes,    1777472 total
[2025-09-23T13:05:28.965+0000][70][gc,age      ] GC(78) - age   4:     217056 bytes,    1994528 total
[2025-09-23T13:05:28.965+0000][70][gc,age      ] GC(78) - age   5:     265504 bytes,    2260032 total
[2025-09-23T13:05:28.965+0000][70][gc,age      ] GC(78) - age   6:      52224 bytes,    2312256 total
[2025-09-23T13:05:28.966+0000][70][gc,age      ] GC(78) - age   7:      78312 bytes,    2390568 total
[2025-09-23T13:05:28.966+0000][70][gc,age      ] GC(78) - age   8:       8064 bytes,    2398632 total
[2025-09-23T13:05:28.966+0000][70][gc,age      ] GC(78) - age   9:      18056 bytes,    2416688 total
[2025-09-23T13:05:28.966+0000][70][gc,age      ] GC(78) - age  10:      55736 bytes,    2472424 total
[2025-09-23T13:05:28.966+0000][70][gc,age      ] GC(78) - age  11:       4864 bytes,    2477288 total
[2025-09-23T13:05:28.966+0000][70][gc,age      ] GC(78) - age  12:      13120 bytes,    2490408 total
[2025-09-23T13:05:28.967+0000][70][gc,age      ] GC(78) - age  13:      29232 bytes,    2519640 total
[2025-09-23T13:05:28.967+0000][70][gc,age      ] GC(78) - age  14:      30512 bytes,    2550152 total
[2025-09-23T13:05:28.967+0000][70][gc,age      ] GC(78) - age  15:       7480 bytes,    2557632 total
[2025-09-23T13:05:28.967+0000][70][gc,heap     ] GC(78) Eden regions: 305->0(306)
[2025-09-23T13:05:28.967+0000][70][gc,heap     ] GC(78) Survivor regions: 2->1(39)
[2025-09-23T13:05:28.967+0000][70][gc,heap     ] GC(78) Old regions: 33->33
[2025-09-23T13:05:28.968+0000][70][gc,heap     ] GC(78) Archive regions: 2->2
[2025-09-23T13:05:28.968+0000][70][gc,heap     ] GC(78) Humongous regions: 4->4
[2025-09-23T13:05:28.968+0000][70][gc,metaspace] GC(78) Metaspace: 139657K(143168K)->139657K(143168K) NonClass: 121768K(123584K)->121768K(123584K) Class: 17888K(19584K)->17888K(19584K)
[2025-09-23T13:05:28.968+0000][70][gc          ] GC(78) Pause Young (Normal) (G1 Evacuation Pause) 1377M->154M(2048M) 17.656ms
[2025-09-23T13:05:28.968+0000][70][gc,cpu      ] GC(78) User=0.04s Sys=0.00s Real=0.02s
[2025-09-23T13:05:28.968+0000][70][safepoint   ] Safepoint "G1CollectForAllocation", Time since last: 23662681802 ns, Reaching safepoint: 267083 ns, At safepoint: 17895917 ns, Total: 18163000 ns
[2025-09-23T13:05:47.991+0000][70][safepoint   ] Safepoint "Cleanup", Time since last: 19021239925 ns, Reaching safepoint: 515541 ns, At safepoint: 20792 ns, Total: 536333 ns
[2025-09-23T13:06:00.004+0000][70][safepoint   ] Safepoint "Cleanup", Time since last: 12013384964 ns, Reaching safepoint: 350625 ns, At safepoint: 4209 ns, Total: 354834 ns
[2025-09-23T13:06:04.008+0000][70][safepoint   ] Safepoint "Cleanup", Time since last: 4003617168 ns, Reaching safepoint: 385500 ns, At safepoint: 4042 ns, Total: 389542 ns
[2025-09-23T13:06:05.009+0000][70][safepoint   ] Safepoint "Cleanup", Time since last: 1000565792 ns, Reaching safepoint: 90917 ns, At safepoint: 7500 ns, Total: 98417 ns
[2025-09-23T13:06:15.020+0000][70][safepoint   ] Safepoint "Cleanup", Time since last: 10010910670 ns, Reaching safepoint: 273250 ns, At safepoint: 4000 ns, Total: 277250 ns
[2025-09-23T13:06:23.029+0000][70][safepoint   ] Safepoint "Cleanup", Time since last: 8007811962 ns, Reaching safepoint: 342667 ns, At safepoint: 52333 ns, Total: 395000 ns
[2025-09-23T13:06:26.340+0000][70][gc,start    ] GC(79) Pause Young (Normal) (G1 Evacuation Pause)
[2025-09-23T13:06:26.341+0000][70][gc,task     ] GC(79) Using 8 workers of 8 for evacuation
[2025-09-23T13:06:26.341+0000][70][gc,age      ] GC(79) Desired survivor size 81788928 bytes, new threshold 15 (max threshold 15)
[2025-09-23T13:06:26.357+0000][70][gc,phases   ] GC(79)   Pre Evacuate Collection Set: 0.5ms
[2025-09-23T13:06:26.358+0000][70][gc,phases   ] GC(79)   Merge Heap Roots: 0.1ms
[2025-09-23T13:06:26.358+0000][70][gc,phases   ] GC(79)   Evacuate Collection Set: 12.6ms
[2025-09-23T13:06:26.358+0000][70][gc,phases   ] GC(79)   Post Evacuate Collection Set: 3.4ms
[2025-09-23T13:06:26.358+0000][70][gc,phases   ] GC(79)   Other: 0.3ms
[2025-09-23T13:06:26.358+0000][70][gc,age      ] GC(79) Age table with threshold 15 (max threshold 15)
[2025-09-23T13:06:26.358+0000][70][gc,age      ] GC(79) - age   1:    5117232 bytes,    5117232 total
[2025-09-23T13:06:26.358+0000][70][gc,age      ] GC(79) - age   2:      75408 bytes,    5192640 total
[2025-09-23T13:06:26.358+0000][70][gc,age      ] GC(79) - age   3:     154680 bytes,    5347320 total
[2025-09-23T13:06:26.358+0000][70][gc,age      ] GC(79) - age   4:     129760 bytes,    5477080 total
[2025-09-23T13:06:26.358+0000][70][gc,age      ] GC(79) - age   5:     161976 bytes,    5639056 total
[2025-09-23T13:06:26.358+0000][70][gc,age      ] GC(79) - age   6:     264592 bytes,    5903648 total
[2025-09-23T13:06:26.358+0000][70][gc,age      ] GC(79) - age   7:      51832 bytes,    5955480 total
[2025-09-23T13:06:26.358+0000][70][gc,age      ] GC(79) - age   8:      78248 bytes,    6033728 total
[2025-09-23T13:06:26.358+0000][70][gc,age      ] GC(79) - age   9:       8064 bytes,    6041792 total
[2025-09-23T13:06:26.358+0000][70][gc,age      ] GC(79) - age  10:      18056 bytes,    6059848 total
[2025-09-23T13:06:26.358+0000][70][gc,age      ] GC(79) - age  11:      55736 bytes,    6115584 total
[2025-09-23T13:06:26.358+0000][70][gc,age      ] GC(79) - age  12:       4864 bytes,    6120448 total
[2025-09-23T13:06:26.358+0000][70][gc,age      ] GC(79) - age  13:      13120 bytes,    6133568 total
[2025-09-23T13:06:26.358+0000][70][gc,age      ] GC(79) - age  14:      29208 bytes,    6162776 total
[2025-09-23T13:06:26.358+0000][70][gc,age      ] GC(79) - age  15:      30512 bytes,    6193288 total
[2025-09-23T13:06:26.358+0000][70][gc,heap     ] GC(79) Eden regions: 306->0(305)
[2025-09-23T13:06:26.358+0000][70][gc,heap     ] GC(79) Survivor regions: 1->2(39)
[2025-09-23T13:06:26.358+0000][70][gc,heap     ] GC(79) Old regions: 33->34
[2025-09-23T13:06:26.358+0000][70][gc,heap     ] GC(79) Archive regions: 2->2
[2025-09-23T13:06:26.358+0000][70][gc,heap     ] GC(79) Humongous regions: 4->4
[2025-09-23T13:06:26.358+0000][70][gc,metaspace] GC(79) Metaspace: 139664K(143168K)->139664K(143168K) NonClass: 121775K(123584K)->121775K(123584K) Class: 17888K(19584K)->17888K(19584K)
[2025-09-23T13:06:26.358+0000][70][gc          ] GC(79) Pause Young (Normal) (G1 Evacuation Pause) 1378M->158M(2048M) 18.055ms
[2025-09-23T13:06:26.358+0000][70][gc,cpu      ] GC(79) User=0.10s Sys=0.00s Real=0.02s
[2025-09-23T13:06:26.359+0000][70][safepoint   ] Safepoint "G1CollectForAllocation", Time since last: 3311327293 ns, Reaching safepoint: 257667 ns, At safepoint: 18256958 ns, Total: 18514625 ns
[2025-09-23T13:06:29.361+0000][70][safepoint   ] Safepoint "Cleanup", Time since last: 3002681877 ns, Reaching safepoint: 293125 ns, At safepoint: 4500 ns, Total: 297625 ns
[2025-09-23T13:06:44.378+0000][70][safepoint   ] Safepoint "Cleanup", Time since last: 15015740715 ns, Reaching safepoint: 402584 ns, At safepoint: 12291 ns, Total: 414875 ns
[2025-09-23T13:06:53.385+0000][70][safepoint   ] Safepoint "Cleanup", Time since last: 9009676254 ns, Reaching safepoint: 1236459 ns, At safepoint: 30000 ns, Total: 1266459 ns
[2025-09-23T13:07:03.398+0000][70][safepoint   ] Safepoint "Cleanup", Time since last: 10011638838 ns, Reaching safepoint: 744291 ns, At safepoint: 4667 ns, Total: 748958 ns
[2025-09-23T13:07:41.440+0000][70][safepoint   ] Safepoint "Cleanup", Time since last: 38037340518 ns, Reaching safepoint: 698958 ns, At safepoint: 108375 ns, Total: 807333 ns
[2025-09-23T13:07:44.904+0000][70][gc,start    ] GC(80) Pause Young (Normal) (G1 Evacuation Pause)
[2025-09-23T13:07:44.904+0000][70][gc,task     ] GC(80) Using 8 workers of 8 for evacuation
[2025-09-23T13:07:44.904+0000][70][gc,age      ] GC(80) Desired survivor size 81788928 bytes, new threshold 15 (max threshold 15)
[2025-09-23T13:07:44.916+0000][70][gc,phases   ] GC(80)   Pre Evacuate Collection Set: 0.5ms
[2025-09-23T13:07:44.916+0000][70][gc,phases   ] GC(80)   Merge Heap Roots: 0.1ms
[2025-09-23T13:07:44.916+0000][70][gc,phases   ] GC(80)   Evacuate Collection Set: 9.3ms
[2025-09-23T13:07:44.916+0000][70][gc,phases   ] GC(80)   Post Evacuate Collection Set: 1.9ms
[2025-09-23T13:07:44.916+0000][70][gc,phases   ] GC(80)   Other: 0.3ms
[2025-09-23T13:07:44.916+0000][70][gc,age      ] GC(80) Age table with threshold 15 (max threshold 15)
[2025-09-23T13:07:44.916+0000][70][gc,age      ] GC(80) - age   1:    4308952 bytes,    4308952 total
[2025-09-23T13:07:44.916+0000][70][gc,age      ] GC(80) - age   2:     210440 bytes,    4519392 total
[2025-09-23T13:07:44.917+0000][70][gc,age      ] GC(80) - age   3:      72432 bytes,    4591824 total
[2025-09-23T13:07:44.917+0000][70][gc,age      ] GC(80) - age   4:      79912 bytes,    4671736 total
[2025-09-23T13:07:44.917+0000][70][gc,age      ] GC(80) - age   5:      88776 bytes,    4760512 total
[2025-09-23T13:07:44.917+0000][70][gc,age      ] GC(80) - age   6:     161552 bytes,    4922064 total
[2025-09-23T13:07:44.917+0000][70][gc,age      ] GC(80) - age   7:     264528 bytes,    5186592 total
[2025-09-23T13:07:44.917+0000][70][gc,age      ] GC(80) - age   8:      51704 bytes,    5238296 total
[2025-09-23T13:07:44.917+0000][70][gc,age      ] GC(80) - age   9:      78216 bytes,    5316512 total
[2025-09-23T13:07:44.917+0000][70][gc,age      ] GC(80) - age  10:       8064 bytes,    5324576 total
[2025-09-23T13:07:44.917+0000][70][gc,age      ] GC(80) - age  11:      18056 bytes,    5342632 total
[2025-09-23T13:07:44.917+0000][70][gc,age      ] GC(80) - age  12:      51408 bytes,    5394040 total
[2025-09-23T13:07:44.917+0000][70][gc,age      ] GC(80) - age  13:       4864 bytes,    5398904 total
[2025-09-23T13:07:44.917+0000][70][gc,age      ] GC(80) - age  14:      13120 bytes,    5412024 total
[2025-09-23T13:07:44.917+0000][70][gc,age      ] GC(80) - age  15:      29208 bytes,    5441232 total
[2025-09-23T13:07:44.917+0000][70][gc,heap     ] GC(80) Eden regions: 305->0(305)
[2025-09-23T13:07:44.917+0000][70][gc,heap     ] GC(80) Survivor regions: 2->2(39)
[2025-09-23T13:07:44.917+0000][70][gc,heap     ] GC(80) Old regions: 34->34
[2025-09-23T13:07:44.917+0000][70][gc,heap     ] GC(80) Archive regions: 2->2
[2025-09-23T13:07:44.917+0000][70][gc,heap     ] GC(80) Humongous regions: 4->4
[2025-09-23T13:07:44.917+0000][70][gc,metaspace] GC(80) Metaspace: 139664K(143168K)->139664K(143168K) NonClass: 121775K(123584K)->121775K(123584K) Class: 17888K(19584K)->17888K(19584K)
[2025-09-23T13:07:44.917+0000][70][gc          ] GC(80) Pause Young (Normal) (G1 Evacuation Pause) 1378M->157M(2048M) 13.540ms
[2025-09-23T13:07:44.917+0000][70][gc,cpu      ] GC(80) User=0.07s Sys=0.00s Real=0.01s
[2025-09-23T13:07:44.917+0000][70][safepoint   ] Safepoint "G1CollectForAllocation", Time since last: 3462166210 ns, Reaching safepoint: 439250 ns, At safepoint: 13880625 ns, Total: 14319875 ns
[2025-09-23T13:07:47.921+0000][70][safepoint   ] Safepoint "Cleanup", Time since last: 3003591501 ns, Reaching safepoint: 237167 ns, At safepoint: 4000 ns, Total: 241167 ns
[2025-09-23T13:08:03.938+0000][70][safepoint   ] Safepoint "Cleanup", Time since last: 16016763091 ns, Reaching safepoint: 692333 ns, At safepoint: 4083 ns, Total: 696416 ns
[2025-09-23T13:08:05.941+0000][70][safepoint   ] Safepoint "Cleanup", Time since last: 2002271501 ns, Reaching safepoint: 124750 ns, At safepoint: 3917 ns, Total: 128667 ns
[2025-09-23T13:08:14.948+0000][70][safepoint   ] Safepoint "Cleanup", Time since last: 9007919504 ns, Reaching safepoint: 328583 ns, At safepoint: 8792 ns, Total: 337375 ns
[2025-09-23T13:08:18.952+0000][70][safepoint   ] Safepoint "Cleanup", Time since last: 4003704919 ns, Reaching safepoint: 477750 ns, At safepoint: 7458 ns, Total: 485208 ns
[2025-09-23T13:08:23.958+0000][70][safepoint   ] Safepoint "Cleanup", Time since last: 5005519086 ns, Reaching safepoint: 133416 ns, At safepoint: 7084 ns, Total: 140500 ns
[2025-09-23T13:08:53.051+0000][70][gc,start    ] GC(81) Pause Young (Normal) (G1 Evacuation Pause)
[2025-09-23T13:08:53.052+0000][70][gc,task     ] GC(81) Using 8 workers of 8 for evacuation
[2025-09-23T13:08:53.052+0000][70][gc,age      ] GC(81) Desired survivor size 81788928 bytes, new threshold 15 (max threshold 15)
[2025-09-23T13:08:53.061+0000][70][gc,phases   ] GC(81)   Pre Evacuate Collection Set: 0.5ms
[2025-09-23T13:08:53.061+0000][70][gc,phases   ] GC(81)   Merge Heap Roots: 0.1ms
[2025-09-23T13:08:53.061+0000][70][gc,phases   ] GC(81)   Evacuate Collection Set: 6.3ms
[2025-09-23T13:08:53.061+0000][70][gc,phases   ] GC(81)   Post Evacuate Collection Set: 2.0ms
[2025-09-23T13:08:53.061+0000][70][gc,phases   ] GC(81)   Other: 0.3ms
[2025-09-23T13:08:53.061+0000][70][gc,age      ] GC(81) Age table with threshold 15 (max threshold 15)
[2025-09-23T13:08:53.061+0000][70][gc,age      ] GC(81) - age   1:    1131240 bytes,    1131240 total
[2025-09-23T13:08:53.061+0000][70][gc,age      ] GC(81) - age   2:     126128 bytes,    1257368 total
[2025-09-23T13:08:53.061+0000][70][gc,age      ] GC(81) - age   3:     206376 bytes,    1463744 total
[2025-09-23T13:08:53.061+0000][70][gc,age      ] GC(81) - age   4:      71032 bytes,    1534776 total
[2025-09-23T13:08:53.061+0000][70][gc,age      ] GC(81) - age   5:      41872 bytes,    1576648 total
[2025-09-23T13:08:53.061+0000][70][gc,age      ] GC(81) - age   6:      87944 bytes,    1664592 total
[2025-09-23T13:08:53.061+0000][70][gc,age      ] GC(81) - age   7:     161280 bytes,    1825872 total
[2025-09-23T13:08:53.061+0000][70][gc,age      ] GC(81) - age   8:     224696 bytes,    2050568 total
[2025-09-23T13:08:53.061+0000][70][gc,age      ] GC(81) - age   9:      51640 bytes,    2102208 total
[2025-09-23T13:08:53.061+0000][70][gc,age      ] GC(81) - age  10:      78216 bytes,    2180424 total
[2025-09-23T13:08:53.062+0000][70][gc,age      ] GC(81) - age  11:       8064 bytes,    2188488 total
[2025-09-23T13:08:53.062+0000][70][gc,age      ] GC(81) - age  12:      18056 bytes,    2206544 total
[2025-09-23T13:08:53.062+0000][70][gc,age      ] GC(81) - age  13:      50952 bytes,    2257496 total
[2025-09-23T13:08:53.062+0000][70][gc,age      ] GC(81) - age  14:       4864 bytes,    2262360 total
[2025-09-23T13:08:53.062+0000][70][gc,age      ] GC(81) - age  15:      13120 bytes,    2275480 total
[2025-09-23T13:08:53.062+0000][70][gc,heap     ] GC(81) Eden regions: 305->0(306)
[2025-09-23T13:08:53.062+0000][70][gc,heap     ] GC(81) Survivor regions: 2->1(39)
[2025-09-23T13:08:53.062+0000][70][gc,heap     ] GC(81) Old regions: 34->34
[2025-09-23T13:08:53.062+0000][70][gc,heap     ] GC(81) Archive regions: 2->2
[2025-09-23T13:08:53.062+0000][70][gc,heap     ] GC(81) Humongous regions: 4->4
[2025-09-23T13:08:53.062+0000][70][gc,metaspace] GC(81) Metaspace: 139665K(143168K)->139665K(143168K) NonClass: 121776K(123584K)->121776K(123584K) Class: 17888K(19584K)->17888K(19584K)
[2025-09-23T13:08:53.062+0000][70][gc          ] GC(81) Pause Young (Normal) (G1 Evacuation Pause) 1377M->154M(2048M) 10.800ms
[2025-09-23T13:08:53.062+0000][70][gc,cpu      ] GC(81) User=0.04s Sys=0.01s Real=0.01s
[2025-09-23T13:08:53.062+0000][70][safepoint   ] Safepoint "G1CollectForAllocation", Time since last: 29090516929 ns, Reaching safepoint: 378084 ns, At safepoint: 11016250 ns, Total: 11394334 ns
[2025-09-23T13:09:04.075+0000][70][safepoint   ] Safepoint "Cleanup", Time since last: 11012161380 ns, Reaching safepoint: 560166 ns, At safepoint: 16500 ns, Total: 576666 ns
[2025-09-23T13:09:24.097+0000][70][safepoint   ] Safepoint "Cleanup", Time since last: 20022121885 ns, Reaching safepoint: 334416 ns, At safepoint: 18417 ns, Total: 352833 ns
[2025-09-23T13:09:29.101+0000][70][safepoint   ] Safepoint "Cleanup", Time since last: 5003905669 ns, Reaching safepoint: 333917 ns, At safepoint: 7791 ns, Total: 341708 ns
[2025-09-23T13:09:30.103+0000][70][safepoint   ] Safepoint "Cleanup", Time since last: 1001463251 ns, Reaching safepoint: 319458 ns, At safepoint: 22500 ns, Total: 341958 ns
[2025-09-23T13:09:55.586+0000][70][gc,start    ] GC(82) Pause Young (Normal) (G1 Evacuation Pause)
[2025-09-23T13:09:55.589+0000][70][gc,task     ] GC(82) Using 8 workers of 8 for evacuation
[2025-09-23T13:09:55.589+0000][70][gc,age      ] GC(82) Desired survivor size 81788928 bytes, new threshold 15 (max threshold 15)
[2025-09-23T13:09:55.598+0000][70][gc,phases   ] GC(82)   Pre Evacuate Collection Set: 0.3ms
[2025-09-23T13:09:55.598+0000][70][gc,phases   ] GC(82)   Merge Heap Roots: 0.1ms
[2025-09-23T13:09:55.598+0000][70][gc,phases   ] GC(82)   Evacuate Collection Set: 7.0ms
[2025-09-23T13:09:55.598+0000][70][gc,phases   ] GC(82)   Post Evacuate Collection Set: 2.0ms
[2025-09-23T13:09:55.598+0000][70][gc,phases   ] GC(82)   Other: 0.2ms
[2025-09-23T13:09:55.598+0000][70][gc,age      ] GC(82) Age table with threshold 15 (max threshold 15)
[2025-09-23T13:09:55.598+0000][70][gc,age      ] GC(82) - age   1:    4926904 bytes,    4926904 total
[2025-09-23T13:09:55.598+0000][70][gc,age      ] GC(82) - age   2:     162280 bytes,    5089184 total
[2025-09-23T13:09:55.598+0000][70][gc,age      ] GC(82) - age   3:      83536 bytes,    5172720 total
[2025-09-23T13:09:55.598+0000][70][gc,age      ] GC(82) - age   4:     204776 bytes,    5377496 total
[2025-09-23T13:09:55.598+0000][70][gc,age      ] GC(82) - age   5:      70904 bytes,    5448400 total
[2025-09-23T13:09:55.599+0000][70][gc,age      ] GC(82) - age   6:      41440 bytes,    5489840 total
[2025-09-23T13:09:55.599+0000][70][gc,age      ] GC(82) - age   7:      87456 bytes,    5577296 total
[2025-09-23T13:09:55.599+0000][70][gc,age      ] GC(82) - age   8:     161216 bytes,    5738512 total
[2025-09-23T13:09:55.599+0000][70][gc,age      ] GC(82) - age   9:     224304 bytes,    5962816 total
[2025-09-23T13:09:55.599+0000][70][gc,age      ] GC(82) - age  10:      51512 bytes,    6014328 total
[2025-09-23T13:09:55.599+0000][70][gc,age      ] GC(82) - age  11:      78152 bytes,    6092480 total
[2025-09-23T13:09:55.599+0000][70][gc,age      ] GC(82) - age  12:       8000 bytes,    6100480 total
[2025-09-23T13:09:55.599+0000][70][gc,age      ] GC(82) - age  13:      17992 bytes,    6118472 total
[2025-09-23T13:09:55.599+0000][70][gc,age      ] GC(82) - age  14:      50952 bytes,    6169424 total
[2025-09-23T13:09:55.599+0000][70][gc,age      ] GC(82) - age  15:       4864 bytes,    6174288 total
[2025-09-23T13:09:55.599+0000][70][gc,heap     ] GC(82) Eden regions: 306->0(305)
[2025-09-23T13:09:55.599+0000][70][gc,heap     ] GC(82) Survivor regions: 1->2(39)
[2025-09-23T13:09:55.599+0000][70][gc,heap     ] GC(82) Old regions: 34->34
[2025-09-23T13:09:55.599+0000][70][gc,heap     ] GC(82) Archive regions: 2->2
[2025-09-23T13:09:55.599+0000][70][gc,heap     ] GC(82) Humongous regions: 4->4
[2025-09-23T13:09:55.599+0000][70][gc,metaspace] GC(82) Metaspace: 139665K(143168K)->139665K(143168K) NonClass: 121776K(123584K)->121776K(123584K) Class: 17888K(19584K)->17888K(19584K)
[2025-09-23T13:09:55.599+0000][70][gc          ] GC(82) Pause Young (Normal) (G1 Evacuation Pause) 1378M->158M(2048M) 13.139ms
[2025-09-23T13:09:55.599+0000][70][gc,cpu      ] GC(82) User=0.05s Sys=0.00s Real=0.02s
[2025-09-23T13:09:55.599+0000][70][safepoint   ] Safepoint "G1CollectForAllocation", Time since last: 25481994803 ns, Reaching safepoint: 283500 ns, At safepoint: 13342834 ns, Total: 13626334 ns
[2025-09-23T13:10:03.607+0000][70][safepoint   ] Safepoint "Cleanup", Time since last: 8007995254 ns, Reaching safepoint: 425750 ns, At safepoint: 9166 ns, Total: 434916 ns
[2025-09-23T13:10:05.610+0000][70][safepoint   ] Safepoint "Cleanup", Time since last: 2002633335 ns, Reaching safepoint: 268708 ns, At safepoint: 12000 ns, Total: 280708 ns
[2025-09-23T13:10:20.632+0000][70][safepoint   ] Safepoint "Cleanup", Time since last: 15020415465 ns, Reaching safepoint: 985958 ns, At safepoint: 12334 ns, Total: 998292 ns
[2025-09-23T13:10:47.665+0000][70][safepoint   ] Safepoint "Cleanup", Time since last: 27032277220 ns, Reaching safepoint: 319834 ns, At safepoint: 3958 ns, Total: 323792 ns
[2025-09-23T13:10:48.668+0000][70][safepoint   ] Safepoint "Cleanup", Time since last: 1002656917 ns, Reaching safepoint: 83583 ns, At safepoint: 3375 ns, Total: 86958 ns
[2025-09-23T13:10:54.673+0000][70][safepoint   ] Safepoint "Cleanup", Time since last: 6004905878 ns, Reaching safepoint: 324834 ns, At safepoint: 10916 ns, Total: 335750 ns
[2025-09-23T13:10:56.676+0000][70][safepoint   ] Safepoint "Cleanup", Time since last: 2002662168 ns, Reaching safepoint: 360583 ns, At safepoint: 13584 ns, Total: 374167 ns
[2025-09-23T13:11:02.687+0000][70][safepoint   ] Safepoint "Cleanup", Time since last: 6008818919 ns, Reaching safepoint: 1593625 ns, At safepoint: 24708 ns, Total: 1618333 ns
[2025-09-23T13:11:03.689+0000][70][safepoint   ] Safepoint "Cleanup", Time since last: 1001508209 ns, Reaching safepoint: 333167 ns, At safepoint: 13875 ns, Total: 347042 ns
[2025-09-23T13:11:11.700+0000][70][safepoint   ] Safepoint "Cleanup", Time since last: 8010673295 ns, Reaching safepoint: 992459 ns, At safepoint: 4333 ns, Total: 996792 ns
[2025-09-23T13:11:14.706+0000][70][safepoint   ] Safepoint "Cleanup", Time since last: 3004527501 ns, Reaching safepoint: 917333 ns, At safepoint: 5208 ns, Total: 922541 ns
[2025-09-23T13:11:15.719+0000][70][safepoint   ] Safepoint "Cleanup", Time since last: 1013160126 ns, Reaching safepoint: 233791 ns, At safepoint: 4417 ns, Total: 238208 ns
[2025-09-23T13:11:20.725+0000][70][safepoint   ] Safepoint "Cleanup", Time since last: 5005013377 ns, Reaching safepoint: 1359084 ns, At safepoint: 5000 ns, Total: 1364084 ns
[2025-09-23T13:11:22.479+0000][70][gc,start    ] GC(83) Pause Young (Normal) (G1 Evacuation Pause)
[2025-09-23T13:11:22.479+0000][70][gc,task     ] GC(83) Using 8 workers of 8 for evacuation
[2025-09-23T13:11:22.479+0000][70][gc,age      ] GC(83) Desired survivor size 81788928 bytes, new threshold 15 (max threshold 15)
[2025-09-23T13:11:22.499+0000][70][gc,phases   ] GC(83)   Pre Evacuate Collection Set: 1.0ms
[2025-09-23T13:11:22.499+0000][70][gc,phases   ] GC(83)   Merge Heap Roots: 1.1ms
[2025-09-23T13:11:22.499+0000][70][gc,phases   ] GC(83)   Evacuate Collection Set: 15.9ms
[2025-09-23T13:11:22.499+0000][70][gc,phases   ] GC(83)   Post Evacuate Collection Set: 1.9ms
[2025-09-23T13:11:22.499+0000][70][gc,phases   ] GC(83)   Other: 0.3ms
[2025-09-23T13:11:22.499+0000][70][gc,age      ] GC(83) Age table with threshold 15 (max threshold 15)
[2025-09-23T13:11:22.499+0000][70][gc,age      ] GC(83) - age   1:    4066616 bytes,    4066616 total
[2025-09-23T13:11:22.499+0000][70][gc,age      ] GC(83) - age   2:      85536 bytes,    4152152 total
[2025-09-23T13:11:22.499+0000][70][gc,age      ] GC(83) - age   3:      81504 bytes,    4233656 total
[2025-09-23T13:11:22.499+0000][70][gc,age      ] GC(83) - age   4:      43984 bytes,    4277640 total
[2025-09-23T13:11:22.499+0000][70][gc,age      ] GC(83) - age   5:     145448 bytes,    4423088 total
[2025-09-23T13:11:22.499+0000][70][gc,age      ] GC(83) - age   6:      70904 bytes,    4493992 total
[2025-09-23T13:11:22.499+0000][70][gc,age      ] GC(83) - age   7:      41104 bytes,    4535096 total
[2025-09-23T13:11:22.499+0000][70][gc,age      ] GC(83) - age   8:      48736 bytes,    4583832 total
[2025-09-23T13:11:22.499+0000][70][gc,age      ] GC(83) - age   9:     161112 bytes,    4744944 total
[2025-09-23T13:11:22.499+0000][70][gc,age      ] GC(83) - age  10:     221704 bytes,    4966648 total
[2025-09-23T13:11:22.499+0000][70][gc,age      ] GC(83) - age  11:      51512 bytes,    5018160 total
[2025-09-23T13:11:22.499+0000][70][gc,age      ] GC(83) - age  12:      78152 bytes,    5096312 total
[2025-09-23T13:11:22.499+0000][70][gc,age      ] GC(83) - age  13:       8000 bytes,    5104312 total
[2025-09-23T13:11:22.499+0000][70][gc,age      ] GC(83) - age  14:      17992 bytes,    5122304 total
[2025-09-23T13:11:22.499+0000][70][gc,age      ] GC(83) - age  15:      50920 bytes,    5173224 total
[2025-09-23T13:11:22.500+0000][70][gc,heap     ] GC(83) Eden regions: 305->0(305)
[2025-09-23T13:11:22.500+0000][70][gc,heap     ] GC(83) Survivor regions: 2->2(39)
[2025-09-23T13:11:22.500+0000][70][gc,heap     ] GC(83) Old regions: 34->34
[2025-09-23T13:11:22.500+0000][70][gc,heap     ] GC(83) Archive regions: 2->2
[2025-09-23T13:11:22.500+0000][70][gc,heap     ] GC(83) Humongous regions: 4->4
[2025-09-23T13:11:22.500+0000][70][gc,metaspace] GC(83) Metaspace: 139666K(143168K)->139666K(143168K) NonClass: 121778K(123584K)->121778K(123584K) Class: 17888K(19584K)->17888K(19584K)
[2025-09-23T13:11:22.500+0000][70][gc          ] GC(83) Pause Young (Normal) (G1 Evacuation Pause) 1378M->157M(2048M) 21.159ms
[2025-09-23T13:11:22.500+0000][70][gc,cpu      ] GC(83) User=0.13s Sys=0.00s Real=0.03s
[2025-09-23T13:11:22.500+0000][70][safepoint   ] Safepoint "G1CollectForAllocation", Time since last: 1753126667 ns, Reaching safepoint: 48792 ns, At safepoint: 21350917 ns, Total: 21399709 ns
[2025-09-23T13:11:23.506+0000][70][safepoint   ] Safepoint "Cleanup", Time since last: 1003561042 ns, Reaching safepoint: 1976458 ns, At safepoint: 210667 ns, Total: 2187125 ns
[2025-09-23T13:11:29.512+0000][70][safepoint   ] Safepoint "Cleanup", Time since last: 6006219544 ns, Reaching safepoint: 460417 ns, At safepoint: 3958 ns, Total: 464375 ns
[2025-09-23T13:11:35.521+0000][70][safepoint   ] Safepoint "Cleanup", Time since last: 6008450961 ns, Reaching safepoint: 342500 ns, At safepoint: 43584 ns, Total: 386084 ns
[2025-09-23T13:11:48.537+0000][70][safepoint   ] Safepoint "Cleanup", Time since last: 13013645047 ns, Reaching safepoint: 410291 ns, At safepoint: 3750 ns, Total: 414041 ns
[2025-09-23T13:12:03.551+0000][70][safepoint   ] Safepoint "Cleanup", Time since last: 15013621091 ns, Reaching safepoint: 452333 ns, At safepoint: 10125 ns, Total: 462458 ns
[2025-09-23T13:12:11.559+0000][70][safepoint   ] Safepoint "Cleanup", Time since last: 8007536212 ns, Reaching safepoint: 454459 ns, At safepoint: 8541 ns, Total: 463000 ns
[2025-09-23T13:12:14.565+0000][70][safepoint   ] Safepoint "Cleanup", Time since last: 3003519085 ns, Reaching safepoint: 2193208 ns, At safepoint: 31459 ns, Total: 2224667 ns
[2025-09-23T13:12:17.584+0000][70][safepoint   ] Safepoint "Cleanup", Time since last: 3012336293 ns, Reaching safepoint: 7221791 ns, At safepoint: 34417 ns, Total: 7256208 ns
[2025-09-23T13:12:23.603+0000][70][safepoint   ] Safepoint "Cleanup", Time since last: 6011985044 ns, Reaching safepoint: 6561542 ns, At safepoint: 34708 ns, Total: 6596250 ns
[2025-09-23T13:12:29.611+0000][70][safepoint   ] Safepoint "Cleanup", Time since last: 6007596253 ns, Reaching safepoint: 437917 ns, At safepoint: 59833 ns, Total: 497750 ns
[2025-09-23T13:12:40.332+0000][70][gc,start    ] GC(84) Pause Young (Normal) (G1 Evacuation Pause)
[2025-09-23T13:12:40.335+0000][70][gc,task     ] GC(84) Using 8 workers of 8 for evacuation
[2025-09-23T13:12:40.335+0000][70][gc,age      ] GC(84) Desired survivor size 81788928 bytes, new threshold 15 (max threshold 15)
[2025-09-23T13:12:40.394+0000][70][gc,phases   ] GC(84)   Pre Evacuate Collection Set: 2.6ms
[2025-09-23T13:12:40.394+0000][70][gc,phases   ] GC(84)   Merge Heap Roots: 0.4ms
[2025-09-23T13:12:40.394+0000][70][gc,phases   ] GC(84)   Evacuate Collection Set: 44.9ms
[2025-09-23T13:12:40.394+0000][70][gc,phases   ] GC(84)   Post Evacuate Collection Set: 10.1ms
[2025-09-23T13:12:40.394+0000][70][gc,phases   ] GC(84)   Other: 1.3ms
[2025-09-23T13:12:40.394+0000][70][gc,age      ] GC(84) Age table with threshold 15 (max threshold 15)
[2025-09-23T13:12:40.395+0000][70][gc,age      ] GC(84) - age   1:    3711656 bytes,    3711656 total
[2025-09-23T13:12:40.395+0000][70][gc,age      ] GC(84) - age   2:     527560 bytes,    4239216 total
[2025-09-23T13:12:40.395+0000][70][gc,age      ] GC(84) - age   3:      42944 bytes,    4282160 total
[2025-09-23T13:12:40.395+0000][70][gc,age      ] GC(84) - age   4:       6304 bytes,    4288464 total
[2025-09-23T13:12:40.395+0000][70][gc,age      ] GC(84) - age   5:       2760 bytes,    4291224 total
[2025-09-23T13:12:40.395+0000][70][gc,age      ] GC(84) - age   6:     101784 bytes,    4393008 total
[2025-09-23T13:12:40.395+0000][70][gc,age      ] GC(84) - age   7:       2976 bytes,    4395984 total
[2025-09-23T13:12:40.395+0000][70][gc,age      ] GC(84) - age   8:       1648 bytes,    4397632 total
[2025-09-23T13:12:40.395+0000][70][gc,age      ] GC(84) - age   9:      11440 bytes,    4409072 total
[2025-09-23T13:12:40.395+0000][70][gc,age      ] GC(84) - age  10:     150728 bytes,    4559800 total
[2025-09-23T13:12:40.395+0000][70][gc,age      ] GC(84) - age  11:     182560 bytes,    4742360 total
[2025-09-23T13:12:40.395+0000][70][gc,age      ] GC(84) - age  12:      51512 bytes,    4793872 total
[2025-09-23T13:12:40.395+0000][70][gc,age      ] GC(84) - age  13:      78152 bytes,    4872024 total
[2025-09-23T13:12:40.395+0000][70][gc,age      ] GC(84) - age  14:       8000 bytes,    4880024 total
[2025-09-23T13:12:40.395+0000][70][gc,age      ] GC(84) - age  15:      17992 bytes,    4898016 total
[2025-09-23T13:12:40.395+0000][70][gc,heap     ] GC(84) Eden regions: 305->0(305)
[2025-09-23T13:12:40.395+0000][70][gc,heap     ] GC(84) Survivor regions: 2->2(39)
[2025-09-23T13:12:40.395+0000][70][gc,heap     ] GC(84) Old regions: 34->34
[2025-09-23T13:12:40.395+0000][70][gc,heap     ] GC(84) Archive regions: 2->2
[2025-09-23T13:12:40.395+0000][70][gc,heap     ] GC(84) Humongous regions: 4->4
[2025-09-23T13:12:40.395+0000][70][gc,metaspace] GC(84) Metaspace: 139688K(143168K)->139688K(143168K) NonClass: 121798K(123584K)->121798K(123584K) Class: 17890K(19584K)->17890K(19584K)
[2025-09-23T13:12:40.395+0000][70][gc          ] GC(84) Pause Young (Normal) (G1 Evacuation Pause) 1377M->157M(2048M) 63.823ms
[2025-09-23T13:12:40.396+0000][70][gc,cpu      ] GC(84) User=0.17s Sys=0.01s Real=0.06s
[2025-09-23T13:12:40.396+0000][70][safepoint   ] Safepoint "G1CollectForAllocation", Time since last: 10717033297 ns, Reaching safepoint: 3017792 ns, At safepoint: 64617666 ns, Total: 67635458 ns
[2025-09-23T13:12:41.397+0000][70][safepoint   ] Safepoint "Cleanup", Time since last: 1000848459 ns, Reaching safepoint: 136625 ns, At safepoint: 18625 ns, Total: 155250 ns
[2025-09-23T13:12:54.409+0000][70][safepoint   ] Safepoint "Cleanup", Time since last: 13011870089 ns, Reaching safepoint: 383209 ns, At safepoint: 22708 ns, Total: 405917 ns
[2025-09-23T13:13:04.423+0000][70][safepoint   ] Safepoint "Cleanup", Time since last: 10013832922 ns, Reaching safepoint: 522125 ns, At safepoint: 9041 ns, Total: 531166 ns
[2025-09-23T13:13:06.164+0000][70][safepoint   ] Safepoint "Cleanup", Time since last: 1738950751 ns, Reaching safepoint: 1579917 ns, At safepoint: 11958 ns, Total: 1591875 ns
[2025-09-23T13:13:07.004+0000][70][gc,heap,exit] Heap
[2025-09-23T13:13:07.004+0000][70][gc,heap,exit]  garbage-first heap   total 2097152K, used 515063K [0x0000000080000000, 0x0000000100000000)
[2025-09-23T13:13:07.004+0000][70][gc,heap,exit]   region size 4096K, 89 young (364544K), 2 survivors (8192K)
[2025-09-23T13:13:07.004+0000][70][gc,heap,exit]  Metaspace       used 140541K, committed 144000K, reserved 1179648K
[2025-09-23T13:13:07.004+0000][70][gc,heap,exit]   class space    used 18030K, committed 19712K, reserved 1048576K
