[2025-09-22T06:37:41.178+0000][68][gc,init] CardTable entry size: 512
[2025-09-22T06:37:41.179+0000][68][gc     ] Using G1
[2025-09-22T06:37:41.657+0000][68][gc,init] Version: 19.0.1+10-21 (release)
[2025-09-22T06:37:41.657+0000][68][gc,init] CPUs: 8 total, 8 available
[2025-09-22T06:37:41.657+0000][68][gc,init] Memory: 7837M
[2025-09-22T06:37:41.657+0000][68][gc,init] Large Page Support: Disabled
[2025-09-22T06:37:41.657+0000][68][gc,init] NUMA Support: Disabled
[2025-09-22T06:37:41.657+0000][68][gc,init] Compressed Oops: Enabled (32-bit)
[2025-09-22T06:37:41.657+0000][68][gc,init] Heap Region Size: 4M
[2025-09-22T06:37:41.658+0000][68][gc,init] Heap Min Capacity: 512M
[2025-09-22T06:37:41.658+0000][68][gc,init] Heap Initial Capacity: 512M
[2025-09-22T06:37:41.658+0000][68][gc,init] Heap Max Capacity: 512M
[2025-09-22T06:37:41.658+0000][68][gc,init] Pre-touch: Enabled
[2025-09-22T06:37:41.658+0000][68][gc,init] Parallel Workers: 8
[2025-09-22T06:37:41.658+0000][68][gc,init] Concurrent Workers: 2
[2025-09-22T06:37:41.658+0000][68][gc,init] Concurrent Refinement Workers: 8
[2025-09-22T06:37:41.658+0000][68][gc,init] Periodic GC: Disabled
[2025-09-22T06:37:41.659+0000][68][gc,metaspace] CDS archive(s) mapped at: [0x0000000800000000-0x0000000800c60000-0x0000000800c60000), size 12976128, SharedBaseAddress: 0x0000000800000000, ArchiveRelocationMode: 0.
[2025-09-22T06:37:41.659+0000][68][gc,metaspace] Compressed class space mapped at: 0x0000000801000000-0x0000000841000000, reserved size: 1073741824
[2025-09-22T06:37:41.659+0000][68][gc,metaspace] Narrow klass base: 0x0000000800000000, Narrow klass shift: 0, Narrow klass range: 0x100000000
[2025-09-22T06:37:42.031+0000][68][safepoint   ] Safepoint "ICBufferFull", Time since last: 348513125 ns, Reaching safepoint: 1512375 ns, At safepoint: 6337292 ns, Total: 7849667 ns
[2025-09-22T06:37:42.288+0000][68][safepoint   ] Safepoint "ICBufferFull", Time since last: 256146083 ns, Reaching safepoint: 1307375 ns, At safepoint: 13084 ns, Total: 1320459 ns
[2025-09-22T06:37:42.311+0000][68][gc,start    ] GC(0) Pause Young (Normal) (G1 Evacuation Pause)
[2025-09-22T06:37:42.311+0000][68][gc,task     ] GC(0) Using 8 workers of 8 for evacuation
[2025-09-22T06:37:42.311+0000][68][gc,age      ] GC(0) Desired survivor size 2097152 bytes, new threshold 15 (max threshold 15)
[2025-09-22T06:37:42.317+0000][68][gc,phases   ] GC(0)   Pre Evacuate Collection Set: 0.1ms
[2025-09-22T06:37:42.317+0000][68][gc,phases   ] GC(0)   Merge Heap Roots: 0.1ms
[2025-09-22T06:37:42.317+0000][68][gc,phases   ] GC(0)   Evacuate Collection Set: 4.5ms
[2025-09-22T06:37:42.317+0000][68][gc,phases   ] GC(0)   Post Evacuate Collection Set: 0.4ms
[2025-09-22T06:37:42.317+0000][68][gc,phases   ] GC(0)   Other: 0.3ms
[2025-09-22T06:37:42.317+0000][68][gc,age      ] GC(0) Age table with threshold 15 (max threshold 15)
[2025-09-22T06:37:42.317+0000][68][gc,age      ] GC(0) - age   1:    3060888 bytes,    3060888 total
[2025-09-22T06:37:42.317+0000][68][gc,heap     ] GC(0) Eden regions: 6->0(20)
[2025-09-22T06:37:42.317+0000][68][gc,heap     ] GC(0) Survivor regions: 0->1(1)
[2025-09-22T06:37:42.317+0000][68][gc,heap     ] GC(0) Old regions: 0->0
[2025-09-22T06:37:42.317+0000][68][gc,heap     ] GC(0) Archive regions: 2->2
[2025-09-22T06:37:42.317+0000][68][gc,heap     ] GC(0) Humongous regions: 0->0
[2025-09-22T06:37:42.317+0000][68][gc,metaspace] GC(0) Metaspace: 2370K(2560K)->2370K(2560K) NonClass: 2155K(2240K)->2155K(2240K) Class: 214K(320K)->214K(320K)
[2025-09-22T06:37:42.318+0000][68][gc          ] GC(0) Pause Young (Normal) (G1 Evacuation Pause) 28M->7M(512M) 6.787ms
[2025-09-22T06:37:42.318+0000][68][gc,cpu      ] GC(0) User=0.02s Sys=0.00s Real=0.00s
[2025-09-22T06:37:42.318+0000][68][safepoint   ] Safepoint "G1CollectForAllocation", Time since last: 22097958 ns, Reaching safepoint: 224583 ns, At safepoint: 6975584 ns, Total: 7200167 ns
[2025-09-22T06:37:42.963+0000][68][safepoint   ] Safepoint "ICBufferFull", Time since last: 644973792 ns, Reaching safepoint: 205875 ns, At safepoint: 5750 ns, Total: 211625 ns
[2025-09-22T06:37:43.637+0000][68][safepoint   ] Safepoint "ICBufferFull", Time since last: 673574708 ns, Reaching safepoint: 342959 ns, At safepoint: 10291 ns, Total: 353250 ns
[2025-09-22T06:37:44.233+0000][68][safepoint   ] Safepoint "ICBufferFull", Time since last: 595523501 ns, Reaching safepoint: 335958 ns, At safepoint: 11208 ns, Total: 347166 ns
[2025-09-22T06:37:45.444+0000][68][safepoint   ] Safepoint "ICBufferFull", Time since last: 1210983959 ns, Reaching safepoint: 284583 ns, At safepoint: 10917 ns, Total: 295500 ns
[2025-09-22T06:37:46.064+0000][68][safepoint   ] Safepoint "ICBufferFull", Time since last: 619276375 ns, Reaching safepoint: 882584 ns, At safepoint: 10625 ns, Total: 893209 ns
[2025-09-22T06:37:47.073+0000][68][safepoint   ] Safepoint "Cleanup", Time since last: 1004714292 ns, Reaching safepoint: 4283958 ns, At safepoint: 58834 ns, Total: 4342792 ns
[2025-09-22T06:37:47.365+0000][68][safepoint   ] Safepoint "ICBufferFull", Time since last: 291583166 ns, Reaching safepoint: 737917 ns, At safepoint: 21375 ns, Total: 759292 ns
[2025-09-22T06:37:47.424+0000][68][gc,start    ] GC(1) Pause Young (Normal) (G1 Evacuation Pause)
[2025-09-22T06:37:47.429+0000][68][gc,task     ] GC(1) Using 8 workers of 8 for evacuation
[2025-09-22T06:37:47.430+0000][68][gc,age      ] GC(1) Desired survivor size 6291456 bytes, new threshold 15 (max threshold 15)
[2025-09-22T06:37:47.463+0000][68][gc,phases   ] GC(1)   Pre Evacuate Collection Set: 0.3ms
[2025-09-22T06:37:47.464+0000][68][gc,phases   ] GC(1)   Merge Heap Roots: 0.1ms
[2025-09-22T06:37:47.464+0000][68][gc,phases   ] GC(1)   Evacuate Collection Set: 28.9ms
[2025-09-22T06:37:47.464+0000][68][gc,phases   ] GC(1)   Post Evacuate Collection Set: 2.8ms
[2025-09-22T06:37:47.464+0000][68][gc,phases   ] GC(1)   Other: 1.8ms
[2025-09-22T06:37:47.464+0000][68][gc,age      ] GC(1) Age table with threshold 15 (max threshold 15)
[2025-09-22T06:37:47.464+0000][68][gc,age      ] GC(1) - age   1:    5608976 bytes,    5608976 total
[2025-09-22T06:37:47.464+0000][68][gc,age      ] GC(1) - age   2:    3019616 bytes,    8628592 total
[2025-09-22T06:37:47.464+0000][68][gc,heap     ] GC(1) Eden regions: 20->0(41)
[2025-09-22T06:37:47.464+0000][68][gc,heap     ] GC(1) Survivor regions: 1->3(3)
[2025-09-22T06:37:47.464+0000][68][gc,heap     ] GC(1) Old regions: 0->0
[2025-09-22T06:37:47.464+0000][68][gc,heap     ] GC(1) Archive regions: 2->2
[2025-09-22T06:37:47.464+0000][68][gc,heap     ] GC(1) Humongous regions: 0->0
[2025-09-22T06:37:47.464+0000][68][gc,metaspace] GC(1) Metaspace: 16286K(16768K)->16286K(16768K) NonClass: 14429K(14656K)->14429K(14656K) Class: 1856K(2112K)->1856K(2112K)
[2025-09-22T06:37:47.465+0000][68][gc          ] GC(1) Pause Young (Normal) (G1 Evacuation Pause) 87M->12M(512M) 40.133ms
[2025-09-22T06:37:47.465+0000][68][gc,cpu      ] GC(1) User=0.12s Sys=0.00s Real=0.04s
[2025-09-22T06:37:47.465+0000][68][safepoint   ] Safepoint "G1CollectForAllocation", Time since last: 58782125 ns, Reaching safepoint: 118875 ns, At safepoint: 40404833 ns, Total: 40523708 ns
[2025-09-22T06:37:48.083+0000][68][safepoint   ] Safepoint "ICBufferFull", Time since last: 617574834 ns, Reaching safepoint: 760333 ns, At safepoint: 8334 ns, Total: 768667 ns
[2025-09-22T06:37:48.827+0000][68][safepoint   ] Safepoint "ICBufferFull", Time since last: 742035542 ns, Reaching safepoint: 1634333 ns, At safepoint: 8375 ns, Total: 1642708 ns
[2025-09-22T06:37:49.628+0000][68][gc,start    ] GC(2) Pause Young (Concurrent Start) (Metadata GC Threshold)
[2025-09-22T06:37:49.628+0000][68][gc,task     ] GC(2) Using 8 workers of 8 for evacuation
[2025-09-22T06:37:49.628+0000][68][gc,age      ] GC(2) Desired survivor size 12582912 bytes, new threshold 15 (max threshold 15)
[2025-09-22T06:37:49.645+0000][68][gc,phases   ] GC(2)   Pre Evacuate Collection Set: 0.3ms
[2025-09-22T06:37:49.645+0000][68][gc,phases   ] GC(2)   Merge Heap Roots: 0.1ms
[2025-09-22T06:37:49.645+0000][68][gc,phases   ] GC(2)   Evacuate Collection Set: 14.4ms
[2025-09-22T06:37:49.645+0000][68][gc,phases   ] GC(2)   Post Evacuate Collection Set: 1.3ms
[2025-09-22T06:37:49.645+0000][68][gc,phases   ] GC(2)   Other: 0.2ms
[2025-09-22T06:37:49.645+0000][68][gc,age      ] GC(2) Age table with threshold 15 (max threshold 15)
[2025-09-22T06:37:49.645+0000][68][gc,age      ] GC(2) - age   1:    3345080 bytes,    3345080 total
[2025-09-22T06:37:49.645+0000][68][gc,age      ] GC(2) - age   2:    4773392 bytes,    8118472 total
[2025-09-22T06:37:49.645+0000][68][gc,age      ] GC(2) - age   3:    3018792 bytes,   11137264 total
[2025-09-22T06:37:49.646+0000][68][gc,heap     ] GC(2) Eden regions: 34->0(73)
[2025-09-22T06:37:49.646+0000][68][gc,heap     ] GC(2) Survivor regions: 3->3(6)
[2025-09-22T06:37:49.646+0000][68][gc,heap     ] GC(2) Old regions: 0->0
[2025-09-22T06:37:49.646+0000][68][gc,heap     ] GC(2) Archive regions: 2->2
[2025-09-22T06:37:49.646+0000][68][gc,heap     ] GC(2) Humongous regions: 0->0
[2025-09-22T06:37:49.646+0000][68][gc,metaspace] GC(2) Metaspace: 20985K(21504K)->20985K(21504K) NonClass: 18675K(18944K)->18675K(18944K) Class: 2309K(2560K)->2309K(2560K)
[2025-09-22T06:37:49.646+0000][68][gc          ] GC(2) Pause Young (Concurrent Start) (Metadata GC Threshold) 145M->15M(512M) 18.121ms
[2025-09-22T06:37:49.646+0000][68][gc,cpu      ] GC(2) User=0.04s Sys=0.00s Real=0.02s
[2025-09-22T06:37:49.646+0000][68][gc          ] GC(3) Concurrent Mark Cycle
[2025-09-22T06:37:49.647+0000][68][safepoint   ] Safepoint "CollectForMetadataAllocation", Time since last: 800961500 ns, Reaching safepoint: 267000 ns, At safepoint: 18481250 ns, Total: 18748250 ns
[2025-09-22T06:37:49.647+0000][68][gc,marking  ] GC(3) Concurrent Clear Claimed Marks
[2025-09-22T06:37:49.650+0000][68][gc,marking  ] GC(3) Concurrent Clear Claimed Marks 3.068ms
[2025-09-22T06:37:49.650+0000][68][gc,marking  ] GC(3) Concurrent Scan Root Regions
[2025-09-22T06:37:49.654+0000][68][gc,marking  ] GC(3) Concurrent Scan Root Regions 4.184ms
[2025-09-22T06:37:49.655+0000][68][gc,marking  ] GC(3) Concurrent Mark
[2025-09-22T06:37:49.656+0000][68][gc,marking  ] GC(3) Concurrent Mark From Roots
[2025-09-22T06:37:49.656+0000][68][gc,task     ] GC(3) Using 2 workers of 2 for marking
[2025-09-22T06:37:49.658+0000][68][gc,marking  ] GC(3) Concurrent Mark From Roots 1.722ms
[2025-09-22T06:37:49.658+0000][68][gc,marking  ] GC(3) Concurrent Preclean
[2025-09-22T06:37:49.658+0000][68][gc,marking  ] GC(3) Concurrent Preclean 0.098ms
[2025-09-22T06:37:49.659+0000][68][gc,start    ] GC(3) Pause Remark
[2025-09-22T06:37:49.663+0000][68][gc          ] GC(3) Pause Remark 18M->18M(512M) 3.895ms
[2025-09-22T06:37:49.663+0000][68][gc,cpu      ] GC(3) User=0.01s Sys=0.01s Real=0.01s
[2025-09-22T06:37:49.663+0000][68][safepoint   ] Safepoint "G1PauseRemark", Time since last: 12287417 ns, Reaching safepoint: 184333 ns, At safepoint: 4345875 ns, Total: 4530208 ns
[2025-09-22T06:37:49.669+0000][68][gc,marking  ] GC(3) Concurrent Mark 13.957ms
[2025-09-22T06:37:49.669+0000][68][gc,marking  ] GC(3) Concurrent Rebuild Remembered Sets
[2025-09-22T06:37:49.669+0000][68][gc,marking  ] GC(3) Concurrent Rebuild Remembered Sets 0.114ms
[2025-09-22T06:37:49.671+0000][68][gc,start    ] GC(3) Pause Cleanup
[2025-09-22T06:37:49.671+0000][68][gc          ] GC(3) Pause Cleanup 18M->18M(512M) 0.134ms
[2025-09-22T06:37:49.671+0000][68][gc,cpu      ] GC(3) User=0.00s Sys=0.00s Real=0.00s
[2025-09-22T06:37:49.671+0000][68][safepoint   ] Safepoint "G1PauseCleanup", Time since last: 6515375 ns, Reaching safepoint: 1073375 ns, At safepoint: 554709 ns, Total: 1628084 ns
[2025-09-22T06:37:49.679+0000][68][gc,marking  ] GC(3) Concurrent Cleanup for Next Mark
[2025-09-22T06:37:49.683+0000][68][gc,marking  ] GC(3) Concurrent Cleanup for Next Mark 3.929ms
[2025-09-22T06:37:49.683+0000][68][gc          ] GC(3) Concurrent Mark Cycle 36.448ms
[2025-09-22T06:37:50.109+0000][68][safepoint   ] Safepoint "ICBufferFull", Time since last: 436605458 ns, Reaching safepoint: 736000 ns, At safepoint: 6584 ns, Total: 742584 ns
[2025-09-22T06:37:50.773+0000][68][safepoint   ] Safepoint "ICBufferFull", Time since last: 664020500 ns, Reaching safepoint: 225750 ns, At safepoint: 5083 ns, Total: 230833 ns
[2025-09-22T06:37:51.117+0000][68][safepoint   ] Safepoint "ICBufferFull", Time since last: 335726417 ns, Reaching safepoint: 8574625 ns, At safepoint: 23167 ns, Total: 8597792 ns
[2025-09-22T06:37:51.387+0000][68][safepoint   ] Safepoint "ICBufferFull", Time since last: 269261708 ns, Reaching safepoint: 290375 ns, At safepoint: 13042 ns, Total: 303417 ns
[2025-09-22T06:37:51.963+0000][68][gc,start    ] GC(4) Pause Young (Normal) (G1 Evacuation Pause)
[2025-09-22T06:37:51.964+0000][68][gc,task     ] GC(4) Using 8 workers of 8 for evacuation
[2025-09-22T06:37:51.966+0000][68][gc,age      ] GC(4) Desired survivor size 20971520 bytes, new threshold 15 (max threshold 15)
[2025-09-22T06:37:52.005+0000][68][gc,phases   ] GC(4)   Pre Evacuate Collection Set: 0.4ms
[2025-09-22T06:37:52.006+0000][68][gc,phases   ] GC(4)   Merge Heap Roots: 0.4ms
[2025-09-22T06:37:52.007+0000][68][gc,phases   ] GC(4)   Evacuate Collection Set: 30.0ms
[2025-09-22T06:37:52.010+0000][68][gc,phases   ] GC(4)   Post Evacuate Collection Set: 7.6ms
[2025-09-22T06:37:52.011+0000][68][gc,phases   ] GC(4)   Other: 2.7ms
[2025-09-22T06:37:52.012+0000][68][gc,age      ] GC(4) Age table with threshold 15 (max threshold 15)
[2025-09-22T06:37:52.012+0000][68][gc,age      ] GC(4) - age   1:    7176512 bytes,    7176512 total
[2025-09-22T06:37:52.012+0000][68][gc,age      ] GC(4) - age   2:    3266064 bytes,   10442576 total
[2025-09-22T06:37:52.012+0000][68][gc,age      ] GC(4) - age   3:    4770032 bytes,   15212608 total
[2025-09-22T06:37:52.012+0000][68][gc,age      ] GC(4) - age   4:    3018344 bytes,   18230952 total
[2025-09-22T06:37:52.012+0000][68][gc,heap     ] GC(4) Eden regions: 73->0(71)
[2025-09-22T06:37:52.013+0000][68][gc,heap     ] GC(4) Survivor regions: 3->5(10)
[2025-09-22T06:37:52.013+0000][68][gc,heap     ] GC(4) Old regions: 0->0
[2025-09-22T06:37:52.013+0000][68][gc,heap     ] GC(4) Archive regions: 2->2
[2025-09-22T06:37:52.013+0000][68][gc,heap     ] GC(4) Humongous regions: 0->0
[2025-09-22T06:37:52.013+0000][68][gc,metaspace] GC(4) Metaspace: 26126K(26752K)->26126K(26752K) NonClass: 23147K(23488K)->23147K(23488K) Class: 2978K(3264K)->2978K(3264K)
[2025-09-22T06:37:52.013+0000][68][gc          ] GC(4) Pause Young (Normal) (G1 Evacuation Pause) 307M->22M(512M) 50.230ms
[2025-09-22T06:37:52.013+0000][68][gc,cpu      ] GC(4) User=0.12s Sys=0.01s Real=0.05s
[2025-09-22T06:37:52.014+0000][68][safepoint   ] Safepoint "G1CollectForAllocation", Time since last: 575655667 ns, Reaching safepoint: 276667 ns, At safepoint: 50733791 ns, Total: 51010458 ns
[2025-09-22T06:37:52.710+0000][68][safepoint   ] Safepoint "ICBufferFull", Time since last: 696164584 ns, Reaching safepoint: 235167 ns, At safepoint: 6500 ns, Total: 241667 ns
[2025-09-22T06:37:53.351+0000][68][gc,start    ] GC(5) Pause Young (Normal) (G1 Evacuation Pause)
[2025-09-22T06:37:53.352+0000][68][gc,task     ] GC(5) Using 8 workers of 8 for evacuation
[2025-09-22T06:37:53.352+0000][68][gc,age      ] GC(5) Desired survivor size 20971520 bytes, new threshold 15 (max threshold 15)
[2025-09-22T06:37:53.364+0000][68][gc,phases   ] GC(5)   Pre Evacuate Collection Set: 0.1ms
[2025-09-22T06:37:53.365+0000][68][gc,phases   ] GC(5)   Merge Heap Roots: 0.1ms
[2025-09-22T06:37:53.365+0000][68][gc,phases   ] GC(5)   Evacuate Collection Set: 8.5ms
[2025-09-22T06:37:53.365+0000][68][gc,phases   ] GC(5)   Post Evacuate Collection Set: 3.2ms
[2025-09-22T06:37:53.365+0000][68][gc,phases   ] GC(5)   Other: 0.5ms
[2025-09-22T06:37:53.365+0000][68][gc,age      ] GC(5) Age table with threshold 15 (max threshold 15)
[2025-09-22T06:37:53.365+0000][68][gc,age      ] GC(5) - age   1:    5075064 bytes,    5075064 total
[2025-09-22T06:37:53.366+0000][68][gc,age      ] GC(5) - age   2:    6697896 bytes,   11772960 total
[2025-09-22T06:37:53.366+0000][68][gc,age      ] GC(5) - age   3:    3243136 bytes,   15016096 total
[2025-09-22T06:37:53.366+0000][68][gc,age      ] GC(5) - age   4:    4760320 bytes,   19776416 total
[2025-09-22T06:37:53.366+0000][68][gc,age      ] GC(5) - age   5:    3018000 bytes,   22794416 total
[2025-09-22T06:37:53.367+0000][68][gc,heap     ] GC(5) Eden regions: 71->0(70)
[2025-09-22T06:37:53.367+0000][68][gc,heap     ] GC(5) Survivor regions: 5->6(10)
[2025-09-22T06:37:53.367+0000][68][gc,heap     ] GC(5) Old regions: 0->0
[2025-09-22T06:37:53.367+0000][68][gc,heap     ] GC(5) Archive regions: 2->2
[2025-09-22T06:37:53.367+0000][68][gc,heap     ] GC(5) Humongous regions: 0->0
[2025-09-22T06:37:53.367+0000][68][gc,metaspace] GC(5) Metaspace: 32427K(33152K)->32427K(33152K) NonClass: 28753K(29120K)->28753K(29120K) Class: 3673K(4032K)->3673K(4032K)
[2025-09-22T06:37:53.367+0000][68][gc          ] GC(5) Pause Young (Normal) (G1 Evacuation Pause) 306M->27M(512M) 15.840ms
[2025-09-22T06:37:53.367+0000][68][gc,cpu      ] GC(5) User=0.05s Sys=0.00s Real=0.01s
[2025-09-22T06:37:53.368+0000][68][safepoint   ] Safepoint "G1CollectForAllocation", Time since last: 640999875 ns, Reaching safepoint: 408167 ns, At safepoint: 16106708 ns, Total: 16514875 ns
[2025-09-22T06:37:54.255+0000][68][safepoint   ] Safepoint "ICBufferFull", Time since last: 886838875 ns, Reaching safepoint: 580417 ns, At safepoint: 63917 ns, Total: 644334 ns
[2025-09-22T06:37:54.439+0000][68][gc,start    ] GC(6) Pause Young (Normal) (G1 Evacuation Pause)
[2025-09-22T06:37:54.440+0000][68][gc,task     ] GC(6) Using 8 workers of 8 for evacuation
[2025-09-22T06:37:54.441+0000][68][gc,age      ] GC(6) Desired survivor size 20971520 bytes, new threshold 5 (max threshold 15)
[2025-09-22T06:37:54.475+0000][68][gc,phases   ] GC(6)   Pre Evacuate Collection Set: 0.3ms
[2025-09-22T06:37:54.476+0000][68][gc,phases   ] GC(6)   Merge Heap Roots: 0.1ms
[2025-09-22T06:37:54.477+0000][68][gc,phases   ] GC(6)   Evacuate Collection Set: 28.0ms
[2025-09-22T06:37:54.477+0000][68][gc,phases   ] GC(6)   Post Evacuate Collection Set: 5.2ms
[2025-09-22T06:37:54.477+0000][68][gc,phases   ] GC(6)   Other: 1.6ms
[2025-09-22T06:37:54.477+0000][68][gc,age      ] GC(6) Age table with threshold 5 (max threshold 15)
[2025-09-22T06:37:54.478+0000][68][gc,age      ] GC(6) - age   1:    5840256 bytes,    5840256 total
[2025-09-22T06:37:54.478+0000][68][gc,age      ] GC(6) - age   2:    4630696 bytes,   10470952 total
[2025-09-22T06:37:54.478+0000][68][gc,age      ] GC(6) - age   3:    6695288 bytes,   17166240 total
[2025-09-22T06:37:54.478+0000][68][gc,age      ] GC(6) - age   4:    3242672 bytes,   20408912 total
[2025-09-22T06:37:54.478+0000][68][gc,age      ] GC(6) - age   5:    4755216 bytes,   25164128 total
[2025-09-22T06:37:54.478+0000][68][gc,heap     ] GC(6) Eden regions: 70->0(69)
[2025-09-22T06:37:54.478+0000][68][gc,heap     ] GC(6) Survivor regions: 6->7(10)
[2025-09-22T06:37:54.478+0000][68][gc,heap     ] GC(6) Old regions: 0->1
[2025-09-22T06:37:54.478+0000][68][gc,heap     ] GC(6) Archive regions: 2->2
[2025-09-22T06:37:54.478+0000][68][gc,heap     ] GC(6) Humongous regions: 0->0
[2025-09-22T06:37:54.478+0000][68][gc,metaspace] GC(6) Metaspace: 34366K(35200K)->34366K(35200K) NonClass: 30444K(30912K)->30444K(30912K) Class: 3922K(4288K)->3922K(4288K)
[2025-09-22T06:37:54.479+0000][68][gc          ] GC(6) Pause Young (Normal) (G1 Evacuation Pause) 307M->32M(512M) 39.543ms
[2025-09-22T06:37:54.479+0000][68][gc,cpu      ] GC(6) User=0.15s Sys=0.01s Real=0.04s
[2025-09-22T06:37:54.479+0000][68][safepoint   ] Safepoint "G1CollectForAllocation", Time since last: 183687750 ns, Reaching safepoint: 231208 ns, At safepoint: 39924708 ns, Total: 40155916 ns
[2025-09-22T06:37:55.328+0000][68][gc,start    ] GC(7) Pause Young (Concurrent Start) (Metadata GC Threshold)
[2025-09-22T06:37:55.329+0000][68][gc,task     ] GC(7) Using 8 workers of 8 for evacuation
[2025-09-22T06:37:55.329+0000][68][gc,age      ] GC(7) Desired survivor size 20971520 bytes, new threshold 5 (max threshold 15)
[2025-09-22T06:37:55.358+0000][68][gc,phases   ] GC(7)   Pre Evacuate Collection Set: 0.3ms
[2025-09-22T06:37:55.358+0000][68][gc,phases   ] GC(7)   Merge Heap Roots: 0.1ms
[2025-09-22T06:37:55.361+0000][68][gc,phases   ] GC(7)   Evacuate Collection Set: 25.0ms
[2025-09-22T06:37:55.361+0000][68][gc,phases   ] GC(7)   Post Evacuate Collection Set: 3.0ms
[2025-09-22T06:37:55.362+0000][68][gc,phases   ] GC(7)   Other: 0.6ms
[2025-09-22T06:37:55.362+0000][68][gc,age      ] GC(7) Age table with threshold 5 (max threshold 15)
[2025-09-22T06:37:55.362+0000][68][gc,age      ] GC(7) - age   1:    3289608 bytes,    3289608 total
[2025-09-22T06:37:55.362+0000][68][gc,age      ] GC(7) - age   2:    3673600 bytes,    6963208 total
[2025-09-22T06:37:55.362+0000][68][gc,age      ] GC(7) - age   3:    4618664 bytes,   11581872 total
[2025-09-22T06:37:55.362+0000][68][gc,age      ] GC(7) - age   4:    6681432 bytes,   18263304 total
[2025-09-22T06:37:55.362+0000][68][gc,age      ] GC(7) - age   5:    3231528 bytes,   21494832 total
[2025-09-22T06:37:55.362+0000][68][gc,heap     ] GC(7) Eden regions: 55->0(70)
[2025-09-22T06:37:55.363+0000][68][gc,heap     ] GC(7) Survivor regions: 7->6(10)
[2025-09-22T06:37:55.363+0000][68][gc,heap     ] GC(7) Old regions: 1->2
[2025-09-22T06:37:55.363+0000][68][gc,heap     ] GC(7) Archive regions: 2->2
[2025-09-22T06:37:55.363+0000][68][gc,heap     ] GC(7) Humongous regions: 0->0
[2025-09-22T06:37:55.363+0000][68][gc,metaspace] GC(7) Metaspace: 35385K(36288K)->35385K(36288K) NonClass: 31356K(31872K)->31356K(31872K) Class: 4028K(4416K)->4028K(4416K)
[2025-09-22T06:37:55.363+0000][68][gc          ] GC(7) Pause Young (Concurrent Start) (Metadata GC Threshold) 252M->35M(512M) 35.050ms
[2025-09-22T06:37:55.363+0000][68][gc,cpu      ] GC(7) User=0.10s Sys=0.00s Real=0.04s
[2025-09-22T06:37:55.363+0000][68][gc          ] GC(8) Concurrent Mark Cycle
[2025-09-22T06:37:55.364+0000][68][gc,marking  ] GC(8) Concurrent Clear Claimed Marks
[2025-09-22T06:37:55.364+0000][68][safepoint   ] Safepoint "CollectForMetadataAllocation", Time since last: 848935251 ns, Reaching safepoint: 261333 ns, At safepoint: 35606208 ns, Total: 35867541 ns
[2025-09-22T06:37:55.364+0000][68][gc,marking  ] GC(8) Concurrent Clear Claimed Marks 0.312ms
[2025-09-22T06:37:55.368+0000][68][gc,marking  ] GC(8) Concurrent Scan Root Regions
[2025-09-22T06:37:55.390+0000][68][gc,marking  ] GC(8) Concurrent Scan Root Regions 21.887ms
[2025-09-22T06:37:55.395+0000][68][gc,marking  ] GC(8) Concurrent Mark
[2025-09-22T06:37:55.397+0000][68][gc,marking  ] GC(8) Concurrent Mark From Roots
[2025-09-22T06:37:55.400+0000][68][gc,task     ] GC(8) Using 2 workers of 2 for marking
[2025-09-22T06:37:55.403+0000][68][gc,marking  ] GC(8) Concurrent Mark From Roots 6.384ms
[2025-09-22T06:37:55.404+0000][68][gc,marking  ] GC(8) Concurrent Preclean
[2025-09-22T06:37:55.405+0000][68][gc,marking  ] GC(8) Concurrent Preclean 1.136ms
[2025-09-22T06:37:55.408+0000][68][gc,start    ] GC(8) Pause Remark
[2025-09-22T06:37:55.418+0000][68][gc          ] GC(8) Pause Remark 37M->37M(512M) 9.441ms
[2025-09-22T06:37:55.418+0000][68][gc,cpu      ] GC(8) User=0.02s Sys=0.00s Real=0.01s
[2025-09-22T06:37:55.418+0000][68][safepoint   ] Safepoint "G1PauseRemark", Time since last: 43080251 ns, Reaching safepoint: 1327333 ns, At safepoint: 10112583 ns, Total: 11439916 ns
[2025-09-22T06:37:55.421+0000][68][gc,marking  ] GC(8) Concurrent Mark 26.883ms
[2025-09-22T06:37:55.425+0000][68][gc,marking  ] GC(8) Concurrent Rebuild Remembered Sets
[2025-09-22T06:37:55.426+0000][68][gc,marking  ] GC(8) Concurrent Rebuild Remembered Sets 0.355ms
[2025-09-22T06:37:55.428+0000][68][gc,start    ] GC(8) Pause Cleanup
[2025-09-22T06:37:55.429+0000][68][gc          ] GC(8) Pause Cleanup 37M->37M(512M) 1.395ms
[2025-09-22T06:37:55.430+0000][68][gc,cpu      ] GC(8) User=0.00s Sys=0.00s Real=0.00s
[2025-09-22T06:37:55.430+0000][68][safepoint   ] Safepoint "G1PauseCleanup", Time since last: 9630292 ns, Reaching safepoint: 224625 ns, At safepoint: 1726667 ns, Total: 1951292 ns
[2025-09-22T06:37:55.433+0000][68][gc,marking  ] GC(8) Concurrent Cleanup for Next Mark
[2025-09-22T06:37:55.442+0000][68][gc,marking  ] GC(8) Concurrent Cleanup for Next Mark 9.123ms
[2025-09-22T06:37:55.445+0000][68][gc          ] GC(8) Concurrent Mark Cycle 81.408ms
[2025-09-22T06:37:56.199+0000][68][safepoint   ] Safepoint "ICBufferFull", Time since last: 768557458 ns, Reaching safepoint: 514542 ns, At safepoint: 19667 ns, Total: 534209 ns
[2025-09-22T06:37:56.530+0000][68][safepoint   ] Safepoint "ICBufferFull", Time since last: 330484791 ns, Reaching safepoint: 281375 ns, At safepoint: 12125 ns, Total: 293500 ns
[2025-09-22T06:37:56.906+0000][68][safepoint   ] Safepoint "ICBufferFull", Time since last: 375936667 ns, Reaching safepoint: 296417 ns, At safepoint: 19875 ns, Total: 316292 ns
[2025-09-22T06:37:57.908+0000][68][safepoint   ] Safepoint "Cleanup", Time since last: 1001129000 ns, Reaching safepoint: 1247542 ns, At safepoint: 21208 ns, Total: 1268750 ns
[2025-09-22T06:37:58.190+0000][68][gc,start    ] GC(9) Pause Young (Normal) (G1 Evacuation Pause)
[2025-09-22T06:37:58.190+0000][68][gc,task     ] GC(9) Using 8 workers of 8 for evacuation
[2025-09-22T06:37:58.190+0000][68][gc,age      ] GC(9) Desired survivor size 20971520 bytes, new threshold 5 (max threshold 15)
[2025-09-22T06:37:58.221+0000][68][gc,phases   ] GC(9)   Pre Evacuate Collection Set: 0.2ms
[2025-09-22T06:37:58.222+0000][68][gc,phases   ] GC(9)   Merge Heap Roots: 0.1ms
[2025-09-22T06:37:58.222+0000][68][gc,phases   ] GC(9)   Evacuate Collection Set: 24.8ms
[2025-09-22T06:37:58.222+0000][68][gc,phases   ] GC(9)   Post Evacuate Collection Set: 5.6ms
[2025-09-22T06:37:58.222+0000][68][gc,phases   ] GC(9)   Other: 0.4ms
[2025-09-22T06:37:58.222+0000][68][gc,age      ] GC(9) Age table with threshold 5 (max threshold 15)
[2025-09-22T06:37:58.222+0000][68][gc,age      ] GC(9) - age   1:   18324304 bytes,   18324304 total
[2025-09-22T06:37:58.223+0000][68][gc,age      ] GC(9) - age   2:    3256152 bytes,   21580456 total
[2025-09-22T06:37:58.223+0000][68][gc,age      ] GC(9) - age   3:    3655520 bytes,   25235976 total
[2025-09-22T06:37:58.223+0000][68][gc,age      ] GC(9) - age   4:    4598072 bytes,   29834048 total
[2025-09-22T06:37:58.223+0000][68][gc,age      ] GC(9) - age   5:    6653008 bytes,   36487056 total
[2025-09-22T06:37:58.223+0000][68][gc,heap     ] GC(9) Eden regions: 70->0(66)
[2025-09-22T06:37:58.223+0000][68][gc,heap     ] GC(9) Survivor regions: 6->10(10)
[2025-09-22T06:37:58.223+0000][68][gc,heap     ] GC(9) Old regions: 2->3
[2025-09-22T06:37:58.224+0000][68][gc,heap     ] GC(9) Archive regions: 2->2
[2025-09-22T06:37:58.224+0000][68][gc,heap     ] GC(9) Humongous regions: 0->0
[2025-09-22T06:37:58.224+0000][68][gc,metaspace] GC(9) Metaspace: 44495K(45760K)->44495K(45760K) NonClass: 39215K(39936K)->39215K(39936K) Class: 5280K(5824K)->5280K(5824K)
[2025-09-22T06:37:58.224+0000][68][gc          ] GC(9) Pause Young (Normal) (G1 Evacuation Pause) 315M->51M(512M) 33.789ms
[2025-09-22T06:37:58.224+0000][68][gc,cpu      ] GC(9) User=0.13s Sys=0.00s Real=0.03s
[2025-09-22T06:37:58.224+0000][68][safepoint   ] Safepoint "G1CollectForAllocation", Time since last: 281595084 ns, Reaching safepoint: 53000 ns, At safepoint: 34053333 ns, Total: 34106333 ns
[2025-09-22T06:37:58.339+0000][68][safepoint   ] Safepoint "ICBufferFull", Time since last: 115003292 ns, Reaching safepoint: 261292 ns, At safepoint: 16833 ns, Total: 278125 ns
[2025-09-22T06:37:58.645+0000][68][safepoint   ] Safepoint "ICBufferFull", Time since last: 305473667 ns, Reaching safepoint: 171458 ns, At safepoint: 4750 ns, Total: 176208 ns
[2025-09-22T06:37:58.844+0000][68][safepoint   ] Safepoint "ICBufferFull", Time since last: 194704792 ns, Reaching safepoint: 3866875 ns, At safepoint: 220166 ns, Total: 4087041 ns
[2025-09-22T06:37:59.419+0000][68][gc,start    ] GC(10) Pause Young (Concurrent Start) (Metadata GC Threshold)
[2025-09-22T06:37:59.419+0000][68][gc,task     ] GC(10) Using 8 workers of 8 for evacuation
[2025-09-22T06:37:59.419+0000][68][gc,age      ] GC(10) Desired survivor size 20971520 bytes, new threshold 2 (max threshold 15)
[2025-09-22T06:37:59.450+0000][68][gc,phases   ] GC(10)   Pre Evacuate Collection Set: 0.4ms
[2025-09-22T06:37:59.450+0000][68][gc,phases   ] GC(10)   Merge Heap Roots: 0.1ms
[2025-09-22T06:37:59.451+0000][68][gc,phases   ] GC(10)   Evacuate Collection Set: 26.9ms
[2025-09-22T06:37:59.451+0000][68][gc,phases   ] GC(10)   Post Evacuate Collection Set: 3.3ms
[2025-09-22T06:37:59.451+0000][68][gc,phases   ] GC(10)   Other: 0.3ms
[2025-09-22T06:37:59.451+0000][68][gc,age      ] GC(10) Age table with threshold 2 (max threshold 15)
[2025-09-22T06:37:59.451+0000][68][gc,age      ] GC(10) - age   1:    7152536 bytes,    7152536 total
[2025-09-22T06:37:59.451+0000][68][gc,age      ] GC(10) - age   2:   18088008 bytes,   25240544 total
[2025-09-22T06:37:59.451+0000][68][gc,heap     ] GC(10) Eden regions: 43->0(69)
[2025-09-22T06:37:59.451+0000][68][gc,heap     ] GC(10) Survivor regions: 10->7(10)
[2025-09-22T06:37:59.451+0000][68][gc,heap     ] GC(10) Old regions: 3->8
[2025-09-22T06:37:59.451+0000][68][gc,heap     ] GC(10) Archive regions: 2->2
[2025-09-22T06:37:59.451+0000][68][gc,heap     ] GC(10) Humongous regions: 0->0
[2025-09-22T06:37:59.451+0000][68][gc,metaspace] GC(10) Metaspace: 59354K(60736K)->59354K(60736K) NonClass: 51941K(52736K)->51941K(52736K) Class: 7412K(8000K)->7412K(8000K)
[2025-09-22T06:37:59.451+0000][68][gc          ] GC(10) Pause Young (Concurrent Start) (Metadata GC Threshold) 221M->60M(512M) 32.410ms
[2025-09-22T06:37:59.452+0000][68][gc,cpu      ] GC(10) User=0.14s Sys=0.01s Real=0.04s
[2025-09-22T06:37:59.452+0000][68][gc          ] GC(11) Concurrent Mark Cycle
[2025-09-22T06:37:59.452+0000][68][safepoint   ] Safepoint "CollectForMetadataAllocation", Time since last: 574988084 ns, Reaching safepoint: 256833 ns, At safepoint: 32916084 ns, Total: 33172917 ns
[2025-09-22T06:37:59.452+0000][68][gc,marking  ] GC(11) Concurrent Clear Claimed Marks
[2025-09-22T06:37:59.453+0000][68][gc,marking  ] GC(11) Concurrent Clear Claimed Marks 1.006ms
[2025-09-22T06:37:59.453+0000][68][gc,marking  ] GC(11) Concurrent Scan Root Regions
[2025-09-22T06:37:59.470+0000][68][gc,marking  ] GC(11) Concurrent Scan Root Regions 16.659ms
[2025-09-22T06:37:59.470+0000][68][gc,marking  ] GC(11) Concurrent Mark
[2025-09-22T06:37:59.470+0000][68][gc,marking  ] GC(11) Concurrent Mark From Roots
[2025-09-22T06:37:59.470+0000][68][gc,task     ] GC(11) Using 2 workers of 2 for marking
[2025-09-22T06:37:59.479+0000][68][gc,marking  ] GC(11) Concurrent Mark From Roots 8.616ms
[2025-09-22T06:37:59.479+0000][68][gc,marking  ] GC(11) Concurrent Preclean
[2025-09-22T06:37:59.479+0000][68][safepoint   ] Safepoint "CollectForMetadataAllocation", Time since last: 27324625 ns, Reaching safepoint: 79166 ns, At safepoint: 96500 ns, Total: 175666 ns
[2025-09-22T06:37:59.480+0000][68][gc,marking  ] GC(11) Concurrent Preclean 0.291ms
[2025-09-22T06:37:59.484+0000][68][gc,start    ] GC(11) Pause Remark
[2025-09-22T06:37:59.497+0000][68][gc          ] GC(11) Pause Remark 64M->64M(512M) 13.167ms
[2025-09-22T06:37:59.497+0000][68][gc,cpu      ] GC(11) User=0.05s Sys=0.00s Real=0.01s
[2025-09-22T06:37:59.497+0000][68][safepoint   ] Safepoint "G1PauseRemark", Time since last: 3637959 ns, Reaching safepoint: 1041666 ns, At safepoint: 13409917 ns, Total: 14451583 ns
[2025-09-22T06:37:59.501+0000][68][gc,marking  ] GC(11) Concurrent Mark 30.748ms
[2025-09-22T06:37:59.501+0000][68][gc,marking  ] GC(11) Concurrent Rebuild Remembered Sets
[2025-09-22T06:37:59.509+0000][68][gc,marking  ] GC(11) Concurrent Rebuild Remembered Sets 7.573ms
[2025-09-22T06:37:59.513+0000][68][gc,start    ] GC(11) Pause Cleanup
[2025-09-22T06:37:59.513+0000][68][gc          ] GC(11) Pause Cleanup 66M->66M(512M) 0.249ms
[2025-09-22T06:37:59.513+0000][68][gc,cpu      ] GC(11) User=0.00s Sys=0.00s Real=0.00s
[2025-09-22T06:37:59.513+0000][68][safepoint   ] Safepoint "G1PauseCleanup", Time since last: 14617750 ns, Reaching safepoint: 928542 ns, At safepoint: 443083 ns, Total: 1371625 ns
[2025-09-22T06:37:59.515+0000][68][gc,marking  ] GC(11) Concurrent Cleanup for Next Mark
[2025-09-22T06:37:59.519+0000][68][gc,marking  ] GC(11) Concurrent Cleanup for Next Mark 3.280ms
[2025-09-22T06:37:59.519+0000][68][gc          ] GC(11) Concurrent Mark Cycle 67.285ms
[2025-09-22T06:37:59.988+0000][68][safepoint   ] Safepoint "ICBufferFull", Time since last: 474287417 ns, Reaching safepoint: 257000 ns, At safepoint: 7208 ns, Total: 264208 ns
[2025-09-22T06:38:00.991+0000][68][safepoint   ] Safepoint "Cleanup", Time since last: 1000760751 ns, Reaching safepoint: 1305708 ns, At safepoint: 771459 ns, Total: 2077167 ns
[2025-09-22T06:38:02.189+0000][68][safepoint   ] Safepoint "Cleanup", Time since last: 1197189375 ns, Reaching safepoint: 600625 ns, At safepoint: 11042 ns, Total: 611667 ns
[2025-09-22T06:38:02.502+0000][68][gc,start    ] GC(12) Pause Young (Normal) (G1 Evacuation Pause)
[2025-09-22T06:38:02.502+0000][68][gc,task     ] GC(12) Using 8 workers of 8 for evacuation
[2025-09-22T06:38:02.502+0000][68][gc,age      ] GC(12) Desired survivor size 20971520 bytes, new threshold 2 (max threshold 15)
[2025-09-22T06:38:02.531+0000][68][gc,phases   ] GC(12)   Pre Evacuate Collection Set: 0.1ms
[2025-09-22T06:38:02.531+0000][68][gc,phases   ] GC(12)   Merge Heap Roots: 0.1ms
[2025-09-22T06:38:02.531+0000][68][gc,phases   ] GC(12)   Evacuate Collection Set: 25.5ms
[2025-09-22T06:38:02.531+0000][68][gc,phases   ] GC(12)   Post Evacuate Collection Set: 2.5ms
[2025-09-22T06:38:02.531+0000][68][gc,phases   ] GC(12)   Other: 0.4ms
[2025-09-22T06:38:02.531+0000][68][gc,age      ] GC(12) Age table with threshold 2 (max threshold 15)
[2025-09-22T06:38:02.531+0000][68][gc,age      ] GC(12) - age   1:    5554496 bytes,    5554496 total
[2025-09-22T06:38:02.531+0000][68][gc,age      ] GC(12) - age   2:    6902096 bytes,   12456592 total
[2025-09-22T06:38:02.531+0000][68][gc,heap     ] GC(12) Eden regions: 69->0(72)
[2025-09-22T06:38:02.532+0000][68][gc,heap     ] GC(12) Survivor regions: 7->4(10)
[2025-09-22T06:38:02.532+0000][68][gc,heap     ] GC(12) Old regions: 8->12
[2025-09-22T06:38:02.532+0000][68][gc,heap     ] GC(12) Archive regions: 2->2
[2025-09-22T06:38:02.532+0000][68][gc,heap     ] GC(12) Humongous regions: 0->0
[2025-09-22T06:38:02.532+0000][68][gc,metaspace] GC(12) Metaspace: 72783K(74368K)->72783K(74368K) NonClass: 63480K(64384K)->63480K(64384K) Class: 9303K(9984K)->9303K(9984K)
[2025-09-22T06:38:02.532+0000][68][gc          ] GC(12) Pause Young (Normal) (G1 Evacuation Pause) 336M->65M(512M) 30.233ms
[2025-09-22T06:38:02.532+0000][68][gc,cpu      ] GC(12) User=0.14s Sys=0.01s Real=0.03s
[2025-09-22T06:38:02.532+0000][68][safepoint   ] Safepoint "G1CollectForAllocation", Time since last: 312735917 ns, Reaching safepoint: 173958 ns, At safepoint: 30399792 ns, Total: 30573750 ns
[2025-09-22T06:38:03.537+0000][68][safepoint   ] Safepoint "Cleanup", Time since last: 1001066292 ns, Reaching safepoint: 3916541 ns, At safepoint: 13292 ns, Total: 3929833 ns
[2025-09-22T06:38:04.539+0000][68][safepoint   ] Safepoint "Cleanup", Time since last: 1000818376 ns, Reaching safepoint: 1328333 ns, At safepoint: 11917 ns, Total: 1340250 ns
[2025-09-22T06:38:04.892+0000][68][safepoint   ] Safepoint "ICBufferFull", Time since last: 352094708 ns, Reaching safepoint: 630167 ns, At safepoint: 14375 ns, Total: 644542 ns
[2025-09-22T06:38:05.376+0000][68][gc,start    ] GC(13) Pause Young (Concurrent Start) (Metadata GC Threshold)
[2025-09-22T06:38:05.376+0000][68][gc,task     ] GC(13) Using 8 workers of 8 for evacuation
[2025-09-22T06:38:05.376+0000][68][gc,age      ] GC(13) Desired survivor size 20971520 bytes, new threshold 15 (max threshold 15)
[2025-09-22T06:38:05.420+0000][68][gc,phases   ] GC(13)   Pre Evacuate Collection Set: 1.3ms
[2025-09-22T06:38:05.420+0000][68][gc,phases   ] GC(13)   Merge Heap Roots: 0.1ms
[2025-09-22T06:38:05.420+0000][68][gc,phases   ] GC(13)   Evacuate Collection Set: 38.2ms
[2025-09-22T06:38:05.420+0000][68][gc,phases   ] GC(13)   Post Evacuate Collection Set: 3.2ms
[2025-09-22T06:38:05.420+0000][68][gc,phases   ] GC(13)   Other: 0.3ms
[2025-09-22T06:38:05.420+0000][68][gc,age      ] GC(13) Age table with threshold 15 (max threshold 15)
[2025-09-22T06:38:05.420+0000][68][gc,age      ] GC(13) - age   1:   11030480 bytes,   11030480 total
[2025-09-22T06:38:05.420+0000][68][gc,age      ] GC(13) - age   2:    5324976 bytes,   16355456 total
[2025-09-22T06:38:05.420+0000][68][gc,age      ] GC(13) - age   3:    6802392 bytes,   23157848 total
[2025-09-22T06:38:05.420+0000][68][gc,heap     ] GC(13) Eden regions: 43->0(70)
[2025-09-22T06:38:05.421+0000][68][gc,heap     ] GC(13) Survivor regions: 4->6(10)
[2025-09-22T06:38:05.421+0000][68][gc,heap     ] GC(13) Old regions: 12->12
[2025-09-22T06:38:05.421+0000][68][gc,heap     ] GC(13) Archive regions: 2->2
[2025-09-22T06:38:05.421+0000][68][gc,heap     ] GC(13) Humongous regions: 0->0
[2025-09-22T06:38:05.421+0000][68][gc,metaspace] GC(13) Metaspace: 99078K(101760K)->99078K(101760K) NonClass: 86070K(87424K)->86070K(87424K) Class: 13008K(14336K)->13008K(14336K)
[2025-09-22T06:38:05.421+0000][68][gc          ] GC(13) Pause Young (Concurrent Start) (Metadata GC Threshold) 235M->74M(512M) 45.193ms
[2025-09-22T06:38:05.421+0000][68][gc,cpu      ] GC(13) User=0.16s Sys=0.01s Real=0.05s
[2025-09-22T06:38:05.421+0000][68][gc          ] GC(14) Concurrent Mark Cycle
[2025-09-22T06:38:05.422+0000][68][gc,marking  ] GC(14) Concurrent Clear Claimed Marks
[2025-09-22T06:38:05.422+0000][68][safepoint   ] Safepoint "CollectForMetadataAllocation", Time since last: 483763417 ns, Reaching safepoint: 212750 ns, At safepoint: 45663500 ns, Total: 45876250 ns
[2025-09-22T06:38:05.422+0000][68][gc,marking  ] GC(14) Concurrent Clear Claimed Marks 0.484ms
[2025-09-22T06:38:05.423+0000][68][gc,marking  ] GC(14) Concurrent Scan Root Regions
[2025-09-22T06:38:05.443+0000][68][gc,marking  ] GC(14) Concurrent Scan Root Regions 20.277ms
[2025-09-22T06:38:05.443+0000][68][gc,marking  ] GC(14) Concurrent Mark
[2025-09-22T06:38:05.447+0000][68][gc,marking  ] GC(14) Concurrent Mark From Roots
[2025-09-22T06:38:05.447+0000][68][gc,task     ] GC(14) Using 2 workers of 2 for marking
[2025-09-22T06:38:05.460+0000][68][safepoint   ] Safepoint "CollectForMetadataAllocation", Time since last: 37454458 ns, Reaching safepoint: 672542 ns, At safepoint: 175333 ns, Total: 847875 ns
[2025-09-22T06:38:05.469+0000][68][safepoint   ] Safepoint "CollectForMetadataAllocation", Time since last: 7967625 ns, Reaching safepoint: 1082375 ns, At safepoint: 13000 ns, Total: 1095375 ns
[2025-09-22T06:38:05.489+0000][68][safepoint   ] Safepoint "CollectForMetadataAllocation", Time since last: 18731875 ns, Reaching safepoint: 1313750 ns, At safepoint: 189333 ns, Total: 1503083 ns
[2025-09-22T06:38:05.516+0000][68][gc,marking  ] GC(14) Concurrent Mark From Roots 69.657ms
[2025-09-22T06:38:05.518+0000][68][gc,marking  ] GC(14) Concurrent Preclean
[2025-09-22T06:38:05.519+0000][68][gc,marking  ] GC(14) Concurrent Preclean 0.430ms
[2025-09-22T06:38:05.521+0000][68][gc,start    ] GC(14) Pause Remark
[2025-09-22T06:38:05.530+0000][68][gc          ] GC(14) Pause Remark 82M->82M(512M) 9.253ms
[2025-09-22T06:38:05.530+0000][68][gc,cpu      ] GC(14) User=0.02s Sys=0.00s Real=0.01s
[2025-09-22T06:38:05.532+0000][68][safepoint   ] Safepoint "G1PauseRemark", Time since last: 30569667 ns, Reaching safepoint: 1232667 ns, At safepoint: 11119125 ns, Total: 12351792 ns
[2025-09-22T06:38:05.533+0000][68][gc,marking  ] GC(14) Concurrent Mark 89.477ms
[2025-09-22T06:38:05.533+0000][68][gc,marking  ] GC(14) Concurrent Rebuild Remembered Sets
[2025-09-22T06:38:05.594+0000][68][gc,marking  ] GC(14) Concurrent Rebuild Remembered Sets 61.098ms
[2025-09-22T06:38:05.596+0000][68][gc,start    ] GC(14) Pause Cleanup
[2025-09-22T06:38:05.596+0000][68][gc          ] GC(14) Pause Cleanup 86M->86M(512M) 0.258ms
[2025-09-22T06:38:05.597+0000][68][gc,cpu      ] GC(14) User=0.00s Sys=0.00s Real=0.00s
[2025-09-22T06:38:05.597+0000][68][safepoint   ] Safepoint "G1PauseCleanup", Time since last: 63348458 ns, Reaching safepoint: 765083 ns, At safepoint: 587084 ns, Total: 1352167 ns
[2025-09-22T06:38:05.597+0000][68][gc,marking  ] GC(14) Concurrent Cleanup for Next Mark
[2025-09-22T06:38:05.611+0000][68][gc,marking  ] GC(14) Concurrent Cleanup for Next Mark 13.767ms
[2025-09-22T06:38:05.611+0000][68][gc          ] GC(14) Concurrent Mark Cycle 189.567ms
[2025-09-22T06:38:06.107+0000][68][safepoint   ] Safepoint "ICBufferFull", Time since last: 509679375 ns, Reaching safepoint: 433458 ns, At safepoint: 11750 ns, Total: 445208 ns
[2025-09-22T06:38:06.565+0000][68][safepoint   ] Safepoint "ICBufferFull", Time since last: 456128917 ns, Reaching safepoint: 2182583 ns, At safepoint: 38375 ns, Total: 2220958 ns
[2025-09-22T06:38:06.569+0000][68][safepoint   ] Safepoint "ICBufferFull", Time since last: 1567417 ns, Reaching safepoint: 2206542 ns, At safepoint: 20916 ns, Total: 2227458 ns
[2025-09-22T06:38:06.571+0000][68][safepoint   ] Safepoint "ICBufferFull", Time since last: 592625 ns, Reaching safepoint: 1528167 ns, At safepoint: 24917 ns, Total: 1553084 ns
[2025-09-22T06:38:07.304+0000][68][safepoint   ] Safepoint "ICBufferFull", Time since last: 732867375 ns, Reaching safepoint: 228625 ns, At safepoint: 14625 ns, Total: 243250 ns
[2025-09-22T06:38:07.382+0000][68][safepoint   ] Safepoint "ICBufferFull", Time since last: 77767292 ns, Reaching safepoint: 247542 ns, At safepoint: 6125 ns, Total: 253667 ns
[2025-09-22T06:38:07.602+0000][68][safepoint   ] Safepoint "ICBufferFull", Time since last: 218646916 ns, Reaching safepoint: 1114959 ns, At safepoint: 46625 ns, Total: 1161584 ns
[2025-09-22T06:38:07.678+0000][68][safepoint   ] Safepoint "ICBufferFull", Time since last: 75684250 ns, Reaching safepoint: 188041 ns, At safepoint: 13542 ns, Total: 201583 ns
[2025-09-22T06:38:07.794+0000][68][safepoint   ] Safepoint "ICBufferFull", Time since last: 115676042 ns, Reaching safepoint: 262333 ns, At safepoint: 28000 ns, Total: 290333 ns
[2025-09-22T06:38:07.892+0000][68][safepoint   ] Safepoint "ICBufferFull", Time since last: 93825958 ns, Reaching safepoint: 4321792 ns, At safepoint: 11333 ns, Total: 4333125 ns
[2025-09-22T06:38:08.190+0000][68][safepoint   ] Safepoint "ICBufferFull", Time since last: 296454584 ns, Reaching safepoint: 1317208 ns, At safepoint: 20959 ns, Total: 1338167 ns
[2025-09-22T06:38:08.426+0000][68][safepoint   ] Safepoint "ICBufferFull", Time since last: 235977958 ns, Reaching safepoint: 506750 ns, At safepoint: 87417 ns, Total: 594167 ns
[2025-09-22T06:38:08.845+0000][68][safepoint   ] Safepoint "ICBufferFull", Time since last: 412534333 ns, Reaching safepoint: 5797292 ns, At safepoint: 26208 ns, Total: 5823500 ns
[2025-09-22T06:38:09.012+0000][68][safepoint   ] Safepoint "ICBufferFull", Time since last: 160667375 ns, Reaching safepoint: 6287875 ns, At safepoint: 13792 ns, Total: 6301667 ns
[2025-09-22T06:38:10.263+0000][68][safepoint   ] Safepoint "Cleanup", Time since last: 1245908250 ns, Reaching safepoint: 358125 ns, At safepoint: 6375 ns, Total: 364500 ns
[2025-09-22T06:38:11.024+0000][68][safepoint   ] Safepoint "ICBufferFull", Time since last: 760955334 ns, Reaching safepoint: 212916 ns, At safepoint: 325709 ns, Total: 538625 ns
[2025-09-22T06:38:11.551+0000][68][safepoint   ] Safepoint "ICBufferFull", Time since last: 524887292 ns, Reaching safepoint: 1984833 ns, At safepoint: 28333 ns, Total: 2013166 ns
[2025-09-22T06:38:11.906+0000][68][safepoint   ] Safepoint "ICBufferFull", Time since last: 350481875 ns, Reaching safepoint: 1610750 ns, At safepoint: 3410084 ns, Total: 5020834 ns
[2025-09-22T06:38:13.183+0000][68][safepoint   ] Safepoint "Cleanup", Time since last: 1259033209 ns, Reaching safepoint: 17778500 ns, At safepoint: 28916 ns, Total: 17807416 ns
[2025-09-22T06:38:14.193+0000][68][safepoint   ] Safepoint "Cleanup", Time since last: 1009178584 ns, Reaching safepoint: 338000 ns, At safepoint: 7542 ns, Total: 345542 ns
[2025-09-22T06:38:15.410+0000][68][safepoint   ] Safepoint "Cleanup", Time since last: 1216466542 ns, Reaching safepoint: 242250 ns, At safepoint: 13667 ns, Total: 255917 ns
[2025-09-22T06:38:16.414+0000][68][safepoint   ] Safepoint "Cleanup", Time since last: 1003783750 ns, Reaching safepoint: 245167 ns, At safepoint: 17250 ns, Total: 262417 ns
[2025-09-22T06:38:17.421+0000][68][safepoint   ] Safepoint "Cleanup", Time since last: 1007130917 ns, Reaching safepoint: 176083 ns, At safepoint: 5625 ns, Total: 181708 ns
[2025-09-22T06:38:17.881+0000][68][safepoint   ] Safepoint "ICBufferFull", Time since last: 451390417 ns, Reaching safepoint: 7133542 ns, At safepoint: 2041625 ns, Total: 9175167 ns
[2025-09-22T06:38:17.932+0000][68][safepoint   ] Safepoint "ICBufferFull", Time since last: 49471667 ns, Reaching safepoint: 809041 ns, At safepoint: 20000 ns, Total: 829041 ns
[2025-09-22T06:38:17.939+0000][68][safepoint   ] Safepoint "ICBufferFull", Time since last: 5981542 ns, Reaching safepoint: 776208 ns, At safepoint: 21417 ns, Total: 797625 ns
[2025-09-22T06:38:17.954+0000][68][safepoint   ] Safepoint "ICBufferFull", Time since last: 13867292 ns, Reaching safepoint: 1202000 ns, At safepoint: 36583 ns, Total: 1238583 ns
[2025-09-22T06:38:18.348+0000][68][safepoint   ] Safepoint "ICBufferFull", Time since last: 389651958 ns, Reaching safepoint: 4996417 ns, At safepoint: 17708 ns, Total: 5014125 ns
[2025-09-22T06:38:18.852+0000][68][gc,start    ] GC(15) Pause Young (Normal) (G1 Evacuation Pause)
[2025-09-22T06:38:18.853+0000][68][gc,task     ] GC(15) Using 8 workers of 8 for evacuation
[2025-09-22T06:38:18.856+0000][68][gc,age      ] GC(15) Desired survivor size 20971520 bytes, new threshold 3 (max threshold 15)
[2025-09-22T06:38:19.001+0000][68][gc,phases   ] GC(15)   Pre Evacuate Collection Set: 0.9ms
[2025-09-22T06:38:19.001+0000][68][gc,phases   ] GC(15)   Merge Heap Roots: 1.7ms
[2025-09-22T06:38:19.001+0000][68][gc,phases   ] GC(15)   Evacuate Collection Set: 126.2ms
[2025-09-22T06:38:19.002+0000][68][gc,phases   ] GC(15)   Post Evacuate Collection Set: 15.1ms
[2025-09-22T06:38:19.004+0000][68][gc,phases   ] GC(15)   Other: 3.3ms
[2025-09-22T06:38:19.007+0000][68][gc,age      ] GC(15) Age table with threshold 3 (max threshold 15)
[2025-09-22T06:38:19.007+0000][68][gc,age      ] GC(15) - age   1:   23417224 bytes,   23417224 total
[2025-09-22T06:38:19.007+0000][68][gc,age      ] GC(15) - age   2:   10197320 bytes,   33614544 total
[2025-09-22T06:38:19.007+0000][68][gc,age      ] GC(15) - age   3:    5190368 bytes,   38804912 total
[2025-09-22T06:38:19.007+0000][68][gc,heap     ] GC(15) Eden regions: 70->0(66)
[2025-09-22T06:38:19.007+0000][68][gc,heap     ] GC(15) Survivor regions: 6->10(10)
[2025-09-22T06:38:19.008+0000][68][gc,heap     ] GC(15) Old regions: 12->14
[2025-09-22T06:38:19.008+0000][68][gc,heap     ] GC(15) Archive regions: 2->2
[2025-09-22T06:38:19.008+0000][68][gc,heap     ] GC(15) Humongous regions: 4->4
[2025-09-22T06:38:19.008+0000][68][gc,metaspace] GC(15) Metaspace: 122677K(126016K)->122677K(126016K) NonClass: 106260K(107968K)->106260K(107968K) Class: 16417K(18048K)->16417K(18048K)
[2025-09-22T06:38:19.009+0000][68][gc          ] GC(15) Pause Young (Normal) (G1 Evacuation Pause) 370M->113M(512M) 156.778ms
[2025-09-22T06:38:19.009+0000][68][gc,cpu      ] GC(15) User=0.33s Sys=0.00s Real=0.16s
[2025-09-22T06:38:19.019+0000][68][safepoint   ] Safepoint "G1CollectForAllocation", Time since last: 503075542 ns, Reaching safepoint: 266375 ns, At safepoint: 167404334 ns, Total: 167670709 ns
[2025-09-22T06:38:19.572+0000][68][safepoint   ] Safepoint "ICBufferFull", Time since last: 532726625 ns, Reaching safepoint: 20120333 ns, At safepoint: 23792 ns, Total: 20144125 ns
[2025-09-22T06:38:19.866+0000][68][safepoint   ] Safepoint "ICBufferFull", Time since last: 288006959 ns, Reaching safepoint: 5713666 ns, At safepoint: 31917 ns, Total: 5745583 ns
[2025-09-22T06:38:20.106+0000][68][safepoint   ] Safepoint "ICBufferFull", Time since last: 239714292 ns, Reaching safepoint: 245083 ns, At safepoint: 7625 ns, Total: 252708 ns
[2025-09-22T06:38:20.473+0000][68][safepoint   ] Safepoint "ICBufferFull", Time since last: 367451875 ns, Reaching safepoint: 275083 ns, At safepoint: 10667 ns, Total: 285750 ns
[2025-09-22T06:38:20.482+0000][68][safepoint   ] Safepoint "ICBufferFull", Time since last: 6180208 ns, Reaching safepoint: 2139625 ns, At safepoint: 22959 ns, Total: 2162584 ns
[2025-09-22T06:38:21.014+0000][68][safepoint   ] Safepoint "ICBufferFull", Time since last: 530867917 ns, Reaching safepoint: 1798416 ns, At safepoint: 29250 ns, Total: 1827666 ns
[2025-09-22T06:38:21.537+0000][68][safepoint   ] Safepoint "ICBufferFull", Time since last: 516337126 ns, Reaching safepoint: 1330916 ns, At safepoint: 4666625 ns, Total: 5997541 ns
[2025-09-22T06:38:21.797+0000][68][safepoint   ] Safepoint "ICBufferFull", Time since last: 247146209 ns, Reaching safepoint: 12962916 ns, At safepoint: 44167 ns, Total: 13007083 ns
[2025-09-22T06:38:22.208+0000][68][safepoint   ] Safepoint "ICBufferFull", Time since last: 404110959 ns, Reaching safepoint: 7303291 ns, At safepoint: 55667 ns, Total: 7358958 ns
[2025-09-22T06:38:22.700+0000][68][safepoint   ] Safepoint "ICBufferFull", Time since last: 485036334 ns, Reaching safepoint: 6910250 ns, At safepoint: 46291 ns, Total: 6956541 ns
[2025-09-22T06:38:22.841+0000][68][safepoint   ] Safepoint "ICBufferFull", Time since last: 136597000 ns, Reaching safepoint: 3898417 ns, At safepoint: 163083 ns, Total: 4061500 ns
[2025-09-22T06:38:23.234+0000][68][safepoint   ] Safepoint "ICBufferFull", Time since last: 391603292 ns, Reaching safepoint: 1681167 ns, At safepoint: 34750 ns, Total: 1715917 ns
[2025-09-22T06:38:23.587+0000][68][safepoint   ] Safepoint "ICBufferFull", Time since last: 351925917 ns, Reaching safepoint: 324500 ns, At safepoint: 17166 ns, Total: 341666 ns
[2025-09-22T06:38:23.891+0000][68][safepoint   ] Safepoint "ICBufferFull", Time since last: 299912167 ns, Reaching safepoint: 3974500 ns, At safepoint: 23250 ns, Total: 3997750 ns
[2025-09-22T06:38:24.644+0000][68][safepoint   ] Safepoint "ICBufferFull", Time since last: 747319000 ns, Reaching safepoint: 3737875 ns, At safepoint: 1748417 ns, Total: 5486292 ns
[2025-09-22T06:38:25.311+0000][68][gc,start    ] GC(16) Pause Young (Normal) (G1 Evacuation Pause)
[2025-09-22T06:38:25.311+0000][68][gc,task     ] GC(16) Using 8 workers of 8 for evacuation
[2025-09-22T06:38:25.312+0000][68][gc,age      ] GC(16) Desired survivor size 20971520 bytes, new threshold 1 (max threshold 15)
[2025-09-22T06:38:25.448+0000][68][gc,phases   ] GC(16)   Pre Evacuate Collection Set: 0.3ms
[2025-09-22T06:38:25.449+0000][68][gc,phases   ] GC(16)   Merge Heap Roots: 0.4ms
[2025-09-22T06:38:25.449+0000][68][gc,phases   ] GC(16)   Evacuate Collection Set: 131.6ms
[2025-09-22T06:38:25.449+0000][68][gc,phases   ] GC(16)   Post Evacuate Collection Set: 4.3ms
[2025-09-22T06:38:25.449+0000][68][gc,phases   ] GC(16)   Other: 0.4ms
[2025-09-22T06:38:25.450+0000][68][gc,age      ] GC(16) Age table with threshold 1 (max threshold 15)
[2025-09-22T06:38:25.450+0000][68][gc,age      ] GC(16) - age   1:   12761696 bytes,   12761696 total
[2025-09-22T06:38:25.450+0000][68][gc,heap     ] GC(16) Eden regions: 66->0(65)
[2025-09-22T06:38:25.450+0000][68][gc,heap     ] GC(16) Survivor regions: 10->4(10)
[2025-09-22T06:38:25.450+0000][68][gc,heap     ] GC(16) Old regions: 14->21
[2025-09-22T06:38:25.450+0000][68][gc,heap     ] GC(16) Archive regions: 2->2
[2025-09-22T06:38:25.450+0000][68][gc,heap     ] GC(16) Humongous regions: 4->4
[2025-09-22T06:38:25.450+0000][68][gc,metaspace] GC(16) Metaspace: 128803K(132352K)->128803K(132352K) NonClass: 111595K(113408K)->111595K(113408K) Class: 17208K(18944K)->17208K(18944K)
[2025-09-22T06:38:25.450+0000][68][gc          ] GC(16) Pause Young (Normal) (G1 Evacuation Pause) 377M->117M(512M) 139.074ms
[2025-09-22T06:38:25.450+0000][68][gc,cpu      ] GC(16) User=0.22s Sys=0.00s Real=0.14s
[2025-09-22T06:38:25.450+0000][68][safepoint   ] Safepoint "G1CollectForAllocation", Time since last: 667336167 ns, Reaching safepoint: 241458 ns, At safepoint: 139487834 ns, Total: 139729292 ns
[2025-09-22T06:38:25.709+0000][68][safepoint   ] Safepoint "ICBufferFull", Time since last: 256662542 ns, Reaching safepoint: 1441291 ns, At safepoint: 19709 ns, Total: 1461000 ns
[2025-09-22T06:38:26.711+0000][68][safepoint   ] Safepoint "Cleanup", Time since last: 1001749167 ns, Reaching safepoint: 278625 ns, At safepoint: 10625 ns, Total: 289250 ns
[2025-09-22T06:38:26.947+0000][68][safepoint   ] Safepoint "ICBufferFull", Time since last: 235451000 ns, Reaching safepoint: 470917 ns, At safepoint: 151000 ns, Total: 621917 ns
[2025-09-22T06:38:27.155+0000][68][safepoint   ] Safepoint "ICBufferFull", Time since last: 207204333 ns, Reaching safepoint: 794167 ns, At safepoint: 69666 ns, Total: 863833 ns
[2025-09-22T06:38:27.417+0000][68][safepoint   ] Safepoint "ICBufferFull", Time since last: 260013667 ns, Reaching safepoint: 2127042 ns, At safepoint: 27125 ns, Total: 2154167 ns
[2025-09-22T06:38:27.609+0000][68][safepoint   ] Safepoint "ICBufferFull", Time since last: 189114000 ns, Reaching safepoint: 3291917 ns, At safepoint: 17916 ns, Total: 3309833 ns
[2025-09-22T06:38:27.928+0000][68][safepoint   ] Safepoint "ICBufferFull", Time since last: 314294250 ns, Reaching safepoint: 4077292 ns, At safepoint: 68875 ns, Total: 4146167 ns
[2025-09-22T06:38:27.929+0000][68][safepoint   ] Safepoint "ICBufferFull", Time since last: 873125 ns, Reaching safepoint: 309625 ns, At safepoint: 7083 ns, Total: 316708 ns
[2025-09-22T06:38:27.943+0000][68][safepoint   ] Safepoint "ICBufferFull", Time since last: 7043542 ns, Reaching safepoint: 7389208 ns, At safepoint: 17250 ns, Total: 7406458 ns
[2025-09-22T06:38:27.948+0000][68][safepoint   ] Safepoint "ICBufferFull", Time since last: 3940042 ns, Reaching safepoint: 287292 ns, At safepoint: 23166 ns, Total: 310458 ns
[2025-09-22T06:38:28.317+0000][68][safepoint   ] Safepoint "ICBufferFull", Time since last: 365283251 ns, Reaching safepoint: 3816958 ns, At safepoint: 36667 ns, Total: 3853625 ns
[2025-09-22T06:38:28.426+0000][68][safepoint   ] Safepoint "ICBufferFull", Time since last: 106917583 ns, Reaching safepoint: 1897708 ns, At safepoint: 20584 ns, Total: 1918292 ns
[2025-09-22T06:38:28.697+0000][68][safepoint   ] Safepoint "ICBufferFull", Time since last: 271202208 ns, Reaching safepoint: 300208 ns, At safepoint: 18709 ns, Total: 318917 ns
[2025-09-22T06:38:29.130+0000][68][safepoint   ] Safepoint "ICBufferFull", Time since last: 432785542 ns, Reaching safepoint: 502458 ns, At safepoint: 9958 ns, Total: 512416 ns
[2025-09-22T06:38:29.951+0000][68][safepoint   ] Safepoint "ICBufferFull", Time since last: 816774376 ns, Reaching safepoint: 3317208 ns, At safepoint: 37375 ns, Total: 3354583 ns
[2025-09-22T06:38:30.463+0000][68][safepoint   ] Safepoint "ICBufferFull", Time since last: 482828709 ns, Reaching safepoint: 5986791 ns, At safepoint: 23892750 ns, Total: 29879541 ns
[2025-09-22T06:38:30.956+0000][68][safepoint   ] Safepoint "ICBufferFull", Time since last: 492230625 ns, Reaching safepoint: 722959 ns, At safepoint: 14541 ns, Total: 737500 ns
[2025-09-22T06:38:30.969+0000][68][safepoint   ] Safepoint "ICBufferFull", Time since last: 10046709 ns, Reaching safepoint: 3094125 ns, At safepoint: 24250 ns, Total: 3118375 ns
[2025-09-22T06:38:31.903+0000][68][safepoint   ] Safepoint "ICBufferFull", Time since last: 933156125 ns, Reaching safepoint: 379750 ns, At safepoint: 9625 ns, Total: 389375 ns
[2025-09-22T06:38:32.854+0000][68][gc,start    ] GC(17) Pause Young (Normal) (G1 Evacuation Pause)
[2025-09-22T06:38:32.855+0000][68][gc,task     ] GC(17) Using 8 workers of 8 for evacuation
[2025-09-22T06:38:32.855+0000][68][gc,age      ] GC(17) Desired survivor size 18874368 bytes, new threshold 15 (max threshold 15)
[2025-09-22T06:38:32.881+0000][68][gc,phases   ] GC(17)   Pre Evacuate Collection Set: 0.3ms
[2025-09-22T06:38:32.882+0000][68][gc,phases   ] GC(17)   Merge Heap Roots: 0.2ms
[2025-09-22T06:38:32.882+0000][68][gc,phases   ] GC(17)   Evacuate Collection Set: 21.4ms
[2025-09-22T06:38:32.882+0000][68][gc,phases   ] GC(17)   Post Evacuate Collection Set: 4.5ms
[2025-09-22T06:38:32.882+0000][68][gc,phases   ] GC(17)   Other: 0.4ms
[2025-09-22T06:38:32.882+0000][68][gc,age      ] GC(17) Age table with threshold 15 (max threshold 15)
[2025-09-22T06:38:32.882+0000][68][gc,age      ] GC(17) - age   1:    8369552 bytes,    8369552 total
[2025-09-22T06:38:32.882+0000][68][gc,age      ] GC(17) - age   2:    9710392 bytes,   18079944 total
[2025-09-22T06:38:32.882+0000][68][gc,heap     ] GC(17) Eden regions: 65->0(64)
[2025-09-22T06:38:32.882+0000][68][gc,heap     ] GC(17) Survivor regions: 4->6(9)
[2025-09-22T06:38:32.882+0000][68][gc,heap     ] GC(17) Old regions: 21->21
[2025-09-22T06:38:32.882+0000][68][gc,heap     ] GC(17) Archive regions: 2->2
[2025-09-22T06:38:32.882+0000][68][gc,heap     ] GC(17) Humongous regions: 4->4
[2025-09-22T06:38:32.883+0000][68][gc,metaspace] GC(17) Metaspace: 132357K(136000K)->132357K(136000K) NonClass: 114767K(116672K)->114767K(116672K) Class: 17590K(19328K)->17590K(19328K)
[2025-09-22T06:38:32.883+0000][68][gc          ] GC(17) Pause Young (Normal) (G1 Evacuation Pause) 377M->121M(512M) 28.659ms
[2025-09-22T06:38:32.883+0000][68][gc,cpu      ] GC(17) User=0.06s Sys=0.00s Real=0.03s
[2025-09-22T06:38:32.883+0000][68][safepoint   ] Safepoint "G1CollectForAllocation", Time since last: 950554167 ns, Reaching safepoint: 327500 ns, At safepoint: 29019084 ns, Total: 29346584 ns
[2025-09-22T06:38:33.088+0000][68][safepoint   ] Safepoint "ICBufferFull", Time since last: 203350791 ns, Reaching safepoint: 2276542 ns, At safepoint: 8875 ns, Total: 2285417 ns
[2025-09-22T06:38:34.090+0000][68][safepoint   ] Safepoint "Cleanup", Time since last: 1000985459 ns, Reaching safepoint: 876125 ns, At safepoint: 14750 ns, Total: 890875 ns
[2025-09-22T06:38:35.102+0000][68][safepoint   ] Safepoint "Cleanup", Time since last: 1001906250 ns, Reaching safepoint: 8409542 ns, At safepoint: 834250 ns, Total: 9243792 ns
[2025-09-22T06:38:36.105+0000][68][safepoint   ] Safepoint "Cleanup", Time since last: 1002781042 ns, Reaching safepoint: 391000 ns, At safepoint: 18750 ns, Total: 409750 ns
[2025-09-22T06:38:37.109+0000][68][safepoint   ] Safepoint "Cleanup", Time since last: 1003589334 ns, Reaching safepoint: 256958 ns, At safepoint: 7875 ns, Total: 264833 ns
[2025-09-22T06:38:38.110+0000][68][safepoint   ] Safepoint "Cleanup", Time since last: 1000753834 ns, Reaching safepoint: 621459 ns, At safepoint: 8708 ns, Total: 630167 ns
[2025-09-22T06:38:39.112+0000][68][safepoint   ] Safepoint "Cleanup", Time since last: 1000353125 ns, Reaching safepoint: 380209 ns, At safepoint: 1357333 ns, Total: 1737542 ns
[2025-09-22T06:38:40.117+0000][68][safepoint   ] Safepoint "Cleanup", Time since last: 1004260209 ns, Reaching safepoint: 127208 ns, At safepoint: 7583 ns, Total: 134791 ns
[2025-09-22T06:38:41.118+0000][68][safepoint   ] Safepoint "Cleanup", Time since last: 1000881167 ns, Reaching safepoint: 848875 ns, At safepoint: 20959 ns, Total: 869834 ns
[2025-09-22T06:38:42.120+0000][68][safepoint   ] Safepoint "Cleanup", Time since last: 1001116500 ns, Reaching safepoint: 331542 ns, At safepoint: 17125 ns, Total: 348667 ns
[2025-09-22T06:38:43.121+0000][68][safepoint   ] Safepoint "Cleanup", Time since last: 1000695000 ns, Reaching safepoint: 284959 ns, At safepoint: 8708 ns, Total: 293667 ns
[2025-09-22T06:38:44.122+0000][68][safepoint   ] Safepoint "Cleanup", Time since last: 1000723709 ns, Reaching safepoint: 778833 ns, At safepoint: 13042 ns, Total: 791875 ns
[2025-09-22T06:38:45.124+0000][68][safepoint   ] Safepoint "Cleanup", Time since last: 1001160084 ns, Reaching safepoint: 425041 ns, At safepoint: 16625 ns, Total: 441666 ns
[2025-09-22T06:38:46.126+0000][68][safepoint   ] Safepoint "Cleanup", Time since last: 1001636501 ns, Reaching safepoint: 265000 ns, At safepoint: 18583 ns, Total: 283583 ns
[2025-09-22T06:38:47.127+0000][68][safepoint   ] Safepoint "Cleanup", Time since last: 1000630501 ns, Reaching safepoint: 71125 ns, At safepoint: 4708 ns, Total: 75833 ns
[2025-09-22T06:38:47.835+0000][68][safepoint   ] Safepoint "ICBufferFull", Time since last: 706940084 ns, Reaching safepoint: 1533208 ns, At safepoint: 22958 ns, Total: 1556166 ns
[2025-09-22T06:38:48.836+0000][68][safepoint   ] Safepoint "Cleanup", Time since last: 1000592751 ns, Reaching safepoint: 272791 ns, At safepoint: 13667 ns, Total: 286458 ns
[2025-09-22T06:38:49.839+0000][68][safepoint   ] Safepoint "Cleanup", Time since last: 1000789376 ns, Reaching safepoint: 2295583 ns, At safepoint: 22000 ns, Total: 2317583 ns
[2025-09-22T06:38:50.843+0000][68][safepoint   ] Safepoint "Cleanup", Time since last: 1003130709 ns, Reaching safepoint: 491166 ns, At safepoint: 24500 ns, Total: 515666 ns
[2025-09-22T06:38:51.845+0000][68][safepoint   ] Safepoint "Cleanup", Time since last: 1000809917 ns, Reaching safepoint: 1277667 ns, At safepoint: 15625 ns, Total: 1293292 ns
[2025-09-22T06:38:52.847+0000][68][safepoint   ] Safepoint "Cleanup", Time since last: 1001733167 ns, Reaching safepoint: 224000 ns, At safepoint: 6625 ns, Total: 230625 ns
[2025-09-22T06:38:53.850+0000][68][safepoint   ] Safepoint "Cleanup", Time since last: 1002050959 ns, Reaching safepoint: 1094000 ns, At safepoint: 10042 ns, Total: 1104042 ns
[2025-09-22T06:38:54.865+0000][68][safepoint   ] Safepoint "Cleanup", Time since last: 1014724459 ns, Reaching safepoint: 199208 ns, At safepoint: 16542 ns, Total: 215750 ns
[2025-09-22T06:38:55.866+0000][68][safepoint   ] Safepoint "Cleanup", Time since last: 1000652208 ns, Reaching safepoint: 214167 ns, At safepoint: 8500 ns, Total: 222667 ns
[2025-09-22T06:38:56.870+0000][68][safepoint   ] Safepoint "Cleanup", Time since last: 1002918459 ns, Reaching safepoint: 1096167 ns, At safepoint: 104291 ns, Total: 1200458 ns
[2025-09-22T06:38:57.873+0000][68][safepoint   ] Safepoint "Cleanup", Time since last: 1002639709 ns, Reaching safepoint: 265583 ns, At safepoint: 10167 ns, Total: 275750 ns
[2025-09-22T06:38:58.875+0000][68][safepoint   ] Safepoint "Cleanup", Time since last: 1001796250 ns, Reaching safepoint: 470709 ns, At safepoint: 6291 ns, Total: 477000 ns
[2025-09-22T06:38:59.877+0000][68][safepoint   ] Safepoint "Cleanup", Time since last: 1001923626 ns, Reaching safepoint: 129458 ns, At safepoint: 5834 ns, Total: 135292 ns
[2025-09-22T06:39:00.211+0000][68][gc,start    ] GC(18) Pause Young (Normal) (G1 Evacuation Pause)
[2025-09-22T06:39:00.212+0000][68][gc,task     ] GC(18) Using 8 workers of 8 for evacuation
[2025-09-22T06:39:00.213+0000][68][gc,age      ] GC(18) Desired survivor size 18874368 bytes, new threshold 15 (max threshold 15)
[2025-09-22T06:39:00.276+0000][68][gc,phases   ] GC(18)   Pre Evacuate Collection Set: 5.3ms
[2025-09-22T06:39:00.276+0000][68][gc,phases   ] GC(18)   Merge Heap Roots: 0.4ms
[2025-09-22T06:39:00.276+0000][68][gc,phases   ] GC(18)   Evacuate Collection Set: 46.5ms
[2025-09-22T06:39:00.277+0000][68][gc,phases   ] GC(18)   Post Evacuate Collection Set: 5.6ms
[2025-09-22T06:39:00.277+0000][68][gc,phases   ] GC(18)   Other: 6.1ms
[2025-09-22T06:39:00.277+0000][68][gc,age      ] GC(18) Age table with threshold 15 (max threshold 15)
[2025-09-22T06:39:00.277+0000][68][gc,age      ] GC(18) - age   1:    6255392 bytes,    6255392 total
[2025-09-22T06:39:00.277+0000][68][gc,age      ] GC(18) - age   2:    3518256 bytes,    9773648 total
[2025-09-22T06:39:00.277+0000][68][gc,age      ] GC(18) - age   3:    9596256 bytes,   19369904 total
[2025-09-22T06:39:00.277+0000][68][gc,heap     ] GC(18) Eden regions: 64->0(66)
[2025-09-22T06:39:00.277+0000][68][gc,heap     ] GC(18) Survivor regions: 6->5(9)
[2025-09-22T06:39:00.277+0000][68][gc,heap     ] GC(18) Old regions: 21->21
[2025-09-22T06:39:00.277+0000][68][gc,heap     ] GC(18) Archive regions: 2->2
[2025-09-22T06:39:00.277+0000][68][gc,heap     ] GC(18) Humongous regions: 4->4
[2025-09-22T06:39:00.277+0000][68][gc,metaspace] GC(18) Metaspace: 133159K(136768K)->133159K(136768K) NonClass: 115552K(117440K)->115552K(117440K) Class: 17606K(19328K)->17606K(19328K)
[2025-09-22T06:39:00.277+0000][68][gc          ] GC(18) Pause Young (Normal) (G1 Evacuation Pause) 377M->121M(512M) 66.314ms
[2025-09-22T06:39:00.278+0000][68][gc,cpu      ] GC(18) User=0.16s Sys=0.00s Real=0.07s
[2025-09-22T06:39:00.278+0000][68][safepoint   ] Safepoint "G1CollectForAllocation", Time since last: 333592000 ns, Reaching safepoint: 216416 ns, At safepoint: 66787125 ns, Total: 67003541 ns
[2025-09-22T06:39:01.279+0000][68][safepoint   ] Safepoint "Cleanup", Time since last: 1000785334 ns, Reaching safepoint: 91959 ns, At safepoint: 5500 ns, Total: 97459 ns
[2025-09-22T06:39:02.284+0000][68][safepoint   ] Safepoint "Cleanup", Time since last: 1000932000 ns, Reaching safepoint: 4016083 ns, At safepoint: 17709 ns, Total: 4033792 ns
[2025-09-22T06:39:03.285+0000][68][safepoint   ] Safepoint "Cleanup", Time since last: 1001038875 ns, Reaching safepoint: 235250 ns, At safepoint: 16042 ns, Total: 251292 ns
[2025-09-22T06:39:04.287+0000][68][safepoint   ] Safepoint "Cleanup", Time since last: 1001764209 ns, Reaching safepoint: 243083 ns, At safepoint: 9792 ns, Total: 252875 ns
[2025-09-22T06:39:05.289+0000][68][safepoint   ] Safepoint "Cleanup", Time since last: 1001675250 ns, Reaching safepoint: 231584 ns, At safepoint: 8708 ns, Total: 240292 ns
[2025-09-22T06:39:06.290+0000][68][safepoint   ] Safepoint "Cleanup", Time since last: 1000714792 ns, Reaching safepoint: 173625 ns, At safepoint: 9208 ns, Total: 182833 ns
[2025-09-22T06:39:07.295+0000][68][safepoint   ] Safepoint "Cleanup", Time since last: 1000839168 ns, Reaching safepoint: 4003375 ns, At safepoint: 21833 ns, Total: 4025208 ns
[2025-09-22T06:39:08.296+0000][68][safepoint   ] Safepoint "Cleanup", Time since last: 1000979417 ns, Reaching safepoint: 153417 ns, At safepoint: 6666 ns, Total: 160083 ns
[2025-09-22T06:39:09.298+0000][68][safepoint   ] Safepoint "Cleanup", Time since last: 1001558084 ns, Reaching safepoint: 320875 ns, At safepoint: 17208 ns, Total: 338083 ns
[2025-09-22T06:39:10.302+0000][68][safepoint   ] Safepoint "Cleanup", Time since last: 1003948084 ns, Reaching safepoint: 310583 ns, At safepoint: 8833 ns, Total: 319416 ns
[2025-09-22T06:39:11.570+0000][68][safepoint   ] Safepoint "Cleanup", Time since last: 1266656334 ns, Reaching safepoint: 1377375 ns, At safepoint: 15542 ns, Total: 1392917 ns
[2025-09-22T06:39:12.011+0000][68][safepoint   ] Safepoint "ICBufferFull", Time since last: 440427667 ns, Reaching safepoint: 434250 ns, At safepoint: 15125 ns, Total: 449375 ns
[2025-09-22T06:39:13.020+0000][68][safepoint   ] Safepoint "Cleanup", Time since last: 1005714625 ns, Reaching safepoint: 3180667 ns, At safepoint: 15667 ns, Total: 3196334 ns
[2025-09-22T06:39:14.021+0000][68][safepoint   ] Safepoint "Cleanup", Time since last: 1000969833 ns, Reaching safepoint: 196709 ns, At safepoint: 6250 ns, Total: 202959 ns
[2025-09-22T06:39:15.025+0000][68][safepoint   ] Safepoint "Cleanup", Time since last: 1000690292 ns, Reaching safepoint: 2851125 ns, At safepoint: 17417 ns, Total: 2868542 ns
[2025-09-22T06:39:16.026+0000][68][safepoint   ] Safepoint "Cleanup", Time since last: 1001232667 ns, Reaching safepoint: 200291 ns, At safepoint: 18792 ns, Total: 219083 ns
[2025-09-22T06:39:16.909+0000][68][gc,start    ] GC(19) Pause Young (Normal) (G1 Evacuation Pause)
[2025-09-22T06:39:16.910+0000][68][gc,task     ] GC(19) Using 8 workers of 8 for evacuation
[2025-09-22T06:39:16.910+0000][68][gc,age      ] GC(19) Desired survivor size 18874368 bytes, new threshold 3 (max threshold 15)
[2025-09-22T06:39:16.961+0000][68][gc,phases   ] GC(19)   Pre Evacuate Collection Set: 0.8ms
[2025-09-22T06:39:16.961+0000][68][gc,phases   ] GC(19)   Merge Heap Roots: 0.2ms
[2025-09-22T06:39:16.961+0000][68][gc,phases   ] GC(19)   Evacuate Collection Set: 44.4ms
[2025-09-22T06:39:16.961+0000][68][gc,phases   ] GC(19)   Post Evacuate Collection Set: 5.1ms
[2025-09-22T06:39:16.961+0000][68][gc,phases   ] GC(19)   Other: 0.6ms
[2025-09-22T06:39:16.961+0000][68][gc,age      ] GC(19) Age table with threshold 3 (max threshold 15)
[2025-09-22T06:39:16.961+0000][68][gc,age      ] GC(19) - age   1:    3715320 bytes,    3715320 total
[2025-09-22T06:39:16.961+0000][68][gc,age      ] GC(19) - age   2:     631808 bytes,    4347128 total
[2025-09-22T06:39:16.961+0000][68][gc,age      ] GC(19) - age   3:    3133096 bytes,    7480224 total
[2025-09-22T06:39:16.961+0000][68][gc,heap     ] GC(19) Eden regions: 66->0(67)
[2025-09-22T06:39:16.962+0000][68][gc,heap     ] GC(19) Survivor regions: 5->3(9)
[2025-09-22T06:39:16.962+0000][68][gc,heap     ] GC(19) Old regions: 21->23
[2025-09-22T06:39:16.962+0000][68][gc,heap     ] GC(19) Archive regions: 2->2
[2025-09-22T06:39:16.962+0000][68][gc,heap     ] GC(19) Humongous regions: 4->4
[2025-09-22T06:39:16.962+0000][68][gc,metaspace] GC(19) Metaspace: 133536K(137152K)->133536K(137152K) NonClass: 115928K(117824K)->115928K(117824K) Class: 17608K(19328K)->17608K(19328K)
[2025-09-22T06:39:16.962+0000][68][gc          ] GC(19) Pause Young (Normal) (G1 Evacuation Pause) 385M->118M(512M) 53.544ms
[2025-09-22T06:39:16.963+0000][68][gc,cpu      ] GC(19) User=0.13s Sys=0.02s Real=0.05s
[2025-09-22T06:39:16.963+0000][68][safepoint   ] Safepoint "G1CollectForAllocation", Time since last: 882398500 ns, Reaching safepoint: 116417 ns, At safepoint: 54243708 ns, Total: 54360125 ns
[2025-09-22T06:39:17.778+0000][68][safepoint   ] Safepoint "ICBufferFull", Time since last: 814735376 ns, Reaching safepoint: 317250 ns, At safepoint: 17208 ns, Total: 334458 ns
[2025-09-22T06:39:18.782+0000][68][safepoint   ] Safepoint "Cleanup", Time since last: 1002469292 ns, Reaching safepoint: 1311042 ns, At safepoint: 9667 ns, Total: 1320709 ns
[2025-09-22T06:39:19.784+0000][68][safepoint   ] Safepoint "Cleanup", Time since last: 1001340750 ns, Reaching safepoint: 710958 ns, At safepoint: 18792 ns, Total: 729750 ns
[2025-09-22T06:39:21.787+0000][68][safepoint   ] Safepoint "Cleanup", Time since last: 2002470168 ns, Reaching safepoint: 349625 ns, At safepoint: 23041 ns, Total: 372666 ns
[2025-09-22T06:39:24.800+0000][68][safepoint   ] Safepoint "Cleanup", Time since last: 3011015502 ns, Reaching safepoint: 2282375 ns, At safepoint: 19083 ns, Total: 2301458 ns
[2025-09-22T06:39:25.802+0000][68][safepoint   ] Safepoint "Cleanup", Time since last: 1001814626 ns, Reaching safepoint: 517750 ns, At safepoint: 40708 ns, Total: 558458 ns
[2025-09-22T06:39:27.806+0000][68][safepoint   ] Safepoint "Cleanup", Time since last: 2003420459 ns, Reaching safepoint: 287667 ns, At safepoint: 7250 ns, Total: 294917 ns
[2025-09-22T06:39:29.810+0000][68][safepoint   ] Safepoint "Cleanup", Time since last: 2003686251 ns, Reaching safepoint: 439000 ns, At safepoint: 23375 ns, Total: 462375 ns
[2025-09-22T06:39:30.812+0000][68][safepoint   ] Safepoint "Cleanup", Time since last: 1001585917 ns, Reaching safepoint: 355542 ns, At safepoint: 17000 ns, Total: 372542 ns
[2025-09-22T06:39:32.818+0000][68][safepoint   ] Safepoint "Cleanup", Time since last: 2004857709 ns, Reaching safepoint: 784375 ns, At safepoint: 33167 ns, Total: 817542 ns
[2025-09-22T06:39:33.820+0000][68][safepoint   ] Safepoint "Cleanup", Time since last: 1002010834 ns, Reaching safepoint: 273208 ns, At safepoint: 6000 ns, Total: 279208 ns
[2025-09-22T06:39:35.823+0000][68][safepoint   ] Safepoint "Cleanup", Time since last: 2002764834 ns, Reaching safepoint: 131958 ns, At safepoint: 12084 ns, Total: 144042 ns
[2025-09-22T06:39:36.825+0000][68][safepoint   ] Safepoint "Cleanup", Time since last: 1000967084 ns, Reaching safepoint: 433875 ns, At safepoint: 20208 ns, Total: 454083 ns
[2025-09-22T06:39:38.827+0000][68][safepoint   ] Safepoint "Cleanup", Time since last: 2002370376 ns, Reaching safepoint: 109125 ns, At safepoint: 11042 ns, Total: 120167 ns
[2025-09-22T06:39:38.936+0000][68][safepoint   ] Safepoint "ICBufferFull", Time since last: 108488375 ns, Reaching safepoint: 588583 ns, At safepoint: 8000 ns, Total: 596583 ns
[2025-09-22T06:39:39.937+0000][68][safepoint   ] Safepoint "Cleanup", Time since last: 1000702500 ns, Reaching safepoint: 173250 ns, At safepoint: 6584 ns, Total: 179834 ns
[2025-09-22T06:39:40.938+0000][68][safepoint   ] Safepoint "Cleanup", Time since last: 1001185583 ns, Reaching safepoint: 166708 ns, At safepoint: 10459 ns, Total: 177167 ns
[2025-09-22T06:39:41.940+0000][68][safepoint   ] Safepoint "Cleanup", Time since last: 1000462250 ns, Reaching safepoint: 1262625 ns, At safepoint: 12625 ns, Total: 1275250 ns
[2025-09-22T06:39:45.946+0000][68][safepoint   ] Safepoint "Cleanup", Time since last: 4003798794 ns, Reaching safepoint: 2065416 ns, At safepoint: 27167 ns, Total: 2092583 ns
[2025-09-22T06:39:47.963+0000][68][safepoint   ] Safepoint "Cleanup", Time since last: 2014229043 ns, Reaching safepoint: 2187666 ns, At safepoint: 20042 ns, Total: 2207708 ns
[2025-09-22T06:39:48.965+0000][68][safepoint   ] Safepoint "Cleanup", Time since last: 1001394875 ns, Reaching safepoint: 1326292 ns, At safepoint: 7917 ns, Total: 1334209 ns
[2025-09-22T06:39:50.968+0000][68][safepoint   ] Safepoint "Cleanup", Time since last: 2002891917 ns, Reaching safepoint: 129875 ns, At safepoint: 8375 ns, Total: 138250 ns
[2025-09-22T06:39:51.970+0000][68][safepoint   ] Safepoint "Cleanup", Time since last: 1001646876 ns, Reaching safepoint: 77125 ns, At safepoint: 4250 ns, Total: 81375 ns
[2025-09-22T06:39:52.971+0000][68][safepoint   ] Safepoint "Cleanup", Time since last: 1000911084 ns, Reaching safepoint: 111041 ns, At safepoint: 6667 ns, Total: 117708 ns
[2025-09-22T06:39:53.972+0000][68][safepoint   ] Safepoint "Cleanup", Time since last: 1000890417 ns, Reaching safepoint: 141167 ns, At safepoint: 7500 ns, Total: 148667 ns
[2025-09-22T06:39:55.975+0000][68][safepoint   ] Safepoint "Cleanup", Time since last: 2002247959 ns, Reaching safepoint: 587333 ns, At safepoint: 20709 ns, Total: 608042 ns
[2025-09-22T06:39:56.977+0000][68][safepoint   ] Safepoint "Cleanup", Time since last: 1001405709 ns, Reaching safepoint: 175416 ns, At safepoint: 18000 ns, Total: 193416 ns
[2025-09-22T06:39:57.983+0000][68][safepoint   ] Safepoint "Cleanup", Time since last: 1006385417 ns, Reaching safepoint: 162250 ns, At safepoint: 6542 ns, Total: 168792 ns
[2025-09-22T06:40:05.001+0000][68][safepoint   ] Safepoint "Cleanup", Time since last: 7016864378 ns, Reaching safepoint: 1156667 ns, At safepoint: 27042 ns, Total: 1183709 ns
[2025-09-22T06:40:06.004+0000][68][safepoint   ] Safepoint "Cleanup", Time since last: 1002909167 ns, Reaching safepoint: 159875 ns, At safepoint: 5708 ns, Total: 165583 ns
[2025-09-22T06:40:12.013+0000][68][safepoint   ] Safepoint "Cleanup", Time since last: 6006750086 ns, Reaching safepoint: 3111125 ns, At safepoint: 19541 ns, Total: 3130666 ns
[2025-09-22T06:40:13.016+0000][68][safepoint   ] Safepoint "Cleanup", Time since last: 1003042084 ns, Reaching safepoint: 155125 ns, At safepoint: 7959 ns, Total: 163084 ns
[2025-09-22T06:40:15.023+0000][68][safepoint   ] Safepoint "Cleanup", Time since last: 2006101542 ns, Reaching safepoint: 528667 ns, At safepoint: 18167 ns, Total: 546834 ns
[2025-09-22T06:40:16.024+0000][68][safepoint   ] Safepoint "Cleanup", Time since last: 1001219167 ns, Reaching safepoint: 92500 ns, At safepoint: 9708 ns, Total: 102208 ns
[2025-09-22T06:40:16.887+0000][68][gc,heap,exit] Heap
[2025-09-22T06:40:16.888+0000][68][gc,heap,exit]  garbage-first heap   total 524288K, used 287782K [0x00000000e0000000, 0x0000000100000000)
[2025-09-22T06:40:16.888+0000][68][gc,heap,exit]   region size 4096K, 44 young (180224K), 3 survivors (12288K)
[2025-09-22T06:40:16.888+0000][68][gc,heap,exit]  Metaspace       used 135029K, committed 138688K, reserved 1179648K
[2025-09-22T06:40:16.888+0000][68][gc,heap,exit]   class space    used 17753K, committed 19520K, reserved 1048576K
