[2025-09-23T11:01:52.825+0000][66][gc,init] CardTable entry size: 512
[2025-09-23T11:01:52.826+0000][66][gc     ] Using G1
[2025-09-23T11:01:54.267+0000][66][gc,init] Version: 19.0.1+10-21 (release)
[2025-09-23T11:01:54.267+0000][66][gc,init] CPUs: 8 total, 8 available
[2025-09-23T11:01:54.268+0000][66][gc,init] Memory: 7837M
[2025-09-23T11:01:54.268+0000][66][gc,init] Large Page Support: Disabled
[2025-09-23T11:01:54.268+0000][66][gc,init] NUMA Support: Disabled
[2025-09-23T11:01:54.268+0000][66][gc,init] Compressed Oops: Enabled (32-bit)
[2025-09-23T11:01:54.268+0000][66][gc,init] Heap Region Size: 4M
[2025-09-23T11:01:54.268+0000][66][gc,init] Heap Min Capacity: 2G
[2025-09-23T11:01:54.268+0000][66][gc,init] Heap Initial Capacity: 2G
[2025-09-23T11:01:54.268+0000][66][gc,init] Heap Max Capacity: 2G
[2025-09-23T11:01:54.269+0000][66][gc,init] Pre-touch: Enabled
[2025-09-23T11:01:54.269+0000][66][gc,init] Parallel Workers: 8
[2025-09-23T11:01:54.269+0000][66][gc,init] Concurrent Workers: 2
[2025-09-23T11:01:54.269+0000][66][gc,init] Concurrent Refinement Workers: 8
[2025-09-23T11:01:54.269+0000][66][gc,init] Periodic GC: Disabled
[2025-09-23T11:01:54.270+0000][66][gc,metaspace] CDS archive(s) mapped at: [0x0000000800000000-0x0000000800c60000-0x0000000800c60000), size 12976128, SharedBaseAddress: 0x0000000800000000, ArchiveRelocationMode: 0.
[2025-09-23T11:01:54.270+0000][66][gc,metaspace] Compressed class space mapped at: 0x0000000801000000-0x0000000841000000, reserved size: 1073741824
[2025-09-23T11:01:54.270+0000][66][gc,metaspace] Narrow klass base: 0x0000000800000000, Narrow klass shift: 0, Narrow klass range: 0x100000000
[2025-09-23T11:01:54.440+0000][66][safepoint   ] Safepoint "ICBufferFull", Time since last: 146313917 ns, Reaching safepoint: 1539583 ns, At safepoint: 29292 ns, Total: 1568875 ns
[2025-09-23T11:01:54.543+0000][66][safepoint   ] Safepoint "ICBufferFull", Time since last: 102309208 ns, Reaching safepoint: 325709 ns, At safepoint: 12416 ns, Total: 338125 ns
[2025-09-23T11:01:54.703+0000][66][safepoint   ] Safepoint "ICBufferFull", Time since last: 159838000 ns, Reaching safepoint: 113667 ns, At safepoint: 12625 ns, Total: 126292 ns
[2025-09-23T11:01:54.827+0000][66][safepoint   ] Safepoint "ICBufferFull", Time since last: 123767750 ns, Reaching safepoint: 229958 ns, At safepoint: 10500 ns, Total: 240458 ns
[2025-09-23T11:01:54.944+0000][66][safepoint   ] Safepoint "ICBufferFull", Time since last: 117058417 ns, Reaching safepoint: 124958 ns, At safepoint: 6709 ns, Total: 131667 ns
[2025-09-23T11:01:55.064+0000][66][safepoint   ] Safepoint "ICBufferFull", Time since last: 119958042 ns, Reaching safepoint: 247125 ns, At safepoint: 8750 ns, Total: 255875 ns
[2025-09-23T11:01:55.266+0000][66][safepoint   ] Safepoint "ICBufferFull", Time since last: 201385250 ns, Reaching safepoint: 220958 ns, At safepoint: 5750 ns, Total: 226708 ns
[2025-09-23T11:01:55.380+0000][66][safepoint   ] Safepoint "ICBufferFull", Time since last: 113482000 ns, Reaching safepoint: 485958 ns, At safepoint: 11500 ns, Total: 497458 ns
[2025-09-23T11:01:55.513+0000][66][gc,start    ] GC(0) Pause Young (Normal) (G1 Evacuation Pause)
[2025-09-23T11:01:55.514+0000][66][gc,task     ] GC(0) Using 8 workers of 8 for evacuation
[2025-09-23T11:01:55.514+0000][66][gc,age      ] GC(0) Desired survivor size 8388608 bytes, new threshold 15 (max threshold 15)
[2025-09-23T11:01:55.520+0000][66][gc,phases   ] GC(0)   Pre Evacuate Collection Set: 0.1ms
[2025-09-23T11:01:55.520+0000][66][gc,phases   ] GC(0)   Merge Heap Roots: 0.1ms
[2025-09-23T11:01:55.520+0000][66][gc,phases   ] GC(0)   Evacuate Collection Set: 4.9ms
[2025-09-23T11:01:55.520+0000][66][gc,phases   ] GC(0)   Post Evacuate Collection Set: 0.8ms
[2025-09-23T11:01:55.520+0000][66][gc,phases   ] GC(0)   Other: 0.2ms
[2025-09-23T11:01:55.520+0000][66][gc,age      ] GC(0) Age table with threshold 15 (max threshold 15)
[2025-09-23T11:01:55.520+0000][66][gc,age      ] GC(0) - age   1:    8412800 bytes,    8412800 total
[2025-09-23T11:01:55.520+0000][66][gc,heap     ] GC(0) Eden regions: 25->0(22)
[2025-09-23T11:01:55.520+0000][66][gc,heap     ] GC(0) Survivor regions: 0->3(4)
[2025-09-23T11:01:55.520+0000][66][gc,heap     ] GC(0) Old regions: 0->0
[2025-09-23T11:01:55.520+0000][66][gc,heap     ] GC(0) Archive regions: 2->2
[2025-09-23T11:01:55.520+0000][66][gc,heap     ] GC(0) Humongous regions: 0->0
[2025-09-23T11:01:55.520+0000][66][gc,metaspace] GC(0) Metaspace: 16143K(16640K)->16143K(16640K) NonClass: 14284K(14528K)->14284K(14528K) Class: 1858K(2112K)->1858K(2112K)
[2025-09-23T11:01:55.520+0000][66][gc          ] GC(0) Pause Young (Normal) (G1 Evacuation Pause) 104M->12M(2048M) 6.807ms
[2025-09-23T11:01:55.520+0000][66][gc,cpu      ] GC(0) User=0.02s Sys=0.01s Real=0.01s
[2025-09-23T11:01:55.520+0000][66][safepoint   ] Safepoint "G1CollectForAllocation", Time since last: 133077709 ns, Reaching safepoint: 376791 ns, At safepoint: 6889667 ns, Total: 7266458 ns
[2025-09-23T11:01:55.641+0000][66][safepoint   ] Safepoint "ICBufferFull", Time since last: 120094333 ns, Reaching safepoint: 236209 ns, At safepoint: 11083 ns, Total: 247292 ns
[2025-09-23T11:01:55.811+0000][66][safepoint   ] Safepoint "ICBufferFull", Time since last: 162276084 ns, Reaching safepoint: 7571750 ns, At safepoint: 9875 ns, Total: 7581625 ns
[2025-09-23T11:01:55.975+0000][66][safepoint   ] Safepoint "ICBufferFull", Time since last: 164430083 ns, Reaching safepoint: 303875 ns, At safepoint: 2167 ns, Total: 306042 ns
[2025-09-23T11:01:55.999+0000][66][gc,start    ] GC(1) Pause Young (Normal) (G1 Evacuation Pause)
[2025-09-23T11:01:55.999+0000][66][gc,task     ] GC(1) Using 8 workers of 8 for evacuation
[2025-09-23T11:01:55.999+0000][66][gc,age      ] GC(1) Desired survivor size 8388608 bytes, new threshold 1 (max threshold 15)
[2025-09-23T11:01:56.015+0000][66][gc,phases   ] GC(1)   Pre Evacuate Collection Set: 0.1ms
[2025-09-23T11:01:56.015+0000][66][gc,phases   ] GC(1)   Merge Heap Roots: 0.0ms
[2025-09-23T11:01:56.015+0000][66][gc,phases   ] GC(1)   Evacuate Collection Set: 14.3ms
[2025-09-23T11:01:56.015+0000][66][gc,phases   ] GC(1)   Post Evacuate Collection Set: 0.5ms
[2025-09-23T11:01:56.015+0000][66][gc,phases   ] GC(1)   Other: 0.3ms
[2025-09-23T11:01:56.015+0000][66][gc,age      ] GC(1) Age table with threshold 1 (max threshold 15)
[2025-09-23T11:01:56.015+0000][66][gc,age      ] GC(1) - age   1:    1842216 bytes,    1842216 total
[2025-09-23T11:01:56.015+0000][66][gc,heap     ] GC(1) Eden regions: 22->0(59)
[2025-09-23T11:01:56.016+0000][66][gc,heap     ] GC(1) Survivor regions: 3->1(4)
[2025-09-23T11:01:56.016+0000][66][gc,heap     ] GC(1) Old regions: 0->2
[2025-09-23T11:01:56.016+0000][66][gc,heap     ] GC(1) Archive regions: 2->2
[2025-09-23T11:01:56.016+0000][66][gc,heap     ] GC(1) Humongous regions: 0->0
[2025-09-23T11:01:56.016+0000][66][gc,metaspace] GC(1) Metaspace: 17984K(18432K)->17984K(18432K) NonClass: 15945K(16192K)->15945K(16192K) Class: 2039K(2240K)->2039K(2240K)
[2025-09-23T11:01:56.016+0000][66][gc          ] GC(1) Pause Young (Normal) (G1 Evacuation Pause) 100M->13M(2048M) 16.784ms
[2025-09-23T11:01:56.016+0000][66][gc,cpu      ] GC(1) User=0.08s Sys=0.00s Real=0.02s
[2025-09-23T11:01:56.016+0000][66][safepoint   ] Safepoint "G1CollectForAllocation", Time since last: 23793375 ns, Reaching safepoint: 34458 ns, At safepoint: 16972333 ns, Total: 17006791 ns
[2025-09-23T11:01:56.278+0000][66][safepoint   ] Safepoint "ICBufferFull", Time since last: 261673792 ns, Reaching safepoint: 146000 ns, At safepoint: 1958 ns, Total: 147958 ns
[2025-09-23T11:01:56.287+0000][66][gc,start    ] GC(2) Pause Young (Concurrent Start) (Metadata GC Threshold)
[2025-09-23T11:01:56.287+0000][66][gc,task     ] GC(2) Using 8 workers of 8 for evacuation
[2025-09-23T11:01:56.287+0000][66][gc,age      ] GC(2) Desired survivor size 16777216 bytes, new threshold 15 (max threshold 15)
[2025-09-23T11:01:56.290+0000][66][gc,phases   ] GC(2)   Pre Evacuate Collection Set: 0.2ms
[2025-09-23T11:01:56.290+0000][66][gc,phases   ] GC(2)   Merge Heap Roots: 0.0ms
[2025-09-23T11:01:56.290+0000][66][gc,phases   ] GC(2)   Evacuate Collection Set: 1.7ms
[2025-09-23T11:01:56.290+0000][66][gc,phases   ] GC(2)   Post Evacuate Collection Set: 0.7ms
[2025-09-23T11:01:56.290+0000][66][gc,phases   ] GC(2)   Other: 0.2ms
[2025-09-23T11:01:56.291+0000][66][gc,age      ] GC(2) Age table with threshold 15 (max threshold 15)
[2025-09-23T11:01:56.291+0000][66][gc,age      ] GC(2) - age   1:    2195160 bytes,    2195160 total
[2025-09-23T11:01:56.291+0000][66][gc,age      ] GC(2) - age   2:    1452320 bytes,    3647480 total
[2025-09-23T11:01:56.291+0000][66][gc,heap     ] GC(2) Eden regions: 16->0(109)
[2025-09-23T11:01:56.291+0000][66][gc,heap     ] GC(2) Survivor regions: 1->1(8)
[2025-09-23T11:01:56.291+0000][66][gc,heap     ] GC(2) Old regions: 2->2
[2025-09-23T11:01:56.291+0000][66][gc,heap     ] GC(2) Archive regions: 2->2
[2025-09-23T11:01:56.291+0000][66][gc,heap     ] GC(2) Humongous regions: 0->0
[2025-09-23T11:01:56.291+0000][66][gc,metaspace] GC(2) Metaspace: 20985K(21504K)->20985K(21504K) NonClass: 18677K(18944K)->18677K(18944K) Class: 2307K(2560K)->2307K(2560K)
[2025-09-23T11:01:56.291+0000][66][gc          ] GC(2) Pause Young (Concurrent Start) (Metadata GC Threshold) 75M->14M(2048M) 4.232ms
[2025-09-23T11:01:56.291+0000][66][gc,cpu      ] GC(2) User=0.01s Sys=0.00s Real=0.00s
[2025-09-23T11:01:56.291+0000][66][gc          ] GC(3) Concurrent Mark Cycle
[2025-09-23T11:01:56.291+0000][66][gc,marking  ] GC(3) Concurrent Clear Claimed Marks
[2025-09-23T11:01:56.292+0000][66][gc,marking  ] GC(3) Concurrent Clear Claimed Marks 0.095ms
[2025-09-23T11:01:56.292+0000][66][gc,marking  ] GC(3) Concurrent Scan Root Regions
[2025-09-23T11:01:56.291+0000][66][safepoint   ] Safepoint "CollectForMetadataAllocation", Time since last: 8893792 ns, Reaching safepoint: 27250 ns, At safepoint: 4573042 ns, Total: 4600292 ns
[2025-09-23T11:01:56.293+0000][66][gc,marking  ] GC(3) Concurrent Scan Root Regions 1.150ms
[2025-09-23T11:01:56.295+0000][66][gc,marking  ] GC(3) Concurrent Mark
[2025-09-23T11:01:56.295+0000][66][gc,marking  ] GC(3) Concurrent Mark From Roots
[2025-09-23T11:01:56.295+0000][66][gc,task     ] GC(3) Using 2 workers of 2 for marking
[2025-09-23T11:01:56.301+0000][66][safepoint   ] Safepoint "CollectForMetadataAllocation", Time since last: 9442000 ns, Reaching safepoint: 106625 ns, At safepoint: 288041 ns, Total: 394666 ns
[2025-09-23T11:01:56.302+0000][66][gc,marking  ] GC(3) Concurrent Mark From Roots 6.512ms
[2025-09-23T11:01:56.302+0000][66][gc,marking  ] GC(3) Concurrent Preclean
[2025-09-23T11:01:56.303+0000][66][gc,marking  ] GC(3) Concurrent Preclean 0.246ms
[2025-09-23T11:01:56.304+0000][66][gc,start    ] GC(3) Pause Remark
[2025-09-23T11:01:56.308+0000][66][gc          ] GC(3) Pause Remark 18M->18M(2048M) 3.556ms
[2025-09-23T11:01:56.308+0000][66][gc,cpu      ] GC(3) User=0.01s Sys=0.00s Real=0.00s
[2025-09-23T11:01:56.308+0000][66][safepoint   ] Safepoint "G1PauseRemark", Time since last: 1595667 ns, Reaching safepoint: 1212417 ns, At safepoint: 3737958 ns, Total: 4950375 ns
[2025-09-23T11:01:56.310+0000][66][gc,marking  ] GC(3) Concurrent Mark 15.256ms
[2025-09-23T11:01:56.310+0000][66][gc,marking  ] GC(3) Concurrent Rebuild Remembered Sets
[2025-09-23T11:01:56.312+0000][66][gc,marking  ] GC(3) Concurrent Rebuild Remembered Sets 2.076ms
[2025-09-23T11:01:56.313+0000][66][gc,start    ] GC(3) Pause Cleanup
[2025-09-23T11:01:56.313+0000][66][gc          ] GC(3) Pause Cleanup 20M->20M(2048M) 0.183ms
[2025-09-23T11:01:56.313+0000][66][gc,cpu      ] GC(3) User=0.00s Sys=0.00s Real=0.00s
[2025-09-23T11:01:56.313+0000][66][safepoint   ] Safepoint "G1PauseCleanup", Time since last: 4673333 ns, Reaching safepoint: 484542 ns, At safepoint: 417208 ns, Total: 901750 ns
[2025-09-23T11:01:56.317+0000][66][gc,marking  ] GC(3) Concurrent Cleanup for Next Mark
[2025-09-23T11:01:56.317+0000][66][gc,marking  ] GC(3) Concurrent Cleanup for Next Mark 0.696ms
[2025-09-23T11:01:56.318+0000][66][gc          ] GC(3) Concurrent Mark Cycle 26.737ms
[2025-09-23T11:01:56.429+0000][66][safepoint   ] Safepoint "ICBufferFull", Time since last: 115099917 ns, Reaching safepoint: 214209 ns, At safepoint: 9166 ns, Total: 223375 ns
[2025-09-23T11:01:56.563+0000][66][safepoint   ] Safepoint "ICBufferFull", Time since last: 133900417 ns, Reaching safepoint: 201250 ns, At safepoint: 20500 ns, Total: 221750 ns
[2025-09-23T11:01:56.859+0000][66][safepoint   ] Safepoint "ICBufferFull", Time since last: 293913583 ns, Reaching safepoint: 2711250 ns, At safepoint: 21417 ns, Total: 2732667 ns
[2025-09-23T11:01:56.861+0000][66][safepoint   ] Safepoint "ICBufferFull", Time since last: 1178667 ns, Reaching safepoint: 57958 ns, At safepoint: 6000 ns, Total: 63958 ns
[2025-09-23T11:01:57.089+0000][66][safepoint   ] Safepoint "ICBufferFull", Time since last: 227413917 ns, Reaching safepoint: 813792 ns, At safepoint: 28541 ns, Total: 842333 ns
[2025-09-23T11:01:57.404+0000][66][safepoint   ] Safepoint "ICBufferFull", Time since last: 313287292 ns, Reaching safepoint: 1251458 ns, At safepoint: 9500 ns, Total: 1260958 ns
[2025-09-23T11:01:57.917+0000][66][safepoint   ] Safepoint "ICBufferFull", Time since last: 512836709 ns, Reaching safepoint: 334375 ns, At safepoint: 4500 ns, Total: 338875 ns
[2025-09-23T11:01:58.360+0000][66][safepoint   ] Safepoint "ICBufferFull", Time since last: 442484958 ns, Reaching safepoint: 429000 ns, At safepoint: 3667 ns, Total: 432667 ns
[2025-09-23T11:01:58.378+0000][66][gc,start    ] GC(4) Pause Young (Normal) (G1 Evacuation Pause)
[2025-09-23T11:01:58.379+0000][66][gc,task     ] GC(4) Using 8 workers of 8 for evacuation
[2025-09-23T11:01:58.379+0000][66][gc,age      ] GC(4) Desired survivor size 33554432 bytes, new threshold 15 (max threshold 15)
[2025-09-23T11:01:58.398+0000][66][gc,phases   ] GC(4)   Pre Evacuate Collection Set: 0.4ms
[2025-09-23T11:01:58.398+0000][66][gc,phases   ] GC(4)   Merge Heap Roots: 0.2ms
[2025-09-23T11:01:58.399+0000][66][gc,phases   ] GC(4)   Evacuate Collection Set: 16.4ms
[2025-09-23T11:01:58.399+0000][66][gc,phases   ] GC(4)   Post Evacuate Collection Set: 1.8ms
[2025-09-23T11:01:58.399+0000][66][gc,phases   ] GC(4)   Other: 0.8ms
[2025-09-23T11:01:58.399+0000][66][gc,age      ] GC(4) Age table with threshold 15 (max threshold 15)
[2025-09-23T11:01:58.399+0000][66][gc,age      ] GC(4) - age   1:   10631680 bytes,   10631680 total
[2025-09-23T11:01:58.399+0000][66][gc,age      ] GC(4) - age   2:    2121360 bytes,   12753040 total
[2025-09-23T11:01:58.399+0000][66][gc,age      ] GC(4) - age   3:    1427696 bytes,   14180736 total
[2025-09-23T11:01:58.399+0000][66][gc,heap     ] GC(4) Eden regions: 120->0(261)
[2025-09-23T11:01:58.399+0000][66][gc,heap     ] GC(4) Survivor regions: 1->4(16)
[2025-09-23T11:01:58.399+0000][66][gc,heap     ] GC(4) Old regions: 2->2
[2025-09-23T11:01:58.400+0000][66][gc,heap     ] GC(4) Archive regions: 2->2
[2025-09-23T11:01:58.400+0000][66][gc,heap     ] GC(4) Humongous regions: 0->0
[2025-09-23T11:01:58.400+0000][66][gc,metaspace] GC(4) Metaspace: 32171K(32896K)->32171K(32896K) NonClass: 28534K(28928K)->28534K(28928K) Class: 3637K(3968K)->3637K(3968K)
[2025-09-23T11:01:58.400+0000][66][gc          ] GC(4) Pause Young (Normal) (G1 Evacuation Pause) 494M->25M(2048M) 21.736ms
[2025-09-23T11:01:58.400+0000][66][gc,cpu      ] GC(4) User=0.08s Sys=0.00s Real=0.02s
[2025-09-23T11:01:58.400+0000][66][safepoint   ] Safepoint "G1CollectForAllocation", Time since last: 18333750 ns, Reaching safepoint: 96750 ns, At safepoint: 22054292 ns, Total: 22151042 ns
[2025-09-23T11:01:59.034+0000][66][safepoint   ] Safepoint "ICBufferFull", Time since last: 633684792 ns, Reaching safepoint: 188083 ns, At safepoint: 6333 ns, Total: 194416 ns
[2025-09-23T11:01:59.500+0000][66][safepoint   ] Safepoint "ICBufferFull", Time since last: 466176834 ns, Reaching safepoint: 183625 ns, At safepoint: 3000 ns, Total: 186625 ns
[2025-09-23T11:01:59.726+0000][66][gc,start    ] GC(5) Pause Young (Concurrent Start) (Metadata GC Threshold)
[2025-09-23T11:01:59.727+0000][66][gc,task     ] GC(5) Using 8 workers of 8 for evacuation
[2025-09-23T11:01:59.727+0000][66][gc,age      ] GC(5) Desired survivor size 71303168 bytes, new threshold 15 (max threshold 15)
[2025-09-23T11:01:59.741+0000][66][gc,phases   ] GC(5)   Pre Evacuate Collection Set: 0.4ms
[2025-09-23T11:01:59.741+0000][66][gc,phases   ] GC(5)   Merge Heap Roots: 0.1ms
[2025-09-23T11:01:59.741+0000][66][gc,phases   ] GC(5)   Evacuate Collection Set: 11.4ms
[2025-09-23T11:01:59.741+0000][66][gc,phases   ] GC(5)   Post Evacuate Collection Set: 1.6ms
[2025-09-23T11:01:59.741+0000][66][gc,phases   ] GC(5)   Other: 0.4ms
[2025-09-23T11:01:59.741+0000][66][gc,age      ] GC(5) Age table with threshold 15 (max threshold 15)
[2025-09-23T11:01:59.741+0000][66][gc,age      ] GC(5) - age   1:    8184488 bytes,    8184488 total
[2025-09-23T11:01:59.742+0000][66][gc,age      ] GC(5) - age   2:   10168736 bytes,   18353224 total
[2025-09-23T11:01:59.742+0000][66][gc,age      ] GC(5) - age   3:    2118640 bytes,   20471864 total
[2025-09-23T11:01:59.742+0000][66][gc,age      ] GC(5) - age   4:    1318320 bytes,   21790184 total
[2025-09-23T11:01:59.742+0000][66][gc,heap     ] GC(5) Eden regions: 150->0(301)
[2025-09-23T11:01:59.742+0000][66][gc,heap     ] GC(5) Survivor regions: 4->6(34)
[2025-09-23T11:01:59.742+0000][66][gc,heap     ] GC(5) Old regions: 2->2
[2025-09-23T11:01:59.742+0000][66][gc,heap     ] GC(5) Archive regions: 2->2
[2025-09-23T11:01:59.742+0000][66][gc,heap     ] GC(5) Humongous regions: 0->0
[2025-09-23T11:01:59.742+0000][66][gc,metaspace] GC(5) Metaspace: 35665K(36480K)->35665K(36480K) NonClass: 31590K(32064K)->31590K(32064K) Class: 4074K(4416K)->4074K(4416K)
[2025-09-23T11:01:59.742+0000][66][gc          ] GC(5) Pause Young (Concurrent Start) (Metadata GC Threshold) 623M->33M(2048M) 15.879ms
[2025-09-23T11:01:59.742+0000][66][gc,cpu      ] GC(5) User=0.07s Sys=0.00s Real=0.01s
[2025-09-23T11:01:59.743+0000][66][gc          ] GC(6) Concurrent Mark Cycle
[2025-09-23T11:01:59.743+0000][66][safepoint   ] Safepoint "CollectForMetadataAllocation", Time since last: 225899542 ns, Reaching safepoint: 212583 ns, At safepoint: 16334250 ns, Total: 16546833 ns
[2025-09-23T11:01:59.743+0000][66][gc,marking  ] GC(6) Concurrent Clear Claimed Marks
[2025-09-23T11:01:59.747+0000][66][gc,marking  ] GC(6) Concurrent Clear Claimed Marks 3.783ms
[2025-09-23T11:01:59.747+0000][66][gc,marking  ] GC(6) Concurrent Scan Root Regions
[2025-09-23T11:01:59.749+0000][66][gc,marking  ] GC(6) Concurrent Scan Root Regions 2.512ms
[2025-09-23T11:01:59.749+0000][66][gc,marking  ] GC(6) Concurrent Mark
[2025-09-23T11:01:59.749+0000][66][gc,marking  ] GC(6) Concurrent Mark From Roots
[2025-09-23T11:01:59.750+0000][66][gc,task     ] GC(6) Using 2 workers of 2 for marking
[2025-09-23T11:01:59.759+0000][66][gc,marking  ] GC(6) Concurrent Mark From Roots 9.638ms
[2025-09-23T11:01:59.759+0000][66][gc,marking  ] GC(6) Concurrent Preclean
[2025-09-23T11:01:59.759+0000][66][gc,marking  ] GC(6) Concurrent Preclean 0.118ms
[2025-09-23T11:01:59.761+0000][66][gc,start    ] GC(6) Pause Remark
[2025-09-23T11:01:59.764+0000][66][gc          ] GC(6) Pause Remark 37M->37M(2048M) 2.982ms
[2025-09-23T11:01:59.764+0000][66][gc,cpu      ] GC(6) User=0.01s Sys=0.00s Real=0.01s
[2025-09-23T11:01:59.764+0000][66][safepoint   ] Safepoint "G1PauseRemark", Time since last: 17469917 ns, Reaching safepoint: 720708 ns, At safepoint: 3492917 ns, Total: 4213625 ns
[2025-09-23T11:01:59.766+0000][66][gc,marking  ] GC(6) Concurrent Mark 16.583ms
[2025-09-23T11:01:59.768+0000][66][gc,marking  ] GC(6) Concurrent Rebuild Remembered Sets
[2025-09-23T11:01:59.771+0000][66][gc,marking  ] GC(6) Concurrent Rebuild Remembered Sets 2.806ms
[2025-09-23T11:01:59.772+0000][66][gc,start    ] GC(6) Pause Cleanup
[2025-09-23T11:01:59.772+0000][66][gc          ] GC(6) Pause Cleanup 37M->37M(2048M) 0.390ms
[2025-09-23T11:01:59.772+0000][66][gc,cpu      ] GC(6) User=0.01s Sys=0.00s Real=0.00s
[2025-09-23T11:01:59.772+0000][66][safepoint   ] Safepoint "G1PauseCleanup", Time since last: 6957833 ns, Reaching safepoint: 164583 ns, At safepoint: 599167 ns, Total: 763750 ns
[2025-09-23T11:01:59.773+0000][66][gc,marking  ] GC(6) Concurrent Cleanup for Next Mark
[2025-09-23T11:01:59.791+0000][66][gc,marking  ] GC(6) Concurrent Cleanup for Next Mark 17.582ms
[2025-09-23T11:01:59.792+0000][66][gc          ] GC(6) Concurrent Mark Cycle 48.958ms
[2025-09-23T11:02:00.134+0000][66][safepoint   ] Safepoint "ICBufferFull", Time since last: 361838834 ns, Reaching safepoint: 374916 ns, At safepoint: 6000 ns, Total: 380916 ns
[2025-09-23T11:02:00.274+0000][66][safepoint   ] Safepoint "ICBufferFull", Time since last: 139498709 ns, Reaching safepoint: 258875 ns, At safepoint: 5791 ns, Total: 264666 ns
[2025-09-23T11:02:00.405+0000][66][safepoint   ] Safepoint "ICBufferFull", Time since last: 130934875 ns, Reaching safepoint: 124417 ns, At safepoint: 6625 ns, Total: 131042 ns
[2025-09-23T11:02:00.713+0000][66][safepoint   ] Safepoint "ICBufferFull", Time since last: 307067584 ns, Reaching safepoint: 316250 ns, At safepoint: 9083 ns, Total: 325333 ns
[2025-09-23T11:02:01.114+0000][66][safepoint   ] Safepoint "ICBufferFull", Time since last: 400210875 ns, Reaching safepoint: 1479292 ns, At safepoint: 23916 ns, Total: 1503208 ns
[2025-09-23T11:02:01.221+0000][66][safepoint   ] Safepoint "ICBufferFull", Time since last: 106946542 ns, Reaching safepoint: 188667 ns, At safepoint: 12041 ns, Total: 200708 ns
[2025-09-23T11:02:01.406+0000][66][safepoint   ] Safepoint "ICBufferFull", Time since last: 184411542 ns, Reaching safepoint: 146584 ns, At safepoint: 7250 ns, Total: 153834 ns
[2025-09-23T11:02:01.837+0000][66][safepoint   ] Safepoint "ICBufferFull", Time since last: 430950458 ns, Reaching safepoint: 130417 ns, At safepoint: 16416 ns, Total: 146833 ns
[2025-09-23T11:02:01.850+0000][66][gc,start    ] GC(7) Pause Young (Concurrent Start) (Metadata GC Threshold)
[2025-09-23T11:02:01.850+0000][66][gc,task     ] GC(7) Using 8 workers of 8 for evacuation
[2025-09-23T11:02:01.850+0000][66][gc,age      ] GC(7) Desired survivor size 81788928 bytes, new threshold 15 (max threshold 15)
[2025-09-23T11:02:01.880+0000][66][gc,phases   ] GC(7)   Pre Evacuate Collection Set: 0.4ms
[2025-09-23T11:02:01.880+0000][66][gc,phases   ] GC(7)   Merge Heap Roots: 0.1ms
[2025-09-23T11:02:01.880+0000][66][gc,phases   ] GC(7)   Evacuate Collection Set: 26.8ms
[2025-09-23T11:02:01.880+0000][66][gc,phases   ] GC(7)   Post Evacuate Collection Set: 2.2ms
[2025-09-23T11:02:01.880+0000][66][gc,phases   ] GC(7)   Other: 0.3ms
[2025-09-23T11:02:01.880+0000][66][gc,age      ] GC(7) Age table with threshold 15 (max threshold 15)
[2025-09-23T11:02:01.880+0000][66][gc,age      ] GC(7) - age   1:   25352312 bytes,   25352312 total
[2025-09-23T11:02:01.880+0000][66][gc,age      ] GC(7) - age   2:    8105520 bytes,   33457832 total
[2025-09-23T11:02:01.880+0000][66][gc,age      ] GC(7) - age   3:   10115184 bytes,   43573016 total
[2025-09-23T11:02:01.880+0000][66][gc,age      ] GC(7) - age   4:    2112784 bytes,   45685800 total
[2025-09-23T11:02:01.880+0000][66][gc,age      ] GC(7) - age   5:    1304640 bytes,   46990440 total
[2025-09-23T11:02:01.880+0000][66][gc,heap     ] GC(7) Eden regions: 114->0(230)
[2025-09-23T11:02:01.880+0000][66][gc,heap     ] GC(7) Survivor regions: 6->12(39)
[2025-09-23T11:02:01.880+0000][66][gc,heap     ] GC(7) Old regions: 2->2
[2025-09-23T11:02:01.880+0000][66][gc,heap     ] GC(7) Archive regions: 2->2
[2025-09-23T11:02:01.880+0000][66][gc,heap     ] GC(7) Humongous regions: 0->0
[2025-09-23T11:02:01.881+0000][66][gc,metaspace] GC(7) Metaspace: 59677K(61120K)->59677K(61120K) NonClass: 52205K(53056K)->52205K(53056K) Class: 7472K(8064K)->7472K(8064K)
[2025-09-23T11:02:01.881+0000][66][gc          ] GC(7) Pause Young (Concurrent Start) (Metadata GC Threshold) 487M->57M(2048M) 30.805ms
[2025-09-23T11:02:01.881+0000][66][gc,cpu      ] GC(7) User=0.12s Sys=0.00s Real=0.03s
[2025-09-23T11:02:01.881+0000][66][gc          ] GC(8) Concurrent Mark Cycle
[2025-09-23T11:02:01.881+0000][66][gc,marking  ] GC(8) Concurrent Clear Claimed Marks
[2025-09-23T11:02:01.881+0000][66][safepoint   ] Safepoint "CollectForMetadataAllocation", Time since last: 12502167 ns, Reaching safepoint: 74000 ns, At safepoint: 31303792 ns, Total: 31377792 ns
[2025-09-23T11:02:01.881+0000][66][gc,marking  ] GC(8) Concurrent Clear Claimed Marks 0.260ms
[2025-09-23T11:02:01.882+0000][66][gc,marking  ] GC(8) Concurrent Scan Root Regions
[2025-09-23T11:02:01.903+0000][66][gc,marking  ] GC(8) Concurrent Scan Root Regions 20.597ms
[2025-09-23T11:02:01.903+0000][66][gc,marking  ] GC(8) Concurrent Mark
[2025-09-23T11:02:01.903+0000][66][gc,marking  ] GC(8) Concurrent Mark From Roots
[2025-09-23T11:02:01.903+0000][66][gc,task     ] GC(8) Using 2 workers of 2 for marking
[2025-09-23T11:02:01.910+0000][66][safepoint   ] Safepoint "CollectForMetadataAllocation", Time since last: 28542333 ns, Reaching safepoint: 105625 ns, At safepoint: 61417 ns, Total: 167042 ns
[2025-09-23T11:02:01.912+0000][66][gc,marking  ] GC(8) Concurrent Mark From Roots 8.516ms
[2025-09-23T11:02:01.912+0000][66][gc,marking  ] GC(8) Concurrent Preclean
[2025-09-23T11:02:01.912+0000][66][gc,marking  ] GC(8) Concurrent Preclean 0.183ms
[2025-09-23T11:02:01.914+0000][66][gc,start    ] GC(8) Pause Remark
[2025-09-23T11:02:01.918+0000][66][gc          ] GC(8) Pause Remark 63M->63M(2048M) 4.483ms
[2025-09-23T11:02:01.919+0000][66][gc,cpu      ] GC(8) User=0.01s Sys=0.00s Real=0.00s
[2025-09-23T11:02:01.919+0000][66][safepoint   ] Safepoint "G1PauseRemark", Time since last: 3389916 ns, Reaching safepoint: 873167 ns, At safepoint: 4609625 ns, Total: 5482792 ns
[2025-09-23T11:02:01.926+0000][66][gc,marking  ] GC(8) Concurrent Mark 22.781ms
[2025-09-23T11:02:01.929+0000][66][gc,marking  ] GC(8) Concurrent Rebuild Remembered Sets
[2025-09-23T11:02:01.937+0000][66][gc,marking  ] GC(8) Concurrent Rebuild Remembered Sets 8.159ms
[2025-09-23T11:02:01.938+0000][66][gc,start    ] GC(8) Pause Cleanup
[2025-09-23T11:02:01.938+0000][66][gc          ] GC(8) Pause Cleanup 63M->63M(2048M) 0.299ms
[2025-09-23T11:02:01.938+0000][66][gc,cpu      ] GC(8) User=0.00s Sys=0.00s Real=0.00s
[2025-09-23T11:02:01.938+0000][66][safepoint   ] Safepoint "G1PauseCleanup", Time since last: 19000917 ns, Reaching safepoint: 40541 ns, At safepoint: 542000 ns, Total: 582541 ns
[2025-09-23T11:02:01.939+0000][66][gc,marking  ] GC(8) Concurrent Cleanup for Next Mark
[2025-09-23T11:02:01.967+0000][66][gc,marking  ] GC(8) Concurrent Cleanup for Next Mark 27.696ms
[2025-09-23T11:02:01.967+0000][66][gc          ] GC(8) Concurrent Mark Cycle 86.822ms
[2025-09-23T11:02:02.177+0000][66][safepoint   ] Safepoint "ICBufferFull", Time since last: 238600209 ns, Reaching safepoint: 126958 ns, At safepoint: 6584 ns, Total: 133542 ns
[2025-09-23T11:02:02.834+0000][66][safepoint   ] Safepoint "ICBufferFull", Time since last: 656654667 ns, Reaching safepoint: 132416 ns, At safepoint: 2250 ns, Total: 134666 ns
[2025-09-23T11:02:03.105+0000][66][safepoint   ] Safepoint "ICBufferFull", Time since last: 270723875 ns, Reaching safepoint: 421417 ns, At safepoint: 2208 ns, Total: 423625 ns
[2025-09-23T11:02:03.644+0000][66][safepoint   ] Safepoint "ICBufferFull", Time since last: 538766001 ns, Reaching safepoint: 261416 ns, At safepoint: 22750 ns, Total: 284166 ns
[2025-09-23T11:02:03.739+0000][66][safepoint   ] Safepoint "ICBufferFull", Time since last: 95210584 ns, Reaching safepoint: 108375 ns, At safepoint: 2500 ns, Total: 110875 ns
[2025-09-23T11:02:03.913+0000][66][safepoint   ] Safepoint "ICBufferFull", Time since last: 173268125 ns, Reaching safepoint: 227791 ns, At safepoint: 8084 ns, Total: 235875 ns
[2025-09-23T11:02:04.041+0000][66][gc,start    ] GC(9) Pause Young (Concurrent Start) (Metadata GC Threshold)
[2025-09-23T11:02:04.041+0000][66][gc,task     ] GC(9) Using 8 workers of 8 for evacuation
[2025-09-23T11:02:04.041+0000][66][gc,age      ] GC(9) Desired survivor size 77594624 bytes, new threshold 15 (max threshold 15)
[2025-09-23T11:02:04.061+0000][66][gc,phases   ] GC(9)   Pre Evacuate Collection Set: 0.4ms
[2025-09-23T11:02:04.061+0000][66][gc,phases   ] GC(9)   Merge Heap Roots: 0.1ms
[2025-09-23T11:02:04.061+0000][66][gc,phases   ] GC(9)   Evacuate Collection Set: 17.7ms
[2025-09-23T11:02:04.061+0000][66][gc,phases   ] GC(9)   Post Evacuate Collection Set: 1.7ms
[2025-09-23T11:02:04.061+0000][66][gc,phases   ] GC(9)   Other: 0.1ms
[2025-09-23T11:02:04.061+0000][66][gc,age      ] GC(9) Age table with threshold 15 (max threshold 15)
[2025-09-23T11:02:04.062+0000][66][gc,age      ] GC(9) - age   1:   17041088 bytes,   17041088 total
[2025-09-23T11:02:04.062+0000][66][gc,age      ] GC(9) - age   2:   24766072 bytes,   41807160 total
[2025-09-23T11:02:04.062+0000][66][gc,age      ] GC(9) - age   3:    8076440 bytes,   49883600 total
[2025-09-23T11:02:04.062+0000][66][gc,age      ] GC(9) - age   4:   10041944 bytes,   59925544 total
[2025-09-23T11:02:04.062+0000][66][gc,age      ] GC(9) - age   5:    2106856 bytes,   62032400 total
[2025-09-23T11:02:04.062+0000][66][gc,age      ] GC(9) - age   6:    1299024 bytes,   63331424 total
[2025-09-23T11:02:04.062+0000][66][gc,heap     ] GC(9) Eden regions: 115->0(146)
[2025-09-23T11:02:04.062+0000][66][gc,heap     ] GC(9) Survivor regions: 12->17(37)
[2025-09-23T11:02:04.062+0000][66][gc,heap     ] GC(9) Old regions: 2->2
[2025-09-23T11:02:04.062+0000][66][gc,heap     ] GC(9) Archive regions: 2->2
[2025-09-23T11:02:04.062+0000][66][gc,heap     ] GC(9) Humongous regions: 0->0
[2025-09-23T11:02:04.062+0000][66][gc,metaspace] GC(9) Metaspace: 99783K(102528K)->99783K(102528K) NonClass: 86651K(88064K)->86651K(88064K) Class: 13132K(14464K)->13132K(14464K)
[2025-09-23T11:02:04.062+0000][66][gc          ] GC(9) Pause Young (Concurrent Start) (Metadata GC Threshold) 517M->76M(2048M) 20.575ms
[2025-09-23T11:02:04.062+0000][66][gc          ] GC(10) Concurrent Mark Cycle
[2025-09-23T11:02:04.062+0000][66][gc,marking  ] GC(10) Concurrent Clear Claimed Marks
[2025-09-23T11:02:04.062+0000][66][gc,cpu      ] GC(9) User=0.12s Sys=0.00s Real=0.02s
[2025-09-23T11:02:04.062+0000][66][safepoint   ] Safepoint "CollectForMetadataAllocation", Time since last: 128404791 ns, Reaching safepoint: 84250 ns, At safepoint: 20954751 ns, Total: 21039001 ns
[2025-09-23T11:02:04.062+0000][66][gc,marking  ] GC(10) Concurrent Clear Claimed Marks 0.278ms
[2025-09-23T11:02:04.064+0000][66][gc,marking  ] GC(10) Concurrent Scan Root Regions
[2025-09-23T11:02:04.076+0000][66][gc,marking  ] GC(10) Concurrent Scan Root Regions 12.590ms
[2025-09-23T11:02:04.076+0000][66][gc,marking  ] GC(10) Concurrent Mark
[2025-09-23T11:02:04.078+0000][66][gc,marking  ] GC(10) Concurrent Mark From Roots
[2025-09-23T11:02:04.078+0000][66][gc,task     ] GC(10) Using 2 workers of 2 for marking
[2025-09-23T11:02:04.082+0000][66][gc,marking  ] GC(10) Concurrent Mark From Roots 4.338ms
[2025-09-23T11:02:04.082+0000][66][gc,marking  ] GC(10) Concurrent Preclean
[2025-09-23T11:02:04.083+0000][66][safepoint   ] Safepoint "CollectForMetadataAllocation", Time since last: 20159041 ns, Reaching safepoint: 147667 ns, At safepoint: 122833 ns, Total: 270500 ns
[2025-09-23T11:02:04.083+0000][66][gc,marking  ] GC(10) Concurrent Preclean 0.343ms
[2025-09-23T11:02:04.087+0000][66][gc,start    ] GC(10) Pause Remark
[2025-09-23T11:02:04.089+0000][66][gc          ] GC(10) Pause Remark 88M->88M(2048M) 2.290ms
[2025-09-23T11:02:04.089+0000][66][gc,cpu      ] GC(10) User=0.00s Sys=0.00s Real=0.00s
[2025-09-23T11:02:04.089+0000][66][safepoint   ] Safepoint "G1PauseRemark", Time since last: 3499250 ns, Reaching safepoint: 748917 ns, At safepoint: 2388625 ns, Total: 3137542 ns
[2025-09-23T11:02:04.089+0000][66][gc,marking  ] GC(10) Concurrent Mark 13.056ms
[2025-09-23T11:02:04.089+0000][66][gc,marking  ] GC(10) Concurrent Rebuild Remembered Sets
[2025-09-23T11:02:04.092+0000][66][gc,marking  ] GC(10) Concurrent Rebuild Remembered Sets 2.421ms
[2025-09-23T11:02:04.093+0000][66][gc,start    ] GC(10) Pause Cleanup
[2025-09-23T11:02:04.093+0000][66][gc          ] GC(10) Pause Cleanup 88M->88M(2048M) 0.104ms
[2025-09-23T11:02:04.093+0000][66][gc,cpu      ] GC(10) User=0.00s Sys=0.00s Real=0.00s
[2025-09-23T11:02:04.093+0000][66][safepoint   ] Safepoint "G1PauseCleanup", Time since last: 2769375 ns, Reaching safepoint: 920333 ns, At safepoint: 186625 ns, Total: 1106958 ns
[2025-09-23T11:02:04.094+0000][66][gc,marking  ] GC(10) Concurrent Cleanup for Next Mark
[2025-09-23T11:02:04.095+0000][66][gc,marking  ] GC(10) Concurrent Cleanup for Next Mark 0.809ms
[2025-09-23T11:02:04.095+0000][66][gc          ] GC(10) Concurrent Mark Cycle 33.398ms
[2025-09-23T11:02:04.306+0000][66][safepoint   ] Safepoint "ICBufferFull", Time since last: 212576084 ns, Reaching safepoint: 464458 ns, At safepoint: 13125 ns, Total: 477583 ns
[2025-09-23T11:02:04.525+0000][66][safepoint   ] Safepoint "ICBufferFull", Time since last: 217096292 ns, Reaching safepoint: 1328625 ns, At safepoint: 133458 ns, Total: 1462083 ns
[2025-09-23T11:02:04.529+0000][66][safepoint   ] Safepoint "ICBufferFull", Time since last: 3686875 ns, Reaching safepoint: 837292 ns, At safepoint: 23250 ns, Total: 860542 ns
[2025-09-23T11:02:04.531+0000][66][safepoint   ] Safepoint "ICBufferFull", Time since last: 1871458 ns, Reaching safepoint: 94958 ns, At safepoint: 20917 ns, Total: 115875 ns
[2025-09-23T11:02:04.533+0000][66][safepoint   ] Safepoint "ICBufferFull", Time since last: 1714583 ns, Reaching safepoint: 82375 ns, At safepoint: 13375 ns, Total: 95750 ns
[2025-09-23T11:02:04.534+0000][66][safepoint   ] Safepoint "ICBufferFull", Time since last: 395417 ns, Reaching safepoint: 29417 ns, At safepoint: 8125 ns, Total: 37542 ns
[2025-09-23T11:02:04.536+0000][66][safepoint   ] Safepoint "ICBufferFull", Time since last: 1972083 ns, Reaching safepoint: 77458 ns, At safepoint: 10959 ns, Total: 88417 ns
[2025-09-23T11:02:04.919+0000][66][safepoint   ] Safepoint "ICBufferFull", Time since last: 383240833 ns, Reaching safepoint: 125125 ns, At safepoint: 2709 ns, Total: 127834 ns
[2025-09-23T11:02:04.956+0000][66][safepoint   ] Safepoint "ICBufferFull", Time since last: 36290875 ns, Reaching safepoint: 1119250 ns, At safepoint: 16750 ns, Total: 1136000 ns
[2025-09-23T11:02:05.013+0000][66][safepoint   ] Safepoint "ICBufferFull", Time since last: 53904708 ns, Reaching safepoint: 2358333 ns, At safepoint: 36125 ns, Total: 2394458 ns
[2025-09-23T11:02:05.083+0000][66][safepoint   ] Safepoint "ICBufferFull", Time since last: 70141084 ns, Reaching safepoint: 127625 ns, At safepoint: 3541 ns, Total: 131166 ns
[2025-09-23T11:02:05.115+0000][66][safepoint   ] Safepoint "ICBufferFull", Time since last: 31912917 ns, Reaching safepoint: 167250 ns, At safepoint: 8125 ns, Total: 175375 ns
[2025-09-23T11:02:05.181+0000][66][safepoint   ] Safepoint "ICBufferFull", Time since last: 64964500 ns, Reaching safepoint: 342542 ns, At safepoint: 134791 ns, Total: 477333 ns
[2025-09-23T11:02:05.332+0000][66][safepoint   ] Safepoint "ICBufferFull", Time since last: 150593334 ns, Reaching safepoint: 1057625 ns, At safepoint: 23041 ns, Total: 1080666 ns
[2025-09-23T11:02:05.445+0000][66][safepoint   ] Safepoint "ICBufferFull", Time since last: 111963625 ns, Reaching safepoint: 645084 ns, At safepoint: 10000 ns, Total: 655084 ns
[2025-09-23T11:02:05.608+0000][66][safepoint   ] Safepoint "ICBufferFull", Time since last: 163331917 ns, Reaching safepoint: 141500 ns, At safepoint: 25208 ns, Total: 166708 ns
[2025-09-23T11:02:06.602+0000][66][safepoint   ] Safepoint "ICBufferFull", Time since last: 993193125 ns, Reaching safepoint: 145834 ns, At safepoint: 3625 ns, Total: 149459 ns
[2025-09-23T11:02:06.679+0000][66][safepoint   ] Safepoint "ICBufferFull", Time since last: 76794000 ns, Reaching safepoint: 127375 ns, At safepoint: 2625 ns, Total: 130000 ns
[2025-09-23T11:02:06.846+0000][66][safepoint   ] Safepoint "ICBufferFull", Time since last: 166480666 ns, Reaching safepoint: 1088209 ns, At safepoint: 12750 ns, Total: 1100959 ns
[2025-09-23T11:02:07.132+0000][66][safepoint   ] Safepoint "ICBufferFull", Time since last: 285604125 ns, Reaching safepoint: 117292 ns, At safepoint: 9916 ns, Total: 127208 ns
[2025-09-23T11:02:08.006+0000][66][safepoint   ] Safepoint "ICBufferFull", Time since last: 873791959 ns, Reaching safepoint: 268333 ns, At safepoint: 16250 ns, Total: 284583 ns
[2025-09-23T11:02:08.980+0000][66][safepoint   ] Safepoint "ICBufferFull", Time since last: 970842293 ns, Reaching safepoint: 3301333 ns, At safepoint: 22292 ns, Total: 3323625 ns
[2025-09-23T11:02:09.509+0000][66][safepoint   ] Safepoint "ICBufferFull", Time since last: 528436375 ns, Reaching safepoint: 254833 ns, At safepoint: 11917 ns, Total: 266750 ns
[2025-09-23T11:02:09.647+0000][66][safepoint   ] Safepoint "ICBufferFull", Time since last: 137481458 ns, Reaching safepoint: 253667 ns, At safepoint: 5708 ns, Total: 259375 ns
[2025-09-23T11:02:09.849+0000][66][safepoint   ] Safepoint "ICBufferFull", Time since last: 201353292 ns, Reaching safepoint: 1201958 ns, At safepoint: 13709 ns, Total: 1215667 ns
[2025-09-23T11:02:10.352+0000][66][safepoint   ] Safepoint "ICBufferFull", Time since last: 500408792 ns, Reaching safepoint: 2161041 ns, At safepoint: 35667 ns, Total: 2196708 ns
[2025-09-23T11:02:11.354+0000][66][safepoint   ] Safepoint "Cleanup", Time since last: 1002169209 ns, Reaching safepoint: 232291 ns, At safepoint: 7084 ns, Total: 239375 ns
[2025-09-23T11:02:12.357+0000][66][safepoint   ] Safepoint "Cleanup", Time since last: 1002818125 ns, Reaching safepoint: 156167 ns, At safepoint: 13333 ns, Total: 169500 ns
[2025-09-23T11:02:13.063+0000][66][safepoint   ] Safepoint "ICBufferFull", Time since last: 701275500 ns, Reaching safepoint: 4105667 ns, At safepoint: 18250 ns, Total: 4123917 ns
[2025-09-23T11:02:13.072+0000][66][safepoint   ] Safepoint "ICBufferFull", Time since last: 6225417 ns, Reaching safepoint: 3223958 ns, At safepoint: 42167 ns, Total: 3266125 ns
[2025-09-23T11:02:13.262+0000][66][safepoint   ] Safepoint "ICBufferFull", Time since last: 188975500 ns, Reaching safepoint: 1230375 ns, At safepoint: 12875 ns, Total: 1243250 ns
[2025-09-23T11:02:13.519+0000][66][safepoint   ] Safepoint "ICBufferFull", Time since last: 256021833 ns, Reaching safepoint: 528459 ns, At safepoint: 11291 ns, Total: 539750 ns
[2025-09-23T11:02:13.760+0000][66][gc,start    ] GC(11) Pause Young (Normal) (G1 Evacuation Pause)
[2025-09-23T11:02:13.762+0000][66][gc,task     ] GC(11) Using 8 workers of 8 for evacuation
[2025-09-23T11:02:13.763+0000][66][gc,age      ] GC(11) Desired survivor size 54525952 bytes, new threshold 4 (max threshold 15)
[2025-09-23T11:02:13.925+0000][66][gc,phases   ] GC(11)   Pre Evacuate Collection Set: 0.5ms
[2025-09-23T11:02:13.925+0000][66][gc,phases   ] GC(11)   Merge Heap Roots: 1.1ms
[2025-09-23T11:02:13.925+0000][66][gc,phases   ] GC(11)   Evacuate Collection Set: 153.9ms
[2025-09-23T11:02:13.926+0000][66][gc,phases   ] GC(11)   Post Evacuate Collection Set: 6.8ms
[2025-09-23T11:02:13.926+0000][66][gc,phases   ] GC(11)   Other: 3.2ms
[2025-09-23T11:02:13.926+0000][66][gc,age      ] GC(11) Age table with threshold 4 (max threshold 15)
[2025-09-23T11:02:13.926+0000][66][gc,age      ] GC(11) - age   1:   41851040 bytes,   41851040 total
[2025-09-23T11:02:13.926+0000][66][gc,age      ] GC(11) - age   2:   15990024 bytes,   57841064 total
[2025-09-23T11:02:13.926+0000][66][gc,age      ] GC(11) - age   3:   24632864 bytes,   82473928 total
[2025-09-23T11:02:13.926+0000][66][gc,age      ] GC(11) - age   4:    8072440 bytes,   90546368 total
[2025-09-23T11:02:13.926+0000][66][gc,heap     ] GC(11) Eden regions: 191->0(72)
[2025-09-23T11:02:13.926+0000][66][gc,heap     ] GC(11) Survivor regions: 17->24(26)
[2025-09-23T11:02:13.926+0000][66][gc,heap     ] GC(11) Old regions: 2->6
[2025-09-23T11:02:13.926+0000][66][gc,heap     ] GC(11) Archive regions: 2->2
[2025-09-23T11:02:13.927+0000][66][gc,heap     ] GC(11) Humongous regions: 4->4
[2025-09-23T11:02:13.927+0000][66][gc,metaspace] GC(11) Metaspace: 123822K(127040K)->123822K(127040K) NonClass: 107301K(108928K)->107301K(108928K) Class: 16521K(18112K)->16521K(18112K)
[2025-09-23T11:02:13.927+0000][66][gc          ] GC(11) Pause Young (Normal) (G1 Evacuation Pause) 856M->136M(2048M) 167.291ms
[2025-09-23T11:02:13.927+0000][66][gc,cpu      ] GC(11) User=0.70s Sys=0.05s Real=0.17s
[2025-09-23T11:02:13.927+0000][66][safepoint   ] Safepoint "G1CollectForAllocation", Time since last: 238827125 ns, Reaching safepoint: 1920792 ns, At safepoint: 167756708 ns, Total: 169677500 ns
[2025-09-23T11:02:14.168+0000][66][safepoint   ] Safepoint "ICBufferFull", Time since last: 239929375 ns, Reaching safepoint: 774125 ns, At safepoint: 7458 ns, Total: 781583 ns
[2025-09-23T11:02:14.256+0000][66][safepoint   ] Safepoint "ICBufferFull", Time since last: 87039625 ns, Reaching safepoint: 1096042 ns, At safepoint: 24125 ns, Total: 1120167 ns
[2025-09-23T11:02:14.362+0000][66][safepoint   ] Safepoint "ICBufferFull", Time since last: 84678958 ns, Reaching safepoint: 21941292 ns, At safepoint: 96458 ns, Total: 22037750 ns
[2025-09-23T11:02:14.476+0000][66][safepoint   ] Safepoint "ICBufferFull", Time since last: 112627083 ns, Reaching safepoint: 725250 ns, At safepoint: 238084 ns, Total: 963334 ns
[2025-09-23T11:02:14.673+0000][66][safepoint   ] Safepoint "ICBufferFull", Time since last: 195647000 ns, Reaching safepoint: 1026250 ns, At safepoint: 6875 ns, Total: 1033125 ns
[2025-09-23T11:02:15.038+0000][66][safepoint   ] Safepoint "ICBufferFull", Time since last: 364768958 ns, Reaching safepoint: 1048625 ns, At safepoint: 4834 ns, Total: 1053459 ns
[2025-09-23T11:02:15.436+0000][66][safepoint   ] Safepoint "ICBufferFull", Time since last: 396454792 ns, Reaching safepoint: 586083 ns, At safepoint: 29875 ns, Total: 615958 ns
[2025-09-23T11:02:15.968+0000][66][safepoint   ] Safepoint "ICBufferFull", Time since last: 532261292 ns, Reaching safepoint: 645375 ns, At safepoint: 12667 ns, Total: 658042 ns
[2025-09-23T11:02:16.161+0000][66][safepoint   ] Safepoint "ICBufferFull", Time since last: 191624333 ns, Reaching safepoint: 428667 ns, At safepoint: 4250 ns, Total: 432917 ns
[2025-09-23T11:02:16.396+0000][66][safepoint   ] Safepoint "ICBufferFull", Time since last: 235149250 ns, Reaching safepoint: 170458 ns, At safepoint: 4208 ns, Total: 174666 ns
[2025-09-23T11:02:16.626+0000][66][safepoint   ] Safepoint "ICBufferFull", Time since last: 227529876 ns, Reaching safepoint: 2119208 ns, At safepoint: 16458 ns, Total: 2135666 ns
[2025-09-23T11:02:16.745+0000][66][safepoint   ] Safepoint "ICBufferFull", Time since last: 118890584 ns, Reaching safepoint: 600833 ns, At safepoint: 12375 ns, Total: 613208 ns
[2025-09-23T11:02:17.183+0000][66][safepoint   ] Safepoint "ICBufferFull", Time since last: 437584167 ns, Reaching safepoint: 226625 ns, At safepoint: 3833 ns, Total: 230458 ns
[2025-09-23T11:02:17.390+0000][66][safepoint   ] Safepoint "ICBufferFull", Time since last: 206565584 ns, Reaching safepoint: 208583 ns, At safepoint: 3500 ns, Total: 212083 ns
[2025-09-23T11:02:18.342+0000][66][safepoint   ] Safepoint "ICBufferFull", Time since last: 952113500 ns, Reaching safepoint: 212209 ns, At safepoint: 5000 ns, Total: 217209 ns
[2025-09-23T11:02:18.961+0000][66][safepoint   ] Safepoint "ICBufferFull", Time since last: 618793500 ns, Reaching safepoint: 204458 ns, At safepoint: 3625 ns, Total: 208083 ns
[2025-09-23T11:02:19.018+0000][66][safepoint   ] Safepoint "ICBufferFull", Time since last: 57234834 ns, Reaching safepoint: 125208 ns, At safepoint: 2000 ns, Total: 127208 ns
[2025-09-23T11:02:19.292+0000][66][safepoint   ] Safepoint "ICBufferFull", Time since last: 272052500 ns, Reaching safepoint: 1216792 ns, At safepoint: 11083 ns, Total: 1227875 ns
[2025-09-23T11:02:19.427+0000][66][safepoint   ] Safepoint "ICBufferFull", Time since last: 135105292 ns, Reaching safepoint: 166042 ns, At safepoint: 2916 ns, Total: 168958 ns
[2025-09-23T11:02:20.366+0000][66][safepoint   ] Safepoint "ICBufferFull", Time since last: 939365459 ns, Reaching safepoint: 151167 ns, At safepoint: 3375 ns, Total: 154542 ns
[2025-09-23T11:02:21.181+0000][66][safepoint   ] Safepoint "ICBufferFull", Time since last: 813654750 ns, Reaching safepoint: 519417 ns, At safepoint: 17916 ns, Total: 537333 ns
[2025-09-23T11:02:21.718+0000][66][safepoint   ] Safepoint "ICBufferFull", Time since last: 537408459 ns, Reaching safepoint: 179125 ns, At safepoint: 6125 ns, Total: 185250 ns
[2025-09-23T11:02:21.902+0000][66][safepoint   ] Safepoint "ICBufferFull", Time since last: 183346708 ns, Reaching safepoint: 215542 ns, At safepoint: 8917 ns, Total: 224459 ns
[2025-09-23T11:02:22.030+0000][66][safepoint   ] Safepoint "ICBufferFull", Time since last: 126698375 ns, Reaching safepoint: 1245041 ns, At safepoint: 24667 ns, Total: 1269708 ns
[2025-09-23T11:02:22.092+0000][66][gc,start    ] GC(12) Pause Young (Normal) (G1 Evacuation Pause)
[2025-09-23T11:02:22.092+0000][66][gc,task     ] GC(12) Using 8 workers of 8 for evacuation
[2025-09-23T11:02:22.093+0000][66][gc,age      ] GC(12) Desired survivor size 25165824 bytes, new threshold 1 (max threshold 15)
[2025-09-23T11:02:22.171+0000][66][gc,phases   ] GC(12)   Pre Evacuate Collection Set: 0.5ms
[2025-09-23T11:02:22.171+0000][66][gc,phases   ] GC(12)   Merge Heap Roots: 0.1ms
[2025-09-23T11:02:22.171+0000][66][gc,phases   ] GC(12)   Evacuate Collection Set: 74.3ms
[2025-09-23T11:02:22.172+0000][66][gc,phases   ] GC(12)   Post Evacuate Collection Set: 3.3ms
[2025-09-23T11:02:22.172+0000][66][gc,phases   ] GC(12)   Other: 0.5ms
[2025-09-23T11:02:22.172+0000][66][gc,age      ] GC(12) Age table with threshold 1 (max threshold 15)
[2025-09-23T11:02:22.172+0000][66][gc,age      ] GC(12) - age   1:    8719320 bytes,    8719320 total
[2025-09-23T11:02:22.172+0000][66][gc,heap     ] GC(12) Eden regions: 72->0(303)
[2025-09-23T11:02:22.172+0000][66][gc,heap     ] GC(12) Survivor regions: 24->4(12)
[2025-09-23T11:02:22.172+0000][66][gc,heap     ] GC(12) Old regions: 6->27
[2025-09-23T11:02:22.172+0000][66][gc,heap     ] GC(12) Archive regions: 2->2
[2025-09-23T11:02:22.172+0000][66][gc,heap     ] GC(12) Humongous regions: 4->4
[2025-09-23T11:02:22.172+0000][66][gc,metaspace] GC(12) Metaspace: 131679K(135040K)->131679K(135040K) NonClass: 114226K(115968K)->114226K(115968K) Class: 17452K(19072K)->17452K(19072K)
[2025-09-23T11:02:22.172+0000][66][gc          ] GC(12) Pause Young (Normal) (G1 Evacuation Pause) 424M->139M(2048M) 80.446ms
[2025-09-23T11:02:22.172+0000][66][gc,cpu      ] GC(12) User=0.53s Sys=0.01s Real=0.08s
[2025-09-23T11:02:22.176+0000][66][safepoint   ] Safepoint "G1CollectForAllocation", Time since last: 61996958 ns, Reaching safepoint: 175209 ns, At safepoint: 84465125 ns, Total: 84640334 ns
[2025-09-23T11:02:23.131+0000][66][safepoint   ] Safepoint "ICBufferFull", Time since last: 954632584 ns, Reaching safepoint: 190041 ns, At safepoint: 6042 ns, Total: 196083 ns
[2025-09-23T11:02:23.274+0000][66][safepoint   ] Safepoint "ICBufferFull", Time since last: 141175875 ns, Reaching safepoint: 1621458 ns, At safepoint: 30584 ns, Total: 1652042 ns
[2025-09-23T11:02:24.276+0000][66][safepoint   ] Safepoint "Cleanup", Time since last: 1001566167 ns, Reaching safepoint: 150250 ns, At safepoint: 4000 ns, Total: 154250 ns
[2025-09-23T11:02:25.277+0000][66][safepoint   ] Safepoint "Cleanup", Time since last: 1000712584 ns, Reaching safepoint: 875958 ns, At safepoint: 67000 ns, Total: 942958 ns
[2025-09-23T11:02:26.229+0000][66][safepoint   ] Safepoint "ICBufferFull", Time since last: 950232375 ns, Reaching safepoint: 1178709 ns, At safepoint: 34000 ns, Total: 1212709 ns
[2025-09-23T11:02:27.231+0000][66][safepoint   ] Safepoint "Cleanup", Time since last: 1001591042 ns, Reaching safepoint: 382875 ns, At safepoint: 6917 ns, Total: 389792 ns
[2025-09-23T11:02:28.231+0000][66][safepoint   ] Safepoint "Cleanup", Time since last: 1000558708 ns, Reaching safepoint: 130167 ns, At safepoint: 3000 ns, Total: 133167 ns
[2025-09-23T11:02:29.239+0000][66][safepoint   ] Safepoint "Cleanup", Time since last: 1005291709 ns, Reaching safepoint: 2163917 ns, At safepoint: 21000 ns, Total: 2184917 ns
[2025-09-23T11:02:31.067+0000][66][safepoint   ] Safepoint "ICBufferFull", Time since last: 1827608667 ns, Reaching safepoint: 479708 ns, At safepoint: 4625 ns, Total: 484333 ns
[2025-09-23T11:02:32.069+0000][66][safepoint   ] Safepoint "Cleanup", Time since last: 1001550626 ns, Reaching safepoint: 243375 ns, At safepoint: 10417 ns, Total: 253792 ns
[2025-09-23T11:02:33.070+0000][66][safepoint   ] Safepoint "Cleanup", Time since last: 1000510042 ns, Reaching safepoint: 145916 ns, At safepoint: 4459 ns, Total: 150375 ns
[2025-09-23T11:02:34.071+0000][66][safepoint   ] Safepoint "Cleanup", Time since last: 1000840375 ns, Reaching safepoint: 145084 ns, At safepoint: 3666 ns, Total: 148750 ns
[2025-09-23T11:02:35.072+0000][66][safepoint   ] Safepoint "Cleanup", Time since last: 1001097376 ns, Reaching safepoint: 169541 ns, At safepoint: 8084 ns, Total: 177625 ns
[2025-09-23T11:02:37.079+0000][66][safepoint   ] Safepoint "Cleanup", Time since last: 2003897959 ns, Reaching safepoint: 832792 ns, At safepoint: 2867041 ns, Total: 3699833 ns
[2025-09-23T11:02:38.081+0000][66][safepoint   ] Safepoint "Cleanup", Time since last: 1001209042 ns, Reaching safepoint: 392084 ns, At safepoint: 8750 ns, Total: 400834 ns
[2025-09-23T11:02:40.082+0000][66][safepoint   ] Safepoint "Cleanup", Time since last: 2001381917 ns, Reaching safepoint: 74125 ns, At safepoint: 2959 ns, Total: 77084 ns
[2025-09-23T11:02:43.087+0000][66][safepoint   ] Safepoint "Cleanup", Time since last: 3002890584 ns, Reaching safepoint: 1192917 ns, At safepoint: 15833 ns, Total: 1208750 ns
[2025-09-23T11:02:44.090+0000][66][safepoint   ] Safepoint "Cleanup", Time since last: 1000812584 ns, Reaching safepoint: 139250 ns, At safepoint: 3708 ns, Total: 142958 ns
[2025-09-23T11:02:46.092+0000][66][safepoint   ] Safepoint "Cleanup", Time since last: 2001851126 ns, Reaching safepoint: 245875 ns, At safepoint: 3625 ns, Total: 249500 ns
[2025-09-23T11:02:48.094+0000][66][safepoint   ] Safepoint "Cleanup", Time since last: 2001765251 ns, Reaching safepoint: 109584 ns, At safepoint: 3875 ns, Total: 113459 ns
[2025-09-23T11:02:49.095+0000][66][safepoint   ] Safepoint "Cleanup", Time since last: 1000888167 ns, Reaching safepoint: 114875 ns, At safepoint: 3666 ns, Total: 118541 ns
[2025-09-23T11:02:50.095+0000][66][safepoint   ] Safepoint "Cleanup", Time since last: 1000865667 ns, Reaching safepoint: 49084 ns, At safepoint: 2125 ns, Total: 51209 ns
[2025-09-23T11:02:51.099+0000][66][safepoint   ] Safepoint "Cleanup", Time since last: 1000933500 ns, Reaching safepoint: 2518250 ns, At safepoint: 5667 ns, Total: 2523917 ns
[2025-09-23T11:02:52.100+0000][66][safepoint   ] Safepoint "Cleanup", Time since last: 1000723834 ns, Reaching safepoint: 147416 ns, At safepoint: 3375 ns, Total: 150791 ns
[2025-09-23T11:02:53.101+0000][66][safepoint   ] Safepoint "Cleanup", Time since last: 1000813876 ns, Reaching safepoint: 71708 ns, At safepoint: 3417 ns, Total: 75125 ns
[2025-09-23T11:02:54.101+0000][66][safepoint   ] Safepoint "Cleanup", Time since last: 1000709500 ns, Reaching safepoint: 67709 ns, At safepoint: 4125 ns, Total: 71834 ns
[2025-09-23T11:02:55.102+0000][66][safepoint   ] Safepoint "Cleanup", Time since last: 1000168917 ns, Reaching safepoint: 98625 ns, At safepoint: 3792 ns, Total: 102417 ns
[2025-09-23T11:02:56.103+0000][66][safepoint   ] Safepoint "Cleanup", Time since last: 1000668167 ns, Reaching safepoint: 121875 ns, At safepoint: 4041 ns, Total: 125916 ns
[2025-09-23T11:02:58.105+0000][66][safepoint   ] Safepoint "Cleanup", Time since last: 2002584918 ns, Reaching safepoint: 109042 ns, At safepoint: 4541 ns, Total: 113583 ns
[2025-09-23T11:03:01.109+0000][66][safepoint   ] Safepoint "Cleanup", Time since last: 3003878460 ns, Reaching safepoint: 157167 ns, At safepoint: 4666 ns, Total: 161833 ns
[2025-09-23T11:03:02.111+0000][66][safepoint   ] Safepoint "Cleanup", Time since last: 1001361043 ns, Reaching safepoint: 177666 ns, At safepoint: 6792 ns, Total: 184458 ns
[2025-09-23T11:03:03.113+0000][66][safepoint   ] Safepoint "Cleanup", Time since last: 1002613042 ns, Reaching safepoint: 54375 ns, At safepoint: 3417 ns, Total: 57792 ns
[2025-09-23T11:03:04.115+0000][66][safepoint   ] Safepoint "Cleanup", Time since last: 1000953750 ns, Reaching safepoint: 87209 ns, At safepoint: 3875 ns, Total: 91084 ns
[2025-09-23T11:03:05.116+0000][66][safepoint   ] Safepoint "Cleanup", Time since last: 1001106083 ns, Reaching safepoint: 50417 ns, At safepoint: 3250 ns, Total: 53667 ns
[2025-09-23T11:03:07.118+0000][66][safepoint   ] Safepoint "Cleanup", Time since last: 2001728584 ns, Reaching safepoint: 149375 ns, At safepoint: 4000 ns, Total: 153375 ns
[2025-09-23T11:03:08.121+0000][66][safepoint   ] Safepoint "Cleanup", Time since last: 1002949417 ns, Reaching safepoint: 120167 ns, At safepoint: 4000 ns, Total: 124167 ns
[2025-09-23T11:03:10.123+0000][66][safepoint   ] Safepoint "Cleanup", Time since last: 2001746918 ns, Reaching safepoint: 478208 ns, At safepoint: 4625 ns, Total: 482833 ns
[2025-09-23T11:03:11.128+0000][66][safepoint   ] Safepoint "Cleanup", Time since last: 1004521959 ns, Reaching safepoint: 146333 ns, At safepoint: 3834 ns, Total: 150167 ns
[2025-09-23T11:03:12.129+0000][66][safepoint   ] Safepoint "Cleanup", Time since last: 1000843917 ns, Reaching safepoint: 276458 ns, At safepoint: 3417 ns, Total: 279875 ns
[2025-09-23T11:03:12.979+0000][66][safepoint   ] Safepoint "ICBufferFull", Time since last: 849937875 ns, Reaching safepoint: 127042 ns, At safepoint: 3458 ns, Total: 130500 ns
[2025-09-23T11:03:13.981+0000][66][safepoint   ] Safepoint "Cleanup", Time since last: 1002667292 ns, Reaching safepoint: 77625 ns, At safepoint: 3208 ns, Total: 80833 ns
[2025-09-23T11:03:15.984+0000][66][safepoint   ] Safepoint "Cleanup", Time since last: 2002158918 ns, Reaching safepoint: 69500 ns, At safepoint: 2250 ns, Total: 71750 ns
[2025-09-23T11:03:16.986+0000][66][safepoint   ] Safepoint "Cleanup", Time since last: 1002040167 ns, Reaching safepoint: 136375 ns, At safepoint: 3791 ns, Total: 140166 ns
[2025-09-23T11:03:18.987+0000][66][safepoint   ] Safepoint "Cleanup", Time since last: 2000949918 ns, Reaching safepoint: 142333 ns, At safepoint: 3417 ns, Total: 145750 ns
[2025-09-23T11:03:19.987+0000][66][safepoint   ] Safepoint "Cleanup", Time since last: 1000482000 ns, Reaching safepoint: 58667 ns, At safepoint: 3333 ns, Total: 62000 ns
[2025-09-23T11:03:20.991+0000][66][safepoint   ] Safepoint "Cleanup", Time since last: 1002887251 ns, Reaching safepoint: 260958 ns, At safepoint: 7250 ns, Total: 268208 ns
[2025-09-23T11:03:21.996+0000][66][safepoint   ] Safepoint "Cleanup", Time since last: 1004943084 ns, Reaching safepoint: 86792 ns, At safepoint: 3666 ns, Total: 90458 ns
[2025-09-23T11:03:22.997+0000][66][safepoint   ] Safepoint "Cleanup", Time since last: 1000908459 ns, Reaching safepoint: 107834 ns, At safepoint: 4500 ns, Total: 112334 ns
[2025-09-23T11:03:24.998+0000][66][safepoint   ] Safepoint "Cleanup", Time since last: 2001660876 ns, Reaching safepoint: 80583 ns, At safepoint: 3167 ns, Total: 83750 ns
[2025-09-23T11:03:26.000+0000][66][safepoint   ] Safepoint "Cleanup", Time since last: 1001311250 ns, Reaching safepoint: 110083 ns, At safepoint: 9125 ns, Total: 119208 ns
[2025-09-23T11:03:28.002+0000][66][safepoint   ] Safepoint "Cleanup", Time since last: 2001710585 ns, Reaching safepoint: 74916 ns, At safepoint: 4125 ns, Total: 79041 ns
[2025-09-23T11:03:30.996+0000][66][safepoint   ] Safepoint "ICBufferFull", Time since last: 2994164793 ns, Reaching safepoint: 153209 ns, At safepoint: 6291 ns, Total: 159500 ns
[2025-09-23T11:03:31.997+0000][66][safepoint   ] Safepoint "Cleanup", Time since last: 1001368668 ns, Reaching safepoint: 107666 ns, At safepoint: 5042 ns, Total: 112708 ns
[2025-09-23T11:03:33.999+0000][66][safepoint   ] Safepoint "Cleanup", Time since last: 2001918626 ns, Reaching safepoint: 138833 ns, At safepoint: 3625 ns, Total: 142458 ns
[2025-09-23T11:03:35.000+0000][66][safepoint   ] Safepoint "Cleanup", Time since last: 1000830417 ns, Reaching safepoint: 120209 ns, At safepoint: 3125 ns, Total: 123334 ns
[2025-09-23T11:03:36.001+0000][66][safepoint   ] Safepoint "Cleanup", Time since last: 1000883917 ns, Reaching safepoint: 62291 ns, At safepoint: 3292 ns, Total: 65583 ns
[2025-09-23T11:03:37.007+0000][66][safepoint   ] Safepoint "Cleanup", Time since last: 1003966792 ns, Reaching safepoint: 2083334 ns, At safepoint: 32541 ns, Total: 2115875 ns
[2025-09-23T11:03:38.008+0000][66][safepoint   ] Safepoint "Cleanup", Time since last: 1000853292 ns, Reaching safepoint: 100584 ns, At safepoint: 3833 ns, Total: 104417 ns
[2025-09-23T11:03:39.903+0000][66][safepoint   ] Safepoint "Cleanup", Time since last: 1894169126 ns, Reaching safepoint: 40500 ns, At safepoint: 10792 ns, Total: 51292 ns
[2025-09-23T11:03:40.904+0000][66][safepoint   ] Safepoint "Cleanup", Time since last: 1000885583 ns, Reaching safepoint: 196125 ns, At safepoint: 3959 ns, Total: 200084 ns
[2025-09-23T11:03:42.907+0000][66][safepoint   ] Safepoint "Cleanup", Time since last: 2002832917 ns, Reaching safepoint: 172167 ns, At safepoint: 8542 ns, Total: 180709 ns
[2025-09-23T11:03:43.915+0000][66][safepoint   ] Safepoint "Cleanup", Time since last: 1008209125 ns, Reaching safepoint: 90583 ns, At safepoint: 3625 ns, Total: 94208 ns
[2025-09-23T11:03:45.917+0000][66][safepoint   ] Safepoint "Cleanup", Time since last: 2001261251 ns, Reaching safepoint: 47500 ns, At safepoint: 1709 ns, Total: 49209 ns
[2025-09-23T11:03:47.921+0000][66][safepoint   ] Safepoint "Cleanup", Time since last: 2004518584 ns, Reaching safepoint: 30250 ns, At safepoint: 1916 ns, Total: 32166 ns
[2025-09-23T11:03:48.922+0000][66][safepoint   ] Safepoint "Cleanup", Time since last: 1000572918 ns, Reaching safepoint: 70458 ns, At safepoint: 6417 ns, Total: 76875 ns
[2025-09-23T11:03:49.942+0000][66][safepoint   ] Safepoint "Cleanup", Time since last: 1019981458 ns, Reaching safepoint: 105625 ns, At safepoint: 4042 ns, Total: 109667 ns
[2025-09-23T11:03:51.944+0000][66][safepoint   ] Safepoint "Cleanup", Time since last: 2001661084 ns, Reaching safepoint: 210042 ns, At safepoint: 3667 ns, Total: 213709 ns
[2025-09-23T11:03:53.917+0000][66][safepoint   ] Safepoint "Cleanup", Time since last: 1972774209 ns, Reaching safepoint: 91583 ns, At safepoint: 3584 ns, Total: 95167 ns
[2025-09-23T11:03:54.918+0000][66][safepoint   ] Safepoint "Cleanup", Time since last: 1000912792 ns, Reaching safepoint: 121750 ns, At safepoint: 3458 ns, Total: 125208 ns
[2025-09-23T11:03:55.919+0000][66][safepoint   ] Safepoint "Cleanup", Time since last: 1001367167 ns, Reaching safepoint: 113917 ns, At safepoint: 3542 ns, Total: 117459 ns
[2025-09-23T11:03:56.920+0000][66][safepoint   ] Safepoint "Cleanup", Time since last: 1000438083 ns, Reaching safepoint: 132834 ns, At safepoint: 3625 ns, Total: 136459 ns
[2025-09-23T11:03:57.922+0000][66][safepoint   ] Safepoint "Cleanup", Time since last: 1002272292 ns, Reaching safepoint: 182083 ns, At safepoint: 14000 ns, Total: 196083 ns
[2025-09-23T11:03:58.924+0000][66][safepoint   ] Safepoint "Cleanup", Time since last: 1001392876 ns, Reaching safepoint: 120833 ns, At safepoint: 5583 ns, Total: 126416 ns
[2025-09-23T11:04:00.926+0000][66][safepoint   ] Safepoint "Cleanup", Time since last: 2001828960 ns, Reaching safepoint: 203916 ns, At safepoint: 3584 ns, Total: 207500 ns
[2025-09-23T11:04:01.927+0000][66][safepoint   ] Safepoint "Cleanup", Time since last: 1000798458 ns, Reaching safepoint: 155500 ns, At safepoint: 25375 ns, Total: 180875 ns
[2025-09-23T11:04:02.928+0000][66][safepoint   ] Safepoint "Cleanup", Time since last: 1001016001 ns, Reaching safepoint: 57417 ns, At safepoint: 1666 ns, Total: 59083 ns
[2025-09-23T11:04:04.930+0000][66][safepoint   ] Safepoint "Cleanup", Time since last: 2001966376 ns, Reaching safepoint: 87417 ns, At safepoint: 3708 ns, Total: 91125 ns
[2025-09-23T11:04:05.931+0000][66][safepoint   ] Safepoint "Cleanup", Time since last: 1000676792 ns, Reaching safepoint: 52459 ns, At safepoint: 2375 ns, Total: 54834 ns
[2025-09-23T11:04:07.933+0000][66][safepoint   ] Safepoint "Cleanup", Time since last: 2001940792 ns, Reaching safepoint: 132709 ns, At safepoint: 3458 ns, Total: 136167 ns
[2025-09-23T11:04:09.935+0000][66][safepoint   ] Safepoint "Cleanup", Time since last: 2001854293 ns, Reaching safepoint: 94791 ns, At safepoint: 3542 ns, Total: 98333 ns
[2025-09-23T11:04:10.936+0000][66][safepoint   ] Safepoint "Cleanup", Time since last: 1001283584 ns, Reaching safepoint: 83791 ns, At safepoint: 9334 ns, Total: 93125 ns
[2025-09-23T11:04:12.939+0000][66][safepoint   ] Safepoint "Cleanup", Time since last: 2002609792 ns, Reaching safepoint: 305834 ns, At safepoint: 26666 ns, Total: 332500 ns
[2025-09-23T11:04:13.941+0000][66][safepoint   ] Safepoint "Cleanup", Time since last: 1001626834 ns, Reaching safepoint: 237792 ns, At safepoint: 6291 ns, Total: 244083 ns
[2025-09-23T11:04:15.943+0000][66][safepoint   ] Safepoint "Cleanup", Time since last: 2001742668 ns, Reaching safepoint: 88458 ns, At safepoint: 3875 ns, Total: 92333 ns
[2025-09-23T11:04:18.946+0000][66][safepoint   ] Safepoint "Cleanup", Time since last: 3002924710 ns, Reaching safepoint: 210458 ns, At safepoint: 17667 ns, Total: 228125 ns
[2025-09-23T11:04:19.950+0000][66][safepoint   ] Safepoint "Cleanup", Time since last: 1003569792 ns, Reaching safepoint: 127750 ns, At safepoint: 17125 ns, Total: 144875 ns
[2025-09-23T11:04:21.953+0000][66][safepoint   ] Safepoint "Cleanup", Time since last: 2003014376 ns, Reaching safepoint: 68917 ns, At safepoint: 3416 ns, Total: 72333 ns
[2025-09-23T11:04:22.954+0000][66][safepoint   ] Safepoint "Cleanup", Time since last: 1001108793 ns, Reaching safepoint: 45000 ns, At safepoint: 1875 ns, Total: 46875 ns
[2025-09-23T11:04:24.956+0000][66][safepoint   ] Safepoint "Cleanup", Time since last: 2002019167 ns, Reaching safepoint: 169875 ns, At safepoint: 11167 ns, Total: 181042 ns
[2025-09-23T11:04:25.957+0000][66][safepoint   ] Safepoint "Cleanup", Time since last: 1000585000 ns, Reaching safepoint: 146125 ns, At safepoint: 3667 ns, Total: 149792 ns
[2025-09-23T11:04:27.959+0000][66][safepoint   ] Safepoint "Cleanup", Time since last: 2002333918 ns, Reaching safepoint: 62208 ns, At safepoint: 2917 ns, Total: 65125 ns
[2025-09-23T11:04:30.961+0000][66][safepoint   ] Safepoint "Cleanup", Time since last: 3001600251 ns, Reaching safepoint: 91000 ns, At safepoint: 16500 ns, Total: 107500 ns
[2025-09-23T11:04:31.962+0000][66][safepoint   ] Safepoint "Cleanup", Time since last: 1000745500 ns, Reaching safepoint: 302042 ns, At safepoint: 4292 ns, Total: 306334 ns
[2025-09-23T11:04:32.964+0000][66][safepoint   ] Safepoint "Cleanup", Time since last: 1001666209 ns, Reaching safepoint: 56000 ns, At safepoint: 3083 ns, Total: 59083 ns
[2025-09-23T11:04:33.965+0000][66][safepoint   ] Safepoint "Cleanup", Time since last: 1001399542 ns, Reaching safepoint: 57375 ns, At safepoint: 2333 ns, Total: 59708 ns
[2025-09-23T11:04:34.966+0000][66][safepoint   ] Safepoint "Cleanup", Time since last: 1000504209 ns, Reaching safepoint: 144209 ns, At safepoint: 3708 ns, Total: 147917 ns
[2025-09-23T11:04:36.968+0000][66][safepoint   ] Safepoint "Cleanup", Time since last: 2001859418 ns, Reaching safepoint: 98541 ns, At safepoint: 4084 ns, Total: 102625 ns
[2025-09-23T11:04:37.970+0000][66][safepoint   ] Safepoint "Cleanup", Time since last: 1001880375 ns, Reaching safepoint: 53083 ns, At safepoint: 3000 ns, Total: 56083 ns
[2025-09-23T11:04:39.972+0000][66][safepoint   ] Safepoint "Cleanup", Time since last: 2001993043 ns, Reaching safepoint: 148417 ns, At safepoint: 6875 ns, Total: 155292 ns
[2025-09-23T11:04:40.973+0000][66][safepoint   ] Safepoint "Cleanup", Time since last: 1000803250 ns, Reaching safepoint: 91625 ns, At safepoint: 3167 ns, Total: 94792 ns
[2025-09-23T11:04:42.978+0000][66][safepoint   ] Safepoint "Cleanup", Time since last: 2004890876 ns, Reaching safepoint: 103625 ns, At safepoint: 3500 ns, Total: 107125 ns
[2025-09-23T11:04:43.981+0000][66][safepoint   ] Safepoint "Cleanup", Time since last: 1003915791 ns, Reaching safepoint: 208542 ns, At safepoint: 4417 ns, Total: 212959 ns
[2025-09-23T11:04:45.983+0000][66][safepoint   ] Safepoint "Cleanup", Time since last: 2001809167 ns, Reaching safepoint: 185334 ns, At safepoint: 6458 ns, Total: 191792 ns
[2025-09-23T11:04:48.986+0000][66][safepoint   ] Safepoint "Cleanup", Time since last: 3002757460 ns, Reaching safepoint: 428791 ns, At safepoint: 12125 ns, Total: 440916 ns
[2025-09-23T11:04:49.987+0000][66][safepoint   ] Safepoint "Cleanup", Time since last: 1000651334 ns, Reaching safepoint: 115458 ns, At safepoint: 4167 ns, Total: 119625 ns
[2025-09-23T11:04:50.988+0000][66][safepoint   ] Safepoint "Cleanup", Time since last: 1000800751 ns, Reaching safepoint: 66666 ns, At safepoint: 2750 ns, Total: 69416 ns
[2025-09-23T11:04:51.989+0000][66][safepoint   ] Safepoint "Cleanup", Time since last: 1001093626 ns, Reaching safepoint: 206916 ns, At safepoint: 3209 ns, Total: 210125 ns
[2025-09-23T11:04:54.993+0000][66][safepoint   ] Safepoint "Cleanup", Time since last: 3003740876 ns, Reaching safepoint: 164542 ns, At safepoint: 51541 ns, Total: 216083 ns
[2025-09-23T11:04:55.994+0000][66][safepoint   ] Safepoint "Cleanup", Time since last: 1000741459 ns, Reaching safepoint: 105250 ns, At safepoint: 7625 ns, Total: 112875 ns
[2025-09-23T11:04:57.996+0000][66][safepoint   ] Safepoint "Cleanup", Time since last: 2002093793 ns, Reaching safepoint: 84875 ns, At safepoint: 4375 ns, Total: 89250 ns
[2025-09-23T11:05:00.999+0000][66][safepoint   ] Safepoint "Cleanup", Time since last: 3002730960 ns, Reaching safepoint: 165958 ns, At safepoint: 3625 ns, Total: 169583 ns
[2025-09-23T11:05:02.003+0000][66][safepoint   ] Safepoint "Cleanup", Time since last: 1003758542 ns, Reaching safepoint: 117167 ns, At safepoint: 5625 ns, Total: 122792 ns
[2025-09-23T11:05:04.005+0000][66][safepoint   ] Safepoint "Cleanup", Time since last: 2001862917 ns, Reaching safepoint: 263125 ns, At safepoint: 4167 ns, Total: 267292 ns
[2025-09-23T11:05:05.010+0000][66][safepoint   ] Safepoint "Cleanup", Time since last: 1004728459 ns, Reaching safepoint: 60875 ns, At safepoint: 2167 ns, Total: 63042 ns
[2025-09-23T11:05:06.012+0000][66][safepoint   ] Safepoint "Cleanup", Time since last: 1000945458 ns, Reaching safepoint: 908292 ns, At safepoint: 4625 ns, Total: 912917 ns
[2025-09-23T11:05:07.015+0000][66][safepoint   ] Safepoint "Cleanup", Time since last: 1003076084 ns, Reaching safepoint: 81667 ns, At safepoint: 7875 ns, Total: 89542 ns
[2025-09-23T11:05:08.016+0000][66][safepoint   ] Safepoint "Cleanup", Time since last: 1000907708 ns, Reaching safepoint: 131834 ns, At safepoint: 3666 ns, Total: 135500 ns
[2025-09-23T11:05:10.020+0000][66][safepoint   ] Safepoint "Cleanup", Time since last: 2003882501 ns, Reaching safepoint: 150084 ns, At safepoint: 4041 ns, Total: 154125 ns
[2025-09-23T11:05:13.025+0000][66][safepoint   ] Safepoint "Cleanup", Time since last: 3004849585 ns, Reaching safepoint: 118375 ns, At safepoint: 3375 ns, Total: 121750 ns
[2025-09-23T11:05:14.029+0000][66][safepoint   ] Safepoint "Cleanup", Time since last: 1003282167 ns, Reaching safepoint: 100083 ns, At safepoint: 3542 ns, Total: 103625 ns
[2025-09-23T11:05:16.030+0000][66][safepoint   ] Safepoint "Cleanup", Time since last: 2000517251 ns, Reaching safepoint: 171417 ns, At safepoint: 4125 ns, Total: 175542 ns
[2025-09-23T11:05:19.033+0000][66][safepoint   ] Safepoint "Cleanup", Time since last: 3003291626 ns, Reaching safepoint: 197500 ns, At safepoint: 6375 ns, Total: 203875 ns
[2025-09-23T11:05:20.035+0000][66][safepoint   ] Safepoint "Cleanup", Time since last: 1001280792 ns, Reaching safepoint: 209333 ns, At safepoint: 19875 ns, Total: 229208 ns
[2025-09-23T11:05:22.040+0000][66][safepoint   ] Safepoint "Cleanup", Time since last: 2005016918 ns, Reaching safepoint: 119000 ns, At safepoint: 3458 ns, Total: 122458 ns
[2025-09-23T11:05:25.043+0000][66][safepoint   ] Safepoint "Cleanup", Time since last: 3002616377 ns, Reaching safepoint: 556708 ns, At safepoint: 8084 ns, Total: 564792 ns
[2025-09-23T11:05:26.044+0000][66][safepoint   ] Safepoint "Cleanup", Time since last: 1000453042 ns, Reaching safepoint: 145416 ns, At safepoint: 3167 ns, Total: 148583 ns
[2025-09-23T11:05:28.046+0000][66][safepoint   ] Safepoint "Cleanup", Time since last: 2001857501 ns, Reaching safepoint: 44958 ns, At safepoint: 2125 ns, Total: 47083 ns
[2025-09-23T11:05:31.055+0000][66][safepoint   ] Safepoint "Cleanup", Time since last: 3008251585 ns, Reaching safepoint: 990542 ns, At safepoint: 13333 ns, Total: 1003875 ns
[2025-09-23T11:05:32.056+0000][66][safepoint   ] Safepoint "Cleanup", Time since last: 1000703584 ns, Reaching safepoint: 152542 ns, At safepoint: 18291 ns, Total: 170833 ns
[2025-09-23T11:05:33.057+0000][66][safepoint   ] Safepoint "Cleanup", Time since last: 1001054417 ns, Reaching safepoint: 62459 ns, At safepoint: 2958 ns, Total: 65417 ns
[2025-09-23T11:05:34.058+0000][66][safepoint   ] Safepoint "Cleanup", Time since last: 1000707125 ns, Reaching safepoint: 56542 ns, At safepoint: 3125 ns, Total: 59667 ns
[2025-09-23T11:05:35.059+0000][66][safepoint   ] Safepoint "Cleanup", Time since last: 1000944834 ns, Reaching safepoint: 56208 ns, At safepoint: 1584 ns, Total: 57792 ns
[2025-09-23T11:05:37.063+0000][66][safepoint   ] Safepoint "Cleanup", Time since last: 2003920834 ns, Reaching safepoint: 170375 ns, At safepoint: 3250 ns, Total: 173625 ns
[2025-09-23T11:05:38.066+0000][66][safepoint   ] Safepoint "Cleanup", Time since last: 1002544459 ns, Reaching safepoint: 139166 ns, At safepoint: 3542 ns, Total: 142708 ns
[2025-09-23T11:05:40.070+0000][66][safepoint   ] Safepoint "Cleanup", Time since last: 2004141251 ns, Reaching safepoint: 88500 ns, At safepoint: 3583 ns, Total: 92083 ns
[2025-09-23T11:05:43.077+0000][66][safepoint   ] Safepoint "Cleanup", Time since last: 3006904710 ns, Reaching safepoint: 85333 ns, At safepoint: 3000 ns, Total: 88333 ns
[2025-09-23T11:05:44.078+0000][66][safepoint   ] Safepoint "Cleanup", Time since last: 1000938125 ns, Reaching safepoint: 140209 ns, At safepoint: 10708 ns, Total: 150917 ns
[2025-09-23T11:05:46.079+0000][66][safepoint   ] Safepoint "Cleanup", Time since last: 2001072626 ns, Reaching safepoint: 160125 ns, At safepoint: 3917 ns, Total: 164042 ns
[2025-09-23T11:05:48.081+0000][66][safepoint   ] Safepoint "Cleanup", Time since last: 2001600126 ns, Reaching safepoint: 65333 ns, At safepoint: 3125 ns, Total: 68458 ns
[2025-09-23T11:05:49.082+0000][66][safepoint   ] Safepoint "Cleanup", Time since last: 1000929042 ns, Reaching safepoint: 185083 ns, At safepoint: 5417 ns, Total: 190500 ns
[2025-09-23T11:05:50.083+0000][66][safepoint   ] Safepoint "Cleanup", Time since last: 1001046917 ns, Reaching safepoint: 43583 ns, At safepoint: 2084 ns, Total: 45667 ns
[2025-09-23T11:05:51.085+0000][66][safepoint   ] Safepoint "Cleanup", Time since last: 1001200417 ns, Reaching safepoint: 114833 ns, At safepoint: 3542 ns, Total: 118375 ns
[2025-09-23T11:05:52.086+0000][66][safepoint   ] Safepoint "Cleanup", Time since last: 1000955625 ns, Reaching safepoint: 134542 ns, At safepoint: 3458 ns, Total: 138000 ns
[2025-09-23T11:05:54.087+0000][66][safepoint   ] Safepoint "Cleanup", Time since last: 2001531835 ns, Reaching safepoint: 72458 ns, At safepoint: 6625 ns, Total: 79083 ns
[2025-09-23T11:05:55.088+0000][66][safepoint   ] Safepoint "Cleanup", Time since last: 1000706459 ns, Reaching safepoint: 137292 ns, At safepoint: 3083 ns, Total: 140375 ns
[2025-09-23T11:05:56.089+0000][66][safepoint   ] Safepoint "Cleanup", Time since last: 1001083209 ns, Reaching safepoint: 84416 ns, At safepoint: 3000 ns, Total: 87416 ns
[2025-09-23T11:05:58.090+0000][66][safepoint   ] Safepoint "Cleanup", Time since last: 2000849293 ns, Reaching safepoint: 179417 ns, At safepoint: 3625 ns, Total: 183042 ns
[2025-09-23T11:06:01.093+0000][66][safepoint   ] Safepoint "Cleanup", Time since last: 3002759584 ns, Reaching safepoint: 266375 ns, At safepoint: 4167 ns, Total: 270542 ns
[2025-09-23T11:06:02.095+0000][66][safepoint   ] Safepoint "Cleanup", Time since last: 1001615042 ns, Reaching safepoint: 131500 ns, At safepoint: 3667 ns, Total: 135167 ns
[2025-09-23T11:06:04.098+0000][66][safepoint   ] Safepoint "Cleanup", Time since last: 2003154709 ns, Reaching safepoint: 187375 ns, At safepoint: 3625 ns, Total: 191000 ns
[2025-09-23T11:06:05.101+0000][66][safepoint   ] Safepoint "Cleanup", Time since last: 1002512042 ns, Reaching safepoint: 72750 ns, At safepoint: 3292 ns, Total: 76042 ns
[2025-09-23T11:06:06.102+0000][66][safepoint   ] Safepoint "Cleanup", Time since last: 1000936334 ns, Reaching safepoint: 49708 ns, At safepoint: 2000 ns, Total: 51708 ns
[2025-09-23T11:06:07.103+0000][66][safepoint   ] Safepoint "Cleanup", Time since last: 1001183001 ns, Reaching safepoint: 123750 ns, At safepoint: 3166 ns, Total: 126916 ns
[2025-09-23T11:06:08.104+0000][66][safepoint   ] Safepoint "Cleanup", Time since last: 1000789376 ns, Reaching safepoint: 175166 ns, At safepoint: 4125 ns, Total: 179291 ns
[2025-09-23T11:06:10.106+0000][66][safepoint   ] Safepoint "Cleanup", Time since last: 2001904376 ns, Reaching safepoint: 118250 ns, At safepoint: 4167 ns, Total: 122417 ns
[2025-09-23T11:06:13.111+0000][66][safepoint   ] Safepoint "Cleanup", Time since last: 3004361793 ns, Reaching safepoint: 127083 ns, At safepoint: 3417 ns, Total: 130500 ns
[2025-09-23T11:06:14.112+0000][66][safepoint   ] Safepoint "Cleanup", Time since last: 1001165000 ns, Reaching safepoint: 68542 ns, At safepoint: 3333 ns, Total: 71875 ns
[2025-09-23T11:06:16.114+0000][66][safepoint   ] Safepoint "Cleanup", Time since last: 2001991751 ns, Reaching safepoint: 182542 ns, At safepoint: 4041 ns, Total: 186583 ns
[2025-09-23T11:06:19.117+0000][66][safepoint   ] Safepoint "Cleanup", Time since last: 3002722460 ns, Reaching safepoint: 162625 ns, At safepoint: 6583 ns, Total: 169208 ns
[2025-09-23T11:06:20.123+0000][66][safepoint   ] Safepoint "Cleanup", Time since last: 1005864501 ns, Reaching safepoint: 113041 ns, At safepoint: 3834 ns, Total: 116875 ns
[2025-09-23T11:06:20.840+0000][66][safepoint   ] Safepoint "ICBufferFull", Time since last: 716894167 ns, Reaching safepoint: 170917 ns, At safepoint: 10125 ns, Total: 181042 ns
[2025-09-23T11:06:20.861+0000][66][safepoint   ] Safepoint "ICBufferFull", Time since last: 20450833 ns, Reaching safepoint: 202875 ns, At safepoint: 11083 ns, Total: 213958 ns
[2025-09-23T11:06:21.103+0000][66][safepoint   ] Safepoint "ICBufferFull", Time since last: 242119417 ns, Reaching safepoint: 163250 ns, At safepoint: 6625 ns, Total: 169875 ns
[2025-09-23T11:06:21.581+0000][66][safepoint   ] Safepoint "ICBufferFull", Time since last: 477845667 ns, Reaching safepoint: 166542 ns, At safepoint: 7166 ns, Total: 173708 ns
[2025-09-23T11:06:22.004+0000][66][safepoint   ] Safepoint "ICBufferFull", Time since last: 422764500 ns, Reaching safepoint: 143167 ns, At safepoint: 9792 ns, Total: 152959 ns
[2025-09-23T11:06:23.008+0000][66][safepoint   ] Safepoint "Cleanup", Time since last: 1003877375 ns, Reaching safepoint: 363209 ns, At safepoint: 106333 ns, Total: 469542 ns
[2025-09-23T11:06:24.012+0000][66][safepoint   ] Safepoint "Cleanup", Time since last: 1003533584 ns, Reaching safepoint: 178958 ns, At safepoint: 3833 ns, Total: 182791 ns
[2025-09-23T11:06:25.013+0000][66][safepoint   ] Safepoint "Cleanup", Time since last: 1000878167 ns, Reaching safepoint: 319375 ns, At safepoint: 5000 ns, Total: 324375 ns
[2025-09-23T11:06:26.014+0000][66][safepoint   ] Safepoint "Cleanup", Time since last: 1000625251 ns, Reaching safepoint: 116375 ns, At safepoint: 4583 ns, Total: 120958 ns
[2025-09-23T11:06:27.015+0000][66][safepoint   ] Safepoint "Cleanup", Time since last: 1000893334 ns, Reaching safepoint: 103167 ns, At safepoint: 3541 ns, Total: 106708 ns
[2025-09-23T11:06:28.688+0000][66][safepoint   ] Safepoint "Cleanup", Time since last: 1671883626 ns, Reaching safepoint: 1310042 ns, At safepoint: 21583 ns, Total: 1331625 ns
[2025-09-23T11:06:28.764+0000][66][safepoint   ] Safepoint "ICBufferFull", Time since last: 75377000 ns, Reaching safepoint: 163000 ns, At safepoint: 10459 ns, Total: 173459 ns
[2025-09-23T11:06:29.775+0000][66][safepoint   ] Safepoint "Cleanup", Time since last: 1011127875 ns, Reaching safepoint: 385667 ns, At safepoint: 11250 ns, Total: 396917 ns
[2025-09-23T11:06:31.778+0000][66][safepoint   ] Safepoint "Cleanup", Time since last: 2002361001 ns, Reaching safepoint: 154166 ns, At safepoint: 4250 ns, Total: 158416 ns
[2025-09-23T11:06:32.779+0000][66][safepoint   ] Safepoint "Cleanup", Time since last: 1001103251 ns, Reaching safepoint: 166417 ns, At safepoint: 3708 ns, Total: 170125 ns
[2025-09-23T11:06:33.780+0000][66][safepoint   ] Safepoint "Cleanup", Time since last: 1000806459 ns, Reaching safepoint: 203375 ns, At safepoint: 5333 ns, Total: 208708 ns
[2025-09-23T11:06:34.781+0000][66][safepoint   ] Safepoint "Cleanup", Time since last: 1000767125 ns, Reaching safepoint: 120500 ns, At safepoint: 3709 ns, Total: 124209 ns
[2025-09-23T11:06:35.783+0000][66][safepoint   ] Safepoint "Cleanup", Time since last: 1001003875 ns, Reaching safepoint: 740167 ns, At safepoint: 19750 ns, Total: 759917 ns
[2025-09-23T11:06:37.786+0000][66][safepoint   ] Safepoint "Cleanup", Time since last: 2002241251 ns, Reaching safepoint: 978833 ns, At safepoint: 13834 ns, Total: 992667 ns
[2025-09-23T11:06:38.788+0000][66][safepoint   ] Safepoint "Cleanup", Time since last: 1001917042 ns, Reaching safepoint: 183750 ns, At safepoint: 26375 ns, Total: 210125 ns
[2025-09-23T11:06:40.790+0000][66][safepoint   ] Safepoint "Cleanup", Time since last: 2001788501 ns, Reaching safepoint: 221500 ns, At safepoint: 9291 ns, Total: 230791 ns
[2025-09-23T11:06:42.441+0000][66][gc,start    ] GC(13) Pause Young (Normal) (G1 Evacuation Pause)
[2025-09-23T11:06:42.442+0000][66][gc,task     ] GC(13) Using 8 workers of 8 for evacuation
[2025-09-23T11:06:42.442+0000][66][gc,age      ] GC(13) Desired survivor size 81788928 bytes, new threshold 15 (max threshold 15)
[2025-09-23T11:06:42.504+0000][66][gc,phases   ] GC(13)   Pre Evacuate Collection Set: 0.5ms
[2025-09-23T11:06:42.505+0000][66][gc,phases   ] GC(13)   Merge Heap Roots: 0.2ms
[2025-09-23T11:06:42.505+0000][66][gc,phases   ] GC(13)   Evacuate Collection Set: 58.7ms
[2025-09-23T11:06:42.505+0000][66][gc,phases   ] GC(13)   Post Evacuate Collection Set: 2.9ms
[2025-09-23T11:06:42.505+0000][66][gc,phases   ] GC(13)   Other: 0.6ms
[2025-09-23T11:06:42.505+0000][66][gc,age      ] GC(13) Age table with threshold 15 (max threshold 15)
[2025-09-23T11:06:42.505+0000][66][gc,age      ] GC(13) - age   1:   13107672 bytes,   13107672 total
[2025-09-23T11:06:42.505+0000][66][gc,age      ] GC(13) - age   2:    6120456 bytes,   19228128 total
[2025-09-23T11:06:42.505+0000][66][gc,heap     ] GC(13) Eden regions: 303->0(301)
[2025-09-23T11:06:42.505+0000][66][gc,heap     ] GC(13) Survivor regions: 4->6(39)
[2025-09-23T11:06:42.505+0000][66][gc,heap     ] GC(13) Old regions: 27->27
[2025-09-23T11:06:42.505+0000][66][gc,heap     ] GC(13) Archive regions: 2->2
[2025-09-23T11:06:42.505+0000][66][gc,heap     ] GC(13) Humongous regions: 4->4
[2025-09-23T11:06:42.505+0000][66][gc,metaspace] GC(13) Metaspace: 135423K(138880K)->135423K(138880K) NonClass: 117847K(119680K)->117847K(119680K) Class: 17575K(19200K)->17575K(19200K)
[2025-09-23T11:06:42.505+0000][66][gc          ] GC(13) Pause Young (Normal) (G1 Evacuation Pause) 1351M->145M(2048M) 64.362ms
[2025-09-23T11:06:42.505+0000][66][gc,cpu      ] GC(13) User=0.41s Sys=0.01s Real=0.06s
[2025-09-23T11:06:42.505+0000][66][safepoint   ] Safepoint "G1CollectForAllocation", Time since last: 1650619709 ns, Reaching safepoint: 129292 ns, At safepoint: 64576292 ns, Total: 64705584 ns
[2025-09-23T11:06:43.506+0000][66][safepoint   ] Safepoint "Cleanup", Time since last: 1000440959 ns, Reaching safepoint: 106000 ns, At safepoint: 3208 ns, Total: 109208 ns
[2025-09-23T11:06:49.512+0000][66][safepoint   ] Safepoint "Cleanup", Time since last: 6006292961 ns, Reaching safepoint: 975583 ns, At safepoint: 32458 ns, Total: 1008041 ns
[2025-09-23T11:06:50.514+0000][66][safepoint   ] Safepoint "Cleanup", Time since last: 1001600292 ns, Reaching safepoint: 371750 ns, At safepoint: 3792 ns, Total: 375542 ns
[2025-09-23T11:06:53.517+0000][66][safepoint   ] Safepoint "Cleanup", Time since last: 3002608585 ns, Reaching safepoint: 395125 ns, At safepoint: 11416 ns, Total: 406541 ns
[2025-09-23T11:06:55.226+0000][66][safepoint   ] Safepoint "Cleanup", Time since last: 1708989835 ns, Reaching safepoint: 729166 ns, At safepoint: 13459 ns, Total: 742625 ns
[2025-09-23T11:06:56.228+0000][66][safepoint   ] Safepoint "Cleanup", Time since last: 1000844542 ns, Reaching safepoint: 214833 ns, At safepoint: 7625 ns, Total: 222458 ns
[2025-09-23T11:06:57.229+0000][66][safepoint   ] Safepoint "Cleanup", Time since last: 1000837709 ns, Reaching safepoint: 675333 ns, At safepoint: 7417 ns, Total: 682750 ns
[2025-09-23T11:06:58.999+0000][66][safepoint   ] Safepoint "Cleanup", Time since last: 1770273834 ns, Reaching safepoint: 114583 ns, At safepoint: 6625 ns, Total: 121208 ns
[2025-09-23T11:07:02.004+0000][66][safepoint   ] Safepoint "Cleanup", Time since last: 3002934043 ns, Reaching safepoint: 1126375 ns, At safepoint: 118459 ns, Total: 1244834 ns
[2025-09-23T11:07:04.007+0000][66][safepoint   ] Safepoint "Cleanup", Time since last: 2002964876 ns, Reaching safepoint: 206791 ns, At safepoint: 13209 ns, Total: 220000 ns
[2025-09-23T11:07:05.009+0000][66][safepoint   ] Safepoint "Cleanup", Time since last: 1001531834 ns, Reaching safepoint: 412708 ns, At safepoint: 12292 ns, Total: 425000 ns
[2025-09-23T11:07:07.012+0000][66][safepoint   ] Safepoint "Cleanup", Time since last: 2001648334 ns, Reaching safepoint: 1364000 ns, At safepoint: 10042 ns, Total: 1374042 ns
[2025-09-23T11:07:08.013+0000][66][safepoint   ] Safepoint "Cleanup", Time since last: 1000550875 ns, Reaching safepoint: 359667 ns, At safepoint: 4041 ns, Total: 363708 ns
[2025-09-23T11:07:09.014+0000][66][safepoint   ] Safepoint "Cleanup", Time since last: 1000621126 ns, Reaching safepoint: 343708 ns, At safepoint: 8542 ns, Total: 352250 ns
[2025-09-23T11:07:10.021+0000][66][safepoint   ] Safepoint "Cleanup", Time since last: 1003613000 ns, Reaching safepoint: 3991125 ns, At safepoint: 7167 ns, Total: 3998292 ns
[2025-09-23T11:07:11.030+0000][66][safepoint   ] Safepoint "Cleanup", Time since last: 1008046250 ns, Reaching safepoint: 951292 ns, At safepoint: 15417 ns, Total: 966709 ns
[2025-09-23T11:07:11.298+0000][66][safepoint   ] Safepoint "ICBufferFull", Time since last: 249250417 ns, Reaching safepoint: 18041250 ns, At safepoint: 91708 ns, Total: 18132958 ns
[2025-09-23T11:07:11.480+0000][66][safepoint   ] Safepoint "ICBufferFull", Time since last: 181074083 ns, Reaching safepoint: 1179875 ns, At safepoint: 11250 ns, Total: 1191125 ns
[2025-09-23T11:07:11.564+0000][66][safepoint   ] Safepoint "ICBufferFull", Time since last: 82990709 ns, Reaching safepoint: 965166 ns, At safepoint: 31417 ns, Total: 996583 ns
[2025-09-23T11:07:11.656+0000][66][safepoint   ] Safepoint "ICBufferFull", Time since last: 90932542 ns, Reaching safepoint: 1156500 ns, At safepoint: 13250 ns, Total: 1169750 ns
[2025-09-23T11:07:12.772+0000][66][safepoint   ] Safepoint "Cleanup", Time since last: 1115312417 ns, Reaching safepoint: 274167 ns, At safepoint: 10125 ns, Total: 284292 ns
[2025-09-23T11:07:13.773+0000][66][safepoint   ] Safepoint "Cleanup", Time since last: 1000673042 ns, Reaching safepoint: 321041 ns, At safepoint: 5084 ns, Total: 326125 ns
[2025-09-23T11:07:14.774+0000][66][safepoint   ] Safepoint "Cleanup", Time since last: 1000689833 ns, Reaching safepoint: 62000 ns, At safepoint: 2209 ns, Total: 64209 ns
[2025-09-23T11:07:15.775+0000][66][safepoint   ] Safepoint "Cleanup", Time since last: 1000929375 ns, Reaching safepoint: 296167 ns, At safepoint: 6666 ns, Total: 302833 ns
[2025-09-23T11:07:16.776+0000][66][safepoint   ] Safepoint "Cleanup", Time since last: 1000742501 ns, Reaching safepoint: 199250 ns, At safepoint: 20583 ns, Total: 219833 ns
[2025-09-23T11:07:17.778+0000][66][safepoint   ] Safepoint "Cleanup", Time since last: 1001813042 ns, Reaching safepoint: 289667 ns, At safepoint: 7833 ns, Total: 297500 ns
[2025-09-23T11:07:18.782+0000][66][safepoint   ] Safepoint "Cleanup", Time since last: 1002671126 ns, Reaching safepoint: 1445000 ns, At safepoint: 20208 ns, Total: 1465208 ns
[2025-09-23T11:07:19.784+0000][66][safepoint   ] Safepoint "Cleanup", Time since last: 1001490834 ns, Reaching safepoint: 233708 ns, At safepoint: 4042 ns, Total: 237750 ns
[2025-09-23T11:07:20.785+0000][66][safepoint   ] Safepoint "Cleanup", Time since last: 1000747375 ns, Reaching safepoint: 147709 ns, At safepoint: 3916 ns, Total: 151625 ns
[2025-09-23T11:07:21.786+0000][66][safepoint   ] Safepoint "Cleanup", Time since last: 1000961751 ns, Reaching safepoint: 239458 ns, At safepoint: 7542 ns, Total: 247000 ns
[2025-09-23T11:07:22.787+0000][66][safepoint   ] Safepoint "Cleanup", Time since last: 1000696209 ns, Reaching safepoint: 106916 ns, At safepoint: 3542 ns, Total: 110458 ns
[2025-09-23T11:07:25.790+0000][66][safepoint   ] Safepoint "Cleanup", Time since last: 3002900460 ns, Reaching safepoint: 427792 ns, At safepoint: 8916 ns, Total: 436708 ns
[2025-09-23T11:07:28.797+0000][66][safepoint   ] Safepoint "Cleanup", Time since last: 3005654585 ns, Reaching safepoint: 611250 ns, At safepoint: 76333 ns, Total: 687583 ns
[2025-09-23T11:07:31.802+0000][66][safepoint   ] Safepoint "Cleanup", Time since last: 3004307627 ns, Reaching safepoint: 675375 ns, At safepoint: 9916 ns, Total: 685291 ns
[2025-09-23T11:07:32.338+0000][66][gc,start    ] GC(14) Pause Young (Normal) (G1 Evacuation Pause)
[2025-09-23T11:07:32.338+0000][66][gc,task     ] GC(14) Using 8 workers of 8 for evacuation
[2025-09-23T11:07:32.338+0000][66][gc,age      ] GC(14) Desired survivor size 81788928 bytes, new threshold 15 (max threshold 15)
[2025-09-23T11:07:32.400+0000][66][gc,phases   ] GC(14)   Pre Evacuate Collection Set: 0.5ms
[2025-09-23T11:07:32.401+0000][66][gc,phases   ] GC(14)   Merge Heap Roots: 0.2ms
[2025-09-23T11:07:32.401+0000][66][gc,phases   ] GC(14)   Evacuate Collection Set: 58.8ms
[2025-09-23T11:07:32.401+0000][66][gc,phases   ] GC(14)   Post Evacuate Collection Set: 2.3ms
[2025-09-23T11:07:32.401+0000][66][gc,phases   ] GC(14)   Other: 0.3ms
[2025-09-23T11:07:32.401+0000][66][gc,age      ] GC(14) Age table with threshold 15 (max threshold 15)
[2025-09-23T11:07:32.401+0000][66][gc,age      ] GC(14) - age   1:   10529624 bytes,   10529624 total
[2025-09-23T11:07:32.401+0000][66][gc,age      ] GC(14) - age   2:    8893616 bytes,   19423240 total
[2025-09-23T11:07:32.401+0000][66][gc,age      ] GC(14) - age   3:    6066416 bytes,   25489656 total
[2025-09-23T11:07:32.401+0000][66][gc,heap     ] GC(14) Eden regions: 301->0(299)
[2025-09-23T11:07:32.401+0000][66][gc,heap     ] GC(14) Survivor regions: 6->8(39)
[2025-09-23T11:07:32.401+0000][66][gc,heap     ] GC(14) Old regions: 27->27
[2025-09-23T11:07:32.401+0000][66][gc,heap     ] GC(14) Archive regions: 2->2
[2025-09-23T11:07:32.401+0000][66][gc,heap     ] GC(14) Humongous regions: 4->4
[2025-09-23T11:07:32.401+0000][66][gc,metaspace] GC(14) Metaspace: 137121K(140608K)->137121K(140608K) NonClass: 119291K(121088K)->119291K(121088K) Class: 17829K(19520K)->17829K(19520K)
[2025-09-23T11:07:32.401+0000][66][gc          ] GC(14) Pause Young (Normal) (G1 Evacuation Pause) 1349M->153M(2048M) 63.068ms
[2025-09-23T11:07:32.401+0000][66][gc,cpu      ] GC(14) User=0.33s Sys=0.00s Real=0.06s
[2025-09-23T11:07:32.401+0000][66][safepoint   ] Safepoint "G1CollectForAllocation", Time since last: 536277459 ns, Reaching safepoint: 123583 ns, At safepoint: 63334792 ns, Total: 63458375 ns
[2025-09-23T11:07:33.133+0000][66][safepoint   ] Safepoint "ICBufferFull", Time since last: 731132459 ns, Reaching safepoint: 343875 ns, At safepoint: 39958 ns, Total: 383833 ns
[2025-09-23T11:07:34.138+0000][66][safepoint   ] Safepoint "Cleanup", Time since last: 1004932209 ns, Reaching safepoint: 511125 ns, At safepoint: 12375 ns, Total: 523500 ns
[2025-09-23T11:07:37.141+0000][66][safepoint   ] Safepoint "Cleanup", Time since last: 3002468001 ns, Reaching safepoint: 187500 ns, At safepoint: 3500 ns, Total: 191000 ns
[2025-09-23T11:07:38.143+0000][66][safepoint   ] Safepoint "Cleanup", Time since last: 1000975542 ns, Reaching safepoint: 821500 ns, At safepoint: 16334 ns, Total: 837834 ns
[2025-09-23T11:07:40.145+0000][66][safepoint   ] Safepoint "Cleanup", Time since last: 2002021792 ns, Reaching safepoint: 364625 ns, At safepoint: 10500 ns, Total: 375125 ns
[2025-09-23T11:07:43.151+0000][66][safepoint   ] Safepoint "Cleanup", Time since last: 3005263543 ns, Reaching safepoint: 145959 ns, At safepoint: 3833 ns, Total: 149792 ns
[2025-09-23T11:07:44.095+0000][66][safepoint   ] Safepoint "Cleanup", Time since last: 1002187584 ns, Reaching safepoint: 1349583 ns, At safepoint: 8458 ns, Total: 1358041 ns
[2025-09-23T11:07:45.095+0000][66][safepoint   ] Safepoint "Cleanup", Time since last: 1000675667 ns, Reaching safepoint: 76792 ns, At safepoint: 3375 ns, Total: 80167 ns
[2025-09-23T11:07:46.099+0000][66][safepoint   ] Safepoint "Cleanup", Time since last: 1003049334 ns, Reaching safepoint: 110292 ns, At safepoint: 11541 ns, Total: 121833 ns
[2025-09-23T11:07:47.100+0000][66][safepoint   ] Safepoint "Cleanup", Time since last: 1000700292 ns, Reaching safepoint: 1197375 ns, At safepoint: 17667 ns, Total: 1215042 ns
[2025-09-23T11:07:49.106+0000][66][safepoint   ] Safepoint "Cleanup", Time since last: 2005815209 ns, Reaching safepoint: 178959 ns, At safepoint: 3875 ns, Total: 182834 ns
[2025-09-23T11:07:50.107+0000][66][safepoint   ] Safepoint "Cleanup", Time since last: 1000845042 ns, Reaching safepoint: 134750 ns, At safepoint: 11708 ns, Total: 146458 ns
[2025-09-23T11:07:53.113+0000][66][safepoint   ] Safepoint "Cleanup", Time since last: 3003784127 ns, Reaching safepoint: 1350041 ns, At safepoint: 7250 ns, Total: 1357291 ns
[2025-09-23T11:07:55.115+0000][66][safepoint   ] Safepoint "Cleanup", Time since last: 2001709835 ns, Reaching safepoint: 258208 ns, At safepoint: 6625 ns, Total: 264833 ns
[2025-09-23T11:07:56.116+0000][66][safepoint   ] Safepoint "Cleanup", Time since last: 1000699125 ns, Reaching safepoint: 293250 ns, At safepoint: 6667 ns, Total: 299917 ns
[2025-09-23T11:08:00.121+0000][66][safepoint   ] Safepoint "Cleanup", Time since last: 4003801085 ns, Reaching safepoint: 1993375 ns, At safepoint: 52125 ns, Total: 2045500 ns
[2025-09-23T11:08:01.123+0000][66][safepoint   ] Safepoint "Cleanup", Time since last: 1001913459 ns, Reaching safepoint: 156208 ns, At safepoint: 4125 ns, Total: 160333 ns
[2025-09-23T11:08:02.124+0000][66][safepoint   ] Safepoint "Cleanup", Time since last: 1000775626 ns, Reaching safepoint: 143792 ns, At safepoint: 4041 ns, Total: 147833 ns
[2025-09-23T11:08:06.129+0000][66][safepoint   ] Safepoint "Cleanup", Time since last: 4004321335 ns, Reaching safepoint: 422959 ns, At safepoint: 7958 ns, Total: 430917 ns
[2025-09-23T11:08:07.132+0000][66][safepoint   ] Safepoint "Cleanup", Time since last: 1001481042 ns, Reaching safepoint: 1040792 ns, At safepoint: 9875 ns, Total: 1050667 ns
[2025-09-23T11:08:08.138+0000][66][safepoint   ] Safepoint "Cleanup", Time since last: 1004723667 ns, Reaching safepoint: 1346292 ns, At safepoint: 8833 ns, Total: 1355125 ns
[2025-09-23T11:08:10.142+0000][66][safepoint   ] Safepoint "Cleanup", Time since last: 2003640709 ns, Reaching safepoint: 692709 ns, At safepoint: 19375 ns, Total: 712084 ns
[2025-09-23T11:08:12.144+0000][66][safepoint   ] Safepoint "Cleanup", Time since last: 2002129167 ns, Reaching safepoint: 45959 ns, At safepoint: 2000 ns, Total: 47959 ns
[2025-09-23T11:08:13.147+0000][66][safepoint   ] Safepoint "Cleanup", Time since last: 1001996125 ns, Reaching safepoint: 418042 ns, At safepoint: 4833 ns, Total: 422875 ns
[2025-09-23T11:08:15.148+0000][66][safepoint   ] Safepoint "Cleanup", Time since last: 2000871542 ns, Reaching safepoint: 355375 ns, At safepoint: 23958 ns, Total: 379333 ns
[2025-09-23T11:08:18.152+0000][66][safepoint   ] Safepoint "Cleanup", Time since last: 3003278210 ns, Reaching safepoint: 245042 ns, At safepoint: 4083 ns, Total: 249125 ns
[2025-09-23T11:08:19.152+0000][66][safepoint   ] Safepoint "Cleanup", Time since last: 1000745500 ns, Reaching safepoint: 39209 ns, At safepoint: 3083 ns, Total: 42292 ns
[2025-09-23T11:08:22.157+0000][66][safepoint   ] Safepoint "Cleanup", Time since last: 3003983835 ns, Reaching safepoint: 495250 ns, At safepoint: 9000 ns, Total: 504250 ns
[2025-09-23T11:08:23.159+0000][66][safepoint   ] Safepoint "Cleanup", Time since last: 1001486417 ns, Reaching safepoint: 1034667 ns, At safepoint: 18750 ns, Total: 1053417 ns
[2025-09-23T11:08:25.169+0000][66][safepoint   ] Safepoint "Cleanup", Time since last: 2002741292 ns, Reaching safepoint: 6918084 ns, At safepoint: 55041 ns, Total: 6973125 ns
[2025-09-23T11:08:27.558+0000][66][gc,start    ] GC(15) Pause Young (Normal) (G1 Evacuation Pause)
[2025-09-23T11:08:27.559+0000][66][gc,task     ] GC(15) Using 8 workers of 8 for evacuation
[2025-09-23T11:08:27.559+0000][66][gc,age      ] GC(15) Desired survivor size 81788928 bytes, new threshold 15 (max threshold 15)
[2025-09-23T11:08:27.618+0000][66][gc,phases   ] GC(15)   Pre Evacuate Collection Set: 0.7ms
[2025-09-23T11:08:27.618+0000][66][gc,phases   ] GC(15)   Merge Heap Roots: 0.1ms
[2025-09-23T11:08:27.618+0000][66][gc,phases   ] GC(15)   Evacuate Collection Set: 48.3ms
[2025-09-23T11:08:27.618+0000][66][gc,phases   ] GC(15)   Post Evacuate Collection Set: 9.6ms
[2025-09-23T11:08:27.618+0000][66][gc,phases   ] GC(15)   Other: 0.4ms
[2025-09-23T11:08:27.618+0000][66][gc,age      ] GC(15) Age table with threshold 15 (max threshold 15)
[2025-09-23T11:08:27.618+0000][66][gc,age      ] GC(15) - age   1:    5139496 bytes,    5139496 total
[2025-09-23T11:08:27.618+0000][66][gc,age      ] GC(15) - age   2:    6169616 bytes,   11309112 total
[2025-09-23T11:08:27.618+0000][66][gc,age      ] GC(15) - age   3:    8649744 bytes,   19958856 total
[2025-09-23T11:08:27.618+0000][66][gc,age      ] GC(15) - age   4:    6050432 bytes,   26009288 total
[2025-09-23T11:08:27.618+0000][66][gc,heap     ] GC(15) Eden regions: 299->0(299)
[2025-09-23T11:08:27.618+0000][66][gc,heap     ] GC(15) Survivor regions: 8->8(39)
[2025-09-23T11:08:27.618+0000][66][gc,heap     ] GC(15) Old regions: 27->27
[2025-09-23T11:08:27.618+0000][66][gc,heap     ] GC(15) Archive regions: 2->2
[2025-09-23T11:08:27.618+0000][66][gc,heap     ] GC(15) Humongous regions: 4->4
[2025-09-23T11:08:27.618+0000][66][gc,metaspace] GC(15) Metaspace: 137354K(140864K)->137354K(140864K) NonClass: 119523K(121344K)->119523K(121344K) Class: 17830K(19520K)->17830K(19520K)
[2025-09-23T11:08:27.619+0000][66][gc          ] GC(15) Pause Young (Normal) (G1 Evacuation Pause) 1349M->155M(2048M) 60.496ms
[2025-09-23T11:08:27.619+0000][66][gc,cpu      ] GC(15) User=0.27s Sys=0.00s Real=0.06s
[2025-09-23T11:08:27.619+0000][66][safepoint   ] Safepoint "G1CollectForAllocation", Time since last: 2388674501 ns, Reaching safepoint: 230250 ns, At safepoint: 60716500 ns, Total: 60946750 ns
[2025-09-23T11:08:34.626+0000][66][safepoint   ] Safepoint "Cleanup", Time since last: 7006627087 ns, Reaching safepoint: 563833 ns, At safepoint: 21000 ns, Total: 584833 ns
[2025-09-23T11:08:35.631+0000][66][safepoint   ] Safepoint "Cleanup", Time since last: 1004449918 ns, Reaching safepoint: 267333 ns, At safepoint: 3875 ns, Total: 271208 ns
[2025-09-23T11:08:37.633+0000][66][safepoint   ] Safepoint "Cleanup", Time since last: 2001665751 ns, Reaching safepoint: 1170000 ns, At safepoint: 23292 ns, Total: 1193292 ns
[2025-09-23T11:08:38.634+0000][66][safepoint   ] Safepoint "Cleanup", Time since last: 1000867917 ns, Reaching safepoint: 148333 ns, At safepoint: 3792 ns, Total: 152125 ns
[2025-09-23T11:08:40.636+0000][66][safepoint   ] Safepoint "Cleanup", Time since last: 2001822917 ns, Reaching safepoint: 180125 ns, At safepoint: 7209 ns, Total: 187334 ns
[2025-09-23T11:08:41.638+0000][66][safepoint   ] Safepoint "Cleanup", Time since last: 1000970875 ns, Reaching safepoint: 337417 ns, At safepoint: 10958 ns, Total: 348375 ns
[2025-09-23T11:08:43.641+0000][66][safepoint   ] Safepoint "Cleanup", Time since last: 2002490043 ns, Reaching safepoint: 536708 ns, At safepoint: 11208 ns, Total: 547916 ns
[2025-09-23T11:08:45.643+0000][66][safepoint   ] Safepoint "Cleanup", Time since last: 2002444834 ns, Reaching safepoint: 180917 ns, At safepoint: 5000 ns, Total: 185917 ns
[2025-09-23T11:08:46.644+0000][66][safepoint   ] Safepoint "Cleanup", Time since last: 1000782459 ns, Reaching safepoint: 46542 ns, At safepoint: 2291 ns, Total: 48833 ns
[2025-09-23T11:08:48.648+0000][66][safepoint   ] Safepoint "Cleanup", Time since last: 2002280959 ns, Reaching safepoint: 1644292 ns, At safepoint: 76333 ns, Total: 1720625 ns
[2025-09-23T11:08:49.650+0000][66][safepoint   ] Safepoint "Cleanup", Time since last: 1001015209 ns, Reaching safepoint: 319125 ns, At safepoint: 6334 ns, Total: 325459 ns
[2025-09-23T11:08:55.658+0000][66][safepoint   ] Safepoint "Cleanup", Time since last: 6007650711 ns, Reaching safepoint: 395000 ns, At safepoint: 3708 ns, Total: 398708 ns
[2025-09-23T11:08:56.658+0000][66][safepoint   ] Safepoint "Cleanup", Time since last: 1000569417 ns, Reaching safepoint: 212709 ns, At safepoint: 7125 ns, Total: 219834 ns
[2025-09-23T11:09:00.664+0000][66][safepoint   ] Safepoint "Cleanup", Time since last: 4003776085 ns, Reaching safepoint: 1310833 ns, At safepoint: 8459 ns, Total: 1319292 ns
[2025-09-23T11:09:01.666+0000][66][safepoint   ] Safepoint "Cleanup", Time since last: 1001818292 ns, Reaching safepoint: 229541 ns, At safepoint: 6500 ns, Total: 236041 ns
[2025-09-23T11:09:04.668+0000][66][safepoint   ] Safepoint "Cleanup", Time since last: 3002619043 ns, Reaching safepoint: 318750 ns, At safepoint: 8875 ns, Total: 327625 ns
[2025-09-23T11:09:07.671+0000][66][safepoint   ] Safepoint "Cleanup", Time since last: 3002740377 ns, Reaching safepoint: 232833 ns, At safepoint: 6750 ns, Total: 239583 ns
[2025-09-23T11:09:08.672+0000][66][safepoint   ] Safepoint "Cleanup", Time since last: 1000726667 ns, Reaching safepoint: 248542 ns, At safepoint: 5417 ns, Total: 253959 ns
[2025-09-23T11:09:10.674+0000][66][safepoint   ] Safepoint "Cleanup", Time since last: 2001742376 ns, Reaching safepoint: 199458 ns, At safepoint: 6042 ns, Total: 205500 ns
[2025-09-23T11:09:13.678+0000][66][safepoint   ] Safepoint "Cleanup", Time since last: 3003030668 ns, Reaching safepoint: 518958 ns, At safepoint: 15375 ns, Total: 534333 ns
[2025-09-23T11:09:16.682+0000][66][safepoint   ] Safepoint "Cleanup", Time since last: 3004304376 ns, Reaching safepoint: 419000 ns, At safepoint: 10417 ns, Total: 429417 ns
[2025-09-23T11:09:19.685+0000][66][safepoint   ] Safepoint "Cleanup", Time since last: 3002530001 ns, Reaching safepoint: 205167 ns, At safepoint: 4625 ns, Total: 209792 ns
[2025-09-23T11:09:20.085+0000][66][gc,start    ] GC(16) Pause Young (Normal) (G1 Evacuation Pause)
[2025-09-23T11:09:20.085+0000][66][gc,task     ] GC(16) Using 8 workers of 8 for evacuation
[2025-09-23T11:09:20.085+0000][66][gc,age      ] GC(16) Desired survivor size 81788928 bytes, new threshold 15 (max threshold 15)
[2025-09-23T11:09:20.116+0000][66][gc,phases   ] GC(16)   Pre Evacuate Collection Set: 1.0ms
[2025-09-23T11:09:20.116+0000][66][gc,phases   ] GC(16)   Merge Heap Roots: 0.4ms
[2025-09-23T11:09:20.116+0000][66][gc,phases   ] GC(16)   Evacuate Collection Set: 25.4ms
[2025-09-23T11:09:20.117+0000][66][gc,phases   ] GC(16)   Post Evacuate Collection Set: 3.7ms
[2025-09-23T11:09:20.117+0000][66][gc,phases   ] GC(16)   Other: 0.6ms
[2025-09-23T11:09:20.117+0000][66][gc,age      ] GC(16) Age table with threshold 15 (max threshold 15)
[2025-09-23T11:09:20.117+0000][66][gc,age      ] GC(16) - age   1:    3774928 bytes,    3774928 total
[2025-09-23T11:09:20.117+0000][66][gc,age      ] GC(16) - age   2:    1387504 bytes,    5162432 total
[2025-09-23T11:09:20.117+0000][66][gc,age      ] GC(16) - age   3:    6018888 bytes,   11181320 total
[2025-09-23T11:09:20.117+0000][66][gc,age      ] GC(16) - age   4:    8601912 bytes,   19783232 total
[2025-09-23T11:09:20.117+0000][66][gc,age      ] GC(16) - age   5:    6050368 bytes,   25833600 total
[2025-09-23T11:09:20.117+0000][66][gc,heap     ] GC(16) Eden regions: 299->0(300)
[2025-09-23T11:09:20.117+0000][66][gc,heap     ] GC(16) Survivor regions: 8->7(39)
[2025-09-23T11:09:20.117+0000][66][gc,heap     ] GC(16) Old regions: 27->27
[2025-09-23T11:09:20.117+0000][66][gc,heap     ] GC(16) Archive regions: 2->2
[2025-09-23T11:09:20.117+0000][66][gc,heap     ] GC(16) Humongous regions: 4->4
[2025-09-23T11:09:20.117+0000][66][gc,metaspace] GC(16) Metaspace: 137648K(141120K)->137648K(141120K) NonClass: 119815K(121600K)->119815K(121600K) Class: 17833K(19520K)->17833K(19520K)
[2025-09-23T11:09:20.117+0000][66][gc          ] GC(16) Pause Young (Normal) (G1 Evacuation Pause) 1351M->151M(2048M) 32.077ms
[2025-09-23T11:09:20.117+0000][66][gc,cpu      ] GC(16) User=0.17s Sys=0.00s Real=0.03s
[2025-09-23T11:09:20.117+0000][66][safepoint   ] Safepoint "G1CollectForAllocation", Time since last: 399710292 ns, Reaching safepoint: 91500 ns, At safepoint: 32262875 ns, Total: 32354375 ns
[2025-09-23T11:09:21.210+0000][66][safepoint   ] Safepoint "Cleanup", Time since last: 1092715000 ns, Reaching safepoint: 337209 ns, At safepoint: 7833 ns, Total: 345042 ns
[2025-09-23T11:09:22.211+0000][66][safepoint   ] Safepoint "Cleanup", Time since last: 1000662375 ns, Reaching safepoint: 83625 ns, At safepoint: 4084 ns, Total: 87709 ns
[2025-09-23T11:09:23.212+0000][66][safepoint   ] Safepoint "Cleanup", Time since last: 1001551584 ns, Reaching safepoint: 88916 ns, At safepoint: 4084 ns, Total: 93000 ns
[2025-09-23T11:09:25.214+0000][66][safepoint   ] Safepoint "Cleanup", Time since last: 2001296501 ns, Reaching safepoint: 128916 ns, At safepoint: 6625 ns, Total: 135541 ns
[2025-09-23T11:09:27.216+0000][66][safepoint   ] Safepoint "Cleanup", Time since last: 2001813460 ns, Reaching safepoint: 605958 ns, At safepoint: 10583 ns, Total: 616541 ns
[2025-09-23T11:09:28.218+0000][66][safepoint   ] Safepoint "Cleanup", Time since last: 1001367626 ns, Reaching safepoint: 177041 ns, At safepoint: 4334 ns, Total: 181375 ns
[2025-09-23T11:09:31.221+0000][66][safepoint   ] Safepoint "Cleanup", Time since last: 3002971751 ns, Reaching safepoint: 163792 ns, At safepoint: 7250 ns, Total: 171042 ns
[2025-09-23T11:09:32.222+0000][66][safepoint   ] Safepoint "Cleanup", Time since last: 1000663709 ns, Reaching safepoint: 164541 ns, At safepoint: 32917 ns, Total: 197458 ns
[2025-09-23T11:09:33.223+0000][66][safepoint   ] Safepoint "Cleanup", Time since last: 1000799334 ns, Reaching safepoint: 226291 ns, At safepoint: 4250 ns, Total: 230541 ns
[2025-09-23T11:09:34.224+0000][66][safepoint   ] Safepoint "Cleanup", Time since last: 1000811251 ns, Reaching safepoint: 188583 ns, At safepoint: 6667 ns, Total: 195250 ns
[2025-09-23T11:09:35.225+0000][66][safepoint   ] Safepoint "Cleanup", Time since last: 1000801375 ns, Reaching safepoint: 120084 ns, At safepoint: 4458 ns, Total: 124542 ns
[2025-09-23T11:09:37.227+0000][66][safepoint   ] Safepoint "Cleanup", Time since last: 2001854959 ns, Reaching safepoint: 372667 ns, At safepoint: 8167 ns, Total: 380834 ns
[2025-09-23T11:09:38.838+0000][66][safepoint   ] Safepoint "Cleanup", Time since last: 1609748209 ns, Reaching safepoint: 1224291 ns, At safepoint: 9584 ns, Total: 1233875 ns
[2025-09-23T11:09:39.843+0000][66][safepoint   ] Safepoint "Cleanup", Time since last: 1000800334 ns, Reaching safepoint: 3934750 ns, At safepoint: 41125 ns, Total: 3975875 ns
[2025-09-23T11:09:40.845+0000][66][safepoint   ] Safepoint "Cleanup", Time since last: 1001827208 ns, Reaching safepoint: 187459 ns, At safepoint: 4541 ns, Total: 192000 ns
[2025-09-23T11:09:43.847+0000][66][safepoint   ] Safepoint "Cleanup", Time since last: 3002815709 ns, Reaching safepoint: 686000 ns, At safepoint: 6875 ns, Total: 692875 ns
[2025-09-23T11:09:45.850+0000][66][safepoint   ] Safepoint "Cleanup", Time since last: 2003291793 ns, Reaching safepoint: 155250 ns, At safepoint: 8250 ns, Total: 163500 ns
[2025-09-23T11:09:46.852+0000][66][safepoint   ] Safepoint "Cleanup", Time since last: 1000870750 ns, Reaching safepoint: 212459 ns, At safepoint: 9916 ns, Total: 222375 ns
[2025-09-23T11:09:49.854+0000][66][safepoint   ] Safepoint "Cleanup", Time since last: 3001842710 ns, Reaching safepoint: 433417 ns, At safepoint: 7708 ns, Total: 441125 ns
[2025-09-23T11:09:51.857+0000][66][safepoint   ] Safepoint "Cleanup", Time since last: 2002804709 ns, Reaching safepoint: 263042 ns, At safepoint: 9917 ns, Total: 272959 ns
[2025-09-23T11:09:52.859+0000][66][safepoint   ] Safepoint "Cleanup", Time since last: 1001426292 ns, Reaching safepoint: 194416 ns, At safepoint: 6000 ns, Total: 200416 ns
[2025-09-23T11:09:53.859+0000][66][safepoint   ] Safepoint "Cleanup", Time since last: 1000808168 ns, Reaching safepoint: 83750 ns, At safepoint: 3958 ns, Total: 87708 ns
[2025-09-23T11:09:55.862+0000][66][safepoint   ] Safepoint "Cleanup", Time since last: 2001913793 ns, Reaching safepoint: 265958 ns, At safepoint: 7458 ns, Total: 273416 ns
[2025-09-23T11:09:56.862+0000][66][safepoint   ] Safepoint "Cleanup", Time since last: 1000703167 ns, Reaching safepoint: 173667 ns, At safepoint: 4208 ns, Total: 177875 ns
[2025-09-23T11:09:58.870+0000][66][safepoint   ] Safepoint "Cleanup", Time since last: 2002241501 ns, Reaching safepoint: 5179000 ns, At safepoint: 101209 ns, Total: 5280209 ns
[2025-09-23T11:10:01.877+0000][66][safepoint   ] Safepoint "Cleanup", Time since last: 3005284918 ns, Reaching safepoint: 1634791 ns, At safepoint: 4167 ns, Total: 1638958 ns
[2025-09-23T11:10:02.880+0000][66][safepoint   ] Safepoint "Cleanup", Time since last: 1003397626 ns, Reaching safepoint: 86666 ns, At safepoint: 3417 ns, Total: 90083 ns
[2025-09-23T11:10:04.884+0000][66][safepoint   ] Safepoint "Cleanup", Time since last: 2002261876 ns, Reaching safepoint: 905625 ns, At safepoint: 44542 ns, Total: 950167 ns
[2025-09-23T11:10:05.888+0000][66][safepoint   ] Safepoint "Cleanup", Time since last: 1003697292 ns, Reaching safepoint: 198500 ns, At safepoint: 5125 ns, Total: 203625 ns
[2025-09-23T11:10:07.889+0000][66][safepoint   ] Safepoint "Cleanup", Time since last: 2001808667 ns, Reaching safepoint: 135209 ns, At safepoint: 4958 ns, Total: 140167 ns
[2025-09-23T11:10:08.891+0000][66][safepoint   ] Safepoint "Cleanup", Time since last: 1000866959 ns, Reaching safepoint: 227583 ns, At safepoint: 4625 ns, Total: 232208 ns
[2025-09-23T11:10:09.892+0000][66][safepoint   ] Safepoint "Cleanup", Time since last: 1000823459 ns, Reaching safepoint: 385042 ns, At safepoint: 9875 ns, Total: 394917 ns
[2025-09-23T11:10:10.361+0000][66][gc,start    ] GC(17) Pause Young (Normal) (G1 Evacuation Pause)
[2025-09-23T11:10:10.361+0000][66][gc,task     ] GC(17) Using 8 workers of 8 for evacuation
[2025-09-23T11:10:10.361+0000][66][gc,age      ] GC(17) Desired survivor size 81788928 bytes, new threshold 15 (max threshold 15)
[2025-09-23T11:10:10.397+0000][66][gc,phases   ] GC(17)   Pre Evacuate Collection Set: 0.4ms
[2025-09-23T11:10:10.397+0000][66][gc,phases   ] GC(17)   Merge Heap Roots: 0.2ms
[2025-09-23T11:10:10.398+0000][66][gc,phases   ] GC(17)   Evacuate Collection Set: 29.5ms
[2025-09-23T11:10:10.398+0000][66][gc,phases   ] GC(17)   Post Evacuate Collection Set: 5.7ms
[2025-09-23T11:10:10.398+0000][66][gc,phases   ] GC(17)   Other: 0.3ms
[2025-09-23T11:10:10.398+0000][66][gc,age      ] GC(17) Age table with threshold 15 (max threshold 15)
[2025-09-23T11:10:10.398+0000][66][gc,age      ] GC(17) - age   1:    1571464 bytes,    1571464 total
[2025-09-23T11:10:10.398+0000][66][gc,age      ] GC(17) - age   2:     293864 bytes,    1865328 total
[2025-09-23T11:10:10.398+0000][66][gc,age      ] GC(17) - age   3:    1375040 bytes,    3240368 total
[2025-09-23T11:10:10.398+0000][66][gc,age      ] GC(17) - age   4:    6006176 bytes,    9246544 total
[2025-09-23T11:10:10.398+0000][66][gc,age      ] GC(17) - age   5:    8597344 bytes,   17843888 total
[2025-09-23T11:10:10.398+0000][66][gc,age      ] GC(17) - age   6:    6049288 bytes,   23893176 total
[2025-09-23T11:10:10.398+0000][66][gc,heap     ] GC(17) Eden regions: 300->0(300)
[2025-09-23T11:10:10.398+0000][66][gc,heap     ] GC(17) Survivor regions: 7->7(39)
[2025-09-23T11:10:10.398+0000][66][gc,heap     ] GC(17) Old regions: 27->27
[2025-09-23T11:10:10.398+0000][66][gc,heap     ] GC(17) Archive regions: 2->2
[2025-09-23T11:10:10.398+0000][66][gc,heap     ] GC(17) Humongous regions: 4->4
[2025-09-23T11:10:10.398+0000][66][gc,metaspace] GC(17) Metaspace: 137773K(141312K)->137773K(141312K) NonClass: 119939K(121792K)->119939K(121792K) Class: 17833K(19520K)->17833K(19520K)
[2025-09-23T11:10:10.398+0000][66][gc          ] GC(17) Pause Young (Normal) (G1 Evacuation Pause) 1351M->151M(2048M) 37.001ms
[2025-09-23T11:10:10.398+0000][66][gc,cpu      ] GC(17) User=0.21s Sys=0.00s Real=0.04s
[2025-09-23T11:10:10.398+0000][66][safepoint   ] Safepoint "G1CollectForAllocation", Time since last: 469019375 ns, Reaching safepoint: 172708 ns, At safepoint: 37160125 ns, Total: 37332833 ns
[2025-09-23T11:10:13.402+0000][66][safepoint   ] Safepoint "Cleanup", Time since last: 3003185085 ns, Reaching safepoint: 241458 ns, At safepoint: 6584 ns, Total: 248042 ns
[2025-09-23T11:10:14.401+0000][66][safepoint   ] Safepoint "Cleanup", Time since last: 1000734583 ns, Reaching safepoint: 78666 ns, At safepoint: 4250 ns, Total: 82916 ns
[2025-09-23T11:10:19.406+0000][66][safepoint   ] Safepoint "Cleanup", Time since last: 5004913169 ns, Reaching safepoint: 376542 ns, At safepoint: 8667 ns, Total: 385209 ns
[2025-09-23T11:10:23.412+0000][66][safepoint   ] Safepoint "Cleanup", Time since last: 4004861335 ns, Reaching safepoint: 1087500 ns, At safepoint: 25583 ns, Total: 1113083 ns
[2025-09-23T11:10:25.416+0000][66][safepoint   ] Safepoint "Cleanup", Time since last: 2003647376 ns, Reaching safepoint: 154792 ns, At safepoint: 4042 ns, Total: 158834 ns
[2025-09-23T11:10:26.417+0000][66][safepoint   ] Safepoint "Cleanup", Time since last: 1000875417 ns, Reaching safepoint: 156083 ns, At safepoint: 5500 ns, Total: 161583 ns
[2025-09-23T11:10:27.418+0000][66][safepoint   ] Safepoint "Cleanup", Time since last: 1000839501 ns, Reaching safepoint: 307291 ns, At safepoint: 11459 ns, Total: 318750 ns
[2025-09-23T11:10:29.422+0000][66][safepoint   ] Safepoint "Cleanup", Time since last: 2002613542 ns, Reaching safepoint: 1375917 ns, At safepoint: 6083 ns, Total: 1382000 ns
[2025-09-23T11:10:30.423+0000][66][safepoint   ] Safepoint "Cleanup", Time since last: 1000694626 ns, Reaching safepoint: 195625 ns, At safepoint: 5916 ns, Total: 201541 ns
[2025-09-23T11:10:31.424+0000][66][safepoint   ] Safepoint "Cleanup", Time since last: 1000748334 ns, Reaching safepoint: 114125 ns, At safepoint: 4917 ns, Total: 119042 ns
[2025-09-23T11:10:34.428+0000][66][safepoint   ] Safepoint "Cleanup", Time since last: 3002895751 ns, Reaching safepoint: 506334 ns, At safepoint: 12208 ns, Total: 518542 ns
[2025-09-23T11:10:36.429+0000][66][safepoint   ] Safepoint "Cleanup", Time since last: 2000717001 ns, Reaching safepoint: 311500 ns, At safepoint: 8375 ns, Total: 319875 ns
[2025-09-23T11:10:37.077+0000][66][safepoint   ] Safepoint "ICBufferFull", Time since last: 647946167 ns, Reaching safepoint: 260042 ns, At safepoint: 31291 ns, Total: 291333 ns
[2025-09-23T11:10:38.078+0000][66][safepoint   ] Safepoint "Cleanup", Time since last: 1001234126 ns, Reaching safepoint: 111666 ns, At safepoint: 3709 ns, Total: 115375 ns
[2025-09-23T11:10:39.079+0000][66][safepoint   ] Safepoint "Cleanup", Time since last: 1000838875 ns, Reaching safepoint: 173417 ns, At safepoint: 4083 ns, Total: 177500 ns
[2025-09-23T11:10:40.084+0000][66][safepoint   ] Safepoint "Cleanup", Time since last: 1005071209 ns, Reaching safepoint: 73792 ns, At safepoint: 3416 ns, Total: 77208 ns
[2025-09-23T11:10:43.089+0000][66][safepoint   ] Safepoint "Cleanup", Time since last: 3003734252 ns, Reaching safepoint: 438833 ns, At safepoint: 12750 ns, Total: 451583 ns
[2025-09-23T11:10:44.091+0000][66][safepoint   ] Safepoint "Cleanup", Time since last: 1001508125 ns, Reaching safepoint: 188125 ns, At safepoint: 5333 ns, Total: 193458 ns
[2025-09-23T11:10:45.092+0000][66][safepoint   ] Safepoint "Cleanup", Time since last: 1000800709 ns, Reaching safepoint: 66667 ns, At safepoint: 13333 ns, Total: 80000 ns
[2025-09-23T11:10:46.093+0000][66][safepoint   ] Safepoint "Cleanup", Time since last: 1001019417 ns, Reaching safepoint: 147667 ns, At safepoint: 5833 ns, Total: 153500 ns
[2025-09-23T11:10:49.104+0000][66][safepoint   ] Safepoint "Cleanup", Time since last: 3002886043 ns, Reaching safepoint: 8078875 ns, At safepoint: 34125 ns, Total: 8113000 ns
[2025-09-23T11:10:50.106+0000][66][safepoint   ] Safepoint "Cleanup", Time since last: 1001757417 ns, Reaching safepoint: 232625 ns, At safepoint: 4667 ns, Total: 237292 ns
[2025-09-23T11:10:51.107+0000][66][safepoint   ] Safepoint "Cleanup", Time since last: 1000738751 ns, Reaching safepoint: 75166 ns, At safepoint: 2167 ns, Total: 77333 ns
[2025-09-23T11:10:52.108+0000][66][safepoint   ] Safepoint "Cleanup", Time since last: 1000941042 ns, Reaching safepoint: 145542 ns, At safepoint: 3791 ns, Total: 149333 ns
[2025-09-23T11:10:53.109+0000][66][safepoint   ] Safepoint "Cleanup", Time since last: 1000838418 ns, Reaching safepoint: 375083 ns, At safepoint: 13000 ns, Total: 388083 ns
[2025-09-23T11:10:55.099+0000][66][gc,start    ] GC(18) Pause Young (Normal) (G1 Evacuation Pause)
[2025-09-23T11:10:55.099+0000][66][gc,task     ] GC(18) Using 8 workers of 8 for evacuation
[2025-09-23T11:10:55.099+0000][66][gc,age      ] GC(18) Desired survivor size 81788928 bytes, new threshold 15 (max threshold 15)
[2025-09-23T11:10:55.136+0000][66][gc,phases   ] GC(18)   Pre Evacuate Collection Set: 0.4ms
[2025-09-23T11:10:55.136+0000][66][gc,phases   ] GC(18)   Merge Heap Roots: 0.2ms
[2025-09-23T11:10:55.136+0000][66][gc,phases   ] GC(18)   Evacuate Collection Set: 30.4ms
[2025-09-23T11:10:55.136+0000][66][gc,phases   ] GC(18)   Post Evacuate Collection Set: 5.4ms
[2025-09-23T11:10:55.136+0000][66][gc,phases   ] GC(18)   Other: 0.3ms
[2025-09-23T11:10:55.136+0000][66][gc,age      ] GC(18) Age table with threshold 15 (max threshold 15)
[2025-09-23T11:10:55.136+0000][66][gc,age      ] GC(18) - age   1:    5468168 bytes,    5468168 total
[2025-09-23T11:10:55.136+0000][66][gc,age      ] GC(18) - age   2:     236392 bytes,    5704560 total
[2025-09-23T11:10:55.136+0000][66][gc,age      ] GC(18) - age   3:      72520 bytes,    5777080 total
[2025-09-23T11:10:55.136+0000][66][gc,age      ] GC(18) - age   4:    1320200 bytes,    7097280 total
[2025-09-23T11:10:55.136+0000][66][gc,age      ] GC(18) - age   5:    5993456 bytes,   13090736 total
[2025-09-23T11:10:55.136+0000][66][gc,age      ] GC(18) - age   6:    8597192 bytes,   21687928 total
[2025-09-23T11:10:55.136+0000][66][gc,age      ] GC(18) - age   7:    6049288 bytes,   27737216 total
[2025-09-23T11:10:55.136+0000][66][gc,heap     ] GC(18) Eden regions: 300->0(299)
[2025-09-23T11:10:55.136+0000][66][gc,heap     ] GC(18) Survivor regions: 7->8(39)
[2025-09-23T11:10:55.137+0000][66][gc,heap     ] GC(18) Old regions: 27->27
[2025-09-23T11:10:55.137+0000][66][gc,heap     ] GC(18) Archive regions: 2->2
[2025-09-23T11:10:55.137+0000][66][gc,heap     ] GC(18) Humongous regions: 4->4
[2025-09-23T11:10:55.137+0000][66][gc,metaspace] GC(18) Metaspace: 137905K(141440K)->137905K(141440K) NonClass: 120072K(121920K)->120072K(121920K) Class: 17833K(19520K)->17833K(19520K)
[2025-09-23T11:10:55.137+0000][66][gc          ] GC(18) Pause Young (Normal) (G1 Evacuation Pause) 1351M->156M(2048M) 38.014ms
[2025-09-23T11:10:55.137+0000][66][gc,cpu      ] GC(18) User=0.21s Sys=0.00s Real=0.04s
[2025-09-23T11:10:55.137+0000][66][safepoint   ] Safepoint "G1CollectForAllocation", Time since last: 1988604209 ns, Reaching safepoint: 1062584 ns, At safepoint: 38202875 ns, Total: 39265459 ns
[2025-09-23T11:10:56.138+0000][66][safepoint   ] Safepoint "Cleanup", Time since last: 1000737333 ns, Reaching safepoint: 129834 ns, At safepoint: 3916 ns, Total: 133750 ns
[2025-09-23T11:10:57.139+0000][66][safepoint   ] Safepoint "Cleanup", Time since last: 1000870668 ns, Reaching safepoint: 160708 ns, At safepoint: 8708 ns, Total: 169416 ns
[2025-09-23T11:11:01.144+0000][66][safepoint   ] Safepoint "Cleanup", Time since last: 4004053419 ns, Reaching safepoint: 724250 ns, At safepoint: 7625 ns, Total: 731875 ns
[2025-09-23T11:11:04.148+0000][66][safepoint   ] Safepoint "Cleanup", Time since last: 3004067960 ns, Reaching safepoint: 120000 ns, At safepoint: 8291 ns, Total: 128291 ns
[2025-09-23T11:11:05.149+0000][66][safepoint   ] Safepoint "Cleanup", Time since last: 1000879834 ns, Reaching safepoint: 366417 ns, At safepoint: 26666 ns, Total: 393083 ns
[2025-09-23T11:11:06.150+0000][66][safepoint   ] Safepoint "Cleanup", Time since last: 1000587667 ns, Reaching safepoint: 194375 ns, At safepoint: 10542 ns, Total: 204917 ns
[2025-09-23T11:11:07.152+0000][66][safepoint   ] Safepoint "Cleanup", Time since last: 1000766459 ns, Reaching safepoint: 1294917 ns, At safepoint: 7041 ns, Total: 1301958 ns
[2025-09-23T11:11:08.153+0000][66][safepoint   ] Safepoint "Cleanup", Time since last: 1000771126 ns, Reaching safepoint: 428750 ns, At safepoint: 12416 ns, Total: 441166 ns
[2025-09-23T11:11:10.155+0000][66][safepoint   ] Safepoint "Cleanup", Time since last: 2001479293 ns, Reaching safepoint: 78417 ns, At safepoint: 3791 ns, Total: 82208 ns
[2025-09-23T11:11:13.159+0000][66][safepoint   ] Safepoint "Cleanup", Time since last: 3003114460 ns, Reaching safepoint: 988958 ns, At safepoint: 78125 ns, Total: 1067083 ns
[2025-09-23T11:11:14.163+0000][66][safepoint   ] Safepoint "Cleanup", Time since last: 1002517292 ns, Reaching safepoint: 2759625 ns, At safepoint: 19500 ns, Total: 2779125 ns
[2025-09-23T11:11:19.171+0000][66][safepoint   ] Safepoint "Cleanup", Time since last: 5007611544 ns, Reaching safepoint: 377708 ns, At safepoint: 7250 ns, Total: 384958 ns
[2025-09-23T11:11:25.178+0000][66][safepoint   ] Safepoint "Cleanup", Time since last: 6006481586 ns, Reaching safepoint: 464417 ns, At safepoint: 12250 ns, Total: 476667 ns
[2025-09-23T11:11:26.180+0000][66][safepoint   ] Safepoint "Cleanup", Time since last: 1001542542 ns, Reaching safepoint: 81500 ns, At safepoint: 3000 ns, Total: 84500 ns
[2025-09-23T11:11:28.182+0000][66][safepoint   ] Safepoint "Cleanup", Time since last: 2001901709 ns, Reaching safepoint: 297625 ns, At safepoint: 4584 ns, Total: 302209 ns
[2025-09-23T11:11:31.188+0000][66][safepoint   ] Safepoint "Cleanup", Time since last: 3003068293 ns, Reaching safepoint: 2934166 ns, At safepoint: 14542 ns, Total: 2948708 ns
[2025-09-23T11:11:33.192+0000][66][safepoint   ] Safepoint "Cleanup", Time since last: 2003120168 ns, Reaching safepoint: 654458 ns, At safepoint: 7458 ns, Total: 661916 ns
[2025-09-23T11:11:34.193+0000][66][safepoint   ] Safepoint "Cleanup", Time since last: 1000883793 ns, Reaching safepoint: 379125 ns, At safepoint: 6500 ns, Total: 385625 ns
[2025-09-23T11:11:35.194+0000][66][safepoint   ] Safepoint "Cleanup", Time since last: 1000609458 ns, Reaching safepoint: 67959 ns, At safepoint: 4083 ns, Total: 72042 ns
[2025-09-23T11:11:37.197+0000][66][safepoint   ] Safepoint "Cleanup", Time since last: 2001911376 ns, Reaching safepoint: 1059542 ns, At safepoint: 8458 ns, Total: 1068000 ns
[2025-09-23T11:11:40.201+0000][66][safepoint   ] Safepoint "Cleanup", Time since last: 3003989335 ns, Reaching safepoint: 425458 ns, At safepoint: 9000 ns, Total: 434458 ns
[2025-09-23T11:11:44.206+0000][66][safepoint   ] Safepoint "Cleanup", Time since last: 4004502876 ns, Reaching safepoint: 197625 ns, At safepoint: 34750 ns, Total: 232375 ns
[2025-09-23T11:11:45.962+0000][66][gc,start    ] GC(19) Pause Young (Normal) (G1 Evacuation Pause)
[2025-09-23T11:11:45.962+0000][66][gc,task     ] GC(19) Using 8 workers of 8 for evacuation
[2025-09-23T11:11:45.963+0000][66][gc,age      ] GC(19) Desired survivor size 81788928 bytes, new threshold 15 (max threshold 15)
[2025-09-23T11:11:45.987+0000][66][gc,phases   ] GC(19)   Pre Evacuate Collection Set: 0.5ms
[2025-09-23T11:11:45.987+0000][66][gc,phases   ] GC(19)   Merge Heap Roots: 0.1ms
[2025-09-23T11:11:45.987+0000][66][gc,phases   ] GC(19)   Evacuate Collection Set: 20.9ms
[2025-09-23T11:11:45.987+0000][66][gc,phases   ] GC(19)   Post Evacuate Collection Set: 2.7ms
[2025-09-23T11:11:45.987+0000][66][gc,phases   ] GC(19)   Other: 0.3ms
[2025-09-23T11:11:45.987+0000][66][gc,age      ] GC(19) Age table with threshold 15 (max threshold 15)
[2025-09-23T11:11:45.987+0000][66][gc,age      ] GC(19) - age   1:    3794656 bytes,    3794656 total
[2025-09-23T11:11:45.987+0000][66][gc,age      ] GC(19) - age   2:     230640 bytes,    4025296 total
[2025-09-23T11:11:45.987+0000][66][gc,age      ] GC(19) - age   3:     101864 bytes,    4127160 total
[2025-09-23T11:11:45.987+0000][66][gc,age      ] GC(19) - age   4:      71008 bytes,    4198168 total
[2025-09-23T11:11:45.987+0000][66][gc,age      ] GC(19) - age   5:    1316360 bytes,    5514528 total
[2025-09-23T11:11:45.987+0000][66][gc,age      ] GC(19) - age   6:    5990880 bytes,   11505408 total
[2025-09-23T11:11:45.987+0000][66][gc,age      ] GC(19) - age   7:    8596544 bytes,   20101952 total
[2025-09-23T11:11:45.987+0000][66][gc,age      ] GC(19) - age   8:    6049288 bytes,   26151240 total
[2025-09-23T11:11:45.987+0000][66][gc,heap     ] GC(19) Eden regions: 299->0(300)
[2025-09-23T11:11:45.988+0000][66][gc,heap     ] GC(19) Survivor regions: 8->7(39)
[2025-09-23T11:11:45.988+0000][66][gc,heap     ] GC(19) Old regions: 27->27
[2025-09-23T11:11:45.988+0000][66][gc,heap     ] GC(19) Archive regions: 2->2
[2025-09-23T11:11:45.988+0000][66][gc,heap     ] GC(19) Humongous regions: 4->4
[2025-09-23T11:11:45.988+0000][66][gc,metaspace] GC(19) Metaspace: 138023K(141504K)->138023K(141504K) NonClass: 120189K(121984K)->120189K(121984K) Class: 17833K(19520K)->17833K(19520K)
[2025-09-23T11:11:45.988+0000][66][gc          ] GC(19) Pause Young (Normal) (G1 Evacuation Pause) 1352M->152M(2048M) 25.639ms
[2025-09-23T11:11:45.988+0000][66][gc,cpu      ] GC(19) User=0.13s Sys=0.00s Real=0.02s
[2025-09-23T11:11:45.988+0000][66][safepoint   ] Safepoint "G1CollectForAllocation", Time since last: 1755551543 ns, Reaching safepoint: 226916 ns, At safepoint: 25849167 ns, Total: 26076083 ns
[2025-09-23T11:11:46.990+0000][66][safepoint   ] Safepoint "Cleanup", Time since last: 1000637542 ns, Reaching safepoint: 1405125 ns, At safepoint: 49333 ns, Total: 1454458 ns
[2025-09-23T11:11:52.996+0000][66][safepoint   ] Safepoint "Cleanup", Time since last: 6006072003 ns, Reaching safepoint: 449375 ns, At safepoint: 4209 ns, Total: 453584 ns
[2025-09-23T11:11:55.199+0000][66][safepoint   ] Safepoint "Cleanup", Time since last: 2202637417 ns, Reaching safepoint: 39375 ns, At safepoint: 3000 ns, Total: 42375 ns
[2025-09-23T11:11:56.200+0000][66][safepoint   ] Safepoint "Cleanup", Time since last: 1000837542 ns, Reaching safepoint: 186875 ns, At safepoint: 3875 ns, Total: 190750 ns
[2025-09-23T11:11:58.202+0000][66][safepoint   ] Safepoint "Cleanup", Time since last: 2001823085 ns, Reaching safepoint: 345833 ns, At safepoint: 4042 ns, Total: 349875 ns
[2025-09-23T11:11:59.203+0000][66][safepoint   ] Safepoint "Cleanup", Time since last: 1000684458 ns, Reaching safepoint: 209500 ns, At safepoint: 7250 ns, Total: 216750 ns
[2025-09-23T11:12:04.208+0000][66][safepoint   ] Safepoint "Cleanup", Time since last: 5004767753 ns, Reaching safepoint: 391208 ns, At safepoint: 24375 ns, Total: 415583 ns
[2025-09-23T11:12:05.212+0000][66][safepoint   ] Safepoint "Cleanup", Time since last: 1003552042 ns, Reaching safepoint: 382417 ns, At safepoint: 9500 ns, Total: 391917 ns
[2025-09-23T11:12:08.215+0000][66][safepoint   ] Safepoint "Cleanup", Time since last: 3002620043 ns, Reaching safepoint: 293042 ns, At safepoint: 3583 ns, Total: 296625 ns
[2025-09-23T11:12:11.218+0000][66][safepoint   ] Safepoint "Cleanup", Time since last: 3002729877 ns, Reaching safepoint: 143500 ns, At safepoint: 9291 ns, Total: 152791 ns
[2025-09-23T11:12:13.221+0000][66][safepoint   ] Safepoint "Cleanup", Time since last: 2002836584 ns, Reaching safepoint: 293500 ns, At safepoint: 10709 ns, Total: 304209 ns
[2025-09-23T11:12:14.224+0000][66][safepoint   ] Safepoint "Cleanup", Time since last: 1002667874 ns, Reaching safepoint: 67875 ns, At safepoint: 3167 ns, Total: 71042 ns
[2025-09-23T11:12:18.235+0000][66][safepoint   ] Safepoint "Cleanup", Time since last: 4005705752 ns, Reaching safepoint: 6005167 ns, At safepoint: 17833 ns, Total: 6023000 ns
[2025-09-23T11:12:19.238+0000][66][safepoint   ] Safepoint "Cleanup", Time since last: 1002231792 ns, Reaching safepoint: 288125 ns, At safepoint: 11208 ns, Total: 299333 ns
[2025-09-23T11:12:20.242+0000][66][safepoint   ] Safepoint "Cleanup", Time since last: 1003725251 ns, Reaching safepoint: 135917 ns, At safepoint: 3125 ns, Total: 139042 ns
[2025-09-23T11:12:22.243+0000][66][safepoint   ] Safepoint "Cleanup", Time since last: 2001314084 ns, Reaching safepoint: 388041 ns, At safepoint: 19250 ns, Total: 407291 ns
[2025-09-23T11:12:23.245+0000][66][safepoint   ] Safepoint "Cleanup", Time since last: 1001085543 ns, Reaching safepoint: 147375 ns, At safepoint: 3500 ns, Total: 150875 ns
[2025-09-23T11:12:24.247+0000][66][safepoint   ] Safepoint "Cleanup", Time since last: 1001084083 ns, Reaching safepoint: 973667 ns, At safepoint: 7458 ns, Total: 981125 ns
[2025-09-23T11:12:25.248+0000][66][safepoint   ] Safepoint "Cleanup", Time since last: 1000918959 ns, Reaching safepoint: 396375 ns, At safepoint: 7334 ns, Total: 403709 ns
[2025-09-23T11:12:26.249+0000][66][safepoint   ] Safepoint "Cleanup", Time since last: 1000464792 ns, Reaching safepoint: 109125 ns, At safepoint: 4208 ns, Total: 113333 ns
[2025-09-23T11:12:28.251+0000][66][safepoint   ] Safepoint "Cleanup", Time since last: 2001888959 ns, Reaching safepoint: 118209 ns, At safepoint: 3291 ns, Total: 121500 ns
[2025-09-23T11:12:31.255+0000][66][safepoint   ] Safepoint "Cleanup", Time since last: 3002985460 ns, Reaching safepoint: 1357333 ns, At safepoint: 14292 ns, Total: 1371625 ns
[2025-09-23T11:12:32.257+0000][66][safepoint   ] Safepoint "Cleanup", Time since last: 1001522751 ns, Reaching safepoint: 151583 ns, At safepoint: 16542 ns, Total: 168125 ns
[2025-09-23T11:12:35.260+0000][66][safepoint   ] Safepoint "Cleanup", Time since last: 3002866834 ns, Reaching safepoint: 613417 ns, At safepoint: 61167 ns, Total: 674584 ns
[2025-09-23T11:12:36.262+0000][66][safepoint   ] Safepoint "Cleanup", Time since last: 1001311875 ns, Reaching safepoint: 99417 ns, At safepoint: 3917 ns, Total: 103334 ns
[2025-09-23T11:12:37.212+0000][66][gc,start    ] GC(20) Pause Young (Normal) (G1 Evacuation Pause)
[2025-09-23T11:12:37.213+0000][66][gc,task     ] GC(20) Using 8 workers of 8 for evacuation
[2025-09-23T11:12:37.213+0000][66][gc,age      ] GC(20) Desired survivor size 81788928 bytes, new threshold 15 (max threshold 15)
[2025-09-23T11:12:37.297+0000][66][gc,phases   ] GC(20)   Pre Evacuate Collection Set: 2.4ms
[2025-09-23T11:12:37.297+0000][66][gc,phases   ] GC(20)   Merge Heap Roots: 0.5ms
[2025-09-23T11:12:37.297+0000][66][gc,phases   ] GC(20)   Evacuate Collection Set: 75.7ms
[2025-09-23T11:12:37.297+0000][66][gc,phases   ] GC(20)   Post Evacuate Collection Set: 4.1ms
[2025-09-23T11:12:37.297+0000][66][gc,phases   ] GC(20)   Other: 1.1ms
[2025-09-23T11:12:37.297+0000][66][gc,age      ] GC(20) Age table with threshold 15 (max threshold 15)
[2025-09-23T11:12:37.297+0000][66][gc,age      ] GC(20) - age   1:    4246824 bytes,    4246824 total
[2025-09-23T11:12:37.297+0000][66][gc,age      ] GC(20) - age   2:      76728 bytes,    4323552 total
[2025-09-23T11:12:37.297+0000][66][gc,age      ] GC(20) - age   3:     145936 bytes,    4469488 total
[2025-09-23T11:12:37.297+0000][66][gc,age      ] GC(20) - age   4:      61112 bytes,    4530600 total
[2025-09-23T11:12:37.297+0000][66][gc,age      ] GC(20) - age   5:      60960 bytes,    4591560 total
[2025-09-23T11:12:37.297+0000][66][gc,age      ] GC(20) - age   6:    1252784 bytes,    5844344 total
[2025-09-23T11:12:37.297+0000][66][gc,age      ] GC(20) - age   7:    5923144 bytes,   11767488 total
[2025-09-23T11:12:37.297+0000][66][gc,age      ] GC(20) - age   8:    8578296 bytes,   20345784 total
[2025-09-23T11:12:37.297+0000][66][gc,age      ] GC(20) - age   9:    6017608 bytes,   26363392 total
[2025-09-23T11:12:37.297+0000][66][gc,heap     ] GC(20) Eden regions: 300->0(300)
[2025-09-23T11:12:37.297+0000][66][gc,heap     ] GC(20) Survivor regions: 7->7(39)
[2025-09-23T11:12:37.298+0000][66][gc,heap     ] GC(20) Old regions: 27->27
[2025-09-23T11:12:37.298+0000][66][gc,heap     ] GC(20) Archive regions: 2->2
[2025-09-23T11:12:37.298+0000][66][gc,heap     ] GC(20) Humongous regions: 4->4
[2025-09-23T11:12:37.298+0000][66][gc,metaspace] GC(20) Metaspace: 138259K(141760K)->138259K(141760K) NonClass: 120380K(122176K)->120380K(122176K) Class: 17878K(19584K)->17878K(19584K)
[2025-09-23T11:12:37.298+0000][66][gc          ] GC(20) Pause Young (Normal) (G1 Evacuation Pause) 1352M->152M(2048M) 85.523ms
[2025-09-23T11:12:37.298+0000][66][gc,cpu      ] GC(20) User=0.45s Sys=0.00s Real=0.08s
[2025-09-23T11:12:37.298+0000][66][safepoint   ] Safepoint "G1CollectForAllocation", Time since last: 949603917 ns, Reaching safepoint: 102250 ns, At safepoint: 86451750 ns, Total: 86554000 ns
[2025-09-23T11:12:38.299+0000][66][safepoint   ] Safepoint "Cleanup", Time since last: 1000752083 ns, Reaching safepoint: 199417 ns, At safepoint: 9542 ns, Total: 208959 ns
[2025-09-23T11:12:43.306+0000][66][safepoint   ] Safepoint "Cleanup", Time since last: 5005096794 ns, Reaching safepoint: 1596667 ns, At safepoint: 5125 ns, Total: 1601792 ns
[2025-09-23T11:12:44.310+0000][66][safepoint   ] Safepoint "Cleanup", Time since last: 1002045458 ns, Reaching safepoint: 1981583 ns, At safepoint: 5709 ns, Total: 1987292 ns
[2025-09-23T11:12:46.313+0000][66][safepoint   ] Safepoint "Cleanup", Time since last: 2002047667 ns, Reaching safepoint: 294834 ns, At safepoint: 9875 ns, Total: 304709 ns
[2025-09-23T11:12:48.315+0000][66][safepoint   ] Safepoint "Cleanup", Time since last: 2001795417 ns, Reaching safepoint: 346834 ns, At safepoint: 11708 ns, Total: 358542 ns
[2025-09-23T11:12:49.316+0000][66][safepoint   ] Safepoint "Cleanup", Time since last: 1001598625 ns, Reaching safepoint: 154292 ns, At safepoint: 29250 ns, Total: 183542 ns
[2025-09-23T11:12:50.319+0000][66][safepoint   ] Safepoint "Cleanup", Time since last: 1002465834 ns, Reaching safepoint: 357083 ns, At safepoint: 7209 ns, Total: 364292 ns
[2025-09-23T11:12:56.325+0000][66][safepoint   ] Safepoint "Cleanup", Time since last: 6005893627 ns, Reaching safepoint: 252375 ns, At safepoint: 6667 ns, Total: 259042 ns
[2025-09-23T11:12:57.328+0000][66][safepoint   ] Safepoint "Cleanup", Time since last: 1001887834 ns, Reaching safepoint: 324083 ns, At safepoint: 4542 ns, Total: 328625 ns
[2025-09-23T11:13:01.335+0000][66][safepoint   ] Safepoint "Cleanup", Time since last: 4003608293 ns, Reaching safepoint: 3395417 ns, At safepoint: 6250 ns, Total: 3401667 ns
[2025-09-23T11:13:02.338+0000][66][safepoint   ] Safepoint "Cleanup", Time since last: 1003517376 ns, Reaching safepoint: 158291 ns, At safepoint: 3834 ns, Total: 162125 ns
[2025-09-23T11:13:03.340+0000][66][safepoint   ] Safepoint "Cleanup", Time since last: 1001005458 ns, Reaching safepoint: 521375 ns, At safepoint: 4542 ns, Total: 525917 ns
[2025-09-23T11:13:04.341+0000][66][safepoint   ] Safepoint "Cleanup", Time since last: 1000339751 ns, Reaching safepoint: 392000 ns, At safepoint: 7083 ns, Total: 399083 ns
[2025-09-23T11:13:05.341+0000][66][safepoint   ] Safepoint "Cleanup", Time since last: 1000563000 ns, Reaching safepoint: 92709 ns, At safepoint: 3458 ns, Total: 96167 ns
[2025-09-23T11:13:07.343+0000][66][safepoint   ] Safepoint "Cleanup", Time since last: 2001910459 ns, Reaching safepoint: 254584 ns, At safepoint: 20833 ns, Total: 275417 ns
[2025-09-23T11:13:08.344+0000][66][safepoint   ] Safepoint "Cleanup", Time since last: 1000745709 ns, Reaching safepoint: 107708 ns, At safepoint: 5959 ns, Total: 113667 ns
[2025-09-23T11:13:10.347+0000][66][safepoint   ] Safepoint "Cleanup", Time since last: 2001882542 ns, Reaching safepoint: 362750 ns, At safepoint: 28667 ns, Total: 391417 ns
[2025-09-23T11:13:13.349+0000][66][safepoint   ] Safepoint "Cleanup", Time since last: 3002610543 ns, Reaching safepoint: 130708 ns, At safepoint: 4209 ns, Total: 134917 ns
[2025-09-23T11:13:15.350+0000][66][safepoint   ] Safepoint "Cleanup", Time since last: 2000874292 ns, Reaching safepoint: 698875 ns, At safepoint: 7250 ns, Total: 706125 ns
[2025-09-23T11:13:22.358+0000][66][safepoint   ] Safepoint "Cleanup", Time since last: 7007282962 ns, Reaching safepoint: 515041 ns, At safepoint: 4167 ns, Total: 519208 ns
[2025-09-23T11:13:25.361+0000][66][safepoint   ] Safepoint "Cleanup", Time since last: 3003490918 ns, Reaching safepoint: 154625 ns, At safepoint: 4833 ns, Total: 159458 ns
[2025-09-23T11:13:27.563+0000][66][gc,start    ] GC(21) Pause Young (Normal) (G1 Evacuation Pause)
[2025-09-23T11:13:27.564+0000][66][gc,task     ] GC(21) Using 8 workers of 8 for evacuation
[2025-09-23T11:13:27.564+0000][66][gc,age      ] GC(21) Desired survivor size 81788928 bytes, new threshold 15 (max threshold 15)
[2025-09-23T11:13:27.592+0000][66][gc,phases   ] GC(21)   Pre Evacuate Collection Set: 0.4ms
[2025-09-23T11:13:27.592+0000][66][gc,phases   ] GC(21)   Merge Heap Roots: 0.1ms
[2025-09-23T11:13:27.592+0000][66][gc,phases   ] GC(21)   Evacuate Collection Set: 24.9ms
[2025-09-23T11:13:27.592+0000][66][gc,phases   ] GC(21)   Post Evacuate Collection Set: 2.4ms
[2025-09-23T11:13:27.592+0000][66][gc,phases   ] GC(21)   Other: 0.3ms
[2025-09-23T11:13:27.592+0000][66][gc,age      ] GC(21) Age table with threshold 15 (max threshold 15)
[2025-09-23T11:13:27.592+0000][66][gc,age      ] GC(21) - age   1:    3684120 bytes,    3684120 total
[2025-09-23T11:13:27.592+0000][66][gc,age      ] GC(21) - age   2:     563904 bytes,    4248024 total
[2025-09-23T11:13:27.592+0000][66][gc,age      ] GC(21) - age   3:      71904 bytes,    4319928 total
[2025-09-23T11:13:27.592+0000][66][gc,age      ] GC(21) - age   4:     105512 bytes,    4425440 total
[2025-09-23T11:13:27.592+0000][66][gc,age      ] GC(21) - age   5:      59136 bytes,    4484576 total
[2025-09-23T11:13:27.592+0000][66][gc,age      ] GC(21) - age   6:      58688 bytes,    4543264 total
[2025-09-23T11:13:27.592+0000][66][gc,age      ] GC(21) - age   7:    1252360 bytes,    5795624 total
[2025-09-23T11:13:27.592+0000][66][gc,age      ] GC(21) - age   8:    5920176 bytes,   11715800 total
[2025-09-23T11:13:27.592+0000][66][gc,age      ] GC(21) - age   9:    8578024 bytes,   20293824 total
[2025-09-23T11:13:27.592+0000][66][gc,age      ] GC(21) - age  10:    6017608 bytes,   26311432 total
[2025-09-23T11:13:27.592+0000][66][gc,heap     ] GC(21) Eden regions: 300->0(299)
[2025-09-23T11:13:27.592+0000][66][gc,heap     ] GC(21) Survivor regions: 7->8(39)
[2025-09-23T11:13:27.592+0000][66][gc,heap     ] GC(21) Old regions: 27->27
[2025-09-23T11:13:27.593+0000][66][gc,heap     ] GC(21) Archive regions: 2->2
[2025-09-23T11:13:27.593+0000][66][gc,heap     ] GC(21) Humongous regions: 4->4
[2025-09-23T11:13:27.593+0000][66][gc,metaspace] GC(21) Metaspace: 138356K(141888K)->138356K(141888K) NonClass: 120477K(122304K)->120477K(122304K) Class: 17878K(19584K)->17878K(19584K)
[2025-09-23T11:13:27.593+0000][66][gc          ] GC(21) Pause Young (Normal) (G1 Evacuation Pause) 1352M->153M(2048M) 29.339ms
[2025-09-23T11:13:27.593+0000][66][gc,cpu      ] GC(21) User=0.16s Sys=0.00s Real=0.03s
[2025-09-23T11:13:27.593+0000][66][safepoint   ] Safepoint "G1CollectForAllocation", Time since last: 2201937543 ns, Reaching safepoint: 71667 ns, At safepoint: 29509166 ns, Total: 29580833 ns
[2025-09-23T11:13:28.594+0000][66][safepoint   ] Safepoint "Cleanup", Time since last: 1000399793 ns, Reaching safepoint: 638041 ns, At safepoint: 4209 ns, Total: 642250 ns
[2025-09-23T11:13:32.598+0000][66][safepoint   ] Safepoint "Cleanup", Time since last: 4004282460 ns, Reaching safepoint: 311208 ns, At safepoint: 9042 ns, Total: 320250 ns
[2025-09-23T11:13:33.600+0000][66][safepoint   ] Safepoint "Cleanup", Time since last: 1000650875 ns, Reaching safepoint: 1333375 ns, At safepoint: 8375 ns, Total: 1341750 ns
[2025-09-23T11:13:34.602+0000][66][safepoint   ] Safepoint "Cleanup", Time since last: 1001682126 ns, Reaching safepoint: 172625 ns, At safepoint: 9666 ns, Total: 182291 ns
[2025-09-23T11:13:40.610+0000][66][safepoint   ] Safepoint "Cleanup", Time since last: 6007815670 ns, Reaching safepoint: 316292 ns, At safepoint: 21625 ns, Total: 337917 ns
[2025-09-23T11:13:43.615+0000][66][safepoint   ] Safepoint "Cleanup", Time since last: 3002652001 ns, Reaching safepoint: 1975875 ns, At safepoint: 10000 ns, Total: 1985875 ns
[2025-09-23T11:13:46.618+0000][66][safepoint   ] Safepoint "Cleanup", Time since last: 3003174167 ns, Reaching safepoint: 292000 ns, At safepoint: 5958 ns, Total: 297958 ns
[2025-09-23T11:13:49.622+0000][66][safepoint   ] Safepoint "Cleanup", Time since last: 3003851877 ns, Reaching safepoint: 695042 ns, At safepoint: 8625 ns, Total: 703667 ns
[2025-09-23T11:13:50.624+0000][66][safepoint   ] Safepoint "Cleanup", Time since last: 1001309208 ns, Reaching safepoint: 168542 ns, At safepoint: 9417 ns, Total: 177959 ns
[2025-09-23T11:13:52.625+0000][66][safepoint   ] Safepoint "Cleanup", Time since last: 2000609167 ns, Reaching safepoint: 1097875 ns, At safepoint: 8500 ns, Total: 1106375 ns
[2025-09-23T11:13:58.637+0000][66][safepoint   ] Safepoint "Cleanup", Time since last: 6009776253 ns, Reaching safepoint: 1303250 ns, At safepoint: 6500 ns, Total: 1309750 ns
[2025-09-23T11:14:01.644+0000][66][safepoint   ] Safepoint "Cleanup", Time since last: 3006759502 ns, Reaching safepoint: 440208 ns, At safepoint: 4083 ns, Total: 444291 ns
[2025-09-23T11:14:02.645+0000][66][safepoint   ] Safepoint "Cleanup", Time since last: 1000590417 ns, Reaching safepoint: 360417 ns, At safepoint: 13875 ns, Total: 374292 ns
[2025-09-23T11:14:05.647+0000][66][safepoint   ] Safepoint "Cleanup", Time since last: 3002529918 ns, Reaching safepoint: 179375 ns, At safepoint: 7875 ns, Total: 187250 ns
[2025-09-23T11:14:07.649+0000][66][safepoint   ] Safepoint "Cleanup", Time since last: 2001811918 ns, Reaching safepoint: 212333 ns, At safepoint: 4833 ns, Total: 217166 ns
[2025-09-23T11:14:08.651+0000][66][safepoint   ] Safepoint "Cleanup", Time since last: 1000815168 ns, Reaching safepoint: 215833 ns, At safepoint: 9417 ns, Total: 225250 ns
[2025-09-23T11:14:10.652+0000][66][safepoint   ] Safepoint "Cleanup", Time since last: 2001757126 ns, Reaching safepoint: 146708 ns, At safepoint: 9708 ns, Total: 156416 ns
[2025-09-23T11:14:13.656+0000][66][safepoint   ] Safepoint "Cleanup", Time since last: 3002860210 ns, Reaching safepoint: 419000 ns, At safepoint: 4708 ns, Total: 423708 ns
[2025-09-23T11:14:17.222+0000][66][gc,start    ] GC(22) Pause Young (Normal) (G1 Evacuation Pause)
[2025-09-23T11:14:17.223+0000][66][gc,task     ] GC(22) Using 8 workers of 8 for evacuation
[2025-09-23T11:14:17.223+0000][66][gc,age      ] GC(22) Desired survivor size 81788928 bytes, new threshold 15 (max threshold 15)
[2025-09-23T11:14:17.265+0000][66][gc,phases   ] GC(22)   Pre Evacuate Collection Set: 0.4ms
[2025-09-23T11:14:17.265+0000][66][gc,phases   ] GC(22)   Merge Heap Roots: 0.2ms
[2025-09-23T11:14:17.265+0000][66][gc,phases   ] GC(22)   Evacuate Collection Set: 38.7ms
[2025-09-23T11:14:17.265+0000][66][gc,phases   ] GC(22)   Post Evacuate Collection Set: 2.8ms
[2025-09-23T11:14:17.265+0000][66][gc,phases   ] GC(22)   Other: 0.3ms
[2025-09-23T11:14:17.265+0000][66][gc,age      ] GC(22) Age table with threshold 15 (max threshold 15)
[2025-09-23T11:14:17.265+0000][66][gc,age      ] GC(22) - age   1:    4319232 bytes,    4319232 total
[2025-09-23T11:14:17.265+0000][66][gc,age      ] GC(22) - age   2:     277464 bytes,    4596696 total
[2025-09-23T11:14:17.265+0000][66][gc,age      ] GC(22) - age   3:     426648 bytes,    5023344 total
[2025-09-23T11:14:17.265+0000][66][gc,age      ] GC(22) - age   4:      66792 bytes,    5090136 total
[2025-09-23T11:14:17.266+0000][66][gc,age      ] GC(22) - age   5:     101776 bytes,    5191912 total
[2025-09-23T11:14:17.266+0000][66][gc,age      ] GC(22) - age   6:      58224 bytes,    5250136 total
[2025-09-23T11:14:17.266+0000][66][gc,age      ] GC(22) - age   7:      57888 bytes,    5308024 total
[2025-09-23T11:14:17.266+0000][66][gc,age      ] GC(22) - age   8:    1250728 bytes,    6558752 total
[2025-09-23T11:14:17.266+0000][66][gc,age      ] GC(22) - age   9:    5918944 bytes,   12477696 total
[2025-09-23T11:14:17.266+0000][66][gc,age      ] GC(22) - age  10:    8578024 bytes,   21055720 total
[2025-09-23T11:14:17.266+0000][66][gc,age      ] GC(22) - age  11:    6017608 bytes,   27073328 total
[2025-09-23T11:14:17.266+0000][66][gc,heap     ] GC(22) Eden regions: 299->0(299)
[2025-09-23T11:14:17.266+0000][66][gc,heap     ] GC(22) Survivor regions: 8->8(39)
[2025-09-23T11:14:17.266+0000][66][gc,heap     ] GC(22) Old regions: 27->27
[2025-09-23T11:14:17.266+0000][66][gc,heap     ] GC(22) Archive regions: 2->2
[2025-09-23T11:14:17.266+0000][66][gc,heap     ] GC(22) Humongous regions: 4->4
[2025-09-23T11:14:17.266+0000][66][gc,metaspace] GC(22) Metaspace: 138431K(141952K)->138431K(141952K) NonClass: 120553K(122368K)->120553K(122368K) Class: 17878K(19584K)->17878K(19584K)
[2025-09-23T11:14:17.266+0000][66][gc          ] GC(22) Pause Young (Normal) (G1 Evacuation Pause) 1349M->155M(2048M) 44.240ms
[2025-09-23T11:14:17.266+0000][66][gc,cpu      ] GC(22) User=0.24s Sys=0.00s Real=0.04s
[2025-09-23T11:14:17.266+0000][66][safepoint   ] Safepoint "G1CollectForAllocation", Time since last: 3565365126 ns, Reaching safepoint: 384333 ns, At safepoint: 44699250 ns, Total: 45083583 ns
[2025-09-23T11:14:18.268+0000][66][safepoint   ] Safepoint "Cleanup", Time since last: 1001166626 ns, Reaching safepoint: 317292 ns, At safepoint: 4291 ns, Total: 321583 ns
[2025-09-23T11:14:19.270+0000][66][safepoint   ] Safepoint "Cleanup", Time since last: 1001673001 ns, Reaching safepoint: 276083 ns, At safepoint: 5542 ns, Total: 281625 ns
[2025-09-23T11:14:24.276+0000][66][safepoint   ] Safepoint "Cleanup", Time since last: 5005752669 ns, Reaching safepoint: 709500 ns, At safepoint: 4500 ns, Total: 714000 ns
[2025-09-23T11:14:26.278+0000][66][safepoint   ] Safepoint "Cleanup", Time since last: 2002181626 ns, Reaching safepoint: 107500 ns, At safepoint: 6333 ns, Total: 113833 ns
[2025-09-23T11:14:32.289+0000][66][safepoint   ] Safepoint "Cleanup", Time since last: 6005559295 ns, Reaching safepoint: 4686166 ns, At safepoint: 131542 ns, Total: 4817708 ns
[2025-09-23T11:14:40.304+0000][66][safepoint   ] Safepoint "Cleanup", Time since last: 8013397337 ns, Reaching safepoint: 1381917 ns, At safepoint: 14291 ns, Total: 1396208 ns
[2025-09-23T11:14:43.309+0000][66][safepoint   ] Safepoint "Cleanup", Time since last: 3003692669 ns, Reaching safepoint: 2018291 ns, At safepoint: 7167 ns, Total: 2025458 ns
[2025-09-23T11:14:44.310+0000][66][safepoint   ] Safepoint "Cleanup", Time since last: 1001019083 ns, Reaching safepoint: 248000 ns, At safepoint: 9833 ns, Total: 257833 ns
[2025-09-23T11:14:55.326+0000][66][safepoint   ] Safepoint "Cleanup", Time since last: 11015758589 ns, Reaching safepoint: 666333 ns, At safepoint: 4667 ns, Total: 671000 ns
[2025-09-23T11:15:01.333+0000][66][safepoint   ] Safepoint "Cleanup", Time since last: 6006389086 ns, Reaching safepoint: 494708 ns, At safepoint: 13375 ns, Total: 508083 ns
[2025-09-23T11:15:05.339+0000][66][safepoint   ] Safepoint "Cleanup", Time since last: 4005466627 ns, Reaching safepoint: 423959 ns, At safepoint: 3833 ns, Total: 427792 ns
[2025-09-23T11:15:08.669+0000][66][gc,start    ] GC(23) Pause Young (Normal) (G1 Evacuation Pause)
[2025-09-23T11:15:08.669+0000][66][gc,task     ] GC(23) Using 8 workers of 8 for evacuation
[2025-09-23T11:15:08.669+0000][66][gc,age      ] GC(23) Desired survivor size 81788928 bytes, new threshold 15 (max threshold 15)
[2025-09-23T11:15:08.714+0000][66][gc,phases   ] GC(23)   Pre Evacuate Collection Set: 1.2ms
[2025-09-23T11:15:08.714+0000][66][gc,phases   ] GC(23)   Merge Heap Roots: 0.6ms
[2025-09-23T11:15:08.714+0000][66][gc,phases   ] GC(23)   Evacuate Collection Set: 39.5ms
[2025-09-23T11:15:08.714+0000][66][gc,phases   ] GC(23)   Post Evacuate Collection Set: 2.6ms
[2025-09-23T11:15:08.714+0000][66][gc,phases   ] GC(23)   Other: 0.4ms
[2025-09-23T11:15:08.714+0000][66][gc,age      ] GC(23) Age table with threshold 15 (max threshold 15)
[2025-09-23T11:15:08.714+0000][66][gc,age      ] GC(23) - age   1:    4279240 bytes,    4279240 total
[2025-09-23T11:15:08.714+0000][66][gc,age      ] GC(23) - age   2:      67840 bytes,    4347080 total
[2025-09-23T11:15:08.714+0000][66][gc,age      ] GC(23) - age   3:     275600 bytes,    4622680 total
[2025-09-23T11:15:08.714+0000][66][gc,age      ] GC(23) - age   4:     425208 bytes,    5047888 total
[2025-09-23T11:15:08.714+0000][66][gc,age      ] GC(23) - age   5:      27112 bytes,    5075000 total
[2025-09-23T11:15:08.714+0000][66][gc,age      ] GC(23) - age   6:     100352 bytes,    5175352 total
[2025-09-23T11:15:08.714+0000][66][gc,age      ] GC(23) - age   7:      54296 bytes,    5229648 total
[2025-09-23T11:15:08.714+0000][66][gc,age      ] GC(23) - age   8:      57368 bytes,    5287016 total
[2025-09-23T11:15:08.714+0000][66][gc,age      ] GC(23) - age   9:    1248376 bytes,    6535392 total
[2025-09-23T11:15:08.714+0000][66][gc,age      ] GC(23) - age  10:    5918944 bytes,   12454336 total
[2025-09-23T11:15:08.714+0000][66][gc,age      ] GC(23) - age  11:    8578024 bytes,   21032360 total
[2025-09-23T11:15:08.714+0000][66][gc,age      ] GC(23) - age  12:    6017608 bytes,   27049968 total
[2025-09-23T11:15:08.714+0000][66][gc,heap     ] GC(23) Eden regions: 299->0(299)
[2025-09-23T11:15:08.714+0000][66][gc,heap     ] GC(23) Survivor regions: 8->8(39)
[2025-09-23T11:15:08.714+0000][66][gc,heap     ] GC(23) Old regions: 27->27
[2025-09-23T11:15:08.714+0000][66][gc,heap     ] GC(23) Archive regions: 2->2
[2025-09-23T11:15:08.714+0000][66][gc,heap     ] GC(23) Humongous regions: 4->4
[2025-09-23T11:15:08.714+0000][66][gc,metaspace] GC(23) Metaspace: 138527K(142016K)->138527K(142016K) NonClass: 120648K(122432K)->120648K(122432K) Class: 17878K(19584K)->17878K(19584K)
[2025-09-23T11:15:08.714+0000][66][gc          ] GC(23) Pause Young (Normal) (G1 Evacuation Pause) 1351M->154M(2048M) 45.391ms
[2025-09-23T11:15:08.714+0000][66][gc,cpu      ] GC(23) User=0.28s Sys=0.00s Real=0.05s
[2025-09-23T11:15:08.714+0000][66][safepoint   ] Safepoint "G1CollectForAllocation", Time since last: 3329630502 ns, Reaching safepoint: 115250 ns, At safepoint: 45578791 ns, Total: 45694041 ns
[2025-09-23T11:15:13.719+0000][66][safepoint   ] Safepoint "Cleanup", Time since last: 5004228336 ns, Reaching safepoint: 398250 ns, At safepoint: 3875 ns, Total: 402125 ns
[2025-09-23T11:15:14.719+0000][66][safepoint   ] Safepoint "Cleanup", Time since last: 1001557541 ns, Reaching safepoint: 235709 ns, At safepoint: 8458 ns, Total: 244167 ns
[2025-09-23T11:15:19.725+0000][66][safepoint   ] Safepoint "Cleanup", Time since last: 5004832711 ns, Reaching safepoint: 843708 ns, At safepoint: 16125 ns, Total: 859833 ns
[2025-09-23T11:15:21.728+0000][66][safepoint   ] Safepoint "Cleanup", Time since last: 2002093043 ns, Reaching safepoint: 365250 ns, At safepoint: 6958 ns, Total: 372208 ns
[2025-09-23T11:15:23.731+0000][66][safepoint   ] Safepoint "Cleanup", Time since last: 2002613793 ns, Reaching safepoint: 327166 ns, At safepoint: 27042 ns, Total: 354208 ns
[2025-09-23T11:15:28.736+0000][66][safepoint   ] Safepoint "Cleanup", Time since last: 5004722752 ns, Reaching safepoint: 395000 ns, At safepoint: 24875 ns, Total: 419875 ns
[2025-09-23T11:15:33.741+0000][66][safepoint   ] Safepoint "Cleanup", Time since last: 5005482711 ns, Reaching safepoint: 202833 ns, At safepoint: 15250 ns, Total: 218083 ns
[2025-09-23T11:15:34.743+0000][66][safepoint   ] Safepoint "Cleanup", Time since last: 1001793542 ns, Reaching safepoint: 249209 ns, At safepoint: 4125 ns, Total: 253334 ns
[2025-09-23T11:15:40.750+0000][66][safepoint   ] Safepoint "Cleanup", Time since last: 6005741878 ns, Reaching safepoint: 1156958 ns, At safepoint: 9792 ns, Total: 1166750 ns
[2025-09-23T11:15:43.756+0000][66][safepoint   ] Safepoint "Cleanup", Time since last: 3005070168 ns, Reaching safepoint: 246375 ns, At safepoint: 25916 ns, Total: 272291 ns
[2025-09-23T11:15:47.760+0000][66][safepoint   ] Safepoint "Cleanup", Time since last: 4004501293 ns, Reaching safepoint: 621875 ns, At safepoint: 9459 ns, Total: 631334 ns
[2025-09-23T11:15:53.767+0000][66][safepoint   ] Safepoint "Cleanup", Time since last: 6006393044 ns, Reaching safepoint: 668709 ns, At safepoint: 31375 ns, Total: 700084 ns
[2025-09-23T11:15:55.769+0000][66][safepoint   ] Safepoint "Cleanup", Time since last: 2002238959 ns, Reaching safepoint: 151625 ns, At safepoint: 22583 ns, Total: 174208 ns
[2025-09-23T11:15:59.225+0000][66][gc,start    ] GC(24) Pause Young (Normal) (G1 Evacuation Pause)
[2025-09-23T11:15:59.226+0000][66][gc,task     ] GC(24) Using 8 workers of 8 for evacuation
[2025-09-23T11:15:59.226+0000][66][gc,age      ] GC(24) Desired survivor size 81788928 bytes, new threshold 15 (max threshold 15)
[2025-09-23T11:15:59.265+0000][66][gc,phases   ] GC(24)   Pre Evacuate Collection Set: 0.4ms
[2025-09-23T11:15:59.266+0000][66][gc,phases   ] GC(24)   Merge Heap Roots: 0.4ms
[2025-09-23T11:15:59.266+0000][66][gc,phases   ] GC(24)   Evacuate Collection Set: 35.9ms
[2025-09-23T11:15:59.266+0000][66][gc,phases   ] GC(24)   Post Evacuate Collection Set: 2.8ms
[2025-09-23T11:15:59.266+0000][66][gc,phases   ] GC(24)   Other: 0.3ms
[2025-09-23T11:15:59.266+0000][66][gc,age      ] GC(24) Age table with threshold 15 (max threshold 15)
[2025-09-23T11:15:59.266+0000][66][gc,age      ] GC(24) - age   1:    4039648 bytes,    4039648 total
[2025-09-23T11:15:59.266+0000][66][gc,age      ] GC(24) - age   2:      69728 bytes,    4109376 total
[2025-09-23T11:15:59.266+0000][66][gc,age      ] GC(24) - age   3:      62912 bytes,    4172288 total
[2025-09-23T11:15:59.266+0000][66][gc,age      ] GC(24) - age   4:     141224 bytes,    4313512 total
[2025-09-23T11:15:59.266+0000][66][gc,age      ] GC(24) - age   5:     424008 bytes,    4737520 total
[2025-09-23T11:15:59.266+0000][66][gc,age      ] GC(24) - age   6:      26176 bytes,    4763696 total
[2025-09-23T11:15:59.266+0000][66][gc,age      ] GC(24) - age   7:      96608 bytes,    4860304 total
[2025-09-23T11:15:59.266+0000][66][gc,age      ] GC(24) - age   8:      53296 bytes,    4913600 total
[2025-09-23T11:15:59.266+0000][66][gc,age      ] GC(24) - age   9:      57328 bytes,    4970928 total
[2025-09-23T11:15:59.266+0000][66][gc,age      ] GC(24) - age  10:    1244728 bytes,    6215656 total
[2025-09-23T11:15:59.266+0000][66][gc,age      ] GC(24) - age  11:    5910296 bytes,   12125952 total
[2025-09-23T11:15:59.266+0000][66][gc,age      ] GC(24) - age  12:    8578024 bytes,   20703976 total
[2025-09-23T11:15:59.266+0000][66][gc,age      ] GC(24) - age  13:    6017608 bytes,   26721584 total
[2025-09-23T11:15:59.266+0000][66][gc,heap     ] GC(24) Eden regions: 299->0(299)
[2025-09-23T11:15:59.266+0000][66][gc,heap     ] GC(24) Survivor regions: 8->8(39)
[2025-09-23T11:15:59.266+0000][66][gc,heap     ] GC(24) Old regions: 27->27
[2025-09-23T11:15:59.266+0000][66][gc,heap     ] GC(24) Archive regions: 2->2
[2025-09-23T11:15:59.266+0000][66][gc,heap     ] GC(24) Humongous regions: 4->4
[2025-09-23T11:15:59.266+0000][66][gc,metaspace] GC(24) Metaspace: 138560K(142016K)->138560K(142016K) NonClass: 120681K(122432K)->120681K(122432K) Class: 17878K(19584K)->17878K(19584K)
[2025-09-23T11:15:59.266+0000][66][gc          ] GC(24) Pause Young (Normal) (G1 Evacuation Pause) 1350M->153M(2048M) 41.219ms
[2025-09-23T11:15:59.266+0000][66][gc,cpu      ] GC(24) User=0.21s Sys=0.00s Real=0.04s
[2025-09-23T11:15:59.266+0000][66][safepoint   ] Safepoint "G1CollectForAllocation", Time since last: 3455586502 ns, Reaching safepoint: 169583 ns, At safepoint: 41395333 ns, Total: 41564916 ns
[2025-09-23T11:16:00.267+0000][66][safepoint   ] Safepoint "Cleanup", Time since last: 1000702501 ns, Reaching safepoint: 191583 ns, At safepoint: 12750 ns, Total: 204333 ns
[2025-09-23T11:16:05.273+0000][66][safepoint   ] Safepoint "Cleanup", Time since last: 5004853836 ns, Reaching safepoint: 561500 ns, At safepoint: 7458 ns, Total: 568958 ns
[2025-09-23T11:16:07.277+0000][66][safepoint   ] Safepoint "Cleanup", Time since last: 2002630210 ns, Reaching safepoint: 1975291 ns, At safepoint: 21459 ns, Total: 1996750 ns
[2025-09-23T11:16:08.278+0000][66][safepoint   ] Safepoint "Cleanup", Time since last: 1000726750 ns, Reaching safepoint: 252958 ns, At safepoint: 7542 ns, Total: 260500 ns
[2025-09-23T11:16:10.280+0000][66][safepoint   ] Safepoint "Cleanup", Time since last: 2001736001 ns, Reaching safepoint: 60750 ns, At safepoint: 3292 ns, Total: 64042 ns
[2025-09-23T11:16:13.285+0000][66][safepoint   ] Safepoint "Cleanup", Time since last: 3003064043 ns, Reaching safepoint: 1189542 ns, At safepoint: 11125 ns, Total: 1200667 ns
[2025-09-23T11:16:19.292+0000][66][safepoint   ] Safepoint "Cleanup", Time since last: 6005718251 ns, Reaching safepoint: 368584 ns, At safepoint: 22666 ns, Total: 391250 ns
[2025-09-23T11:16:24.297+0000][66][safepoint   ] Safepoint "Cleanup", Time since last: 5004664211 ns, Reaching safepoint: 331667 ns, At safepoint: 7750 ns, Total: 339417 ns
[2025-09-23T11:16:26.298+0000][66][safepoint   ] Safepoint "Cleanup", Time since last: 2001604834 ns, Reaching safepoint: 233542 ns, At safepoint: 9916 ns, Total: 243458 ns
[2025-09-23T11:16:27.300+0000][66][safepoint   ] Safepoint "Cleanup", Time since last: 1000763626 ns, Reaching safepoint: 385208 ns, At safepoint: 9792 ns, Total: 395000 ns
[2025-09-23T11:16:31.304+0000][66][safepoint   ] Safepoint "Cleanup", Time since last: 4003782377 ns, Reaching safepoint: 94291 ns, At safepoint: 4042 ns, Total: 98333 ns
[2025-09-23T11:16:35.308+0000][66][safepoint   ] Safepoint "Cleanup", Time since last: 4003746210 ns, Reaching safepoint: 560334 ns, At safepoint: 25041 ns, Total: 585375 ns
[2025-09-23T11:16:36.309+0000][66][safepoint   ] Safepoint "Cleanup", Time since last: 1001351168 ns, Reaching safepoint: 112375 ns, At safepoint: 4583 ns, Total: 116958 ns
[2025-09-23T11:16:37.310+0000][66][safepoint   ] Safepoint "Cleanup", Time since last: 1000942417 ns, Reaching safepoint: 92458 ns, At safepoint: 4042 ns, Total: 96500 ns
[2025-09-23T11:16:39.313+0000][66][safepoint   ] Safepoint "Cleanup", Time since last: 2001872001 ns, Reaching safepoint: 292792 ns, At safepoint: 5250 ns, Total: 298042 ns
[2025-09-23T11:16:40.313+0000][66][safepoint   ] Safepoint "Cleanup", Time since last: 1000675708 ns, Reaching safepoint: 77500 ns, At safepoint: 4500 ns, Total: 82000 ns
[2025-09-23T11:16:41.315+0000][66][safepoint   ] Safepoint "Cleanup", Time since last: 1001015626 ns, Reaching safepoint: 910417 ns, At safepoint: 10416 ns, Total: 920833 ns
[2025-09-23T11:16:43.317+0000][66][safepoint   ] Safepoint "Cleanup", Time since last: 2002013793 ns, Reaching safepoint: 172458 ns, At safepoint: 6542 ns, Total: 179000 ns
[2025-09-23T11:16:45.016+0000][66][gc,start    ] GC(25) Pause Young (Normal) (G1 Evacuation Pause)
[2025-09-23T11:16:45.017+0000][66][gc,task     ] GC(25) Using 8 workers of 8 for evacuation
[2025-09-23T11:16:45.017+0000][66][gc,age      ] GC(25) Desired survivor size 81788928 bytes, new threshold 15 (max threshold 15)
[2025-09-23T11:16:45.058+0000][66][gc,phases   ] GC(25)   Pre Evacuate Collection Set: 0.5ms
[2025-09-23T11:16:45.058+0000][66][gc,phases   ] GC(25)   Merge Heap Roots: 0.3ms
[2025-09-23T11:16:45.058+0000][66][gc,phases   ] GC(25)   Evacuate Collection Set: 37.3ms
[2025-09-23T11:16:45.058+0000][66][gc,phases   ] GC(25)   Post Evacuate Collection Set: 2.5ms
[2025-09-23T11:16:45.058+0000][66][gc,phases   ] GC(25)   Other: 0.4ms
[2025-09-23T11:16:45.058+0000][66][gc,age      ] GC(25) Age table with threshold 15 (max threshold 15)
[2025-09-23T11:16:45.058+0000][66][gc,age      ] GC(25) - age   1:    4966704 bytes,    4966704 total
[2025-09-23T11:16:45.058+0000][66][gc,age      ] GC(25) - age   2:     182392 bytes,    5149096 total
[2025-09-23T11:16:45.058+0000][66][gc,age      ] GC(25) - age   3:      62440 bytes,    5211536 total
[2025-09-23T11:16:45.058+0000][66][gc,age      ] GC(25) - age   4:      60032 bytes,    5271568 total
[2025-09-23T11:16:45.058+0000][66][gc,age      ] GC(25) - age   5:     140760 bytes,    5412328 total
[2025-09-23T11:16:45.058+0000][66][gc,age      ] GC(25) - age   6:     418040 bytes,    5830368 total
[2025-09-23T11:16:45.058+0000][66][gc,age      ] GC(25) - age   7:      25872 bytes,    5856240 total
[2025-09-23T11:16:45.058+0000][66][gc,age      ] GC(25) - age   8:      96608 bytes,    5952848 total
[2025-09-23T11:16:45.058+0000][66][gc,age      ] GC(25) - age   9:      51912 bytes,    6004760 total
[2025-09-23T11:16:45.058+0000][66][gc,age      ] GC(25) - age  10:      55136 bytes,    6059896 total
[2025-09-23T11:16:45.058+0000][66][gc,age      ] GC(25) - age  11:    1241480 bytes,    7301376 total
[2025-09-23T11:16:45.058+0000][66][gc,age      ] GC(25) - age  12:    5910216 bytes,   13211592 total
[2025-09-23T11:16:45.058+0000][66][gc,age      ] GC(25) - age  13:    8578024 bytes,   21789616 total
[2025-09-23T11:16:45.058+0000][66][gc,age      ] GC(25) - age  14:    6017608 bytes,   27807224 total
[2025-09-23T11:16:45.058+0000][66][gc,heap     ] GC(25) Eden regions: 299->0(299)
[2025-09-23T11:16:45.058+0000][66][gc,heap     ] GC(25) Survivor regions: 8->8(39)
[2025-09-23T11:16:45.058+0000][66][gc,heap     ] GC(25) Old regions: 27->27
[2025-09-23T11:16:45.058+0000][66][gc,heap     ] GC(25) Archive regions: 2->2
[2025-09-23T11:16:45.058+0000][66][gc,heap     ] GC(25) Humongous regions: 4->4
[2025-09-23T11:16:45.058+0000][66][gc,metaspace] GC(25) Metaspace: 138627K(142080K)->138627K(142080K) NonClass: 120747K(122496K)->120747K(122496K) Class: 17879K(19584K)->17879K(19584K)
[2025-09-23T11:16:45.059+0000][66][gc          ] GC(25) Pause Young (Normal) (G1 Evacuation Pause) 1349M->154M(2048M) 42.452ms
[2025-09-23T11:16:45.059+0000][66][gc,cpu      ] GC(25) User=0.26s Sys=0.00s Real=0.05s
[2025-09-23T11:16:45.059+0000][66][safepoint   ] Safepoint "G1CollectForAllocation", Time since last: 1699539125 ns, Reaching safepoint: 219459 ns, At safepoint: 42699291 ns, Total: 42918750 ns
[2025-09-23T11:16:46.060+0000][66][safepoint   ] Safepoint "Cleanup", Time since last: 1000446084 ns, Reaching safepoint: 371667 ns, At safepoint: 13208 ns, Total: 384875 ns
[2025-09-23T11:16:50.068+0000][66][safepoint   ] Safepoint "Cleanup", Time since last: 4007541002 ns, Reaching safepoint: 1196083 ns, At safepoint: 12750 ns, Total: 1208833 ns
[2025-09-23T11:16:52.073+0000][66][safepoint   ] Safepoint "Cleanup", Time since last: 2003045126 ns, Reaching safepoint: 2002125 ns, At safepoint: 14000 ns, Total: 2016125 ns
[2025-09-23T11:16:54.080+0000][66][safepoint   ] Safepoint "Cleanup", Time since last: 2006706043 ns, Reaching safepoint: 289792 ns, At safepoint: 3750 ns, Total: 293542 ns
[2025-09-23T11:17:03.090+0000][66][safepoint   ] Safepoint "Cleanup", Time since last: 9008705462 ns, Reaching safepoint: 444250 ns, At safepoint: 56959 ns, Total: 501209 ns
[2025-09-23T11:17:05.092+0000][66][safepoint   ] Safepoint "Cleanup", Time since last: 2001994084 ns, Reaching safepoint: 671500 ns, At safepoint: 12875 ns, Total: 684375 ns
[2025-09-23T11:17:08.096+0000][66][safepoint   ] Safepoint "Cleanup", Time since last: 3002850293 ns, Reaching safepoint: 469208 ns, At safepoint: 23667 ns, Total: 492875 ns
[2025-09-23T11:17:09.097+0000][66][safepoint   ] Safepoint "Cleanup", Time since last: 1001448167 ns, Reaching safepoint: 118834 ns, At safepoint: 4000 ns, Total: 122834 ns
[2025-09-23T11:17:11.099+0000][66][safepoint   ] Safepoint "Cleanup", Time since last: 2001939459 ns, Reaching safepoint: 420333 ns, At safepoint: 4750 ns, Total: 425083 ns
[2025-09-23T11:17:12.102+0000][66][safepoint   ] Safepoint "Cleanup", Time since last: 1001703834 ns, Reaching safepoint: 431375 ns, At safepoint: 23542 ns, Total: 454917 ns
[2025-09-23T11:17:13.103+0000][66][safepoint   ] Safepoint "Cleanup", Time since last: 1001359958 ns, Reaching safepoint: 231167 ns, At safepoint: 4500 ns, Total: 235667 ns
[2025-09-23T11:17:14.105+0000][66][safepoint   ] Safepoint "Cleanup", Time since last: 1000802750 ns, Reaching safepoint: 135208 ns, At safepoint: 7500 ns, Total: 142708 ns
[2025-09-23T11:17:18.110+0000][66][safepoint   ] Safepoint "Cleanup", Time since last: 4005016502 ns, Reaching safepoint: 197208 ns, At safepoint: 8417 ns, Total: 205625 ns
[2025-09-23T11:17:19.112+0000][66][safepoint   ] Safepoint "Cleanup", Time since last: 1001642542 ns, Reaching safepoint: 508750 ns, At safepoint: 4167 ns, Total: 512917 ns
[2025-09-23T11:17:20.113+0000][66][safepoint   ] Safepoint "Cleanup", Time since last: 1000424958 ns, Reaching safepoint: 197250 ns, At safepoint: 4417 ns, Total: 201667 ns
[2025-09-23T11:17:23.117+0000][66][safepoint   ] Safepoint "Cleanup", Time since last: 3003273377 ns, Reaching safepoint: 548541 ns, At safepoint: 17125 ns, Total: 565666 ns
[2025-09-23T11:17:25.119+0000][66][safepoint   ] Safepoint "Cleanup", Time since last: 2002167543 ns, Reaching safepoint: 111125 ns, At safepoint: 6083 ns, Total: 117208 ns
[2025-09-23T11:17:26.120+0000][66][safepoint   ] Safepoint "Cleanup", Time since last: 1000725417 ns, Reaching safepoint: 364542 ns, At safepoint: 9042 ns, Total: 373584 ns
[2025-09-23T11:17:29.123+0000][66][safepoint   ] Safepoint "Cleanup", Time since last: 3002642126 ns, Reaching safepoint: 217792 ns, At safepoint: 3833 ns, Total: 221625 ns
[2025-09-23T11:17:32.129+0000][66][safepoint   ] Safepoint "Cleanup", Time since last: 3003283543 ns, Reaching safepoint: 2552500 ns, At safepoint: 12625 ns, Total: 2565125 ns
[2025-09-23T11:17:35.132+0000][66][safepoint   ] Safepoint "Cleanup", Time since last: 3003553960 ns, Reaching safepoint: 171417 ns, At safepoint: 4333 ns, Total: 175750 ns
[2025-09-23T11:17:38.138+0000][66][safepoint   ] Safepoint "Cleanup", Time since last: 3004860876 ns, Reaching safepoint: 1073250 ns, At safepoint: 10459 ns, Total: 1083709 ns
[2025-09-23T11:17:38.384+0000][66][gc,start    ] GC(26) Pause Young (Normal) (G1 Evacuation Pause)
[2025-09-23T11:17:38.384+0000][66][gc,task     ] GC(26) Using 8 workers of 8 for evacuation
[2025-09-23T11:17:38.384+0000][66][gc,age      ] GC(26) Desired survivor size 81788928 bytes, new threshold 15 (max threshold 15)
[2025-09-23T11:17:38.427+0000][66][gc,phases   ] GC(26)   Pre Evacuate Collection Set: 0.4ms
[2025-09-23T11:17:38.427+0000][66][gc,phases   ] GC(26)   Merge Heap Roots: 0.7ms
[2025-09-23T11:17:38.427+0000][66][gc,phases   ] GC(26)   Evacuate Collection Set: 36.7ms
[2025-09-23T11:17:38.427+0000][66][gc,phases   ] GC(26)   Post Evacuate Collection Set: 4.4ms
[2025-09-23T11:17:38.427+0000][66][gc,phases   ] GC(26)   Other: 0.4ms
[2025-09-23T11:17:38.427+0000][66][gc,age      ] GC(26) Age table with threshold 15 (max threshold 15)
[2025-09-23T11:17:38.427+0000][66][gc,age      ] GC(26) - age   1:    4325968 bytes,    4325968 total
[2025-09-23T11:17:38.427+0000][66][gc,age      ] GC(26) - age   2:     147320 bytes,    4473288 total
[2025-09-23T11:17:38.427+0000][66][gc,age      ] GC(26) - age   3:      78160 bytes,    4551448 total
[2025-09-23T11:17:38.427+0000][66][gc,age      ] GC(26) - age   4:      15120 bytes,    4566568 total
[2025-09-23T11:17:38.427+0000][66][gc,age      ] GC(26) - age   5:      14240 bytes,    4580808 total
[2025-09-23T11:17:38.427+0000][66][gc,age      ] GC(26) - age   6:      64904 bytes,    4645712 total
[2025-09-23T11:17:38.428+0000][66][gc,age      ] GC(26) - age   7:     329784 bytes,    4975496 total
[2025-09-23T11:17:38.428+0000][66][gc,age      ] GC(26) - age   8:      19008 bytes,    4994504 total
[2025-09-23T11:17:38.428+0000][66][gc,age      ] GC(26) - age   9:      93568 bytes,    5088072 total
[2025-09-23T11:17:38.428+0000][66][gc,age      ] GC(26) - age  10:      51392 bytes,    5139464 total
[2025-09-23T11:17:38.428+0000][66][gc,age      ] GC(26) - age  11:      54112 bytes,    5193576 total
[2025-09-23T11:17:38.428+0000][66][gc,age      ] GC(26) - age  12:    1239736 bytes,    6433312 total
[2025-09-23T11:17:38.428+0000][66][gc,age      ] GC(26) - age  13:    5908864 bytes,   12342176 total
[2025-09-23T11:17:38.428+0000][66][gc,age      ] GC(26) - age  14:    8574912 bytes,   20917088 total
[2025-09-23T11:17:38.428+0000][66][gc,age      ] GC(26) - age  15:    6017608 bytes,   26934696 total
[2025-09-23T11:17:38.428+0000][66][gc,heap     ] GC(26) Eden regions: 299->0(299)
[2025-09-23T11:17:38.428+0000][66][gc,heap     ] GC(26) Survivor regions: 8->8(39)
[2025-09-23T11:17:38.428+0000][66][gc,heap     ] GC(26) Old regions: 27->27
[2025-09-23T11:17:38.428+0000][66][gc,heap     ] GC(26) Archive regions: 2->2
[2025-09-23T11:17:38.428+0000][66][gc,heap     ] GC(26) Humongous regions: 4->4
[2025-09-23T11:17:38.428+0000][66][gc,metaspace] GC(26) Metaspace: 138715K(142208K)->138715K(142208K) NonClass: 120831K(122624K)->120831K(122624K) Class: 17884K(19584K)->17884K(19584K)
[2025-09-23T11:17:38.428+0000][66][gc          ] GC(26) Pause Young (Normal) (G1 Evacuation Pause) 1350M->156M(2048M) 43.969ms
[2025-09-23T11:17:38.428+0000][66][gc,cpu      ] GC(26) User=0.23s Sys=0.04s Real=0.05s
[2025-09-23T11:17:38.428+0000][66][safepoint   ] Safepoint "G1CollectForAllocation", Time since last: 245606916 ns, Reaching safepoint: 95334 ns, At safepoint: 44239250 ns, Total: 44334584 ns
[2025-09-23T11:17:46.435+0000][66][safepoint   ] Safepoint "Cleanup", Time since last: 8007311086 ns, Reaching safepoint: 380250 ns, At safepoint: 15667 ns, Total: 395917 ns
[2025-09-23T11:17:52.442+0000][66][safepoint   ] Safepoint "Cleanup", Time since last: 6005679253 ns, Reaching safepoint: 871750 ns, At safepoint: 9250 ns, Total: 881000 ns
[2025-09-23T11:17:53.443+0000][66][safepoint   ] Safepoint "Cleanup", Time since last: 1000988083 ns, Reaching safepoint: 120209 ns, At safepoint: 6583 ns, Total: 126792 ns
[2025-09-23T11:17:56.200+0000][66][safepoint   ] Safepoint "Cleanup", Time since last: 2755974043 ns, Reaching safepoint: 643875 ns, At safepoint: 47208 ns, Total: 691083 ns
[2025-09-23T11:18:03.207+0000][66][safepoint   ] Safepoint "Cleanup", Time since last: 7007244420 ns, Reaching safepoint: 336625 ns, At safepoint: 11292 ns, Total: 347917 ns
[2025-09-23T11:18:05.210+0000][66][safepoint   ] Safepoint "Cleanup", Time since last: 2002668209 ns, Reaching safepoint: 269209 ns, At safepoint: 6666 ns, Total: 275875 ns
[2025-09-23T11:18:11.222+0000][66][safepoint   ] Safepoint "Cleanup", Time since last: 6010722920 ns, Reaching safepoint: 554000 ns, At safepoint: 8000 ns, Total: 562000 ns
[2025-09-23T11:18:13.225+0000][66][safepoint   ] Safepoint "Cleanup", Time since last: 2002392709 ns, Reaching safepoint: 1338292 ns, At safepoint: 9291 ns, Total: 1347583 ns
[2025-09-23T11:18:14.230+0000][66][safepoint   ] Safepoint "Cleanup", Time since last: 1000976792 ns, Reaching safepoint: 3874917 ns, At safepoint: 55833 ns, Total: 3930750 ns
[2025-09-23T11:18:16.232+0000][66][safepoint   ] Safepoint "Cleanup", Time since last: 2001734418 ns, Reaching safepoint: 135708 ns, At safepoint: 4125 ns, Total: 139833 ns
[2025-09-23T11:18:20.237+0000][66][safepoint   ] Safepoint "Cleanup", Time since last: 4004851794 ns, Reaching safepoint: 354333 ns, At safepoint: 6500 ns, Total: 360833 ns
[2025-09-23T11:18:26.245+0000][66][safepoint   ] Safepoint "Cleanup", Time since last: 6006697711 ns, Reaching safepoint: 557917 ns, At safepoint: 4958 ns, Total: 562875 ns
[2025-09-23T11:18:32.254+0000][66][safepoint   ] Safepoint "Cleanup", Time since last: 6009393878 ns, Reaching safepoint: 351375 ns, At safepoint: 10334 ns, Total: 361709 ns
[2025-09-23T11:18:33.255+0000][66][safepoint   ] Safepoint "Cleanup", Time since last: 1000658750 ns, Reaching safepoint: 285750 ns, At safepoint: 4125 ns, Total: 289875 ns
[2025-09-23T11:18:34.118+0000][66][gc,start    ] GC(27) Pause Young (Normal) (G1 Evacuation Pause)
[2025-09-23T11:18:34.119+0000][66][gc,task     ] GC(27) Using 8 workers of 8 for evacuation
[2025-09-23T11:18:34.119+0000][66][gc,age      ] GC(27) Desired survivor size 81788928 bytes, new threshold 15 (max threshold 15)
[2025-09-23T11:18:34.178+0000][66][gc,phases   ] GC(27)   Pre Evacuate Collection Set: 0.4ms
[2025-09-23T11:18:34.178+0000][66][gc,phases   ] GC(27)   Merge Heap Roots: 0.2ms
[2025-09-23T11:18:34.179+0000][66][gc,phases   ] GC(27)   Evacuate Collection Set: 54.7ms
[2025-09-23T11:18:34.179+0000][66][gc,phases   ] GC(27)   Post Evacuate Collection Set: 3.6ms
[2025-09-23T11:18:34.179+0000][66][gc,phases   ] GC(27)   Other: 0.4ms
[2025-09-23T11:18:34.179+0000][66][gc,age      ] GC(27) Age table with threshold 15 (max threshold 15)
[2025-09-23T11:18:34.179+0000][66][gc,age      ] GC(27) - age   1:    3639840 bytes,    3639840 total
[2025-09-23T11:18:34.179+0000][66][gc,age      ] GC(27) - age   2:     536376 bytes,    4176216 total
[2025-09-23T11:18:34.179+0000][66][gc,age      ] GC(27) - age   3:      63072 bytes,    4239288 total
[2025-09-23T11:18:34.179+0000][66][gc,age      ] GC(27) - age   4:      37928 bytes,    4277216 total
[2025-09-23T11:18:34.179+0000][66][gc,age      ] GC(27) - age   5:      14344 bytes,    4291560 total
[2025-09-23T11:18:34.179+0000][66][gc,age      ] GC(27) - age   6:      14240 bytes,    4305800 total
[2025-09-23T11:18:34.179+0000][66][gc,age      ] GC(27) - age   7:      64704 bytes,    4370504 total
[2025-09-23T11:18:34.179+0000][66][gc,age      ] GC(27) - age   8:     329720 bytes,    4700224 total
[2025-09-23T11:18:34.179+0000][66][gc,age      ] GC(27) - age   9:      18944 bytes,    4719168 total
[2025-09-23T11:18:34.179+0000][66][gc,age      ] GC(27) - age  10:      92496 bytes,    4811664 total
[2025-09-23T11:18:34.179+0000][66][gc,age      ] GC(27) - age  11:      51392 bytes,    4863056 total
[2025-09-23T11:18:34.179+0000][66][gc,age      ] GC(27) - age  12:      54048 bytes,    4917104 total
[2025-09-23T11:18:34.179+0000][66][gc,age      ] GC(27) - age  13:    1238648 bytes,    6155752 total
[2025-09-23T11:18:34.179+0000][66][gc,age      ] GC(27) - age  14:    5908752 bytes,   12064504 total
[2025-09-23T11:18:34.179+0000][66][gc,age      ] GC(27) - age  15:    8574576 bytes,   20639080 total
[2025-09-23T11:18:34.179+0000][66][gc,heap     ] GC(27) Eden regions: 299->0(301)
[2025-09-23T11:18:34.179+0000][66][gc,heap     ] GC(27) Survivor regions: 8->6(39)
[2025-09-23T11:18:34.179+0000][66][gc,heap     ] GC(27) Old regions: 27->28
[2025-09-23T11:18:34.179+0000][66][gc,heap     ] GC(27) Archive regions: 2->2
[2025-09-23T11:18:34.179+0000][66][gc,heap     ] GC(27) Humongous regions: 4->4
[2025-09-23T11:18:34.179+0000][66][gc,metaspace] GC(27) Metaspace: 138752K(142208K)->138752K(142208K) NonClass: 120867K(122624K)->120867K(122624K) Class: 17884K(19584K)->17884K(19584K)
[2025-09-23T11:18:34.180+0000][66][gc          ] GC(27) Pause Young (Normal) (G1 Evacuation Pause) 1352M->153M(2048M) 61.296ms
[2025-09-23T11:18:34.180+0000][66][gc,cpu      ] GC(27) User=0.37s Sys=0.01s Real=0.06s
[2025-09-23T11:18:34.180+0000][66][safepoint   ] Safepoint "G1CollectForAllocation", Time since last: 862749250 ns, Reaching safepoint: 123250 ns, At safepoint: 61539334 ns, Total: 61662584 ns
[2025-09-23T11:18:37.183+0000][66][safepoint   ] Safepoint "Cleanup", Time since last: 3002306210 ns, Reaching safepoint: 793583 ns, At safepoint: 28875 ns, Total: 822458 ns
[2025-09-23T11:18:38.184+0000][66][safepoint   ] Safepoint "Cleanup", Time since last: 1001163292 ns, Reaching safepoint: 152208 ns, At safepoint: 3959 ns, Total: 156167 ns
[2025-09-23T11:18:41.187+0000][66][safepoint   ] Safepoint "Cleanup", Time since last: 3003086543 ns, Reaching safepoint: 202750 ns, At safepoint: 14000 ns, Total: 216750 ns
[2025-09-23T11:18:44.191+0000][66][safepoint   ] Safepoint "Cleanup", Time since last: 3003598001 ns, Reaching safepoint: 299250 ns, At safepoint: 9875 ns, Total: 309125 ns
[2025-09-23T11:18:50.197+0000][66][safepoint   ] Safepoint "Cleanup", Time since last: 6005742669 ns, Reaching safepoint: 817584 ns, At safepoint: 39291 ns, Total: 856875 ns
[2025-09-23T11:18:51.199+0000][66][safepoint   ] Safepoint "Cleanup", Time since last: 1001080626 ns, Reaching safepoint: 210792 ns, At safepoint: 40833 ns, Total: 251625 ns
[2025-09-23T11:18:55.205+0000][66][safepoint   ] Safepoint "Cleanup", Time since last: 4003931835 ns, Reaching safepoint: 2061542 ns, At safepoint: 27542 ns, Total: 2089084 ns
[2025-09-23T11:18:56.211+0000][66][safepoint   ] Safepoint "Cleanup", Time since last: 1004870000 ns, Reaching safepoint: 1529292 ns, At safepoint: 5166 ns, Total: 1534458 ns
[2025-09-23T11:19:01.219+0000][66][safepoint   ] Safepoint "Cleanup", Time since last: 5005432503 ns, Reaching safepoint: 2808750 ns, At safepoint: 9666 ns, Total: 2818416 ns
[2025-09-23T11:19:13.236+0000][66][safepoint   ] Safepoint "Cleanup", Time since last: 12014046798 ns, Reaching safepoint: 2833958 ns, At safepoint: 19708 ns, Total: 2853666 ns
[2025-09-23T11:19:14.263+0000][66][safepoint   ] Safepoint "Cleanup", Time since last: 1027149251 ns, Reaching safepoint: 229916 ns, At safepoint: 6584 ns, Total: 236500 ns
[2025-09-23T11:19:20.269+0000][66][safepoint   ] Safepoint "Cleanup", Time since last: 6005737753 ns, Reaching safepoint: 462041 ns, At safepoint: 4250 ns, Total: 466291 ns
[2025-09-23T11:19:21.271+0000][66][safepoint   ] Safepoint "Cleanup", Time since last: 1001527542 ns, Reaching safepoint: 176375 ns, At safepoint: 4292 ns, Total: 180667 ns
[2025-09-23T11:19:22.278+0000][66][safepoint   ] Safepoint "Cleanup", Time since last: 1001740417 ns, Reaching safepoint: 5075625 ns, At safepoint: 218333 ns, Total: 5293958 ns
[2025-09-23T11:19:23.579+0000][66][safepoint   ] Safepoint "Cleanup", Time since last: 1300846251 ns, Reaching safepoint: 564792 ns, At safepoint: 4833 ns, Total: 569625 ns
[2025-09-23T11:19:29.067+0000][66][gc,start    ] GC(28) Pause Young (Normal) (G1 Evacuation Pause)
[2025-09-23T11:19:29.069+0000][66][gc,task     ] GC(28) Using 8 workers of 8 for evacuation
[2025-09-23T11:19:29.069+0000][66][gc,age      ] GC(28) Desired survivor size 81788928 bytes, new threshold 15 (max threshold 15)
[2025-09-23T11:19:29.100+0000][66][gc,phases   ] GC(28)   Pre Evacuate Collection Set: 1.4ms
[2025-09-23T11:19:29.100+0000][66][gc,phases   ] GC(28)   Merge Heap Roots: 0.4ms
[2025-09-23T11:19:29.100+0000][66][gc,phases   ] GC(28)   Evacuate Collection Set: 26.0ms
[2025-09-23T11:19:29.100+0000][66][gc,phases   ] GC(28)   Post Evacuate Collection Set: 2.4ms
[2025-09-23T11:19:29.100+0000][66][gc,phases   ] GC(28)   Other: 1.1ms
[2025-09-23T11:19:29.100+0000][66][gc,age      ] GC(28) Age table with threshold 15 (max threshold 15)
[2025-09-23T11:19:29.100+0000][66][gc,age      ] GC(28) - age   1:    3847584 bytes,    3847584 total
[2025-09-23T11:19:29.100+0000][66][gc,age      ] GC(28) - age   2:     139864 bytes,    3987448 total
[2025-09-23T11:19:29.101+0000][66][gc,age      ] GC(28) - age   3:     360792 bytes,    4348240 total
[2025-09-23T11:19:29.101+0000][66][gc,age      ] GC(28) - age   4:      23344 bytes,    4371584 total
[2025-09-23T11:19:29.101+0000][66][gc,age      ] GC(28) - age   5:      36168 bytes,    4407752 total
[2025-09-23T11:19:29.101+0000][66][gc,age      ] GC(28) - age   6:      13328 bytes,    4421080 total
[2025-09-23T11:19:29.101+0000][66][gc,age      ] GC(28) - age   7:      14240 bytes,    4435320 total
[2025-09-23T11:19:29.101+0000][66][gc,age      ] GC(28) - age   8:      64312 bytes,    4499632 total
[2025-09-23T11:19:29.101+0000][66][gc,age      ] GC(28) - age   9:     329624 bytes,    4829256 total
[2025-09-23T11:19:29.101+0000][66][gc,age      ] GC(28) - age  10:      18944 bytes,    4848200 total
[2025-09-23T11:19:29.101+0000][66][gc,age      ] GC(28) - age  11:      91824 bytes,    4940024 total
[2025-09-23T11:19:29.101+0000][66][gc,age      ] GC(28) - age  12:      51352 bytes,    4991376 total
[2025-09-23T11:19:29.101+0000][66][gc,age      ] GC(28) - age  13:      54048 bytes,    5045424 total
[2025-09-23T11:19:29.101+0000][66][gc,age      ] GC(28) - age  14:    1238648 bytes,    6284072 total
[2025-09-23T11:19:29.101+0000][66][gc,age      ] GC(28) - age  15:    5907520 bytes,   12191592 total
[2025-09-23T11:19:29.101+0000][66][gc,heap     ] GC(28) Eden regions: 301->0(303)
[2025-09-23T11:19:29.101+0000][66][gc,heap     ] GC(28) Survivor regions: 6->4(39)
[2025-09-23T11:19:29.101+0000][66][gc,heap     ] GC(28) Old regions: 28->31
[2025-09-23T11:19:29.101+0000][66][gc,heap     ] GC(28) Archive regions: 2->2
[2025-09-23T11:19:29.101+0000][66][gc,heap     ] GC(28) Humongous regions: 4->4
[2025-09-23T11:19:29.101+0000][66][gc,metaspace] GC(28) Metaspace: 138791K(142272K)->138791K(142272K) NonClass: 120906K(122688K)->120906K(122688K) Class: 17885K(19584K)->17885K(19584K)
[2025-09-23T11:19:29.101+0000][66][gc          ] GC(28) Pause Young (Normal) (G1 Evacuation Pause) 1357M->155M(2048M) 34.283ms
[2025-09-23T11:19:29.101+0000][66][gc,cpu      ] GC(28) User=0.16s Sys=0.01s Real=0.03s
[2025-09-23T11:19:29.101+0000][66][safepoint   ] Safepoint "G1CollectForAllocation", Time since last: 5486711169 ns, Reaching safepoint: 349834 ns, At safepoint: 34634625 ns, Total: 34984459 ns
[2025-09-23T11:19:35.107+0000][66][safepoint   ] Safepoint "Cleanup", Time since last: 6005737753 ns, Reaching safepoint: 350791 ns, At safepoint: 4375 ns, Total: 355166 ns
[2025-09-23T11:19:41.115+0000][66][safepoint   ] Safepoint "Cleanup", Time since last: 6006735670 ns, Reaching safepoint: 1193041 ns, At safepoint: 5125 ns, Total: 1198166 ns
[2025-09-23T11:19:43.117+0000][66][safepoint   ] Safepoint "Cleanup", Time since last: 2001648876 ns, Reaching safepoint: 474542 ns, At safepoint: 31708 ns, Total: 506250 ns
[2025-09-23T11:19:46.121+0000][66][safepoint   ] Safepoint "Cleanup", Time since last: 3003515335 ns, Reaching safepoint: 586958 ns, At safepoint: 8208 ns, Total: 595166 ns
[2025-09-23T11:19:50.127+0000][66][safepoint   ] Safepoint "Cleanup", Time since last: 4005401002 ns, Reaching safepoint: 420583 ns, At safepoint: 13459 ns, Total: 434042 ns
[2025-09-23T11:19:56.134+0000][66][safepoint   ] Safepoint "Cleanup", Time since last: 6006631044 ns, Reaching safepoint: 597125 ns, At safepoint: 16959 ns, Total: 614084 ns
[2025-09-23T11:19:57.136+0000][66][safepoint   ] Safepoint "Cleanup", Time since last: 1001308375 ns, Reaching safepoint: 139667 ns, At safepoint: 6541 ns, Total: 146208 ns
[2025-09-23T11:19:59.141+0000][66][safepoint   ] Safepoint "Cleanup", Time since last: 2003928543 ns, Reaching safepoint: 1163125 ns, At safepoint: 17583 ns, Total: 1180708 ns
[2025-09-23T11:20:05.151+0000][66][safepoint   ] Safepoint "Cleanup", Time since last: 6009728170 ns, Reaching safepoint: 377792 ns, At safepoint: 11166 ns, Total: 388958 ns
[2025-09-23T11:20:10.156+0000][66][safepoint   ] Safepoint "Cleanup", Time since last: 5004636169 ns, Reaching safepoint: 402875 ns, At safepoint: 33834 ns, Total: 436709 ns
[2025-09-23T11:20:13.159+0000][66][safepoint   ] Safepoint "Cleanup", Time since last: 3002621501 ns, Reaching safepoint: 424542 ns, At safepoint: 7291 ns, Total: 431833 ns
[2025-09-23T11:20:17.163+0000][66][safepoint   ] Safepoint "Cleanup", Time since last: 4003604918 ns, Reaching safepoint: 484250 ns, At safepoint: 13458 ns, Total: 497708 ns
[2025-09-23T11:20:22.977+0000][66][gc,start    ] GC(29) Pause Young (Normal) (G1 Evacuation Pause)
[2025-09-23T11:20:22.979+0000][66][gc,task     ] GC(29) Using 8 workers of 8 for evacuation
[2025-09-23T11:20:22.979+0000][66][gc,age      ] GC(29) Desired survivor size 81788928 bytes, new threshold 15 (max threshold 15)
[2025-09-23T11:20:23.018+0000][66][gc,phases   ] GC(29)   Pre Evacuate Collection Set: 2.5ms
[2025-09-23T11:20:23.018+0000][66][gc,phases   ] GC(29)   Merge Heap Roots: 0.9ms
[2025-09-23T11:20:23.018+0000][66][gc,phases   ] GC(29)   Evacuate Collection Set: 31.5ms
[2025-09-23T11:20:23.018+0000][66][gc,phases   ] GC(29)   Post Evacuate Collection Set: 3.9ms
[2025-09-23T11:20:23.018+0000][66][gc,phases   ] GC(29)   Other: 0.7ms
[2025-09-23T11:20:23.019+0000][66][gc,age      ] GC(29) Age table with threshold 15 (max threshold 15)
[2025-09-23T11:20:23.019+0000][66][gc,age      ] GC(29) - age   1:    3931432 bytes,    3931432 total
[2025-09-23T11:20:23.019+0000][66][gc,age      ] GC(29) - age   2:     170472 bytes,    4101904 total
[2025-09-23T11:20:23.019+0000][66][gc,age      ] GC(29) - age   3:      97056 bytes,    4198960 total
[2025-09-23T11:20:23.019+0000][66][gc,age      ] GC(29) - age   4:     319192 bytes,    4518152 total
[2025-09-23T11:20:23.019+0000][66][gc,age      ] GC(29) - age   5:      22896 bytes,    4541048 total
[2025-09-23T11:20:23.019+0000][66][gc,age      ] GC(29) - age   6:      35648 bytes,    4576696 total
[2025-09-23T11:20:23.019+0000][66][gc,age      ] GC(29) - age   7:      13328 bytes,    4590024 total
[2025-09-23T11:20:23.019+0000][66][gc,age      ] GC(29) - age   8:      14048 bytes,    4604072 total
[2025-09-23T11:20:23.019+0000][66][gc,age      ] GC(29) - age   9:      64184 bytes,    4668256 total
[2025-09-23T11:20:23.019+0000][66][gc,age      ] GC(29) - age  10:     329096 bytes,    4997352 total
[2025-09-23T11:20:23.019+0000][66][gc,age      ] GC(29) - age  11:      18944 bytes,    5016296 total
[2025-09-23T11:20:23.019+0000][66][gc,age      ] GC(29) - age  12:      91152 bytes,    5107448 total
[2025-09-23T11:20:23.019+0000][66][gc,age      ] GC(29) - age  13:      43136 bytes,    5150584 total
[2025-09-23T11:20:23.019+0000][66][gc,age      ] GC(29) - age  14:      49464 bytes,    5200048 total
[2025-09-23T11:20:23.019+0000][66][gc,age      ] GC(29) - age  15:    1238648 bytes,    6438696 total
[2025-09-23T11:20:23.019+0000][66][gc,heap     ] GC(29) Eden regions: 303->0(305)
[2025-09-23T11:20:23.019+0000][66][gc,heap     ] GC(29) Survivor regions: 4->2(39)
[2025-09-23T11:20:23.019+0000][66][gc,heap     ] GC(29) Old regions: 31->34
[2025-09-23T11:20:23.019+0000][66][gc,heap     ] GC(29) Archive regions: 2->2
[2025-09-23T11:20:23.019+0000][66][gc,heap     ] GC(29) Humongous regions: 4->4
[2025-09-23T11:20:23.019+0000][66][gc,metaspace] GC(29) Metaspace: 138818K(142272K)->138818K(142272K) NonClass: 120933K(122688K)->120933K(122688K) Class: 17885K(19584K)->17885K(19584K)
[2025-09-23T11:20:23.020+0000][66][gc          ] GC(29) Pause Young (Normal) (G1 Evacuation Pause) 1367M->160M(2048M) 43.140ms
[2025-09-23T11:20:23.020+0000][66][gc,cpu      ] GC(29) User=0.18s Sys=0.00s Real=0.04s
[2025-09-23T11:20:23.020+0000][66][safepoint   ] Safepoint "G1CollectForAllocation", Time since last: 5811455795 ns, Reaching safepoint: 2276208 ns, At safepoint: 43461375 ns, Total: 45737583 ns
[2025-09-23T11:20:24.021+0000][66][safepoint   ] Safepoint "Cleanup", Time since last: 1000306126 ns, Reaching safepoint: 270166 ns, At safepoint: 8334 ns, Total: 278500 ns
[2025-09-23T11:20:29.026+0000][66][safepoint   ] Safepoint "Cleanup", Time since last: 5004658752 ns, Reaching safepoint: 504042 ns, At safepoint: 5458 ns, Total: 509500 ns
[2025-09-23T11:20:35.034+0000][66][safepoint   ] Safepoint "Cleanup", Time since last: 6006621086 ns, Reaching safepoint: 1324417 ns, At safepoint: 6500 ns, Total: 1330917 ns
[2025-09-23T11:20:39.039+0000][66][safepoint   ] Safepoint "Cleanup", Time since last: 4004527293 ns, Reaching safepoint: 436750 ns, At safepoint: 10709 ns, Total: 447459 ns
[2025-09-23T11:20:44.042+0000][66][safepoint   ] Safepoint "Cleanup", Time since last: 5003941668 ns, Reaching safepoint: 430917 ns, At safepoint: 13708 ns, Total: 444625 ns
[2025-09-23T11:20:50.051+0000][66][safepoint   ] Safepoint "Cleanup", Time since last: 6006813211 ns, Reaching safepoint: 2316125 ns, At safepoint: 16833 ns, Total: 2332958 ns
[2025-09-23T11:21:07.071+0000][66][safepoint   ] Safepoint "Cleanup", Time since last: 17019013717 ns, Reaching safepoint: 761375 ns, At safepoint: 4667 ns, Total: 766042 ns
[2025-09-23T11:21:08.072+0000][66][safepoint   ] Safepoint "Cleanup", Time since last: 1001249667 ns, Reaching safepoint: 116583 ns, At safepoint: 10458 ns, Total: 127041 ns
[2025-09-23T11:21:13.078+0000][66][safepoint   ] Safepoint "Cleanup", Time since last: 5004895836 ns, Reaching safepoint: 477000 ns, At safepoint: 13917 ns, Total: 490917 ns
[2025-09-23T11:21:14.079+0000][66][safepoint   ] Safepoint "Cleanup", Time since last: 1001474458 ns, Reaching safepoint: 159458 ns, At safepoint: 4042 ns, Total: 163500 ns
[2025-09-23T11:21:16.082+0000][66][safepoint   ] Safepoint "Cleanup", Time since last: 2002828918 ns, Reaching safepoint: 386541 ns, At safepoint: 8084 ns, Total: 394625 ns
[2025-09-23T11:21:17.849+0000][66][gc,start    ] GC(30) Pause Young (Normal) (G1 Evacuation Pause)
[2025-09-23T11:21:17.849+0000][66][gc,task     ] GC(30) Using 8 workers of 8 for evacuation
[2025-09-23T11:21:17.850+0000][66][gc,age      ] GC(30) Desired survivor size 81788928 bytes, new threshold 15 (max threshold 15)
[2025-09-23T11:21:17.869+0000][66][gc,phases   ] GC(30)   Pre Evacuate Collection Set: 0.6ms
[2025-09-23T11:21:17.869+0000][66][gc,phases   ] GC(30)   Merge Heap Roots: 0.4ms
[2025-09-23T11:21:17.869+0000][66][gc,phases   ] GC(30)   Evacuate Collection Set: 16.0ms
[2025-09-23T11:21:17.869+0000][66][gc,phases   ] GC(30)   Post Evacuate Collection Set: 2.1ms
[2025-09-23T11:21:17.869+0000][66][gc,phases   ] GC(30)   Other: 0.5ms
[2025-09-23T11:21:17.869+0000][66][gc,age      ] GC(30) Age table with threshold 15 (max threshold 15)
[2025-09-23T11:21:17.869+0000][66][gc,age      ] GC(30) - age   1:    3746488 bytes,    3746488 total
[2025-09-23T11:21:17.869+0000][66][gc,age      ] GC(30) - age   2:      80888 bytes,    3827376 total
[2025-09-23T11:21:17.869+0000][66][gc,age      ] GC(30) - age   3:     128184 bytes,    3955560 total
[2025-09-23T11:21:17.869+0000][66][gc,age      ] GC(30) - age   4:      96696 bytes,    4052256 total
[2025-09-23T11:21:17.869+0000][66][gc,age      ] GC(30) - age   5:     317608 bytes,    4369864 total
[2025-09-23T11:21:17.869+0000][66][gc,age      ] GC(30) - age   6:      20408 bytes,    4390272 total
[2025-09-23T11:21:17.870+0000][66][gc,age      ] GC(30) - age   7:      35552 bytes,    4425824 total
[2025-09-23T11:21:17.870+0000][66][gc,age      ] GC(30) - age   8:      12416 bytes,    4438240 total
[2025-09-23T11:21:17.870+0000][66][gc,age      ] GC(30) - age   9:      14048 bytes,    4452288 total
[2025-09-23T11:21:17.870+0000][66][gc,age      ] GC(30) - age  10:      64120 bytes,    4516408 total
[2025-09-23T11:21:17.870+0000][66][gc,age      ] GC(30) - age  11:     328312 bytes,    4844720 total
[2025-09-23T11:21:17.870+0000][66][gc,age      ] GC(30) - age  12:      18944 bytes,    4863664 total
[2025-09-23T11:21:17.870+0000][66][gc,age      ] GC(30) - age  13:      91152 bytes,    4954816 total
[2025-09-23T11:21:17.870+0000][66][gc,age      ] GC(30) - age  14:      43056 bytes,    4997872 total
[2025-09-23T11:21:17.870+0000][66][gc,age      ] GC(30) - age  15:      49464 bytes,    5047336 total
[2025-09-23T11:21:17.870+0000][66][gc,heap     ] GC(30) Eden regions: 305->0(305)
[2025-09-23T11:21:17.870+0000][66][gc,heap     ] GC(30) Survivor regions: 2->2(39)
[2025-09-23T11:21:17.870+0000][66][gc,heap     ] GC(30) Old regions: 34->34
[2025-09-23T11:21:17.870+0000][66][gc,heap     ] GC(30) Archive regions: 2->2
[2025-09-23T11:21:17.870+0000][66][gc,heap     ] GC(30) Humongous regions: 4->4
[2025-09-23T11:21:17.870+0000][66][gc,metaspace] GC(30) Metaspace: 138831K(142336K)->138831K(142336K) NonClass: 120946K(122752K)->120946K(122752K) Class: 17885K(19584K)->17885K(19584K)
[2025-09-23T11:21:17.870+0000][66][gc          ] GC(30) Pause Young (Normal) (G1 Evacuation Pause) 1380M->159M(2048M) 21.042ms
[2025-09-23T11:21:17.870+0000][66][gc,cpu      ] GC(30) User=0.09s Sys=0.00s Real=0.02s
[2025-09-23T11:21:17.870+0000][66][safepoint   ] Safepoint "G1CollectForAllocation", Time since last: 1766553625 ns, Reaching safepoint: 350042 ns, At safepoint: 21230583 ns, Total: 21580625 ns
[2025-09-23T11:21:28.881+0000][66][safepoint   ] Safepoint "Cleanup", Time since last: 11010486006 ns, Reaching safepoint: 655833 ns, At safepoint: 7875 ns, Total: 663708 ns
[2025-09-23T11:21:30.884+0000][66][safepoint   ] Safepoint "Cleanup", Time since last: 2002352334 ns, Reaching safepoint: 588250 ns, At safepoint: 3834 ns, Total: 592084 ns
[2025-09-23T11:21:34.889+0000][66][safepoint   ] Safepoint "Cleanup", Time since last: 4004443876 ns, Reaching safepoint: 355084 ns, At safepoint: 39833 ns, Total: 394917 ns
[2025-09-23T11:21:43.900+0000][66][safepoint   ] Safepoint "Cleanup", Time since last: 9010582838 ns, Reaching safepoint: 633625 ns, At safepoint: 17291 ns, Total: 650916 ns
[2025-09-23T11:21:45.905+0000][66][safepoint   ] Safepoint "Cleanup", Time since last: 2002839000 ns, Reaching safepoint: 1067875 ns, At safepoint: 6084 ns, Total: 1073959 ns
[2025-09-23T11:21:46.907+0000][66][safepoint   ] Safepoint "Cleanup", Time since last: 1001533042 ns, Reaching safepoint: 1189375 ns, At safepoint: 26000 ns, Total: 1215375 ns
[2025-09-23T11:21:49.912+0000][66][safepoint   ] Safepoint "Cleanup", Time since last: 3003666835 ns, Reaching safepoint: 495416 ns, At safepoint: 32250 ns, Total: 527666 ns
[2025-09-23T11:21:55.919+0000][66][safepoint   ] Safepoint "Cleanup", Time since last: 6007431462 ns, Reaching safepoint: 400916 ns, At safepoint: 4125 ns, Total: 405041 ns
[2025-09-23T11:22:01.927+0000][66][safepoint   ] Safepoint "Cleanup", Time since last: 6007092878 ns, Reaching safepoint: 950250 ns, At safepoint: 14875 ns, Total: 965125 ns
[2025-09-23T11:22:04.932+0000][66][safepoint   ] Safepoint "Cleanup", Time since last: 3004550918 ns, Reaching safepoint: 248542 ns, At safepoint: 4666 ns, Total: 253208 ns
[2025-09-23T11:22:07.935+0000][66][safepoint   ] Safepoint "Cleanup", Time since last: 3002735460 ns, Reaching safepoint: 301959 ns, At safepoint: 10500 ns, Total: 312459 ns
[2025-09-23T11:22:12.939+0000][66][safepoint   ] Safepoint "Cleanup", Time since last: 5003689169 ns, Reaching safepoint: 428916 ns, At safepoint: 13000 ns, Total: 441916 ns
[2025-09-23T11:22:13.940+0000][66][safepoint   ] Safepoint "Cleanup", Time since last: 1000607292 ns, Reaching safepoint: 274042 ns, At safepoint: 4625 ns, Total: 278667 ns
[2025-09-23T11:22:14.237+0000][66][gc,start    ] GC(31) Pause Young (Normal) (G1 Evacuation Pause)
[2025-09-23T11:22:14.237+0000][66][gc,task     ] GC(31) Using 8 workers of 8 for evacuation
[2025-09-23T11:22:14.237+0000][66][gc,age      ] GC(31) Desired survivor size 81788928 bytes, new threshold 15 (max threshold 15)
[2025-09-23T11:22:14.265+0000][66][gc,phases   ] GC(31)   Pre Evacuate Collection Set: 0.4ms
[2025-09-23T11:22:14.265+0000][66][gc,phases   ] GC(31)   Merge Heap Roots: 0.2ms
[2025-09-23T11:22:14.265+0000][66][gc,phases   ] GC(31)   Evacuate Collection Set: 24.0ms
[2025-09-23T11:22:14.265+0000][66][gc,phases   ] GC(31)   Post Evacuate Collection Set: 2.7ms
[2025-09-23T11:22:14.265+0000][66][gc,phases   ] GC(31)   Other: 0.3ms
[2025-09-23T11:22:14.265+0000][66][gc,age      ] GC(31) Age table with threshold 15 (max threshold 15)
[2025-09-23T11:22:14.265+0000][66][gc,age      ] GC(31) - age   1:    4035448 bytes,    4035448 total
[2025-09-23T11:22:14.265+0000][66][gc,age      ] GC(31) - age   2:     208984 bytes,    4244432 total
[2025-09-23T11:22:14.265+0000][66][gc,age      ] GC(31) - age   3:      77960 bytes,    4322392 total
[2025-09-23T11:22:14.265+0000][66][gc,age      ] GC(31) - age   4:     122864 bytes,    4445256 total
[2025-09-23T11:22:14.266+0000][66][gc,age      ] GC(31) - age   5:      71952 bytes,    4517208 total
[2025-09-23T11:22:14.266+0000][66][gc,age      ] GC(31) - age   6:     316424 bytes,    4833632 total
[2025-09-23T11:22:14.266+0000][66][gc,age      ] GC(31) - age   7:      20280 bytes,    4853912 total
[2025-09-23T11:22:14.266+0000][66][gc,age      ] GC(31) - age   8:      34544 bytes,    4888456 total
[2025-09-23T11:22:14.266+0000][66][gc,age      ] GC(31) - age   9:      11960 bytes,    4900416 total
[2025-09-23T11:22:14.266+0000][66][gc,age      ] GC(31) - age  10:      14048 bytes,    4914464 total
[2025-09-23T11:22:14.266+0000][66][gc,age      ] GC(31) - age  11:      64056 bytes,    4978520 total
[2025-09-23T11:22:14.266+0000][66][gc,age      ] GC(31) - age  12:     325560 bytes,    5304080 total
[2025-09-23T11:22:14.266+0000][66][gc,age      ] GC(31) - age  13:      18160 bytes,    5322240 total
[2025-09-23T11:22:14.266+0000][66][gc,age      ] GC(31) - age  14:      91152 bytes,    5413392 total
[2025-09-23T11:22:14.266+0000][66][gc,age      ] GC(31) - age  15:      43056 bytes,    5456448 total
[2025-09-23T11:22:14.266+0000][66][gc,heap     ] GC(31) Eden regions: 305->0(305)
[2025-09-23T11:22:14.266+0000][66][gc,heap     ] GC(31) Survivor regions: 2->2(39)
[2025-09-23T11:22:14.266+0000][66][gc,heap     ] GC(31) Old regions: 34->34
[2025-09-23T11:22:14.266+0000][66][gc,heap     ] GC(31) Archive regions: 2->2
[2025-09-23T11:22:14.266+0000][66][gc,heap     ] GC(31) Humongous regions: 4->4
[2025-09-23T11:22:14.266+0000][66][gc,metaspace] GC(31) Metaspace: 138878K(142400K)->138878K(142400K) NonClass: 120993K(122816K)->120993K(122816K) Class: 17885K(19584K)->17885K(19584K)
[2025-09-23T11:22:14.266+0000][66][gc          ] GC(31) Pause Young (Normal) (G1 Evacuation Pause) 1379M->160M(2048M) 28.786ms
[2025-09-23T11:22:14.266+0000][66][gc,cpu      ] GC(31) User=0.10s Sys=0.00s Real=0.03s
[2025-09-23T11:22:14.266+0000][66][safepoint   ] Safepoint "G1CollectForAllocation", Time since last: 297533458 ns, Reaching safepoint: 95000 ns, At safepoint: 29016166 ns, Total: 29111166 ns
[2025-09-23T11:22:18.271+0000][66][safepoint   ] Safepoint "Cleanup", Time since last: 4004123836 ns, Reaching safepoint: 438416 ns, At safepoint: 11584 ns, Total: 450000 ns
[2025-09-23T11:22:20.275+0000][66][safepoint   ] Safepoint "Cleanup", Time since last: 2003454917 ns, Reaching safepoint: 1184250 ns, At safepoint: 4875 ns, Total: 1189125 ns
[2025-09-23T11:22:23.280+0000][66][safepoint   ] Safepoint "Cleanup", Time since last: 3003691377 ns, Reaching safepoint: 589750 ns, At safepoint: 14458 ns, Total: 604208 ns
[2025-09-23T11:22:26.283+0000][66][safepoint   ] Safepoint "Cleanup", Time since last: 3003600668 ns, Reaching safepoint: 212833 ns, At safepoint: 8750 ns, Total: 221583 ns
[2025-09-23T11:22:32.290+0000][66][safepoint   ] Safepoint "Cleanup", Time since last: 6005726003 ns, Reaching safepoint: 561250 ns, At safepoint: 8959 ns, Total: 570209 ns
[2025-09-23T11:22:35.293+0000][66][safepoint   ] Safepoint "Cleanup", Time since last: 3003478959 ns, Reaching safepoint: 168750 ns, At safepoint: 7042 ns, Total: 175792 ns
[2025-09-23T11:22:38.296+0000][66][safepoint   ] Safepoint "Cleanup", Time since last: 3002747585 ns, Reaching safepoint: 283541 ns, At safepoint: 11000 ns, Total: 294541 ns
[2025-09-23T11:22:39.299+0000][66][safepoint   ] Safepoint "Cleanup", Time since last: 1002009126 ns, Reaching safepoint: 127417 ns, At safepoint: 6583 ns, Total: 134000 ns
[2025-09-23T11:22:50.313+0000][66][safepoint   ] Safepoint "Cleanup", Time since last: 11012593713 ns, Reaching safepoint: 703959 ns, At safepoint: 11041 ns, Total: 715000 ns
[2025-09-23T11:23:02.328+0000][66][safepoint   ] Safepoint "Cleanup", Time since last: 12015316381 ns, Reaching safepoint: 562042 ns, At safepoint: 4791 ns, Total: 566833 ns
[2025-09-23T11:23:05.332+0000][66][safepoint   ] Safepoint "Cleanup", Time since last: 3003361710 ns, Reaching safepoint: 433333 ns, At safepoint: 48292 ns, Total: 481625 ns
[2025-09-23T11:23:09.357+0000][66][gc,start    ] GC(32) Pause Young (Normal) (G1 Evacuation Pause)
[2025-09-23T11:23:09.359+0000][66][gc,task     ] GC(32) Using 8 workers of 8 for evacuation
[2025-09-23T11:23:09.359+0000][66][gc,age      ] GC(32) Desired survivor size 81788928 bytes, new threshold 15 (max threshold 15)
[2025-09-23T11:23:09.370+0000][66][gc,phases   ] GC(32)   Pre Evacuate Collection Set: 0.5ms
[2025-09-23T11:23:09.370+0000][66][gc,phases   ] GC(32)   Merge Heap Roots: 0.2ms
[2025-09-23T11:23:09.370+0000][66][gc,phases   ] GC(32)   Evacuate Collection Set: 8.0ms
[2025-09-23T11:23:09.370+0000][66][gc,phases   ] GC(32)   Post Evacuate Collection Set: 2.2ms
[2025-09-23T11:23:09.370+0000][66][gc,phases   ] GC(32)   Other: 0.4ms
[2025-09-23T11:23:09.370+0000][66][gc,age      ] GC(32) Age table with threshold 15 (max threshold 15)
[2025-09-23T11:23:09.370+0000][66][gc,age      ] GC(32) - age   1:    3878384 bytes,    3878384 total
[2025-09-23T11:23:09.370+0000][66][gc,age      ] GC(32) - age   2:     133152 bytes,    4011536 total
[2025-09-23T11:23:09.370+0000][66][gc,age      ] GC(32) - age   3:      58680 bytes,    4070216 total
[2025-09-23T11:23:09.370+0000][66][gc,age      ] GC(32) - age   4:      77256 bytes,    4147472 total
[2025-09-23T11:23:09.370+0000][66][gc,age      ] GC(32) - age   5:      87736 bytes,    4235208 total
[2025-09-23T11:23:09.370+0000][66][gc,age      ] GC(32) - age   6:      53848 bytes,    4289056 total
[2025-09-23T11:23:09.370+0000][66][gc,age      ] GC(32) - age   7:     249488 bytes,    4538544 total
[2025-09-23T11:23:09.370+0000][66][gc,age      ] GC(32) - age   8:      20280 bytes,    4558824 total
[2025-09-23T11:23:09.370+0000][66][gc,age      ] GC(32) - age   9:      34056 bytes,    4592880 total
[2025-09-23T11:23:09.370+0000][66][gc,age      ] GC(32) - age  10:      11896 bytes,    4604776 total
[2025-09-23T11:23:09.370+0000][66][gc,age      ] GC(32) - age  11:      14048 bytes,    4618824 total
[2025-09-23T11:23:09.370+0000][66][gc,age      ] GC(32) - age  12:      64056 bytes,    4682880 total
[2025-09-23T11:23:09.371+0000][66][gc,age      ] GC(32) - age  13:     324600 bytes,    5007480 total
[2025-09-23T11:23:09.371+0000][66][gc,age      ] GC(32) - age  14:      18160 bytes,    5025640 total
[2025-09-23T11:23:09.371+0000][66][gc,age      ] GC(32) - age  15:      91152 bytes,    5116792 total
[2025-09-23T11:23:09.371+0000][66][gc,heap     ] GC(32) Eden regions: 305->0(305)
[2025-09-23T11:23:09.371+0000][66][gc,heap     ] GC(32) Survivor regions: 2->2(39)
[2025-09-23T11:23:09.371+0000][66][gc,heap     ] GC(32) Old regions: 34->34
[2025-09-23T11:23:09.371+0000][66][gc,heap     ] GC(32) Archive regions: 2->2
[2025-09-23T11:23:09.371+0000][66][gc,heap     ] GC(32) Humongous regions: 4->4
[2025-09-23T11:23:09.371+0000][66][gc,metaspace] GC(32) Metaspace: 138893K(142400K)->138893K(142400K) NonClass: 121008K(122816K)->121008K(122816K) Class: 17885K(19584K)->17885K(19584K)
[2025-09-23T11:23:09.371+0000][66][gc          ] GC(32) Pause Young (Normal) (G1 Evacuation Pause) 1380M->160M(2048M) 13.333ms
[2025-09-23T11:23:09.371+0000][66][gc,cpu      ] GC(32) User=0.05s Sys=0.01s Real=0.01s
[2025-09-23T11:23:09.371+0000][66][safepoint   ] Safepoint "G1CollectForAllocation", Time since last: 4024700169 ns, Reaching safepoint: 370666 ns, At safepoint: 13545459 ns, Total: 13916125 ns
[2025-09-23T11:23:13.376+0000][66][safepoint   ] Safepoint "Cleanup", Time since last: 4004946752 ns, Reaching safepoint: 281166 ns, At safepoint: 11584 ns, Total: 292750 ns
[2025-09-23T11:23:20.380+0000][66][safepoint   ] Safepoint "Cleanup", Time since last: 7006746085 ns, Reaching safepoint: 689625 ns, At safepoint: 13000 ns, Total: 702625 ns
[2025-09-23T11:23:22.383+0000][66][safepoint   ] Safepoint "Cleanup", Time since last: 2002040751 ns, Reaching safepoint: 1359042 ns, At safepoint: 6791 ns, Total: 1365833 ns
[2025-09-23T11:23:23.388+0000][66][safepoint   ] Safepoint "Cleanup", Time since last: 1003995376 ns, Reaching safepoint: 513000 ns, At safepoint: 6917 ns, Total: 519917 ns
[2025-09-23T11:23:37.408+0000][66][safepoint   ] Safepoint "Cleanup", Time since last: 14019695131 ns, Reaching safepoint: 662167 ns, At safepoint: 12750 ns, Total: 674917 ns
[2025-09-23T11:23:56.434+0000][66][safepoint   ] Safepoint "Cleanup", Time since last: 19023007133 ns, Reaching safepoint: 585500 ns, At safepoint: 4833 ns, Total: 590333 ns
[2025-09-23T11:24:02.442+0000][66][safepoint   ] Safepoint "Cleanup", Time since last: 6007372920 ns, Reaching safepoint: 786583 ns, At safepoint: 4500 ns, Total: 791083 ns
[2025-09-23T11:24:05.723+0000][66][gc,start    ] GC(33) Pause Young (Normal) (G1 Evacuation Pause)
[2025-09-23T11:24:05.723+0000][66][gc,task     ] GC(33) Using 8 workers of 8 for evacuation
[2025-09-23T11:24:05.723+0000][66][gc,age      ] GC(33) Desired survivor size 81788928 bytes, new threshold 15 (max threshold 15)
[2025-09-23T11:24:05.746+0000][66][gc,phases   ] GC(33)   Pre Evacuate Collection Set: 0.5ms
[2025-09-23T11:24:05.747+0000][66][gc,phases   ] GC(33)   Merge Heap Roots: 0.2ms
[2025-09-23T11:24:05.747+0000][66][gc,phases   ] GC(33)   Evacuate Collection Set: 18.2ms
[2025-09-23T11:24:05.747+0000][66][gc,phases   ] GC(33)   Post Evacuate Collection Set: 3.9ms
[2025-09-23T11:24:05.747+0000][66][gc,phases   ] GC(33)   Other: 0.4ms
[2025-09-23T11:24:05.747+0000][66][gc,age      ] GC(33) Age table with threshold 15 (max threshold 15)
[2025-09-23T11:24:05.747+0000][66][gc,age      ] GC(33) - age   1:    3428792 bytes,    3428792 total
[2025-09-23T11:24:05.747+0000][66][gc,age      ] GC(33) - age   2:     465576 bytes,    3894368 total
[2025-09-23T11:24:05.747+0000][66][gc,age      ] GC(33) - age   3:      90872 bytes,    3985240 total
[2025-09-23T11:24:05.747+0000][66][gc,age      ] GC(33) - age   4:      58016 bytes,    4043256 total
[2025-09-23T11:24:05.747+0000][66][gc,age      ] GC(33) - age   5:      76280 bytes,    4119536 total
[2025-09-23T11:24:05.747+0000][66][gc,age      ] GC(33) - age   6:      85888 bytes,    4205424 total
[2025-09-23T11:24:05.747+0000][66][gc,age      ] GC(33) - age   7:      53680 bytes,    4259104 total
[2025-09-23T11:24:05.747+0000][66][gc,age      ] GC(33) - age   8:     249360 bytes,    4508464 total
[2025-09-23T11:24:05.747+0000][66][gc,age      ] GC(33) - age   9:      20280 bytes,    4528744 total
[2025-09-23T11:24:05.747+0000][66][gc,age      ] GC(33) - age  10:      33272 bytes,    4562016 total
[2025-09-23T11:24:05.747+0000][66][gc,age      ] GC(33) - age  11:      11896 bytes,    4573912 total
[2025-09-23T11:24:05.748+0000][66][gc,age      ] GC(33) - age  12:      14048 bytes,    4587960 total
[2025-09-23T11:24:05.748+0000][66][gc,age      ] GC(33) - age  13:      64056 bytes,    4652016 total
[2025-09-23T11:24:05.748+0000][66][gc,age      ] GC(33) - age  14:     324600 bytes,    4976616 total
[2025-09-23T11:24:05.748+0000][66][gc,age      ] GC(33) - age  15:      18160 bytes,    4994776 total
[2025-09-23T11:24:05.748+0000][66][gc,heap     ] GC(33) Eden regions: 305->0(305)
[2025-09-23T11:24:05.748+0000][66][gc,heap     ] GC(33) Survivor regions: 2->2(39)
[2025-09-23T11:24:05.748+0000][66][gc,heap     ] GC(33) Old regions: 34->34
[2025-09-23T11:24:05.748+0000][66][gc,heap     ] GC(33) Archive regions: 2->2
[2025-09-23T11:24:05.748+0000][66][gc,heap     ] GC(33) Humongous regions: 4->4
[2025-09-23T11:24:05.748+0000][66][gc,metaspace] GC(33) Metaspace: 138930K(142464K)->138930K(142464K) NonClass: 121045K(122880K)->121045K(122880K) Class: 17885K(19584K)->17885K(19584K)
[2025-09-23T11:24:05.748+0000][66][gc          ] GC(33) Pause Young (Normal) (G1 Evacuation Pause) 1380M->160M(2048M) 25.386ms
[2025-09-23T11:24:05.748+0000][66][gc,cpu      ] GC(33) User=0.13s Sys=0.00s Real=0.02s
[2025-09-23T11:24:05.748+0000][66][safepoint   ] Safepoint "G1CollectForAllocation", Time since last: 3280019127 ns, Reaching safepoint: 244042 ns, At safepoint: 25677000 ns, Total: 25921042 ns
[2025-09-23T11:24:07.750+0000][66][safepoint   ] Safepoint "Cleanup", Time since last: 2001232084 ns, Reaching safepoint: 305166 ns, At safepoint: 4417 ns, Total: 309583 ns
[2025-09-23T11:24:13.757+0000][66][safepoint   ] Safepoint "Cleanup", Time since last: 6006713961 ns, Reaching safepoint: 503459 ns, At safepoint: 9750 ns, Total: 513209 ns
[2025-09-23T11:24:19.768+0000][66][safepoint   ] Safepoint "Cleanup", Time since last: 6007737502 ns, Reaching safepoint: 4153750 ns, At safepoint: 18958 ns, Total: 4172708 ns
[2025-09-23T11:24:20.770+0000][66][safepoint   ] Safepoint "Cleanup", Time since last: 1002547501 ns, Reaching safepoint: 105958 ns, At safepoint: 4083 ns, Total: 110041 ns
[2025-09-23T11:24:25.779+0000][66][safepoint   ] Safepoint "Cleanup", Time since last: 5007911419 ns, Reaching safepoint: 663542 ns, At safepoint: 16125 ns, Total: 679667 ns
[2025-09-23T11:24:26.782+0000][66][safepoint   ] Safepoint "Cleanup", Time since last: 1002495876 ns, Reaching safepoint: 996458 ns, At safepoint: 4333 ns, Total: 1000791 ns
[2025-09-23T11:24:31.788+0000][66][safepoint   ] Safepoint "Cleanup", Time since last: 5004795086 ns, Reaching safepoint: 419208 ns, At safepoint: 3875 ns, Total: 423083 ns
[2025-09-23T11:24:40.797+0000][66][safepoint   ] Safepoint "Cleanup", Time since last: 9009025005 ns, Reaching safepoint: 402875 ns, At safepoint: 11583 ns, Total: 414458 ns
[2025-09-23T11:24:49.808+0000][66][safepoint   ] Safepoint "Cleanup", Time since last: 9009213920 ns, Reaching safepoint: 1417042 ns, At safepoint: 12250 ns, Total: 1429292 ns
[2025-09-23T11:24:55.815+0000][66][safepoint   ] Safepoint "Cleanup", Time since last: 6006556253 ns, Reaching safepoint: 529666 ns, At safepoint: 9917 ns, Total: 539583 ns
[2025-09-23T11:24:56.816+0000][66][safepoint   ] Safepoint "Cleanup", Time since last: 1001407459 ns, Reaching safepoint: 279250 ns, At safepoint: 55750 ns, Total: 335000 ns
[2025-09-23T11:24:58.818+0000][66][safepoint   ] Safepoint "Cleanup", Time since last: 2001654626 ns, Reaching safepoint: 76208 ns, At safepoint: 3584 ns, Total: 79792 ns
[2025-09-23T11:25:00.986+0000][66][gc,start    ] GC(34) Pause Young (Normal) (G1 Evacuation Pause)
[2025-09-23T11:25:00.987+0000][66][gc,task     ] GC(34) Using 8 workers of 8 for evacuation
[2025-09-23T11:25:00.987+0000][66][gc,age      ] GC(34) Desired survivor size 81788928 bytes, new threshold 15 (max threshold 15)
[2025-09-23T11:25:00.999+0000][66][gc,phases   ] GC(34)   Pre Evacuate Collection Set: 0.6ms
[2025-09-23T11:25:00.999+0000][66][gc,phases   ] GC(34)   Merge Heap Roots: 0.3ms
[2025-09-23T11:25:00.999+0000][66][gc,phases   ] GC(34)   Evacuate Collection Set: 8.6ms
[2025-09-23T11:25:00.999+0000][66][gc,phases   ] GC(34)   Post Evacuate Collection Set: 2.2ms
[2025-09-23T11:25:00.999+0000][66][gc,phases   ] GC(34)   Other: 0.7ms
[2025-09-23T11:25:00.999+0000][66][gc,age      ] GC(34) Age table with threshold 15 (max threshold 15)
[2025-09-23T11:25:00.999+0000][66][gc,age      ] GC(34) - age   1:    3434280 bytes,    3434280 total
[2025-09-23T11:25:01.000+0000][66][gc,age      ] GC(34) - age   2:     220648 bytes,    3654928 total
[2025-09-23T11:25:01.000+0000][66][gc,age      ] GC(34) - age   3:     307920 bytes,    3962848 total
[2025-09-23T11:25:01.000+0000][66][gc,age      ] GC(34) - age   4:      88824 bytes,    4051672 total
[2025-09-23T11:25:01.000+0000][66][gc,age      ] GC(34) - age   5:      57656 bytes,    4109328 total
[2025-09-23T11:25:01.000+0000][66][gc,age      ] GC(34) - age   6:      76008 bytes,    4185336 total
[2025-09-23T11:25:01.000+0000][66][gc,age      ] GC(34) - age   7:      46824 bytes,    4232160 total
[2025-09-23T11:25:01.000+0000][66][gc,age      ] GC(34) - age   8:      53680 bytes,    4285840 total
[2025-09-23T11:25:01.000+0000][66][gc,age      ] GC(34) - age   9:     249232 bytes,    4535072 total
[2025-09-23T11:25:01.000+0000][66][gc,age      ] GC(34) - age  10:      20280 bytes,    4555352 total
[2025-09-23T11:25:01.000+0000][66][gc,age      ] GC(34) - age  11:      32712 bytes,    4588064 total
[2025-09-23T11:25:01.000+0000][66][gc,age      ] GC(34) - age  12:      11896 bytes,    4599960 total
[2025-09-23T11:25:01.000+0000][66][gc,age      ] GC(34) - age  13:      14008 bytes,    4613968 total
[2025-09-23T11:25:01.000+0000][66][gc,age      ] GC(34) - age  14:      64056 bytes,    4678024 total
[2025-09-23T11:25:01.000+0000][66][gc,age      ] GC(34) - age  15:     324600 bytes,    5002624 total
[2025-09-23T11:25:01.000+0000][66][gc,heap     ] GC(34) Eden regions: 305->0(305)
[2025-09-23T11:25:01.000+0000][66][gc,heap     ] GC(34) Survivor regions: 2->2(39)
[2025-09-23T11:25:01.000+0000][66][gc,heap     ] GC(34) Old regions: 34->34
[2025-09-23T11:25:01.000+0000][66][gc,heap     ] GC(34) Archive regions: 2->2
[2025-09-23T11:25:01.000+0000][66][gc,heap     ] GC(34) Humongous regions: 4->4
[2025-09-23T11:25:01.000+0000][66][gc,metaspace] GC(34) Metaspace: 138940K(142464K)->138940K(142464K) NonClass: 121055K(122880K)->121055K(122880K) Class: 17885K(19584K)->17885K(19584K)
[2025-09-23T11:25:01.000+0000][66][gc          ] GC(34) Pause Young (Normal) (G1 Evacuation Pause) 1380M->160M(2048M) 13.746ms
[2025-09-23T11:25:01.000+0000][66][gc,cpu      ] GC(34) User=0.06s Sys=0.00s Real=0.01s
[2025-09-23T11:25:01.000+0000][66][safepoint   ] Safepoint "G1CollectForAllocation", Time since last: 2167683542 ns, Reaching safepoint: 197250 ns, At safepoint: 14210959 ns, Total: 14408209 ns
[2025-09-23T11:25:09.010+0000][66][safepoint   ] Safepoint "Cleanup", Time since last: 8007964628 ns, Reaching safepoint: 1223292 ns, At safepoint: 8292 ns, Total: 1231584 ns
[2025-09-23T11:25:10.012+0000][66][safepoint   ] Safepoint "Cleanup", Time since last: 1001639959 ns, Reaching safepoint: 567666 ns, At safepoint: 2875 ns, Total: 570541 ns
[2025-09-23T11:25:10.399+0000][66][safepoint   ] Safepoint "ICBufferFull", Time since last: 386827542 ns, Reaching safepoint: 278750 ns, At safepoint: 11875 ns, Total: 290625 ns
[2025-09-23T11:25:11.399+0000][66][safepoint   ] Safepoint "Cleanup", Time since last: 1000330876 ns, Reaching safepoint: 223625 ns, At safepoint: 10791 ns, Total: 234416 ns
[2025-09-23T11:25:13.402+0000][66][safepoint   ] Safepoint "Cleanup", Time since last: 2001869960 ns, Reaching safepoint: 421708 ns, At safepoint: 16875 ns, Total: 438583 ns
[2025-09-23T11:25:14.404+0000][66][safepoint   ] Safepoint "Cleanup", Time since last: 1002389792 ns, Reaching safepoint: 112416 ns, At safepoint: 8584 ns, Total: 121000 ns
[2025-09-23T11:25:15.408+0000][66][safepoint   ] Safepoint "Cleanup", Time since last: 1000939083 ns, Reaching safepoint: 3002125 ns, At safepoint: 12792 ns, Total: 3014917 ns
[2025-09-23T11:25:20.417+0000][66][safepoint   ] Safepoint "Cleanup", Time since last: 5008292628 ns, Reaching safepoint: 1115416 ns, At safepoint: 44167 ns, Total: 1159583 ns
[2025-09-23T11:25:21.420+0000][66][safepoint   ] Safepoint "Cleanup", Time since last: 1001975959 ns, Reaching safepoint: 261375 ns, At safepoint: 8458 ns, Total: 269833 ns
[2025-09-23T11:25:22.423+0000][66][safepoint   ] Safepoint "Cleanup", Time since last: 1001271792 ns, Reaching safepoint: 2047667 ns, At safepoint: 178708 ns, Total: 2226375 ns
[2025-09-23T11:25:23.425+0000][66][safepoint   ] Safepoint "Cleanup", Time since last: 1001769167 ns, Reaching safepoint: 213500 ns, At safepoint: 3792 ns, Total: 217292 ns
[2025-09-23T11:25:24.426+0000][66][safepoint   ] Safepoint "Cleanup", Time since last: 1000799459 ns, Reaching safepoint: 362250 ns, At safepoint: 7250 ns, Total: 369500 ns
[2025-09-23T11:25:25.427+0000][66][safepoint   ] Safepoint "Cleanup", Time since last: 1000617292 ns, Reaching safepoint: 219500 ns, At safepoint: 5583 ns, Total: 225083 ns
[2025-09-23T11:25:26.428+0000][66][safepoint   ] Safepoint "Cleanup", Time since last: 1000778792 ns, Reaching safepoint: 73000 ns, At safepoint: 3417 ns, Total: 76417 ns
[2025-09-23T11:25:29.432+0000][66][safepoint   ] Safepoint "Cleanup", Time since last: 3002988085 ns, Reaching safepoint: 1119583 ns, At safepoint: 8750 ns, Total: 1128333 ns
[2025-09-23T11:25:31.439+0000][66][safepoint   ] Safepoint "Cleanup", Time since last: 2001789834 ns, Reaching safepoint: 5352834 ns, At safepoint: 5375 ns, Total: 5358209 ns
[2025-09-23T11:25:35.444+0000][66][safepoint   ] Safepoint "Cleanup", Time since last: 4004646877 ns, Reaching safepoint: 245541 ns, At safepoint: 7334 ns, Total: 252875 ns
[2025-09-23T11:25:38.448+0000][66][safepoint   ] Safepoint "Cleanup", Time since last: 3003751543 ns, Reaching safepoint: 447833 ns, At safepoint: 7583 ns, Total: 455416 ns
[2025-09-23T11:25:39.449+0000][66][safepoint   ] Safepoint "Cleanup", Time since last: 1001026459 ns, Reaching safepoint: 106709 ns, At safepoint: 3750 ns, Total: 110459 ns
[2025-09-23T11:25:40.450+0000][66][safepoint   ] Safepoint "Cleanup", Time since last: 1000772375 ns, Reaching safepoint: 154333 ns, At safepoint: 3709 ns, Total: 158042 ns
[2025-09-23T11:25:41.453+0000][66][safepoint   ] Safepoint "Cleanup", Time since last: 1002155417 ns, Reaching safepoint: 57333 ns, At safepoint: 3292 ns, Total: 60625 ns
[2025-09-23T11:25:57.626+0000][66][gc,start    ] GC(35) Pause Young (Normal) (G1 Evacuation Pause)
[2025-09-23T11:25:57.627+0000][66][gc,task     ] GC(35) Using 8 workers of 8 for evacuation
[2025-09-23T11:25:57.627+0000][66][gc,age      ] GC(35) Desired survivor size 81788928 bytes, new threshold 15 (max threshold 15)
[2025-09-23T11:25:57.646+0000][66][gc,phases   ] GC(35)   Pre Evacuate Collection Set: 0.5ms
[2025-09-23T11:25:57.646+0000][66][gc,phases   ] GC(35)   Merge Heap Roots: 0.2ms
[2025-09-23T11:25:57.646+0000][66][gc,phases   ] GC(35)   Evacuate Collection Set: 15.3ms
[2025-09-23T11:25:57.646+0000][66][gc,phases   ] GC(35)   Post Evacuate Collection Set: 2.6ms
[2025-09-23T11:25:57.646+0000][66][gc,phases   ] GC(35)   Other: 0.3ms
[2025-09-23T11:25:57.646+0000][66][gc,age      ] GC(35) Age table with threshold 15 (max threshold 15)
[2025-09-23T11:25:57.646+0000][66][gc,age      ] GC(35) - age   1:    3521920 bytes,    3521920 total
[2025-09-23T11:25:57.646+0000][66][gc,age      ] GC(35) - age   2:     180192 bytes,    3702112 total
[2025-09-23T11:25:57.646+0000][66][gc,age      ] GC(35) - age   3:      87360 bytes,    3789472 total
[2025-09-23T11:25:57.646+0000][66][gc,age      ] GC(35) - age   4:     296448 bytes,    4085920 total
[2025-09-23T11:25:57.646+0000][66][gc,age      ] GC(35) - age   5:      63816 bytes,    4149736 total
[2025-09-23T11:25:57.646+0000][66][gc,age      ] GC(35) - age   6:      57552 bytes,    4207288 total
[2025-09-23T11:25:57.646+0000][66][gc,age      ] GC(35) - age   7:      75840 bytes,    4283128 total
[2025-09-23T11:25:57.646+0000][66][gc,age      ] GC(35) - age   8:      46792 bytes,    4329920 total
[2025-09-23T11:25:57.646+0000][66][gc,age      ] GC(35) - age   9:      53616 bytes,    4383536 total
[2025-09-23T11:25:57.646+0000][66][gc,age      ] GC(35) - age  10:     249232 bytes,    4632768 total
[2025-09-23T11:25:57.646+0000][66][gc,age      ] GC(35) - age  11:      19384 bytes,    4652152 total
[2025-09-23T11:25:57.646+0000][66][gc,age      ] GC(35) - age  12:      32712 bytes,    4684864 total
[2025-09-23T11:25:57.646+0000][66][gc,age      ] GC(35) - age  13:      11896 bytes,    4696760 total
[2025-09-23T11:25:57.646+0000][66][gc,age      ] GC(35) - age  14:      13408 bytes,    4710168 total
[2025-09-23T11:25:57.646+0000][66][gc,age      ] GC(35) - age  15:      64056 bytes,    4774224 total
[2025-09-23T11:25:57.647+0000][66][gc,heap     ] GC(35) Eden regions: 305->0(305)
[2025-09-23T11:25:57.647+0000][66][gc,heap     ] GC(35) Survivor regions: 2->2(39)
[2025-09-23T11:25:57.647+0000][66][gc,heap     ] GC(35) Old regions: 34->34
[2025-09-23T11:25:57.647+0000][66][gc,heap     ] GC(35) Archive regions: 2->2
[2025-09-23T11:25:57.647+0000][66][gc,heap     ] GC(35) Humongous regions: 4->4
[2025-09-23T11:25:57.647+0000][66][gc,metaspace] GC(35) Metaspace: 138959K(142464K)->138959K(142464K) NonClass: 121074K(122880K)->121074K(122880K) Class: 17885K(19584K)->17885K(19584K)
[2025-09-23T11:25:57.647+0000][66][gc          ] GC(35) Pause Young (Normal) (G1 Evacuation Pause) 1380M->160M(2048M) 21.048ms
[2025-09-23T11:25:57.647+0000][66][gc,cpu      ] GC(35) User=0.11s Sys=0.00s Real=0.02s
[2025-09-23T11:25:57.647+0000][66][safepoint   ] Safepoint "G1CollectForAllocation", Time since last: 16172913882 ns, Reaching safepoint: 441833 ns, At safepoint: 21255542 ns, Total: 21697375 ns
[2025-09-23T11:26:04.655+0000][66][safepoint   ] Safepoint "Cleanup", Time since last: 7007108420 ns, Reaching safepoint: 894500 ns, At safepoint: 8708 ns, Total: 903208 ns
[2025-09-23T11:26:11.676+0000][66][safepoint   ] Safepoint "Cleanup", Time since last: 7008055420 ns, Reaching safepoint: 12572750 ns, At safepoint: 497167 ns, Total: 13069917 ns
[2025-09-23T11:26:12.690+0000][66][safepoint   ] Safepoint "Cleanup", Time since last: 1013650959 ns, Reaching safepoint: 789750 ns, At safepoint: 9291 ns, Total: 799041 ns
[2025-09-23T11:26:13.694+0000][66][safepoint   ] Safepoint "Cleanup", Time since last: 1003402959 ns, Reaching safepoint: 299542 ns, At safepoint: 9792 ns, Total: 309334 ns
[2025-09-23T11:26:23.703+0000][66][safepoint   ] Safepoint "Cleanup", Time since last: 10009400171 ns, Reaching safepoint: 357666 ns, At safepoint: 15167 ns, Total: 372833 ns
[2025-09-23T11:26:30.711+0000][66][safepoint   ] Safepoint "Cleanup", Time since last: 7007571503 ns, Reaching safepoint: 411125 ns, At safepoint: 11750 ns, Total: 422875 ns
[2025-09-23T11:26:31.713+0000][66][safepoint   ] Safepoint "Cleanup", Time since last: 1001593376 ns, Reaching safepoint: 279667 ns, At safepoint: 21625 ns, Total: 301292 ns
[2025-09-23T11:26:32.607+0000][66][safepoint   ] Safepoint "ICBufferFull", Time since last: 893319125 ns, Reaching safepoint: 731750 ns, At safepoint: 17708 ns, Total: 749458 ns
[2025-09-23T11:26:33.608+0000][66][safepoint   ] Safepoint "Cleanup", Time since last: 1000635876 ns, Reaching safepoint: 193208 ns, At safepoint: 4667 ns, Total: 197875 ns
[2025-09-23T11:26:34.610+0000][66][safepoint   ] Safepoint "Cleanup", Time since last: 1001249417 ns, Reaching safepoint: 718625 ns, At safepoint: 8917 ns, Total: 727542 ns
[2025-09-23T11:26:35.612+0000][66][safepoint   ] Safepoint "Cleanup", Time since last: 1000892500 ns, Reaching safepoint: 525833 ns, At safepoint: 41792 ns, Total: 567625 ns
[2025-09-23T11:26:46.624+0000][66][safepoint   ] Safepoint "Cleanup", Time since last: 11011526338 ns, Reaching safepoint: 696417 ns, At safepoint: 5292 ns, Total: 701709 ns
[2025-09-23T11:26:48.847+0000][66][gc,start    ] GC(36) Pause Young (Normal) (G1 Evacuation Pause)
[2025-09-23T11:26:48.848+0000][66][gc,task     ] GC(36) Using 8 workers of 8 for evacuation
[2025-09-23T11:26:48.848+0000][66][gc,age      ] GC(36) Desired survivor size 81788928 bytes, new threshold 15 (max threshold 15)
[2025-09-23T11:26:48.875+0000][66][gc,phases   ] GC(36)   Pre Evacuate Collection Set: 1.8ms
[2025-09-23T11:26:48.875+0000][66][gc,phases   ] GC(36)   Merge Heap Roots: 0.7ms
[2025-09-23T11:26:48.875+0000][66][gc,phases   ] GC(36)   Evacuate Collection Set: 21.6ms
[2025-09-23T11:26:48.876+0000][66][gc,phases   ] GC(36)   Post Evacuate Collection Set: 3.0ms
[2025-09-23T11:26:48.876+0000][66][gc,phases   ] GC(36)   Other: 0.6ms
[2025-09-23T11:26:48.876+0000][66][gc,age      ] GC(36) Age table with threshold 15 (max threshold 15)
[2025-09-23T11:26:48.876+0000][66][gc,age      ] GC(36) - age   1:    4724912 bytes,    4724912 total
[2025-09-23T11:26:48.876+0000][66][gc,age      ] GC(36) - age   2:     179920 bytes,    4904832 total
[2025-09-23T11:26:48.876+0000][66][gc,age      ] GC(36) - age   3:       6704 bytes,    4911536 total
[2025-09-23T11:26:48.876+0000][66][gc,age      ] GC(36) - age   4:      47392 bytes,    4958928 total
[2025-09-23T11:26:48.876+0000][66][gc,age      ] GC(36) - age   5:     295640 bytes,    5254568 total
[2025-09-23T11:26:48.876+0000][66][gc,age      ] GC(36) - age   6:      24360 bytes,    5278928 total
[2025-09-23T11:26:48.877+0000][66][gc,age      ] GC(36) - age   7:      17952 bytes,    5296880 total
[2025-09-23T11:26:48.877+0000][66][gc,age      ] GC(36) - age   8:      36568 bytes,    5333448 total
[2025-09-23T11:26:48.877+0000][66][gc,age      ] GC(36) - age   9:       7520 bytes,    5340968 total
[2025-09-23T11:26:48.877+0000][66][gc,age      ] GC(36) - age  10:      14552 bytes,    5355520 total
[2025-09-23T11:26:48.877+0000][66][gc,age      ] GC(36) - age  11:     249232 bytes,    5604752 total
[2025-09-23T11:26:48.877+0000][66][gc,age      ] GC(36) - age  12:      19384 bytes,    5624136 total
[2025-09-23T11:26:48.877+0000][66][gc,age      ] GC(36) - age  13:      32712 bytes,    5656848 total
[2025-09-23T11:26:48.877+0000][66][gc,age      ] GC(36) - age  14:      11896 bytes,    5668744 total
[2025-09-23T11:26:48.877+0000][66][gc,age      ] GC(36) - age  15:      13408 bytes,    5682152 total
[2025-09-23T11:26:48.877+0000][66][gc,heap     ] GC(36) Eden regions: 305->0(305)
[2025-09-23T11:26:48.877+0000][66][gc,heap     ] GC(36) Survivor regions: 2->2(39)
[2025-09-23T11:26:48.877+0000][66][gc,heap     ] GC(36) Old regions: 34->34
[2025-09-23T11:26:48.877+0000][66][gc,heap     ] GC(36) Archive regions: 2->2
[2025-09-23T11:26:48.878+0000][66][gc,heap     ] GC(36) Humongous regions: 4->4
[2025-09-23T11:26:48.878+0000][66][gc,metaspace] GC(36) Metaspace: 138989K(142528K)->138989K(142528K) NonClass: 121104K(122944K)->121104K(122944K) Class: 17885K(19584K)->17885K(19584K)
[2025-09-23T11:26:48.878+0000][66][gc          ] GC(36) Pause Young (Normal) (G1 Evacuation Pause) 1380M->161M(2048M) 30.616ms
[2025-09-23T11:26:48.878+0000][66][gc,cpu      ] GC(36) User=0.14s Sys=0.00s Real=0.03s
[2025-09-23T11:26:48.878+0000][66][safepoint   ] Safepoint "G1CollectForAllocation", Time since last: 2223253626 ns, Reaching safepoint: 153916 ns, At safepoint: 30860709 ns, Total: 31014625 ns
[2025-09-23T11:26:52.882+0000][66][safepoint   ] Safepoint "Cleanup", Time since last: 4003911960 ns, Reaching safepoint: 409750 ns, At safepoint: 4583 ns, Total: 414333 ns
[2025-09-23T11:26:55.886+0000][66][safepoint   ] Safepoint "Cleanup", Time since last: 3003529835 ns, Reaching safepoint: 194417 ns, At safepoint: 15000 ns, Total: 209417 ns
[2025-09-23T11:26:58.889+0000][66][safepoint   ] Safepoint "Cleanup", Time since last: 3002824918 ns, Reaching safepoint: 307625 ns, At safepoint: 7458 ns, Total: 315083 ns
[2025-09-23T11:27:10.907+0000][66][safepoint   ] Safepoint "Cleanup", Time since last: 12016946548 ns, Reaching safepoint: 564541 ns, At safepoint: 12334 ns, Total: 576875 ns
[2025-09-23T11:27:12.909+0000][66][safepoint   ] Safepoint "Cleanup", Time since last: 2002141709 ns, Reaching safepoint: 170042 ns, At safepoint: 4041 ns, Total: 174083 ns
[2025-09-23T11:27:14.910+0000][66][safepoint   ] Safepoint "Cleanup", Time since last: 2001823168 ns, Reaching safepoint: 410875 ns, At safepoint: 7791 ns, Total: 418666 ns
[2025-09-23T11:27:16.913+0000][66][safepoint   ] Safepoint "Cleanup", Time since last: 2001555876 ns, Reaching safepoint: 1222417 ns, At safepoint: 8042 ns, Total: 1230459 ns
[2025-09-23T11:27:17.915+0000][66][safepoint   ] Safepoint "Cleanup", Time since last: 1001906125 ns, Reaching safepoint: 462458 ns, At safepoint: 7834 ns, Total: 470292 ns
[2025-09-23T11:27:22.921+0000][66][safepoint   ] Safepoint "Cleanup", Time since last: 5004511085 ns, Reaching safepoint: 1372125 ns, At safepoint: 4459 ns, Total: 1376584 ns
[2025-09-23T11:27:23.923+0000][66][safepoint   ] Safepoint "Cleanup", Time since last: 1001496792 ns, Reaching safepoint: 117750 ns, At safepoint: 9292 ns, Total: 127042 ns
[2025-09-23T11:27:24.924+0000][66][safepoint   ] Safepoint "Cleanup", Time since last: 1000969667 ns, Reaching safepoint: 288208 ns, At safepoint: 14542 ns, Total: 302750 ns
[2025-09-23T11:27:26.926+0000][66][safepoint   ] Safepoint "Cleanup", Time since last: 2001619834 ns, Reaching safepoint: 115458 ns, At safepoint: 4334 ns, Total: 119792 ns
[2025-09-23T11:27:28.928+0000][66][safepoint   ] Safepoint "Cleanup", Time since last: 2001877917 ns, Reaching safepoint: 238959 ns, At safepoint: 7458 ns, Total: 246417 ns
[2025-09-23T11:27:38.941+0000][66][safepoint   ] Safepoint "Cleanup", Time since last: 10013000005 ns, Reaching safepoint: 473166 ns, At safepoint: 38875 ns, Total: 512041 ns
[2025-09-23T11:27:43.951+0000][66][safepoint   ] Safepoint "Cleanup", Time since last: 5004743961 ns, Reaching safepoint: 4492042 ns, At safepoint: 73083 ns, Total: 4565125 ns
[2025-09-23T11:27:45.041+0000][66][gc,start    ] GC(37) Pause Young (Normal) (G1 Evacuation Pause)
[2025-09-23T11:27:45.041+0000][66][gc,task     ] GC(37) Using 8 workers of 8 for evacuation
[2025-09-23T11:27:45.041+0000][66][gc,age      ] GC(37) Desired survivor size 81788928 bytes, new threshold 15 (max threshold 15)
[2025-09-23T11:27:45.058+0000][66][gc,phases   ] GC(37)   Pre Evacuate Collection Set: 0.4ms
[2025-09-23T11:27:45.058+0000][66][gc,phases   ] GC(37)   Merge Heap Roots: 0.2ms
[2025-09-23T11:27:45.058+0000][66][gc,phases   ] GC(37)   Evacuate Collection Set: 13.5ms
[2025-09-23T11:27:45.058+0000][66][gc,phases   ] GC(37)   Post Evacuate Collection Set: 2.5ms
[2025-09-23T11:27:45.058+0000][66][gc,phases   ] GC(37)   Other: 0.3ms
[2025-09-23T11:27:45.058+0000][66][gc,age      ] GC(37) Age table with threshold 15 (max threshold 15)
[2025-09-23T11:27:45.058+0000][66][gc,age      ] GC(37) - age   1:    5080704 bytes,    5080704 total
[2025-09-23T11:27:45.058+0000][66][gc,age      ] GC(37) - age   2:     288888 bytes,    5369592 total
[2025-09-23T11:27:45.058+0000][66][gc,age      ] GC(37) - age   3:     167504 bytes,    5537096 total
[2025-09-23T11:27:45.058+0000][66][gc,age      ] GC(37) - age   4:       5968 bytes,    5543064 total
[2025-09-23T11:27:45.058+0000][66][gc,age      ] GC(37) - age   5:       8568 bytes,    5551632 total
[2025-09-23T11:27:45.058+0000][66][gc,age      ] GC(37) - age   6:      13480 bytes,    5565112 total
[2025-09-23T11:27:45.058+0000][66][gc,age      ] GC(37) - age   7:      23520 bytes,    5588632 total
[2025-09-23T11:27:45.058+0000][66][gc,age      ] GC(37) - age   8:      17888 bytes,    5606520 total
[2025-09-23T11:27:45.058+0000][66][gc,age      ] GC(37) - age   9:      36568 bytes,    5643088 total
[2025-09-23T11:27:45.058+0000][66][gc,age      ] GC(37) - age  10:       7264 bytes,    5650352 total
[2025-09-23T11:27:45.058+0000][66][gc,age      ] GC(37) - age  11:      14552 bytes,    5664904 total
[2025-09-23T11:27:45.058+0000][66][gc,age      ] GC(37) - age  12:      76416 bytes,    5741320 total
[2025-09-23T11:27:45.059+0000][66][gc,age      ] GC(37) - age  13:      18472 bytes,    5759792 total
[2025-09-23T11:27:45.059+0000][66][gc,age      ] GC(37) - age  14:      32712 bytes,    5792504 total
[2025-09-23T11:27:45.059+0000][66][gc,age      ] GC(37) - age  15:      11896 bytes,    5804400 total
[2025-09-23T11:27:45.059+0000][66][gc,heap     ] GC(37) Eden regions: 305->0(305)
[2025-09-23T11:27:45.059+0000][66][gc,heap     ] GC(37) Survivor regions: 2->2(39)
[2025-09-23T11:27:45.059+0000][66][gc,heap     ] GC(37) Old regions: 34->34
[2025-09-23T11:27:45.059+0000][66][gc,heap     ] GC(37) Archive regions: 2->2
[2025-09-23T11:27:45.059+0000][66][gc,heap     ] GC(37) Humongous regions: 4->4
[2025-09-23T11:27:45.059+0000][66][gc,metaspace] GC(37) Metaspace: 139011K(142528K)->139011K(142528K) NonClass: 121126K(122944K)->121126K(122944K) Class: 17885K(19584K)->17885K(19584K)
[2025-09-23T11:27:45.059+0000][66][gc          ] GC(37) Pause Young (Normal) (G1 Evacuation Pause) 1381M->161M(2048M) 17.971ms
[2025-09-23T11:27:45.059+0000][66][gc,cpu      ] GC(37) User=0.10s Sys=0.00s Real=0.02s
[2025-09-23T11:27:45.059+0000][66][safepoint   ] Safepoint "G1CollectForAllocation", Time since last: 1089710583 ns, Reaching safepoint: 108417 ns, At safepoint: 18123416 ns, Total: 18231833 ns
[2025-09-23T11:27:47.061+0000][66][safepoint   ] Safepoint "Cleanup", Time since last: 2002051251 ns, Reaching safepoint: 310667 ns, At safepoint: 7625 ns, Total: 318292 ns
[2025-09-23T11:27:53.070+0000][66][safepoint   ] Safepoint "Cleanup", Time since last: 6007671044 ns, Reaching safepoint: 1250792 ns, At safepoint: 9083 ns, Total: 1259875 ns
[2025-09-23T11:27:59.077+0000][66][safepoint   ] Safepoint "Cleanup", Time since last: 6006707628 ns, Reaching safepoint: 448542 ns, At safepoint: 32250 ns, Total: 480792 ns
[2025-09-23T11:28:00.079+0000][66][safepoint   ] Safepoint "Cleanup", Time since last: 1001549750 ns, Reaching safepoint: 233959 ns, At safepoint: 14916 ns, Total: 248875 ns
[2025-09-23T11:28:06.086+0000][66][safepoint   ] Safepoint "Cleanup", Time since last: 6005751212 ns, Reaching safepoint: 958750 ns, At safepoint: 23583 ns, Total: 982333 ns
[2025-09-23T11:28:07.087+0000][66][safepoint   ] Safepoint "Cleanup", Time since last: 1001046125 ns, Reaching safepoint: 321750 ns, At safepoint: 6959 ns, Total: 328709 ns
[2025-09-23T11:28:13.093+0000][66][safepoint   ] Safepoint "Cleanup", Time since last: 6005647253 ns, Reaching safepoint: 518083 ns, At safepoint: 29708 ns, Total: 547791 ns
[2025-09-23T11:28:17.098+0000][66][safepoint   ] Safepoint "Cleanup", Time since last: 4004436043 ns, Reaching safepoint: 589084 ns, At safepoint: 28458 ns, Total: 617542 ns
[2025-09-23T11:28:29.115+0000][66][safepoint   ] Safepoint "Cleanup", Time since last: 12012536464 ns, Reaching safepoint: 4786958 ns, At safepoint: 28875 ns, Total: 4815833 ns
[2025-09-23T11:28:34.124+0000][66][safepoint   ] Safepoint "Cleanup", Time since last: 5008022378 ns, Reaching safepoint: 516625 ns, At safepoint: 18625 ns, Total: 535250 ns
[2025-09-23T11:28:42.573+0000][66][gc,start    ] GC(38) Pause Young (Normal) (G1 Evacuation Pause)
[2025-09-23T11:28:42.574+0000][66][gc,task     ] GC(38) Using 8 workers of 8 for evacuation
[2025-09-23T11:28:42.574+0000][66][gc,age      ] GC(38) Desired survivor size 81788928 bytes, new threshold 15 (max threshold 15)
[2025-09-23T11:28:42.593+0000][66][gc,phases   ] GC(38)   Pre Evacuate Collection Set: 1.5ms
[2025-09-23T11:28:42.593+0000][66][gc,phases   ] GC(38)   Merge Heap Roots: 0.7ms
[2025-09-23T11:28:42.593+0000][66][gc,phases   ] GC(38)   Evacuate Collection Set: 13.5ms
[2025-09-23T11:28:42.593+0000][66][gc,phases   ] GC(38)   Post Evacuate Collection Set: 2.7ms
[2025-09-23T11:28:42.593+0000][66][gc,phases   ] GC(38)   Other: 0.6ms
[2025-09-23T11:28:42.593+0000][66][gc,age      ] GC(38) Age table with threshold 15 (max threshold 15)
[2025-09-23T11:28:42.594+0000][66][gc,age      ] GC(38) - age   1:    5060728 bytes,    5060728 total
[2025-09-23T11:28:42.594+0000][66][gc,age      ] GC(38) - age   2:     465984 bytes,    5526712 total
[2025-09-23T11:28:42.594+0000][66][gc,age      ] GC(38) - age   3:     169280 bytes,    5695992 total
[2025-09-23T11:28:42.594+0000][66][gc,age      ] GC(38) - age   4:      88752 bytes,    5784744 total
[2025-09-23T11:28:42.594+0000][66][gc,age      ] GC(38) - age   5:       5328 bytes,    5790072 total
[2025-09-23T11:28:42.594+0000][66][gc,age      ] GC(38) - age   6:       8120 bytes,    5798192 total
[2025-09-23T11:28:42.594+0000][66][gc,age      ] GC(38) - age   7:      12824 bytes,    5811016 total
[2025-09-23T11:28:42.594+0000][66][gc,age      ] GC(38) - age   8:      22872 bytes,    5833888 total
[2025-09-23T11:28:42.594+0000][66][gc,age      ] GC(38) - age   9:      14088 bytes,    5847976 total
[2025-09-23T11:28:42.594+0000][66][gc,age      ] GC(38) - age  10:      36504 bytes,    5884480 total
[2025-09-23T11:28:42.594+0000][66][gc,age      ] GC(38) - age  11:       7200 bytes,    5891680 total
[2025-09-23T11:28:42.594+0000][66][gc,age      ] GC(38) - age  12:      14360 bytes,    5906040 total
[2025-09-23T11:28:42.594+0000][66][gc,age      ] GC(38) - age  13:      75904 bytes,    5981944 total
[2025-09-23T11:28:42.594+0000][66][gc,age      ] GC(38) - age  14:      18344 bytes,    6000288 total
[2025-09-23T11:28:42.594+0000][66][gc,age      ] GC(38) - age  15:      31816 bytes,    6032104 total
[2025-09-23T11:28:42.594+0000][66][gc,heap     ] GC(38) Eden regions: 305->0(305)
[2025-09-23T11:28:42.594+0000][66][gc,heap     ] GC(38) Survivor regions: 2->2(39)
[2025-09-23T11:28:42.594+0000][66][gc,heap     ] GC(38) Old regions: 34->34
[2025-09-23T11:28:42.594+0000][66][gc,heap     ] GC(38) Archive regions: 2->2
[2025-09-23T11:28:42.594+0000][66][gc,heap     ] GC(38) Humongous regions: 4->4
[2025-09-23T11:28:42.594+0000][66][gc,metaspace] GC(38) Metaspace: 139018K(142528K)->139018K(142528K) NonClass: 121133K(122944K)->121133K(122944K) Class: 17885K(19584K)->17885K(19584K)
[2025-09-23T11:28:42.594+0000][66][gc          ] GC(38) Pause Young (Normal) (G1 Evacuation Pause) 1381M->161M(2048M) 21.359ms
[2025-09-23T11:28:42.594+0000][66][gc,cpu      ] GC(38) User=0.10s Sys=0.00s Real=0.02s
[2025-09-23T11:28:42.594+0000][66][safepoint   ] Safepoint "G1CollectForAllocation", Time since last: 8448867379 ns, Reaching safepoint: 437166 ns, At safepoint: 21595125 ns, Total: 22032291 ns
[2025-09-23T11:28:43.596+0000][66][safepoint   ] Safepoint "Cleanup", Time since last: 1000738834 ns, Reaching safepoint: 403209 ns, At safepoint: 70375 ns, Total: 473584 ns
[2025-09-23T11:28:44.596+0000][66][safepoint   ] Safepoint "Cleanup", Time since last: 1000325916 ns, Reaching safepoint: 241750 ns, At safepoint: 13792 ns, Total: 255542 ns
[2025-09-23T11:28:46.598+0000][66][safepoint   ] Safepoint "Cleanup", Time since last: 2001739709 ns, Reaching safepoint: 341417 ns, At safepoint: 4167 ns, Total: 345584 ns
[2025-09-23T11:29:07.620+0000][66][safepoint   ] Safepoint "Cleanup", Time since last: 21020955301 ns, Reaching safepoint: 966125 ns, At safepoint: 17042 ns, Total: 983167 ns
[2025-09-23T11:29:08.622+0000][66][safepoint   ] Safepoint "Cleanup", Time since last: 1001712376 ns, Reaching safepoint: 194458 ns, At safepoint: 4417 ns, Total: 198875 ns
[2025-09-23T11:29:13.627+0000][66][safepoint   ] Safepoint "Cleanup", Time since last: 5004825210 ns, Reaching safepoint: 623084 ns, At safepoint: 12416 ns, Total: 635500 ns
[2025-09-23T11:29:17.631+0000][66][safepoint   ] Safepoint "Cleanup", Time since last: 4004353585 ns, Reaching safepoint: 270834 ns, At safepoint: 6791 ns, Total: 277625 ns
[2025-09-23T11:29:19.634+0000][66][safepoint   ] Safepoint "Cleanup", Time since last: 2002245793 ns, Reaching safepoint: 178250 ns, At safepoint: 5375 ns, Total: 183625 ns
[2025-09-23T11:29:37.653+0000][66][safepoint   ] Safepoint "Cleanup", Time since last: 18018285300 ns, Reaching safepoint: 398542 ns, At safepoint: 57500 ns, Total: 456042 ns
[2025-09-23T11:29:37.979+0000][66][gc,start    ] GC(39) Pause Young (Normal) (G1 Evacuation Pause)
[2025-09-23T11:29:37.980+0000][66][gc,task     ] GC(39) Using 8 workers of 8 for evacuation
[2025-09-23T11:29:37.981+0000][66][gc,age      ] GC(39) Desired survivor size 81788928 bytes, new threshold 15 (max threshold 15)
[2025-09-23T11:29:38.006+0000][66][gc,phases   ] GC(39)   Pre Evacuate Collection Set: 2.7ms
[2025-09-23T11:29:38.006+0000][66][gc,phases   ] GC(39)   Merge Heap Roots: 0.8ms
[2025-09-23T11:29:38.006+0000][66][gc,phases   ] GC(39)   Evacuate Collection Set: 16.7ms
[2025-09-23T11:29:38.006+0000][66][gc,phases   ] GC(39)   Post Evacuate Collection Set: 5.2ms
[2025-09-23T11:29:38.007+0000][66][gc,phases   ] GC(39)   Other: 0.8ms
[2025-09-23T11:29:38.007+0000][66][gc,age      ] GC(39) Age table with threshold 15 (max threshold 15)
[2025-09-23T11:29:38.007+0000][66][gc,age      ] GC(39) - age   1:    5318616 bytes,    5318616 total
[2025-09-23T11:29:38.007+0000][66][gc,age      ] GC(39) - age   2:     341064 bytes,    5659680 total
[2025-09-23T11:29:38.007+0000][66][gc,age      ] GC(39) - age   3:     314240 bytes,    5973920 total
[2025-09-23T11:29:38.007+0000][66][gc,age      ] GC(39) - age   4:      51296 bytes,    6025216 total
[2025-09-23T11:29:38.007+0000][66][gc,age      ] GC(39) - age   5:      22272 bytes,    6047488 total
[2025-09-23T11:29:38.007+0000][66][gc,age      ] GC(39) - age   6:       5200 bytes,    6052688 total
[2025-09-23T11:29:38.007+0000][66][gc,age      ] GC(39) - age   7:       7928 bytes,    6060616 total
[2025-09-23T11:29:38.007+0000][66][gc,age      ] GC(39) - age   8:      12536 bytes,    6073152 total
[2025-09-23T11:29:38.007+0000][66][gc,age      ] GC(39) - age   9:      22240 bytes,    6095392 total
[2025-09-23T11:29:38.007+0000][66][gc,age      ] GC(39) - age  10:      14088 bytes,    6109480 total
[2025-09-23T11:29:38.007+0000][66][gc,age      ] GC(39) - age  11:       7584 bytes,    6117064 total
[2025-09-23T11:29:38.007+0000][66][gc,age      ] GC(39) - age  12:       7160 bytes,    6124224 total
[2025-09-23T11:29:38.007+0000][66][gc,age      ] GC(39) - age  13:      14360 bytes,    6138584 total
[2025-09-23T11:29:38.007+0000][66][gc,age      ] GC(39) - age  14:      75904 bytes,    6214488 total
[2025-09-23T11:29:38.007+0000][66][gc,age      ] GC(39) - age  15:      18344 bytes,    6232832 total
[2025-09-23T11:29:38.007+0000][66][gc,heap     ] GC(39) Eden regions: 305->0(305)
[2025-09-23T11:29:38.007+0000][66][gc,heap     ] GC(39) Survivor regions: 2->2(39)
[2025-09-23T11:29:38.007+0000][66][gc,heap     ] GC(39) Old regions: 34->34
[2025-09-23T11:29:38.007+0000][66][gc,heap     ] GC(39) Archive regions: 2->2
[2025-09-23T11:29:38.007+0000][66][gc,heap     ] GC(39) Humongous regions: 4->4
[2025-09-23T11:29:38.007+0000][66][gc,metaspace] GC(39) Metaspace: 139061K(142528K)->139061K(142528K) NonClass: 121176K(122944K)->121176K(122944K) Class: 17885K(19584K)->17885K(19584K)
[2025-09-23T11:29:38.007+0000][66][gc          ] GC(39) Pause Young (Normal) (G1 Evacuation Pause) 1381M->161M(2048M) 28.262ms
[2025-09-23T11:29:38.008+0000][66][gc,cpu      ] GC(39) User=0.11s Sys=0.00s Real=0.03s
[2025-09-23T11:29:38.008+0000][66][safepoint   ] Safepoint "G1CollectForAllocation", Time since last: 326359167 ns, Reaching safepoint: 125625 ns, At safepoint: 28462041 ns, Total: 28587666 ns
[2025-09-23T11:29:50.021+0000][66][safepoint   ] Safepoint "Cleanup", Time since last: 12012604505 ns, Reaching safepoint: 712375 ns, At safepoint: 10250 ns, Total: 722625 ns
[2025-09-23T11:29:59.035+0000][66][safepoint   ] Safepoint "Cleanup", Time since last: 9013272713 ns, Reaching safepoint: 511541 ns, At safepoint: 6292 ns, Total: 517833 ns
[2025-09-23T11:30:08.047+0000][66][safepoint   ] Safepoint "Cleanup", Time since last: 9011971713 ns, Reaching safepoint: 407541 ns, At safepoint: 12750 ns, Total: 420291 ns
[2025-09-23T11:30:13.054+0000][66][safepoint   ] Safepoint "Cleanup", Time since last: 5005137419 ns, Reaching safepoint: 1667084 ns, At safepoint: 10583 ns, Total: 1677667 ns
[2025-09-23T11:30:19.060+0000][66][safepoint   ] Safepoint "Cleanup", Time since last: 6006303753 ns, Reaching safepoint: 609333 ns, At safepoint: 10792 ns, Total: 620125 ns
[2025-09-23T11:30:23.065+0000][66][safepoint   ] Safepoint "Cleanup", Time since last: 4004385251 ns, Reaching safepoint: 410292 ns, At safepoint: 13417 ns, Total: 423709 ns
[2025-09-23T11:30:27.070+0000][66][safepoint   ] Safepoint "Cleanup", Time since last: 4004564710 ns, Reaching safepoint: 246667 ns, At safepoint: 45083 ns, Total: 291750 ns
[2025-09-23T11:30:32.076+0000][66][safepoint   ] Safepoint "Cleanup", Time since last: 5005305711 ns, Reaching safepoint: 912041 ns, At safepoint: 135917 ns, Total: 1047958 ns
[2025-09-23T11:30:33.078+0000][66][safepoint   ] Safepoint "Cleanup", Time since last: 1001357501 ns, Reaching safepoint: 117541 ns, At safepoint: 33209 ns, Total: 150750 ns
[2025-09-23T11:30:35.080+0000][66][safepoint   ] Safepoint "Cleanup", Time since last: 2001860542 ns, Reaching safepoint: 96209 ns, At safepoint: 22791 ns, Total: 119000 ns
[2025-09-23T11:30:36.057+0000][66][gc,start    ] GC(40) Pause Young (Normal) (G1 Evacuation Pause)
[2025-09-23T11:30:36.057+0000][66][gc,task     ] GC(40) Using 8 workers of 8 for evacuation
[2025-09-23T11:30:36.057+0000][66][gc,age      ] GC(40) Desired survivor size 81788928 bytes, new threshold 15 (max threshold 15)
[2025-09-23T11:30:36.078+0000][66][gc,phases   ] GC(40)   Pre Evacuate Collection Set: 0.5ms
[2025-09-23T11:30:36.079+0000][66][gc,phases   ] GC(40)   Merge Heap Roots: 0.2ms
[2025-09-23T11:30:36.079+0000][66][gc,phases   ] GC(40)   Evacuate Collection Set: 16.8ms
[2025-09-23T11:30:36.079+0000][66][gc,phases   ] GC(40)   Post Evacuate Collection Set: 3.1ms
[2025-09-23T11:30:36.079+0000][66][gc,phases   ] GC(40)   Other: 0.4ms
[2025-09-23T11:30:36.079+0000][66][gc,age      ] GC(40) Age table with threshold 15 (max threshold 15)
[2025-09-23T11:30:36.079+0000][66][gc,age      ] GC(40) - age   1:    4404816 bytes,    4404816 total
[2025-09-23T11:30:36.079+0000][66][gc,age      ] GC(40) - age   2:     162920 bytes,    4567736 total
[2025-09-23T11:30:36.079+0000][66][gc,age      ] GC(40) - age   3:     160584 bytes,    4728320 total
[2025-09-23T11:30:36.079+0000][66][gc,age      ] GC(40) - age   4:     313440 bytes,    5041760 total
[2025-09-23T11:30:36.079+0000][66][gc,age      ] GC(40) - age   5:      51032 bytes,    5092792 total
[2025-09-23T11:30:36.079+0000][66][gc,age      ] GC(40) - age   6:      21688 bytes,    5114480 total
[2025-09-23T11:30:36.079+0000][66][gc,age      ] GC(40) - age   7:       5096 bytes,    5119576 total
[2025-09-23T11:30:36.079+0000][66][gc,age      ] GC(40) - age   8:       7928 bytes,    5127504 total
[2025-09-23T11:30:36.079+0000][66][gc,age      ] GC(40) - age   9:      12472 bytes,    5139976 total
[2025-09-23T11:30:36.079+0000][66][gc,age      ] GC(40) - age  10:      22136 bytes,    5162112 total
[2025-09-23T11:30:36.079+0000][66][gc,age      ] GC(40) - age  11:      14088 bytes,    5176200 total
[2025-09-23T11:30:36.079+0000][66][gc,age      ] GC(40) - age  12:       7520 bytes,    5183720 total
[2025-09-23T11:30:36.079+0000][66][gc,age      ] GC(40) - age  13:       7072 bytes,    5190792 total
[2025-09-23T11:30:36.079+0000][66][gc,age      ] GC(40) - age  14:      14360 bytes,    5205152 total
[2025-09-23T11:30:36.079+0000][66][gc,age      ] GC(40) - age  15:      75904 bytes,    5281056 total
[2025-09-23T11:30:36.079+0000][66][gc,heap     ] GC(40) Eden regions: 305->0(305)
[2025-09-23T11:30:36.079+0000][66][gc,heap     ] GC(40) Survivor regions: 2->2(39)
[2025-09-23T11:30:36.079+0000][66][gc,heap     ] GC(40) Old regions: 34->34
[2025-09-23T11:30:36.079+0000][66][gc,heap     ] GC(40) Archive regions: 2->2
[2025-09-23T11:30:36.080+0000][66][gc,heap     ] GC(40) Humongous regions: 4->4
[2025-09-23T11:30:36.080+0000][66][gc,metaspace] GC(40) Metaspace: 139079K(142592K)->139079K(142592K) NonClass: 121193K(123008K)->121193K(123008K) Class: 17885K(19584K)->17885K(19584K)
[2025-09-23T11:30:36.080+0000][66][gc          ] GC(40) Pause Young (Normal) (G1 Evacuation Pause) 1381M->161M(2048M) 22.605ms
[2025-09-23T11:30:36.080+0000][66][gc,cpu      ] GC(40) User=0.12s Sys=0.01s Real=0.02s
[2025-09-23T11:30:36.080+0000][66][safepoint   ] Safepoint "G1CollectForAllocation", Time since last: 977207001 ns, Reaching safepoint: 117125 ns, At safepoint: 22833833 ns, Total: 22950958 ns
[2025-09-23T11:30:42.087+0000][66][safepoint   ] Safepoint "Cleanup", Time since last: 6005908920 ns, Reaching safepoint: 1366416 ns, At safepoint: 22542 ns, Total: 1388958 ns
[2025-09-23T11:30:44.091+0000][66][safepoint   ] Safepoint "Cleanup", Time since last: 2003525959 ns, Reaching safepoint: 491292 ns, At safepoint: 34750 ns, Total: 526042 ns
[2025-09-23T11:30:50.099+0000][66][safepoint   ] Safepoint "Cleanup", Time since last: 6007599794 ns, Reaching safepoint: 1229500 ns, At safepoint: 11917 ns, Total: 1241417 ns
[2025-09-23T11:30:51.101+0000][66][safepoint   ] Safepoint "Cleanup", Time since last: 1001816459 ns, Reaching safepoint: 313791 ns, At safepoint: 39417 ns, Total: 353208 ns
[2025-09-23T11:30:59.111+0000][66][safepoint   ] Safepoint "Cleanup", Time since last: 8008860045 ns, Reaching safepoint: 755084 ns, At safepoint: 12833 ns, Total: 767917 ns
[2025-09-23T11:31:03.118+0000][66][safepoint   ] Safepoint "Cleanup", Time since last: 4005726210 ns, Reaching safepoint: 1239584 ns, At safepoint: 5791 ns, Total: 1245375 ns
[2025-09-23T11:31:05.120+0000][66][safepoint   ] Safepoint "Cleanup", Time since last: 2001728376 ns, Reaching safepoint: 371959 ns, At safepoint: 19000 ns, Total: 390959 ns
[2025-09-23T11:31:13.133+0000][66][safepoint   ] Safepoint "Cleanup", Time since last: 8011659045 ns, Reaching safepoint: 963500 ns, At safepoint: 12875 ns, Total: 976375 ns
[2025-09-23T11:31:21.140+0000][66][safepoint   ] Safepoint "Cleanup", Time since last: 8007997211 ns, Reaching safepoint: 649042 ns, At safepoint: 5292 ns, Total: 654334 ns
[2025-09-23T11:31:25.145+0000][66][safepoint   ] Safepoint "Cleanup", Time since last: 4004316918 ns, Reaching safepoint: 316625 ns, At safepoint: 9667 ns, Total: 326292 ns
[2025-09-23T11:31:26.150+0000][66][safepoint   ] Safepoint "Cleanup", Time since last: 1004676417 ns, Reaching safepoint: 202750 ns, At safepoint: 10667 ns, Total: 213417 ns
[2025-09-23T11:31:33.457+0000][66][gc,start    ] GC(41) Pause Young (Normal) (G1 Evacuation Pause)
[2025-09-23T11:31:33.459+0000][66][gc,task     ] GC(41) Using 8 workers of 8 for evacuation
[2025-09-23T11:31:33.459+0000][66][gc,age      ] GC(41) Desired survivor size 81788928 bytes, new threshold 15 (max threshold 15)
[2025-09-23T11:31:33.476+0000][66][gc,phases   ] GC(41)   Pre Evacuate Collection Set: 1.4ms
[2025-09-23T11:31:33.476+0000][66][gc,phases   ] GC(41)   Merge Heap Roots: 0.5ms
[2025-09-23T11:31:33.476+0000][66][gc,phases   ] GC(41)   Evacuate Collection Set: 12.0ms
[2025-09-23T11:31:33.476+0000][66][gc,phases   ] GC(41)   Post Evacuate Collection Set: 2.8ms
[2025-09-23T11:31:33.476+0000][66][gc,phases   ] GC(41)   Other: 0.9ms
[2025-09-23T11:31:33.476+0000][66][gc,age      ] GC(41) Age table with threshold 15 (max threshold 15)
[2025-09-23T11:31:33.476+0000][66][gc,age      ] GC(41) - age   1:    4594912 bytes,    4594912 total
[2025-09-23T11:31:33.477+0000][66][gc,age      ] GC(41) - age   2:     197232 bytes,    4792144 total
[2025-09-23T11:31:33.477+0000][66][gc,age      ] GC(41) - age   3:     158720 bytes,    4950864 total
[2025-09-23T11:31:33.477+0000][66][gc,age      ] GC(41) - age   4:     159360 bytes,    5110224 total
[2025-09-23T11:31:33.477+0000][66][gc,age      ] GC(41) - age   5:     274104 bytes,    5384328 total
[2025-09-23T11:31:33.477+0000][66][gc,age      ] GC(41) - age   6:      50576 bytes,    5434904 total
[2025-09-23T11:31:33.477+0000][66][gc,age      ] GC(41) - age   7:      21496 bytes,    5456400 total
[2025-09-23T11:31:33.477+0000][66][gc,age      ] GC(41) - age   8:       4904 bytes,    5461304 total
[2025-09-23T11:31:33.477+0000][66][gc,age      ] GC(41) - age   9:       7928 bytes,    5469232 total
[2025-09-23T11:31:33.477+0000][66][gc,age      ] GC(41) - age  10:      12304 bytes,    5481536 total
[2025-09-23T11:31:33.477+0000][66][gc,age      ] GC(41) - age  11:      22136 bytes,    5503672 total
[2025-09-23T11:31:33.477+0000][66][gc,age      ] GC(41) - age  12:       5632 bytes,    5509304 total
[2025-09-23T11:31:33.477+0000][66][gc,age      ] GC(41) - age  13:       7456 bytes,    5516760 total
[2025-09-23T11:31:33.477+0000][66][gc,age      ] GC(41) - age  14:       7072 bytes,    5523832 total
[2025-09-23T11:31:33.477+0000][66][gc,age      ] GC(41) - age  15:      14360 bytes,    5538192 total
[2025-09-23T11:31:33.477+0000][66][gc,heap     ] GC(41) Eden regions: 305->0(305)
[2025-09-23T11:31:33.477+0000][66][gc,heap     ] GC(41) Survivor regions: 2->2(39)
[2025-09-23T11:31:33.477+0000][66][gc,heap     ] GC(41) Old regions: 34->34
[2025-09-23T11:31:33.477+0000][66][gc,heap     ] GC(41) Archive regions: 2->2
[2025-09-23T11:31:33.477+0000][66][gc,heap     ] GC(41) Humongous regions: 4->4
[2025-09-23T11:31:33.477+0000][66][gc,metaspace] GC(41) Metaspace: 139087K(142592K)->139087K(142592K) NonClass: 121201K(123008K)->121201K(123008K) Class: 17885K(19584K)->17885K(19584K)
[2025-09-23T11:31:33.477+0000][66][gc          ] GC(41) Pause Young (Normal) (G1 Evacuation Pause) 1381M->161M(2048M) 20.490ms
[2025-09-23T11:31:33.477+0000][66][gc,cpu      ] GC(41) User=0.09s Sys=0.00s Real=0.02s
[2025-09-23T11:31:33.477+0000][66][safepoint   ] Safepoint "G1CollectForAllocation", Time since last: 7306340711 ns, Reaching safepoint: 677667 ns, At safepoint: 20790667 ns, Total: 21468334 ns
[2025-09-23T11:31:35.480+0000][66][safepoint   ] Safepoint "Cleanup", Time since last: 2001972834 ns, Reaching safepoint: 293500 ns, At safepoint: 56542 ns, Total: 350042 ns
[2025-09-23T11:31:36.482+0000][66][safepoint   ] Safepoint "Cleanup", Time since last: 1000727833 ns, Reaching safepoint: 1045292 ns, At safepoint: 53708 ns, Total: 1099000 ns
[2025-09-23T11:31:37.483+0000][66][safepoint   ] Safepoint "Cleanup", Time since last: 1000842334 ns, Reaching safepoint: 264709 ns, At safepoint: 8125 ns, Total: 272834 ns
[2025-09-23T11:31:38.483+0000][66][safepoint   ] Safepoint "Cleanup", Time since last: 1000706875 ns, Reaching safepoint: 81375 ns, At safepoint: 3500 ns, Total: 84875 ns
[2025-09-23T11:31:41.487+0000][66][safepoint   ] Safepoint "Cleanup", Time since last: 3002950835 ns, Reaching safepoint: 611583 ns, At safepoint: 36000 ns, Total: 647583 ns
[2025-09-23T11:31:48.497+0000][66][safepoint   ] Safepoint "Cleanup", Time since last: 7009317961 ns, Reaching safepoint: 407083 ns, At safepoint: 3917 ns, Total: 411000 ns
[2025-09-23T11:32:04.518+0000][66][safepoint   ] Safepoint "Cleanup", Time since last: 16020634216 ns, Reaching safepoint: 690458 ns, At safepoint: 8750 ns, Total: 699208 ns
[2025-09-23T11:32:08.525+0000][66][safepoint   ] Safepoint "Cleanup", Time since last: 4006338669 ns, Reaching safepoint: 548916 ns, At safepoint: 10000 ns, Total: 558916 ns
[2025-09-23T11:32:10.528+0000][66][safepoint   ] Safepoint "Cleanup", Time since last: 2002851376 ns, Reaching safepoint: 271667 ns, At safepoint: 16292 ns, Total: 287959 ns
[2025-09-23T11:32:12.531+0000][66][safepoint   ] Safepoint "Cleanup", Time since last: 2002244542 ns, Reaching safepoint: 227292 ns, At safepoint: 79833 ns, Total: 307125 ns
[2025-09-23T11:32:14.533+0000][66][safepoint   ] Safepoint "Cleanup", Time since last: 2001698209 ns, Reaching safepoint: 468417 ns, At safepoint: 8375 ns, Total: 476792 ns
[2025-09-23T11:32:20.540+0000][66][safepoint   ] Safepoint "Cleanup", Time since last: 6006509253 ns, Reaching safepoint: 413541 ns, At safepoint: 11292 ns, Total: 424833 ns
[2025-09-23T11:32:23.545+0000][66][safepoint   ] Safepoint "Cleanup", Time since last: 3004391543 ns, Reaching safepoint: 613417 ns, At safepoint: 11666 ns, Total: 625083 ns
[2025-09-23T11:32:26.552+0000][66][safepoint   ] Safepoint "Cleanup", Time since last: 3006527668 ns, Reaching safepoint: 414834 ns, At safepoint: 9125 ns, Total: 423959 ns
[2025-09-23T11:32:32.296+0000][66][gc,start    ] GC(42) Pause Young (Normal) (G1 Evacuation Pause)
[2025-09-23T11:32:32.296+0000][66][gc,task     ] GC(42) Using 8 workers of 8 for evacuation
[2025-09-23T11:32:32.297+0000][66][gc,age      ] GC(42) Desired survivor size 81788928 bytes, new threshold 15 (max threshold 15)
[2025-09-23T11:32:32.328+0000][66][gc,phases   ] GC(42)   Pre Evacuate Collection Set: 0.5ms
[2025-09-23T11:32:32.329+0000][66][gc,phases   ] GC(42)   Merge Heap Roots: 0.2ms
[2025-09-23T11:32:32.329+0000][66][gc,phases   ] GC(42)   Evacuate Collection Set: 26.8ms
[2025-09-23T11:32:32.329+0000][66][gc,phases   ] GC(42)   Post Evacuate Collection Set: 4.1ms
[2025-09-23T11:32:32.329+0000][66][gc,phases   ] GC(42)   Other: 0.4ms
[2025-09-23T11:32:32.329+0000][66][gc,age      ] GC(42) Age table with threshold 15 (max threshold 15)
[2025-09-23T11:32:32.329+0000][66][gc,age      ] GC(42) - age   1:    4262064 bytes,    4262064 total
[2025-09-23T11:32:32.329+0000][66][gc,age      ] GC(42) - age   2:      93384 bytes,    4355448 total
[2025-09-23T11:32:32.329+0000][66][gc,age      ] GC(42) - age   3:      61864 bytes,    4417312 total
[2025-09-23T11:32:32.329+0000][66][gc,age      ] GC(42) - age   4:     153128 bytes,    4570440 total
[2025-09-23T11:32:32.329+0000][66][gc,age      ] GC(42) - age   5:      95632 bytes,    4666072 total
[2025-09-23T11:32:32.329+0000][66][gc,age      ] GC(42) - age   6:     240464 bytes,    4906536 total
[2025-09-23T11:32:32.329+0000][66][gc,age      ] GC(42) - age   7:      50328 bytes,    4956864 total
[2025-09-23T11:32:32.329+0000][66][gc,age      ] GC(42) - age   8:      20472 bytes,    4977336 total
[2025-09-23T11:32:32.329+0000][66][gc,age      ] GC(42) - age   9:       4576 bytes,    4981912 total
[2025-09-23T11:32:32.329+0000][66][gc,age      ] GC(42) - age  10:       7800 bytes,    4989712 total
[2025-09-23T11:32:32.329+0000][66][gc,age      ] GC(42) - age  11:      10448 bytes,    5000160 total
[2025-09-23T11:32:32.329+0000][66][gc,age      ] GC(42) - age  12:      20456 bytes,    5020616 total
[2025-09-23T11:32:32.329+0000][66][gc,age      ] GC(42) - age  13:       5632 bytes,    5026248 total
[2025-09-23T11:32:32.329+0000][66][gc,age      ] GC(42) - age  14:       7456 bytes,    5033704 total
[2025-09-23T11:32:32.329+0000][66][gc,age      ] GC(42) - age  15:       6272 bytes,    5039976 total
[2025-09-23T11:32:32.329+0000][66][gc,heap     ] GC(42) Eden regions: 305->0(305)
[2025-09-23T11:32:32.329+0000][66][gc,heap     ] GC(42) Survivor regions: 2->2(39)
[2025-09-23T11:32:32.329+0000][66][gc,heap     ] GC(42) Old regions: 34->34
[2025-09-23T11:32:32.329+0000][66][gc,heap     ] GC(42) Archive regions: 2->2
[2025-09-23T11:32:32.329+0000][66][gc,heap     ] GC(42) Humongous regions: 4->4
[2025-09-23T11:32:32.330+0000][66][gc,metaspace] GC(42) Metaspace: 139108K(142592K)->139108K(142592K) NonClass: 121221K(123008K)->121221K(123008K) Class: 17886K(19584K)->17886K(19584K)
[2025-09-23T11:32:32.330+0000][66][gc          ] GC(42) Pause Young (Normal) (G1 Evacuation Pause) 1381M->160M(2048M) 33.804ms
[2025-09-23T11:32:32.330+0000][66][gc,cpu      ] GC(42) User=0.18s Sys=0.00s Real=0.03s
[2025-09-23T11:32:32.330+0000][66][safepoint   ] Safepoint "G1CollectForAllocation", Time since last: 5743019752 ns, Reaching safepoint: 352750 ns, At safepoint: 34052251 ns, Total: 34405001 ns
[2025-09-23T11:32:33.331+0000][66][safepoint   ] Safepoint "Cleanup", Time since last: 1001275958 ns, Reaching safepoint: 278459 ns, At safepoint: 11458 ns, Total: 289917 ns
[2025-09-23T11:32:35.333+0000][66][safepoint   ] Safepoint "Cleanup", Time since last: 2001676126 ns, Reaching safepoint: 167583 ns, At safepoint: 314875 ns, Total: 482458 ns
[2025-09-23T11:32:38.340+0000][66][safepoint   ] Safepoint "Cleanup", Time since last: 3003534085 ns, Reaching safepoint: 2992042 ns, At safepoint: 27291 ns, Total: 3019333 ns
[2025-09-23T11:32:40.344+0000][66][safepoint   ] Safepoint "Cleanup", Time since last: 2003254293 ns, Reaching safepoint: 730458 ns, At safepoint: 14292 ns, Total: 744750 ns
[2025-09-23T11:32:44.348+0000][66][safepoint   ] Safepoint "Cleanup", Time since last: 4003897001 ns, Reaching safepoint: 431917 ns, At safepoint: 112666 ns, Total: 544583 ns
[2025-09-23T11:33:12.387+0000][66][safepoint   ] Safepoint "Cleanup", Time since last: 28031463847 ns, Reaching safepoint: 7142375 ns, At safepoint: 6375 ns, Total: 7148750 ns
[2025-09-23T11:33:13.390+0000][66][safepoint   ] Safepoint "Cleanup", Time since last: 1002907625 ns, Reaching safepoint: 543959 ns, At safepoint: 6458 ns, Total: 550417 ns
[2025-09-23T11:33:30.406+0000][66][gc,start    ] GC(43) Pause Young (Normal) (G1 Evacuation Pause)
[2025-09-23T11:33:30.406+0000][66][gc,task     ] GC(43) Using 8 workers of 8 for evacuation
[2025-09-23T11:33:30.406+0000][66][gc,age      ] GC(43) Desired survivor size 81788928 bytes, new threshold 15 (max threshold 15)
[2025-09-23T11:33:30.425+0000][66][gc,phases   ] GC(43)   Pre Evacuate Collection Set: 0.5ms
[2025-09-23T11:33:30.425+0000][66][gc,phases   ] GC(43)   Merge Heap Roots: 0.2ms
[2025-09-23T11:33:30.426+0000][66][gc,phases   ] GC(43)   Evacuate Collection Set: 15.7ms
[2025-09-23T11:33:30.426+0000][66][gc,phases   ] GC(43)   Post Evacuate Collection Set: 2.4ms
[2025-09-23T11:33:30.426+0000][66][gc,phases   ] GC(43)   Other: 0.3ms
[2025-09-23T11:33:30.426+0000][66][gc,age      ] GC(43) Age table with threshold 15 (max threshold 15)
[2025-09-23T11:33:30.426+0000][66][gc,age      ] GC(43) - age   1:    3797264 bytes,    3797264 total
[2025-09-23T11:33:30.426+0000][66][gc,age      ] GC(43) - age   2:     508608 bytes,    4305872 total
[2025-09-23T11:33:30.426+0000][66][gc,age      ] GC(43) - age   3:      90104 bytes,    4395976 total
[2025-09-23T11:33:30.426+0000][66][gc,age      ] GC(43) - age   4:      61152 bytes,    4457128 total
[2025-09-23T11:33:30.426+0000][66][gc,age      ] GC(43) - age   5:     152144 bytes,    4609272 total
[2025-09-23T11:33:30.426+0000][66][gc,age      ] GC(43) - age   6:      57128 bytes,    4666400 total
[2025-09-23T11:33:30.426+0000][66][gc,age      ] GC(43) - age   7:     239848 bytes,    4906248 total
[2025-09-23T11:33:30.426+0000][66][gc,age      ] GC(43) - age   8:      50328 bytes,    4956576 total
[2025-09-23T11:33:30.426+0000][66][gc,age      ] GC(43) - age   9:      20376 bytes,    4976952 total
[2025-09-23T11:33:30.426+0000][66][gc,age      ] GC(43) - age  10:       4576 bytes,    4981528 total
[2025-09-23T11:33:30.426+0000][66][gc,age      ] GC(43) - age  11:       7800 bytes,    4989328 total
[2025-09-23T11:33:30.426+0000][66][gc,age      ] GC(43) - age  12:      10448 bytes,    4999776 total
[2025-09-23T11:33:30.426+0000][66][gc,age      ] GC(43) - age  13:      20456 bytes,    5020232 total
[2025-09-23T11:33:30.426+0000][66][gc,age      ] GC(43) - age  14:       5632 bytes,    5025864 total
[2025-09-23T11:33:30.426+0000][66][gc,age      ] GC(43) - age  15:       7456 bytes,    5033320 total
[2025-09-23T11:33:30.426+0000][66][gc,heap     ] GC(43) Eden regions: 305->0(305)
[2025-09-23T11:33:30.426+0000][66][gc,heap     ] GC(43) Survivor regions: 2->2(39)
[2025-09-23T11:33:30.426+0000][66][gc,heap     ] GC(43) Old regions: 34->34
[2025-09-23T11:33:30.426+0000][66][gc,heap     ] GC(43) Archive regions: 2->2
[2025-09-23T11:33:30.426+0000][66][gc,heap     ] GC(43) Humongous regions: 4->4
[2025-09-23T11:33:30.426+0000][66][gc,metaspace] GC(43) Metaspace: 139116K(142592K)->139116K(142592K) NonClass: 121229K(123008K)->121229K(123008K) Class: 17886K(19584K)->17886K(19584K)
[2025-09-23T11:33:30.427+0000][66][gc          ] GC(43) Pause Young (Normal) (G1 Evacuation Pause) 1380M->160M(2048M) 20.929ms
[2025-09-23T11:33:30.427+0000][66][gc,cpu      ] GC(43) User=0.10s Sys=0.00s Real=0.02s
[2025-09-23T11:33:30.427+0000][66][safepoint   ] Safepoint "G1CollectForAllocation", Time since last: 17016296799 ns, Reaching safepoint: 483417 ns, At safepoint: 21166000 ns, Total: 21649417 ns
[2025-09-23T11:33:32.237+0000][66][safepoint   ] Safepoint "Cleanup", Time since last: 1810218834 ns, Reaching safepoint: 70333 ns, At safepoint: 9959 ns, Total: 80292 ns
[2025-09-23T11:33:33.239+0000][66][safepoint   ] Safepoint "Cleanup", Time since last: 1001120542 ns, Reaching safepoint: 459000 ns, At safepoint: 11000 ns, Total: 470000 ns
[2025-09-23T11:33:37.244+0000][66][safepoint   ] Safepoint "Cleanup", Time since last: 4003556919 ns, Reaching safepoint: 1464875 ns, At safepoint: 38500 ns, Total: 1503375 ns
[2025-09-23T11:33:54.269+0000][66][safepoint   ] Safepoint "Cleanup", Time since last: 17024769548 ns, Reaching safepoint: 955125 ns, At safepoint: 22375 ns, Total: 977500 ns
[2025-09-23T11:33:55.272+0000][66][safepoint   ] Safepoint "Cleanup", Time since last: 1002737876 ns, Reaching safepoint: 361500 ns, At safepoint: 8583 ns, Total: 370083 ns
[2025-09-23T11:34:09.289+0000][66][safepoint   ] Safepoint "Cleanup", Time since last: 14015654673 ns, Reaching safepoint: 605792 ns, At safepoint: 18583 ns, Total: 624375 ns
[2025-09-23T11:34:12.292+0000][66][safepoint   ] Safepoint "Cleanup", Time since last: 3003413127 ns, Reaching safepoint: 181125 ns, At safepoint: 11333 ns, Total: 192458 ns
[2025-09-23T11:34:14.294+0000][66][safepoint   ] Safepoint "Cleanup", Time since last: 2001770626 ns, Reaching safepoint: 169875 ns, At safepoint: 8416 ns, Total: 178291 ns
[2025-09-23T11:34:20.301+0000][66][safepoint   ] Safepoint "Cleanup", Time since last: 6005845253 ns, Reaching safepoint: 561917 ns, At safepoint: 17291 ns, Total: 579208 ns
[2025-09-23T11:34:29.289+0000][66][gc,start    ] GC(44) Pause Young (Normal) (G1 Evacuation Pause)
[2025-09-23T11:34:29.289+0000][66][gc,task     ] GC(44) Using 8 workers of 8 for evacuation
[2025-09-23T11:34:29.289+0000][66][gc,age      ] GC(44) Desired survivor size 81788928 bytes, new threshold 15 (max threshold 15)
[2025-09-23T11:34:29.304+0000][66][gc,phases   ] GC(44)   Pre Evacuate Collection Set: 0.6ms
[2025-09-23T11:34:29.304+0000][66][gc,phases   ] GC(44)   Merge Heap Roots: 0.2ms
[2025-09-23T11:34:29.304+0000][66][gc,phases   ] GC(44)   Evacuate Collection Set: 10.7ms
[2025-09-23T11:34:29.304+0000][66][gc,phases   ] GC(44)   Post Evacuate Collection Set: 2.4ms
[2025-09-23T11:34:29.304+0000][66][gc,phases   ] GC(44)   Other: 0.3ms
[2025-09-23T11:34:29.304+0000][66][gc,age      ] GC(44) Age table with threshold 15 (max threshold 15)
[2025-09-23T11:34:29.304+0000][66][gc,age      ] GC(44) - age   1:    4400552 bytes,    4400552 total
[2025-09-23T11:34:29.304+0000][66][gc,age      ] GC(44) - age   2:     130536 bytes,    4531088 total
[2025-09-23T11:34:29.304+0000][66][gc,age      ] GC(44) - age   3:     353528 bytes,    4884616 total
[2025-09-23T11:34:29.304+0000][66][gc,age      ] GC(44) - age   4:      87976 bytes,    4972592 total
[2025-09-23T11:34:29.304+0000][66][gc,age      ] GC(44) - age   5:      60808 bytes,    5033400 total
[2025-09-23T11:34:29.304+0000][66][gc,age      ] GC(44) - age   6:     152016 bytes,    5185416 total
[2025-09-23T11:34:29.304+0000][66][gc,age      ] GC(44) - age   7:      56960 bytes,    5242376 total
[2025-09-23T11:34:29.304+0000][66][gc,age      ] GC(44) - age   8:     239848 bytes,    5482224 total
[2025-09-23T11:34:29.304+0000][66][gc,age      ] GC(44) - age   9:      50328 bytes,    5532552 total
[2025-09-23T11:34:29.304+0000][66][gc,age      ] GC(44) - age  10:      20376 bytes,    5552928 total
[2025-09-23T11:34:29.304+0000][66][gc,age      ] GC(44) - age  11:       4576 bytes,    5557504 total
[2025-09-23T11:34:29.304+0000][66][gc,age      ] GC(44) - age  12:       7800 bytes,    5565304 total
[2025-09-23T11:34:29.304+0000][66][gc,age      ] GC(44) - age  13:      10448 bytes,    5575752 total
[2025-09-23T11:34:29.304+0000][66][gc,age      ] GC(44) - age  14:      20456 bytes,    5596208 total
[2025-09-23T11:34:29.304+0000][66][gc,age      ] GC(44) - age  15:       5632 bytes,    5601840 total
[2025-09-23T11:34:29.304+0000][66][gc,heap     ] GC(44) Eden regions: 305->0(305)
[2025-09-23T11:34:29.304+0000][66][gc,heap     ] GC(44) Survivor regions: 2->2(39)
[2025-09-23T11:34:29.305+0000][66][gc,heap     ] GC(44) Old regions: 34->34
[2025-09-23T11:34:29.305+0000][66][gc,heap     ] GC(44) Archive regions: 2->2
[2025-09-23T11:34:29.305+0000][66][gc,heap     ] GC(44) Humongous regions: 4->4
[2025-09-23T11:34:29.305+0000][66][gc,metaspace] GC(44) Metaspace: 139148K(142656K)->139148K(142656K) NonClass: 121261K(123072K)->121261K(123072K) Class: 17886K(19584K)->17886K(19584K)
[2025-09-23T11:34:29.305+0000][66][gc          ] GC(44) Pause Young (Normal) (G1 Evacuation Pause) 1380M->161M(2048M) 15.831ms
[2025-09-23T11:34:29.305+0000][66][gc,cpu      ] GC(44) User=0.07s Sys=0.00s Real=0.02s
[2025-09-23T11:34:29.305+0000][66][safepoint   ] Safepoint "G1CollectForAllocation", Time since last: 8987227921 ns, Reaching safepoint: 584209 ns, At safepoint: 16066750 ns, Total: 16650959 ns
[2025-09-23T11:34:39.583+0000][66][safepoint   ] Safepoint "Cleanup", Time since last: 10277537546 ns, Reaching safepoint: 530875 ns, At safepoint: 8792 ns, Total: 539667 ns
[2025-09-23T11:34:42.587+0000][66][safepoint   ] Safepoint "Cleanup", Time since last: 3003463543 ns, Reaching safepoint: 483083 ns, At safepoint: 10709 ns, Total: 493792 ns
[2025-09-23T11:35:12.533+0000][66][safepoint   ] Safepoint "Cleanup", Time since last: 29945509096 ns, Reaching safepoint: 1364042 ns, At safepoint: 109208 ns, Total: 1473250 ns
[2025-09-23T11:35:13.537+0000][66][safepoint   ] Safepoint "Cleanup", Time since last: 1003472418 ns, Reaching safepoint: 152875 ns, At safepoint: 4875 ns, Total: 157750 ns
[2025-09-23T11:35:15.539+0000][66][safepoint   ] Safepoint "Cleanup", Time since last: 2002839750 ns, Reaching safepoint: 183541 ns, At safepoint: 16375 ns, Total: 199916 ns
[2025-09-23T11:35:20.557+0000][66][safepoint   ] Safepoint "Cleanup", Time since last: 5006650045 ns, Reaching safepoint: 11260000 ns, At safepoint: 9916 ns, Total: 11269916 ns
[2025-09-23T11:35:22.565+0000][66][safepoint   ] Safepoint "Cleanup", Time since last: 2003907376 ns, Reaching safepoint: 3939917 ns, At safepoint: 9875 ns, Total: 3949792 ns
[2025-09-23T11:35:26.570+0000][66][safepoint   ] Safepoint "Cleanup", Time since last: 4004041960 ns, Reaching safepoint: 583792 ns, At safepoint: 15625 ns, Total: 599417 ns
[2025-09-23T11:35:29.510+0000][66][gc,start    ] GC(45) Pause Young (Normal) (G1 Evacuation Pause)
[2025-09-23T11:35:29.511+0000][66][gc,task     ] GC(45) Using 8 workers of 8 for evacuation
[2025-09-23T11:35:29.511+0000][66][gc,age      ] GC(45) Desired survivor size 81788928 bytes, new threshold 15 (max threshold 15)
[2025-09-23T11:35:29.526+0000][66][gc,phases   ] GC(45)   Pre Evacuate Collection Set: 0.6ms
[2025-09-23T11:35:29.526+0000][66][gc,phases   ] GC(45)   Merge Heap Roots: 0.2ms
[2025-09-23T11:35:29.526+0000][66][gc,phases   ] GC(45)   Evacuate Collection Set: 11.6ms
[2025-09-23T11:35:29.526+0000][66][gc,phases   ] GC(45)   Post Evacuate Collection Set: 2.3ms
[2025-09-23T11:35:29.526+0000][66][gc,phases   ] GC(45)   Other: 0.4ms
[2025-09-23T11:35:29.526+0000][66][gc,age      ] GC(45) Age table with threshold 15 (max threshold 15)
[2025-09-23T11:35:29.526+0000][66][gc,age      ] GC(45) - age   1:    4808944 bytes,    4808944 total
[2025-09-23T11:35:29.526+0000][66][gc,age      ] GC(45) - age   2:      29264 bytes,    4838208 total
[2025-09-23T11:35:29.526+0000][66][gc,age      ] GC(45) - age   3:      88088 bytes,    4926296 total
[2025-09-23T11:35:29.526+0000][66][gc,age      ] GC(45) - age   4:     351368 bytes,    5277664 total
[2025-09-23T11:35:29.526+0000][66][gc,age      ] GC(45) - age   5:      50504 bytes,    5328168 total
[2025-09-23T11:35:29.526+0000][66][gc,age      ] GC(45) - age   6:      60808 bytes,    5388976 total
[2025-09-23T11:35:29.526+0000][66][gc,age      ] GC(45) - age   7:     152016 bytes,    5540992 total
[2025-09-23T11:35:29.526+0000][66][gc,age      ] GC(45) - age   8:      56960 bytes,    5597952 total
[2025-09-23T11:35:29.526+0000][66][gc,age      ] GC(45) - age   9:     239704 bytes,    5837656 total
[2025-09-23T11:35:29.526+0000][66][gc,age      ] GC(45) - age  10:      49480 bytes,    5887136 total
[2025-09-23T11:35:29.526+0000][66][gc,age      ] GC(45) - age  11:      20376 bytes,    5907512 total
[2025-09-23T11:35:29.526+0000][66][gc,age      ] GC(45) - age  12:       4576 bytes,    5912088 total
[2025-09-23T11:35:29.527+0000][66][gc,age      ] GC(45) - age  13:       7800 bytes,    5919888 total
[2025-09-23T11:35:29.527+0000][66][gc,age      ] GC(45) - age  14:      10448 bytes,    5930336 total
[2025-09-23T11:35:29.527+0000][66][gc,age      ] GC(45) - age  15:      20456 bytes,    5950792 total
[2025-09-23T11:35:29.527+0000][66][gc,heap     ] GC(45) Eden regions: 305->0(305)
[2025-09-23T11:35:29.527+0000][66][gc,heap     ] GC(45) Survivor regions: 2->2(39)
[2025-09-23T11:35:29.527+0000][66][gc,heap     ] GC(45) Old regions: 34->34
[2025-09-23T11:35:29.527+0000][66][gc,heap     ] GC(45) Archive regions: 2->2
[2025-09-23T11:35:29.527+0000][66][gc,heap     ] GC(45) Humongous regions: 4->4
[2025-09-23T11:35:29.527+0000][66][gc,metaspace] GC(45) Metaspace: 139166K(142656K)->139166K(142656K) NonClass: 121279K(123072K)->121279K(123072K) Class: 17886K(19584K)->17886K(19584K)
[2025-09-23T11:35:29.527+0000][66][gc          ] GC(45) Pause Young (Normal) (G1 Evacuation Pause) 1381M->161M(2048M) 16.487ms
[2025-09-23T11:35:29.527+0000][66][gc,cpu      ] GC(45) User=0.06s Sys=0.00s Real=0.02s
[2025-09-23T11:35:29.527+0000][66][safepoint   ] Safepoint "G1CollectForAllocation", Time since last: 2940262626 ns, Reaching safepoint: 222833 ns, At safepoint: 16711542 ns, Total: 16934375 ns
[2025-09-23T11:35:30.528+0000][66][safepoint   ] Safepoint "Cleanup", Time since last: 1000235334 ns, Reaching safepoint: 446583 ns, At safepoint: 13125 ns, Total: 459708 ns
[2025-09-23T11:35:32.529+0000][66][safepoint   ] Safepoint "Cleanup", Time since last: 2001539543 ns, Reaching safepoint: 225917 ns, At safepoint: 7666 ns, Total: 233583 ns
[2025-09-23T11:35:37.535+0000][66][safepoint   ] Safepoint "Cleanup", Time since last: 5004805628 ns, Reaching safepoint: 845541 ns, At safepoint: 11334 ns, Total: 856875 ns
[2025-09-23T11:35:44.547+0000][66][safepoint   ] Safepoint "Cleanup", Time since last: 7011123877 ns, Reaching safepoint: 529458 ns, At safepoint: 28000 ns, Total: 557458 ns
[2025-09-23T11:35:52.556+0000][66][safepoint   ] Safepoint "Cleanup", Time since last: 8008399629 ns, Reaching safepoint: 570042 ns, At safepoint: 18250 ns, Total: 588292 ns
[2025-09-23T11:35:57.562+0000][66][safepoint   ] Safepoint "Cleanup", Time since last: 5005487086 ns, Reaching safepoint: 449583 ns, At safepoint: 10292 ns, Total: 459875 ns
[2025-09-23T11:36:06.572+0000][66][safepoint   ] Safepoint "Cleanup", Time since last: 9009681379 ns, Reaching safepoint: 523417 ns, At safepoint: 16083 ns, Total: 539500 ns
[2025-09-23T11:36:13.580+0000][66][safepoint   ] Safepoint "Cleanup", Time since last: 7007253878 ns, Reaching safepoint: 801042 ns, At safepoint: 31958 ns, Total: 833000 ns
[2025-09-23T11:36:20.587+0000][66][safepoint   ] Safepoint "Cleanup", Time since last: 7007256878 ns, Reaching safepoint: 1084208 ns, At safepoint: 44375 ns, Total: 1128583 ns
[2025-09-23T11:36:30.461+0000][66][gc,start    ] GC(46) Pause Young (Normal) (G1 Evacuation Pause)
[2025-09-23T11:36:30.462+0000][66][gc,task     ] GC(46) Using 8 workers of 8 for evacuation
[2025-09-23T11:36:30.462+0000][66][gc,age      ] GC(46) Desired survivor size 81788928 bytes, new threshold 15 (max threshold 15)
[2025-09-23T11:36:30.486+0000][66][gc,phases   ] GC(46)   Pre Evacuate Collection Set: 0.8ms
[2025-09-23T11:36:30.486+0000][66][gc,phases   ] GC(46)   Merge Heap Roots: 0.5ms
[2025-09-23T11:36:30.486+0000][66][gc,phases   ] GC(46)   Evacuate Collection Set: 20.1ms
[2025-09-23T11:36:30.486+0000][66][gc,phases   ] GC(46)   Post Evacuate Collection Set: 2.5ms
[2025-09-23T11:36:30.486+0000][66][gc,phases   ] GC(46)   Other: 0.4ms
[2025-09-23T11:36:30.487+0000][66][gc,age      ] GC(46) Age table with threshold 15 (max threshold 15)
[2025-09-23T11:36:30.487+0000][66][gc,age      ] GC(46) - age   1:    3739440 bytes,    3739440 total
[2025-09-23T11:36:30.487+0000][66][gc,age      ] GC(46) - age   2:     244944 bytes,    3984384 total
[2025-09-23T11:36:30.487+0000][66][gc,age      ] GC(46) - age   3:      24776 bytes,    4009160 total
[2025-09-23T11:36:30.487+0000][66][gc,age      ] GC(46) - age   4:      87200 bytes,    4096360 total
[2025-09-23T11:36:30.487+0000][66][gc,age      ] GC(46) - age   5:     349480 bytes,    4445840 total
[2025-09-23T11:36:30.487+0000][66][gc,age      ] GC(46) - age   6:      50248 bytes,    4496088 total
[2025-09-23T11:36:30.487+0000][66][gc,age      ] GC(46) - age   7:      60536 bytes,    4556624 total
[2025-09-23T11:36:30.487+0000][66][gc,age      ] GC(46) - age   8:     114088 bytes,    4670712 total
[2025-09-23T11:36:30.487+0000][66][gc,age      ] GC(46) - age   9:      56584 bytes,    4727296 total
[2025-09-23T11:36:30.487+0000][66][gc,age      ] GC(46) - age  10:     239640 bytes,    4966936 total
[2025-09-23T11:36:30.487+0000][66][gc,age      ] GC(46) - age  11:      49416 bytes,    5016352 total
[2025-09-23T11:36:30.487+0000][66][gc,age      ] GC(46) - age  12:      20376 bytes,    5036728 total
[2025-09-23T11:36:30.487+0000][66][gc,age      ] GC(46) - age  13:       4512 bytes,    5041240 total
[2025-09-23T11:36:30.487+0000][66][gc,age      ] GC(46) - age  14:       7800 bytes,    5049040 total
[2025-09-23T11:36:30.487+0000][66][gc,age      ] GC(46) - age  15:      10448 bytes,    5059488 total
[2025-09-23T11:36:30.487+0000][66][gc,heap     ] GC(46) Eden regions: 305->0(305)
[2025-09-23T11:36:30.487+0000][66][gc,heap     ] GC(46) Survivor regions: 2->2(39)
[2025-09-23T11:36:30.487+0000][66][gc,heap     ] GC(46) Old regions: 34->34
[2025-09-23T11:36:30.487+0000][66][gc,heap     ] GC(46) Archive regions: 2->2
[2025-09-23T11:36:30.487+0000][66][gc,heap     ] GC(46) Humongous regions: 4->4
[2025-09-23T11:36:30.487+0000][66][gc,metaspace] GC(46) Metaspace: 139189K(142656K)->139189K(142656K) NonClass: 121303K(123072K)->121303K(123072K) Class: 17886K(19584K)->17886K(19584K)
[2025-09-23T11:36:30.487+0000][66][gc          ] GC(46) Pause Young (Normal) (G1 Evacuation Pause) 1381M->161M(2048M) 25.986ms
[2025-09-23T11:36:30.488+0000][66][gc,cpu      ] GC(46) User=0.12s Sys=0.01s Real=0.02s
[2025-09-23T11:36:30.488+0000][66][safepoint   ] Safepoint "G1CollectForAllocation", Time since last: 9873396838 ns, Reaching safepoint: 551917 ns, At safepoint: 26304292 ns, Total: 26856209 ns
[2025-09-23T11:36:44.503+0000][66][safepoint   ] Safepoint "Cleanup", Time since last: 14015568922 ns, Reaching safepoint: 752083 ns, At safepoint: 17875 ns, Total: 769958 ns
[2025-09-23T11:36:47.509+0000][66][safepoint   ] Safepoint "Cleanup", Time since last: 3003458877 ns, Reaching safepoint: 1819000 ns, At safepoint: 36083 ns, Total: 1855083 ns
[2025-09-23T11:36:50.511+0000][66][safepoint   ] Safepoint "Cleanup", Time since last: 3002834210 ns, Reaching safepoint: 103417 ns, At safepoint: 3416 ns, Total: 106833 ns
[2025-09-23T11:36:53.517+0000][66][safepoint   ] Safepoint "Cleanup", Time since last: 3005004377 ns, Reaching safepoint: 858791 ns, At safepoint: 8375 ns, Total: 867166 ns
[2025-09-23T11:37:11.538+0000][66][safepoint   ] Safepoint "Cleanup", Time since last: 18019041051 ns, Reaching safepoint: 1852791 ns, At safepoint: 9000 ns, Total: 1861791 ns
[2025-09-23T11:37:12.540+0000][66][safepoint   ] Safepoint "Cleanup", Time since last: 1001193751 ns, Reaching safepoint: 190375 ns, At safepoint: 12708 ns, Total: 203083 ns
[2025-09-23T11:37:13.541+0000][66][safepoint   ] Safepoint "Cleanup", Time since last: 1000724959 ns, Reaching safepoint: 208166 ns, At safepoint: 30750 ns, Total: 238916 ns
[2025-09-23T11:37:14.541+0000][66][safepoint   ] Safepoint "Cleanup", Time since last: 1000817000 ns, Reaching safepoint: 108042 ns, At safepoint: 4708 ns, Total: 112750 ns
[2025-09-23T11:37:17.546+0000][66][safepoint   ] Safepoint "Cleanup", Time since last: 3002826001 ns, Reaching safepoint: 1313584 ns, At safepoint: 19416 ns, Total: 1333000 ns
[2025-09-23T11:37:20.548+0000][66][safepoint   ] Safepoint "Cleanup", Time since last: 3002722919 ns, Reaching safepoint: 92125 ns, At safepoint: 4458 ns, Total: 96583 ns
[2025-09-23T11:37:23.552+0000][66][safepoint   ] Safepoint "Cleanup", Time since last: 3002893793 ns, Reaching safepoint: 532583 ns, At safepoint: 18000 ns, Total: 550583 ns
[2025-09-23T11:37:26.556+0000][66][safepoint   ] Safepoint "Cleanup", Time since last: 3003519085 ns, Reaching safepoint: 274417 ns, At safepoint: 23625 ns, Total: 298042 ns
[2025-09-23T11:37:27.562+0000][66][safepoint   ] Safepoint "Cleanup", Time since last: 1000978667 ns, Reaching safepoint: 5435292 ns, At safepoint: 17291 ns, Total: 5452583 ns
[2025-09-23T11:37:29.570+0000][66][safepoint   ] Safepoint "Cleanup", Time since last: 2008155334 ns, Reaching safepoint: 217000 ns, At safepoint: 12667 ns, Total: 229667 ns
[2025-09-23T11:37:31.782+0000][66][gc,start    ] GC(47) Pause Young (Normal) (G1 Evacuation Pause)
[2025-09-23T11:37:31.782+0000][66][gc,task     ] GC(47) Using 8 workers of 8 for evacuation
[2025-09-23T11:37:31.782+0000][66][gc,age      ] GC(47) Desired survivor size 81788928 bytes, new threshold 15 (max threshold 15)
[2025-09-23T11:37:31.798+0000][66][gc,phases   ] GC(47)   Pre Evacuate Collection Set: 0.7ms
[2025-09-23T11:37:31.799+0000][66][gc,phases   ] GC(47)   Merge Heap Roots: 0.2ms
[2025-09-23T11:37:31.799+0000][66][gc,phases   ] GC(47)   Evacuate Collection Set: 11.2ms
[2025-09-23T11:37:31.799+0000][66][gc,phases   ] GC(47)   Post Evacuate Collection Set: 3.6ms
[2025-09-23T11:37:31.799+0000][66][gc,phases   ] GC(47)   Other: 0.5ms
[2025-09-23T11:37:31.799+0000][66][gc,age      ] GC(47) Age table with threshold 15 (max threshold 15)
[2025-09-23T11:37:31.799+0000][66][gc,age      ] GC(47) - age   1:    1260408 bytes,    1260408 total
[2025-09-23T11:37:31.799+0000][66][gc,age      ] GC(47) - age   2:      50192 bytes,    1310600 total
[2025-09-23T11:37:31.799+0000][66][gc,age      ] GC(47) - age   3:      77448 bytes,    1388048 total
[2025-09-23T11:37:31.800+0000][66][gc,age      ] GC(47) - age   4:       9584 bytes,    1397632 total
[2025-09-23T11:37:31.800+0000][66][gc,age      ] GC(47) - age   5:      41680 bytes,    1439312 total
[2025-09-23T11:37:31.800+0000][66][gc,age      ] GC(47) - age   6:     316920 bytes,    1756232 total
[2025-09-23T11:37:31.800+0000][66][gc,age      ] GC(47) - age   7:      49880 bytes,    1806112 total
[2025-09-23T11:37:31.800+0000][66][gc,age      ] GC(47) - age   8:      60296 bytes,    1866408 total
[2025-09-23T11:37:31.800+0000][66][gc,age      ] GC(47) - age   9:      90016 bytes,    1956424 total
[2025-09-23T11:37:31.800+0000][66][gc,age      ] GC(47) - age  10:      56440 bytes,    2012864 total
[2025-09-23T11:37:31.800+0000][66][gc,age      ] GC(47) - age  11:     201728 bytes,    2214592 total
[2025-09-23T11:37:31.800+0000][66][gc,age      ] GC(47) - age  12:      49416 bytes,    2264008 total
[2025-09-23T11:37:31.800+0000][66][gc,age      ] GC(47) - age  13:      20192 bytes,    2284200 total
[2025-09-23T11:37:31.800+0000][66][gc,age      ] GC(47) - age  14:       4512 bytes,    2288712 total
[2025-09-23T11:37:31.801+0000][66][gc,age      ] GC(47) - age  15:       7800 bytes,    2296512 total
[2025-09-23T11:37:31.801+0000][66][gc,heap     ] GC(47) Eden regions: 305->0(306)
[2025-09-23T11:37:31.801+0000][66][gc,heap     ] GC(47) Survivor regions: 2->1(39)
[2025-09-23T11:37:31.801+0000][66][gc,heap     ] GC(47) Old regions: 34->34
[2025-09-23T11:37:31.801+0000][66][gc,heap     ] GC(47) Archive regions: 2->2
[2025-09-23T11:37:31.801+0000][66][gc,heap     ] GC(47) Humongous regions: 4->4
[2025-09-23T11:37:31.801+0000][66][gc,metaspace] GC(47) Metaspace: 139203K(142656K)->139203K(142656K) NonClass: 121315K(123072K)->121315K(123072K) Class: 17887K(19584K)->17887K(19584K)
[2025-09-23T11:37:31.801+0000][66][gc          ] GC(47) Pause Young (Normal) (G1 Evacuation Pause) 1381M->158M(2048M) 19.161ms
[2025-09-23T11:37:31.801+0000][66][gc,cpu      ] GC(47) User=0.05s Sys=0.00s Real=0.02s
[2025-09-23T11:37:31.801+0000][66][safepoint   ] Safepoint "G1CollectForAllocation", Time since last: 2211079335 ns, Reaching safepoint: 159708 ns, At safepoint: 19505542 ns, Total: 19665250 ns
[2025-09-23T11:37:37.810+0000][66][safepoint   ] Safepoint "Cleanup", Time since last: 6008028294 ns, Reaching safepoint: 983542 ns, At safepoint: 52541 ns, Total: 1036083 ns
[2025-09-23T11:37:39.812+0000][66][safepoint   ] Safepoint "Cleanup", Time since last: 2001966376 ns, Reaching safepoint: 184750 ns, At safepoint: 5209 ns, Total: 189959 ns
[2025-09-23T11:37:42.817+0000][66][safepoint   ] Safepoint "Cleanup", Time since last: 3003817084 ns, Reaching safepoint: 616209 ns, At safepoint: 22208 ns, Total: 638417 ns
[2025-09-23T11:37:50.826+0000][66][safepoint   ] Safepoint "Cleanup", Time since last: 8008460461 ns, Reaching safepoint: 578042 ns, At safepoint: 13333 ns, Total: 591375 ns
[2025-09-23T11:37:54.833+0000][66][safepoint   ] Safepoint "Cleanup", Time since last: 4004454502 ns, Reaching safepoint: 2607459 ns, At safepoint: 17750 ns, Total: 2625209 ns
[2025-09-23T11:37:56.837+0000][66][safepoint   ] Safepoint "Cleanup", Time since last: 2004263959 ns, Reaching safepoint: 228458 ns, At safepoint: 13875 ns, Total: 242333 ns
[2025-09-23T11:37:57.838+0000][66][safepoint   ] Safepoint "Cleanup", Time since last: 1000737292 ns, Reaching safepoint: 132375 ns, At safepoint: 5209 ns, Total: 137584 ns
[2025-09-23T11:38:01.843+0000][66][safepoint   ] Safepoint "Cleanup", Time since last: 4003871210 ns, Reaching safepoint: 598875 ns, At safepoint: 5917 ns, Total: 604792 ns
[2025-09-23T11:38:02.845+0000][66][safepoint   ] Safepoint "Cleanup", Time since last: 1001423958 ns, Reaching safepoint: 334709 ns, At safepoint: 8333 ns, Total: 343042 ns
[2025-09-23T11:38:04.846+0000][66][safepoint   ] Safepoint "Cleanup", Time since last: 2001599001 ns, Reaching safepoint: 96750 ns, At safepoint: 7750 ns, Total: 104500 ns
[2025-09-23T11:38:07.851+0000][66][safepoint   ] Safepoint "Cleanup", Time since last: 3003272501 ns, Reaching safepoint: 1737042 ns, At safepoint: 35083 ns, Total: 1772125 ns
[2025-09-23T11:38:08.852+0000][66][safepoint   ] Safepoint "Cleanup", Time since last: 1000861751 ns, Reaching safepoint: 85708 ns, At safepoint: 5709 ns, Total: 91417 ns
[2025-09-23T11:38:13.859+0000][66][safepoint   ] Safepoint "Cleanup", Time since last: 5005917335 ns, Reaching safepoint: 550000 ns, At safepoint: 8250 ns, Total: 558250 ns
[2025-09-23T11:38:20.869+0000][66][safepoint   ] Safepoint "Cleanup", Time since last: 7009516336 ns, Reaching safepoint: 684917 ns, At safepoint: 10958 ns, Total: 695875 ns
[2025-09-23T11:38:21.870+0000][66][safepoint   ] Safepoint "Cleanup", Time since last: 1001195709 ns, Reaching safepoint: 121958 ns, At safepoint: 3750 ns, Total: 125708 ns
[2025-09-23T11:38:25.995+0000][66][gc,start    ] GC(48) Pause Young (Normal) (G1 Evacuation Pause)
[2025-09-23T11:38:25.996+0000][66][gc,task     ] GC(48) Using 8 workers of 8 for evacuation
[2025-09-23T11:38:25.996+0000][66][gc,age      ] GC(48) Desired survivor size 81788928 bytes, new threshold 15 (max threshold 15)
[2025-09-23T11:38:26.007+0000][66][gc,phases   ] GC(48)   Pre Evacuate Collection Set: 0.5ms
[2025-09-23T11:38:26.007+0000][66][gc,phases   ] GC(48)   Merge Heap Roots: 0.2ms
[2025-09-23T11:38:26.007+0000][66][gc,phases   ] GC(48)   Evacuate Collection Set: 7.8ms
[2025-09-23T11:38:26.007+0000][66][gc,phases   ] GC(48)   Post Evacuate Collection Set: 2.4ms
[2025-09-23T11:38:26.007+0000][66][gc,phases   ] GC(48)   Other: 0.4ms
[2025-09-23T11:38:26.007+0000][66][gc,age      ] GC(48) Age table with threshold 15 (max threshold 15)
[2025-09-23T11:38:26.008+0000][66][gc,age      ] GC(48) - age   1:    3707592 bytes,    3707592 total
[2025-09-23T11:38:26.008+0000][66][gc,age      ] GC(48) - age   2:     195512 bytes,    3903104 total
[2025-09-23T11:38:26.008+0000][66][gc,age      ] GC(48) - age   3:       8160 bytes,    3911264 total
[2025-09-23T11:38:26.008+0000][66][gc,age      ] GC(48) - age   4:      39440 bytes,    3950704 total
[2025-09-23T11:38:26.008+0000][66][gc,age      ] GC(48) - age   5:       6360 bytes,    3957064 total
[2025-09-23T11:38:26.008+0000][66][gc,age      ] GC(48) - age   6:       2048 bytes,    3959112 total
[2025-09-23T11:38:26.008+0000][66][gc,age      ] GC(48) - age   7:     277584 bytes,    4236696 total
[2025-09-23T11:38:26.008+0000][66][gc,age      ] GC(48) - age   8:      12072 bytes,    4248768 total
[2025-09-23T11:38:26.008+0000][66][gc,age      ] GC(48) - age   9:       4272 bytes,    4253040 total
[2025-09-23T11:38:26.008+0000][66][gc,age      ] GC(48) - age  10:      52144 bytes,    4305184 total
[2025-09-23T11:38:26.008+0000][66][gc,age      ] GC(48) - age  11:      19992 bytes,    4325176 total
[2025-09-23T11:38:26.008+0000][66][gc,age      ] GC(48) - age  12:     163512 bytes,    4488688 total
[2025-09-23T11:38:26.008+0000][66][gc,age      ] GC(48) - age  13:      49416 bytes,    4538104 total
[2025-09-23T11:38:26.008+0000][66][gc,age      ] GC(48) - age  14:      19184 bytes,    4557288 total
[2025-09-23T11:38:26.008+0000][66][gc,age      ] GC(48) - age  15:       4448 bytes,    4561736 total
[2025-09-23T11:38:26.008+0000][66][gc,heap     ] GC(48) Eden regions: 306->0(305)
[2025-09-23T11:38:26.008+0000][66][gc,heap     ] GC(48) Survivor regions: 1->2(39)
[2025-09-23T11:38:26.008+0000][66][gc,heap     ] GC(48) Old regions: 34->34
[2025-09-23T11:38:26.008+0000][66][gc,heap     ] GC(48) Archive regions: 2->2
[2025-09-23T11:38:26.008+0000][66][gc,heap     ] GC(48) Humongous regions: 4->4
[2025-09-23T11:38:26.008+0000][66][gc,metaspace] GC(48) Metaspace: 139212K(142656K)->139212K(142656K) NonClass: 121325K(123072K)->121325K(123072K) Class: 17887K(19584K)->17887K(19584K)
[2025-09-23T11:38:26.008+0000][66][gc          ] GC(48) Pause Young (Normal) (G1 Evacuation Pause) 1382M->160M(2048M) 12.722ms
[2025-09-23T11:38:26.008+0000][66][gc,cpu      ] GC(48) User=0.06s Sys=0.00s Real=0.01s
[2025-09-23T11:38:26.008+0000][66][safepoint   ] Safepoint "G1CollectForAllocation", Time since last: 4124815960 ns, Reaching safepoint: 439709 ns, At safepoint: 12894333 ns, Total: 13334042 ns
[2025-09-23T11:38:32.018+0000][66][safepoint   ] Safepoint "Cleanup", Time since last: 6006763253 ns, Reaching safepoint: 2715083 ns, At safepoint: 13167 ns, Total: 2728250 ns
[2025-09-23T11:38:37.024+0000][66][safepoint   ] Safepoint "Cleanup", Time since last: 5005372086 ns, Reaching safepoint: 722125 ns, At safepoint: 8875 ns, Total: 731000 ns
[2025-09-23T11:39:02.052+0000][66][safepoint   ] Safepoint "Cleanup", Time since last: 25028215011 ns, Reaching safepoint: 679417 ns, At safepoint: 25000 ns, Total: 704417 ns
[2025-09-23T11:39:04.055+0000][66][safepoint   ] Safepoint "Cleanup", Time since last: 2002226251 ns, Reaching safepoint: 572250 ns, At safepoint: 11541 ns, Total: 583791 ns
[2025-09-23T11:39:06.057+0000][66][safepoint   ] Safepoint "Cleanup", Time since last: 2001454501 ns, Reaching safepoint: 223834 ns, At safepoint: 8375 ns, Total: 232209 ns
[2025-09-23T11:39:13.064+0000][66][safepoint   ] Safepoint "Cleanup", Time since last: 7006805170 ns, Reaching safepoint: 731000 ns, At safepoint: 22166 ns, Total: 753166 ns
[2025-09-23T11:39:15.066+0000][66][safepoint   ] Safepoint "Cleanup", Time since last: 2002166501 ns, Reaching safepoint: 118208 ns, At safepoint: 3792 ns, Total: 122000 ns
[2025-09-23T11:39:20.073+0000][66][safepoint   ] Safepoint "Cleanup", Time since last: 5006904461 ns, Reaching safepoint: 439708 ns, At safepoint: 55208 ns, Total: 494916 ns
[2025-09-23T11:39:23.845+0000][66][gc,start    ] GC(49) Pause Young (Normal) (G1 Evacuation Pause)
[2025-09-23T11:39:23.845+0000][66][gc,task     ] GC(49) Using 8 workers of 8 for evacuation
[2025-09-23T11:39:23.845+0000][66][gc,age      ] GC(49) Desired survivor size 81788928 bytes, new threshold 15 (max threshold 15)
[2025-09-23T11:39:23.857+0000][66][gc,phases   ] GC(49)   Pre Evacuate Collection Set: 0.7ms
[2025-09-23T11:39:23.858+0000][66][gc,phases   ] GC(49)   Merge Heap Roots: 0.2ms
[2025-09-23T11:39:23.858+0000][66][gc,phases   ] GC(49)   Evacuate Collection Set: 8.3ms
[2025-09-23T11:39:23.858+0000][66][gc,phases   ] GC(49)   Post Evacuate Collection Set: 2.8ms
[2025-09-23T11:39:23.858+0000][66][gc,phases   ] GC(49)   Other: 0.3ms
[2025-09-23T11:39:23.858+0000][66][gc,age      ] GC(49) Age table with threshold 15 (max threshold 15)
[2025-09-23T11:39:23.858+0000][66][gc,age      ] GC(49) - age   1:    3746680 bytes,    3746680 total
[2025-09-23T11:39:23.858+0000][66][gc,age      ] GC(49) - age   2:     288336 bytes,    4035016 total
[2025-09-23T11:39:23.858+0000][66][gc,age      ] GC(49) - age   3:     180136 bytes,    4215152 total
[2025-09-23T11:39:23.858+0000][66][gc,age      ] GC(49) - age   4:       6760 bytes,    4221912 total
[2025-09-23T11:39:23.858+0000][66][gc,age      ] GC(49) - age   5:      38920 bytes,    4260832 total
[2025-09-23T11:39:23.858+0000][66][gc,age      ] GC(49) - age   6:       6040 bytes,    4266872 total
[2025-09-23T11:39:23.858+0000][66][gc,age      ] GC(49) - age   7:       1984 bytes,    4268856 total
[2025-09-23T11:39:23.858+0000][66][gc,age      ] GC(49) - age   8:     277584 bytes,    4546440 total
[2025-09-23T11:39:23.858+0000][66][gc,age      ] GC(49) - age   9:      11944 bytes,    4558384 total
[2025-09-23T11:39:23.858+0000][66][gc,age      ] GC(49) - age  10:       4272 bytes,    4562656 total
[2025-09-23T11:39:23.858+0000][66][gc,age      ] GC(49) - age  11:      51688 bytes,    4614344 total
[2025-09-23T11:39:23.858+0000][66][gc,age      ] GC(49) - age  12:      19992 bytes,    4634336 total
[2025-09-23T11:39:23.858+0000][66][gc,age      ] GC(49) - age  13:     163512 bytes,    4797848 total
[2025-09-23T11:39:23.858+0000][66][gc,age      ] GC(49) - age  14:      49416 bytes,    4847264 total
[2025-09-23T11:39:23.858+0000][66][gc,age      ] GC(49) - age  15:      19184 bytes,    4866448 total
[2025-09-23T11:39:23.858+0000][66][gc,heap     ] GC(49) Eden regions: 305->0(305)
[2025-09-23T11:39:23.858+0000][66][gc,heap     ] GC(49) Survivor regions: 2->2(39)
[2025-09-23T11:39:23.858+0000][66][gc,heap     ] GC(49) Old regions: 34->34
[2025-09-23T11:39:23.858+0000][66][gc,heap     ] GC(49) Archive regions: 2->2
[2025-09-23T11:39:23.858+0000][66][gc,heap     ] GC(49) Humongous regions: 4->4
[2025-09-23T11:39:23.858+0000][66][gc,metaspace] GC(49) Metaspace: 139217K(142656K)->139217K(142656K) NonClass: 121330K(123072K)->121330K(123072K) Class: 17887K(19584K)->17887K(19584K)
[2025-09-23T11:39:23.858+0000][66][gc          ] GC(49) Pause Young (Normal) (G1 Evacuation Pause) 1380M->160M(2048M) 13.519ms
[2025-09-23T11:39:23.858+0000][66][gc,cpu      ] GC(49) User=0.06s Sys=0.00s Real=0.01s
[2025-09-23T11:39:23.859+0000][66][safepoint   ] Safepoint "G1CollectForAllocation", Time since last: 3771229002 ns, Reaching safepoint: 228667 ns, At safepoint: 13709541 ns, Total: 13938208 ns
[2025-09-23T11:39:31.865+0000][66][safepoint   ] Safepoint "Cleanup", Time since last: 8006321463 ns, Reaching safepoint: 451958 ns, At safepoint: 5875 ns, Total: 457833 ns
[2025-09-23T11:39:32.868+0000][66][safepoint   ] Safepoint "Cleanup", Time since last: 1002564542 ns, Reaching safepoint: 220708 ns, At safepoint: 76125 ns, Total: 296833 ns
[2025-09-23T11:39:34.869+0000][66][safepoint   ] Safepoint "Cleanup", Time since last: 2000749335 ns, Reaching safepoint: 485458 ns, At safepoint: 17042 ns, Total: 502500 ns
[2025-09-23T11:39:43.884+0000][66][safepoint   ] Safepoint "Cleanup", Time since last: 9012653004 ns, Reaching safepoint: 1823000 ns, At safepoint: 11542 ns, Total: 1834542 ns
[2025-09-23T11:39:45.889+0000][66][safepoint   ] Safepoint "Cleanup", Time since last: 2003931209 ns, Reaching safepoint: 1354041 ns, At safepoint: 26667 ns, Total: 1380708 ns
[2025-09-23T11:39:46.891+0000][66][safepoint   ] Safepoint "Cleanup", Time since last: 1002614334 ns, Reaching safepoint: 173250 ns, At safepoint: 7791 ns, Total: 181041 ns
[2025-09-23T11:39:49.898+0000][66][safepoint   ] Safepoint "Cleanup", Time since last: 3005933627 ns, Reaching safepoint: 898042 ns, At safepoint: 11958 ns, Total: 910000 ns
[2025-09-23T11:39:50.899+0000][66][safepoint   ] Safepoint "Cleanup", Time since last: 1001014167 ns, Reaching safepoint: 75083 ns, At safepoint: 3500 ns, Total: 78583 ns
[2025-09-23T11:39:53.904+0000][66][safepoint   ] Safepoint "Cleanup", Time since last: 3003965043 ns, Reaching safepoint: 755125 ns, At safepoint: 14542 ns, Total: 769667 ns
[2025-09-23T11:39:55.906+0000][66][safepoint   ] Safepoint "Cleanup", Time since last: 2002177251 ns, Reaching safepoint: 104542 ns, At safepoint: 2625 ns, Total: 107167 ns
[2025-09-23T11:40:03.921+0000][66][safepoint   ] Safepoint "Cleanup", Time since last: 8008463004 ns, Reaching safepoint: 6425958 ns, At safepoint: 11708 ns, Total: 6437666 ns
[2025-09-23T11:40:07.927+0000][66][safepoint   ] Safepoint "Cleanup", Time since last: 4005278919 ns, Reaching safepoint: 164791 ns, At safepoint: 10709 ns, Total: 175500 ns
[2025-09-23T11:40:08.928+0000][66][safepoint   ] Safepoint "Cleanup", Time since last: 1001022417 ns, Reaching safepoint: 197292 ns, At safepoint: 12250 ns, Total: 209542 ns
[2025-09-23T11:40:12.933+0000][66][safepoint   ] Safepoint "Cleanup", Time since last: 4004299668 ns, Reaching safepoint: 229500 ns, At safepoint: 10459 ns, Total: 239959 ns
[2025-09-23T11:40:13.939+0000][66][safepoint   ] Safepoint "Cleanup", Time since last: 1000846125 ns, Reaching safepoint: 5720667 ns, At safepoint: 13291 ns, Total: 5733958 ns
[2025-09-23T11:40:16.945+0000][66][safepoint   ] Safepoint "Cleanup", Time since last: 3005201251 ns, Reaching safepoint: 477917 ns, At safepoint: 16250 ns, Total: 494167 ns
[2025-09-23T11:40:21.436+0000][66][gc,start    ] GC(50) Pause Young (Normal) (G1 Evacuation Pause)
[2025-09-23T11:40:21.437+0000][66][gc,task     ] GC(50) Using 8 workers of 8 for evacuation
[2025-09-23T11:40:21.438+0000][66][gc,age      ] GC(50) Desired survivor size 81788928 bytes, new threshold 15 (max threshold 15)
[2025-09-23T11:40:21.457+0000][66][gc,phases   ] GC(50)   Pre Evacuate Collection Set: 1.8ms
[2025-09-23T11:40:21.457+0000][66][gc,phases   ] GC(50)   Merge Heap Roots: 0.2ms
[2025-09-23T11:40:21.457+0000][66][gc,phases   ] GC(50)   Evacuate Collection Set: 14.9ms
[2025-09-23T11:40:21.457+0000][66][gc,phases   ] GC(50)   Post Evacuate Collection Set: 2.1ms
[2025-09-23T11:40:21.457+0000][66][gc,phases   ] GC(50)   Other: 1.2ms
[2025-09-23T11:40:21.458+0000][66][gc,age      ] GC(50) Age table with threshold 15 (max threshold 15)
[2025-09-23T11:40:21.458+0000][66][gc,age      ] GC(50) - age   1:    3666032 bytes,    3666032 total
[2025-09-23T11:40:21.458+0000][66][gc,age      ] GC(50) - age   2:     272592 bytes,    3938624 total
[2025-09-23T11:40:21.458+0000][66][gc,age      ] GC(50) - age   3:     168488 bytes,    4107112 total
[2025-09-23T11:40:21.458+0000][66][gc,age      ] GC(50) - age   4:     178832 bytes,    4285944 total
[2025-09-23T11:40:21.458+0000][66][gc,age      ] GC(50) - age   5:       4816 bytes,    4290760 total
[2025-09-23T11:40:21.458+0000][66][gc,age      ] GC(50) - age   6:      38400 bytes,    4329160 total
[2025-09-23T11:40:21.458+0000][66][gc,age      ] GC(50) - age   7:       5912 bytes,    4335072 total
[2025-09-23T11:40:21.458+0000][66][gc,age      ] GC(50) - age   8:       1920 bytes,    4336992 total
[2025-09-23T11:40:21.458+0000][66][gc,age      ] GC(50) - age   9:     277488 bytes,    4614480 total
[2025-09-23T11:40:21.458+0000][66][gc,age      ] GC(50) - age  10:      11944 bytes,    4626424 total
[2025-09-23T11:40:21.458+0000][66][gc,age      ] GC(50) - age  11:       4208 bytes,    4630632 total
[2025-09-23T11:40:21.458+0000][66][gc,age      ] GC(50) - age  12:      51688 bytes,    4682320 total
[2025-09-23T11:40:21.458+0000][66][gc,age      ] GC(50) - age  13:      19992 bytes,    4702312 total
[2025-09-23T11:40:21.458+0000][66][gc,age      ] GC(50) - age  14:     163512 bytes,    4865824 total
[2025-09-23T11:40:21.458+0000][66][gc,age      ] GC(50) - age  15:      49416 bytes,    4915240 total
[2025-09-23T11:40:21.458+0000][66][gc,heap     ] GC(50) Eden regions: 305->0(305)
[2025-09-23T11:40:21.458+0000][66][gc,heap     ] GC(50) Survivor regions: 2->2(39)
[2025-09-23T11:40:21.458+0000][66][gc,heap     ] GC(50) Old regions: 34->34
[2025-09-23T11:40:21.458+0000][66][gc,heap     ] GC(50) Archive regions: 2->2
[2025-09-23T11:40:21.458+0000][66][gc,heap     ] GC(50) Humongous regions: 4->4
[2025-09-23T11:40:21.458+0000][66][gc,metaspace] GC(50) Metaspace: 139235K(142720K)->139235K(142720K) NonClass: 121348K(123136K)->121348K(123136K) Class: 17887K(19584K)->17887K(19584K)
[2025-09-23T11:40:21.459+0000][66][gc          ] GC(50) Pause Young (Normal) (G1 Evacuation Pause) 1380M->160M(2048M) 22.901ms
[2025-09-23T11:40:21.459+0000][66][gc,cpu      ] GC(50) User=0.11s Sys=0.00s Real=0.03s
[2025-09-23T11:40:21.459+0000][66][safepoint   ] Safepoint "G1CollectForAllocation", Time since last: 4491207669 ns, Reaching safepoint: 254292 ns, At safepoint: 23114583 ns, Total: 23368875 ns
[2025-09-23T11:40:35.474+0000][66][safepoint   ] Safepoint "Cleanup", Time since last: 14013915215 ns, Reaching safepoint: 697917 ns, At safepoint: 40250 ns, Total: 738167 ns
[2025-09-23T11:40:43.483+0000][66][safepoint   ] Safepoint "Cleanup", Time since last: 8009253795 ns, Reaching safepoint: 321333 ns, At safepoint: 17250 ns, Total: 338583 ns
[2025-09-23T11:40:54.488+0000][66][safepoint   ] Safepoint "Cleanup", Time since last: 11010763588 ns, Reaching safepoint: 746917 ns, At safepoint: 8875 ns, Total: 755792 ns
[2025-09-23T11:40:56.491+0000][66][safepoint   ] Safepoint "Cleanup", Time since last: 2002202959 ns, Reaching safepoint: 201625 ns, At safepoint: 14292 ns, Total: 215917 ns
[2025-09-23T11:41:13.509+0000][66][safepoint   ] Safepoint "Cleanup", Time since last: 17017732883 ns, Reaching safepoint: 595333 ns, At safepoint: 4250 ns, Total: 599583 ns
[2025-09-23T11:41:19.636+0000][66][gc,start    ] GC(51) Pause Young (Normal) (G1 Evacuation Pause)
[2025-09-23T11:41:19.636+0000][66][gc,task     ] GC(51) Using 8 workers of 8 for evacuation
[2025-09-23T11:41:19.637+0000][66][gc,age      ] GC(51) Desired survivor size 81788928 bytes, new threshold 15 (max threshold 15)
[2025-09-23T11:41:19.649+0000][66][gc,phases   ] GC(51)   Pre Evacuate Collection Set: 0.5ms
[2025-09-23T11:41:19.649+0000][66][gc,phases   ] GC(51)   Merge Heap Roots: 0.2ms
[2025-09-23T11:41:19.649+0000][66][gc,phases   ] GC(51)   Evacuate Collection Set: 9.2ms
[2025-09-23T11:41:19.649+0000][66][gc,phases   ] GC(51)   Post Evacuate Collection Set: 2.5ms
[2025-09-23T11:41:19.650+0000][66][gc,phases   ] GC(51)   Other: 0.3ms
[2025-09-23T11:41:19.650+0000][66][gc,age      ] GC(51) Age table with threshold 15 (max threshold 15)
[2025-09-23T11:41:19.650+0000][66][gc,age      ] GC(51) - age   1:    3971496 bytes,    3971496 total
[2025-09-23T11:41:19.650+0000][66][gc,age      ] GC(51) - age   2:     215808 bytes,    4187304 total
[2025-09-23T11:41:19.650+0000][66][gc,age      ] GC(51) - age   3:      60424 bytes,    4247728 total
[2025-09-23T11:41:19.650+0000][66][gc,age      ] GC(51) - age   4:     167480 bytes,    4415208 total
[2025-09-23T11:41:19.650+0000][66][gc,age      ] GC(51) - age   5:     178280 bytes,    4593488 total
[2025-09-23T11:41:19.650+0000][66][gc,age      ] GC(51) - age   6:       4624 bytes,    4598112 total
[2025-09-23T11:41:19.650+0000][66][gc,age      ] GC(51) - age   7:      38144 bytes,    4636256 total
[2025-09-23T11:41:19.650+0000][66][gc,age      ] GC(51) - age   8:       5312 bytes,    4641568 total
[2025-09-23T11:41:19.650+0000][66][gc,age      ] GC(51) - age   9:       1792 bytes,    4643360 total
[2025-09-23T11:41:19.650+0000][66][gc,age      ] GC(51) - age  10:     277488 bytes,    4920848 total
[2025-09-23T11:41:19.650+0000][66][gc,age      ] GC(51) - age  11:      11944 bytes,    4932792 total
[2025-09-23T11:41:19.650+0000][66][gc,age      ] GC(51) - age  12:       4208 bytes,    4937000 total
[2025-09-23T11:41:19.650+0000][66][gc,age      ] GC(51) - age  13:      51688 bytes,    4988688 total
[2025-09-23T11:41:19.650+0000][66][gc,age      ] GC(51) - age  14:      19928 bytes,    5008616 total
[2025-09-23T11:41:19.650+0000][66][gc,age      ] GC(51) - age  15:     162504 bytes,    5171120 total
[2025-09-23T11:41:19.650+0000][66][gc,heap     ] GC(51) Eden regions: 305->0(305)
[2025-09-23T11:41:19.650+0000][66][gc,heap     ] GC(51) Survivor regions: 2->2(39)
[2025-09-23T11:41:19.650+0000][66][gc,heap     ] GC(51) Old regions: 34->34
[2025-09-23T11:41:19.650+0000][66][gc,heap     ] GC(51) Archive regions: 2->2
[2025-09-23T11:41:19.650+0000][66][gc,heap     ] GC(51) Humongous regions: 4->4
[2025-09-23T11:41:19.650+0000][66][gc,metaspace] GC(51) Metaspace: 139248K(142720K)->139248K(142720K) NonClass: 121361K(123136K)->121361K(123136K) Class: 17887K(19584K)->17887K(19584K)
[2025-09-23T11:41:19.650+0000][66][gc          ] GC(51) Pause Young (Normal) (G1 Evacuation Pause) 1380M->161M(2048M) 14.318ms
[2025-09-23T11:41:19.650+0000][66][gc,cpu      ] GC(51) User=0.07s Sys=0.00s Real=0.02s
[2025-09-23T11:41:19.650+0000][66][safepoint   ] Safepoint "G1CollectForAllocation", Time since last: 6121939295 ns, Reaching safepoint: 291583 ns, At safepoint: 14500583 ns, Total: 14792166 ns
[2025-09-23T11:41:26.660+0000][66][safepoint   ] Safepoint "Cleanup", Time since last: 7009141712 ns, Reaching safepoint: 334083 ns, At safepoint: 7834 ns, Total: 341917 ns
[2025-09-23T11:41:44.684+0000][66][safepoint   ] Safepoint "Cleanup", Time since last: 18023229591 ns, Reaching safepoint: 601417 ns, At safepoint: 63708 ns, Total: 665125 ns
[2025-09-23T11:41:50.691+0000][66][safepoint   ] Safepoint "Cleanup", Time since last: 6006501128 ns, Reaching safepoint: 465000 ns, At safepoint: 15792 ns, Total: 480792 ns
[2025-09-23T11:41:53.695+0000][66][safepoint   ] Safepoint "Cleanup", Time since last: 3003356876 ns, Reaching safepoint: 336042 ns, At safepoint: 12750 ns, Total: 348792 ns
[2025-09-23T11:41:57.700+0000][66][safepoint   ] Safepoint "Cleanup", Time since last: 4003634794 ns, Reaching safepoint: 791666 ns, At safepoint: 162792 ns, Total: 954458 ns
[2025-09-23T11:42:13.721+0000][66][safepoint   ] Safepoint "Cleanup", Time since last: 16021042216 ns, Reaching safepoint: 568417 ns, At safepoint: 14541 ns, Total: 582958 ns
[2025-09-23T11:42:14.800+0000][66][safepoint   ] Safepoint "Cleanup", Time since last: 1001462291 ns, Reaching safepoint: 195875 ns, At safepoint: 5375 ns, Total: 201250 ns
[2025-09-23T11:42:17.378+0000][66][gc,start    ] GC(52) Pause Young (Normal) (G1 Evacuation Pause)
[2025-09-23T11:42:17.379+0000][66][gc,task     ] GC(52) Using 8 workers of 8 for evacuation
[2025-09-23T11:42:17.379+0000][66][gc,age      ] GC(52) Desired survivor size 81788928 bytes, new threshold 15 (max threshold 15)
[2025-09-23T11:42:17.391+0000][66][gc,phases   ] GC(52)   Pre Evacuate Collection Set: 0.5ms
[2025-09-23T11:42:17.391+0000][66][gc,phases   ] GC(52)   Merge Heap Roots: 0.3ms
[2025-09-23T11:42:17.391+0000][66][gc,phases   ] GC(52)   Evacuate Collection Set: 7.9ms
[2025-09-23T11:42:17.391+0000][66][gc,phases   ] GC(52)   Post Evacuate Collection Set: 2.9ms
[2025-09-23T11:42:17.391+0000][66][gc,phases   ] GC(52)   Other: 0.4ms
[2025-09-23T11:42:17.391+0000][66][gc,age      ] GC(52) Age table with threshold 15 (max threshold 15)
[2025-09-23T11:42:17.391+0000][66][gc,age      ] GC(52) - age   1:    1240088 bytes,    1240088 total
[2025-09-23T11:42:17.391+0000][66][gc,age      ] GC(52) - age   2:     131952 bytes,    1372040 total
[2025-09-23T11:42:17.391+0000][66][gc,age      ] GC(52) - age   3:     203272 bytes,    1575312 total
[2025-09-23T11:42:17.392+0000][66][gc,age      ] GC(52) - age   4:      58912 bytes,    1634224 total
[2025-09-23T11:42:17.392+0000][66][gc,age      ] GC(52) - age   5:     166928 bytes,    1801152 total
[2025-09-23T11:42:17.392+0000][66][gc,age      ] GC(52) - age   6:     177728 bytes,    1978880 total
[2025-09-23T11:42:17.392+0000][66][gc,age      ] GC(52) - age   7:       4560 bytes,    1983440 total
[2025-09-23T11:42:17.392+0000][66][gc,age      ] GC(52) - age   8:      38080 bytes,    2021520 total
[2025-09-23T11:42:17.392+0000][66][gc,age      ] GC(52) - age   9:       5312 bytes,    2026832 total
[2025-09-23T11:42:17.392+0000][66][gc,age      ] GC(52) - age  10:       1792 bytes,    2028624 total
[2025-09-23T11:42:17.392+0000][66][gc,age      ] GC(52) - age  11:     275480 bytes,    2304104 total
[2025-09-23T11:42:17.392+0000][66][gc,age      ] GC(52) - age  12:      11944 bytes,    2316048 total
[2025-09-23T11:42:17.392+0000][66][gc,age      ] GC(52) - age  13:       4168 bytes,    2320216 total
[2025-09-23T11:42:17.392+0000][66][gc,age      ] GC(52) - age  14:      51688 bytes,    2371904 total
[2025-09-23T11:42:17.392+0000][66][gc,age      ] GC(52) - age  15:      18920 bytes,    2390824 total
[2025-09-23T11:42:17.392+0000][66][gc,heap     ] GC(52) Eden regions: 305->0(306)
[2025-09-23T11:42:17.392+0000][66][gc,heap     ] GC(52) Survivor regions: 2->1(39)
[2025-09-23T11:42:17.392+0000][66][gc,heap     ] GC(52) Old regions: 34->34
[2025-09-23T11:42:17.392+0000][66][gc,heap     ] GC(52) Archive regions: 2->2
[2025-09-23T11:42:17.393+0000][66][gc,heap     ] GC(52) Humongous regions: 4->4
[2025-09-23T11:42:17.393+0000][66][gc,metaspace] GC(52) Metaspace: 139261K(142720K)->139261K(142720K) NonClass: 121374K(123136K)->121374K(123136K) Class: 17887K(19584K)->17887K(19584K)
[2025-09-23T11:42:17.393+0000][66][gc          ] GC(52) Pause Young (Normal) (G1 Evacuation Pause) 1381M->158M(2048M) 14.195ms
[2025-09-23T11:42:17.393+0000][66][gc,cpu      ] GC(52) User=0.05s Sys=0.00s Real=0.01s
[2025-09-23T11:42:17.393+0000][66][safepoint   ] Safepoint "G1CollectForAllocation", Time since last: 2577604418 ns, Reaching safepoint: 339167 ns, At safepoint: 14517042 ns, Total: 14856209 ns
[2025-09-23T11:42:23.399+0000][66][safepoint   ] Safepoint "Cleanup", Time since last: 6005299252 ns, Reaching safepoint: 665334 ns, At safepoint: 20833 ns, Total: 686167 ns
[2025-09-23T11:42:29.406+0000][66][safepoint   ] Safepoint "Cleanup", Time since last: 6006315461 ns, Reaching safepoint: 784250 ns, At safepoint: 12125 ns, Total: 796375 ns
[2025-09-23T11:42:32.409+0000][66][safepoint   ] Safepoint "Cleanup", Time since last: 3003145918 ns, Reaching safepoint: 284209 ns, At safepoint: 5083 ns, Total: 289292 ns
[2025-09-23T11:42:36.414+0000][66][safepoint   ] Safepoint "Cleanup", Time since last: 4003828419 ns, Reaching safepoint: 679875 ns, At safepoint: 44500 ns, Total: 724375 ns
[2025-09-23T11:42:38.417+0000][66][safepoint   ] Safepoint "Cleanup", Time since last: 2002149626 ns, Reaching safepoint: 429541 ns, At safepoint: 17917 ns, Total: 447458 ns
[2025-09-23T11:42:47.426+0000][66][safepoint   ] Safepoint "Cleanup", Time since last: 9008565337 ns, Reaching safepoint: 575375 ns, At safepoint: 4417 ns, Total: 579792 ns
[2025-09-23T11:42:48.428+0000][66][safepoint   ] Safepoint "Cleanup", Time since last: 1001406083 ns, Reaching safepoint: 107709 ns, At safepoint: 4041 ns, Total: 111750 ns
[2025-09-23T11:42:49.429+0000][66][safepoint   ] Safepoint "Cleanup", Time since last: 1000923793 ns, Reaching safepoint: 225000 ns, At safepoint: 16458 ns, Total: 241458 ns
[2025-09-23T11:43:13.456+0000][66][safepoint   ] Safepoint "Cleanup", Time since last: 24026858511 ns, Reaching safepoint: 540000 ns, At safepoint: 8000 ns, Total: 548000 ns
[2025-09-23T11:43:19.117+0000][66][gc,start    ] GC(53) Pause Young (Normal) (G1 Evacuation Pause)
[2025-09-23T11:43:19.117+0000][66][gc,task     ] GC(53) Using 8 workers of 8 for evacuation
[2025-09-23T11:43:19.117+0000][66][gc,age      ] GC(53) Desired survivor size 81788928 bytes, new threshold 15 (max threshold 15)
[2025-09-23T11:43:19.136+0000][66][gc,phases   ] GC(53)   Pre Evacuate Collection Set: 0.5ms
[2025-09-23T11:43:19.136+0000][66][gc,phases   ] GC(53)   Merge Heap Roots: 0.2ms
[2025-09-23T11:43:19.136+0000][66][gc,phases   ] GC(53)   Evacuate Collection Set: 15.5ms
[2025-09-23T11:43:19.136+0000][66][gc,phases   ] GC(53)   Post Evacuate Collection Set: 2.6ms
[2025-09-23T11:43:19.136+0000][66][gc,phases   ] GC(53)   Other: 0.4ms
[2025-09-23T11:43:19.136+0000][66][gc,age      ] GC(53) Age table with threshold 15 (max threshold 15)
[2025-09-23T11:43:19.136+0000][66][gc,age      ] GC(53) - age   1:    2857744 bytes,    2857744 total
[2025-09-23T11:43:19.136+0000][66][gc,age      ] GC(53) - age   2:      64912 bytes,    2922656 total
[2025-09-23T11:43:19.137+0000][66][gc,age      ] GC(53) - age   3:      89328 bytes,    3011984 total
[2025-09-23T11:43:19.137+0000][66][gc,age      ] GC(53) - age   4:     162208 bytes,    3174192 total
[2025-09-23T11:43:19.137+0000][66][gc,age      ] GC(53) - age   5:       4312 bytes,    3178504 total
[2025-09-23T11:43:19.137+0000][66][gc,age      ] GC(53) - age   6:     118480 bytes,    3296984 total
[2025-09-23T11:43:19.137+0000][66][gc,age      ] GC(53) - age   7:     129672 bytes,    3426656 total
[2025-09-23T11:43:19.137+0000][66][gc,age      ] GC(53) - age   8:       4528 bytes,    3431184 total
[2025-09-23T11:43:19.137+0000][66][gc,age      ] GC(53) - age   9:      38080 bytes,    3469264 total
[2025-09-23T11:43:19.137+0000][66][gc,age      ] GC(53) - age  10:       5312 bytes,    3474576 total
[2025-09-23T11:43:19.137+0000][66][gc,age      ] GC(53) - age  11:       1792 bytes,    3476368 total
[2025-09-23T11:43:19.137+0000][66][gc,age      ] GC(53) - age  12:     274896 bytes,    3751264 total
[2025-09-23T11:43:19.137+0000][66][gc,age      ] GC(53) - age  13:      11880 bytes,    3763144 total
[2025-09-23T11:43:19.137+0000][66][gc,age      ] GC(53) - age  14:       4168 bytes,    3767312 total
[2025-09-23T11:43:19.137+0000][66][gc,age      ] GC(53) - age  15:      51648 bytes,    3818960 total
[2025-09-23T11:43:19.137+0000][66][gc,heap     ] GC(53) Eden regions: 306->0(306)
[2025-09-23T11:43:19.137+0000][66][gc,heap     ] GC(53) Survivor regions: 1->1(39)
[2025-09-23T11:43:19.137+0000][66][gc,heap     ] GC(53) Old regions: 34->34
[2025-09-23T11:43:19.137+0000][66][gc,heap     ] GC(53) Archive regions: 2->2
[2025-09-23T11:43:19.137+0000][66][gc,heap     ] GC(53) Humongous regions: 4->4
[2025-09-23T11:43:19.137+0000][66][gc,metaspace] GC(53) Metaspace: 139307K(142784K)->139307K(142784K) NonClass: 121418K(123200K)->121418K(123200K) Class: 17889K(19584K)->17889K(19584K)
[2025-09-23T11:43:19.137+0000][66][gc          ] GC(53) Pause Young (Normal) (G1 Evacuation Pause) 1382M->159M(2048M) 20.518ms
[2025-09-23T11:43:19.137+0000][66][gc,cpu      ] GC(53) User=0.09s Sys=0.00s Real=0.02s
[2025-09-23T11:43:19.137+0000][66][safepoint   ] Safepoint "G1CollectForAllocation", Time since last: 5660174002 ns, Reaching safepoint: 229875 ns, At safepoint: 20764917 ns, Total: 20994792 ns
[2025-09-23T11:43:20.141+0000][66][safepoint   ] Safepoint "Cleanup", Time since last: 1000959542 ns, Reaching safepoint: 2624667 ns, At safepoint: 4291 ns, Total: 2628958 ns
[2025-09-23T11:43:27.151+0000][66][safepoint   ] Safepoint "Cleanup", Time since last: 7008785295 ns, Reaching safepoint: 1104625 ns, At safepoint: 23500 ns, Total: 1128125 ns
[2025-09-23T11:43:30.155+0000][66][safepoint   ] Safepoint "Cleanup", Time since last: 3003713252 ns, Reaching safepoint: 127833 ns, At safepoint: 8458 ns, Total: 136291 ns
[2025-09-23T11:43:36.510+0000][66][safepoint   ] Safepoint "Cleanup", Time since last: 6354817587 ns, Reaching safepoint: 589333 ns, At safepoint: 9958 ns, Total: 599291 ns
[2025-09-23T11:43:47.521+0000][66][safepoint   ] Safepoint "Cleanup", Time since last: 11013538547 ns, Reaching safepoint: 342042 ns, At safepoint: 4833 ns, Total: 346875 ns
[2025-09-23T11:44:04.541+0000][66][safepoint   ] Safepoint "Cleanup", Time since last: 17018526300 ns, Reaching safepoint: 850166 ns, At safepoint: 5667 ns, Total: 855833 ns
[2025-09-23T11:44:12.562+0000][66][safepoint   ] Safepoint "Cleanup", Time since last: 8012659629 ns, Reaching safepoint: 8441250 ns, At safepoint: 21583 ns, Total: 8462833 ns
[2025-09-23T11:44:13.573+0000][66][safepoint   ] Safepoint "Cleanup", Time since last: 1011082334 ns, Reaching safepoint: 378167 ns, At safepoint: 20166 ns, Total: 398333 ns
[2025-09-23T11:44:17.915+0000][66][gc,start    ] GC(54) Pause Young (Normal) (G1 Evacuation Pause)
[2025-09-23T11:44:17.915+0000][66][gc,task     ] GC(54) Using 8 workers of 8 for evacuation
[2025-09-23T11:44:17.915+0000][66][gc,age      ] GC(54) Desired survivor size 81788928 bytes, new threshold 15 (max threshold 15)
[2025-09-23T11:44:17.931+0000][66][gc,phases   ] GC(54)   Pre Evacuate Collection Set: 0.5ms
[2025-09-23T11:44:17.931+0000][66][gc,phases   ] GC(54)   Merge Heap Roots: 0.2ms
[2025-09-23T11:44:17.931+0000][66][gc,phases   ] GC(54)   Evacuate Collection Set: 11.4ms
[2025-09-23T11:44:17.931+0000][66][gc,phases   ] GC(54)   Post Evacuate Collection Set: 3.4ms
[2025-09-23T11:44:17.931+0000][66][gc,phases   ] GC(54)   Other: 0.4ms
[2025-09-23T11:44:17.931+0000][66][gc,age      ] GC(54) Age table with threshold 15 (max threshold 15)
[2025-09-23T11:44:17.931+0000][66][gc,age      ] GC(54) - age   1:    1791296 bytes,    1791296 total
[2025-09-23T11:44:17.931+0000][66][gc,age      ] GC(54) - age   2:     503144 bytes,    2294440 total
[2025-09-23T11:44:17.931+0000][66][gc,age      ] GC(54) - age   3:      22392 bytes,    2316832 total
[2025-09-23T11:44:17.931+0000][66][gc,age      ] GC(54) - age   4:      87448 bytes,    2404280 total
[2025-09-23T11:44:17.931+0000][66][gc,age      ] GC(54) - age   5:     121512 bytes,    2525792 total
[2025-09-23T11:44:17.931+0000][66][gc,age      ] GC(54) - age   6:       3864 bytes,    2529656 total
[2025-09-23T11:44:17.932+0000][66][gc,age      ] GC(54) - age   7:     118224 bytes,    2647880 total
[2025-09-23T11:44:17.932+0000][66][gc,age      ] GC(54) - age   8:     129152 bytes,    2777032 total
[2025-09-23T11:44:17.932+0000][66][gc,age      ] GC(54) - age   9:       4400 bytes,    2781432 total
[2025-09-23T11:44:17.932+0000][66][gc,age      ] GC(54) - age  10:      37952 bytes,    2819384 total
[2025-09-23T11:44:17.932+0000][66][gc,age      ] GC(54) - age  11:       5312 bytes,    2824696 total
[2025-09-23T11:44:17.932+0000][66][gc,age      ] GC(54) - age  12:       1664 bytes,    2826360 total
[2025-09-23T11:44:17.932+0000][66][gc,age      ] GC(54) - age  13:     274368 bytes,    3100728 total
[2025-09-23T11:44:17.932+0000][66][gc,age      ] GC(54) - age  14:      11880 bytes,    3112608 total
[2025-09-23T11:44:17.932+0000][66][gc,age      ] GC(54) - age  15:       4168 bytes,    3116776 total
[2025-09-23T11:44:17.932+0000][66][gc,heap     ] GC(54) Eden regions: 306->0(306)
[2025-09-23T11:44:17.932+0000][66][gc,heap     ] GC(54) Survivor regions: 1->1(39)
[2025-09-23T11:44:17.932+0000][66][gc,heap     ] GC(54) Old regions: 34->34
[2025-09-23T11:44:17.932+0000][66][gc,heap     ] GC(54) Archive regions: 2->2
[2025-09-23T11:44:17.932+0000][66][gc,heap     ] GC(54) Humongous regions: 4->4
[2025-09-23T11:44:17.932+0000][66][gc,metaspace] GC(54) Metaspace: 139327K(142784K)->139327K(142784K) NonClass: 121437K(123200K)->121437K(123200K) Class: 17889K(19584K)->17889K(19584K)
[2025-09-23T11:44:17.932+0000][66][gc          ] GC(54) Pause Young (Normal) (G1 Evacuation Pause) 1383M->159M(2048M) 17.573ms
[2025-09-23T11:44:17.932+0000][66][gc,cpu      ] GC(54) User=0.05s Sys=0.00s Real=0.02s
[2025-09-23T11:44:17.932+0000][66][safepoint   ] Safepoint "G1CollectForAllocation", Time since last: 4336358126 ns, Reaching safepoint: 379709 ns, At safepoint: 17870583 ns, Total: 18250292 ns
[2025-09-23T11:44:35.952+0000][66][safepoint   ] Safepoint "Cleanup", Time since last: 18018965675 ns, Reaching safepoint: 425042 ns, At safepoint: 14708 ns, Total: 439750 ns
[2025-09-23T11:44:41.960+0000][66][safepoint   ] Safepoint "Cleanup", Time since last: 6007653628 ns, Reaching safepoint: 603834 ns, At safepoint: 12708 ns, Total: 616542 ns
[2025-09-23T11:44:43.962+0000][66][safepoint   ] Safepoint "Cleanup", Time since last: 2002252043 ns, Reaching safepoint: 166291 ns, At safepoint: 5459 ns, Total: 171750 ns
[2025-09-23T11:44:47.969+0000][66][safepoint   ] Safepoint "Cleanup", Time since last: 4005318293 ns, Reaching safepoint: 855167 ns, At safepoint: 15458 ns, Total: 870625 ns
[2025-09-23T11:44:59.981+0000][66][safepoint   ] Safepoint "Cleanup", Time since last: 12011681422 ns, Reaching safepoint: 707917 ns, At safepoint: 9583 ns, Total: 717500 ns
[2025-09-23T11:45:04.987+0000][66][safepoint   ] Safepoint "Cleanup", Time since last: 5005245336 ns, Reaching safepoint: 489792 ns, At safepoint: 23500 ns, Total: 513292 ns
[2025-09-23T11:45:09.992+0000][66][safepoint   ] Safepoint "Cleanup", Time since last: 5004491544 ns, Reaching safepoint: 323458 ns, At safepoint: 5583 ns, Total: 329041 ns
[2025-09-23T11:45:11.579+0000][66][gc,start    ] GC(55) Pause Young (Normal) (G1 Evacuation Pause)
[2025-09-23T11:45:11.579+0000][66][gc,task     ] GC(55) Using 8 workers of 8 for evacuation
[2025-09-23T11:45:11.579+0000][66][gc,age      ] GC(55) Desired survivor size 81788928 bytes, new threshold 15 (max threshold 15)
[2025-09-23T11:45:11.600+0000][66][gc,phases   ] GC(55)   Pre Evacuate Collection Set: 0.5ms
[2025-09-23T11:45:11.600+0000][66][gc,phases   ] GC(55)   Merge Heap Roots: 0.2ms
[2025-09-23T11:45:11.600+0000][66][gc,phases   ] GC(55)   Evacuate Collection Set: 17.5ms
[2025-09-23T11:45:11.600+0000][66][gc,phases   ] GC(55)   Post Evacuate Collection Set: 2.4ms
[2025-09-23T11:45:11.600+0000][66][gc,phases   ] GC(55)   Other: 0.3ms
[2025-09-23T11:45:11.600+0000][66][gc,age      ] GC(55) Age table with threshold 15 (max threshold 15)
[2025-09-23T11:45:11.600+0000][66][gc,age      ] GC(55) - age   1:    4115312 bytes,    4115312 total
[2025-09-23T11:45:11.601+0000][66][gc,age      ] GC(55) - age   2:     105496 bytes,    4220808 total
[2025-09-23T11:45:11.601+0000][66][gc,age      ] GC(55) - age   3:     369648 bytes,    4590456 total
[2025-09-23T11:45:11.601+0000][66][gc,age      ] GC(55) - age   4:      21800 bytes,    4612256 total
[2025-09-23T11:45:11.601+0000][66][gc,age      ] GC(55) - age   5:      86736 bytes,    4698992 total
[2025-09-23T11:45:11.601+0000][66][gc,age      ] GC(55) - age   6:     121448 bytes,    4820440 total
[2025-09-23T11:45:11.601+0000][66][gc,age      ] GC(55) - age   7:       3656 bytes,    4824096 total
[2025-09-23T11:45:11.601+0000][66][gc,age      ] GC(55) - age   8:      79096 bytes,    4903192 total
[2025-09-23T11:45:11.601+0000][66][gc,age      ] GC(55) - age   9:     129064 bytes,    5032256 total
[2025-09-23T11:45:11.601+0000][66][gc,age      ] GC(55) - age  10:       4400 bytes,    5036656 total
[2025-09-23T11:45:11.601+0000][66][gc,age      ] GC(55) - age  11:      37952 bytes,    5074608 total
[2025-09-23T11:45:11.601+0000][66][gc,age      ] GC(55) - age  12:       5312 bytes,    5079920 total
[2025-09-23T11:45:11.601+0000][66][gc,age      ] GC(55) - age  13:       1664 bytes,    5081584 total
[2025-09-23T11:45:11.601+0000][66][gc,age      ] GC(55) - age  14:     274368 bytes,    5355952 total
[2025-09-23T11:45:11.601+0000][66][gc,age      ] GC(55) - age  15:      11880 bytes,    5367832 total
[2025-09-23T11:45:11.601+0000][66][gc,heap     ] GC(55) Eden regions: 306->0(305)
[2025-09-23T11:45:11.601+0000][66][gc,heap     ] GC(55) Survivor regions: 1->2(39)
[2025-09-23T11:45:11.601+0000][66][gc,heap     ] GC(55) Old regions: 34->34
[2025-09-23T11:45:11.601+0000][66][gc,heap     ] GC(55) Archive regions: 2->2
[2025-09-23T11:45:11.601+0000][66][gc,heap     ] GC(55) Humongous regions: 4->4
[2025-09-23T11:45:11.601+0000][66][gc,metaspace] GC(55) Metaspace: 139347K(142784K)->139347K(142784K) NonClass: 121457K(123200K)->121457K(123200K) Class: 17889K(19584K)->17889K(19584K)
[2025-09-23T11:45:11.601+0000][66][gc          ] GC(55) Pause Young (Normal) (G1 Evacuation Pause) 1383M->161M(2048M) 22.306ms
[2025-09-23T11:45:11.601+0000][66][gc,cpu      ] GC(55) User=0.09s Sys=0.00s Real=0.02s
[2025-09-23T11:45:11.601+0000][66][safepoint   ] Safepoint "G1CollectForAllocation", Time since last: 1585791751 ns, Reaching safepoint: 986625 ns, At safepoint: 22519000 ns, Total: 23505625 ns
[2025-09-23T11:45:13.603+0000][66][safepoint   ] Safepoint "Cleanup", Time since last: 2001426959 ns, Reaching safepoint: 150917 ns, At safepoint: 4792 ns, Total: 155709 ns
[2025-09-23T11:45:17.608+0000][66][safepoint   ] Safepoint "Cleanup", Time since last: 4003847667 ns, Reaching safepoint: 631417 ns, At safepoint: 8042 ns, Total: 639459 ns
[2025-09-23T11:45:24.614+0000][66][safepoint   ] Safepoint "Cleanup", Time since last: 7005451295 ns, Reaching safepoint: 879208 ns, At safepoint: 22208 ns, Total: 901416 ns
[2025-09-23T11:45:40.642+0000][66][safepoint   ] Safepoint "Cleanup", Time since last: 16026974841 ns, Reaching safepoint: 810209 ns, At safepoint: 9958 ns, Total: 820167 ns
[2025-09-23T11:45:44.652+0000][66][safepoint   ] Safepoint "Cleanup", Time since last: 4008477127 ns, Reaching safepoint: 727458 ns, At safepoint: 8833 ns, Total: 736291 ns
[2025-09-23T11:45:56.665+0000][66][safepoint   ] Safepoint "Cleanup", Time since last: 12012948173 ns, Reaching safepoint: 399250 ns, At safepoint: 9208 ns, Total: 408458 ns
[2025-09-23T11:46:07.257+0000][66][gc,start    ] GC(56) Pause Young (Normal) (G1 Evacuation Pause)
[2025-09-23T11:46:07.258+0000][66][gc,task     ] GC(56) Using 8 workers of 8 for evacuation
[2025-09-23T11:46:07.258+0000][66][gc,age      ] GC(56) Desired survivor size 81788928 bytes, new threshold 15 (max threshold 15)
[2025-09-23T11:46:07.293+0000][66][gc,phases   ] GC(56)   Pre Evacuate Collection Set: 1.0ms
[2025-09-23T11:46:07.293+0000][66][gc,phases   ] GC(56)   Merge Heap Roots: 0.3ms
[2025-09-23T11:46:07.293+0000][66][gc,phases   ] GC(56)   Evacuate Collection Set: 30.1ms
[2025-09-23T11:46:07.293+0000][66][gc,phases   ] GC(56)   Post Evacuate Collection Set: 2.4ms
[2025-09-23T11:46:07.293+0000][66][gc,phases   ] GC(56)   Other: 0.9ms
[2025-09-23T11:46:07.293+0000][66][gc,age      ] GC(56) Age table with threshold 15 (max threshold 15)
[2025-09-23T11:46:07.293+0000][66][gc,age      ] GC(56) - age   1:    4295904 bytes,    4295904 total
[2025-09-23T11:46:07.293+0000][66][gc,age      ] GC(56) - age   2:      85760 bytes,    4381664 total
[2025-09-23T11:46:07.293+0000][66][gc,age      ] GC(56) - age   3:     101864 bytes,    4483528 total
[2025-09-23T11:46:07.293+0000][66][gc,age      ] GC(56) - age   4:     328824 bytes,    4812352 total
[2025-09-23T11:46:07.293+0000][66][gc,age      ] GC(56) - age   5:      21344 bytes,    4833696 total
[2025-09-23T11:46:07.293+0000][66][gc,age      ] GC(56) - age   6:      86528 bytes,    4920224 total
[2025-09-23T11:46:07.293+0000][66][gc,age      ] GC(56) - age   7:      82056 bytes,    5002280 total
[2025-09-23T11:46:07.293+0000][66][gc,age      ] GC(56) - age   8:       3424 bytes,    5005704 total
[2025-09-23T11:46:07.293+0000][66][gc,age      ] GC(56) - age   9:      78968 bytes,    5084672 total
[2025-09-23T11:46:07.293+0000][66][gc,age      ] GC(56) - age  10:     128960 bytes,    5213632 total
[2025-09-23T11:46:07.293+0000][66][gc,age      ] GC(56) - age  11:       4400 bytes,    5218032 total
[2025-09-23T11:46:07.293+0000][66][gc,age      ] GC(56) - age  12:      37952 bytes,    5255984 total
[2025-09-23T11:46:07.293+0000][66][gc,age      ] GC(56) - age  13:       5312 bytes,    5261296 total
[2025-09-23T11:46:07.293+0000][66][gc,age      ] GC(56) - age  14:       1664 bytes,    5262960 total
[2025-09-23T11:46:07.293+0000][66][gc,age      ] GC(56) - age  15:     274368 bytes,    5537328 total
[2025-09-23T11:46:07.293+0000][66][gc,heap     ] GC(56) Eden regions: 305->0(305)
[2025-09-23T11:46:07.293+0000][66][gc,heap     ] GC(56) Survivor regions: 2->2(39)
[2025-09-23T11:46:07.293+0000][66][gc,heap     ] GC(56) Old regions: 34->34
[2025-09-23T11:46:07.293+0000][66][gc,heap     ] GC(56) Archive regions: 2->2
[2025-09-23T11:46:07.293+0000][66][gc,heap     ] GC(56) Humongous regions: 4->4
[2025-09-23T11:46:07.293+0000][66][gc,metaspace] GC(56) Metaspace: 139367K(142848K)->139367K(142848K) NonClass: 121476K(123264K)->121476K(123264K) Class: 17890K(19584K)->17890K(19584K)
[2025-09-23T11:46:07.293+0000][66][gc          ] GC(56) Pause Young (Normal) (G1 Evacuation Pause) 1381M->161M(2048M) 36.700ms
[2025-09-23T11:46:07.294+0000][66][gc,cpu      ] GC(56) User=0.13s Sys=0.00s Real=0.04s
[2025-09-23T11:46:07.294+0000][66][safepoint   ] Safepoint "G1CollectForAllocation", Time since last: 10590383047 ns, Reaching safepoint: 1281458 ns, At safepoint: 37009208 ns, Total: 38290666 ns
[2025-09-23T11:46:08.295+0000][66][safepoint   ] Safepoint "Cleanup", Time since last: 1001028043 ns, Reaching safepoint: 172666 ns, At safepoint: 5625 ns, Total: 178291 ns
[2025-09-23T11:46:09.296+0000][66][safepoint   ] Safepoint "Cleanup", Time since last: 1000709876 ns, Reaching safepoint: 269416 ns, At safepoint: 4500 ns, Total: 273916 ns
[2025-09-23T11:46:13.300+0000][66][safepoint   ] Safepoint "Cleanup", Time since last: 4003756002 ns, Reaching safepoint: 502334 ns, At safepoint: 4541 ns, Total: 506875 ns
[2025-09-23T11:46:14.303+0000][66][safepoint   ] Safepoint "Cleanup", Time since last: 1001864376 ns, Reaching safepoint: 925500 ns, At safepoint: 12125 ns, Total: 937625 ns
[2025-09-23T11:46:26.319+0000][66][safepoint   ] Safepoint "Cleanup", Time since last: 12013677755 ns, Reaching safepoint: 876375 ns, At safepoint: 76291 ns, Total: 952666 ns
[2025-09-23T11:46:37.336+0000][66][safepoint   ] Safepoint "Cleanup", Time since last: 11016105631 ns, Reaching safepoint: 559666 ns, At safepoint: 11000 ns, Total: 570666 ns
[2025-09-23T11:46:43.343+0000][66][safepoint   ] Safepoint "Cleanup", Time since last: 6006407795 ns, Reaching safepoint: 661875 ns, At safepoint: 51542 ns, Total: 713417 ns
[2025-09-23T11:46:51.452+0000][66][safepoint   ] Safepoint "Cleanup", Time since last: 8112237670 ns, Reaching safepoint: 1380791 ns, At safepoint: 23875 ns, Total: 1404666 ns
[2025-09-23T11:46:52.454+0000][66][safepoint   ] Safepoint "Cleanup", Time since last: 1001641334 ns, Reaching safepoint: 328750 ns, At safepoint: 3834 ns, Total: 332584 ns
[2025-09-23T11:46:53.455+0000][66][safepoint   ] Safepoint "Cleanup", Time since last: 1000591958 ns, Reaching safepoint: 267459 ns, At safepoint: 7083 ns, Total: 274542 ns
[2025-09-23T11:46:56.458+0000][66][safepoint   ] Safepoint "Cleanup", Time since last: 3002704752 ns, Reaching safepoint: 220166 ns, At safepoint: 3750 ns, Total: 223916 ns
[2025-09-23T11:46:57.459+0000][66][safepoint   ] Safepoint "Cleanup", Time since last: 1000847834 ns, Reaching safepoint: 251250 ns, At safepoint: 10792 ns, Total: 262042 ns
[2025-09-23T11:46:58.460+0000][66][safepoint   ] Safepoint "Cleanup", Time since last: 1000682042 ns, Reaching safepoint: 162416 ns, At safepoint: 5750 ns, Total: 168166 ns
[2025-09-23T11:46:59.461+0000][66][safepoint   ] Safepoint "Cleanup", Time since last: 1000836793 ns, Reaching safepoint: 377750 ns, At safepoint: 4208 ns, Total: 381958 ns
[2025-09-23T11:47:02.464+0000][66][safepoint   ] Safepoint "Cleanup", Time since last: 3002627293 ns, Reaching safepoint: 240042 ns, At safepoint: 7666 ns, Total: 247708 ns
[2025-09-23T11:47:12.265+0000][66][gc,start    ] GC(57) Pause Young (Normal) (G1 Evacuation Pause)
[2025-09-23T11:47:12.266+0000][66][gc,task     ] GC(57) Using 8 workers of 8 for evacuation
[2025-09-23T11:47:12.266+0000][66][gc,age      ] GC(57) Desired survivor size 81788928 bytes, new threshold 15 (max threshold 15)
[2025-09-23T11:47:12.285+0000][66][gc,phases   ] GC(57)   Pre Evacuate Collection Set: 0.5ms
[2025-09-23T11:47:12.285+0000][66][gc,phases   ] GC(57)   Merge Heap Roots: 0.1ms
[2025-09-23T11:47:12.285+0000][66][gc,phases   ] GC(57)   Evacuate Collection Set: 14.6ms
[2025-09-23T11:47:12.285+0000][66][gc,phases   ] GC(57)   Post Evacuate Collection Set: 3.4ms
[2025-09-23T11:47:12.285+0000][66][gc,phases   ] GC(57)   Other: 0.3ms
[2025-09-23T11:47:12.285+0000][66][gc,age      ] GC(57) Age table with threshold 15 (max threshold 15)
[2025-09-23T11:47:12.285+0000][66][gc,age      ] GC(57) - age   1:    4845080 bytes,    4845080 total
[2025-09-23T11:47:12.285+0000][66][gc,age      ] GC(57) - age   2:     187776 bytes,    5032856 total
[2025-09-23T11:47:12.285+0000][66][gc,age      ] GC(57) - age   3:      82720 bytes,    5115576 total
[2025-09-23T11:47:12.285+0000][66][gc,age      ] GC(57) - age   4:     100568 bytes,    5216144 total
[2025-09-23T11:47:12.285+0000][66][gc,age      ] GC(57) - age   5:     327176 bytes,    5543320 total
[2025-09-23T11:47:12.285+0000][66][gc,age      ] GC(57) - age   6:      20944 bytes,    5564264 total
[2025-09-23T11:47:12.285+0000][66][gc,age      ] GC(57) - age   7:      47528 bytes,    5611792 total
[2025-09-23T11:47:12.285+0000][66][gc,age      ] GC(57) - age   8:      42944 bytes,    5654736 total
[2025-09-23T11:47:12.285+0000][66][gc,age      ] GC(57) - age   9:       3256 bytes,    5657992 total
[2025-09-23T11:47:12.285+0000][66][gc,age      ] GC(57) - age  10:      53048 bytes,    5711040 total
[2025-09-23T11:47:12.285+0000][66][gc,age      ] GC(57) - age  11:     128960 bytes,    5840000 total
[2025-09-23T11:47:12.285+0000][66][gc,age      ] GC(57) - age  12:       4296 bytes,    5844296 total
[2025-09-23T11:47:12.285+0000][66][gc,age      ] GC(57) - age  13:       2896 bytes,    5847192 total
[2025-09-23T11:47:12.285+0000][66][gc,age      ] GC(57) - age  14:       5312 bytes,    5852504 total
[2025-09-23T11:47:12.285+0000][66][gc,age      ] GC(57) - age  15:       1664 bytes,    5854168 total
[2025-09-23T11:47:12.285+0000][66][gc,heap     ] GC(57) Eden regions: 305->0(305)
[2025-09-23T11:47:12.285+0000][66][gc,heap     ] GC(57) Survivor regions: 2->2(39)
[2025-09-23T11:47:12.285+0000][66][gc,heap     ] GC(57) Old regions: 34->35
[2025-09-23T11:47:12.285+0000][66][gc,heap     ] GC(57) Archive regions: 2->2
[2025-09-23T11:47:12.286+0000][66][gc,heap     ] GC(57) Humongous regions: 4->4
[2025-09-23T11:47:12.286+0000][66][gc,metaspace] GC(57) Metaspace: 139370K(142848K)->139370K(142848K) NonClass: 121479K(123264K)->121479K(123264K) Class: 17890K(19584K)->17890K(19584K)
[2025-09-23T11:47:12.286+0000][66][gc          ] GC(57) Pause Young (Normal) (G1 Evacuation Pause) 1381M->162M(2048M) 20.211ms
[2025-09-23T11:47:12.286+0000][66][gc,cpu      ] GC(57) User=0.09s Sys=0.01s Real=0.02s
[2025-09-23T11:47:12.286+0000][66][safepoint   ] Safepoint "G1CollectForAllocation", Time since last: 9800678797 ns, Reaching safepoint: 424000 ns, At safepoint: 20465666 ns, Total: 20889666 ns
[2025-09-23T11:47:13.287+0000][66][safepoint   ] Safepoint "Cleanup", Time since last: 1001578793 ns, Reaching safepoint: 111708 ns, At safepoint: 9500 ns, Total: 121208 ns
[2025-09-23T11:47:20.308+0000][66][safepoint   ] Safepoint "Cleanup", Time since last: 7009142295 ns, Reaching safepoint: 5985916 ns, At safepoint: 924917 ns, Total: 6910833 ns
[2025-09-23T11:47:21.339+0000][66][safepoint   ] Safepoint "Cleanup", Time since last: 1030403250 ns, Reaching safepoint: 165375 ns, At safepoint: 8959 ns, Total: 174334 ns
[2025-09-23T11:47:24.342+0000][66][safepoint   ] Safepoint "Cleanup", Time since last: 3002869793 ns, Reaching safepoint: 168208 ns, At safepoint: 4834 ns, Total: 173042 ns
[2025-09-23T11:47:28.349+0000][66][safepoint   ] Safepoint "Cleanup", Time since last: 4005105043 ns, Reaching safepoint: 1731792 ns, At safepoint: 71916 ns, Total: 1803708 ns
[2025-09-23T11:47:33.355+0000][66][safepoint   ] Safepoint "Cleanup", Time since last: 5005917878 ns, Reaching safepoint: 243833 ns, At safepoint: 9125 ns, Total: 252958 ns
[2025-09-23T11:47:44.365+0000][66][safepoint   ] Safepoint "Cleanup", Time since last: 11009789047 ns, Reaching safepoint: 538000 ns, At safepoint: 7042 ns, Total: 545042 ns
[2025-09-23T11:47:47.369+0000][66][safepoint   ] Safepoint "Cleanup", Time since last: 3003394376 ns, Reaching safepoint: 549542 ns, At safepoint: 4000 ns, Total: 553542 ns
[2025-09-23T11:48:02.388+0000][66][safepoint   ] Safepoint "Cleanup", Time since last: 15015898007 ns, Reaching safepoint: 3009416 ns, At safepoint: 13167 ns, Total: 3022583 ns
[2025-09-23T11:48:03.392+0000][66][safepoint   ] Safepoint "Cleanup", Time since last: 1003593001 ns, Reaching safepoint: 423125 ns, At safepoint: 13250 ns, Total: 436375 ns
[2025-09-23T11:48:19.207+0000][66][gc,start    ] GC(58) Pause Young (Normal) (G1 Evacuation Pause)
[2025-09-23T11:48:19.209+0000][66][gc,task     ] GC(58) Using 8 workers of 8 for evacuation
[2025-09-23T11:48:19.209+0000][66][gc,age      ] GC(58) Desired survivor size 81788928 bytes, new threshold 15 (max threshold 15)
[2025-09-23T11:48:19.225+0000][66][gc,phases   ] GC(58)   Pre Evacuate Collection Set: 0.4ms
[2025-09-23T11:48:19.225+0000][66][gc,phases   ] GC(58)   Merge Heap Roots: 0.1ms
[2025-09-23T11:48:19.225+0000][66][gc,phases   ] GC(58)   Evacuate Collection Set: 10.6ms
[2025-09-23T11:48:19.225+0000][66][gc,phases   ] GC(58)   Post Evacuate Collection Set: 4.3ms
[2025-09-23T11:48:19.226+0000][66][gc,phases   ] GC(58)   Other: 2.3ms
[2025-09-23T11:48:19.226+0000][66][gc,age      ] GC(58) Age table with threshold 15 (max threshold 15)
[2025-09-23T11:48:19.226+0000][66][gc,age      ] GC(58) - age   1:    5483160 bytes,    5483160 total
[2025-09-23T11:48:19.226+0000][66][gc,age      ] GC(58) - age   2:     109832 bytes,    5592992 total
[2025-09-23T11:48:19.226+0000][66][gc,age      ] GC(58) - age   3:      47400 bytes,    5640392 total
[2025-09-23T11:48:19.226+0000][66][gc,age      ] GC(58) - age   4:      43120 bytes,    5683512 total
[2025-09-23T11:48:19.226+0000][66][gc,age      ] GC(58) - age   5:      81832 bytes,    5765344 total
[2025-09-23T11:48:19.226+0000][66][gc,age      ] GC(58) - age   6:     213936 bytes,    5979280 total
[2025-09-23T11:48:19.226+0000][66][gc,age      ] GC(58) - age   7:      20944 bytes,    6000224 total
[2025-09-23T11:48:19.226+0000][66][gc,age      ] GC(58) - age   8:      47400 bytes,    6047624 total
[2025-09-23T11:48:19.226+0000][66][gc,age      ] GC(58) - age   9:      42944 bytes,    6090568 total
[2025-09-23T11:48:19.226+0000][66][gc,age      ] GC(58) - age  10:       3256 bytes,    6093824 total
[2025-09-23T11:48:19.226+0000][66][gc,age      ] GC(58) - age  11:      53048 bytes,    6146872 total
[2025-09-23T11:48:19.226+0000][66][gc,age      ] GC(58) - age  12:     128736 bytes,    6275608 total
[2025-09-23T11:48:19.226+0000][66][gc,age      ] GC(58) - age  13:       4168 bytes,    6279776 total
[2025-09-23T11:48:19.226+0000][66][gc,age      ] GC(58) - age  14:       2712 bytes,    6282488 total
[2025-09-23T11:48:19.226+0000][66][gc,age      ] GC(58) - age  15:       5312 bytes,    6287800 total
[2025-09-23T11:48:19.226+0000][66][gc,heap     ] GC(58) Eden regions: 305->0(305)
[2025-09-23T11:48:19.226+0000][66][gc,heap     ] GC(58) Survivor regions: 2->2(39)
[2025-09-23T11:48:19.226+0000][66][gc,heap     ] GC(58) Old regions: 35->35
[2025-09-23T11:48:19.226+0000][66][gc,heap     ] GC(58) Archive regions: 2->2
[2025-09-23T11:48:19.226+0000][66][gc,heap     ] GC(58) Humongous regions: 4->4
[2025-09-23T11:48:19.226+0000][66][gc,metaspace] GC(58) Metaspace: 139387K(142912K)->139387K(142912K) NonClass: 121496K(123328K)->121496K(123328K) Class: 17890K(19584K)->17890K(19584K)
[2025-09-23T11:48:19.226+0000][66][gc          ] GC(58) Pause Young (Normal) (G1 Evacuation Pause) 1382M->162M(2048M) 19.487ms
[2025-09-23T11:48:19.227+0000][66][gc,cpu      ] GC(58) User=0.06s Sys=0.00s Real=0.02s
[2025-09-23T11:48:19.227+0000][66][safepoint   ] Safepoint "G1CollectForAllocation", Time since last: 15811316965 ns, Reaching safepoint: 693042 ns, At safepoint: 21411625 ns, Total: 22104667 ns
[2025-09-23T11:48:33.241+0000][66][safepoint   ] Safepoint "Cleanup", Time since last: 14014060381 ns, Reaching safepoint: 340875 ns, At safepoint: 5667 ns, Total: 346542 ns
[2025-09-23T11:48:36.244+0000][66][safepoint   ] Safepoint "Cleanup", Time since last: 3002676960 ns, Reaching safepoint: 357500 ns, At safepoint: 5250 ns, Total: 362750 ns
[2025-09-23T11:48:41.251+0000][66][safepoint   ] Safepoint "Cleanup", Time since last: 5006617961 ns, Reaching safepoint: 537083 ns, At safepoint: 12667 ns, Total: 549750 ns
[2025-09-23T11:48:42.253+0000][66][safepoint   ] Safepoint "Cleanup", Time since last: 1001474333 ns, Reaching safepoint: 270792 ns, At safepoint: 4042 ns, Total: 274834 ns
[2025-09-23T11:48:47.259+0000][66][safepoint   ] Safepoint "Cleanup", Time since last: 5004703709 ns, Reaching safepoint: 570584 ns, At safepoint: 11458 ns, Total: 582042 ns
[2025-09-23T11:48:48.260+0000][66][safepoint   ] Safepoint "Cleanup", Time since last: 1001444459 ns, Reaching safepoint: 251417 ns, At safepoint: 4583 ns, Total: 256000 ns
[2025-09-23T11:49:13.286+0000][66][safepoint   ] Safepoint "Cleanup", Time since last: 25024187304 ns, Reaching safepoint: 904500 ns, At safepoint: 8708 ns, Total: 913208 ns
[2025-09-23T11:49:17.291+0000][66][safepoint   ] Safepoint "Cleanup", Time since last: 4004640876 ns, Reaching safepoint: 188500 ns, At safepoint: 8000 ns, Total: 196500 ns
[2025-09-23T11:49:17.759+0000][66][gc,start    ] GC(59) Pause Young (Normal) (G1 Evacuation Pause)
[2025-09-23T11:49:17.760+0000][66][gc,task     ] GC(59) Using 8 workers of 8 for evacuation
[2025-09-23T11:49:17.760+0000][66][gc,age      ] GC(59) Desired survivor size 81788928 bytes, new threshold 15 (max threshold 15)
[2025-09-23T11:49:17.770+0000][66][gc,phases   ] GC(59)   Pre Evacuate Collection Set: 0.4ms
[2025-09-23T11:49:17.770+0000][66][gc,phases   ] GC(59)   Merge Heap Roots: 0.1ms
[2025-09-23T11:49:17.770+0000][66][gc,phases   ] GC(59)   Evacuate Collection Set: 7.4ms
[2025-09-23T11:49:17.770+0000][66][gc,phases   ] GC(59)   Post Evacuate Collection Set: 2.2ms
[2025-09-23T11:49:17.770+0000][66][gc,phases   ] GC(59)   Other: 0.3ms
[2025-09-23T11:49:17.770+0000][66][gc,age      ] GC(59) Age table with threshold 15 (max threshold 15)
[2025-09-23T11:49:17.770+0000][66][gc,age      ] GC(59) - age   1:    2777072 bytes,    2777072 total
[2025-09-23T11:49:17.770+0000][66][gc,age      ] GC(59) - age   2:    1528800 bytes,    4305872 total
[2025-09-23T11:49:17.770+0000][66][gc,age      ] GC(59) - age   3:      64792 bytes,    4370664 total
[2025-09-23T11:49:17.770+0000][66][gc,age      ] GC(59) - age   4:      45736 bytes,    4416400 total
[2025-09-23T11:49:17.770+0000][66][gc,age      ] GC(59) - age   5:      42584 bytes,    4458984 total
[2025-09-23T11:49:17.770+0000][66][gc,age      ] GC(59) - age   6:      81768 bytes,    4540752 total
[2025-09-23T11:49:17.770+0000][66][gc,age      ] GC(59) - age   7:     213640 bytes,    4754392 total
[2025-09-23T11:49:17.770+0000][66][gc,age      ] GC(59) - age   8:      20816 bytes,    4775208 total
[2025-09-23T11:49:17.770+0000][66][gc,age      ] GC(59) - age   9:      47336 bytes,    4822544 total
[2025-09-23T11:49:17.770+0000][66][gc,age      ] GC(59) - age  10:      42816 bytes,    4865360 total
[2025-09-23T11:49:17.771+0000][66][gc,age      ] GC(59) - age  11:       3256 bytes,    4868616 total
[2025-09-23T11:49:17.771+0000][66][gc,age      ] GC(59) - age  12:      53048 bytes,    4921664 total
[2025-09-23T11:49:17.771+0000][66][gc,age      ] GC(59) - age  13:     104432 bytes,    5026096 total
[2025-09-23T11:49:17.771+0000][66][gc,age      ] GC(59) - age  14:       4104 bytes,    5030200 total
[2025-09-23T11:49:17.771+0000][66][gc,age      ] GC(59) - age  15:       2712 bytes,    5032912 total
[2025-09-23T11:49:17.771+0000][66][gc,heap     ] GC(59) Eden regions: 305->0(305)
[2025-09-23T11:49:17.771+0000][66][gc,heap     ] GC(59) Survivor regions: 2->2(39)
[2025-09-23T11:49:17.771+0000][66][gc,heap     ] GC(59) Old regions: 35->35
[2025-09-23T11:49:17.771+0000][66][gc,heap     ] GC(59) Archive regions: 2->2
[2025-09-23T11:49:17.771+0000][66][gc,heap     ] GC(59) Humongous regions: 4->4
[2025-09-23T11:49:17.771+0000][66][gc,metaspace] GC(59) Metaspace: 139394K(142912K)->139394K(142912K) NonClass: 121503K(123328K)->121503K(123328K) Class: 17890K(19584K)->17890K(19584K)
[2025-09-23T11:49:17.771+0000][66][gc          ] GC(59) Pause Young (Normal) (G1 Evacuation Pause) 1382M->161M(2048M) 11.385ms
[2025-09-23T11:49:17.771+0000][66][gc,cpu      ] GC(59) User=0.06s Sys=0.00s Real=0.01s
[2025-09-23T11:49:17.771+0000][66][safepoint   ] Safepoint "G1CollectForAllocation", Time since last: 468190042 ns, Reaching safepoint: 97084 ns, At safepoint: 11549083 ns, Total: 11646167 ns
[2025-09-23T11:49:23.777+0000][66][safepoint   ] Safepoint "Cleanup", Time since last: 6005989295 ns, Reaching safepoint: 402916 ns, At safepoint: 17917 ns, Total: 420833 ns
[2025-09-23T11:49:38.794+0000][66][safepoint   ] Safepoint "Cleanup", Time since last: 15016581840 ns, Reaching safepoint: 494917 ns, At safepoint: 10917 ns, Total: 505834 ns
[2025-09-23T11:49:42.800+0000][66][safepoint   ] Safepoint "Cleanup", Time since last: 4004553877 ns, Reaching safepoint: 511291 ns, At safepoint: 7917 ns, Total: 519208 ns
[2025-09-23T11:49:49.807+0000][66][safepoint   ] Safepoint "Cleanup", Time since last: 7007392627 ns, Reaching safepoint: 577584 ns, At safepoint: 7416 ns, Total: 585000 ns
[2025-09-23T11:50:02.821+0000][66][safepoint   ] Safepoint "Cleanup", Time since last: 13013516965 ns, Reaching safepoint: 632875 ns, At safepoint: 12042 ns, Total: 644917 ns
[2025-09-23T11:50:14.142+0000][66][gc,start    ] GC(60) Pause Young (Normal) (G1 Evacuation Pause)
[2025-09-23T11:50:14.143+0000][66][gc,task     ] GC(60) Using 8 workers of 8 for evacuation
[2025-09-23T11:50:14.143+0000][66][gc,age      ] GC(60) Desired survivor size 81788928 bytes, new threshold 15 (max threshold 15)
[2025-09-23T11:50:14.157+0000][66][gc,phases   ] GC(60)   Pre Evacuate Collection Set: 0.5ms
[2025-09-23T11:50:14.157+0000][66][gc,phases   ] GC(60)   Merge Heap Roots: 0.3ms
[2025-09-23T11:50:14.157+0000][66][gc,phases   ] GC(60)   Evacuate Collection Set: 9.3ms
[2025-09-23T11:50:14.157+0000][66][gc,phases   ] GC(60)   Post Evacuate Collection Set: 2.9ms
[2025-09-23T11:50:14.157+0000][66][gc,phases   ] GC(60)   Other: 1.5ms
[2025-09-23T11:50:14.157+0000][66][gc,age      ] GC(60) Age table with threshold 15 (max threshold 15)
[2025-09-23T11:50:14.158+0000][66][gc,age      ] GC(60) - age   1:    1689848 bytes,    1689848 total
[2025-09-23T11:50:14.158+0000][66][gc,age      ] GC(60) - age   2:     275944 bytes,    1965792 total
[2025-09-23T11:50:14.158+0000][66][gc,age      ] GC(60) - age   3:    1524176 bytes,    3489968 total
[2025-09-23T11:50:14.158+0000][66][gc,age      ] GC(60) - age   4:      63496 bytes,    3553464 total
[2025-09-23T11:50:14.158+0000][66][gc,age      ] GC(60) - age   5:      44960 bytes,    3598424 total
[2025-09-23T11:50:14.158+0000][66][gc,age      ] GC(60) - age   6:      42520 bytes,    3640944 total
[2025-09-23T11:50:14.158+0000][66][gc,age      ] GC(60) - age   7:      81312 bytes,    3722256 total
[2025-09-23T11:50:14.158+0000][66][gc,age      ] GC(60) - age   8:     213512 bytes,    3935768 total
[2025-09-23T11:50:14.158+0000][66][gc,age      ] GC(60) - age   9:      20816 bytes,    3956584 total
[2025-09-23T11:50:14.158+0000][66][gc,age      ] GC(60) - age  10:      47336 bytes,    4003920 total
[2025-09-23T11:50:14.158+0000][66][gc,age      ] GC(60) - age  11:      42232 bytes,    4046152 total
[2025-09-23T11:50:14.158+0000][66][gc,age      ] GC(60) - age  12:       3256 bytes,    4049408 total
[2025-09-23T11:50:14.158+0000][66][gc,age      ] GC(60) - age  13:      52720 bytes,    4102128 total
[2025-09-23T11:50:14.158+0000][66][gc,age      ] GC(60) - age  14:     104432 bytes,    4206560 total
[2025-09-23T11:50:14.158+0000][66][gc,age      ] GC(60) - age  15:       4104 bytes,    4210664 total
[2025-09-23T11:50:14.158+0000][66][gc,heap     ] GC(60) Eden regions: 305->0(305)
[2025-09-23T11:50:14.158+0000][66][gc,heap     ] GC(60) Survivor regions: 2->2(39)
[2025-09-23T11:50:14.158+0000][66][gc,heap     ] GC(60) Old regions: 35->35
[2025-09-23T11:50:14.158+0000][66][gc,heap     ] GC(60) Archive regions: 2->2
[2025-09-23T11:50:14.158+0000][66][gc,heap     ] GC(60) Humongous regions: 4->4
[2025-09-23T11:50:14.158+0000][66][gc,metaspace] GC(60) Metaspace: 139398K(142912K)->139398K(142912K) NonClass: 121507K(123328K)->121507K(123328K) Class: 17890K(19584K)->17890K(19584K)
[2025-09-23T11:50:14.159+0000][66][gc          ] GC(60) Pause Young (Normal) (G1 Evacuation Pause) 1381M->160M(2048M) 17.163ms
[2025-09-23T11:50:14.159+0000][66][gc,cpu      ] GC(60) User=0.07s Sys=0.00s Real=0.01s
[2025-09-23T11:50:14.159+0000][66][safepoint   ] Safepoint "G1CollectForAllocation", Time since last: 11319497630 ns, Reaching safepoint: 663125 ns, At safepoint: 17459208 ns, Total: 18122333 ns
[2025-09-23T11:50:18.165+0000][66][safepoint   ] Safepoint "Cleanup", Time since last: 4004656627 ns, Reaching safepoint: 721083 ns, At safepoint: 4083 ns, Total: 725166 ns
[2025-09-23T11:50:21.169+0000][66][safepoint   ] Safepoint "Cleanup", Time since last: 3003304668 ns, Reaching safepoint: 585250 ns, At safepoint: 41875 ns, Total: 627125 ns
[2025-09-23T11:50:38.192+0000][66][safepoint   ] Safepoint "Cleanup", Time since last: 17022341592 ns, Reaching safepoint: 611291 ns, At safepoint: 67125 ns, Total: 678416 ns
[2025-09-23T11:51:05.221+0000][66][safepoint   ] Safepoint "Cleanup", Time since last: 27029316638 ns, Reaching safepoint: 1870750 ns, At safepoint: 9500 ns, Total: 1880250 ns
[2025-09-23T11:51:12.196+0000][66][gc,start    ] GC(61) Pause Young (Normal) (G1 Evacuation Pause)
[2025-09-23T11:51:12.197+0000][66][gc,task     ] GC(61) Using 8 workers of 8 for evacuation
[2025-09-23T11:51:12.197+0000][66][gc,age      ] GC(61) Desired survivor size 81788928 bytes, new threshold 15 (max threshold 15)
[2025-09-23T11:51:12.213+0000][66][gc,phases   ] GC(61)   Pre Evacuate Collection Set: 0.4ms
[2025-09-23T11:51:12.213+0000][66][gc,phases   ] GC(61)   Merge Heap Roots: 0.2ms
[2025-09-23T11:51:12.213+0000][66][gc,phases   ] GC(61)   Evacuate Collection Set: 12.8ms
[2025-09-23T11:51:12.213+0000][66][gc,phases   ] GC(61)   Post Evacuate Collection Set: 2.4ms
[2025-09-23T11:51:12.213+0000][66][gc,phases   ] GC(61)   Other: 0.3ms
[2025-09-23T11:51:12.213+0000][66][gc,age      ] GC(61) Age table with threshold 15 (max threshold 15)
[2025-09-23T11:51:12.213+0000][66][gc,age      ] GC(61) - age   1:    4377328 bytes,    4377328 total
[2025-09-23T11:51:12.213+0000][66][gc,age      ] GC(61) - age   2:     283280 bytes,    4660608 total
[2025-09-23T11:51:12.213+0000][66][gc,age      ] GC(61) - age   3:      79520 bytes,    4740128 total
[2025-09-23T11:51:12.213+0000][66][gc,age      ] GC(61) - age   4:    1484200 bytes,    6224328 total
[2025-09-23T11:51:12.213+0000][66][gc,age      ] GC(61) - age   5:      22560 bytes,    6246888 total
[2025-09-23T11:51:12.213+0000][66][gc,age      ] GC(61) - age   6:       5232 bytes,    6252120 total
[2025-09-23T11:51:12.213+0000][66][gc,age      ] GC(61) - age   7:       3304 bytes,    6255424 total
[2025-09-23T11:51:12.213+0000][66][gc,age      ] GC(61) - age   8:       6336 bytes,    6261760 total
[2025-09-23T11:51:12.213+0000][66][gc,age      ] GC(61) - age   9:     176848 bytes,    6438608 total
[2025-09-23T11:51:12.213+0000][66][gc,age      ] GC(61) - age  10:      18720 bytes,    6457328 total
[2025-09-23T11:51:12.213+0000][66][gc,age      ] GC(61) - age  11:       8272 bytes,    6465600 total
[2025-09-23T11:51:12.213+0000][66][gc,age      ] GC(61) - age  12:       3976 bytes,    6469576 total
[2025-09-23T11:51:12.213+0000][66][gc,age      ] GC(61) - age  13:       3256 bytes,    6472832 total
[2025-09-23T11:51:12.213+0000][66][gc,age      ] GC(61) - age  14:      52720 bytes,    6525552 total
[2025-09-23T11:51:12.213+0000][66][gc,age      ] GC(61) - age  15:     104248 bytes,    6629800 total
[2025-09-23T11:51:12.213+0000][66][gc,heap     ] GC(61) Eden regions: 305->0(305)
[2025-09-23T11:51:12.213+0000][66][gc,heap     ] GC(61) Survivor regions: 2->2(39)
[2025-09-23T11:51:12.213+0000][66][gc,heap     ] GC(61) Old regions: 35->35
[2025-09-23T11:51:12.213+0000][66][gc,heap     ] GC(61) Archive regions: 2->2
[2025-09-23T11:51:12.213+0000][66][gc,heap     ] GC(61) Humongous regions: 4->4
[2025-09-23T11:51:12.213+0000][66][gc,metaspace] GC(61) Metaspace: 139398K(142912K)->139398K(142912K) NonClass: 121507K(123328K)->121507K(123328K) Class: 17890K(19584K)->17890K(19584K)
[2025-09-23T11:51:12.213+0000][66][gc          ] GC(61) Pause Young (Normal) (G1 Evacuation Pause) 1380M->162M(2048M) 17.633ms
[2025-09-23T11:51:12.213+0000][66][gc,cpu      ] GC(61) User=0.09s Sys=0.00s Real=0.02s
[2025-09-23T11:51:12.213+0000][66][safepoint   ] Safepoint "G1CollectForAllocation", Time since last: 6974237711 ns, Reaching safepoint: 328500 ns, At safepoint: 17821917 ns, Total: 18150417 ns
[2025-09-23T11:51:13.215+0000][66][safepoint   ] Safepoint "Cleanup", Time since last: 1000726834 ns, Reaching safepoint: 389042 ns, At safepoint: 11833 ns, Total: 400875 ns
[2025-09-23T11:51:24.229+0000][66][safepoint   ] Safepoint "Cleanup", Time since last: 11010561463 ns, Reaching safepoint: 374083 ns, At safepoint: 82542 ns, Total: 456625 ns
[2025-09-23T11:52:10.585+0000][66][gc,start    ] GC(62) Pause Young (Normal) (G1 Evacuation Pause)
[2025-09-23T11:52:10.585+0000][66][gc,task     ] GC(62) Using 8 workers of 8 for evacuation
[2025-09-23T11:52:10.585+0000][66][gc,age      ] GC(62) Desired survivor size 81788928 bytes, new threshold 15 (max threshold 15)
[2025-09-23T11:52:10.605+0000][66][gc,phases   ] GC(62)   Pre Evacuate Collection Set: 0.4ms
[2025-09-23T11:52:10.605+0000][66][gc,phases   ] GC(62)   Merge Heap Roots: 0.2ms
[2025-09-23T11:52:10.605+0000][66][gc,phases   ] GC(62)   Evacuate Collection Set: 16.1ms
[2025-09-23T11:52:10.605+0000][66][gc,phases   ] GC(62)   Post Evacuate Collection Set: 2.6ms
[2025-09-23T11:52:10.605+0000][66][gc,phases   ] GC(62)   Other: 0.3ms
[2025-09-23T11:52:10.605+0000][66][gc,age      ] GC(62) Age table with threshold 15 (max threshold 15)
[2025-09-23T11:52:10.605+0000][66][gc,age      ] GC(62) - age   1:    4377112 bytes,    4377112 total
[2025-09-23T11:52:10.605+0000][66][gc,age      ] GC(62) - age   2:     175880 bytes,    4552992 total
[2025-09-23T11:52:10.605+0000][66][gc,age      ] GC(62) - age   3:     163624 bytes,    4716616 total
[2025-09-23T11:52:10.605+0000][66][gc,age      ] GC(62) - age   4:      39128 bytes,    4755744 total
[2025-09-23T11:52:10.605+0000][66][gc,age      ] GC(62) - age   5:    1443056 bytes,    6198800 total
[2025-09-23T11:52:10.605+0000][66][gc,age      ] GC(62) - age   6:      22080 bytes,    6220880 total
[2025-09-23T11:52:10.605+0000][66][gc,age      ] GC(62) - age   7:       5064 bytes,    6225944 total
[2025-09-23T11:52:10.605+0000][66][gc,age      ] GC(62) - age   8:       3304 bytes,    6229248 total
[2025-09-23T11:52:10.605+0000][66][gc,age      ] GC(62) - age   9:       6272 bytes,    6235520 total
[2025-09-23T11:52:10.605+0000][66][gc,age      ] GC(62) - age  10:     176848 bytes,    6412368 total
[2025-09-23T11:52:10.605+0000][66][gc,age      ] GC(62) - age  11:      17472 bytes,    6429840 total
[2025-09-23T11:52:10.605+0000][66][gc,age      ] GC(62) - age  12:       8272 bytes,    6438112 total
[2025-09-23T11:52:10.605+0000][66][gc,age      ] GC(62) - age  13:       3976 bytes,    6442088 total
[2025-09-23T11:52:10.605+0000][66][gc,age      ] GC(62) - age  14:       3192 bytes,    6445280 total
[2025-09-23T11:52:10.605+0000][66][gc,age      ] GC(62) - age  15:      52720 bytes,    6498000 total
[2025-09-23T11:52:10.605+0000][66][gc,heap     ] GC(62) Eden regions: 305->0(305)
[2025-09-23T11:52:10.605+0000][66][gc,heap     ] GC(62) Survivor regions: 2->2(39)
[2025-09-23T11:52:10.605+0000][66][gc,heap     ] GC(62) Old regions: 35->35
[2025-09-23T11:52:10.605+0000][66][gc,heap     ] GC(62) Archive regions: 2->2
[2025-09-23T11:52:10.605+0000][66][gc,heap     ] GC(62) Humongous regions: 4->4
[2025-09-23T11:52:10.605+0000][66][gc,metaspace] GC(62) Metaspace: 139407K(142912K)->139407K(142912K) NonClass: 121517K(123328K)->121517K(123328K) Class: 17890K(19584K)->17890K(19584K)
[2025-09-23T11:52:10.606+0000][66][gc          ] GC(62) Pause Young (Normal) (G1 Evacuation Pause) 1382M->163M(2048M) 21.048ms
[2025-09-23T11:52:10.606+0000][66][gc,cpu      ] GC(62) User=0.12s Sys=0.00s Real=0.02s
[2025-09-23T11:52:10.606+0000][66][safepoint   ] Safepoint "G1CollectForAllocation", Time since last: 46354743730 ns, Reaching safepoint: 375416 ns, At safepoint: 21279792 ns, Total: 21655208 ns
[2025-09-23T11:52:13.611+0000][66][safepoint   ] Safepoint "Cleanup", Time since last: 3004231626 ns, Reaching safepoint: 575000 ns, At safepoint: 12167 ns, Total: 587167 ns
[2025-09-23T11:52:29.627+0000][66][safepoint   ] Safepoint "Cleanup", Time since last: 16015321590 ns, Reaching safepoint: 518542 ns, At safepoint: 4042 ns, Total: 522584 ns
[2025-09-23T11:52:31.630+0000][66][safepoint   ] Safepoint "Cleanup", Time since last: 2002550001 ns, Reaching safepoint: 400375 ns, At safepoint: 12708 ns, Total: 413083 ns
[2025-09-23T11:52:32.631+0000][66][safepoint   ] Safepoint "Cleanup", Time since last: 1000571375 ns, Reaching safepoint: 436542 ns, At safepoint: 73167 ns, Total: 509709 ns
[2025-09-23T11:52:33.633+0000][66][safepoint   ] Safepoint "Cleanup", Time since last: 1001460875 ns, Reaching safepoint: 99834 ns, At safepoint: 4416 ns, Total: 104250 ns
[2025-09-23T11:52:44.662+0000][66][safepoint   ] Safepoint "Cleanup", Time since last: 11019975089 ns, Reaching safepoint: 6964666 ns, At safepoint: 213500 ns, Total: 7178166 ns
[2025-09-23T11:52:46.319+0000][66][safepoint   ] Safepoint "Cleanup", Time since last: 1658761918 ns, Reaching safepoint: 849458 ns, At safepoint: 10292 ns, Total: 859750 ns
[2025-09-23T11:52:50.325+0000][66][safepoint   ] Safepoint "Cleanup", Time since last: 4005107752 ns, Reaching safepoint: 516041 ns, At safepoint: 4334 ns, Total: 520375 ns
[2025-09-23T11:53:02.345+0000][66][safepoint   ] Safepoint "Cleanup", Time since last: 12015532255 ns, Reaching safepoint: 4597125 ns, At safepoint: 27000 ns, Total: 4624125 ns
[2025-09-23T11:53:04.735+0000][66][gc,start    ] GC(63) Pause Young (Normal) (G1 Evacuation Pause)
[2025-09-23T11:53:04.737+0000][66][gc,task     ] GC(63) Using 8 workers of 8 for evacuation
[2025-09-23T11:53:04.737+0000][66][gc,age      ] GC(63) Desired survivor size 81788928 bytes, new threshold 15 (max threshold 15)
[2025-09-23T11:53:04.748+0000][66][gc,phases   ] GC(63)   Pre Evacuate Collection Set: 0.5ms
[2025-09-23T11:53:04.748+0000][66][gc,phases   ] GC(63)   Merge Heap Roots: 0.3ms
[2025-09-23T11:53:04.748+0000][66][gc,phases   ] GC(63)   Evacuate Collection Set: 7.6ms
[2025-09-23T11:53:04.748+0000][66][gc,phases   ] GC(63)   Post Evacuate Collection Set: 2.1ms
[2025-09-23T11:53:04.748+0000][66][gc,phases   ] GC(63)   Other: 0.4ms
[2025-09-23T11:53:04.748+0000][66][gc,age      ] GC(63) Age table with threshold 15 (max threshold 15)
[2025-09-23T11:53:04.748+0000][66][gc,age      ] GC(63) - age   1:    2892648 bytes,    2892648 total
[2025-09-23T11:53:04.748+0000][66][gc,age      ] GC(63) - age   2:     165488 bytes,    3058136 total
[2025-09-23T11:53:04.748+0000][66][gc,age      ] GC(63) - age   3:     173016 bytes,    3231152 total
[2025-09-23T11:53:04.748+0000][66][gc,age      ] GC(63) - age   4:     122976 bytes,    3354128 total
[2025-09-23T11:53:04.748+0000][66][gc,age      ] GC(63) - age   5:      18160 bytes,    3372288 total
[2025-09-23T11:53:04.748+0000][66][gc,age      ] GC(63) - age   6:    1129320 bytes,    4501608 total
[2025-09-23T11:53:04.748+0000][66][gc,age      ] GC(63) - age   7:      21856 bytes,    4523464 total
[2025-09-23T11:53:04.748+0000][66][gc,age      ] GC(63) - age   8:       5064 bytes,    4528528 total
[2025-09-23T11:53:04.748+0000][66][gc,age      ] GC(63) - age   9:       3304 bytes,    4531832 total
[2025-09-23T11:53:04.748+0000][66][gc,age      ] GC(63) - age  10:       6048 bytes,    4537880 total
[2025-09-23T11:53:04.748+0000][66][gc,age      ] GC(63) - age  11:      13872 bytes,    4551752 total
[2025-09-23T11:53:04.748+0000][66][gc,age      ] GC(63) - age  12:      16736 bytes,    4568488 total
[2025-09-23T11:53:04.748+0000][66][gc,age      ] GC(63) - age  13:       8272 bytes,    4576760 total
[2025-09-23T11:53:04.748+0000][66][gc,age      ] GC(63) - age  14:       3976 bytes,    4580736 total
[2025-09-23T11:53:04.748+0000][66][gc,age      ] GC(63) - age  15:       3192 bytes,    4583928 total
[2025-09-23T11:53:04.748+0000][66][gc,heap     ] GC(63) Eden regions: 305->0(305)
[2025-09-23T11:53:04.748+0000][66][gc,heap     ] GC(63) Survivor regions: 2->2(39)
[2025-09-23T11:53:04.748+0000][66][gc,heap     ] GC(63) Old regions: 35->35
[2025-09-23T11:53:04.748+0000][66][gc,heap     ] GC(63) Archive regions: 2->2
[2025-09-23T11:53:04.748+0000][66][gc,heap     ] GC(63) Humongous regions: 4->4
[2025-09-23T11:53:04.748+0000][66][gc,metaspace] GC(63) Metaspace: 139427K(142912K)->139427K(142912K) NonClass: 121535K(123328K)->121535K(123328K) Class: 17891K(19584K)->17891K(19584K)
[2025-09-23T11:53:04.749+0000][66][gc          ] GC(63) Pause Young (Normal) (G1 Evacuation Pause) 1383M->161M(2048M) 13.991ms
[2025-09-23T11:53:04.749+0000][66][gc,cpu      ] GC(63) User=0.05s Sys=0.00s Real=0.01s
[2025-09-23T11:53:04.749+0000][66][safepoint   ] Safepoint "G1CollectForAllocation", Time since last: 2389092626 ns, Reaching safepoint: 106959 ns, At safepoint: 14215583 ns, Total: 14322542 ns
[2025-09-23T11:53:05.751+0000][66][safepoint   ] Safepoint "Cleanup", Time since last: 1001102792 ns, Reaching safepoint: 1038542 ns, At safepoint: 23333 ns, Total: 1061875 ns
[2025-09-23T11:53:08.754+0000][66][safepoint   ] Safepoint "Cleanup", Time since last: 3002774835 ns, Reaching safepoint: 311167 ns, At safepoint: 4083 ns, Total: 315250 ns
[2025-09-23T11:53:14.767+0000][66][safepoint   ] Safepoint "Cleanup", Time since last: 6011975086 ns, Reaching safepoint: 373375 ns, At safepoint: 58500 ns, Total: 431875 ns
[2025-09-23T11:53:17.770+0000][66][safepoint   ] Safepoint "Cleanup", Time since last: 3002279210 ns, Reaching safepoint: 498375 ns, At safepoint: 10333 ns, Total: 508708 ns
[2025-09-23T11:53:19.774+0000][66][safepoint   ] Safepoint "Cleanup", Time since last: 2003821709 ns, Reaching safepoint: 444875 ns, At safepoint: 10375 ns, Total: 455250 ns
[2025-09-23T11:53:20.775+0000][66][safepoint   ] Safepoint "Cleanup", Time since last: 1001223501 ns, Reaching safepoint: 94333 ns, At safepoint: 15792 ns, Total: 110125 ns
[2025-09-23T11:53:22.780+0000][66][safepoint   ] Safepoint "Cleanup", Time since last: 2003874917 ns, Reaching safepoint: 343084 ns, At safepoint: 42333 ns, Total: 385417 ns
[2025-09-23T11:53:25.783+0000][66][safepoint   ] Safepoint "Cleanup", Time since last: 3002744710 ns, Reaching safepoint: 790083 ns, At safepoint: 8083 ns, Total: 798166 ns
[2025-09-23T11:53:27.789+0000][66][safepoint   ] Safepoint "Cleanup", Time since last: 2005121751 ns, Reaching safepoint: 309417 ns, At safepoint: 9458 ns, Total: 318875 ns
[2025-09-23T11:53:32.793+0000][66][safepoint   ] Safepoint "Cleanup", Time since last: 5003723586 ns, Reaching safepoint: 952459 ns, At safepoint: 9583 ns, Total: 962042 ns
[2025-09-23T11:53:44.810+0000][66][safepoint   ] Safepoint "Cleanup", Time since last: 12013783046 ns, Reaching safepoint: 896542 ns, At safepoint: 7833 ns, Total: 904375 ns
[2025-09-23T11:53:56.825+0000][66][safepoint   ] Safepoint "Cleanup", Time since last: 12015246631 ns, Reaching safepoint: 444333 ns, At safepoint: 4375 ns, Total: 448708 ns
[2025-09-23T11:53:58.055+0000][66][gc,start    ] GC(64) Pause Young (Normal) (G1 Evacuation Pause)
[2025-09-23T11:53:58.056+0000][66][gc,task     ] GC(64) Using 8 workers of 8 for evacuation
[2025-09-23T11:53:58.056+0000][66][gc,age      ] GC(64) Desired survivor size 81788928 bytes, new threshold 15 (max threshold 15)
[2025-09-23T11:53:58.067+0000][66][gc,phases   ] GC(64)   Pre Evacuate Collection Set: 0.4ms
[2025-09-23T11:53:58.067+0000][66][gc,phases   ] GC(64)   Merge Heap Roots: 0.2ms
[2025-09-23T11:53:58.067+0000][66][gc,phases   ] GC(64)   Evacuate Collection Set: 7.7ms
[2025-09-23T11:53:58.067+0000][66][gc,phases   ] GC(64)   Post Evacuate Collection Set: 1.9ms
[2025-09-23T11:53:58.067+0000][66][gc,phases   ] GC(64)   Other: 0.6ms
[2025-09-23T11:53:58.067+0000][66][gc,age      ] GC(64) Age table with threshold 15 (max threshold 15)
[2025-09-23T11:53:58.067+0000][66][gc,age      ] GC(64) - age   1:    2225784 bytes,    2225784 total
[2025-09-23T11:53:58.067+0000][66][gc,age      ] GC(64) - age   2:     404648 bytes,    2630432 total
[2025-09-23T11:53:58.067+0000][66][gc,age      ] GC(64) - age   3:     123064 bytes,    2753496 total
[2025-09-23T11:53:58.067+0000][66][gc,age      ] GC(64) - age   4:     131248 bytes,    2884744 total
[2025-09-23T11:53:58.067+0000][66][gc,age      ] GC(64) - age   5:      44472 bytes,    2929216 total
[2025-09-23T11:53:58.067+0000][66][gc,age      ] GC(64) - age   6:      17840 bytes,    2947056 total
[2025-09-23T11:53:58.067+0000][66][gc,age      ] GC(64) - age   7:    1128808 bytes,    4075864 total
[2025-09-23T11:53:58.067+0000][66][gc,age      ] GC(64) - age   8:      21264 bytes,    4097128 total
[2025-09-23T11:53:58.067+0000][66][gc,age      ] GC(64) - age   9:       5064 bytes,    4102192 total
[2025-09-23T11:53:58.067+0000][66][gc,age      ] GC(64) - age  10:       3304 bytes,    4105496 total
[2025-09-23T11:53:58.067+0000][66][gc,age      ] GC(64) - age  11:       5984 bytes,    4111480 total
[2025-09-23T11:53:58.067+0000][66][gc,age      ] GC(64) - age  12:      13872 bytes,    4125352 total
[2025-09-23T11:53:58.067+0000][66][gc,age      ] GC(64) - age  13:      16736 bytes,    4142088 total
[2025-09-23T11:53:58.067+0000][66][gc,age      ] GC(64) - age  14:       8272 bytes,    4150360 total
[2025-09-23T11:53:58.067+0000][66][gc,age      ] GC(64) - age  15:       3976 bytes,    4154336 total
[2025-09-23T11:53:58.067+0000][66][gc,heap     ] GC(64) Eden regions: 305->0(305)
[2025-09-23T11:53:58.067+0000][66][gc,heap     ] GC(64) Survivor regions: 2->2(39)
[2025-09-23T11:53:58.067+0000][66][gc,heap     ] GC(64) Old regions: 35->35
[2025-09-23T11:53:58.067+0000][66][gc,heap     ] GC(64) Archive regions: 2->2
[2025-09-23T11:53:58.067+0000][66][gc,heap     ] GC(64) Humongous regions: 4->4
[2025-09-23T11:53:58.067+0000][66][gc,metaspace] GC(64) Metaspace: 139438K(142912K)->139438K(142912K) NonClass: 121547K(123328K)->121547K(123328K) Class: 17891K(19584K)->17891K(19584K)
[2025-09-23T11:53:58.067+0000][66][gc          ] GC(64) Pause Young (Normal) (G1 Evacuation Pause) 1381M->160M(2048M) 12.025ms
[2025-09-23T11:53:58.068+0000][66][gc,cpu      ] GC(64) User=0.06s Sys=0.00s Real=0.02s
[2025-09-23T11:53:58.068+0000][66][safepoint   ] Safepoint "G1CollectForAllocation", Time since last: 1229973584 ns, Reaching safepoint: 167750 ns, At safepoint: 12228667 ns, Total: 12396417 ns
[2025-09-23T11:54:22.673+0000][66][safepoint   ] Safepoint "Cleanup", Time since last: 24605192345 ns, Reaching safepoint: 384500 ns, At safepoint: 7250 ns, Total: 391750 ns
[2025-09-23T11:54:33.687+0000][66][safepoint   ] Safepoint "Cleanup", Time since last: 11013598713 ns, Reaching safepoint: 648375 ns, At safepoint: 11084 ns, Total: 659459 ns
[2025-09-23T11:54:50.781+0000][66][gc,start    ] GC(65) Pause Young (Normal) (G1 Evacuation Pause)
[2025-09-23T11:54:50.781+0000][66][gc,task     ] GC(65) Using 8 workers of 8 for evacuation
[2025-09-23T11:54:50.781+0000][66][gc,age      ] GC(65) Desired survivor size 81788928 bytes, new threshold 15 (max threshold 15)
[2025-09-23T11:54:50.795+0000][66][gc,phases   ] GC(65)   Pre Evacuate Collection Set: 0.7ms
[2025-09-23T11:54:50.795+0000][66][gc,phases   ] GC(65)   Merge Heap Roots: 0.4ms
[2025-09-23T11:54:50.796+0000][66][gc,phases   ] GC(65)   Evacuate Collection Set: 9.3ms
[2025-09-23T11:54:50.796+0000][66][gc,phases   ] GC(65)   Post Evacuate Collection Set: 2.8ms
[2025-09-23T11:54:50.796+0000][66][gc,phases   ] GC(65)   Other: 0.9ms
[2025-09-23T11:54:50.796+0000][66][gc,age      ] GC(65) Age table with threshold 15 (max threshold 15)
[2025-09-23T11:54:50.796+0000][66][gc,age      ] GC(65) - age   1:    1812432 bytes,    1812432 total
[2025-09-23T11:54:50.796+0000][66][gc,age      ] GC(65) - age   2:     275920 bytes,    2088352 total
[2025-09-23T11:54:50.796+0000][66][gc,age      ] GC(65) - age   3:     273976 bytes,    2362328 total
[2025-09-23T11:54:50.796+0000][66][gc,age      ] GC(65) - age   4:      82088 bytes,    2444416 total
[2025-09-23T11:54:50.796+0000][66][gc,age      ] GC(65) - age   5:      67880 bytes,    2512296 total
[2025-09-23T11:54:50.796+0000][66][gc,age      ] GC(65) - age   6:      43432 bytes,    2555728 total
[2025-09-23T11:54:50.796+0000][66][gc,age      ] GC(65) - age   7:      17656 bytes,    2573384 total
[2025-09-23T11:54:50.796+0000][66][gc,age      ] GC(65) - age   8:    1128560 bytes,    3701944 total
[2025-09-23T11:54:50.796+0000][66][gc,age      ] GC(65) - age   9:      21264 bytes,    3723208 total
[2025-09-23T11:54:50.796+0000][66][gc,age      ] GC(65) - age  10:       5064 bytes,    3728272 total
[2025-09-23T11:54:50.796+0000][66][gc,age      ] GC(65) - age  11:       3304 bytes,    3731576 total
[2025-09-23T11:54:50.796+0000][66][gc,age      ] GC(65) - age  12:       5528 bytes,    3737104 total
[2025-09-23T11:54:50.796+0000][66][gc,age      ] GC(65) - age  13:      13872 bytes,    3750976 total
[2025-09-23T11:54:50.796+0000][66][gc,age      ] GC(65) - age  14:      16736 bytes,    3767712 total
[2025-09-23T11:54:50.796+0000][66][gc,age      ] GC(65) - age  15:       8272 bytes,    3775984 total
[2025-09-23T11:54:50.796+0000][66][gc,heap     ] GC(65) Eden regions: 305->0(306)
[2025-09-23T11:54:50.797+0000][66][gc,heap     ] GC(65) Survivor regions: 2->1(39)
[2025-09-23T11:54:50.797+0000][66][gc,heap     ] GC(65) Old regions: 35->35
[2025-09-23T11:54:50.797+0000][66][gc,heap     ] GC(65) Archive regions: 2->2
[2025-09-23T11:54:50.797+0000][66][gc,heap     ] GC(65) Humongous regions: 4->4
[2025-09-23T11:54:50.797+0000][66][gc,metaspace] GC(65) Metaspace: 139447K(142912K)->139447K(142912K) NonClass: 121556K(123328K)->121556K(123328K) Class: 17891K(19584K)->17891K(19584K)
[2025-09-23T11:54:50.797+0000][66][gc          ] GC(65) Pause Young (Normal) (G1 Evacuation Pause) 1380M->160M(2048M) 15.940ms
[2025-09-23T11:54:50.797+0000][66][gc,cpu      ] GC(65) User=0.07s Sys=0.01s Real=0.01s
[2025-09-23T11:54:50.797+0000][66][safepoint   ] Safepoint "G1CollectForAllocation", Time since last: 17092043215 ns, Reaching safepoint: 497042 ns, At safepoint: 16218833 ns, Total: 16715875 ns
[2025-09-23T11:54:53.801+0000][66][safepoint   ] Safepoint "Cleanup", Time since last: 3003761418 ns, Reaching safepoint: 651000 ns, At safepoint: 14625 ns, Total: 665625 ns
[2025-09-23T11:54:56.806+0000][66][safepoint   ] Safepoint "Cleanup", Time since last: 3004143252 ns, Reaching safepoint: 147333 ns, At safepoint: 4042 ns, Total: 151375 ns
[2025-09-23T11:55:44.552+0000][66][gc,start    ] GC(66) Pause Young (Normal) (G1 Evacuation Pause)
[2025-09-23T11:55:44.553+0000][66][gc,task     ] GC(66) Using 8 workers of 8 for evacuation
[2025-09-23T11:55:44.553+0000][66][gc,age      ] GC(66) Desired survivor size 81788928 bytes, new threshold 15 (max threshold 15)
[2025-09-23T11:55:44.563+0000][66][gc,phases   ] GC(66)   Pre Evacuate Collection Set: 0.4ms
[2025-09-23T11:55:44.563+0000][66][gc,phases   ] GC(66)   Merge Heap Roots: 0.2ms
[2025-09-23T11:55:44.563+0000][66][gc,phases   ] GC(66)   Evacuate Collection Set: 6.4ms
[2025-09-23T11:55:44.563+0000][66][gc,phases   ] GC(66)   Post Evacuate Collection Set: 2.0ms
[2025-09-23T11:55:44.563+0000][66][gc,phases   ] GC(66)   Other: 0.6ms
[2025-09-23T11:55:44.563+0000][66][gc,age      ] GC(66) Age table with threshold 15 (max threshold 15)
[2025-09-23T11:55:44.563+0000][66][gc,age      ] GC(66) - age   1:    2924320 bytes,    2924320 total
[2025-09-23T11:55:44.563+0000][66][gc,age      ] GC(66) - age   2:     163320 bytes,    3087640 total
[2025-09-23T11:55:44.563+0000][66][gc,age      ] GC(66) - age   3:     106288 bytes,    3193928 total
[2025-09-23T11:55:44.563+0000][66][gc,age      ] GC(66) - age   4:     264672 bytes,    3458600 total
[2025-09-23T11:55:44.563+0000][66][gc,age      ] GC(66) - age   5:      81496 bytes,    3540096 total
[2025-09-23T11:55:44.563+0000][66][gc,age      ] GC(66) - age   6:      67480 bytes,    3607576 total
[2025-09-23T11:55:44.563+0000][66][gc,age      ] GC(66) - age   7:       4432 bytes,    3612008 total
[2025-09-23T11:55:44.563+0000][66][gc,age      ] GC(66) - age   8:      13816 bytes,    3625824 total
[2025-09-23T11:55:44.563+0000][66][gc,age      ] GC(66) - age   9:    1128560 bytes,    4754384 total
[2025-09-23T11:55:44.563+0000][66][gc,age      ] GC(66) - age  10:      21200 bytes,    4775584 total
[2025-09-23T11:55:44.563+0000][66][gc,age      ] GC(66) - age  11:       5064 bytes,    4780648 total
[2025-09-23T11:55:44.563+0000][66][gc,age      ] GC(66) - age  12:       3304 bytes,    4783952 total
[2025-09-23T11:55:44.563+0000][66][gc,age      ] GC(66) - age  13:       5464 bytes,    4789416 total
[2025-09-23T11:55:44.563+0000][66][gc,age      ] GC(66) - age  14:      13872 bytes,    4803288 total
[2025-09-23T11:55:44.563+0000][66][gc,age      ] GC(66) - age  15:      16736 bytes,    4820024 total
[2025-09-23T11:55:44.563+0000][66][gc,heap     ] GC(66) Eden regions: 306->0(305)
[2025-09-23T11:55:44.563+0000][66][gc,heap     ] GC(66) Survivor regions: 1->2(39)
[2025-09-23T11:55:44.563+0000][66][gc,heap     ] GC(66) Old regions: 35->35
[2025-09-23T11:55:44.563+0000][66][gc,heap     ] GC(66) Archive regions: 2->2
[2025-09-23T11:55:44.563+0000][66][gc,heap     ] GC(66) Humongous regions: 4->4
[2025-09-23T11:55:44.563+0000][66][gc,metaspace] GC(66) Metaspace: 139449K(142912K)->139449K(142912K) NonClass: 121558K(123328K)->121558K(123328K) Class: 17891K(19584K)->17891K(19584K)
[2025-09-23T11:55:44.564+0000][66][gc          ] GC(66) Pause Young (Normal) (G1 Evacuation Pause) 1384M->161M(2048M) 11.832ms
[2025-09-23T11:55:44.564+0000][66][gc,cpu      ] GC(66) User=0.05s Sys=0.00s Real=0.01s
[2025-09-23T11:55:44.564+0000][66][safepoint   ] Safepoint "G1CollectForAllocation", Time since last: 47746221897 ns, Reaching safepoint: 205583 ns, At safepoint: 11990125 ns, Total: 12195708 ns
[2025-09-23T11:55:45.566+0000][66][safepoint   ] Safepoint "Cleanup", Time since last: 1000405584 ns, Reaching safepoint: 86791 ns, At safepoint: 6459 ns, Total: 93250 ns
[2025-09-23T11:55:51.573+0000][66][safepoint   ] Safepoint "Cleanup", Time since last: 6007241877 ns, Reaching safepoint: 679375 ns, At safepoint: 8250 ns, Total: 687625 ns
[2025-09-23T11:55:57.579+0000][66][safepoint   ] Safepoint "Cleanup", Time since last: 6005245337 ns, Reaching safepoint: 453583 ns, At safepoint: 15375 ns, Total: 468958 ns
[2025-09-23T11:56:06.591+0000][66][safepoint   ] Safepoint "Cleanup", Time since last: 9011534129 ns, Reaching safepoint: 613750 ns, At safepoint: 19000 ns, Total: 632750 ns
[2025-09-23T11:56:13.601+0000][66][safepoint   ] Safepoint "Cleanup", Time since last: 7009181795 ns, Reaching safepoint: 673917 ns, At safepoint: 10208 ns, Total: 684125 ns
[2025-09-23T11:56:14.603+0000][66][safepoint   ] Safepoint "Cleanup", Time since last: 1001243501 ns, Reaching safepoint: 75500 ns, At safepoint: 3750 ns, Total: 79250 ns
[2025-09-23T11:56:21.611+0000][66][safepoint   ] Safepoint "Cleanup", Time since last: 7008014377 ns, Reaching safepoint: 524375 ns, At safepoint: 16084 ns, Total: 540459 ns
[2025-09-23T11:56:25.618+0000][66][safepoint   ] Safepoint "Cleanup", Time since last: 4005549085 ns, Reaching safepoint: 1633083 ns, At safepoint: 71834 ns, Total: 1704917 ns
[2025-09-23T11:56:37.797+0000][66][gc,start    ] GC(67) Pause Young (Normal) (G1 Evacuation Pause)
[2025-09-23T11:56:37.797+0000][66][gc,task     ] GC(67) Using 8 workers of 8 for evacuation
[2025-09-23T11:56:37.797+0000][66][gc,age      ] GC(67) Desired survivor size 81788928 bytes, new threshold 15 (max threshold 15)
[2025-09-23T11:56:37.815+0000][66][gc,phases   ] GC(67)   Pre Evacuate Collection Set: 1.1ms
[2025-09-23T11:56:37.815+0000][66][gc,phases   ] GC(67)   Merge Heap Roots: 0.9ms
[2025-09-23T11:56:37.815+0000][66][gc,phases   ] GC(67)   Evacuate Collection Set: 12.8ms
[2025-09-23T11:56:37.815+0000][66][gc,phases   ] GC(67)   Post Evacuate Collection Set: 2.2ms
[2025-09-23T11:56:37.815+0000][66][gc,phases   ] GC(67)   Other: 0.5ms
[2025-09-23T11:56:37.815+0000][66][gc,age      ] GC(67) Age table with threshold 15 (max threshold 15)
[2025-09-23T11:56:37.815+0000][66][gc,age      ] GC(67) - age   1:    2806192 bytes,    2806192 total
[2025-09-23T11:56:37.815+0000][66][gc,age      ] GC(67) - age   2:     255704 bytes,    3061896 total
[2025-09-23T11:56:37.815+0000][66][gc,age      ] GC(67) - age   3:     105488 bytes,    3167384 total
[2025-09-23T11:56:37.815+0000][66][gc,age      ] GC(67) - age   4:     105504 bytes,    3272888 total
[2025-09-23T11:56:37.815+0000][66][gc,age      ] GC(67) - age   5:     225104 bytes,    3497992 total
[2025-09-23T11:56:37.815+0000][66][gc,age      ] GC(67) - age   6:      81432 bytes,    3579424 total
[2025-09-23T11:56:37.815+0000][66][gc,age      ] GC(67) - age   7:      67280 bytes,    3646704 total
[2025-09-23T11:56:37.815+0000][66][gc,age      ] GC(67) - age   8:       4328 bytes,    3651032 total
[2025-09-23T11:56:37.815+0000][66][gc,age      ] GC(67) - age   9:      13752 bytes,    3664784 total
[2025-09-23T11:56:37.815+0000][66][gc,age      ] GC(67) - age  10:    1128496 bytes,    4793280 total
[2025-09-23T11:56:37.815+0000][66][gc,age      ] GC(67) - age  11:      21200 bytes,    4814480 total
[2025-09-23T11:56:37.815+0000][66][gc,age      ] GC(67) - age  12:       5064 bytes,    4819544 total
[2025-09-23T11:56:37.815+0000][66][gc,age      ] GC(67) - age  13:       3112 bytes,    4822656 total
[2025-09-23T11:56:37.815+0000][66][gc,age      ] GC(67) - age  14:       5464 bytes,    4828120 total
[2025-09-23T11:56:37.815+0000][66][gc,age      ] GC(67) - age  15:      13872 bytes,    4841992 total
[2025-09-23T11:56:37.815+0000][66][gc,heap     ] GC(67) Eden regions: 305->0(305)
[2025-09-23T11:56:37.815+0000][66][gc,heap     ] GC(67) Survivor regions: 2->2(39)
[2025-09-23T11:56:37.815+0000][66][gc,heap     ] GC(67) Old regions: 35->35
[2025-09-23T11:56:37.815+0000][66][gc,heap     ] GC(67) Archive regions: 2->2
[2025-09-23T11:56:37.815+0000][66][gc,heap     ] GC(67) Humongous regions: 4->4
[2025-09-23T11:56:37.815+0000][66][gc,metaspace] GC(67) Metaspace: 139459K(142912K)->139459K(142912K) NonClass: 121568K(123328K)->121568K(123328K) Class: 17891K(19584K)->17891K(19584K)
[2025-09-23T11:56:37.815+0000][66][gc          ] GC(67) Pause Young (Normal) (G1 Evacuation Pause) 1381M->161M(2048M) 18.987ms
[2025-09-23T11:56:37.816+0000][66][gc,cpu      ] GC(67) User=0.10s Sys=0.00s Real=0.02s
[2025-09-23T11:56:37.816+0000][66][safepoint   ] Safepoint "G1CollectForAllocation", Time since last: 12177766131 ns, Reaching safepoint: 416458 ns, At safepoint: 19192750 ns, Total: 19609208 ns
[2025-09-23T11:57:04.845+0000][66][safepoint   ] Safepoint "Cleanup", Time since last: 27026730804 ns, Reaching safepoint: 1600333 ns, At safepoint: 10959 ns, Total: 1611292 ns
[2025-09-23T11:57:06.849+0000][66][safepoint   ] Safepoint "Cleanup", Time since last: 2003238792 ns, Reaching safepoint: 631917 ns, At safepoint: 16292 ns, Total: 648209 ns
[2025-09-23T11:57:13.856+0000][66][safepoint   ] Safepoint "Cleanup", Time since last: 7006500211 ns, Reaching safepoint: 490000 ns, At safepoint: 24375 ns, Total: 514375 ns
[2025-09-23T11:57:16.859+0000][66][safepoint   ] Safepoint "Cleanup", Time since last: 3002486960 ns, Reaching safepoint: 163125 ns, At safepoint: 5333 ns, Total: 168458 ns
[2025-09-23T11:57:23.867+0000][66][safepoint   ] Safepoint "Cleanup", Time since last: 7007970087 ns, Reaching safepoint: 524625 ns, At safepoint: 11708 ns, Total: 536333 ns
[2025-09-23T11:57:25.874+0000][66][safepoint   ] Safepoint "Cleanup", Time since last: 2004361918 ns, Reaching safepoint: 2161000 ns, At safepoint: 10667 ns, Total: 2171667 ns
[2025-09-23T11:57:26.516+0000][66][gc,start    ] GC(68) Pause Young (Normal) (G1 Evacuation Pause)
[2025-09-23T11:57:26.516+0000][66][gc,task     ] GC(68) Using 8 workers of 8 for evacuation
[2025-09-23T11:57:26.516+0000][66][gc,age      ] GC(68) Desired survivor size 81788928 bytes, new threshold 15 (max threshold 15)
[2025-09-23T11:57:26.527+0000][66][gc,phases   ] GC(68)   Pre Evacuate Collection Set: 0.5ms
[2025-09-23T11:57:26.527+0000][66][gc,phases   ] GC(68)   Merge Heap Roots: 0.3ms
[2025-09-23T11:57:26.527+0000][66][gc,phases   ] GC(68)   Evacuate Collection Set: 7.8ms
[2025-09-23T11:57:26.527+0000][66][gc,phases   ] GC(68)   Post Evacuate Collection Set: 2.0ms
[2025-09-23T11:57:26.527+0000][66][gc,phases   ] GC(68)   Other: 0.3ms
[2025-09-23T11:57:26.527+0000][66][gc,age      ] GC(68) Age table with threshold 15 (max threshold 15)
[2025-09-23T11:57:26.527+0000][66][gc,age      ] GC(68) - age   1:    1273424 bytes,    1273424 total
[2025-09-23T11:57:26.527+0000][66][gc,age      ] GC(68) - age   2:     220424 bytes,    1493848 total
[2025-09-23T11:57:26.527+0000][66][gc,age      ] GC(68) - age   3:     120960 bytes,    1614808 total
[2025-09-23T11:57:26.527+0000][66][gc,age      ] GC(68) - age   4:     104640 bytes,    1719448 total
[2025-09-23T11:57:26.527+0000][66][gc,age      ] GC(68) - age   5:     102992 bytes,    1822440 total
[2025-09-23T11:57:26.527+0000][66][gc,age      ] GC(68) - age   6:     224848 bytes,    2047288 total
[2025-09-23T11:57:26.527+0000][66][gc,age      ] GC(68) - age   7:      81032 bytes,    2128320 total
[2025-09-23T11:57:26.528+0000][66][gc,age      ] GC(68) - age   8:      67216 bytes,    2195536 total
[2025-09-23T11:57:26.528+0000][66][gc,age      ] GC(68) - age   9:       4328 bytes,    2199864 total
[2025-09-23T11:57:26.528+0000][66][gc,age      ] GC(68) - age  10:      13712 bytes,    2213576 total
[2025-09-23T11:57:26.528+0000][66][gc,age      ] GC(68) - age  11:    1128496 bytes,    3342072 total
[2025-09-23T11:57:26.528+0000][66][gc,age      ] GC(68) - age  12:      21200 bytes,    3363272 total
[2025-09-23T11:57:26.528+0000][66][gc,age      ] GC(68) - age  13:       5064 bytes,    3368336 total
[2025-09-23T11:57:26.528+0000][66][gc,age      ] GC(68) - age  14:       3112 bytes,    3371448 total
[2025-09-23T11:57:26.528+0000][66][gc,age      ] GC(68) - age  15:       5464 bytes,    3376912 total
[2025-09-23T11:57:26.528+0000][66][gc,heap     ] GC(68) Eden regions: 305->0(306)
[2025-09-23T11:57:26.528+0000][66][gc,heap     ] GC(68) Survivor regions: 2->1(39)
[2025-09-23T11:57:26.528+0000][66][gc,heap     ] GC(68) Old regions: 35->35
[2025-09-23T11:57:26.528+0000][66][gc,heap     ] GC(68) Archive regions: 2->2
[2025-09-23T11:57:26.528+0000][66][gc,heap     ] GC(68) Humongous regions: 4->4
[2025-09-23T11:57:26.528+0000][66][gc,metaspace] GC(68) Metaspace: 139465K(142912K)->139465K(142912K) NonClass: 121574K(123328K)->121574K(123328K) Class: 17891K(19584K)->17891K(19584K)
[2025-09-23T11:57:26.528+0000][66][gc          ] GC(68) Pause Young (Normal) (G1 Evacuation Pause) 1381M->160M(2048M) 12.224ms
[2025-09-23T11:57:26.528+0000][66][gc,cpu      ] GC(68) User=0.05s Sys=0.00s Real=0.01s
[2025-09-23T11:57:26.528+0000][66][safepoint   ] Safepoint "G1CollectForAllocation", Time since last: 641701791 ns, Reaching safepoint: 252292 ns, At safepoint: 12481583 ns, Total: 12733875 ns
[2025-09-23T11:57:29.531+0000][66][safepoint   ] Safepoint "Cleanup", Time since last: 3002420210 ns, Reaching safepoint: 488750 ns, At safepoint: 98250 ns, Total: 587000 ns
[2025-09-23T11:57:47.554+0000][66][safepoint   ] Safepoint "Cleanup", Time since last: 18023385550 ns, Reaching safepoint: 409834 ns, At safepoint: 13041 ns, Total: 422875 ns
