[2025-09-22T07:12:37.710+0000][30][gc,init] CardTable entry size: 512
[2025-09-22T07:12:37.711+0000][30][gc     ] Using G1
[2025-09-22T07:12:37.714+0000][30][gc,init] Version: 19.0.1+10-21 (release)
[2025-09-22T07:12:37.714+0000][30][gc,init] CPUs: 8 total, 8 available
[2025-09-22T07:12:37.714+0000][30][gc,init] Memory: 7837M
[2025-09-22T07:12:37.714+0000][30][gc,init] Large Page Support: Disabled
[2025-09-22T07:12:37.715+0000][30][gc,init] NUMA Support: Disabled
[2025-09-22T07:12:37.715+0000][30][gc,init] Compressed Oops: Enabled (32-bit)
[2025-09-22T07:12:37.715+0000][30][gc,init] Heap Region Size: 1M
[2025-09-22T07:12:37.715+0000][30][gc,init] Heap Min Capacity: 512M
[2025-09-22T07:12:37.715+0000][30][gc,init] Heap Initial Capacity: 512M
[2025-09-22T07:12:37.715+0000][30][gc,init] Heap Max Capacity: 512M
[2025-09-22T07:12:37.715+0000][30][gc,init] Pre-touch: Disabled
[2025-09-22T07:12:37.715+0000][30][gc,init] Parallel Workers: 8
[2025-09-22T07:12:37.715+0000][30][gc,init] Concurrent Workers: 2
[2025-09-22T07:12:37.715+0000][30][gc,init] Concurrent Refinement Workers: 8
[2025-09-22T07:12:37.715+0000][30][gc,init] Periodic GC: Disabled
[2025-09-22T07:12:37.715+0000][30][gc,metaspace] CDS archive(s) mapped at: [0x0000000800000000-0x0000000800c60000-0x0000000800c60000), size 12976128, SharedBaseAddress: 0x0000000800000000, ArchiveRelocationMode: 0.
[2025-09-22T07:12:37.715+0000][30][gc,metaspace] Compressed class space mapped at: 0x0000000801000000-0x0000000841000000, reserved size: 1073741824
[2025-09-22T07:12:37.715+0000][30][gc,metaspace] Narrow klass base: 0x0000000800000000, Narrow klass shift: 0, Narrow klass range: 0x100000000
[2025-09-22T07:12:37.737+0000][30][gc,heap,exit] Heap
[2025-09-22T07:12:37.737+0000][30][gc,heap,exit]  garbage-first heap   total 524288K, used 2626K [0x00000000e0000000, 0x0000000100000000)
[2025-09-22T07:12:37.737+0000][30][gc,heap,exit]   region size 1024K, 2 young (2048K), 0 survivors (0K)
[2025-09-22T07:12:37.738+0000][30][gc,heap,exit]  Metaspace       used 53K, committed 128K, reserved 1114112K
[2025-09-22T07:12:37.738+0000][30][gc,heap,exit]   class space    used 1K, committed 64K, reserved 1048576K
