[2025-09-22T06:42:03.348+0000][68][gc,init] CardTable entry size: 512
[2025-09-22T06:42:03.349+0000][68][gc     ] Using G1
[2025-09-22T06:42:03.681+0000][68][gc,init] Version: 19.0.1+10-21 (release)
[2025-09-22T06:42:03.682+0000][68][gc,init] CPUs: 8 total, 8 available
[2025-09-22T06:42:03.683+0000][68][gc,init] Memory: 7837M
[2025-09-22T06:42:03.683+0000][68][gc,init] Large Page Support: Disabled
[2025-09-22T06:42:03.683+0000][68][gc,init] NUMA Support: Disabled
[2025-09-22T06:42:03.683+0000][68][gc,init] Compressed Oops: Enabled (32-bit)
[2025-09-22T06:42:03.684+0000][68][gc,init] Heap Region Size: 4M
[2025-09-22T06:42:03.684+0000][68][gc,init] Heap Min Capacity: 512M
[2025-09-22T06:42:03.684+0000][68][gc,init] Heap Initial Capacity: 512M
[2025-09-22T06:42:03.685+0000][68][gc,init] Heap Max Capacity: 512M
[2025-09-22T06:42:03.685+0000][68][gc,init] Pre-touch: Enabled
[2025-09-22T06:42:03.685+0000][68][gc,init] Parallel Workers: 8
[2025-09-22T06:42:03.685+0000][68][gc,init] Concurrent Workers: 2
[2025-09-22T06:42:03.685+0000][68][gc,init] Concurrent Refinement Workers: 8
[2025-09-22T06:42:03.685+0000][68][gc,init] Periodic GC: Disabled
[2025-09-22T06:42:03.685+0000][68][gc,metaspace] CDS archive(s) mapped at: [0x0000000800000000-0x0000000800c60000-0x0000000800c60000), size 12976128, SharedBaseAddress: 0x0000000800000000, ArchiveRelocationMode: 0.
[2025-09-22T06:42:03.686+0000][68][gc,metaspace] Compressed class space mapped at: 0x0000000801000000-0x0000000841000000, reserved size: 1073741824
[2025-09-22T06:42:03.686+0000][68][gc,metaspace] Narrow klass base: 0x0000000800000000, Narrow klass shift: 0, Narrow klass range: 0x100000000
[2025-09-22T06:42:03.812+0000][68][safepoint   ] Safepoint "ICBufferFull", Time since last: 115603458 ns, Reaching safepoint: 351208 ns, At safepoint: 59500 ns, Total: 410708 ns
[2025-09-22T06:42:04.110+0000][68][safepoint   ] Safepoint "ICBufferFull", Time since last: 297393834 ns, Reaching safepoint: 591250 ns, At safepoint: 11417 ns, Total: 602667 ns
[2025-09-22T06:42:04.266+0000][68][gc,start    ] GC(0) Pause Young (Normal) (G1 Evacuation Pause)
[2025-09-22T06:42:04.272+0000][68][gc,task     ] GC(0) Using 8 workers of 8 for evacuation
[2025-09-22T06:42:04.273+0000][68][gc,age      ] GC(0) Desired survivor size 2097152 bytes, new threshold 15 (max threshold 15)
[2025-09-22T06:42:04.286+0000][68][gc,phases   ] GC(0)   Pre Evacuate Collection Set: 0.4ms
[2025-09-22T06:42:04.286+0000][68][gc,phases   ] GC(0)   Merge Heap Roots: 4.1ms
[2025-09-22T06:42:04.287+0000][68][gc,phases   ] GC(0)   Evacuate Collection Set: 4.4ms
[2025-09-22T06:42:04.287+0000][68][gc,phases   ] GC(0)   Post Evacuate Collection Set: 2.3ms
[2025-09-22T06:42:04.287+0000][68][gc,phases   ] GC(0)   Other: 3.0ms
[2025-09-22T06:42:04.287+0000][68][gc,age      ] GC(0) Age table with threshold 15 (max threshold 15)
[2025-09-22T06:42:04.288+0000][68][gc,age      ] GC(0) - age   1:    3060768 bytes,    3060768 total
[2025-09-22T06:42:04.289+0000][68][gc,heap     ] GC(0) Eden regions: 6->0(19)
[2025-09-22T06:42:04.289+0000][68][gc,heap     ] GC(0) Survivor regions: 0->1(1)
[2025-09-22T06:42:04.289+0000][68][gc,heap     ] GC(0) Old regions: 0->0
[2025-09-22T06:42:04.289+0000][68][gc,heap     ] GC(0) Archive regions: 2->2
[2025-09-22T06:42:04.289+0000][68][gc,heap     ] GC(0) Humongous regions: 0->0
[2025-09-22T06:42:04.289+0000][68][gc,metaspace] GC(0) Metaspace: 2365K(2560K)->2365K(2560K) NonClass: 2150K(2240K)->2150K(2240K) Class: 214K(320K)->214K(320K)
[2025-09-22T06:42:04.289+0000][68][gc          ] GC(0) Pause Young (Normal) (G1 Evacuation Pause) 28M->7M(512M) 23.699ms
[2025-09-22T06:42:04.289+0000][68][gc,cpu      ] GC(0) User=0.02s Sys=0.00s Real=0.03s
[2025-09-22T06:42:04.290+0000][68][safepoint   ] Safepoint "G1CollectForAllocation", Time since last: 149423583 ns, Reaching safepoint: 1164833 ns, At safepoint: 28761334 ns, Total: 29926167 ns
[2025-09-22T06:42:04.799+0000][68][safepoint   ] Safepoint "ICBufferFull", Time since last: 508887792 ns, Reaching safepoint: 163666 ns, At safepoint: 5917 ns, Total: 169583 ns
[2025-09-22T06:42:05.212+0000][68][safepoint   ] Safepoint "ICBufferFull", Time since last: 412685917 ns, Reaching safepoint: 228041 ns, At safepoint: 13042 ns, Total: 241083 ns
[2025-09-22T06:42:05.354+0000][68][safepoint   ] Safepoint "ICBufferFull", Time since last: 142174959 ns, Reaching safepoint: 488916 ns, At safepoint: 8084 ns, Total: 497000 ns
[2025-09-22T06:42:05.741+0000][68][safepoint   ] Safepoint "ICBufferFull", Time since last: 386553208 ns, Reaching safepoint: 216000 ns, At safepoint: 7833 ns, Total: 223833 ns
[2025-09-22T06:42:05.956+0000][68][safepoint   ] Safepoint "ICBufferFull", Time since last: 214782501 ns, Reaching safepoint: 454875 ns, At safepoint: 6458 ns, Total: 461333 ns
[2025-09-22T06:42:06.164+0000][68][safepoint   ] Safepoint "ICBufferFull", Time since last: 207636083 ns, Reaching safepoint: 391167 ns, At safepoint: 11375 ns, Total: 402542 ns
[2025-09-22T06:42:06.331+0000][68][safepoint   ] Safepoint "ICBufferFull", Time since last: 166623167 ns, Reaching safepoint: 233708 ns, At safepoint: 5042 ns, Total: 238750 ns
[2025-09-22T06:42:06.349+0000][68][gc,start    ] GC(1) Pause Young (Normal) (G1 Evacuation Pause)
[2025-09-22T06:42:06.350+0000][68][gc,task     ] GC(1) Using 8 workers of 8 for evacuation
[2025-09-22T06:42:06.350+0000][68][gc,age      ] GC(1) Desired survivor size 6291456 bytes, new threshold 15 (max threshold 15)
[2025-09-22T06:42:06.365+0000][68][gc,phases   ] GC(1)   Pre Evacuate Collection Set: 0.2ms
[2025-09-22T06:42:06.366+0000][68][gc,phases   ] GC(1)   Merge Heap Roots: 0.1ms
[2025-09-22T06:42:06.366+0000][68][gc,phases   ] GC(1)   Evacuate Collection Set: 12.7ms
[2025-09-22T06:42:06.366+0000][68][gc,phases   ] GC(1)   Post Evacuate Collection Set: 2.3ms
[2025-09-22T06:42:06.366+0000][68][gc,phases   ] GC(1)   Other: 0.4ms
[2025-09-22T06:42:06.366+0000][68][gc,age      ] GC(1) Age table with threshold 15 (max threshold 15)
[2025-09-22T06:42:06.366+0000][68][gc,age      ] GC(1) - age   1:    5534624 bytes,    5534624 total
[2025-09-22T06:42:06.367+0000][68][gc,age      ] GC(1) - age   2:    3019960 bytes,    8554584 total
[2025-09-22T06:42:06.367+0000][68][gc,heap     ] GC(1) Eden regions: 19->0(41)
[2025-09-22T06:42:06.367+0000][68][gc,heap     ] GC(1) Survivor regions: 1->3(3)
[2025-09-22T06:42:06.367+0000][68][gc,heap     ] GC(1) Old regions: 0->0
[2025-09-22T06:42:06.367+0000][68][gc,heap     ] GC(1) Archive regions: 2->2
[2025-09-22T06:42:06.367+0000][68][gc,heap     ] GC(1) Humongous regions: 0->0
[2025-09-22T06:42:06.367+0000][68][gc,metaspace] GC(1) Metaspace: 16231K(16704K)->16231K(16704K) NonClass: 14378K(14592K)->14378K(14592K) Class: 1852K(2112K)->1852K(2112K)
[2025-09-22T06:42:06.367+0000][68][gc          ] GC(1) Pause Young (Normal) (G1 Evacuation Pause) 83M->13M(512M) 18.356ms
[2025-09-22T06:42:06.368+0000][68][gc,cpu      ] GC(1) User=0.04s Sys=0.00s Real=0.02s
[2025-09-22T06:42:06.368+0000][68][safepoint   ] Safepoint "G1CollectForAllocation", Time since last: 17677250 ns, Reaching safepoint: 67125 ns, At safepoint: 18686375 ns, Total: 18753500 ns
[2025-09-22T06:42:06.743+0000][68][safepoint   ] Safepoint "ICBufferFull", Time since last: 374754583 ns, Reaching safepoint: 217292 ns, At safepoint: 14708 ns, Total: 232000 ns
[2025-09-22T06:42:07.071+0000][68][safepoint   ] Safepoint "ICBufferFull", Time since last: 327354209 ns, Reaching safepoint: 1163500 ns, At safepoint: 6666 ns, Total: 1170166 ns
[2025-09-22T06:42:07.576+0000][68][safepoint   ] Safepoint "ICBufferFull", Time since last: 504509042 ns, Reaching safepoint: 355625 ns, At safepoint: 10459 ns, Total: 366084 ns
[2025-09-22T06:42:07.768+0000][68][gc,start    ] GC(2) Pause Young (Concurrent Start) (Metadata GC Threshold)
[2025-09-22T06:42:07.769+0000][68][gc,task     ] GC(2) Using 8 workers of 8 for evacuation
[2025-09-22T06:42:07.769+0000][68][gc,age      ] GC(2) Desired survivor size 12582912 bytes, new threshold 15 (max threshold 15)
[2025-09-22T06:42:07.790+0000][68][gc,phases   ] GC(2)   Pre Evacuate Collection Set: 0.3ms
[2025-09-22T06:42:07.790+0000][68][gc,phases   ] GC(2)   Merge Heap Roots: 0.1ms
[2025-09-22T06:42:07.790+0000][68][gc,phases   ] GC(2)   Evacuate Collection Set: 19.0ms
[2025-09-22T06:42:07.790+0000][68][gc,phases   ] GC(2)   Post Evacuate Collection Set: 1.1ms
[2025-09-22T06:42:07.790+0000][68][gc,phases   ] GC(2)   Other: 0.3ms
[2025-09-22T06:42:07.790+0000][68][gc,age      ] GC(2) Age table with threshold 15 (max threshold 15)
[2025-09-22T06:42:07.790+0000][68][gc,age      ] GC(2) - age   1:    3430008 bytes,    3430008 total
[2025-09-22T06:42:07.790+0000][68][gc,age      ] GC(2) - age   2:    4681448 bytes,    8111456 total
[2025-09-22T06:42:07.790+0000][68][gc,age      ] GC(2) - age   3:    3019136 bytes,   11130592 total
[2025-09-22T06:42:07.791+0000][68][gc,heap     ] GC(2) Eden regions: 34->0(73)
[2025-09-22T06:42:07.791+0000][68][gc,heap     ] GC(2) Survivor regions: 3->3(6)
[2025-09-22T06:42:07.791+0000][68][gc,heap     ] GC(2) Old regions: 0->0
[2025-09-22T06:42:07.791+0000][68][gc,heap     ] GC(2) Archive regions: 2->2
[2025-09-22T06:42:07.791+0000][68][gc,heap     ] GC(2) Humongous regions: 0->0
[2025-09-22T06:42:07.791+0000][68][gc,metaspace] GC(2) Metaspace: 21015K(21504K)->21015K(21504K) NonClass: 18698K(18944K)->18698K(18944K) Class: 2316K(2560K)->2316K(2560K)
[2025-09-22T06:42:07.791+0000][68][gc          ] GC(2) Pause Young (Concurrent Start) (Metadata GC Threshold) 149M->15M(512M) 22.651ms
[2025-09-22T06:42:07.791+0000][68][gc,cpu      ] GC(2) User=0.05s Sys=0.00s Real=0.02s
[2025-09-22T06:42:07.791+0000][68][gc          ] GC(3) Concurrent Mark Cycle
[2025-09-22T06:42:07.791+0000][68][gc,marking  ] GC(3) Concurrent Clear Claimed Marks
[2025-09-22T06:42:07.791+0000][68][safepoint   ] Safepoint "CollectForMetadataAllocation", Time since last: 192210083 ns, Reaching safepoint: 72792 ns, At safepoint: 23068416 ns, Total: 23141208 ns
[2025-09-22T06:42:07.792+0000][68][gc,marking  ] GC(3) Concurrent Clear Claimed Marks 0.124ms
[2025-09-22T06:42:07.793+0000][68][gc,marking  ] GC(3) Concurrent Scan Root Regions
[2025-09-22T06:42:07.798+0000][68][gc,marking  ] GC(3) Concurrent Scan Root Regions 4.734ms
[2025-09-22T06:42:07.798+0000][68][gc,marking  ] GC(3) Concurrent Mark
[2025-09-22T06:42:07.798+0000][68][gc,marking  ] GC(3) Concurrent Mark From Roots
[2025-09-22T06:42:07.798+0000][68][gc,task     ] GC(3) Using 2 workers of 2 for marking
[2025-09-22T06:42:07.799+0000][68][gc,marking  ] GC(3) Concurrent Mark From Roots 0.911ms
[2025-09-22T06:42:07.799+0000][68][gc,marking  ] GC(3) Concurrent Preclean
[2025-09-22T06:42:07.800+0000][68][gc,marking  ] GC(3) Concurrent Preclean 0.348ms
[2025-09-22T06:42:07.800+0000][68][gc,start    ] GC(3) Pause Remark
[2025-09-22T06:42:07.807+0000][68][gc          ] GC(3) Pause Remark 17M->17M(512M) 6.800ms
[2025-09-22T06:42:07.807+0000][68][gc,cpu      ] GC(3) User=0.01s Sys=0.00s Real=0.01s
[2025-09-22T06:42:07.807+0000][68][safepoint   ] Safepoint "G1PauseRemark", Time since last: 8524292 ns, Reaching safepoint: 292625 ns, At safepoint: 7135250 ns, Total: 7427875 ns
[2025-09-22T06:42:07.810+0000][68][gc,marking  ] GC(3) Concurrent Mark 10.489ms
[2025-09-22T06:42:07.810+0000][68][gc,marking  ] GC(3) Concurrent Rebuild Remembered Sets
[2025-09-22T06:42:07.810+0000][68][gc,marking  ] GC(3) Concurrent Rebuild Remembered Sets 0.188ms
[2025-09-22T06:42:07.812+0000][68][gc,start    ] GC(3) Pause Cleanup
[2025-09-22T06:42:07.812+0000][68][gc          ] GC(3) Pause Cleanup 17M->17M(512M) 0.140ms
[2025-09-22T06:42:07.812+0000][68][gc,cpu      ] GC(3) User=0.00s Sys=0.00s Real=0.00s
[2025-09-22T06:42:07.812+0000][68][safepoint   ] Safepoint "G1PauseCleanup", Time since last: 4376125 ns, Reaching safepoint: 180875 ns, At safepoint: 444083 ns, Total: 624958 ns
[2025-09-22T06:42:07.815+0000][68][gc,marking  ] GC(3) Concurrent Cleanup for Next Mark
[2025-09-22T06:42:07.818+0000][68][gc,marking  ] GC(3) Concurrent Cleanup for Next Mark 3.976ms
[2025-09-22T06:42:07.819+0000][68][gc          ] GC(3) Concurrent Mark Cycle 27.453ms
[2025-09-22T06:42:08.017+0000][68][safepoint   ] Safepoint "ICBufferFull", Time since last: 204882542 ns, Reaching safepoint: 149084 ns, At safepoint: 6333 ns, Total: 155417 ns
[2025-09-22T06:42:08.383+0000][68][safepoint   ] Safepoint "ICBufferFull", Time since last: 365516000 ns, Reaching safepoint: 179333 ns, At safepoint: 3000 ns, Total: 182333 ns
[2025-09-22T06:42:08.479+0000][68][safepoint   ] Safepoint "ICBufferFull", Time since last: 95321750 ns, Reaching safepoint: 165125 ns, At safepoint: 7834 ns, Total: 172959 ns
[2025-09-22T06:42:08.888+0000][68][safepoint   ] Safepoint "ICBufferFull", Time since last: 408938125 ns, Reaching safepoint: 169583 ns, At safepoint: 3250 ns, Total: 172833 ns
[2025-09-22T06:42:09.014+0000][68][gc,start    ] GC(4) Pause Young (Normal) (G1 Evacuation Pause)
[2025-09-22T06:42:09.015+0000][68][gc,task     ] GC(4) Using 8 workers of 8 for evacuation
[2025-09-22T06:42:09.015+0000][68][gc,age      ] GC(4) Desired survivor size 20971520 bytes, new threshold 15 (max threshold 15)
[2025-09-22T06:42:09.046+0000][68][gc,phases   ] GC(4)   Pre Evacuate Collection Set: 0.5ms
[2025-09-22T06:42:09.046+0000][68][gc,phases   ] GC(4)   Merge Heap Roots: 0.2ms
[2025-09-22T06:42:09.046+0000][68][gc,phases   ] GC(4)   Evacuate Collection Set: 24.4ms
[2025-09-22T06:42:09.046+0000][68][gc,phases   ] GC(4)   Post Evacuate Collection Set: 5.2ms
[2025-09-22T06:42:09.046+0000][68][gc,phases   ] GC(4)   Other: 0.6ms
[2025-09-22T06:42:09.046+0000][68][gc,age      ] GC(4) Age table with threshold 15 (max threshold 15)
[2025-09-22T06:42:09.046+0000][68][gc,age      ] GC(4) - age   1:    7421016 bytes,    7421016 total
[2025-09-22T06:42:09.046+0000][68][gc,age      ] GC(4) - age   2:    3356664 bytes,   10777680 total
[2025-09-22T06:42:09.046+0000][68][gc,age      ] GC(4) - age   3:    4678088 bytes,   15455768 total
[2025-09-22T06:42:09.047+0000][68][gc,age      ] GC(4) - age   4:    3018752 bytes,   18474520 total
[2025-09-22T06:42:09.047+0000][68][gc,heap     ] GC(4) Eden regions: 73->0(71)
[2025-09-22T06:42:09.047+0000][68][gc,heap     ] GC(4) Survivor regions: 3->5(10)
[2025-09-22T06:42:09.047+0000][68][gc,heap     ] GC(4) Old regions: 0->0
[2025-09-22T06:42:09.047+0000][68][gc,heap     ] GC(4) Archive regions: 2->2
[2025-09-22T06:42:09.047+0000][68][gc,heap     ] GC(4) Humongous regions: 0->0
[2025-09-22T06:42:09.047+0000][68][gc,metaspace] GC(4) Metaspace: 26068K(26688K)->26068K(26688K) NonClass: 23091K(23424K)->23091K(23424K) Class: 2976K(3264K)->2976K(3264K)
[2025-09-22T06:42:09.047+0000][68][gc          ] GC(4) Pause Young (Normal) (G1 Evacuation Pause) 307M->22M(512M) 32.896ms
[2025-09-22T06:42:09.047+0000][68][gc,cpu      ] GC(4) User=0.07s Sys=0.01s Real=0.04s
[2025-09-22T06:42:09.047+0000][68][safepoint   ] Safepoint "G1CollectForAllocation", Time since last: 126257125 ns, Reaching safepoint: 87959 ns, At safepoint: 33145291 ns, Total: 33233250 ns
[2025-09-22T06:42:09.553+0000][68][safepoint   ] Safepoint "ICBufferFull", Time since last: 505622917 ns, Reaching safepoint: 184250 ns, At safepoint: 3292 ns, Total: 187542 ns
[2025-09-22T06:42:10.251+0000][68][gc,start    ] GC(5) Pause Young (Normal) (G1 Evacuation Pause)
[2025-09-22T06:42:10.252+0000][68][gc,task     ] GC(5) Using 8 workers of 8 for evacuation
[2025-09-22T06:42:10.253+0000][68][gc,age      ] GC(5) Desired survivor size 20971520 bytes, new threshold 15 (max threshold 15)
[2025-09-22T06:42:10.304+0000][68][gc,phases   ] GC(5)   Pre Evacuate Collection Set: 0.1ms
[2025-09-22T06:42:10.304+0000][68][gc,phases   ] GC(5)   Merge Heap Roots: 0.0ms
[2025-09-22T06:42:10.304+0000][68][gc,phases   ] GC(5)   Evacuate Collection Set: 37.7ms
[2025-09-22T06:42:10.304+0000][68][gc,phases   ] GC(5)   Post Evacuate Collection Set: 12.0ms
[2025-09-22T06:42:10.304+0000][68][gc,phases   ] GC(5)   Other: 2.6ms
[2025-09-22T06:42:10.305+0000][68][gc,age      ] GC(5) Age table with threshold 15 (max threshold 15)
[2025-09-22T06:42:10.305+0000][68][gc,age      ] GC(5) - age   1:    5428736 bytes,    5428736 total
[2025-09-22T06:42:10.305+0000][68][gc,age      ] GC(5) - age   2:    6694016 bytes,   12122752 total
[2025-09-22T06:42:10.305+0000][68][gc,age      ] GC(5) - age   3:    3333736 bytes,   15456488 total
[2025-09-22T06:42:10.305+0000][68][gc,age      ] GC(5) - age   4:    4668376 bytes,   20124864 total
[2025-09-22T06:42:10.305+0000][68][gc,age      ] GC(5) - age   5:    3018408 bytes,   23143272 total
[2025-09-22T06:42:10.305+0000][68][gc,heap     ] GC(5) Eden regions: 71->0(70)
[2025-09-22T06:42:10.305+0000][68][gc,heap     ] GC(5) Survivor regions: 5->6(10)
[2025-09-22T06:42:10.305+0000][68][gc,heap     ] GC(5) Old regions: 0->0
[2025-09-22T06:42:10.305+0000][68][gc,heap     ] GC(5) Archive regions: 2->2
[2025-09-22T06:42:10.305+0000][68][gc,heap     ] GC(5) Humongous regions: 0->0
[2025-09-22T06:42:10.305+0000][68][gc,metaspace] GC(5) Metaspace: 32384K(33152K)->32384K(33152K) NonClass: 28710K(29120K)->28710K(29120K) Class: 3674K(4032K)->3674K(4032K)
[2025-09-22T06:42:10.305+0000][68][gc          ] GC(5) Pause Young (Normal) (G1 Evacuation Pause) 306M->27M(512M) 53.808ms
[2025-09-22T06:42:10.305+0000][68][gc,cpu      ] GC(5) User=0.09s Sys=0.02s Real=0.06s
[2025-09-22T06:42:10.306+0000][68][safepoint   ] Safepoint "G1CollectForAllocation", Time since last: 699098791 ns, Reaching safepoint: 212334 ns, At safepoint: 54584291 ns, Total: 54796625 ns
[2025-09-22T06:42:11.004+0000][68][safepoint   ] Safepoint "ICBufferFull", Time since last: 694100501 ns, Reaching safepoint: 4259916 ns, At safepoint: 18042 ns, Total: 4277958 ns
[2025-09-22T06:42:11.147+0000][68][gc,start    ] GC(6) Pause Young (Normal) (G1 Evacuation Pause)
[2025-09-22T06:42:11.148+0000][68][gc,task     ] GC(6) Using 8 workers of 8 for evacuation
[2025-09-22T06:42:11.148+0000][68][gc,age      ] GC(6) Desired survivor size 20971520 bytes, new threshold 5 (max threshold 15)
[2025-09-22T06:42:11.177+0000][68][gc,phases   ] GC(6)   Pre Evacuate Collection Set: 0.1ms
[2025-09-22T06:42:11.178+0000][68][gc,phases   ] GC(6)   Merge Heap Roots: 0.1ms
[2025-09-22T06:42:11.178+0000][68][gc,phases   ] GC(6)   Evacuate Collection Set: 26.0ms
[2025-09-22T06:42:11.179+0000][68][gc,phases   ] GC(6)   Post Evacuate Collection Set: 2.7ms
[2025-09-22T06:42:11.180+0000][68][gc,phases   ] GC(6)   Other: 0.4ms
[2025-09-22T06:42:11.182+0000][68][gc,age      ] GC(6) Age table with threshold 5 (max threshold 15)
[2025-09-22T06:42:11.185+0000][68][gc,age      ] GC(6) - age   1:    3760088 bytes,    3760088 total
[2025-09-22T06:42:11.186+0000][68][gc,age      ] GC(6) - age   2:    4631992 bytes,    8392080 total
[2025-09-22T06:42:11.186+0000][68][gc,age      ] GC(6) - age   3:    6691408 bytes,   15083488 total
[2025-09-22T06:42:11.187+0000][68][gc,age      ] GC(6) - age   4:    3333272 bytes,   18416760 total
[2025-09-22T06:42:11.187+0000][68][gc,age      ] GC(6) - age   5:    4663400 bytes,   23080160 total
[2025-09-22T06:42:11.188+0000][68][gc,heap     ] GC(6) Eden regions: 70->0(70)
[2025-09-22T06:42:11.188+0000][68][gc,heap     ] GC(6) Survivor regions: 6->6(10)
[2025-09-22T06:42:11.188+0000][68][gc,heap     ] GC(6) Old regions: 0->1
[2025-09-22T06:42:11.188+0000][68][gc,heap     ] GC(6) Archive regions: 2->2
[2025-09-22T06:42:11.189+0000][68][gc,heap     ] GC(6) Humongous regions: 0->0
[2025-09-22T06:42:11.190+0000][68][gc,metaspace] GC(6) Metaspace: 34335K(35200K)->34335K(35200K) NonClass: 30412K(30912K)->30412K(30912K) Class: 3922K(4288K)->3922K(4288K)
[2025-09-22T06:42:11.190+0000][68][gc          ] GC(6) Pause Young (Normal) (G1 Evacuation Pause) 307M->30M(512M) 43.152ms
[2025-09-22T06:42:11.190+0000][68][gc,cpu      ] GC(6) User=0.04s Sys=0.00s Real=0.04s
[2025-09-22T06:42:11.190+0000][68][safepoint   ] Safepoint "G1CollectForAllocation", Time since last: 140497875 ns, Reaching safepoint: 1759208 ns, At safepoint: 43718917 ns, Total: 45478125 ns
[2025-09-22T06:42:12.198+0000][68][safepoint   ] Safepoint "Cleanup", Time since last: 1004424334 ns, Reaching safepoint: 205083 ns, At safepoint: 3307375 ns, Total: 3512458 ns
[2025-09-22T06:42:12.306+0000][68][gc,start    ] GC(7) Pause Young (Concurrent Start) (Metadata GC Threshold)
[2025-09-22T06:42:12.307+0000][68][gc,task     ] GC(7) Using 8 workers of 8 for evacuation
[2025-09-22T06:42:12.307+0000][68][gc,age      ] GC(7) Desired survivor size 20971520 bytes, new threshold 5 (max threshold 15)
[2025-09-22T06:42:12.346+0000][68][gc,phases   ] GC(7)   Pre Evacuate Collection Set: 0.5ms
[2025-09-22T06:42:12.347+0000][68][gc,phases   ] GC(7)   Merge Heap Roots: 0.2ms
[2025-09-22T06:42:12.347+0000][68][gc,phases   ] GC(7)   Evacuate Collection Set: 35.5ms
[2025-09-22T06:42:12.347+0000][68][gc,phases   ] GC(7)   Post Evacuate Collection Set: 2.2ms
[2025-09-22T06:42:12.347+0000][68][gc,phases   ] GC(7)   Other: 1.2ms
[2025-09-22T06:42:12.352+0000][68][gc,age      ] GC(7) Age table with threshold 5 (max threshold 15)
[2025-09-22T06:42:12.353+0000][68][gc,age      ] GC(7) - age   1:    3246344 bytes,    3246344 total
[2025-09-22T06:42:12.353+0000][68][gc,age      ] GC(7) - age   2:    3720880 bytes,    6967224 total
[2025-09-22T06:42:12.353+0000][68][gc,age      ] GC(7) - age   3:    4619960 bytes,   11587184 total
[2025-09-22T06:42:12.354+0000][68][gc,age      ] GC(7) - age   4:    6677552 bytes,   18264736 total
[2025-09-22T06:42:12.354+0000][68][gc,age      ] GC(7) - age   5:    3322128 bytes,   21586864 total
[2025-09-22T06:42:12.354+0000][68][gc,heap     ] GC(7) Eden regions: 54->0(70)
[2025-09-22T06:42:12.355+0000][68][gc,heap     ] GC(7) Survivor regions: 6->6(10)
[2025-09-22T06:42:12.355+0000][68][gc,heap     ] GC(7) Old regions: 1->2
[2025-09-22T06:42:12.355+0000][68][gc,heap     ] GC(7) Archive regions: 2->2
[2025-09-22T06:42:12.355+0000][68][gc,heap     ] GC(7) Humongous regions: 0->0
[2025-09-22T06:42:12.356+0000][68][gc,metaspace] GC(7) Metaspace: 35309K(36160K)->35309K(36160K) NonClass: 31280K(31744K)->31280K(31744K) Class: 4028K(4416K)->4028K(4416K)
[2025-09-22T06:42:12.356+0000][68][gc          ] GC(7) Pause Young (Concurrent Start) (Metadata GC Threshold) 246M->34M(512M) 49.805ms
[2025-09-22T06:42:12.357+0000][68][gc,cpu      ] GC(7) User=0.11s Sys=0.02s Real=0.05s
[2025-09-22T06:42:12.357+0000][68][gc          ] GC(8) Concurrent Mark Cycle
[2025-09-22T06:42:12.358+0000][68][gc,marking  ] GC(8) Concurrent Clear Claimed Marks
[2025-09-22T06:42:12.357+0000][68][safepoint   ] Safepoint "CollectForMetadataAllocation", Time since last: 107929459 ns, Reaching safepoint: 265791 ns, At safepoint: 50828250 ns, Total: 51094041 ns
[2025-09-22T06:42:12.359+0000][68][gc,marking  ] GC(8) Concurrent Clear Claimed Marks 0.206ms
[2025-09-22T06:42:12.359+0000][68][gc,marking  ] GC(8) Concurrent Scan Root Regions
[2025-09-22T06:42:12.368+0000][68][gc,marking  ] GC(8) Concurrent Scan Root Regions 9.349ms
[2025-09-22T06:42:12.370+0000][68][gc,marking  ] GC(8) Concurrent Mark
[2025-09-22T06:42:12.370+0000][68][gc,marking  ] GC(8) Concurrent Mark From Roots
[2025-09-22T06:42:12.370+0000][68][gc,task     ] GC(8) Using 2 workers of 2 for marking
[2025-09-22T06:42:12.378+0000][68][gc,marking  ] GC(8) Concurrent Mark From Roots 7.522ms
[2025-09-22T06:42:12.378+0000][68][gc,marking  ] GC(8) Concurrent Preclean
[2025-09-22T06:42:12.383+0000][68][gc,marking  ] GC(8) Concurrent Preclean 4.955ms
[2025-09-22T06:42:12.390+0000][68][gc,start    ] GC(8) Pause Remark
[2025-09-22T06:42:12.403+0000][68][gc          ] GC(8) Pause Remark 36M->36M(512M) 13.143ms
[2025-09-22T06:42:12.405+0000][68][gc,cpu      ] GC(8) User=0.02s Sys=0.01s Real=0.02s
[2025-09-22T06:42:12.409+0000][68][safepoint   ] Safepoint "G1PauseRemark", Time since last: 28896625 ns, Reaching safepoint: 4030459 ns, At safepoint: 19167166 ns, Total: 23197625 ns
[2025-09-22T06:42:12.411+0000][68][gc,marking  ] GC(8) Concurrent Mark 41.055ms
[2025-09-22T06:42:12.412+0000][68][gc,marking  ] GC(8) Concurrent Rebuild Remembered Sets
[2025-09-22T06:42:12.412+0000][68][gc,marking  ] GC(8) Concurrent Rebuild Remembered Sets 0.103ms
[2025-09-22T06:42:12.414+0000][68][gc,start    ] GC(8) Pause Cleanup
[2025-09-22T06:42:12.414+0000][68][gc          ] GC(8) Pause Cleanup 36M->36M(512M) 0.096ms
[2025-09-22T06:42:12.414+0000][68][gc,cpu      ] GC(8) User=0.00s Sys=0.00s Real=0.00s
[2025-09-22T06:42:12.414+0000][68][safepoint   ] Safepoint "G1PauseCleanup", Time since last: 2894375 ns, Reaching safepoint: 1408584 ns, At safepoint: 349250 ns, Total: 1757834 ns
[2025-09-22T06:42:12.418+0000][68][gc,marking  ] GC(8) Concurrent Cleanup for Next Mark
[2025-09-22T06:42:12.427+0000][68][gc,marking  ] GC(8) Concurrent Cleanup for Next Mark 8.697ms
[2025-09-22T06:42:12.428+0000][68][gc          ] GC(8) Concurrent Mark Cycle 70.630ms
[2025-09-22T06:42:12.895+0000][68][safepoint   ] Safepoint "ICBufferFull", Time since last: 477068458 ns, Reaching safepoint: 3431167 ns, At safepoint: 105500 ns, Total: 3536667 ns
[2025-09-22T06:42:13.315+0000][68][safepoint   ] Safepoint "ICBufferFull", Time since last: 420420000 ns, Reaching safepoint: 361708 ns, At safepoint: 7792 ns, Total: 369500 ns
[2025-09-22T06:42:13.642+0000][68][safepoint   ] Safepoint "ICBufferFull", Time since last: 324894084 ns, Reaching safepoint: 1394333 ns, At safepoint: 21625 ns, Total: 1415958 ns
[2025-09-22T06:42:13.844+0000][68][safepoint   ] Safepoint "ICBufferFull", Time since last: 200883500 ns, Reaching safepoint: 1019792 ns, At safepoint: 22083 ns, Total: 1041875 ns
[2025-09-22T06:42:14.847+0000][68][safepoint   ] Safepoint "Cleanup", Time since last: 1001726417 ns, Reaching safepoint: 1273000 ns, At safepoint: 5583 ns, Total: 1278583 ns
[2025-09-22T06:42:15.067+0000][68][gc,start    ] GC(9) Pause Young (Normal) (G1 Evacuation Pause)
[2025-09-22T06:42:15.068+0000][68][gc,task     ] GC(9) Using 8 workers of 8 for evacuation
[2025-09-22T06:42:15.071+0000][68][gc,age      ] GC(9) Desired survivor size 20971520 bytes, new threshold 5 (max threshold 15)
[2025-09-22T06:42:15.122+0000][68][gc,phases   ] GC(9)   Pre Evacuate Collection Set: 0.1ms
[2025-09-22T06:42:15.122+0000][68][gc,phases   ] GC(9)   Merge Heap Roots: 0.1ms
[2025-09-22T06:42:15.122+0000][68][gc,phases   ] GC(9)   Evacuate Collection Set: 46.8ms
[2025-09-22T06:42:15.122+0000][68][gc,phases   ] GC(9)   Post Evacuate Collection Set: 3.5ms
[2025-09-22T06:42:15.122+0000][68][gc,phases   ] GC(9)   Other: 3.9ms
[2025-09-22T06:42:15.122+0000][68][gc,age      ] GC(9) Age table with threshold 5 (max threshold 15)
[2025-09-22T06:42:15.123+0000][68][gc,age      ] GC(9) - age   1:   18371280 bytes,   18371280 total
[2025-09-22T06:42:15.123+0000][68][gc,age      ] GC(9) - age   2:    3199744 bytes,   21571024 total
[2025-09-22T06:42:15.123+0000][68][gc,age      ] GC(9) - age   3:    3702560 bytes,   25273584 total
[2025-09-22T06:42:15.123+0000][68][gc,age      ] GC(9) - age   4:    4599464 bytes,   29873048 total
[2025-09-22T06:42:15.123+0000][68][gc,age      ] GC(9) - age   5:    6649240 bytes,   36522288 total
[2025-09-22T06:42:15.123+0000][68][gc,heap     ] GC(9) Eden regions: 70->0(67)
[2025-09-22T06:42:15.123+0000][68][gc,heap     ] GC(9) Survivor regions: 6->9(10)
[2025-09-22T06:42:15.123+0000][68][gc,heap     ] GC(9) Old regions: 2->3
[2025-09-22T06:42:15.123+0000][68][gc,heap     ] GC(9) Archive regions: 2->2
[2025-09-22T06:42:15.123+0000][68][gc,heap     ] GC(9) Humongous regions: 0->0
[2025-09-22T06:42:15.123+0000][68][gc,metaspace] GC(9) Metaspace: 44442K(45760K)->44442K(45760K) NonClass: 39164K(39936K)->39164K(39936K) Class: 5278K(5824K)->5278K(5824K)
[2025-09-22T06:42:15.123+0000][68][gc          ] GC(9) Pause Young (Normal) (G1 Evacuation Pause) 314M->50M(512M) 56.055ms
[2025-09-22T06:42:15.123+0000][68][gc,cpu      ] GC(9) User=0.15s Sys=0.00s Real=0.05s
[2025-09-22T06:42:15.124+0000][68][safepoint   ] Safepoint "G1CollectForAllocation", Time since last: 220095667 ns, Reaching safepoint: 441042 ns, At safepoint: 56328500 ns, Total: 56769542 ns
[2025-09-22T06:42:15.335+0000][68][safepoint   ] Safepoint "ICBufferFull", Time since last: 210195792 ns, Reaching safepoint: 983750 ns, At safepoint: 14125 ns, Total: 997875 ns
[2025-09-22T06:42:15.782+0000][68][safepoint   ] Safepoint "ICBufferFull", Time since last: 447292667 ns, Reaching safepoint: 350125 ns, At safepoint: 4958 ns, Total: 355083 ns
[2025-09-22T06:42:16.026+0000][68][safepoint   ] Safepoint "ICBufferFull", Time since last: 241834042 ns, Reaching safepoint: 1384625 ns, At safepoint: 16083 ns, Total: 1400708 ns
[2025-09-22T06:42:16.786+0000][68][safepoint   ] Safepoint "ICBufferFull", Time since last: 760620125 ns, Reaching safepoint: 158542 ns, At safepoint: 4667 ns, Total: 163209 ns
[2025-09-22T06:42:16.843+0000][68][gc,start    ] GC(10) Pause Young (Concurrent Start) (Metadata GC Threshold)
[2025-09-22T06:42:16.843+0000][68][gc,task     ] GC(10) Using 8 workers of 8 for evacuation
[2025-09-22T06:42:16.843+0000][68][gc,age      ] GC(10) Desired survivor size 20971520 bytes, new threshold 2 (max threshold 15)
[2025-09-22T06:42:16.873+0000][68][gc,phases   ] GC(10)   Pre Evacuate Collection Set: 0.4ms
[2025-09-22T06:42:16.873+0000][68][gc,phases   ] GC(10)   Merge Heap Roots: 0.1ms
[2025-09-22T06:42:16.873+0000][68][gc,phases   ] GC(10)   Evacuate Collection Set: 27.5ms
[2025-09-22T06:42:16.873+0000][68][gc,phases   ] GC(10)   Post Evacuate Collection Set: 1.9ms
[2025-09-22T06:42:16.873+0000][68][gc,phases   ] GC(10)   Other: 0.2ms
[2025-09-22T06:42:16.873+0000][68][gc,age      ] GC(10) Age table with threshold 2 (max threshold 15)
[2025-09-22T06:42:16.873+0000][68][gc,age      ] GC(10) - age   1:    7401088 bytes,    7401088 total
[2025-09-22T06:42:16.874+0000][68][gc,age      ] GC(10) - age   2:   17800040 bytes,   25201128 total
[2025-09-22T06:42:16.874+0000][68][gc,heap     ] GC(10) Eden regions: 43->0(69)
[2025-09-22T06:42:16.874+0000][68][gc,heap     ] GC(10) Survivor regions: 9->7(10)
[2025-09-22T06:42:16.874+0000][68][gc,heap     ] GC(10) Old regions: 3->8
[2025-09-22T06:42:16.874+0000][68][gc,heap     ] GC(10) Archive regions: 2->2
[2025-09-22T06:42:16.874+0000][68][gc,heap     ] GC(10) Humongous regions: 0->0
[2025-09-22T06:42:16.874+0000][68][gc,metaspace] GC(10) Metaspace: 59151K(60480K)->59151K(60480K) NonClass: 51771K(52544K)->51771K(52544K) Class: 7379K(7936K)->7379K(7936K)
[2025-09-22T06:42:16.874+0000][68][gc          ] GC(10) Pause Young (Concurrent Start) (Metadata GC Threshold) 220M->60M(512M) 31.158ms
[2025-09-22T06:42:16.874+0000][68][gc,cpu      ] GC(10) User=0.12s Sys=0.00s Real=0.03s
[2025-09-22T06:42:16.874+0000][68][gc          ] GC(11) Concurrent Mark Cycle
[2025-09-22T06:42:16.877+0000][68][gc,marking  ] GC(11) Concurrent Clear Claimed Marks
[2025-09-22T06:42:16.874+0000][68][safepoint   ] Safepoint "CollectForMetadataAllocation", Time since last: 56240375 ns, Reaching safepoint: 115958 ns, At safepoint: 31467750 ns, Total: 31583708 ns
[2025-09-22T06:42:16.878+0000][68][gc,marking  ] GC(11) Concurrent Clear Claimed Marks 0.427ms
[2025-09-22T06:42:16.878+0000][68][gc,marking  ] GC(11) Concurrent Scan Root Regions
[2025-09-22T06:42:16.891+0000][68][gc,marking  ] GC(11) Concurrent Scan Root Regions 13.327ms
[2025-09-22T06:42:16.892+0000][68][gc,marking  ] GC(11) Concurrent Mark
[2025-09-22T06:42:16.892+0000][68][gc,marking  ] GC(11) Concurrent Mark From Roots
[2025-09-22T06:42:16.892+0000][68][gc,task     ] GC(11) Using 2 workers of 2 for marking
[2025-09-22T06:42:16.897+0000][68][gc,marking  ] GC(11) Concurrent Mark From Roots 5.111ms
[2025-09-22T06:42:16.897+0000][68][gc,marking  ] GC(11) Concurrent Preclean
[2025-09-22T06:42:16.897+0000][68][gc,marking  ] GC(11) Concurrent Preclean 0.218ms
[2025-09-22T06:42:16.898+0000][68][gc,start    ] GC(11) Pause Remark
[2025-09-22T06:42:16.911+0000][68][gc          ] GC(11) Pause Remark 64M->64M(512M) 12.578ms
[2025-09-22T06:42:16.913+0000][68][gc,cpu      ] GC(11) User=0.04s Sys=0.00s Real=0.01s
[2025-09-22T06:42:16.913+0000][68][safepoint   ] Safepoint "G1PauseRemark", Time since last: 23038125 ns, Reaching safepoint: 1173167 ns, At safepoint: 15083791 ns, Total: 16256958 ns
[2025-09-22T06:42:16.917+0000][68][gc,marking  ] GC(11) Concurrent Mark 25.642ms
[2025-09-22T06:42:16.918+0000][68][gc,marking  ] GC(11) Concurrent Rebuild Remembered Sets
[2025-09-22T06:42:16.924+0000][68][gc,marking  ] GC(11) Concurrent Rebuild Remembered Sets 6.784ms
[2025-09-22T06:42:16.929+0000][68][gc,start    ] GC(11) Pause Cleanup
[2025-09-22T06:42:16.932+0000][68][gc          ] GC(11) Pause Cleanup 64M->64M(512M) 2.954ms
[2025-09-22T06:42:16.932+0000][68][gc,cpu      ] GC(11) User=0.00s Sys=0.00s Real=0.00s
[2025-09-22T06:42:16.932+0000][68][safepoint   ] Safepoint "G1PauseCleanup", Time since last: 14710959 ns, Reaching safepoint: 1062250 ns, At safepoint: 3108083 ns, Total: 4170333 ns
[2025-09-22T06:42:16.933+0000][68][gc,marking  ] GC(11) Concurrent Cleanup for Next Mark
[2025-09-22T06:42:16.935+0000][68][gc,marking  ] GC(11) Concurrent Cleanup for Next Mark 2.352ms
[2025-09-22T06:42:16.935+0000][68][gc          ] GC(11) Concurrent Mark Cycle 61.019ms
[2025-09-22T06:42:17.262+0000][68][safepoint   ] Safepoint "ICBufferFull", Time since last: 329205584 ns, Reaching safepoint: 438333 ns, At safepoint: 11208 ns, Total: 449541 ns
[2025-09-22T06:42:18.161+0000][68][safepoint   ] Safepoint "ICBufferFull", Time since last: 896676459 ns, Reaching safepoint: 2002125 ns, At safepoint: 22500 ns, Total: 2024625 ns
[2025-09-22T06:42:18.725+0000][68][gc,start    ] GC(12) Pause Young (Normal) (G1 Evacuation Pause)
[2025-09-22T06:42:18.726+0000][68][gc,task     ] GC(12) Using 8 workers of 8 for evacuation
[2025-09-22T06:42:18.726+0000][68][gc,age      ] GC(12) Desired survivor size 20971520 bytes, new threshold 2 (max threshold 15)
[2025-09-22T06:42:18.752+0000][68][gc,phases   ] GC(12)   Pre Evacuate Collection Set: 0.1ms
[2025-09-22T06:42:18.753+0000][68][gc,phases   ] GC(12)   Merge Heap Roots: 0.1ms
[2025-09-22T06:42:18.753+0000][68][gc,phases   ] GC(12)   Evacuate Collection Set: 21.5ms
[2025-09-22T06:42:18.753+0000][68][gc,phases   ] GC(12)   Post Evacuate Collection Set: 4.7ms
[2025-09-22T06:42:18.753+0000][68][gc,phases   ] GC(12)   Other: 0.2ms
[2025-09-22T06:42:18.753+0000][68][gc,age      ] GC(12) Age table with threshold 2 (max threshold 15)
[2025-09-22T06:42:18.753+0000][68][gc,age      ] GC(12) - age   1:    3467968 bytes,    3467968 total
[2025-09-22T06:42:18.753+0000][68][gc,age      ] GC(12) - age   2:    7158240 bytes,   10626208 total
[2025-09-22T06:42:18.753+0000][68][gc,heap     ] GC(12) Eden regions: 69->0(73)
[2025-09-22T06:42:18.753+0000][68][gc,heap     ] GC(12) Survivor regions: 7->3(10)
[2025-09-22T06:42:18.753+0000][68][gc,heap     ] GC(12) Old regions: 8->12
[2025-09-22T06:42:18.753+0000][68][gc,heap     ] GC(12) Archive regions: 2->2
[2025-09-22T06:42:18.753+0000][68][gc,heap     ] GC(12) Humongous regions: 0->0
[2025-09-22T06:42:18.753+0000][68][gc,metaspace] GC(12) Metaspace: 69825K(71360K)->69825K(71360K) NonClass: 60901K(61824K)->60901K(61824K) Class: 8924K(9536K)->8924K(9536K)
[2025-09-22T06:42:18.753+0000][68][gc          ] GC(12) Pause Young (Normal) (G1 Evacuation Pause) 336M->63M(512M) 27.691ms
[2025-09-22T06:42:18.753+0000][68][gc,cpu      ] GC(12) User=0.12s Sys=0.01s Real=0.02s
[2025-09-22T06:42:18.753+0000][68][safepoint   ] Safepoint "G1CollectForAllocation", Time since last: 564456667 ns, Reaching safepoint: 187583 ns, At safepoint: 27889959 ns, Total: 28077542 ns
[2025-09-22T06:42:19.250+0000][68][safepoint   ] Safepoint "ICBufferFull", Time since last: 496359792 ns, Reaching safepoint: 559375 ns, At safepoint: 7583 ns, Total: 566958 ns
[2025-09-22T06:42:19.963+0000][68][safepoint   ] Safepoint "ICBufferFull", Time since last: 712443917 ns, Reaching safepoint: 263083 ns, At safepoint: 7375 ns, Total: 270458 ns
[2025-09-22T06:42:20.248+0000][68][safepoint   ] Safepoint "ICBufferFull", Time since last: 284963417 ns, Reaching safepoint: 627292 ns, At safepoint: 21208 ns, Total: 648500 ns
[2025-09-22T06:42:20.627+0000][68][gc,start    ] GC(13) Pause Young (Concurrent Start) (Metadata GC Threshold)
[2025-09-22T06:42:20.627+0000][68][gc,task     ] GC(13) Using 8 workers of 8 for evacuation
[2025-09-22T06:42:20.627+0000][68][gc,age      ] GC(13) Desired survivor size 20971520 bytes, new threshold 15 (max threshold 15)
[2025-09-22T06:42:20.649+0000][68][gc,phases   ] GC(13)   Pre Evacuate Collection Set: 0.5ms
[2025-09-22T06:42:20.649+0000][68][gc,phases   ] GC(13)   Merge Heap Roots: 0.2ms
[2025-09-22T06:42:20.649+0000][68][gc,phases   ] GC(13)   Evacuate Collection Set: 18.3ms
[2025-09-22T06:42:20.649+0000][68][gc,phases   ] GC(13)   Post Evacuate Collection Set: 2.6ms
[2025-09-22T06:42:20.649+0000][68][gc,phases   ] GC(13)   Other: 0.4ms
[2025-09-22T06:42:20.650+0000][68][gc,age      ] GC(13) Age table with threshold 15 (max threshold 15)
[2025-09-22T06:42:20.650+0000][68][gc,age      ] GC(13) - age   1:   12873168 bytes,   12873168 total
[2025-09-22T06:42:20.650+0000][68][gc,age      ] GC(13) - age   2:    3213416 bytes,   16086584 total
[2025-09-22T06:42:20.650+0000][68][gc,age      ] GC(13) - age   3:    7057568 bytes,   23144152 total
[2025-09-22T06:42:20.650+0000][68][gc,heap     ] GC(13) Eden regions: 45->0(70)
[2025-09-22T06:42:20.650+0000][68][gc,heap     ] GC(13) Survivor regions: 3->6(10)
[2025-09-22T06:42:20.650+0000][68][gc,heap     ] GC(13) Old regions: 12->12
[2025-09-22T06:42:20.650+0000][68][gc,heap     ] GC(13) Archive regions: 2->2
[2025-09-22T06:42:20.650+0000][68][gc,heap     ] GC(13) Humongous regions: 0->0
[2025-09-22T06:42:20.650+0000][68][gc,metaspace] GC(13) Metaspace: 98524K(101120K)->98524K(101120K) NonClass: 85629K(86976K)->85629K(86976K) Class: 12895K(14144K)->12895K(14144K)
[2025-09-22T06:42:20.650+0000][68][gc          ] GC(13) Pause Young (Concurrent Start) (Metadata GC Threshold) 243M->74M(512M) 23.328ms
[2025-09-22T06:42:20.650+0000][68][gc          ] GC(14) Concurrent Mark Cycle
[2025-09-22T06:42:20.650+0000][68][gc,cpu      ] GC(13) User=0.11s Sys=0.01s Real=0.02s
[2025-09-22T06:42:20.650+0000][68][gc,marking  ] GC(14) Concurrent Clear Claimed Marks
[2025-09-22T06:42:20.651+0000][68][safepoint   ] Safepoint "CollectForMetadataAllocation", Time since last: 377980459 ns, Reaching safepoint: 311958 ns, At safepoint: 23923083 ns, Total: 24235041 ns
[2025-09-22T06:42:20.651+0000][68][gc,marking  ] GC(14) Concurrent Clear Claimed Marks 0.585ms
[2025-09-22T06:42:20.652+0000][68][gc,marking  ] GC(14) Concurrent Scan Root Regions
[2025-09-22T06:42:20.666+0000][68][gc,marking  ] GC(14) Concurrent Scan Root Regions 13.548ms
[2025-09-22T06:42:20.666+0000][68][gc,marking  ] GC(14) Concurrent Mark
[2025-09-22T06:42:20.666+0000][68][gc,marking  ] GC(14) Concurrent Mark From Roots
[2025-09-22T06:42:20.666+0000][68][gc,task     ] GC(14) Using 2 workers of 2 for marking
[2025-09-22T06:42:20.680+0000][68][safepoint   ] Safepoint "CollectForMetadataAllocation", Time since last: 28748334 ns, Reaching safepoint: 133958 ns, At safepoint: 101083 ns, Total: 235041 ns
[2025-09-22T06:42:20.693+0000][68][gc,marking  ] GC(14) Concurrent Mark From Roots 26.859ms
[2025-09-22T06:42:20.695+0000][68][gc,marking  ] GC(14) Concurrent Preclean
[2025-09-22T06:42:20.696+0000][68][gc,marking  ] GC(14) Concurrent Preclean 0.580ms
[2025-09-22T06:42:20.698+0000][68][gc,start    ] GC(14) Pause Remark
[2025-09-22T06:42:20.703+0000][68][gc          ] GC(14) Pause Remark 80M->80M(512M) 5.281ms
[2025-09-22T06:42:20.704+0000][68][gc,cpu      ] GC(14) User=0.02s Sys=0.00s Real=0.00s
[2025-09-22T06:42:20.704+0000][68][safepoint   ] Safepoint "G1PauseRemark", Time since last: 16492209 ns, Reaching safepoint: 1439083 ns, At safepoint: 6572417 ns, Total: 8011500 ns
[2025-09-22T06:42:20.704+0000][68][gc,marking  ] GC(14) Concurrent Mark 38.686ms
[2025-09-22T06:42:20.705+0000][68][gc,marking  ] GC(14) Concurrent Rebuild Remembered Sets
[2025-09-22T06:42:20.723+0000][68][gc,marking  ] GC(14) Concurrent Rebuild Remembered Sets 18.204ms
[2025-09-22T06:42:20.723+0000][68][gc,start    ] GC(14) Pause Cleanup
[2025-09-22T06:42:20.725+0000][68][gc          ] GC(14) Pause Cleanup 82M->82M(512M) 1.436ms
[2025-09-22T06:42:20.726+0000][68][gc,cpu      ] GC(14) User=0.00s Sys=0.00s Real=0.01s
[2025-09-22T06:42:20.726+0000][68][safepoint   ] Safepoint "G1PauseCleanup", Time since last: 18824375 ns, Reaching safepoint: 373375 ns, At safepoint: 2591250 ns, Total: 2964625 ns
[2025-09-22T06:42:20.728+0000][68][gc,marking  ] GC(14) Concurrent Cleanup for Next Mark
[2025-09-22T06:42:20.735+0000][68][gc,marking  ] GC(14) Concurrent Cleanup for Next Mark 6.420ms
[2025-09-22T06:42:20.735+0000][68][gc          ] GC(14) Concurrent Mark Cycle 84.363ms
[2025-09-22T06:42:21.180+0000][68][safepoint   ] Safepoint "ICBufferFull", Time since last: 453826666 ns, Reaching safepoint: 420667 ns, At safepoint: 7667 ns, Total: 428334 ns
[2025-09-22T06:42:21.528+0000][68][safepoint   ] Safepoint "ICBufferFull", Time since last: 346731875 ns, Reaching safepoint: 614125 ns, At safepoint: 57042 ns, Total: 671167 ns
[2025-09-22T06:42:21.536+0000][68][safepoint   ] Safepoint "ICBufferFull", Time since last: 7030083 ns, Reaching safepoint: 1526917 ns, At safepoint: 14166 ns, Total: 1541083 ns
[2025-09-22T06:42:21.538+0000][68][safepoint   ] Safepoint "ICBufferFull", Time since last: 623459 ns, Reaching safepoint: 1465791 ns, At safepoint: 27709 ns, Total: 1493500 ns
[2025-09-22T06:42:21.547+0000][68][safepoint   ] Safepoint "ICBufferFull", Time since last: 3443250 ns, Reaching safepoint: 5449708 ns, At safepoint: 28917 ns, Total: 5478625 ns
[2025-09-22T06:42:21.550+0000][68][safepoint   ] Safepoint "ICBufferFull", Time since last: 1172583 ns, Reaching safepoint: 788292 ns, At safepoint: 347791 ns, Total: 1136083 ns
[2025-09-22T06:42:22.198+0000][68][safepoint   ] Safepoint "ICBufferFull", Time since last: 648446792 ns, Reaching safepoint: 411084 ns, At safepoint: 21000 ns, Total: 432084 ns
[2025-09-22T06:42:22.244+0000][68][safepoint   ] Safepoint "ICBufferFull", Time since last: 44919250 ns, Reaching safepoint: 267666 ns, At safepoint: 9459 ns, Total: 277125 ns
[2025-09-22T06:42:22.475+0000][68][safepoint   ] Safepoint "ICBufferFull", Time since last: 231119500 ns, Reaching safepoint: 200375 ns, At safepoint: 12458 ns, Total: 212833 ns
[2025-09-22T06:42:22.602+0000][68][safepoint   ] Safepoint "ICBufferFull", Time since last: 126376292 ns, Reaching safepoint: 954000 ns, At safepoint: 7208 ns, Total: 961208 ns
[2025-09-22T06:42:22.769+0000][68][safepoint   ] Safepoint "ICBufferFull", Time since last: 165877334 ns, Reaching safepoint: 973416 ns, At safepoint: 13250 ns, Total: 986666 ns
[2025-09-22T06:42:22.940+0000][68][safepoint   ] Safepoint "ICBufferFull", Time since last: 170073459 ns, Reaching safepoint: 255416 ns, At safepoint: 10750 ns, Total: 266166 ns
[2025-09-22T06:42:23.339+0000][68][safepoint   ] Safepoint "ICBufferFull", Time since last: 398114792 ns, Reaching safepoint: 1502333 ns, At safepoint: 17417 ns, Total: 1519750 ns
[2025-09-22T06:42:23.590+0000][68][safepoint   ] Safepoint "ICBufferFull", Time since last: 249188209 ns, Reaching safepoint: 1845291 ns, At safepoint: 18417 ns, Total: 1863708 ns
[2025-09-22T06:42:24.015+0000][68][safepoint   ] Safepoint "ICBufferFull", Time since last: 422980708 ns, Reaching safepoint: 2238750 ns, At safepoint: 21375 ns, Total: 2260125 ns
[2025-09-22T06:42:25.364+0000][68][safepoint   ] Safepoint "Cleanup", Time since last: 1348724501 ns, Reaching safepoint: 219875 ns, At safepoint: 10625 ns, Total: 230500 ns
[2025-09-22T06:42:25.968+0000][68][safepoint   ] Safepoint "ICBufferFull", Time since last: 601862250 ns, Reaching safepoint: 1885084 ns, At safepoint: 18041 ns, Total: 1903125 ns
[2025-09-22T06:42:26.435+0000][68][safepoint   ] Safepoint "ICBufferFull", Time since last: 466545917 ns, Reaching safepoint: 292709 ns, At safepoint: 14583 ns, Total: 307292 ns
[2025-09-22T06:42:27.917+0000][68][safepoint   ] Safepoint "Cleanup", Time since last: 1481231042 ns, Reaching safepoint: 303917 ns, At safepoint: 13333 ns, Total: 317250 ns
[2025-09-22T06:42:28.953+0000][68][safepoint   ] Safepoint "Cleanup", Time since last: 1022323542 ns, Reaching safepoint: 13269376 ns, At safepoint: 996500 ns, Total: 14265876 ns
[2025-09-22T06:42:30.956+0000][68][safepoint   ] Safepoint "Cleanup", Time since last: 2002155125 ns, Reaching safepoint: 1034917 ns, At safepoint: 17333 ns, Total: 1052250 ns
[2025-09-22T06:42:31.964+0000][68][safepoint   ] Safepoint "Cleanup", Time since last: 1002783293 ns, Reaching safepoint: 4642875 ns, At safepoint: 35750 ns, Total: 4678625 ns
[2025-09-22T06:42:32.647+0000][68][safepoint   ] Safepoint "ICBufferFull", Time since last: 682737625 ns, Reaching safepoint: 186750 ns, At safepoint: 6083 ns, Total: 192833 ns
[2025-09-22T06:42:33.114+0000][68][safepoint   ] Safepoint "ICBufferFull", Time since last: 466925084 ns, Reaching safepoint: 337833 ns, At safepoint: 8417 ns, Total: 346250 ns
[2025-09-22T06:42:33.121+0000][68][gc,start    ] GC(15) Pause Young (Prepare Mixed) (G1 Evacuation Pause)
[2025-09-22T06:42:33.121+0000][68][gc,task     ] GC(15) Using 8 workers of 8 for evacuation
[2025-09-22T06:42:33.122+0000][68][gc,age      ] GC(15) Desired survivor size 20971520 bytes, new threshold 3 (max threshold 15)
[2025-09-22T06:42:33.267+0000][68][gc,phases   ] GC(15)   Pre Evacuate Collection Set: 0.6ms
[2025-09-22T06:42:33.267+0000][68][gc,phases   ] GC(15)   Merge Heap Roots: 1.0ms
[2025-09-22T06:42:33.268+0000][68][gc,phases   ] GC(15)   Evacuate Collection Set: 134.6ms
[2025-09-22T06:42:33.268+0000][68][gc,phases   ] GC(15)   Post Evacuate Collection Set: 8.1ms
[2025-09-22T06:42:33.268+0000][68][gc,phases   ] GC(15)   Other: 1.4ms
[2025-09-22T06:42:33.268+0000][68][gc,age      ] GC(15) Age table with threshold 3 (max threshold 15)
[2025-09-22T06:42:33.268+0000][68][gc,age      ] GC(15) - age   1:   22654584 bytes,   22654584 total
[2025-09-22T06:42:33.268+0000][68][gc,age      ] GC(15) - age   2:   12031400 bytes,   34685984 total
[2025-09-22T06:42:33.268+0000][68][gc,age      ] GC(15) - age   3:    3159920 bytes,   37845904 total
[2025-09-22T06:42:33.269+0000][68][gc,heap     ] GC(15) Eden regions: 70->0(1)
[2025-09-22T06:42:33.269+0000][68][gc,heap     ] GC(15) Survivor regions: 6->10(10)
[2025-09-22T06:42:33.269+0000][68][gc,heap     ] GC(15) Old regions: 12->14
[2025-09-22T06:42:33.269+0000][68][gc,heap     ] GC(15) Archive regions: 2->2
[2025-09-22T06:42:33.269+0000][68][gc,heap     ] GC(15) Humongous regions: 4->4
[2025-09-22T06:42:33.269+0000][68][gc,metaspace] GC(15) Metaspace: 121153K(124480K)->121153K(124480K) NonClass: 104935K(106624K)->104935K(106624K) Class: 16218K(17856K)->16218K(17856K)
[2025-09-22T06:42:33.269+0000][68][gc          ] GC(15) Pause Young (Prepare Mixed) (G1 Evacuation Pause) 370M->112M(512M) 148.893ms
[2025-09-22T06:42:33.269+0000][68][gc,cpu      ] GC(15) User=0.41s Sys=0.01s Real=0.15s
[2025-09-22T06:42:33.270+0000][68][safepoint   ] Safepoint "G1CollectForAllocation", Time since last: 3119708 ns, Reaching safepoint: 2648208 ns, At safepoint: 149772834 ns, Total: 152421042 ns
[2025-09-22T06:42:33.324+0000][68][gc,start    ] GC(16) Pause Young (Mixed) (G1 Evacuation Pause)
[2025-09-22T06:42:33.324+0000][68][gc,task     ] GC(16) Using 8 workers of 8 for evacuation
[2025-09-22T06:42:33.324+0000][68][gc,age      ] GC(16) Desired survivor size 4194304 bytes, new threshold 1 (max threshold 15)
[2025-09-22T06:42:33.399+0000][68][gc,phases   ] GC(16)   Pre Evacuate Collection Set: 0.1ms
[2025-09-22T06:42:33.400+0000][68][gc,phases   ] GC(16)   Merge Heap Roots: 0.5ms
[2025-09-22T06:42:33.400+0000][68][gc,phases   ] GC(16)   Evacuate Collection Set: 72.4ms
[2025-09-22T06:42:33.401+0000][68][gc,phases   ] GC(16)   Post Evacuate Collection Set: 2.1ms
[2025-09-22T06:42:33.401+0000][68][gc,phases   ] GC(16)   Other: 0.5ms
[2025-09-22T06:42:33.401+0000][68][gc,age      ] GC(16) Age table with threshold 1 (max threshold 15)
[2025-09-22T06:42:33.401+0000][68][gc,age      ] GC(16) - age   1:     262888 bytes,     262888 total
[2025-09-22T06:42:33.402+0000][68][gc,heap     ] GC(16) Eden regions: 1->0(64)
[2025-09-22T06:42:33.402+0000][68][gc,heap     ] GC(16) Survivor regions: 10->1(2)
[2025-09-22T06:42:33.403+0000][68][gc,heap     ] GC(16) Old regions: 14->23
[2025-09-22T06:42:33.403+0000][68][gc,heap     ] GC(16) Archive regions: 2->2
[2025-09-22T06:42:33.404+0000][68][gc,heap     ] GC(16) Humongous regions: 4->4
[2025-09-22T06:42:33.404+0000][68][gc,metaspace] GC(16) Metaspace: 121153K(124480K)->121153K(124480K) NonClass: 104935K(106624K)->104935K(106624K) Class: 16218K(17856K)->16218K(17856K)
[2025-09-22T06:42:33.404+0000][68][gc          ] GC(16) Pause Young (Mixed) (G1 Evacuation Pause) 115M->114M(512M) 80.839ms
[2025-09-22T06:42:33.405+0000][68][gc,cpu      ] GC(16) User=0.17s Sys=0.01s Real=0.09s
[2025-09-22T06:42:33.406+0000][68][safepoint   ] Safepoint "G1CollectForAllocation", Time since last: 6320583 ns, Reaching safepoint: 47343875 ns, At safepoint: 82908917 ns, Total: 130252792 ns
[2025-09-22T06:42:33.766+0000][68][safepoint   ] Safepoint "ICBufferFull", Time since last: 357542583 ns, Reaching safepoint: 1758875 ns, At safepoint: 705834 ns, Total: 2464709 ns
[2025-09-22T06:42:34.501+0000][68][safepoint   ] Safepoint "ICBufferFull", Time since last: 730246208 ns, Reaching safepoint: 4859834 ns, At safepoint: 213791 ns, Total: 5073625 ns
[2025-09-22T06:42:34.814+0000][68][safepoint   ] Safepoint "ICBufferFull", Time since last: 312548209 ns, Reaching safepoint: 419708 ns, At safepoint: 16042 ns, Total: 435750 ns
[2025-09-22T06:42:35.817+0000][68][safepoint   ] Safepoint "Cleanup", Time since last: 1001815959 ns, Reaching safepoint: 282333 ns, At safepoint: 9500 ns, Total: 291833 ns
[2025-09-22T06:42:36.818+0000][68][safepoint   ] Safepoint "Cleanup", Time since last: 1001361334 ns, Reaching safepoint: 191167 ns, At safepoint: 23166 ns, Total: 214333 ns
[2025-09-22T06:42:37.821+0000][68][safepoint   ] Safepoint "Cleanup", Time since last: 1003037751 ns, Reaching safepoint: 196791 ns, At safepoint: 15292 ns, Total: 212083 ns
[2025-09-22T06:42:38.823+0000][68][safepoint   ] Safepoint "Cleanup", Time since last: 1001130167 ns, Reaching safepoint: 163209 ns, At safepoint: 7083 ns, Total: 170292 ns
[2025-09-22T06:42:39.833+0000][68][safepoint   ] Safepoint "Cleanup", Time since last: 1006306875 ns, Reaching safepoint: 4286167 ns, At safepoint: 9583 ns, Total: 4295750 ns
[2025-09-22T06:42:40.837+0000][68][safepoint   ] Safepoint "Cleanup", Time since last: 1001887376 ns, Reaching safepoint: 155750 ns, At safepoint: 6916 ns, Total: 162666 ns
[2025-09-22T06:42:41.844+0000][68][safepoint   ] Safepoint "Cleanup", Time since last: 1006835292 ns, Reaching safepoint: 237042 ns, At safepoint: 7167 ns, Total: 244209 ns
[2025-09-22T06:42:42.441+0000][68][safepoint   ] Safepoint "ICBufferFull", Time since last: 587382000 ns, Reaching safepoint: 9583833 ns, At safepoint: 413834 ns, Total: 9997667 ns
[2025-09-22T06:42:42.503+0000][68][safepoint   ] Safepoint "ICBufferFull", Time since last: 29074250 ns, Reaching safepoint: 7393541 ns, At safepoint: 25001625 ns, Total: 32395166 ns
[2025-09-22T06:42:42.569+0000][68][safepoint   ] Safepoint "ICBufferFull", Time since last: 12689709 ns, Reaching safepoint: 15320291 ns, At safepoint: 38869542 ns, Total: 54189833 ns
[2025-09-22T06:42:42.637+0000][68][safepoint   ] Safepoint "ICBufferFull", Time since last: 4796333 ns, Reaching safepoint: 11301875 ns, At safepoint: 51139500 ns, Total: 62441375 ns
[2025-09-22T06:42:42.905+0000][68][safepoint   ] Safepoint "ICBufferFull", Time since last: 267662292 ns, Reaching safepoint: 957625 ns, At safepoint: 29417 ns, Total: 987042 ns
[2025-09-22T06:42:43.147+0000][68][safepoint   ] Safepoint "ICBufferFull", Time since last: 241556958 ns, Reaching safepoint: 268834 ns, At safepoint: 12958 ns, Total: 281792 ns
[2025-09-22T06:42:43.837+0000][68][safepoint   ] Safepoint "ICBufferFull", Time since last: 688774000 ns, Reaching safepoint: 851750 ns, At safepoint: 18709 ns, Total: 870459 ns
[2025-09-22T06:42:44.171+0000][68][safepoint   ] Safepoint "ICBufferFull", Time since last: 326695500 ns, Reaching safepoint: 3216625 ns, At safepoint: 4108041 ns, Total: 7324666 ns
[2025-09-22T06:42:44.423+0000][68][safepoint   ] Safepoint "ICBufferFull", Time since last: 251222334 ns, Reaching safepoint: 1101292 ns, At safepoint: 26416 ns, Total: 1127708 ns
[2025-09-22T06:42:44.561+0000][68][gc,start    ] GC(17) Pause Young (Normal) (G1 Evacuation Pause)
[2025-09-22T06:42:44.561+0000][68][gc,task     ] GC(17) Using 8 workers of 8 for evacuation
[2025-09-22T06:42:44.561+0000][68][gc,age      ] GC(17) Desired survivor size 18874368 bytes, new threshold 15 (max threshold 15)
[2025-09-22T06:42:44.608+0000][68][gc,phases   ] GC(17)   Pre Evacuate Collection Set: 0.5ms
[2025-09-22T06:42:44.612+0000][68][gc,phases   ] GC(17)   Merge Heap Roots: 0.5ms
[2025-09-22T06:42:44.612+0000][68][gc,phases   ] GC(17)   Evacuate Collection Set: 40.0ms
[2025-09-22T06:42:44.612+0000][68][gc,phases   ] GC(17)   Post Evacuate Collection Set: 4.5ms
[2025-09-22T06:42:44.612+0000][68][gc,phases   ] GC(17)   Other: 0.7ms
[2025-09-22T06:42:44.613+0000][68][gc,age      ] GC(17) Age table with threshold 15 (max threshold 15)
[2025-09-22T06:42:44.614+0000][68][gc,age      ] GC(17) - age   1:   15455128 bytes,   15455128 total
[2025-09-22T06:42:44.617+0000][68][gc,age      ] GC(17) - age   2:     131120 bytes,   15586248 total
[2025-09-22T06:42:44.617+0000][68][gc,heap     ] GC(17) Eden regions: 64->0(61)
[2025-09-22T06:42:44.617+0000][68][gc,heap     ] GC(17) Survivor regions: 1->5(9)
[2025-09-22T06:42:44.618+0000][68][gc,heap     ] GC(17) Old regions: 23->23
[2025-09-22T06:42:44.618+0000][68][gc,heap     ] GC(17) Archive regions: 2->2
[2025-09-22T06:42:44.618+0000][68][gc,heap     ] GC(17) Humongous regions: 4->4
[2025-09-22T06:42:44.620+0000][68][gc,metaspace] GC(17) Metaspace: 124656K(127936K)->124656K(127936K) NonClass: 107984K(109632K)->107984K(109632K) Class: 16672K(18304K)->16672K(18304K)
[2025-09-22T06:42:44.620+0000][68][gc          ] GC(17) Pause Young (Normal) (G1 Evacuation Pause) 370M->127M(512M) 58.977ms
[2025-09-22T06:42:44.620+0000][68][gc,cpu      ] GC(17) User=0.10s Sys=0.00s Real=0.06s
[2025-09-22T06:42:44.620+0000][68][safepoint   ] Safepoint "G1CollectForAllocation", Time since last: 137368917 ns, Reaching safepoint: 177167 ns, At safepoint: 59495416 ns, Total: 59672583 ns
[2025-09-22T06:42:45.134+0000][68][safepoint   ] Safepoint "ICBufferFull", Time since last: 513043292 ns, Reaching safepoint: 362750 ns, At safepoint: 17542 ns, Total: 380292 ns
[2025-09-22T06:42:45.485+0000][68][safepoint   ] Safepoint "ICBufferFull", Time since last: 350976750 ns, Reaching safepoint: 866958 ns, At safepoint: 29917 ns, Total: 896875 ns
[2025-09-22T06:42:45.666+0000][68][safepoint   ] Safepoint "ICBufferFull", Time since last: 175960792 ns, Reaching safepoint: 5017416 ns, At safepoint: 26500 ns, Total: 5043916 ns
[2025-09-22T06:42:46.121+0000][68][safepoint   ] Safepoint "ICBufferFull", Time since last: 437036501 ns, Reaching safepoint: 17352708 ns, At safepoint: 40167 ns, Total: 17392875 ns
[2025-09-22T06:42:46.131+0000][68][safepoint   ] Safepoint "ICBufferFull", Time since last: 6057500 ns, Reaching safepoint: 4429791 ns, At safepoint: 23834 ns, Total: 4453625 ns
[2025-09-22T06:42:46.421+0000][68][safepoint   ] Safepoint "ICBufferFull", Time since last: 289402958 ns, Reaching safepoint: 288542 ns, At safepoint: 20625 ns, Total: 309167 ns
[2025-09-22T06:42:46.853+0000][68][safepoint   ] Safepoint "ICBufferFull", Time since last: 405724708 ns, Reaching safepoint: 26412917 ns, At safepoint: 196750 ns, Total: 26609667 ns
[2025-09-22T06:42:47.878+0000][68][safepoint   ] Safepoint "Cleanup", Time since last: 1023092251 ns, Reaching safepoint: 1156208 ns, At safepoint: 32875 ns, Total: 1189083 ns
[2025-09-22T06:42:48.813+0000][68][safepoint   ] Safepoint "ICBufferFull", Time since last: 926635209 ns, Reaching safepoint: 9004625 ns, At safepoint: 36791 ns, Total: 9041416 ns
[2025-09-22T06:42:48.831+0000][68][safepoint   ] Safepoint "ICBufferFull", Time since last: 13328125 ns, Reaching safepoint: 4100000 ns, At safepoint: 60792 ns, Total: 4160792 ns
[2025-09-22T06:42:48.856+0000][68][safepoint   ] Safepoint "ICBufferFull", Time since last: 19263583 ns, Reaching safepoint: 6036584 ns, At safepoint: 43833 ns, Total: 6080417 ns
[2025-09-22T06:42:48.910+0000][68][safepoint   ] Safepoint "ICBufferFull", Time since last: 30701750 ns, Reaching safepoint: 9614333 ns, At safepoint: 12989417 ns, Total: 22603750 ns
[2025-09-22T06:42:48.937+0000][68][safepoint   ] Safepoint "ICBufferFull", Time since last: 18405375 ns, Reaching safepoint: 8739208 ns, At safepoint: 91375 ns, Total: 8830583 ns
[2025-09-22T06:42:49.512+0000][68][safepoint   ] Safepoint "ICBufferFull", Time since last: 574617792 ns, Reaching safepoint: 392167 ns, At safepoint: 9958 ns, Total: 402125 ns
[2025-09-22T06:42:49.618+0000][68][safepoint   ] Safepoint "ICBufferFull", Time since last: 95345542 ns, Reaching safepoint: 6254917 ns, At safepoint: 4080416 ns, Total: 10335333 ns
[2025-09-22T06:42:49.961+0000][68][safepoint   ] Safepoint "ICBufferFull", Time since last: 341769876 ns, Reaching safepoint: 2125583 ns, At safepoint: 33375 ns, Total: 2158958 ns
[2025-09-22T06:42:50.259+0000][68][safepoint   ] Safepoint "ICBufferFull", Time since last: 296736875 ns, Reaching safepoint: 422542 ns, At safepoint: 22750 ns, Total: 445292 ns
[2025-09-22T06:42:50.575+0000][68][safepoint   ] Safepoint "ICBufferFull", Time since last: 305936416 ns, Reaching safepoint: 9942709 ns, At safepoint: 101167 ns, Total: 10043876 ns
[2025-09-22T06:42:50.747+0000][68][safepoint   ] Safepoint "ICBufferFull", Time since last: 172289375 ns, Reaching safepoint: 408333 ns, At safepoint: 8958 ns, Total: 417291 ns
[2025-09-22T06:42:51.765+0000][68][safepoint   ] Safepoint "Cleanup", Time since last: 1016749959 ns, Reaching safepoint: 810500 ns, At safepoint: 24542 ns, Total: 835042 ns
[2025-09-22T06:42:52.341+0000][68][gc,start    ] GC(18) Pause Young (Normal) (G1 Evacuation Pause)
[2025-09-22T06:42:52.341+0000][68][gc,task     ] GC(18) Using 8 workers of 8 for evacuation
[2025-09-22T06:42:52.341+0000][68][gc,age      ] GC(18) Desired survivor size 18874368 bytes, new threshold 15 (max threshold 15)
[2025-09-22T06:42:52.530+0000][68][gc,phases   ] GC(18)   Pre Evacuate Collection Set: 0.7ms
[2025-09-22T06:42:52.535+0000][68][gc,phases   ] GC(18)   Merge Heap Roots: 0.8ms
[2025-09-22T06:42:52.541+0000][68][gc,phases   ] GC(18)   Evacuate Collection Set: 166.2ms
[2025-09-22T06:42:52.543+0000][68][gc,phases   ] GC(18)   Post Evacuate Collection Set: 20.4ms
[2025-09-22T06:42:52.544+0000][68][gc,phases   ] GC(18)   Other: 1.0ms
[2025-09-22T06:42:52.546+0000][68][gc,age      ] GC(18) Age table with threshold 15 (max threshold 15)
[2025-09-22T06:42:52.548+0000][68][gc,age      ] GC(18) - age   1:   10825824 bytes,   10825824 total
[2025-09-22T06:42:52.553+0000][68][gc,age      ] GC(18) - age   2:    3456760 bytes,   14282584 total
[2025-09-22T06:42:52.554+0000][68][gc,age      ] GC(18) - age   3:     131120 bytes,   14413704 total
[2025-09-22T06:42:52.555+0000][68][gc,heap     ] GC(18) Eden regions: 61->0(62)
[2025-09-22T06:42:52.556+0000][68][gc,heap     ] GC(18) Survivor regions: 5->4(9)
[2025-09-22T06:42:52.556+0000][68][gc,heap     ] GC(18) Old regions: 23->23
[2025-09-22T06:42:52.556+0000][68][gc,heap     ] GC(18) Archive regions: 2->2
[2025-09-22T06:42:52.559+0000][68][gc,heap     ] GC(18) Humongous regions: 4->4
[2025-09-22T06:42:52.564+0000][68][gc,metaspace] GC(18) Metaspace: 129874K(133248K)->129874K(133248K) NonClass: 112558K(114304K)->112558K(114304K) Class: 17316K(18944K)->17316K(18944K)
[2025-09-22T06:42:52.565+0000][68][gc          ] GC(18) Pause Young (Normal) (G1 Evacuation Pause) 371M->125M(512M) 224.539ms
[2025-09-22T06:42:52.569+0000][68][gc,cpu      ] GC(18) User=0.21s Sys=0.02s Real=0.23s
[2025-09-22T06:42:52.584+0000][68][safepoint   ] Safepoint "G1CollectForAllocation", Time since last: 514887958 ns, Reaching safepoint: 8851584 ns, At safepoint: 295332958 ns, Total: 304184542 ns
[2025-09-22T06:42:53.342+0000][68][safepoint   ] Safepoint "ICBufferFull", Time since last: 757280459 ns, Reaching safepoint: 321333 ns, At safepoint: 10625 ns, Total: 331958 ns
[2025-09-22T06:42:53.706+0000][68][safepoint   ] Safepoint "ICBufferFull", Time since last: 364346084 ns, Reaching safepoint: 367375 ns, At safepoint: 14541 ns, Total: 381916 ns
[2025-09-22T06:42:54.053+0000][68][safepoint   ] Safepoint "ICBufferFull", Time since last: 340526417 ns, Reaching safepoint: 6024917 ns, At safepoint: 42041 ns, Total: 6066958 ns
[2025-09-22T06:42:54.370+0000][68][safepoint   ] Safepoint "ICBufferFull", Time since last: 307632501 ns, Reaching safepoint: 9427166 ns, At safepoint: 34125 ns, Total: 9461291 ns
[2025-09-22T06:42:54.943+0000][68][safepoint   ] Safepoint "ICBufferFull", Time since last: 570189751 ns, Reaching safepoint: 2673083 ns, At safepoint: 41000 ns, Total: 2714083 ns
[2025-09-22T06:42:54.955+0000][68][safepoint   ] Safepoint "ICBufferFull", Time since last: 5884792 ns, Reaching safepoint: 5684333 ns, At safepoint: 117458 ns, Total: 5801791 ns
[2025-09-22T06:42:55.229+0000][68][safepoint   ] Safepoint "ICBufferFull", Time since last: 260846584 ns, Reaching safepoint: 13249708 ns, At safepoint: 33500 ns, Total: 13283208 ns
[2025-09-22T06:42:55.449+0000][68][safepoint   ] Safepoint "ICBufferFull", Time since last: 211770792 ns, Reaching safepoint: 8122750 ns, At safepoint: 49166 ns, Total: 8171916 ns
[2025-09-22T06:42:56.803+0000][68][safepoint   ] Safepoint "ICBufferFull", Time since last: 1340225001 ns, Reaching safepoint: 2190042 ns, At safepoint: 12333708 ns, Total: 14523750 ns
[2025-09-22T06:42:57.706+0000][68][safepoint   ] Safepoint "ICBufferFull", Time since last: 894830251 ns, Reaching safepoint: 4280791 ns, At safepoint: 3409375 ns, Total: 7690166 ns
[2025-09-22T06:42:57.746+0000][68][safepoint   ] Safepoint "ICBufferFull", Time since last: 22524959 ns, Reaching safepoint: 1048541 ns, At safepoint: 16420167 ns, Total: 17468708 ns
[2025-09-22T06:42:58.501+0000][68][gc,start    ] GC(19) Pause Young (Normal) (G1 Evacuation Pause)
[2025-09-22T06:42:58.501+0000][68][gc,task     ] GC(19) Using 8 workers of 8 for evacuation
[2025-09-22T06:42:58.502+0000][68][gc,age      ] GC(19) Desired survivor size 18874368 bytes, new threshold 15 (max threshold 15)
[2025-09-22T06:42:58.550+0000][68][gc,phases   ] GC(19)   Pre Evacuate Collection Set: 0.3ms
[2025-09-22T06:42:58.550+0000][68][gc,phases   ] GC(19)   Merge Heap Roots: 0.4ms
[2025-09-22T06:42:58.550+0000][68][gc,phases   ] GC(19)   Evacuate Collection Set: 44.5ms
[2025-09-22T06:42:58.550+0000][68][gc,phases   ] GC(19)   Post Evacuate Collection Set: 2.8ms
[2025-09-22T06:42:58.551+0000][68][gc,phases   ] GC(19)   Other: 0.8ms
[2025-09-22T06:42:58.551+0000][68][gc,age      ] GC(19) Age table with threshold 15 (max threshold 15)
[2025-09-22T06:42:58.551+0000][68][gc,age      ] GC(19) - age   1:    5908008 bytes,    5908008 total
[2025-09-22T06:42:58.551+0000][68][gc,age      ] GC(19) - age   2:    5103144 bytes,   11011152 total
[2025-09-22T06:42:58.551+0000][68][gc,age      ] GC(19) - age   3:    3419976 bytes,   14431128 total
[2025-09-22T06:42:58.551+0000][68][gc,age      ] GC(19) - age   4:     131120 bytes,   14562248 total
[2025-09-22T06:42:58.551+0000][68][gc,heap     ] GC(19) Eden regions: 62->0(64)
[2025-09-22T06:42:58.552+0000][68][gc,heap     ] GC(19) Survivor regions: 4->4(9)
[2025-09-22T06:42:58.552+0000][68][gc,heap     ] GC(19) Old regions: 23->23
[2025-09-22T06:42:58.552+0000][68][gc,heap     ] GC(19) Archive regions: 2->2
[2025-09-22T06:42:58.552+0000][68][gc,heap     ] GC(19) Humongous regions: 4->4
[2025-09-22T06:42:58.552+0000][68][gc,metaspace] GC(19) Metaspace: 132243K(135744K)->132243K(135744K) NonClass: 114648K(116480K)->114648K(116480K) Class: 17594K(19264K)->17594K(19264K)
[2025-09-22T06:42:58.552+0000][68][gc          ] GC(19) Pause Young (Normal) (G1 Evacuation Pause) 373M->125M(512M) 51.053ms
[2025-09-22T06:42:58.552+0000][68][gc,cpu      ] GC(19) User=0.13s Sys=0.00s Real=0.05s
[2025-09-22T06:42:58.552+0000][68][safepoint   ] Safepoint "G1CollectForAllocation", Time since last: 753974459 ns, Reaching safepoint: 640125 ns, At safepoint: 51546666 ns, Total: 52186791 ns
[2025-09-22T06:42:59.250+0000][68][safepoint   ] Safepoint "ICBufferFull", Time since last: 697388792 ns, Reaching safepoint: 792334 ns, At safepoint: 23916 ns, Total: 816250 ns
[2025-09-22T06:43:00.097+0000][68][safepoint   ] Safepoint "ICBufferFull", Time since last: 845024709 ns, Reaching safepoint: 1202125 ns, At safepoint: 32417 ns, Total: 1234542 ns
[2025-09-22T06:43:00.923+0000][68][safepoint   ] Safepoint "ICBufferFull", Time since last: 824452833 ns, Reaching safepoint: 1959625 ns, At safepoint: 16000 ns, Total: 1975625 ns
[2025-09-22T06:43:01.341+0000][68][safepoint   ] Safepoint "ICBufferFull", Time since last: 417619626 ns, Reaching safepoint: 374708 ns, At safepoint: 8208 ns, Total: 382916 ns
[2025-09-22T06:43:02.354+0000][68][safepoint   ] Safepoint "Cleanup", Time since last: 1002719709 ns, Reaching safepoint: 8067042 ns, At safepoint: 88666 ns, Total: 8155708 ns
[2025-09-22T06:43:03.364+0000][68][safepoint   ] Safepoint "Cleanup", Time since last: 1008612376 ns, Reaching safepoint: 3325667 ns, At safepoint: 199666 ns, Total: 3525333 ns
[2025-09-22T06:43:04.371+0000][68][safepoint   ] Safepoint "Cleanup", Time since last: 1001372917 ns, Reaching safepoint: 5133834 ns, At safepoint: 22666 ns, Total: 5156500 ns
[2025-09-22T06:43:05.372+0000][68][safepoint   ] Safepoint "Cleanup", Time since last: 1000952251 ns, Reaching safepoint: 259583 ns, At safepoint: 9500 ns, Total: 269083 ns
[2025-09-22T06:43:06.374+0000][68][safepoint   ] Safepoint "Cleanup", Time since last: 1000667209 ns, Reaching safepoint: 1088958 ns, At safepoint: 20542 ns, Total: 1109500 ns
[2025-09-22T06:43:07.380+0000][68][safepoint   ] Safepoint "Cleanup", Time since last: 1005552376 ns, Reaching safepoint: 1051916 ns, At safepoint: 44875 ns, Total: 1096791 ns
[2025-09-22T06:43:08.382+0000][68][safepoint   ] Safepoint "Cleanup", Time since last: 1001756709 ns, Reaching safepoint: 274792 ns, At safepoint: 8291 ns, Total: 283083 ns
[2025-09-22T06:43:10.385+0000][68][safepoint   ] Safepoint "Cleanup", Time since last: 2002247876 ns, Reaching safepoint: 253416 ns, At safepoint: 7917 ns, Total: 261333 ns
[2025-09-22T06:43:12.392+0000][68][safepoint   ] Safepoint "Cleanup", Time since last: 2002815001 ns, Reaching safepoint: 3881083 ns, At safepoint: 308709 ns, Total: 4189792 ns
[2025-09-22T06:43:13.394+0000][68][safepoint   ] Safepoint "Cleanup", Time since last: 1001830458 ns, Reaching safepoint: 289209 ns, At safepoint: 10250 ns, Total: 299459 ns
[2025-09-22T06:43:14.395+0000][68][safepoint   ] Safepoint "Cleanup", Time since last: 1000698125 ns, Reaching safepoint: 162917 ns, At safepoint: 7875 ns, Total: 170792 ns
[2025-09-22T06:43:15.402+0000][68][safepoint   ] Safepoint "Cleanup", Time since last: 1006874917 ns, Reaching safepoint: 299500 ns, At safepoint: 91083 ns, Total: 390583 ns
[2025-09-22T06:43:16.429+0000][68][safepoint   ] Safepoint "Cleanup", Time since last: 1004790501 ns, Reaching safepoint: 19496500 ns, At safepoint: 982375 ns, Total: 20478875 ns
[2025-09-22T06:43:17.438+0000][68][safepoint   ] Safepoint "Cleanup", Time since last: 1009445750 ns, Reaching safepoint: 795167 ns, At safepoint: 60667 ns, Total: 855834 ns
[2025-09-22T06:43:18.452+0000][68][safepoint   ] Safepoint "Cleanup", Time since last: 1013088083 ns, Reaching safepoint: 1228750 ns, At safepoint: 52250 ns, Total: 1281000 ns
[2025-09-22T06:43:19.460+0000][68][safepoint   ] Safepoint "Cleanup", Time since last: 1004088959 ns, Reaching safepoint: 4276417 ns, At safepoint: 25583 ns, Total: 4302000 ns
[2025-09-22T06:43:19.991+0000][68][gc,start    ] GC(20) Pause Young (Normal) (G1 Evacuation Pause)
[2025-09-22T06:43:19.993+0000][68][gc,task     ] GC(20) Using 8 workers of 8 for evacuation
[2025-09-22T06:43:19.994+0000][68][gc,age      ] GC(20) Desired survivor size 18874368 bytes, new threshold 15 (max threshold 15)
[2025-09-22T06:43:20.141+0000][68][gc,phases   ] GC(20)   Pre Evacuate Collection Set: 2.1ms
[2025-09-22T06:43:20.144+0000][68][gc,phases   ] GC(20)   Merge Heap Roots: 1.1ms
[2025-09-22T06:43:20.149+0000][68][gc,phases   ] GC(20)   Evacuate Collection Set: 119.8ms
[2025-09-22T06:43:20.151+0000][68][gc,phases   ] GC(20)   Post Evacuate Collection Set: 22.8ms
[2025-09-22T06:43:20.158+0000][68][gc,phases   ] GC(20)   Other: 3.5ms
[2025-09-22T06:43:20.162+0000][68][gc,age      ] GC(20) Age table with threshold 15 (max threshold 15)
[2025-09-22T06:43:20.164+0000][68][gc,age      ] GC(20) - age   1:    1809232 bytes,    1809232 total
[2025-09-22T06:43:20.165+0000][68][gc,age      ] GC(20) - age   2:    2772120 bytes,    4581352 total
[2025-09-22T06:43:20.167+0000][68][gc,age      ] GC(20) - age   3:    4758576 bytes,    9339928 total
[2025-09-22T06:43:20.168+0000][68][gc,age      ] GC(20) - age   4:    3417456 bytes,   12757384 total
[2025-09-22T06:43:20.171+0000][68][gc,age      ] GC(20) - age   5:     131120 bytes,   12888504 total
[2025-09-22T06:43:20.171+0000][68][gc,heap     ] GC(20) Eden regions: 64->0(66)
[2025-09-22T06:43:20.171+0000][68][gc,heap     ] GC(20) Survivor regions: 4->4(9)
[2025-09-22T06:43:20.172+0000][68][gc,heap     ] GC(20) Old regions: 23->23
[2025-09-22T06:43:20.175+0000][68][gc,heap     ] GC(20) Archive regions: 2->2
[2025-09-22T06:43:20.180+0000][68][gc,heap     ] GC(20) Humongous regions: 4->4
[2025-09-22T06:43:20.180+0000][68][gc,metaspace] GC(20) Metaspace: 133007K(136448K)->133007K(136448K) NonClass: 115408K(117184K)->115408K(117184K) Class: 17598K(19264K)->17598K(19264K)
[2025-09-22T06:43:20.180+0000][68][gc          ] GC(20) Pause Young (Normal) (G1 Evacuation Pause) 381M->124M(512M) 189.834ms
[2025-09-22T06:43:20.181+0000][68][gc,cpu      ] GC(20) User=0.28s Sys=0.03s Real=0.19s
[2025-09-22T06:43:20.192+0000][68][safepoint   ] Safepoint "G1CollectForAllocation", Time since last: 528621792 ns, Reaching safepoint: 660917 ns, At safepoint: 201816417 ns, Total: 202477334 ns
[2025-09-22T06:43:21.198+0000][68][safepoint   ] Safepoint "Cleanup", Time since last: 1005044708 ns, Reaching safepoint: 843125 ns, At safepoint: 34209 ns, Total: 877334 ns
[2025-09-22T06:43:22.209+0000][68][safepoint   ] Safepoint "Cleanup", Time since last: 1004108000 ns, Reaching safepoint: 3421334 ns, At safepoint: 3584291 ns, Total: 7005625 ns
[2025-09-22T06:43:23.214+0000][68][safepoint   ] Safepoint "Cleanup", Time since last: 1005072167 ns, Reaching safepoint: 607417 ns, At safepoint: 42458 ns, Total: 649875 ns
[2025-09-22T06:43:24.218+0000][68][safepoint   ] Safepoint "Cleanup", Time since last: 1003718543 ns, Reaching safepoint: 354958 ns, At safepoint: 8167 ns, Total: 363125 ns
[2025-09-22T06:43:25.220+0000][68][safepoint   ] Safepoint "Cleanup", Time since last: 1001190917 ns, Reaching safepoint: 214375 ns, At safepoint: 9750 ns, Total: 224125 ns
[2025-09-22T06:43:28.227+0000][68][safepoint   ] Safepoint "Cleanup", Time since last: 3003758126 ns, Reaching safepoint: 3005042 ns, At safepoint: 24041 ns, Total: 3029083 ns
[2025-09-22T06:43:29.231+0000][68][safepoint   ] Safepoint "Cleanup", Time since last: 1004159668 ns, Reaching safepoint: 163583 ns, At safepoint: 5875 ns, Total: 169458 ns
[2025-09-22T06:43:30.232+0000][68][safepoint   ] Safepoint "Cleanup", Time since last: 1000689084 ns, Reaching safepoint: 172125 ns, At safepoint: 6791 ns, Total: 178916 ns
[2025-09-22T06:43:31.233+0000][68][safepoint   ] Safepoint "Cleanup", Time since last: 1000802834 ns, Reaching safepoint: 91959 ns, At safepoint: 3666 ns, Total: 95625 ns
[2025-09-22T06:43:32.234+0000][68][safepoint   ] Safepoint "Cleanup", Time since last: 1001153376 ns, Reaching safepoint: 223375 ns, At safepoint: 9333 ns, Total: 232708 ns
[2025-09-22T06:43:34.236+0000][68][safepoint   ] Safepoint "Cleanup", Time since last: 2001553584 ns, Reaching safepoint: 202209 ns, At safepoint: 7208 ns, Total: 209417 ns
[2025-09-22T06:43:35.238+0000][68][safepoint   ] Safepoint "Cleanup", Time since last: 1001161959 ns, Reaching safepoint: 1326000 ns, At safepoint: 99291 ns, Total: 1425291 ns
[2025-09-22T06:43:36.240+0000][68][safepoint   ] Safepoint "Cleanup", Time since last: 1001115959 ns, Reaching safepoint: 67959 ns, At safepoint: 5625 ns, Total: 73584 ns
[2025-09-22T06:43:37.241+0000][68][safepoint   ] Safepoint "Cleanup", Time since last: 1000972583 ns, Reaching safepoint: 154792 ns, At safepoint: 7208 ns, Total: 162000 ns
[2025-09-22T06:43:40.245+0000][68][safepoint   ] Safepoint "Cleanup", Time since last: 3002915835 ns, Reaching safepoint: 1245292 ns, At safepoint: 27208 ns, Total: 1272500 ns
[2025-09-22T06:43:41.250+0000][68][safepoint   ] Safepoint "Cleanup", Time since last: 1001637167 ns, Reaching safepoint: 3998542 ns, At safepoint: 44458 ns, Total: 4043000 ns
[2025-09-22T06:43:42.251+0000][68][safepoint   ] Safepoint "Cleanup", Time since last: 1001002001 ns, Reaching safepoint: 209458 ns, At safepoint: 7083 ns, Total: 216541 ns
[2025-09-22T06:43:43.253+0000][68][safepoint   ] Safepoint "Cleanup", Time since last: 1000730542 ns, Reaching safepoint: 451625 ns, At safepoint: 20459 ns, Total: 472084 ns
[2025-09-22T06:43:44.255+0000][68][safepoint   ] Safepoint "Cleanup", Time since last: 1001548750 ns, Reaching safepoint: 277583 ns, At safepoint: 20292 ns, Total: 297875 ns
[2025-09-22T06:43:45.256+0000][68][safepoint   ] Safepoint "Cleanup", Time since last: 1000894709 ns, Reaching safepoint: 161708 ns, At safepoint: 12125 ns, Total: 173833 ns
[2025-09-22T06:43:46.257+0000][68][safepoint   ] Safepoint "Cleanup", Time since last: 1000668876 ns, Reaching safepoint: 670791 ns, At safepoint: 24834 ns, Total: 695625 ns
[2025-09-22T06:43:48.259+0000][68][safepoint   ] Safepoint "Cleanup", Time since last: 2002270834 ns, Reaching safepoint: 235042 ns, At safepoint: 17458 ns, Total: 252500 ns
[2025-09-22T06:43:49.262+0000][68][safepoint   ] Safepoint "Cleanup", Time since last: 1002732959 ns, Reaching safepoint: 270708 ns, At safepoint: 18834 ns, Total: 289542 ns
[2025-09-22T06:43:51.265+0000][68][safepoint   ] Safepoint "Cleanup", Time since last: 2001710834 ns, Reaching safepoint: 759416 ns, At safepoint: 12417 ns, Total: 771833 ns
[2025-09-22T06:43:52.266+0000][68][safepoint   ] Safepoint "Cleanup", Time since last: 1001203042 ns, Reaching safepoint: 276542 ns, At safepoint: 6792 ns, Total: 283334 ns
[2025-09-22T06:43:53.267+0000][68][safepoint   ] Safepoint "Cleanup", Time since last: 1000737792 ns, Reaching safepoint: 199625 ns, At safepoint: 11500 ns, Total: 211125 ns
[2025-09-22T06:43:55.270+0000][68][safepoint   ] Safepoint "Cleanup", Time since last: 2001824459 ns, Reaching safepoint: 599208 ns, At safepoint: 15125 ns, Total: 614333 ns
[2025-09-22T06:43:58.180+0000][68][safepoint   ] Safepoint "Cleanup", Time since last: 2908156543 ns, Reaching safepoint: 1071084 ns, At safepoint: 359875 ns, Total: 1430959 ns
[2025-09-22T06:43:59.187+0000][68][safepoint   ] Safepoint "Cleanup", Time since last: 1005667917 ns, Reaching safepoint: 2233625 ns, At safepoint: 10167 ns, Total: 2243792 ns
[2025-09-22T06:44:00.193+0000][68][safepoint   ] Safepoint "Cleanup", Time since last: 1004970833 ns, Reaching safepoint: 521125 ns, At safepoint: 11334 ns, Total: 532459 ns
[2025-09-22T06:44:01.204+0000][68][safepoint   ] Safepoint "Cleanup", Time since last: 1003363042 ns, Reaching safepoint: 7374833 ns, At safepoint: 325667 ns, Total: 7700500 ns
[2025-09-22T06:44:02.213+0000][68][safepoint   ] Safepoint "Cleanup", Time since last: 1008566667 ns, Reaching safepoint: 570833 ns, At safepoint: 16709 ns, Total: 587542 ns
[2025-09-22T06:44:03.221+0000][68][safepoint   ] Safepoint "Cleanup", Time since last: 1005121417 ns, Reaching safepoint: 2518875 ns, At safepoint: 49208 ns, Total: 2568083 ns
[2025-09-22T06:44:04.245+0000][68][safepoint   ] Safepoint "Cleanup", Time since last: 1009753959 ns, Reaching safepoint: 14935000 ns, At safepoint: 36750 ns, Total: 14971750 ns
[2025-09-22T06:44:07.279+0000][68][safepoint   ] Safepoint "Cleanup", Time since last: 3026402001 ns, Reaching safepoint: 6829875 ns, At safepoint: 256250 ns, Total: 7086125 ns
[2025-09-22T06:44:08.304+0000][68][safepoint   ] Safepoint "Cleanup", Time since last: 1023848751 ns, Reaching safepoint: 879458 ns, At safepoint: 18917 ns, Total: 898375 ns
[2025-09-22T06:44:09.329+0000][68][safepoint   ] Safepoint "Cleanup", Time since last: 1020534375 ns, Reaching safepoint: 5116584 ns, At safepoint: 37291 ns, Total: 5153875 ns
[2025-09-22T06:44:10.355+0000][68][safepoint   ] Safepoint "Cleanup", Time since last: 1010844292 ns, Reaching safepoint: 19172166 ns, At safepoint: 37334 ns, Total: 19209500 ns
[2025-09-22T06:44:12.359+0000][68][safepoint   ] Safepoint "Cleanup", Time since last: 2003080917 ns, Reaching safepoint: 766542 ns, At safepoint: 42875 ns, Total: 809417 ns
[2025-09-22T06:44:13.372+0000][68][safepoint   ] Safepoint "Cleanup", Time since last: 1008085167 ns, Reaching safepoint: 4797542 ns, At safepoint: 14000 ns, Total: 4811542 ns
[2025-09-22T06:44:14.380+0000][68][safepoint   ] Safepoint "Cleanup", Time since last: 1001731042 ns, Reaching safepoint: 6452042 ns, At safepoint: 118291 ns, Total: 6570333 ns
[2025-09-22T06:44:15.386+0000][68][safepoint   ] Safepoint "Cleanup", Time since last: 1005647751 ns, Reaching safepoint: 196166 ns, At safepoint: 8209 ns, Total: 204375 ns
[2025-09-22T06:44:16.399+0000][68][safepoint   ] Safepoint "Cleanup", Time since last: 1009108833 ns, Reaching safepoint: 3710500 ns, At safepoint: 28625 ns, Total: 3739125 ns
[2025-09-22T06:44:19.418+0000][68][safepoint   ] Safepoint "Cleanup", Time since last: 3011597919 ns, Reaching safepoint: 7362083 ns, At safepoint: 49000 ns, Total: 7411083 ns
[2025-09-22T06:44:20.420+0000][68][safepoint   ] Safepoint "Cleanup", Time since last: 1001959209 ns, Reaching safepoint: 308958 ns, At safepoint: 12250 ns, Total: 321208 ns
[2025-09-22T06:44:22.422+0000][68][safepoint   ] Safepoint "Cleanup", Time since last: 2001730334 ns, Reaching safepoint: 504042 ns, At safepoint: 41583 ns, Total: 545625 ns
[2025-09-22T06:44:23.424+0000][68][safepoint   ] Safepoint "Cleanup", Time since last: 1001527626 ns, Reaching safepoint: 206792 ns, At safepoint: 9083 ns, Total: 215875 ns
[2025-09-22T06:44:25.426+0000][68][safepoint   ] Safepoint "Cleanup", Time since last: 2001871251 ns, Reaching safepoint: 157750 ns, At safepoint: 5416 ns, Total: 163166 ns
[2025-09-22T06:44:27.428+0000][68][safepoint   ] Safepoint "Cleanup", Time since last: 2001605626 ns, Reaching safepoint: 788250 ns, At safepoint: 23667 ns, Total: 811917 ns
[2025-09-22T06:44:28.430+0000][68][safepoint   ] Safepoint "Cleanup", Time since last: 1001224834 ns, Reaching safepoint: 388042 ns, At safepoint: 9166 ns, Total: 397208 ns
[2025-09-22T06:44:29.431+0000][68][safepoint   ] Safepoint "Cleanup", Time since last: 1000710334 ns, Reaching safepoint: 594708 ns, At safepoint: 13000 ns, Total: 607708 ns
[2025-09-22T06:44:30.434+0000][68][safepoint   ] Safepoint "Cleanup", Time since last: 1001809668 ns, Reaching safepoint: 486750 ns, At safepoint: 28208 ns, Total: 514958 ns
[2025-09-22T06:44:39.454+0000][68][safepoint   ] Safepoint "Cleanup", Time since last: 9012182712 ns, Reaching safepoint: 7013042 ns, At safepoint: 54042 ns, Total: 7067084 ns
[2025-09-22T06:44:41.544+0000][68][safepoint   ] Safepoint "Cleanup", Time since last: 2083668667 ns, Reaching safepoint: 4680042 ns, At safepoint: 118875 ns, Total: 4798917 ns
[2025-09-22T06:44:43.186+0000][68][safepoint   ] Safepoint "Cleanup", Time since last: 1641571334 ns, Reaching safepoint: 449500 ns, At safepoint: 21875 ns, Total: 471375 ns
[2025-09-22T06:44:43.887+0000][68][gc,heap,exit] Heap
[2025-09-22T06:44:43.887+0000][68][gc,heap,exit]  garbage-first heap   total 524288K, used 359254K [0x00000000e0000000, 0x0000000100000000)
[2025-09-22T06:44:43.888+0000][68][gc,heap,exit]   region size 4096K, 61 young (249856K), 4 survivors (16384K)
[2025-09-22T06:44:43.888+0000][68][gc,heap,exit]  Metaspace       used 134867K, committed 138432K, reserved 1179648K
[2025-09-22T06:44:43.889+0000][68][gc,heap,exit]   class space    used 17745K, committed 19456K, reserved 1048576K
