[2025-09-22T06:23:57.826+0000][68][gc,init] CardTable entry size: 512
[2025-09-22T06:23:57.827+0000][68][gc     ] Using G1
[2025-09-22T06:23:58.183+0000][68][gc,init] Version: 19.0.1+10-21 (release)
[2025-09-22T06:23:58.183+0000][68][gc,init] CPUs: 8 total, 8 available
[2025-09-22T06:23:58.183+0000][68][gc,init] Memory: 7837M
[2025-09-22T06:23:58.183+0000][68][gc,init] Large Page Support: Disabled
[2025-09-22T06:23:58.183+0000][68][gc,init] NUMA Support: Disabled
[2025-09-22T06:23:58.183+0000][68][gc,init] Compressed Oops: Enabled (32-bit)
[2025-09-22T06:23:58.183+0000][68][gc,init] Heap Region Size: 4M
[2025-09-22T06:23:58.184+0000][68][gc,init] Heap Min Capacity: 512M
[2025-09-22T06:23:58.184+0000][68][gc,init] Heap Initial Capacity: 512M
[2025-09-22T06:23:58.184+0000][68][gc,init] Heap Max Capacity: 512M
[2025-09-22T06:23:58.184+0000][68][gc,init] Pre-touch: Enabled
[2025-09-22T06:23:58.184+0000][68][gc,init] Parallel Workers: 8
[2025-09-22T06:23:58.184+0000][68][gc,init] Concurrent Workers: 2
[2025-09-22T06:23:58.184+0000][68][gc,init] Concurrent Refinement Workers: 8
[2025-09-22T06:23:58.184+0000][68][gc,init] Periodic GC: Disabled
[2025-09-22T06:23:58.184+0000][68][gc,metaspace] CDS archive(s) mapped at: [0x0000000800000000-0x0000000800c60000-0x0000000800c60000), size 12976128, SharedBaseAddress: 0x0000000800000000, ArchiveRelocationMode: 0.
[2025-09-22T06:23:58.184+0000][68][gc,metaspace] Compressed class space mapped at: 0x0000000801000000-0x0000000841000000, reserved size: 1073741824
[2025-09-22T06:23:58.185+0000][68][gc,metaspace] Narrow klass base: 0x0000000800000000, Narrow klass shift: 0, Narrow klass range: 0x100000000
[2025-09-22T06:23:58.341+0000][68][safepoint   ] Safepoint "ICBufferFull", Time since last: 148405667 ns, Reaching safepoint: 1125250 ns, At safepoint: 56208 ns, Total: 1181458 ns
[2025-09-22T06:23:58.865+0000][68][safepoint   ] Safepoint "ICBufferFull", Time since last: 523150584 ns, Reaching safepoint: 980625 ns, At safepoint: 59583 ns, Total: 1040208 ns
[2025-09-22T06:23:58.921+0000][68][gc,start    ] GC(0) Pause Young (Normal) (G1 Evacuation Pause)
[2025-09-22T06:23:58.921+0000][68][gc,task     ] GC(0) Using 8 workers of 8 for evacuation
[2025-09-22T06:23:58.921+0000][68][gc,age      ] GC(0) Desired survivor size 2097152 bytes, new threshold 15 (max threshold 15)
[2025-09-22T06:23:58.924+0000][68][gc,phases   ] GC(0)   Pre Evacuate Collection Set: 0.2ms
[2025-09-22T06:23:58.924+0000][68][gc,phases   ] GC(0)   Merge Heap Roots: 0.1ms
[2025-09-22T06:23:58.924+0000][68][gc,phases   ] GC(0)   Evacuate Collection Set: 1.6ms
[2025-09-22T06:23:58.924+0000][68][gc,phases   ] GC(0)   Post Evacuate Collection Set: 0.5ms
[2025-09-22T06:23:58.924+0000][68][gc,phases   ] GC(0)   Other: 0.4ms
[2025-09-22T06:23:58.924+0000][68][gc,age      ] GC(0) Age table with threshold 15 (max threshold 15)
[2025-09-22T06:23:58.925+0000][68][gc,age      ] GC(0) - age   1:    3060712 bytes,    3060712 total
[2025-09-22T06:23:58.925+0000][68][gc,heap     ] GC(0) Eden regions: 6->0(20)
[2025-09-22T06:23:58.925+0000][68][gc,heap     ] GC(0) Survivor regions: 0->1(1)
[2025-09-22T06:23:58.925+0000][68][gc,heap     ] GC(0) Old regions: 0->0
[2025-09-22T06:23:58.925+0000][68][gc,heap     ] GC(0) Archive regions: 2->2
[2025-09-22T06:23:58.925+0000][68][gc,heap     ] GC(0) Humongous regions: 0->0
[2025-09-22T06:23:58.925+0000][68][gc,metaspace] GC(0) Metaspace: 2368K(2560K)->2368K(2560K) NonClass: 2154K(2240K)->2154K(2240K) Class: 214K(320K)->214K(320K)
[2025-09-22T06:23:58.925+0000][68][gc          ] GC(0) Pause Young (Normal) (G1 Evacuation Pause) 28M->7M(512M) 4.425ms
[2025-09-22T06:23:58.925+0000][68][gc,cpu      ] GC(0) User=0.01s Sys=0.01s Real=0.00s
[2025-09-22T06:23:58.925+0000][68][safepoint   ] Safepoint "G1CollectForAllocation", Time since last: 55402750 ns, Reaching safepoint: 212000 ns, At safepoint: 4681292 ns, Total: 4893292 ns
[2025-09-22T06:23:59.211+0000][68][safepoint   ] Safepoint "ICBufferFull", Time since last: 285734083 ns, Reaching safepoint: 241625 ns, At safepoint: 11125 ns, Total: 252750 ns
[2025-09-22T06:23:59.399+0000][68][safepoint   ] Safepoint "ICBufferFull", Time since last: 187376626 ns, Reaching safepoint: 215625 ns, At safepoint: 9875 ns, Total: 225500 ns
[2025-09-22T06:23:59.537+0000][68][safepoint   ] Safepoint "ICBufferFull", Time since last: 137661458 ns, Reaching safepoint: 185375 ns, At safepoint: 25500 ns, Total: 210875 ns
[2025-09-22T06:23:59.817+0000][68][safepoint   ] Safepoint "ICBufferFull", Time since last: 279776208 ns, Reaching safepoint: 715959 ns, At safepoint: 6375 ns, Total: 722334 ns
[2025-09-22T06:24:00.159+0000][68][safepoint   ] Safepoint "ICBufferFull", Time since last: 340794875 ns, Reaching safepoint: 286792 ns, At safepoint: 28166 ns, Total: 314958 ns
[2025-09-22T06:24:00.272+0000][68][safepoint   ] Safepoint "ICBufferFull", Time since last: 112954167 ns, Reaching safepoint: 182333 ns, At safepoint: 10459 ns, Total: 192792 ns
[2025-09-22T06:24:00.569+0000][68][safepoint   ] Safepoint "ICBufferFull", Time since last: 296339041 ns, Reaching safepoint: 841584 ns, At safepoint: 26875 ns, Total: 868459 ns
[2025-09-22T06:24:00.633+0000][68][gc,start    ] GC(1) Pause Young (Normal) (G1 Evacuation Pause)
[2025-09-22T06:24:00.633+0000][68][gc,task     ] GC(1) Using 8 workers of 8 for evacuation
[2025-09-22T06:24:00.633+0000][68][gc,age      ] GC(1) Desired survivor size 6291456 bytes, new threshold 15 (max threshold 15)
[2025-09-22T06:24:00.644+0000][68][gc,phases   ] GC(1)   Pre Evacuate Collection Set: 0.1ms
[2025-09-22T06:24:00.644+0000][68][gc,phases   ] GC(1)   Merge Heap Roots: 0.0ms
[2025-09-22T06:24:00.644+0000][68][gc,phases   ] GC(1)   Evacuate Collection Set: 7.3ms
[2025-09-22T06:24:00.644+0000][68][gc,phases   ] GC(1)   Post Evacuate Collection Set: 2.6ms
[2025-09-22T06:24:00.644+0000][68][gc,phases   ] GC(1)   Other: 0.2ms
[2025-09-22T06:24:00.644+0000][68][gc,age      ] GC(1) Age table with threshold 15 (max threshold 15)
[2025-09-22T06:24:00.644+0000][68][gc,age      ] GC(1) - age   1:    5611520 bytes,    5611520 total
[2025-09-22T06:24:00.644+0000][68][gc,age      ] GC(1) - age   2:    3019792 bytes,    8631312 total
[2025-09-22T06:24:00.644+0000][68][gc,heap     ] GC(1) Eden regions: 20->0(44)
[2025-09-22T06:24:00.644+0000][68][gc,heap     ] GC(1) Survivor regions: 1->3(3)
[2025-09-22T06:24:00.644+0000][68][gc,heap     ] GC(1) Old regions: 0->0
[2025-09-22T06:24:00.644+0000][68][gc,heap     ] GC(1) Archive regions: 2->2
[2025-09-22T06:24:00.644+0000][68][gc,heap     ] GC(1) Humongous regions: 0->0
[2025-09-22T06:24:00.644+0000][68][gc,metaspace] GC(1) Metaspace: 16315K(16832K)->16315K(16832K) NonClass: 14459K(14720K)->14459K(14720K) Class: 1856K(2112K)->1856K(2112K)
[2025-09-22T06:24:00.645+0000][68][gc          ] GC(1) Pause Young (Normal) (G1 Evacuation Pause) 87M->12M(512M) 11.806ms
[2025-09-22T06:24:00.645+0000][68][gc,cpu      ] GC(1) User=0.03s Sys=0.00s Real=0.01s
[2025-09-22T06:24:00.645+0000][68][safepoint   ] Safepoint "G1CollectForAllocation", Time since last: 63668875 ns, Reaching safepoint: 146250 ns, At safepoint: 12042375 ns, Total: 12188625 ns
[2025-09-22T06:24:00.924+0000][68][safepoint   ] Safepoint "ICBufferFull", Time since last: 277891875 ns, Reaching safepoint: 978417 ns, At safepoint: 7458 ns, Total: 985875 ns
[2025-09-22T06:24:01.562+0000][68][safepoint   ] Safepoint "ICBufferFull", Time since last: 638515375 ns, Reaching safepoint: 252584 ns, At safepoint: 4666 ns, Total: 257250 ns
[2025-09-22T06:24:02.502+0000][68][safepoint   ] Safepoint "ICBufferFull", Time since last: 939202626 ns, Reaching safepoint: 289416 ns, At safepoint: 7709 ns, Total: 297125 ns
[2025-09-22T06:24:02.551+0000][68][gc,start    ] GC(2) Pause Young (Concurrent Start) (Metadata GC Threshold)
[2025-09-22T06:24:02.552+0000][68][gc,task     ] GC(2) Using 8 workers of 8 for evacuation
[2025-09-22T06:24:02.552+0000][68][gc,age      ] GC(2) Desired survivor size 12582912 bytes, new threshold 15 (max threshold 15)
[2025-09-22T06:24:02.576+0000][68][gc,phases   ] GC(2)   Pre Evacuate Collection Set: 0.3ms
[2025-09-22T06:24:02.576+0000][68][gc,phases   ] GC(2)   Merge Heap Roots: 0.1ms
[2025-09-22T06:24:02.577+0000][68][gc,phases   ] GC(2)   Evacuate Collection Set: 21.4ms
[2025-09-22T06:24:02.577+0000][68][gc,phases   ] GC(2)   Post Evacuate Collection Set: 2.1ms
[2025-09-22T06:24:02.577+0000][68][gc,phases   ] GC(2)   Other: 0.3ms
[2025-09-22T06:24:02.577+0000][68][gc,age      ] GC(2) Age table with threshold 15 (max threshold 15)
[2025-09-22T06:24:02.577+0000][68][gc,age      ] GC(2) - age   1:    3339360 bytes,    3339360 total
[2025-09-22T06:24:02.577+0000][68][gc,age      ] GC(2) - age   2:    4776032 bytes,    8115392 total
[2025-09-22T06:24:02.577+0000][68][gc,age      ] GC(2) - age   3:    3018936 bytes,   11134328 total
[2025-09-22T06:24:02.578+0000][68][gc,heap     ] GC(2) Eden regions: 34->0(73)
[2025-09-22T06:24:02.578+0000][68][gc,heap     ] GC(2) Survivor regions: 3->3(6)
[2025-09-22T06:24:02.578+0000][68][gc,heap     ] GC(2) Old regions: 0->0
[2025-09-22T06:24:02.578+0000][68][gc,heap     ] GC(2) Archive regions: 2->2
[2025-09-22T06:24:02.578+0000][68][gc,heap     ] GC(2) Humongous regions: 0->0
[2025-09-22T06:24:02.578+0000][68][gc,metaspace] GC(2) Metaspace: 21029K(21504K)->21029K(21504K) NonClass: 18716K(18944K)->18716K(18944K) Class: 2312K(2560K)->2312K(2560K)
[2025-09-22T06:24:02.578+0000][68][gc          ] GC(2) Pause Young (Concurrent Start) (Metadata GC Threshold) 145M->16M(512M) 27.132ms
[2025-09-22T06:24:02.579+0000][68][gc,cpu      ] GC(2) User=0.09s Sys=0.00s Real=0.03s
[2025-09-22T06:24:02.579+0000][68][gc          ] GC(3) Concurrent Mark Cycle
[2025-09-22T06:24:02.579+0000][68][gc,marking  ] GC(3) Concurrent Clear Claimed Marks
[2025-09-22T06:24:02.579+0000][68][safepoint   ] Safepoint "CollectForMetadataAllocation", Time since last: 48952291 ns, Reaching safepoint: 170750 ns, At safepoint: 28446292 ns, Total: 28617042 ns
[2025-09-22T06:24:02.580+0000][68][gc,marking  ] GC(3) Concurrent Clear Claimed Marks 0.223ms
[2025-09-22T06:24:02.584+0000][68][gc,marking  ] GC(3) Concurrent Scan Root Regions
[2025-09-22T06:24:02.590+0000][68][gc,marking  ] GC(3) Concurrent Scan Root Regions 6.360ms
[2025-09-22T06:24:02.590+0000][68][gc,marking  ] GC(3) Concurrent Mark
[2025-09-22T06:24:02.591+0000][68][gc,marking  ] GC(3) Concurrent Mark From Roots
[2025-09-22T06:24:02.591+0000][68][gc,task     ] GC(3) Using 2 workers of 2 for marking
[2025-09-22T06:24:02.593+0000][68][gc,marking  ] GC(3) Concurrent Mark From Roots 2.005ms
[2025-09-22T06:24:02.593+0000][68][gc,marking  ] GC(3) Concurrent Preclean
[2025-09-22T06:24:02.593+0000][68][gc,marking  ] GC(3) Concurrent Preclean 0.135ms
[2025-09-22T06:24:02.596+0000][68][gc,start    ] GC(3) Pause Remark
[2025-09-22T06:24:02.600+0000][68][gc          ] GC(3) Pause Remark 18M->18M(512M) 4.033ms
[2025-09-22T06:24:02.600+0000][68][gc,cpu      ] GC(3) User=0.01s Sys=0.00s Real=0.01s
[2025-09-22T06:24:02.600+0000][68][safepoint   ] Safepoint "G1PauseRemark", Time since last: 15075250 ns, Reaching safepoint: 1238917 ns, At safepoint: 4403250 ns, Total: 5642167 ns
[2025-09-22T06:24:02.605+0000][68][gc,marking  ] GC(3) Concurrent Mark 14.193ms
[2025-09-22T06:24:02.605+0000][68][gc,marking  ] GC(3) Concurrent Rebuild Remembered Sets
[2025-09-22T06:24:02.605+0000][68][gc,marking  ] GC(3) Concurrent Rebuild Remembered Sets 0.105ms
[2025-09-22T06:24:02.606+0000][68][gc,start    ] GC(3) Pause Cleanup
[2025-09-22T06:24:02.606+0000][68][gc          ] GC(3) Pause Cleanup 18M->18M(512M) 0.150ms
[2025-09-22T06:24:02.606+0000][68][gc,cpu      ] GC(3) User=0.00s Sys=0.00s Real=0.00s
[2025-09-22T06:24:02.606+0000][68][safepoint   ] Safepoint "G1PauseCleanup", Time since last: 5460166 ns, Reaching safepoint: 67667 ns, At safepoint: 353417 ns, Total: 421084 ns
[2025-09-22T06:24:02.610+0000][68][gc,marking  ] GC(3) Concurrent Cleanup for Next Mark
[2025-09-22T06:24:02.612+0000][68][gc,marking  ] GC(3) Concurrent Cleanup for Next Mark 2.507ms
[2025-09-22T06:24:02.612+0000][68][gc          ] GC(3) Concurrent Mark Cycle 33.799ms
[2025-09-22T06:24:02.986+0000][68][safepoint   ] Safepoint "ICBufferFull", Time since last: 379130125 ns, Reaching safepoint: 539750 ns, At safepoint: 11292 ns, Total: 551042 ns
[2025-09-22T06:24:03.261+0000][68][safepoint   ] Safepoint "ICBufferFull", Time since last: 275196625 ns, Reaching safepoint: 450125 ns, At safepoint: 22833 ns, Total: 472958 ns
[2025-09-22T06:24:03.424+0000][68][safepoint   ] Safepoint "ICBufferFull", Time since last: 160614125 ns, Reaching safepoint: 1569875 ns, At safepoint: 7333 ns, Total: 1577208 ns
[2025-09-22T06:24:03.698+0000][68][safepoint   ] Safepoint "ICBufferFull", Time since last: 273702209 ns, Reaching safepoint: 351542 ns, At safepoint: 10208 ns, Total: 361750 ns
[2025-09-22T06:24:04.230+0000][68][gc,start    ] GC(4) Pause Young (Normal) (G1 Evacuation Pause)
[2025-09-22T06:24:04.231+0000][68][gc,task     ] GC(4) Using 8 workers of 8 for evacuation
[2025-09-22T06:24:04.231+0000][68][gc,age      ] GC(4) Desired survivor size 20971520 bytes, new threshold 15 (max threshold 15)
[2025-09-22T06:24:04.247+0000][68][gc,phases   ] GC(4)   Pre Evacuate Collection Set: 0.2ms
[2025-09-22T06:24:04.248+0000][68][gc,phases   ] GC(4)   Merge Heap Roots: 0.1ms
[2025-09-22T06:24:04.248+0000][68][gc,phases   ] GC(4)   Evacuate Collection Set: 14.7ms
[2025-09-22T06:24:04.248+0000][68][gc,phases   ] GC(4)   Post Evacuate Collection Set: 1.5ms
[2025-09-22T06:24:04.248+0000][68][gc,phases   ] GC(4)   Other: 0.3ms
[2025-09-22T06:24:04.248+0000][68][gc,age      ] GC(4) Age table with threshold 15 (max threshold 15)
[2025-09-22T06:24:04.248+0000][68][gc,age      ] GC(4) - age   1:    7178016 bytes,    7178016 total
[2025-09-22T06:24:04.248+0000][68][gc,age      ] GC(4) - age   2:    3264512 bytes,   10442528 total
[2025-09-22T06:24:04.248+0000][68][gc,age      ] GC(4) - age   3:    4772576 bytes,   15215104 total
[2025-09-22T06:24:04.248+0000][68][gc,age      ] GC(4) - age   4:    3018488 bytes,   18233592 total
[2025-09-22T06:24:04.248+0000][68][gc,heap     ] GC(4) Eden regions: 73->0(71)
[2025-09-22T06:24:04.248+0000][68][gc,heap     ] GC(4) Survivor regions: 3->5(10)
[2025-09-22T06:24:04.249+0000][68][gc,heap     ] GC(4) Old regions: 0->0
[2025-09-22T06:24:04.249+0000][68][gc,heap     ] GC(4) Archive regions: 2->2
[2025-09-22T06:24:04.249+0000][68][gc,heap     ] GC(4) Humongous regions: 0->0
[2025-09-22T06:24:04.249+0000][68][gc,metaspace] GC(4) Metaspace: 26133K(26816K)->26133K(26816K) NonClass: 23154K(23552K)->23154K(23552K) Class: 2979K(3264K)->2979K(3264K)
[2025-09-22T06:24:04.249+0000][68][gc          ] GC(4) Pause Young (Normal) (G1 Evacuation Pause) 308M->22M(512M) 18.636ms
[2025-09-22T06:24:04.249+0000][68][gc,cpu      ] GC(4) User=0.06s Sys=0.00s Real=0.02s
[2025-09-22T06:24:04.249+0000][68][safepoint   ] Safepoint "G1CollectForAllocation", Time since last: 531797417 ns, Reaching safepoint: 578625 ns, At safepoint: 19021583 ns, Total: 19600208 ns
[2025-09-22T06:24:04.729+0000][68][safepoint   ] Safepoint "ICBufferFull", Time since last: 479217167 ns, Reaching safepoint: 304542 ns, At safepoint: 5500 ns, Total: 310042 ns
[2025-09-22T06:24:05.243+0000][68][gc,start    ] GC(5) Pause Young (Normal) (G1 Evacuation Pause)
[2025-09-22T06:24:05.243+0000][68][gc,task     ] GC(5) Using 8 workers of 8 for evacuation
[2025-09-22T06:24:05.243+0000][68][gc,age      ] GC(5) Desired survivor size 20971520 bytes, new threshold 15 (max threshold 15)
[2025-09-22T06:24:05.253+0000][68][gc,phases   ] GC(5)   Pre Evacuate Collection Set: 0.2ms
[2025-09-22T06:24:05.253+0000][68][gc,phases   ] GC(5)   Merge Heap Roots: 0.2ms
[2025-09-22T06:24:05.253+0000][68][gc,phases   ] GC(5)   Evacuate Collection Set: 7.8ms
[2025-09-22T06:24:05.253+0000][68][gc,phases   ] GC(5)   Post Evacuate Collection Set: 1.5ms
[2025-09-22T06:24:05.253+0000][68][gc,phases   ] GC(5)   Other: 0.3ms
[2025-09-22T06:24:05.254+0000][68][gc,age      ] GC(5) Age table with threshold 15 (max threshold 15)
[2025-09-22T06:24:05.254+0000][68][gc,age      ] GC(5) - age   1:    5290464 bytes,    5290464 total
[2025-09-22T06:24:05.254+0000][68][gc,age      ] GC(5) - age   2:    6696848 bytes,   11987312 total
[2025-09-22T06:24:05.254+0000][68][gc,age      ] GC(5) - age   3:    3241584 bytes,   15228896 total
[2025-09-22T06:24:05.254+0000][68][gc,age      ] GC(5) - age   4:    4762864 bytes,   19991760 total
[2025-09-22T06:24:05.254+0000][68][gc,age      ] GC(5) - age   5:    3018144 bytes,   23009904 total
[2025-09-22T06:24:05.254+0000][68][gc,heap     ] GC(5) Eden regions: 71->0(70)
[2025-09-22T06:24:05.254+0000][68][gc,heap     ] GC(5) Survivor regions: 5->6(10)
[2025-09-22T06:24:05.254+0000][68][gc,heap     ] GC(5) Old regions: 0->0
[2025-09-22T06:24:05.254+0000][68][gc,heap     ] GC(5) Archive regions: 2->2
[2025-09-22T06:24:05.254+0000][68][gc,heap     ] GC(5) Humongous regions: 0->0
[2025-09-22T06:24:05.255+0000][68][gc,metaspace] GC(5) Metaspace: 32434K(33216K)->32434K(33216K) NonClass: 28760K(29184K)->28760K(29184K) Class: 3673K(4032K)->3673K(4032K)
[2025-09-22T06:24:05.255+0000][68][gc          ] GC(5) Pause Young (Normal) (G1 Evacuation Pause) 306M->27M(512M) 11.820ms
[2025-09-22T06:24:05.255+0000][68][gc,cpu      ] GC(5) User=0.04s Sys=0.00s Real=0.01s
[2025-09-22T06:24:05.255+0000][68][safepoint   ] Safepoint "G1CollectForAllocation", Time since last: 513809833 ns, Reaching safepoint: 402125 ns, At safepoint: 12062417 ns, Total: 12464542 ns
[2025-09-22T06:24:05.770+0000][68][safepoint   ] Safepoint "ICBufferFull", Time since last: 514671625 ns, Reaching safepoint: 230959 ns, At safepoint: 3041 ns, Total: 234000 ns
[2025-09-22T06:24:06.098+0000][68][gc,start    ] GC(6) Pause Young (Normal) (G1 Evacuation Pause)
[2025-09-22T06:24:06.098+0000][68][gc,task     ] GC(6) Using 8 workers of 8 for evacuation
[2025-09-22T06:24:06.098+0000][68][gc,age      ] GC(6) Desired survivor size 20971520 bytes, new threshold 5 (max threshold 15)
[2025-09-22T06:24:06.115+0000][68][gc,phases   ] GC(6)   Pre Evacuate Collection Set: 0.1ms
[2025-09-22T06:24:06.115+0000][68][gc,phases   ] GC(6)   Merge Heap Roots: 0.0ms
[2025-09-22T06:24:06.115+0000][68][gc,phases   ] GC(6)   Evacuate Collection Set: 14.1ms
[2025-09-22T06:24:06.116+0000][68][gc,phases   ] GC(6)   Post Evacuate Collection Set: 2.0ms
[2025-09-22T06:24:06.116+0000][68][gc,phases   ] GC(6)   Other: 0.3ms
[2025-09-22T06:24:06.116+0000][68][gc,age      ] GC(6) Age table with threshold 5 (max threshold 15)
[2025-09-22T06:24:06.116+0000][68][gc,age      ] GC(6) - age   1:    3719864 bytes,    3719864 total
[2025-09-22T06:24:06.116+0000][68][gc,age      ] GC(6) - age   2:    4630712 bytes,    8350576 total
[2025-09-22T06:24:06.116+0000][68][gc,age      ] GC(6) - age   3:    6694304 bytes,   15044880 total
[2025-09-22T06:24:06.117+0000][68][gc,age      ] GC(6) - age   4:    3241024 bytes,   18285904 total
[2025-09-22T06:24:06.117+0000][68][gc,age      ] GC(6) - age   5:    4757920 bytes,   23043824 total
[2025-09-22T06:24:06.117+0000][68][gc,heap     ] GC(6) Eden regions: 70->0(70)
[2025-09-22T06:24:06.117+0000][68][gc,heap     ] GC(6) Survivor regions: 6->6(10)
[2025-09-22T06:24:06.117+0000][68][gc,heap     ] GC(6) Old regions: 0->1
[2025-09-22T06:24:06.117+0000][68][gc,heap     ] GC(6) Archive regions: 2->2
[2025-09-22T06:24:06.117+0000][68][gc,heap     ] GC(6) Humongous regions: 0->0
[2025-09-22T06:24:06.117+0000][68][gc,metaspace] GC(6) Metaspace: 34368K(35264K)->34368K(35264K) NonClass: 30447K(30976K)->30447K(30976K) Class: 3920K(4288K)->3920K(4288K)
[2025-09-22T06:24:06.117+0000][68][gc          ] GC(6) Pause Young (Normal) (G1 Evacuation Pause) 307M->30M(512M) 19.136ms
[2025-09-22T06:24:06.117+0000][68][gc,cpu      ] GC(6) User=0.05s Sys=0.00s Real=0.02s
[2025-09-22T06:24:06.117+0000][68][safepoint   ] Safepoint "G1CollectForAllocation", Time since last: 328292500 ns, Reaching safepoint: 108584 ns, At safepoint: 19326083 ns, Total: 19434667 ns
[2025-09-22T06:24:06.723+0000][68][safepoint   ] Safepoint "ICBufferFull", Time since last: 605198584 ns, Reaching safepoint: 244458 ns, At safepoint: 3167 ns, Total: 247625 ns
[2025-09-22T06:24:06.730+0000][68][gc,start    ] GC(7) Pause Young (Concurrent Start) (Metadata GC Threshold)
[2025-09-22T06:24:06.730+0000][68][gc,task     ] GC(7) Using 8 workers of 8 for evacuation
[2025-09-22T06:24:06.730+0000][68][gc,age      ] GC(7) Desired survivor size 20971520 bytes, new threshold 5 (max threshold 15)
[2025-09-22T06:24:06.747+0000][68][gc,phases   ] GC(7)   Pre Evacuate Collection Set: 0.4ms
[2025-09-22T06:24:06.748+0000][68][gc,phases   ] GC(7)   Merge Heap Roots: 0.2ms
[2025-09-22T06:24:06.748+0000][68][gc,phases   ] GC(7)   Evacuate Collection Set: 13.9ms
[2025-09-22T06:24:06.748+0000][68][gc,phases   ] GC(7)   Post Evacuate Collection Set: 2.0ms
[2025-09-22T06:24:06.748+0000][68][gc,phases   ] GC(7)   Other: 0.5ms
[2025-09-22T06:24:06.748+0000][68][gc,age      ] GC(7) Age table with threshold 5 (max threshold 15)
[2025-09-22T06:24:06.748+0000][68][gc,age      ] GC(7) - age   1:    3298456 bytes,    3298456 total
[2025-09-22T06:24:06.749+0000][68][gc,age      ] GC(7) - age   2:    3673952 bytes,    6972408 total
[2025-09-22T06:24:06.749+0000][68][gc,age      ] GC(7) - age   3:    4617896 bytes,   11590304 total
[2025-09-22T06:24:06.749+0000][68][gc,age      ] GC(7) - age   4:    6679600 bytes,   18269904 total
[2025-09-22T06:24:06.749+0000][68][gc,age      ] GC(7) - age   5:    3130192 bytes,   21400096 total
[2025-09-22T06:24:06.749+0000][68][gc,heap     ] GC(7) Eden regions: 53->0(70)
[2025-09-22T06:24:06.750+0000][68][gc,heap     ] GC(7) Survivor regions: 6->6(10)
[2025-09-22T06:24:06.750+0000][68][gc,heap     ] GC(7) Old regions: 1->2
[2025-09-22T06:24:06.750+0000][68][gc,heap     ] GC(7) Archive regions: 2->2
[2025-09-22T06:24:06.750+0000][68][gc,heap     ] GC(7) Humongous regions: 0->0
[2025-09-22T06:24:06.750+0000][68][gc,metaspace] GC(7) Metaspace: 35527K(36416K)->35527K(36416K) NonClass: 31475K(32000K)->31475K(32000K) Class: 4052K(4416K)->4052K(4416K)
[2025-09-22T06:24:06.750+0000][68][gc          ] GC(7) Pause Young (Concurrent Start) (Metadata GC Threshold) 242M->34M(512M) 20.300ms
[2025-09-22T06:24:06.750+0000][68][gc,cpu      ] GC(7) User=0.05s Sys=0.00s Real=0.02s
[2025-09-22T06:24:06.751+0000][68][gc          ] GC(8) Concurrent Mark Cycle
[2025-09-22T06:24:06.751+0000][68][gc,marking  ] GC(8) Concurrent Clear Claimed Marks
[2025-09-22T06:24:06.751+0000][68][safepoint   ] Safepoint "CollectForMetadataAllocation", Time since last: 6852666 ns, Reaching safepoint: 61667 ns, At safepoint: 21280042 ns, Total: 21341709 ns
[2025-09-22T06:24:06.752+0000][68][gc,marking  ] GC(8) Concurrent Clear Claimed Marks 0.566ms
[2025-09-22T06:24:06.756+0000][68][gc,marking  ] GC(8) Concurrent Scan Root Regions
[2025-09-22T06:24:06.767+0000][68][gc,marking  ] GC(8) Concurrent Scan Root Regions 11.099ms
[2025-09-22T06:24:06.767+0000][68][gc,marking  ] GC(8) Concurrent Mark
[2025-09-22T06:24:06.772+0000][68][gc,marking  ] GC(8) Concurrent Mark From Roots
[2025-09-22T06:24:06.773+0000][68][gc,task     ] GC(8) Using 2 workers of 2 for marking
[2025-09-22T06:24:06.779+0000][68][gc,marking  ] GC(8) Concurrent Mark From Roots 7.288ms
[2025-09-22T06:24:06.779+0000][68][gc,marking  ] GC(8) Concurrent Preclean
[2025-09-22T06:24:06.779+0000][68][gc,marking  ] GC(8) Concurrent Preclean 0.234ms
[2025-09-22T06:24:06.781+0000][68][gc,start    ] GC(8) Pause Remark
[2025-09-22T06:24:06.788+0000][68][gc          ] GC(8) Pause Remark 37M->37M(512M) 6.768ms
[2025-09-22T06:24:06.788+0000][68][gc,cpu      ] GC(8) User=0.02s Sys=0.00s Real=0.01s
[2025-09-22T06:24:06.788+0000][68][safepoint   ] Safepoint "G1PauseRemark", Time since last: 29786833 ns, Reaching safepoint: 156833 ns, At safepoint: 7099542 ns, Total: 7256375 ns
[2025-09-22T06:24:06.789+0000][68][gc,marking  ] GC(8) Concurrent Mark 21.712ms
[2025-09-22T06:24:06.790+0000][68][gc,marking  ] GC(8) Concurrent Rebuild Remembered Sets
[2025-09-22T06:24:06.790+0000][68][gc,marking  ] GC(8) Concurrent Rebuild Remembered Sets 0.227ms
[2025-09-22T06:24:06.791+0000][68][gc,start    ] GC(8) Pause Cleanup
[2025-09-22T06:24:06.791+0000][68][gc          ] GC(8) Pause Cleanup 37M->37M(512M) 0.220ms
[2025-09-22T06:24:06.791+0000][68][gc,cpu      ] GC(8) User=0.00s Sys=0.00s Real=0.00s
[2025-09-22T06:24:06.791+0000][68][safepoint   ] Safepoint "G1PauseCleanup", Time since last: 2248375 ns, Reaching safepoint: 320208 ns, At safepoint: 594709 ns, Total: 914917 ns
[2025-09-22T06:24:06.801+0000][68][gc,marking  ] GC(8) Concurrent Cleanup for Next Mark
[2025-09-22T06:24:06.818+0000][68][gc,marking  ] GC(8) Concurrent Cleanup for Next Mark 17.452ms
[2025-09-22T06:24:06.818+0000][68][gc          ] GC(8) Concurrent Mark Cycle 67.657ms
[2025-09-22T06:24:07.465+0000][68][safepoint   ] Safepoint "ICBufferFull", Time since last: 673089375 ns, Reaching safepoint: 678042 ns, At safepoint: 5666 ns, Total: 683708 ns
[2025-09-22T06:24:08.107+0000][68][safepoint   ] Safepoint "ICBufferFull", Time since last: 640853792 ns, Reaching safepoint: 1013500 ns, At safepoint: 18209 ns, Total: 1031709 ns
[2025-09-22T06:24:08.549+0000][68][safepoint   ] Safepoint "ICBufferFull", Time since last: 441635125 ns, Reaching safepoint: 253250 ns, At safepoint: 23708 ns, Total: 276958 ns
[2025-09-22T06:24:09.237+0000][68][safepoint   ] Safepoint "ICBufferFull", Time since last: 686953042 ns, Reaching safepoint: 1192125 ns, At safepoint: 12667 ns, Total: 1204792 ns
[2025-09-22T06:24:10.000+0000][68][gc,start    ] GC(9) Pause Young (Normal) (G1 Evacuation Pause)
[2025-09-22T06:24:10.002+0000][68][gc,task     ] GC(9) Using 8 workers of 8 for evacuation
[2025-09-22T06:24:10.002+0000][68][gc,age      ] GC(9) Desired survivor size 20971520 bytes, new threshold 5 (max threshold 15)
[2025-09-22T06:24:10.058+0000][68][gc,phases   ] GC(9)   Pre Evacuate Collection Set: 0.2ms
[2025-09-22T06:24:10.058+0000][68][gc,phases   ] GC(9)   Merge Heap Roots: 0.1ms
[2025-09-22T06:24:10.059+0000][68][gc,phases   ] GC(9)   Evacuate Collection Set: 50.1ms
[2025-09-22T06:24:10.059+0000][68][gc,phases   ] GC(9)   Post Evacuate Collection Set: 3.5ms
[2025-09-22T06:24:10.059+0000][68][gc,phases   ] GC(9)   Other: 2.1ms
[2025-09-22T06:24:10.059+0000][68][gc,age      ] GC(9) Age table with threshold 5 (max threshold 15)
[2025-09-22T06:24:10.059+0000][68][gc,age      ] GC(9) - age   1:   18510424 bytes,   18510424 total
[2025-09-22T06:24:10.059+0000][68][gc,age      ] GC(9) - age   2:    3269224 bytes,   21779648 total
[2025-09-22T06:24:10.059+0000][68][gc,age      ] GC(9) - age   3:    3657104 bytes,   25436752 total
[2025-09-22T06:24:10.059+0000][68][gc,age      ] GC(9) - age   4:    4598184 bytes,   30034936 total
[2025-09-22T06:24:10.059+0000][68][gc,age      ] GC(9) - age   5:    6652216 bytes,   36687152 total
[2025-09-22T06:24:10.059+0000][68][gc,heap     ] GC(9) Eden regions: 70->0(66)
[2025-09-22T06:24:10.059+0000][68][gc,heap     ] GC(9) Survivor regions: 6->10(10)
[2025-09-22T06:24:10.059+0000][68][gc,heap     ] GC(9) Old regions: 2->3
[2025-09-22T06:24:10.059+0000][68][gc,heap     ] GC(9) Archive regions: 2->2
[2025-09-22T06:24:10.059+0000][68][gc,heap     ] GC(9) Humongous regions: 0->0
[2025-09-22T06:24:10.059+0000][68][gc,metaspace] GC(9) Metaspace: 44470K(45696K)->44470K(45696K) NonClass: 39192K(39936K)->39192K(39936K) Class: 5277K(5760K)->5277K(5760K)
[2025-09-22T06:24:10.059+0000][68][gc          ] GC(9) Pause Young (Normal) (G1 Evacuation Pause) 314M->52M(512M) 59.620ms
[2025-09-22T06:24:10.060+0000][68][gc,cpu      ] GC(9) User=0.18s Sys=0.01s Real=0.06s
[2025-09-22T06:24:10.060+0000][68][safepoint   ] Safepoint "G1CollectForAllocation", Time since last: 761258208 ns, Reaching safepoint: 310625 ns, At safepoint: 60253458 ns, Total: 60564083 ns
[2025-09-22T06:24:10.336+0000][68][safepoint   ] Safepoint "ICBufferFull", Time since last: 275862958 ns, Reaching safepoint: 172584 ns, At safepoint: 2291 ns, Total: 174875 ns
[2025-09-22T06:24:10.591+0000][68][safepoint   ] Safepoint "ICBufferFull", Time since last: 255035709 ns, Reaching safepoint: 262000 ns, At safepoint: 5333 ns, Total: 267333 ns
[2025-09-22T06:24:10.904+0000][68][safepoint   ] Safepoint "ICBufferFull", Time since last: 313219792 ns, Reaching safepoint: 241083 ns, At safepoint: 13834 ns, Total: 254917 ns
[2025-09-22T06:24:11.245+0000][68][gc,start    ] GC(10) Pause Young (Concurrent Start) (Metadata GC Threshold)
[2025-09-22T06:24:11.245+0000][68][gc,task     ] GC(10) Using 8 workers of 8 for evacuation
[2025-09-22T06:24:11.245+0000][68][gc,age      ] GC(10) Desired survivor size 20971520 bytes, new threshold 2 (max threshold 15)
[2025-09-22T06:24:11.287+0000][68][gc,phases   ] GC(10)   Pre Evacuate Collection Set: 0.3ms
[2025-09-22T06:24:11.287+0000][68][gc,phases   ] GC(10)   Merge Heap Roots: 0.1ms
[2025-09-22T06:24:11.287+0000][68][gc,phases   ] GC(10)   Evacuate Collection Set: 37.3ms
[2025-09-22T06:24:11.287+0000][68][gc,phases   ] GC(10)   Post Evacuate Collection Set: 3.7ms
[2025-09-22T06:24:11.288+0000][68][gc,phases   ] GC(10)   Other: 0.3ms
[2025-09-22T06:24:11.288+0000][68][gc,age      ] GC(10) Age table with threshold 2 (max threshold 15)
[2025-09-22T06:24:11.288+0000][68][gc,age      ] GC(10) - age   1:    7228392 bytes,    7228392 total
[2025-09-22T06:24:11.288+0000][68][gc,age      ] GC(10) - age   2:   18053720 bytes,   25282112 total
[2025-09-22T06:24:11.288+0000][68][gc,heap     ] GC(10) Eden regions: 43->0(69)
[2025-09-22T06:24:11.288+0000][68][gc,heap     ] GC(10) Survivor regions: 10->7(10)
[2025-09-22T06:24:11.288+0000][68][gc,heap     ] GC(10) Old regions: 3->8
[2025-09-22T06:24:11.289+0000][68][gc,heap     ] GC(10) Archive regions: 2->2
[2025-09-22T06:24:11.289+0000][68][gc,heap     ] GC(10) Humongous regions: 0->0
[2025-09-22T06:24:11.289+0000][68][gc,metaspace] GC(10) Metaspace: 59656K(61120K)->59656K(61120K) NonClass: 52183K(53056K)->52183K(53056K) Class: 7473K(8064K)->7473K(8064K)
[2025-09-22T06:24:11.289+0000][68][gc          ] GC(10) Pause Young (Concurrent Start) (Metadata GC Threshold) 222M->60M(512M) 43.683ms
[2025-09-22T06:24:11.289+0000][68][gc,cpu      ] GC(10) User=0.13s Sys=0.01s Real=0.05s
[2025-09-22T06:24:11.289+0000][68][gc          ] GC(11) Concurrent Mark Cycle
[2025-09-22T06:24:11.290+0000][68][gc,marking  ] GC(11) Concurrent Clear Claimed Marks
[2025-09-22T06:24:11.289+0000][68][safepoint   ] Safepoint "CollectForMetadataAllocation", Time since last: 340483458 ns, Reaching safepoint: 119584 ns, At safepoint: 44172708 ns, Total: 44292292 ns
[2025-09-22T06:24:11.290+0000][68][gc,marking  ] GC(11) Concurrent Clear Claimed Marks 0.213ms
[2025-09-22T06:24:11.293+0000][68][gc,marking  ] GC(11) Concurrent Scan Root Regions
[2025-09-22T06:24:11.335+0000][68][gc,marking  ] GC(11) Concurrent Scan Root Regions 42.417ms
[2025-09-22T06:24:11.336+0000][68][gc,marking  ] GC(11) Concurrent Mark
[2025-09-22T06:24:11.336+0000][68][gc,marking  ] GC(11) Concurrent Mark From Roots
[2025-09-22T06:24:11.336+0000][68][gc,task     ] GC(11) Using 2 workers of 2 for marking
[2025-09-22T06:24:11.348+0000][68][safepoint   ] Safepoint "CollectForMetadataAllocation", Time since last: 59044583 ns, Reaching safepoint: 80000 ns, At safepoint: 143625 ns, Total: 223625 ns
[2025-09-22T06:24:11.356+0000][68][gc,marking  ] GC(11) Concurrent Mark From Roots 19.576ms
[2025-09-22T06:24:11.357+0000][68][gc,marking  ] GC(11) Concurrent Preclean
[2025-09-22T06:24:11.357+0000][68][gc,marking  ] GC(11) Concurrent Preclean 0.217ms
[2025-09-22T06:24:11.360+0000][68][gc,start    ] GC(11) Pause Remark
[2025-09-22T06:24:11.378+0000][68][gc          ] GC(11) Pause Remark 66M->66M(512M) 18.528ms
[2025-09-22T06:24:11.378+0000][68][gc,cpu      ] GC(11) User=0.05s Sys=0.00s Real=0.02s
[2025-09-22T06:24:11.379+0000][68][safepoint   ] Safepoint "G1PauseRemark", Time since last: 10020042 ns, Reaching safepoint: 1016792 ns, At safepoint: 19056958 ns, Total: 20073750 ns
[2025-09-22T06:24:11.380+0000][68][gc,marking  ] GC(11) Concurrent Mark 44.830ms
[2025-09-22T06:24:11.381+0000][68][gc,marking  ] GC(11) Concurrent Rebuild Remembered Sets
[2025-09-22T06:24:11.397+0000][68][gc,marking  ] GC(11) Concurrent Rebuild Remembered Sets 15.666ms
[2025-09-22T06:24:11.399+0000][68][gc,start    ] GC(11) Pause Cleanup
[2025-09-22T06:24:11.399+0000][68][gc          ] GC(11) Pause Cleanup 66M->66M(512M) 0.263ms
[2025-09-22T06:24:11.399+0000][68][gc,cpu      ] GC(11) User=0.00s Sys=0.00s Real=0.00s
[2025-09-22T06:24:11.399+0000][68][safepoint   ] Safepoint "G1PauseCleanup", Time since last: 18223792 ns, Reaching safepoint: 1762916 ns, At safepoint: 486625 ns, Total: 2249541 ns
[2025-09-22T06:24:11.401+0000][68][gc,marking  ] GC(11) Concurrent Cleanup for Next Mark
[2025-09-22T06:24:11.404+0000][68][gc,marking  ] GC(11) Concurrent Cleanup for Next Mark 3.375ms
[2025-09-22T06:24:11.404+0000][68][gc          ] GC(11) Concurrent Mark Cycle 115.378ms
[2025-09-22T06:24:11.721+0000][68][safepoint   ] Safepoint "ICBufferFull", Time since last: 321582167 ns, Reaching safepoint: 166458 ns, At safepoint: 4084 ns, Total: 170542 ns
[2025-09-22T06:24:12.630+0000][68][safepoint   ] Safepoint "ICBufferFull", Time since last: 907672417 ns, Reaching safepoint: 1957583 ns, At safepoint: 13167 ns, Total: 1970750 ns
[2025-09-22T06:24:13.010+0000][68][gc,start    ] GC(12) Pause Young (Normal) (G1 Evacuation Pause)
[2025-09-22T06:24:13.013+0000][68][gc,task     ] GC(12) Using 8 workers of 8 for evacuation
[2025-09-22T06:24:13.013+0000][68][gc,age      ] GC(12) Desired survivor size 20971520 bytes, new threshold 2 (max threshold 15)
[2025-09-22T06:24:13.061+0000][68][gc,phases   ] GC(12)   Pre Evacuate Collection Set: 0.1ms
[2025-09-22T06:24:13.061+0000][68][gc,phases   ] GC(12)   Merge Heap Roots: 0.2ms
[2025-09-22T06:24:13.061+0000][68][gc,phases   ] GC(12)   Evacuate Collection Set: 44.4ms
[2025-09-22T06:24:13.061+0000][68][gc,phases   ] GC(12)   Post Evacuate Collection Set: 3.2ms
[2025-09-22T06:24:13.061+0000][68][gc,phases   ] GC(12)   Other: 0.5ms
[2025-09-22T06:24:13.062+0000][68][gc,age      ] GC(12) Age table with threshold 2 (max threshold 15)
[2025-09-22T06:24:13.062+0000][68][gc,age      ] GC(12) - age   1:    3382792 bytes,    3382792 total
[2025-09-22T06:24:13.062+0000][68][gc,age      ] GC(12) - age   2:    6979704 bytes,   10362496 total
[2025-09-22T06:24:13.062+0000][68][gc,heap     ] GC(12) Eden regions: 69->0(72)
[2025-09-22T06:24:13.062+0000][68][gc,heap     ] GC(12) Survivor regions: 7->4(10)
[2025-09-22T06:24:13.062+0000][68][gc,heap     ] GC(12) Old regions: 8->12
[2025-09-22T06:24:13.062+0000][68][gc,heap     ] GC(12) Archive regions: 2->2
[2025-09-22T06:24:13.062+0000][68][gc,heap     ] GC(12) Humongous regions: 0->0
[2025-09-22T06:24:13.062+0000][68][gc,metaspace] GC(12) Metaspace: 69781K(71360K)->69781K(71360K) NonClass: 60870K(61824K)->60870K(61824K) Class: 8910K(9536K)->8910K(9536K)
[2025-09-22T06:24:13.062+0000][68][gc          ] GC(12) Pause Young (Normal) (G1 Evacuation Pause) 336M->63M(512M) 52.532ms
[2025-09-22T06:24:13.062+0000][68][gc,cpu      ] GC(12) User=0.14s Sys=0.01s Real=0.05s
[2025-09-22T06:24:13.062+0000][68][safepoint   ] Safepoint "G1CollectForAllocation", Time since last: 378828125 ns, Reaching safepoint: 320208 ns, At safepoint: 52733084 ns, Total: 53053292 ns
[2025-09-22T06:24:13.988+0000][68][safepoint   ] Safepoint "ICBufferFull", Time since last: 924479167 ns, Reaching safepoint: 772375 ns, At safepoint: 4042 ns, Total: 776417 ns
[2025-09-22T06:24:14.572+0000][68][safepoint   ] Safepoint "ICBufferFull", Time since last: 584482958 ns, Reaching safepoint: 197042 ns, At safepoint: 9916 ns, Total: 206958 ns
[2025-09-22T06:24:14.866+0000][68][safepoint   ] Safepoint "ICBufferFull", Time since last: 293598292 ns, Reaching safepoint: 278375 ns, At safepoint: 7042 ns, Total: 285417 ns
[2025-09-22T06:24:15.399+0000][68][gc,start    ] GC(13) Pause Young (Concurrent Start) (Metadata GC Threshold)
[2025-09-22T06:24:15.400+0000][68][gc,task     ] GC(13) Using 8 workers of 8 for evacuation
[2025-09-22T06:24:15.400+0000][68][gc,age      ] GC(13) Desired survivor size 20971520 bytes, new threshold 15 (max threshold 15)
[2025-09-22T06:24:15.421+0000][68][gc,phases   ] GC(13)   Pre Evacuate Collection Set: 0.8ms
[2025-09-22T06:24:15.421+0000][68][gc,phases   ] GC(13)   Merge Heap Roots: 0.2ms
[2025-09-22T06:24:15.422+0000][68][gc,phases   ] GC(13)   Evacuate Collection Set: 16.5ms
[2025-09-22T06:24:15.422+0000][68][gc,phases   ] GC(13)   Post Evacuate Collection Set: 3.2ms
[2025-09-22T06:24:15.422+0000][68][gc,phases   ] GC(13)   Other: 1.0ms
[2025-09-22T06:24:15.422+0000][68][gc,age      ] GC(13) Age table with threshold 15 (max threshold 15)
[2025-09-22T06:24:15.422+0000][68][gc,age      ] GC(13) - age   1:   13615320 bytes,   13615320 total
[2025-09-22T06:24:15.422+0000][68][gc,age      ] GC(13) - age   2:    3104824 bytes,   16720144 total
[2025-09-22T06:24:15.422+0000][68][gc,age      ] GC(13) - age   3:    6879136 bytes,   23599280 total
[2025-09-22T06:24:15.422+0000][68][gc,heap     ] GC(13) Eden regions: 48->0(70)
[2025-09-22T06:24:15.422+0000][68][gc,heap     ] GC(13) Survivor regions: 4->6(10)
[2025-09-22T06:24:15.422+0000][68][gc,heap     ] GC(13) Old regions: 12->12
[2025-09-22T06:24:15.422+0000][68][gc,heap     ] GC(13) Archive regions: 2->2
[2025-09-22T06:24:15.422+0000][68][gc,heap     ] GC(13) Humongous regions: 0->0
[2025-09-22T06:24:15.422+0000][68][gc,metaspace] GC(13) Metaspace: 99676K(102528K)->99676K(102528K) NonClass: 86531K(88000K)->86531K(88000K) Class: 13145K(14528K)->13145K(14528K)
[2025-09-22T06:24:15.422+0000][68][gc          ] GC(13) Pause Young (Concurrent Start) (Metadata GC Threshold) 255M->74M(512M) 22.673ms
[2025-09-22T06:24:15.422+0000][68][gc,cpu      ] GC(13) User=0.09s Sys=0.00s Real=0.02s
[2025-09-22T06:24:15.422+0000][68][gc          ] GC(14) Concurrent Mark Cycle
[2025-09-22T06:24:15.425+0000][68][gc,marking  ] GC(14) Concurrent Clear Claimed Marks
[2025-09-22T06:24:15.425+0000][68][gc,marking  ] GC(14) Concurrent Clear Claimed Marks 0.607ms
[2025-09-22T06:24:15.425+0000][68][gc,marking  ] GC(14) Concurrent Scan Root Regions
[2025-09-22T06:24:15.423+0000][68][safepoint   ] Safepoint "CollectForMetadataAllocation", Time since last: 532905625 ns, Reaching safepoint: 229875 ns, At safepoint: 23401209 ns, Total: 23631084 ns
[2025-09-22T06:24:15.456+0000][68][safepoint   ] Safepoint "CollectForMetadataAllocation", Time since last: 33125750 ns, Reaching safepoint: 70375 ns, At safepoint: 50083 ns, Total: 120458 ns
[2025-09-22T06:24:15.459+0000][68][gc,marking  ] GC(14) Concurrent Scan Root Regions 33.228ms
[2025-09-22T06:24:15.459+0000][68][gc,marking  ] GC(14) Concurrent Mark
[2025-09-22T06:24:15.459+0000][68][gc,marking  ] GC(14) Concurrent Mark From Roots
[2025-09-22T06:24:15.459+0000][68][gc,task     ] GC(14) Using 2 workers of 2 for marking
[2025-09-22T06:24:15.496+0000][68][safepoint   ] Safepoint "CollectForMetadataAllocation", Time since last: 38430208 ns, Reaching safepoint: 1988875 ns, At safepoint: 95250 ns, Total: 2084125 ns
[2025-09-22T06:24:15.519+0000][68][gc,marking  ] GC(14) Concurrent Mark From Roots 59.678ms
[2025-09-22T06:24:15.519+0000][68][gc,marking  ] GC(14) Concurrent Preclean
[2025-09-22T06:24:15.520+0000][68][gc,marking  ] GC(14) Concurrent Preclean 0.518ms
[2025-09-22T06:24:15.522+0000][68][gc,start    ] GC(14) Pause Remark
[2025-09-22T06:24:15.529+0000][68][gc          ] GC(14) Pause Remark 82M->82M(512M) 7.181ms
[2025-09-22T06:24:15.529+0000][68][gc,cpu      ] GC(14) User=0.02s Sys=0.01s Real=0.01s
[2025-09-22T06:24:15.529+0000][68][safepoint   ] Safepoint "G1PauseRemark", Time since last: 23971500 ns, Reaching safepoint: 1233125 ns, At safepoint: 7406417 ns, Total: 8639542 ns
[2025-09-22T06:24:15.530+0000][68][gc,marking  ] GC(14) Concurrent Mark 71.259ms
[2025-09-22T06:24:15.530+0000][68][gc,marking  ] GC(14) Concurrent Rebuild Remembered Sets
[2025-09-22T06:24:15.550+0000][68][gc,marking  ] GC(14) Concurrent Rebuild Remembered Sets 20.084ms
[2025-09-22T06:24:15.554+0000][68][gc,start    ] GC(14) Pause Cleanup
[2025-09-22T06:24:15.554+0000][68][gc          ] GC(14) Pause Cleanup 82M->82M(512M) 0.342ms
[2025-09-22T06:24:15.554+0000][68][gc,cpu      ] GC(14) User=0.00s Sys=0.00s Real=0.00s
[2025-09-22T06:24:15.554+0000][68][safepoint   ] Safepoint "G1PauseCleanup", Time since last: 23192458 ns, Reaching safepoint: 1299875 ns, At safepoint: 673709 ns, Total: 1973584 ns
[2025-09-22T06:24:15.555+0000][68][gc,marking  ] GC(14) Concurrent Cleanup for Next Mark
[2025-09-22T06:24:15.558+0000][68][gc,marking  ] GC(14) Concurrent Cleanup for Next Mark 3.095ms
[2025-09-22T06:24:15.559+0000][68][gc          ] GC(14) Concurrent Mark Cycle 136.712ms
[2025-09-22T06:24:16.122+0000][68][safepoint   ] Safepoint "ICBufferFull", Time since last: 564676458 ns, Reaching safepoint: 2891667 ns, At safepoint: 51292 ns, Total: 2942959 ns
[2025-09-22T06:24:16.553+0000][68][safepoint   ] Safepoint "ICBufferFull", Time since last: 429773583 ns, Reaching safepoint: 1074375 ns, At safepoint: 32667 ns, Total: 1107042 ns
[2025-09-22T06:24:16.825+0000][68][safepoint   ] Safepoint "ICBufferFull", Time since last: 271702208 ns, Reaching safepoint: 194042 ns, At safepoint: 3333 ns, Total: 197375 ns
[2025-09-22T06:24:16.964+0000][68][safepoint   ] Safepoint "ICBufferFull", Time since last: 138073209 ns, Reaching safepoint: 797750 ns, At safepoint: 51166 ns, Total: 848916 ns
[2025-09-22T06:24:17.086+0000][68][safepoint   ] Safepoint "ICBufferFull", Time since last: 121726542 ns, Reaching safepoint: 256250 ns, At safepoint: 43583 ns, Total: 299833 ns
[2025-09-22T06:24:17.260+0000][68][safepoint   ] Safepoint "ICBufferFull", Time since last: 171742000 ns, Reaching safepoint: 1994584 ns, At safepoint: 271166 ns, Total: 2265750 ns
[2025-09-22T06:24:17.401+0000][68][safepoint   ] Safepoint "ICBufferFull", Time since last: 136191751 ns, Reaching safepoint: 5030416 ns, At safepoint: 94250 ns, Total: 5124666 ns
[2025-09-22T06:24:18.137+0000][68][safepoint   ] Safepoint "ICBufferFull", Time since last: 734763417 ns, Reaching safepoint: 933959 ns, At safepoint: 9666 ns, Total: 943625 ns
[2025-09-22T06:24:18.646+0000][68][safepoint   ] Safepoint "ICBufferFull", Time since last: 504566875 ns, Reaching safepoint: 5245792 ns, At safepoint: 20125 ns, Total: 5265917 ns
[2025-09-22T06:24:18.648+0000][68][safepoint   ] Safepoint "ICBufferFull", Time since last: 525917 ns, Reaching safepoint: 1423083 ns, At safepoint: 16750 ns, Total: 1439833 ns
[2025-09-22T06:24:19.182+0000][68][safepoint   ] Safepoint "ICBufferFull", Time since last: 533427000 ns, Reaching safepoint: 324417 ns, At safepoint: 6042 ns, Total: 330459 ns
[2025-09-22T06:24:20.191+0000][68][safepoint   ] Safepoint "Cleanup", Time since last: 1004475292 ns, Reaching safepoint: 3932917 ns, At safepoint: 15208 ns, Total: 3948125 ns
[2025-09-22T06:24:21.194+0000][68][safepoint   ] Safepoint "Cleanup", Time since last: 1001728292 ns, Reaching safepoint: 1257625 ns, At safepoint: 15542 ns, Total: 1273167 ns
[2025-09-22T06:24:21.923+0000][68][safepoint   ] Safepoint "ICBufferFull", Time since last: 726688000 ns, Reaching safepoint: 2240542 ns, At safepoint: 7416 ns, Total: 2247958 ns
[2025-09-22T06:24:23.156+0000][68][safepoint   ] Safepoint "ICBufferFull", Time since last: 1233759418 ns, Reaching safepoint: 179333 ns, At safepoint: 12833 ns, Total: 192166 ns
[2025-09-22T06:24:23.661+0000][68][safepoint   ] Safepoint "ICBufferFull", Time since last: 504353334 ns, Reaching safepoint: 255875 ns, At safepoint: 5125 ns, Total: 261000 ns
[2025-09-22T06:24:24.456+0000][68][safepoint   ] Safepoint "ICBufferFull", Time since last: 794188375 ns, Reaching safepoint: 288292 ns, At safepoint: 6167 ns, Total: 294459 ns
[2025-09-22T06:24:25.340+0000][68][safepoint   ] Safepoint "ICBufferFull", Time since last: 883806458 ns, Reaching safepoint: 438417 ns, At safepoint: 14708 ns, Total: 453125 ns
[2025-09-22T06:24:26.122+0000][68][safepoint   ] Safepoint "ICBufferFull", Time since last: 768761251 ns, Reaching safepoint: 8488416 ns, At safepoint: 4833042 ns, Total: 13321458 ns
[2025-09-22T06:24:26.247+0000][68][gc,start    ] GC(15) Pause Young (Normal) (G1 Evacuation Pause)
[2025-09-22T06:24:26.249+0000][68][gc,task     ] GC(15) Using 8 workers of 8 for evacuation
[2025-09-22T06:24:26.250+0000][68][gc,age      ] GC(15) Desired survivor size 20971520 bytes, new threshold 3 (max threshold 15)
[2025-09-22T06:24:26.469+0000][68][gc,mmu      ] GC(15) MMU target violated: 201.0ms (200.0ms/201.0ms)
[2025-09-22T06:24:26.469+0000][68][gc,phases   ] GC(15)   Pre Evacuate Collection Set: 0.3ms
[2025-09-22T06:24:26.469+0000][68][gc,phases   ] GC(15)   Merge Heap Roots: 1.4ms
[2025-09-22T06:24:26.469+0000][68][gc,phases   ] GC(15)   Evacuate Collection Set: 206.2ms
[2025-09-22T06:24:26.469+0000][68][gc,phases   ] GC(15)   Post Evacuate Collection Set: 11.0ms
[2025-09-22T06:24:26.469+0000][68][gc,phases   ] GC(15)   Other: 0.7ms
[2025-09-22T06:24:26.470+0000][68][gc,age      ] GC(15) Age table with threshold 3 (max threshold 15)
[2025-09-22T06:24:26.473+0000][68][gc,age      ] GC(15) - age   1:   22380608 bytes,   22380608 total
[2025-09-22T06:24:26.473+0000][68][gc,age      ] GC(15) - age   2:   12728752 bytes,   35109360 total
[2025-09-22T06:24:26.473+0000][68][gc,age      ] GC(15) - age   3:    3050480 bytes,   38159840 total
[2025-09-22T06:24:26.473+0000][68][gc,heap     ] GC(15) Eden regions: 70->0(66)
[2025-09-22T06:24:26.473+0000][68][gc,heap     ] GC(15) Survivor regions: 6->10(10)
[2025-09-22T06:24:26.474+0000][68][gc,heap     ] GC(15) Old regions: 12->14
[2025-09-22T06:24:26.474+0000][68][gc,heap     ] GC(15) Archive regions: 2->2
[2025-09-22T06:24:26.474+0000][68][gc,heap     ] GC(15) Humongous regions: 0->0
[2025-09-22T06:24:26.474+0000][68][gc,metaspace] GC(15) Metaspace: 121373K(124544K)->121373K(124544K) NonClass: 105137K(106752K)->105137K(106752K) Class: 16235K(17792K)->16235K(17792K)
[2025-09-22T06:24:26.474+0000][68][gc          ] GC(15) Pause Young (Normal) (G1 Evacuation Pause) 354M->96M(512M) 227.177ms
[2025-09-22T06:24:26.474+0000][68][gc,cpu      ] GC(15) User=0.47s Sys=0.02s Real=0.23s
[2025-09-22T06:24:26.481+0000][68][safepoint   ] Safepoint "G1CollectForAllocation", Time since last: 124551917 ns, Reaching safepoint: 84666 ns, At safepoint: 234724876 ns, Total: 234809542 ns
[2025-09-22T06:24:27.484+0000][68][safepoint   ] Safepoint "Cleanup", Time since last: 1000994625 ns, Reaching safepoint: 1309458 ns, At safepoint: 20042 ns, Total: 1329500 ns
[2025-09-22T06:24:28.485+0000][68][safepoint   ] Safepoint "Cleanup", Time since last: 1000685625 ns, Reaching safepoint: 248000 ns, At safepoint: 10334 ns, Total: 258334 ns
[2025-09-22T06:24:29.490+0000][68][safepoint   ] Safepoint "Cleanup", Time since last: 1004810042 ns, Reaching safepoint: 285667 ns, At safepoint: 7041 ns, Total: 292708 ns
[2025-09-22T06:24:30.493+0000][68][safepoint   ] Safepoint "Cleanup", Time since last: 1003068917 ns, Reaching safepoint: 200792 ns, At safepoint: 10625 ns, Total: 211417 ns
[2025-09-22T06:24:31.494+0000][68][safepoint   ] Safepoint "Cleanup", Time since last: 1000394542 ns, Reaching safepoint: 204625 ns, At safepoint: 113542 ns, Total: 318167 ns
[2025-09-22T06:24:32.537+0000][68][safepoint   ] Safepoint "Cleanup", Time since last: 1001242292 ns, Reaching safepoint: 28337333 ns, At safepoint: 14066542 ns, Total: 42403875 ns
[2025-09-22T06:24:32.829+0000][68][safepoint   ] Safepoint "ICBufferFull", Time since last: 289137042 ns, Reaching safepoint: 2823792 ns, At safepoint: 24875 ns, Total: 2848667 ns
[2025-09-22T06:24:33.269+0000][68][safepoint   ] Safepoint "ICBufferFull", Time since last: 435154875 ns, Reaching safepoint: 4736541 ns, At safepoint: 18125 ns, Total: 4754666 ns
[2025-09-22T06:24:33.798+0000][68][safepoint   ] Safepoint "ICBufferFull", Time since last: 524853167 ns, Reaching safepoint: 3975500 ns, At safepoint: 24250 ns, Total: 3999750 ns
[2025-09-22T06:24:34.330+0000][68][safepoint   ] Safepoint "ICBufferFull", Time since last: 531601542 ns, Reaching safepoint: 580584 ns, At safepoint: 7666 ns, Total: 588250 ns
[2025-09-22T06:24:34.661+0000][68][safepoint   ] Safepoint "ICBufferFull", Time since last: 330671625 ns, Reaching safepoint: 311792 ns, At safepoint: 5375 ns, Total: 317167 ns
[2025-09-22T06:24:35.144+0000][68][safepoint   ] Safepoint "ICBufferFull", Time since last: 478095125 ns, Reaching safepoint: 4285125 ns, At safepoint: 27292 ns, Total: 4312417 ns
[2025-09-22T06:24:35.460+0000][68][safepoint   ] Safepoint "ICBufferFull", Time since last: 313668417 ns, Reaching safepoint: 2160166 ns, At safepoint: 45542 ns, Total: 2205708 ns
[2025-09-22T06:24:35.689+0000][68][safepoint   ] Safepoint "ICBufferFull", Time since last: 224402167 ns, Reaching safepoint: 3725417 ns, At safepoint: 1193083 ns, Total: 4918500 ns
[2025-09-22T06:24:35.713+0000][68][safepoint   ] Safepoint "ICBufferFull", Time since last: 22240208 ns, Reaching safepoint: 1760042 ns, At safepoint: 24500 ns, Total: 1784542 ns
[2025-09-22T06:24:36.089+0000][68][safepoint   ] Safepoint "ICBufferFull", Time since last: 374077125 ns, Reaching safepoint: 1947375 ns, At safepoint: 32792 ns, Total: 1980167 ns
[2025-09-22T06:24:36.368+0000][68][safepoint   ] Safepoint "ICBufferFull", Time since last: 272955125 ns, Reaching safepoint: 5842792 ns, At safepoint: 44916 ns, Total: 5887708 ns
[2025-09-22T06:24:36.716+0000][68][gc,start    ] GC(16) Pause Young (Normal) (G1 Evacuation Pause)
[2025-09-22T06:24:36.716+0000][68][gc,task     ] GC(16) Using 8 workers of 8 for evacuation
[2025-09-22T06:24:36.717+0000][68][gc,age      ] GC(16) Desired survivor size 20971520 bytes, new threshold 1 (max threshold 15)
[2025-09-22T06:24:36.871+0000][68][gc,phases   ] GC(16)   Pre Evacuate Collection Set: 2.1ms
[2025-09-22T06:24:36.871+0000][68][gc,phases   ] GC(16)   Merge Heap Roots: 5.2ms
[2025-09-22T06:24:36.871+0000][68][gc,phases   ] GC(16)   Evacuate Collection Set: 138.5ms
[2025-09-22T06:24:36.871+0000][68][gc,phases   ] GC(16)   Post Evacuate Collection Set: 3.5ms
[2025-09-22T06:24:36.873+0000][68][gc,phases   ] GC(16)   Other: 5.1ms
[2025-09-22T06:24:36.876+0000][68][gc,age      ] GC(16) Age table with threshold 1 (max threshold 15)
[2025-09-22T06:24:36.876+0000][68][gc,age      ] GC(16) - age   1:   16340840 bytes,   16340840 total
[2025-09-22T06:24:36.876+0000][68][gc,heap     ] GC(16) Eden regions: 66->0(66)
[2025-09-22T06:24:36.876+0000][68][gc,heap     ] GC(16) Survivor regions: 10->5(10)
[2025-09-22T06:24:36.876+0000][68][gc,heap     ] GC(16) Old regions: 14->22
[2025-09-22T06:24:36.877+0000][68][gc,heap     ] GC(16) Archive regions: 2->2
[2025-09-22T06:24:36.877+0000][68][gc,heap     ] GC(16) Humongous regions: 0->0
[2025-09-22T06:24:36.877+0000][68][gc,metaspace] GC(16) Metaspace: 127145K(130496K)->127145K(130496K) NonClass: 110097K(111808K)->110097K(111808K) Class: 17048K(18688K)->17048K(18688K)
[2025-09-22T06:24:36.877+0000][68][gc          ] GC(16) Pause Young (Normal) (G1 Evacuation Pause) 360M->109M(512M) 161.527ms
[2025-09-22T06:24:36.877+0000][68][gc,cpu      ] GC(16) User=0.38s Sys=0.04s Real=0.16s
[2025-09-22T06:24:36.881+0000][68][safepoint   ] Safepoint "G1CollectForAllocation", Time since last: 321025334 ns, Reaching safepoint: 26283958 ns, At safepoint: 165941333 ns, Total: 192225291 ns
[2025-09-22T06:24:37.569+0000][68][safepoint   ] Safepoint "ICBufferFull", Time since last: 687703959 ns, Reaching safepoint: 260042 ns, At safepoint: 16333 ns, Total: 276375 ns
[2025-09-22T06:24:38.017+0000][68][safepoint   ] Safepoint "ICBufferFull", Time since last: 447295542 ns, Reaching safepoint: 359917 ns, At safepoint: 9125 ns, Total: 369042 ns
[2025-09-22T06:24:38.522+0000][68][safepoint   ] Safepoint "ICBufferFull", Time since last: 505146750 ns, Reaching safepoint: 298208 ns, At safepoint: 33584 ns, Total: 331792 ns
[2025-09-22T06:24:38.839+0000][68][safepoint   ] Safepoint "ICBufferFull", Time since last: 316175875 ns, Reaching safepoint: 355208 ns, At safepoint: 17125 ns, Total: 372333 ns
[2025-09-22T06:24:39.258+0000][68][safepoint   ] Safepoint "ICBufferFull", Time since last: 396198709 ns, Reaching safepoint: 4769541 ns, At safepoint: 18048209 ns, Total: 22817750 ns
[2025-09-22T06:24:39.915+0000][68][safepoint   ] Safepoint "ICBufferFull", Time since last: 650653582 ns, Reaching safepoint: 7788792 ns, At safepoint: 30250 ns, Total: 7819042 ns
[2025-09-22T06:24:40.095+0000][68][safepoint   ] Safepoint "ICBufferFull", Time since last: 161124375 ns, Reaching safepoint: 19331458 ns, At safepoint: 25959 ns, Total: 19357417 ns
[2025-09-22T06:24:40.446+0000][68][safepoint   ] Safepoint "ICBufferFull", Time since last: 350252625 ns, Reaching safepoint: 315125 ns, At safepoint: 26125 ns, Total: 341250 ns
[2025-09-22T06:24:41.082+0000][68][safepoint   ] Safepoint "ICBufferFull", Time since last: 634182375 ns, Reaching safepoint: 2139792 ns, At safepoint: 23541 ns, Total: 2163333 ns
[2025-09-22T06:24:41.118+0000][68][safepoint   ] Safepoint "ICBufferFull", Time since last: 30914542 ns, Reaching safepoint: 1263834 ns, At safepoint: 3946625 ns, Total: 5210459 ns
[2025-09-22T06:24:41.467+0000][68][safepoint   ] Safepoint "ICBufferFull", Time since last: 337266916 ns, Reaching safepoint: 9821042 ns, At safepoint: 1620875 ns, Total: 11441917 ns
[2025-09-22T06:24:42.006+0000][68][safepoint   ] Safepoint "ICBufferFull", Time since last: 536971000 ns, Reaching safepoint: 2156584 ns, At safepoint: 17041 ns, Total: 2173625 ns
[2025-09-22T06:24:42.360+0000][68][safepoint   ] Safepoint "ICBufferFull", Time since last: 350248917 ns, Reaching safepoint: 3675500 ns, At safepoint: 45250 ns, Total: 3720750 ns
[2025-09-22T06:24:42.365+0000][68][safepoint   ] Safepoint "ICBufferFull", Time since last: 2801208 ns, Reaching safepoint: 2016417 ns, At safepoint: 28542 ns, Total: 2044959 ns
[2025-09-22T06:24:43.371+0000][68][safepoint   ] Safepoint "Cleanup", Time since last: 1005938750 ns, Reaching safepoint: 277917 ns, At safepoint: 20583 ns, Total: 298500 ns
[2025-09-22T06:24:43.875+0000][68][safepoint   ] Safepoint "ICBufferFull", Time since last: 503321625 ns, Reaching safepoint: 622375 ns, At safepoint: 23459 ns, Total: 645834 ns
[2025-09-22T06:24:44.147+0000][68][safepoint   ] Safepoint "ICBufferFull", Time since last: 270229333 ns, Reaching safepoint: 1861084 ns, At safepoint: 26625 ns, Total: 1887709 ns
[2025-09-22T06:24:44.585+0000][68][safepoint   ] Safepoint "ICBufferFull", Time since last: 435981875 ns, Reaching safepoint: 1868625 ns, At safepoint: 69041 ns, Total: 1937666 ns
[2025-09-22T06:24:44.686+0000][68][safepoint   ] Safepoint "G1CollectForAllocation", Time since last: 97515959 ns, Reaching safepoint: 2989750 ns, At safepoint: 256083 ns, Total: 3245833 ns
[2025-09-22T06:24:44.690+0000][68][gc,start    ] GC(17) Pause Young (Normal) (GCLocker Initiated GC)
[2025-09-22T06:24:44.691+0000][68][gc,task     ] GC(17) Using 8 workers of 8 for evacuation
[2025-09-22T06:24:44.691+0000][68][gc,age      ] GC(17) Desired survivor size 18874368 bytes, new threshold 15 (max threshold 15)
[2025-09-22T06:24:44.722+0000][68][gc,phases   ] GC(17)   Pre Evacuate Collection Set: 0.6ms
[2025-09-22T06:24:44.722+0000][68][gc,phases   ] GC(17)   Merge Heap Roots: 0.3ms
[2025-09-22T06:24:44.722+0000][68][gc,phases   ] GC(17)   Evacuate Collection Set: 28.4ms
[2025-09-22T06:24:44.722+0000][68][gc,phases   ] GC(17)   Post Evacuate Collection Set: 1.5ms
[2025-09-22T06:24:44.722+0000][68][gc,phases   ] GC(17)   Other: 0.4ms
[2025-09-22T06:24:44.722+0000][68][gc,age      ] GC(17) Age table with threshold 15 (max threshold 15)
[2025-09-22T06:24:44.722+0000][68][gc,age      ] GC(17) - age   1:    9706976 bytes,    9706976 total
[2025-09-22T06:24:44.722+0000][68][gc,age      ] GC(17) - age   2:    4764016 bytes,   14470992 total
[2025-09-22T06:24:44.723+0000][68][gc,heap     ] GC(17) Eden regions: 66->0(67)
[2025-09-22T06:24:44.723+0000][68][gc,heap     ] GC(17) Survivor regions: 5->4(9)
[2025-09-22T06:24:44.723+0000][68][gc,heap     ] GC(17) Old regions: 22->22
[2025-09-22T06:24:44.723+0000][68][gc,heap     ] GC(17) Archive regions: 2->2
[2025-09-22T06:24:44.723+0000][68][gc,heap     ] GC(17) Humongous regions: 0->0
[2025-09-22T06:24:44.723+0000][68][gc,metaspace] GC(17) Metaspace: 130939K(134336K)->130939K(134336K) NonClass: 113538K(115264K)->113538K(115264K) Class: 17400K(19072K)->17400K(19072K)
[2025-09-22T06:24:44.723+0000][68][gc          ] GC(17) Pause Young (Normal) (GCLocker Initiated GC) 373M->106M(512M) 32.819ms
[2025-09-22T06:24:44.723+0000][68][gc,cpu      ] GC(17) User=0.11s Sys=0.01s Real=0.03s
[2025-09-22T06:24:44.724+0000][68][safepoint   ] Safepoint "G1CollectForAllocation", Time since last: 523917 ns, Reaching safepoint: 3539083 ns, At safepoint: 33415750 ns, Total: 36954833 ns
[2025-09-22T06:24:45.550+0000][68][safepoint   ] Safepoint "ICBufferFull", Time since last: 825531667 ns, Reaching safepoint: 663875 ns, At safepoint: 33959 ns, Total: 697834 ns
[2025-09-22T06:24:46.553+0000][68][safepoint   ] Safepoint "Cleanup", Time since last: 1003239250 ns, Reaching safepoint: 256542 ns, At safepoint: 12625 ns, Total: 269167 ns
[2025-09-22T06:24:47.189+0000][68][safepoint   ] Safepoint "ICBufferFull", Time since last: 635499042 ns, Reaching safepoint: 433958 ns, At safepoint: 44375 ns, Total: 478333 ns
[2025-09-22T06:24:47.635+0000][68][safepoint   ] Safepoint "ICBufferFull", Time since last: 445104709 ns, Reaching safepoint: 448833 ns, At safepoint: 21250 ns, Total: 470083 ns
[2025-09-22T06:24:48.651+0000][68][safepoint   ] Safepoint "Cleanup", Time since last: 1016142584 ns, Reaching safepoint: 208958 ns, At safepoint: 12208 ns, Total: 221166 ns
[2025-09-22T06:24:49.653+0000][68][safepoint   ] Safepoint "Cleanup", Time since last: 1001407334 ns, Reaching safepoint: 233042 ns, At safepoint: 20625 ns, Total: 253667 ns
[2025-09-22T06:24:50.662+0000][68][safepoint   ] Safepoint "Cleanup", Time since last: 1007117959 ns, Reaching safepoint: 2033291 ns, At safepoint: 8250 ns, Total: 2041541 ns
[2025-09-22T06:24:51.668+0000][68][safepoint   ] Safepoint "Cleanup", Time since last: 1000959209 ns, Reaching safepoint: 5265834 ns, At safepoint: 9375 ns, Total: 5275209 ns
[2025-09-22T06:24:52.679+0000][68][safepoint   ] Safepoint "Cleanup", Time since last: 1010823542 ns, Reaching safepoint: 180625 ns, At safepoint: 7000 ns, Total: 187625 ns
[2025-09-22T06:24:53.686+0000][68][safepoint   ] Safepoint "Cleanup", Time since last: 1001948083 ns, Reaching safepoint: 4448792 ns, At safepoint: 24792 ns, Total: 4473584 ns
[2025-09-22T06:24:54.696+0000][68][safepoint   ] Safepoint "Cleanup", Time since last: 1009746834 ns, Reaching safepoint: 675625 ns, At safepoint: 20625 ns, Total: 696250 ns
[2025-09-22T06:24:55.698+0000][68][safepoint   ] Safepoint "Cleanup", Time since last: 1001042708 ns, Reaching safepoint: 382500 ns, At safepoint: 8625 ns, Total: 391125 ns
[2025-09-22T06:24:56.704+0000][68][safepoint   ] Safepoint "Cleanup", Time since last: 1003406834 ns, Reaching safepoint: 2997250 ns, At safepoint: 8500 ns, Total: 3005750 ns
[2025-09-22T06:24:57.707+0000][68][safepoint   ] Safepoint "Cleanup", Time since last: 1002733292 ns, Reaching safepoint: 645167 ns, At safepoint: 28292 ns, Total: 673459 ns
[2025-09-22T06:24:59.726+0000][68][safepoint   ] Safepoint "Cleanup", Time since last: 2006950251 ns, Reaching safepoint: 11226541 ns, At safepoint: 31875 ns, Total: 11258416 ns
[2025-09-22T06:25:00.731+0000][68][safepoint   ] Safepoint "Cleanup", Time since last: 1005434084 ns, Reaching safepoint: 328750 ns, At safepoint: 9084 ns, Total: 337834 ns
[2025-09-22T06:25:02.734+0000][68][safepoint   ] Safepoint "Cleanup", Time since last: 2001731250 ns, Reaching safepoint: 1232959 ns, At safepoint: 27958 ns, Total: 1260917 ns
[2025-09-22T06:25:03.736+0000][68][safepoint   ] Safepoint "Cleanup", Time since last: 1001777959 ns, Reaching safepoint: 290542 ns, At safepoint: 14708 ns, Total: 305250 ns
[2025-09-22T06:25:03.805+0000][68][gc,start    ] GC(18) Pause Young (Normal) (G1 Evacuation Pause)
[2025-09-22T06:25:03.806+0000][68][gc,task     ] GC(18) Using 8 workers of 8 for evacuation
[2025-09-22T06:25:03.806+0000][68][gc,age      ] GC(18) Desired survivor size 18874368 bytes, new threshold 15 (max threshold 15)
[2025-09-22T06:25:03.859+0000][68][gc,phases   ] GC(18)   Pre Evacuate Collection Set: 0.6ms
[2025-09-22T06:25:03.859+0000][68][gc,phases   ] GC(18)   Merge Heap Roots: 0.3ms
[2025-09-22T06:25:03.859+0000][68][gc,phases   ] GC(18)   Evacuate Collection Set: 48.0ms
[2025-09-22T06:25:03.859+0000][68][gc,phases   ] GC(18)   Post Evacuate Collection Set: 3.8ms
[2025-09-22T06:25:03.859+0000][68][gc,phases   ] GC(18)   Other: 0.6ms
[2025-09-22T06:25:03.859+0000][68][gc,age      ] GC(18) Age table with threshold 15 (max threshold 15)
[2025-09-22T06:25:03.860+0000][68][gc,age      ] GC(18) - age   1:    7557336 bytes,    7557336 total
[2025-09-22T06:25:03.860+0000][68][gc,age      ] GC(18) - age   2:    2903752 bytes,   10461088 total
[2025-09-22T06:25:03.860+0000][68][gc,age      ] GC(18) - age   3:    4741104 bytes,   15202192 total
[2025-09-22T06:25:03.860+0000][68][gc,heap     ] GC(18) Eden regions: 67->0(68)
[2025-09-22T06:25:03.860+0000][68][gc,heap     ] GC(18) Survivor regions: 4->5(9)
[2025-09-22T06:25:03.860+0000][68][gc,heap     ] GC(18) Old regions: 22->22
[2025-09-22T06:25:03.860+0000][68][gc,heap     ] GC(18) Archive regions: 2->2
[2025-09-22T06:25:03.860+0000][68][gc,heap     ] GC(18) Humongous regions: 0->0
[2025-09-22T06:25:03.860+0000][68][gc,metaspace] GC(18) Metaspace: 132617K(136192K)->132617K(136192K) NonClass: 115066K(116928K)->115066K(116928K) Class: 17551K(19264K)->17551K(19264K)
[2025-09-22T06:25:03.860+0000][68][gc          ] GC(18) Pause Young (Normal) (G1 Evacuation Pause) 373M->107M(512M) 54.939ms
[2025-09-22T06:25:03.860+0000][68][gc,cpu      ] GC(18) User=0.28s Sys=0.01s Real=0.06s
[2025-09-22T06:25:03.861+0000][68][safepoint   ] Safepoint "G1CollectForAllocation", Time since last: 67556042 ns, Reaching safepoint: 1147041 ns, At safepoint: 55569292 ns, Total: 56716333 ns
[2025-09-22T06:25:04.711+0000][68][safepoint   ] Safepoint "ICBufferFull", Time since last: 849638084 ns, Reaching safepoint: 325291 ns, At safepoint: 28875 ns, Total: 354166 ns
[2025-09-22T06:25:05.278+0000][68][safepoint   ] Safepoint "ICBufferFull", Time since last: 567065584 ns, Reaching safepoint: 526917 ns, At safepoint: 14416 ns, Total: 541333 ns
[2025-09-22T06:25:06.280+0000][68][safepoint   ] Safepoint "Cleanup", Time since last: 1000871709 ns, Reaching safepoint: 431375 ns, At safepoint: 6167 ns, Total: 437542 ns
[2025-09-22T06:25:07.280+0000][68][safepoint   ] Safepoint "Cleanup", Time since last: 1000356459 ns, Reaching safepoint: 127708 ns, At safepoint: 5208 ns, Total: 132916 ns
[2025-09-22T06:25:08.345+0000][68][safepoint   ] Safepoint "Cleanup", Time since last: 1021747792 ns, Reaching safepoint: 33215209 ns, At safepoint: 9917875 ns, Total: 43133084 ns
[2025-09-22T06:25:09.353+0000][68][safepoint   ] Safepoint "Cleanup", Time since last: 1007226709 ns, Reaching safepoint: 526125 ns, At safepoint: 10333 ns, Total: 536458 ns
[2025-09-22T06:25:11.358+0000][68][safepoint   ] Safepoint "Cleanup", Time since last: 2003380750 ns, Reaching safepoint: 435375 ns, At safepoint: 921667 ns, Total: 1357042 ns
[2025-09-22T06:25:12.360+0000][68][safepoint   ] Safepoint "Cleanup", Time since last: 1001484750 ns, Reaching safepoint: 247709 ns, At safepoint: 6083 ns, Total: 253792 ns
[2025-09-22T06:25:13.362+0000][68][safepoint   ] Safepoint "Cleanup", Time since last: 1000743334 ns, Reaching safepoint: 740500 ns, At safepoint: 6500 ns, Total: 747000 ns
[2025-09-22T06:25:14.364+0000][68][safepoint   ] Safepoint "Cleanup", Time since last: 1002256875 ns, Reaching safepoint: 244417 ns, At safepoint: 7000 ns, Total: 251417 ns
[2025-09-22T06:25:15.367+0000][68][safepoint   ] Safepoint "Cleanup", Time since last: 1002785001 ns, Reaching safepoint: 253958 ns, At safepoint: 6458 ns, Total: 260416 ns
[2025-09-22T06:25:16.370+0000][68][safepoint   ] Safepoint "Cleanup", Time since last: 1001857167 ns, Reaching safepoint: 962959 ns, At safepoint: 11291 ns, Total: 974250 ns
[2025-09-22T06:25:17.372+0000][68][safepoint   ] Safepoint "Cleanup", Time since last: 1001921417 ns, Reaching safepoint: 358542 ns, At safepoint: 10167 ns, Total: 368709 ns
[2025-09-22T06:25:18.373+0000][68][safepoint   ] Safepoint "Cleanup", Time since last: 1000631792 ns, Reaching safepoint: 191917 ns, At safepoint: 15750 ns, Total: 207667 ns
[2025-09-22T06:25:19.374+0000][68][safepoint   ] Safepoint "Cleanup", Time since last: 1000735125 ns, Reaching safepoint: 78458 ns, At safepoint: 4375 ns, Total: 82833 ns
[2025-09-22T06:25:20.375+0000][68][safepoint   ] Safepoint "Cleanup", Time since last: 1000935209 ns, Reaching safepoint: 253792 ns, At safepoint: 5625 ns, Total: 259417 ns
[2025-09-22T06:25:21.377+0000][68][safepoint   ] Safepoint "Cleanup", Time since last: 1001759209 ns, Reaching safepoint: 249458 ns, At safepoint: 20250 ns, Total: 269708 ns
[2025-09-22T06:25:23.380+0000][68][safepoint   ] Safepoint "Cleanup", Time since last: 2002155126 ns, Reaching safepoint: 270542 ns, At safepoint: 7041 ns, Total: 277583 ns
[2025-09-22T06:25:24.380+0000][68][safepoint   ] Safepoint "Cleanup", Time since last: 1000273751 ns, Reaching safepoint: 251125 ns, At safepoint: 7791 ns, Total: 258916 ns
[2025-09-22T06:25:25.382+0000][68][safepoint   ] Safepoint "Cleanup", Time since last: 1001729584 ns, Reaching safepoint: 231042 ns, At safepoint: 11292 ns, Total: 242334 ns
[2025-09-22T06:25:26.385+0000][68][safepoint   ] Safepoint "Cleanup", Time since last: 1000753875 ns, Reaching safepoint: 2032000 ns, At safepoint: 7625 ns, Total: 2039625 ns
[2025-09-22T06:25:29.388+0000][68][safepoint   ] Safepoint "Cleanup", Time since last: 3002278710 ns, Reaching safepoint: 306875 ns, At safepoint: 17167 ns, Total: 324042 ns
[2025-09-22T06:25:30.389+0000][68][safepoint   ] Safepoint "Cleanup", Time since last: 1001397542 ns, Reaching safepoint: 193625 ns, At safepoint: 6500 ns, Total: 200125 ns
[2025-09-22T06:25:32.391+0000][68][safepoint   ] Safepoint "Cleanup", Time since last: 2001766667 ns, Reaching safepoint: 130250 ns, At safepoint: 3542 ns, Total: 133792 ns
[2025-09-22T06:25:33.393+0000][68][safepoint   ] Safepoint "Cleanup", Time since last: 1001574500 ns, Reaching safepoint: 238292 ns, At safepoint: 77250 ns, Total: 315542 ns
[2025-09-22T06:25:34.747+0000][68][gc,start    ] GC(19) Pause Young (Normal) (G1 Evacuation Pause)
[2025-09-22T06:25:34.748+0000][68][gc,task     ] GC(19) Using 8 workers of 8 for evacuation
[2025-09-22T06:25:34.748+0000][68][gc,age      ] GC(19) Desired survivor size 20971520 bytes, new threshold 15 (max threshold 15)
[2025-09-22T06:25:34.783+0000][68][gc,phases   ] GC(19)   Pre Evacuate Collection Set: 0.4ms
[2025-09-22T06:25:34.783+0000][68][gc,phases   ] GC(19)   Merge Heap Roots: 0.3ms
[2025-09-22T06:25:34.784+0000][68][gc,phases   ] GC(19)   Evacuate Collection Set: 31.6ms
[2025-09-22T06:25:34.784+0000][68][gc,phases   ] GC(19)   Post Evacuate Collection Set: 2.5ms
[2025-09-22T06:25:34.784+0000][68][gc,phases   ] GC(19)   Other: 0.7ms
[2025-09-22T06:25:34.784+0000][68][gc,age      ] GC(19) Age table with threshold 15 (max threshold 15)
[2025-09-22T06:25:34.784+0000][68][gc,age      ] GC(19) - age   1:    1904784 bytes,    1904784 total
[2025-09-22T06:25:34.784+0000][68][gc,age      ] GC(19) - age   2:    2042536 bytes,    3947320 total
[2025-09-22T06:25:34.784+0000][68][gc,age      ] GC(19) - age   3:    2866464 bytes,    6813784 total
[2025-09-22T06:25:34.784+0000][68][gc,age      ] GC(19) - age   4:    4688264 bytes,   11502048 total
[2025-09-22T06:25:34.784+0000][68][gc,heap     ] GC(19) Eden regions: 68->0(71)
[2025-09-22T06:25:34.784+0000][68][gc,heap     ] GC(19) Survivor regions: 5->4(10)
[2025-09-22T06:25:34.784+0000][68][gc,heap     ] GC(19) Old regions: 22->22
[2025-09-22T06:25:34.784+0000][68][gc,heap     ] GC(19) Archive regions: 2->2
[2025-09-22T06:25:34.784+0000][68][gc,heap     ] GC(19) Humongous regions: 0->0
[2025-09-22T06:25:34.784+0000][68][gc,metaspace] GC(19) Metaspace: 133235K(136768K)->133235K(136768K) NonClass: 115677K(117504K)->115677K(117504K) Class: 17557K(19264K)->17557K(19264K)
[2025-09-22T06:25:34.785+0000][68][gc          ] GC(19) Pause Young (Normal) (G1 Evacuation Pause) 379M->102M(512M) 37.349ms
[2025-09-22T06:25:34.785+0000][68][gc,cpu      ] GC(19) User=0.12s Sys=0.01s Real=0.03s
[2025-09-22T06:25:34.785+0000][68][safepoint   ] Safepoint "G1CollectForAllocation", Time since last: 1354089792 ns, Reaching safepoint: 127209 ns, At safepoint: 37667583 ns, Total: 37794792 ns
[2025-09-22T06:25:35.787+0000][68][safepoint   ] Safepoint "Cleanup", Time since last: 1001440042 ns, Reaching safepoint: 876959 ns, At safepoint: 18708 ns, Total: 895667 ns
[2025-09-22T06:25:37.798+0000][68][safepoint   ] Safepoint "Cleanup", Time since last: 2003077584 ns, Reaching safepoint: 7768750 ns, At safepoint: 34709 ns, Total: 7803459 ns
[2025-09-22T06:25:38.804+0000][68][safepoint   ] Safepoint "Cleanup", Time since last: 1005445250 ns, Reaching safepoint: 430667 ns, At safepoint: 11791 ns, Total: 442458 ns
[2025-09-22T06:25:39.809+0000][68][safepoint   ] Safepoint "Cleanup", Time since last: 1001028584 ns, Reaching safepoint: 2931000 ns, At safepoint: 18250 ns, Total: 2949250 ns
[2025-09-22T06:25:40.810+0000][68][safepoint   ] Safepoint "Cleanup", Time since last: 1001016417 ns, Reaching safepoint: 121333 ns, At safepoint: 33750 ns, Total: 155083 ns
[2025-09-22T06:25:41.811+0000][68][safepoint   ] Safepoint "Cleanup", Time since last: 1000825334 ns, Reaching safepoint: 222250 ns, At safepoint: 5625 ns, Total: 227875 ns
[2025-09-22T06:25:42.812+0000][68][safepoint   ] Safepoint "Cleanup", Time since last: 1000808917 ns, Reaching safepoint: 148375 ns, At safepoint: 9250 ns, Total: 157625 ns
[2025-09-22T06:25:44.813+0000][68][safepoint   ] Safepoint "Cleanup", Time since last: 2001060543 ns, Reaching safepoint: 145667 ns, At safepoint: 11625 ns, Total: 157292 ns
[2025-09-22T06:25:45.815+0000][68][safepoint   ] Safepoint "Cleanup", Time since last: 1000593208 ns, Reaching safepoint: 1183917 ns, At safepoint: 5667 ns, Total: 1189584 ns
[2025-09-22T06:25:46.817+0000][68][safepoint   ] Safepoint "Cleanup", Time since last: 1001062459 ns, Reaching safepoint: 349833 ns, At safepoint: 17708 ns, Total: 367541 ns
[2025-09-22T06:25:47.818+0000][68][safepoint   ] Safepoint "Cleanup", Time since last: 1001451876 ns, Reaching safepoint: 107833 ns, At safepoint: 3292 ns, Total: 111125 ns
[2025-09-22T06:25:50.864+0000][68][safepoint   ] Safepoint "Cleanup", Time since last: 3039993209 ns, Reaching safepoint: 5804292 ns, At safepoint: 29875 ns, Total: 5834167 ns
[2025-09-22T06:25:53.869+0000][68][safepoint   ] Safepoint "Cleanup", Time since last: 3005240877 ns, Reaching safepoint: 183041 ns, At safepoint: 5584 ns, Total: 188625 ns
[2025-09-22T06:25:55.887+0000][68][safepoint   ] Safepoint "Cleanup", Time since last: 2016254417 ns, Reaching safepoint: 1101375 ns, At safepoint: 22667 ns, Total: 1124042 ns
[2025-09-22T06:25:56.890+0000][68][safepoint   ] Safepoint "Cleanup", Time since last: 1002542250 ns, Reaching safepoint: 406042 ns, At safepoint: 9667 ns, Total: 415709 ns
[2025-09-22T06:25:57.897+0000][68][safepoint   ] Safepoint "Cleanup", Time since last: 1006487375 ns, Reaching safepoint: 407500 ns, At safepoint: 12125 ns, Total: 419625 ns
[2025-09-22T06:25:59.903+0000][68][safepoint   ] Safepoint "Cleanup", Time since last: 2005318293 ns, Reaching safepoint: 883000 ns, At safepoint: 8666 ns, Total: 891666 ns
[2025-09-22T06:26:01.907+0000][68][safepoint   ] Safepoint "Cleanup", Time since last: 2004110460 ns, Reaching safepoint: 177750 ns, At safepoint: 5541 ns, Total: 183291 ns
[2025-09-22T06:26:02.909+0000][68][safepoint   ] Safepoint "Cleanup", Time since last: 1001616209 ns, Reaching safepoint: 632500 ns, At safepoint: 9625 ns, Total: 642125 ns
[2025-09-22T06:26:03.912+0000][68][safepoint   ] Safepoint "Cleanup", Time since last: 1002584167 ns, Reaching safepoint: 355375 ns, At safepoint: 6500 ns, Total: 361875 ns
[2025-09-22T06:26:05.923+0000][68][safepoint   ] Safepoint "Cleanup", Time since last: 2010215293 ns, Reaching safepoint: 559250 ns, At safepoint: 15833 ns, Total: 575083 ns
[2025-09-22T06:26:08.929+0000][68][safepoint   ] Safepoint "Cleanup", Time since last: 3002854960 ns, Reaching safepoint: 3048583 ns, At safepoint: 13209 ns, Total: 3061792 ns
[2025-09-22T06:26:09.932+0000][68][safepoint   ] Safepoint "Cleanup", Time since last: 1001927624 ns, Reaching safepoint: 323875 ns, At safepoint: 10959 ns, Total: 334834 ns
[2025-09-22T06:26:11.941+0000][68][safepoint   ] Safepoint "Cleanup", Time since last: 2009366376 ns, Reaching safepoint: 141083 ns, At safepoint: 10792 ns, Total: 151875 ns
[2025-09-22T06:26:12.947+0000][68][safepoint   ] Safepoint "Cleanup", Time since last: 1005482958 ns, Reaching safepoint: 110917 ns, At safepoint: 11500 ns, Total: 122417 ns
[2025-09-22T06:26:14.949+0000][68][safepoint   ] Safepoint "Cleanup", Time since last: 2001786584 ns, Reaching safepoint: 231292 ns, At safepoint: 20583 ns, Total: 251875 ns
[2025-09-22T06:26:15.951+0000][68][safepoint   ] Safepoint "Cleanup", Time since last: 1001743501 ns, Reaching safepoint: 137458 ns, At safepoint: 6708 ns, Total: 144166 ns
[2025-09-22T06:26:16.951+0000][68][safepoint   ] Safepoint "Cleanup", Time since last: 1000602751 ns, Reaching safepoint: 113167 ns, At safepoint: 4583 ns, Total: 117750 ns
[2025-09-22T06:26:17.955+0000][68][safepoint   ] Safepoint "Cleanup", Time since last: 1002463834 ns, Reaching safepoint: 1286166 ns, At safepoint: 44209 ns, Total: 1330375 ns
[2025-09-22T06:26:19.972+0000][68][safepoint   ] Safepoint "Cleanup", Time since last: 2016188542 ns, Reaching safepoint: 294417 ns, At safepoint: 7250 ns, Total: 301667 ns
[2025-09-22T06:26:20.973+0000][68][safepoint   ] Safepoint "Cleanup", Time since last: 1000645584 ns, Reaching safepoint: 247208 ns, At safepoint: 7375 ns, Total: 254583 ns
[2025-09-22T06:26:21.974+0000][68][safepoint   ] Safepoint "Cleanup", Time since last: 1000704459 ns, Reaching safepoint: 410958 ns, At safepoint: 11500 ns, Total: 422458 ns
[2025-09-22T06:26:22.975+0000][68][safepoint   ] Safepoint "Cleanup", Time since last: 1000775417 ns, Reaching safepoint: 214500 ns, At safepoint: 8792 ns, Total: 223292 ns
[2025-09-22T06:26:23.976+0000][68][safepoint   ] Safepoint "Cleanup", Time since last: 1000689126 ns, Reaching safepoint: 232958 ns, At safepoint: 10917 ns, Total: 243875 ns
[2025-09-22T06:26:26.979+0000][68][safepoint   ] Safepoint "Cleanup", Time since last: 3002833459 ns, Reaching safepoint: 182625 ns, At safepoint: 5459 ns, Total: 188084 ns
[2025-09-22T06:26:27.982+0000][68][safepoint   ] Safepoint "Cleanup", Time since last: 1002679375 ns, Reaching safepoint: 275709 ns, At safepoint: 8500 ns, Total: 284209 ns
[2025-09-22T06:26:29.983+0000][68][safepoint   ] Safepoint "Cleanup", Time since last: 2001097167 ns, Reaching safepoint: 311458 ns, At safepoint: 13709 ns, Total: 325167 ns
[2025-09-22T06:26:31.986+0000][68][safepoint   ] Safepoint "Cleanup", Time since last: 2002268292 ns, Reaching safepoint: 980125 ns, At safepoint: 39542 ns, Total: 1019667 ns
[2025-09-22T06:26:32.383+0000][68][safepoint   ] Safepoint "ICBufferFull", Time since last: 396744917 ns, Reaching safepoint: 424750 ns, At safepoint: 5458 ns, Total: 430208 ns
[2025-09-22T06:26:33.385+0000][68][safepoint   ] Safepoint "Cleanup", Time since last: 1000853709 ns, Reaching safepoint: 169417 ns, At safepoint: 5250 ns, Total: 174667 ns
[2025-09-22T06:26:35.178+0000][68][safepoint   ] Safepoint "Cleanup", Time since last: 1793470126 ns, Reaching safepoint: 148208 ns, At safepoint: 10000 ns, Total: 158208 ns
[2025-09-22T06:26:36.181+0000][68][safepoint   ] Safepoint "Cleanup", Time since last: 1002158875 ns, Reaching safepoint: 217709 ns, At safepoint: 24000 ns, Total: 241709 ns
[2025-09-22T06:26:38.184+0000][68][safepoint   ] Safepoint "Cleanup", Time since last: 2003291084 ns, Reaching safepoint: 610333 ns, At safepoint: 15167 ns, Total: 625500 ns
[2025-09-22T06:26:39.190+0000][68][safepoint   ] Safepoint "Cleanup", Time since last: 1004860667 ns, Reaching safepoint: 1035542 ns, At safepoint: 48000 ns, Total: 1083542 ns
[2025-09-22T06:26:41.182+0000][68][safepoint   ] Safepoint "Cleanup", Time since last: 2001343167 ns, Reaching safepoint: 199209 ns, At safepoint: 10583 ns, Total: 209792 ns
[2025-09-22T06:26:42.185+0000][68][safepoint   ] Safepoint "Cleanup", Time since last: 1002319584 ns, Reaching safepoint: 120500 ns, At safepoint: 5416 ns, Total: 125916 ns
[2025-09-22T06:26:44.383+0000][68][safepoint   ] Safepoint "Cleanup", Time since last: 2195231001 ns, Reaching safepoint: 273917 ns, At safepoint: 3313500 ns, Total: 3587417 ns
[2025-09-22T06:26:45.386+0000][68][safepoint   ] Safepoint "Cleanup", Time since last: 1003014501 ns, Reaching safepoint: 123000 ns, At safepoint: 4166 ns, Total: 127166 ns
[2025-09-22T06:26:47.390+0000][68][safepoint   ] Safepoint "Cleanup", Time since last: 2003054334 ns, Reaching safepoint: 138000 ns, At safepoint: 6000 ns, Total: 144000 ns
[2025-09-22T06:26:50.413+0000][68][safepoint   ] Safepoint "Cleanup", Time since last: 3018689752 ns, Reaching safepoint: 4236042 ns, At safepoint: 18083 ns, Total: 4254125 ns
[2025-09-22T06:26:51.418+0000][68][safepoint   ] Safepoint "Cleanup", Time since last: 1000752084 ns, Reaching safepoint: 5008916 ns, At safepoint: 13667 ns, Total: 5022583 ns
[2025-09-22T06:26:53.431+0000][68][safepoint   ] Safepoint "Cleanup", Time since last: 2011960334 ns, Reaching safepoint: 131209 ns, At safepoint: 7833 ns, Total: 139042 ns
[2025-09-22T06:26:54.431+0000][68][safepoint   ] Safepoint "Cleanup", Time since last: 1000868500 ns, Reaching safepoint: 101417 ns, At safepoint: 6708 ns, Total: 108125 ns
[2025-09-22T06:26:56.435+0000][68][safepoint   ] Safepoint "Cleanup", Time since last: 2003118335 ns, Reaching safepoint: 222750 ns, At safepoint: 10916 ns, Total: 233666 ns
[2025-09-22T06:26:57.436+0000][68][safepoint   ] Safepoint "Cleanup", Time since last: 1000586751 ns, Reaching safepoint: 176458 ns, At safepoint: 11625 ns, Total: 188083 ns
[2025-09-22T06:26:59.439+0000][68][safepoint   ] Safepoint "Cleanup", Time since last: 2003180835 ns, Reaching safepoint: 273958 ns, At safepoint: 11458 ns, Total: 285416 ns
[2025-09-22T06:27:02.452+0000][68][safepoint   ] Safepoint "Cleanup", Time since last: 3011853460 ns, Reaching safepoint: 606625 ns, At safepoint: 16958 ns, Total: 623583 ns
[2025-09-22T06:27:03.454+0000][68][safepoint   ] Safepoint "Cleanup", Time since last: 1002503959 ns, Reaching safepoint: 176833 ns, At safepoint: 6250 ns, Total: 183083 ns
[2025-09-22T06:27:08.476+0000][68][safepoint   ] Safepoint "Cleanup", Time since last: 5014579503 ns, Reaching safepoint: 7205417 ns, At safepoint: 24125 ns, Total: 7229542 ns
[2025-09-22T06:27:09.482+0000][68][safepoint   ] Safepoint "Cleanup", Time since last: 1005641583 ns, Reaching safepoint: 603209 ns, At safepoint: 10083 ns, Total: 613292 ns
[2025-09-22T06:27:11.494+0000][68][safepoint   ] Safepoint "Cleanup", Time since last: 2002434667 ns, Reaching safepoint: 1120666 ns, At safepoint: 25750 ns, Total: 1146416 ns
[2025-09-22T06:27:12.496+0000][68][safepoint   ] Safepoint "Cleanup", Time since last: 1001535251 ns, Reaching safepoint: 239541 ns, At safepoint: 8625 ns, Total: 248166 ns
[2025-09-22T06:27:14.207+0000][68][gc,start    ] GC(20) Pause Young (Normal) (G1 Evacuation Pause)
[2025-09-22T06:27:14.209+0000][68][gc,task     ] GC(20) Using 8 workers of 8 for evacuation
[2025-09-22T06:27:14.209+0000][68][gc,age      ] GC(20) Desired survivor size 20971520 bytes, new threshold 15 (max threshold 15)
[2025-09-22T06:27:14.326+0000][68][gc,phases   ] GC(20)   Pre Evacuate Collection Set: 0.8ms
[2025-09-22T06:27:14.326+0000][68][gc,phases   ] GC(20)   Merge Heap Roots: 0.2ms
[2025-09-22T06:27:14.327+0000][68][gc,phases   ] GC(20)   Evacuate Collection Set: 103.8ms
[2025-09-22T06:27:14.327+0000][68][gc,phases   ] GC(20)   Post Evacuate Collection Set: 10.8ms
[2025-09-22T06:27:14.327+0000][68][gc,phases   ] GC(20)   Other: 2.9ms
[2025-09-22T06:27:14.327+0000][68][gc,age      ] GC(20) Age table with threshold 15 (max threshold 15)
[2025-09-22T06:27:14.328+0000][68][gc,age      ] GC(20) - age   1:    1232400 bytes,    1232400 total
[2025-09-22T06:27:14.328+0000][68][gc,age      ] GC(20) - age   2:     862096 bytes,    2094496 total
[2025-09-22T06:27:14.328+0000][68][gc,age      ] GC(20) - age   3:    1982088 bytes,    4076584 total
[2025-09-22T06:27:14.328+0000][68][gc,age      ] GC(20) - age   4:    2136248 bytes,    6212832 total
[2025-09-22T06:27:14.328+0000][68][gc,age      ] GC(20) - age   5:    4473528 bytes,   10686360 total
[2025-09-22T06:27:14.328+0000][68][gc,heap     ] GC(20) Eden regions: 71->0(73)
[2025-09-22T06:27:14.328+0000][68][gc,heap     ] GC(20) Survivor regions: 4->3(10)
[2025-09-22T06:27:14.328+0000][68][gc,heap     ] GC(20) Old regions: 22->22
[2025-09-22T06:27:14.328+0000][68][gc,heap     ] GC(20) Archive regions: 2->2
[2025-09-22T06:27:14.328+0000][68][gc,heap     ] GC(20) Humongous regions: 0->0
[2025-09-22T06:27:14.328+0000][68][gc,metaspace] GC(20) Metaspace: 134153K(137664K)->134153K(137664K) NonClass: 116595K(118400K)->116595K(118400K) Class: 17558K(19264K)->17558K(19264K)
[2025-09-22T06:27:14.328+0000][68][gc          ] GC(20) Pause Young (Normal) (G1 Evacuation Pause) 386M->102M(512M) 121.792ms
[2025-09-22T06:27:14.329+0000][68][gc,cpu      ] GC(20) User=0.30s Sys=0.02s Real=0.13s
[2025-09-22T06:27:14.329+0000][68][safepoint   ] Safepoint "G1CollectForAllocation", Time since last: 1707865376 ns, Reaching safepoint: 1633709 ns, At safepoint: 123008250 ns, Total: 124641959 ns
[2025-09-22T06:27:15.330+0000][68][safepoint   ] Safepoint "Cleanup", Time since last: 1001311500 ns, Reaching safepoint: 168417 ns, At safepoint: 9625 ns, Total: 178042 ns
[2025-09-22T06:27:16.390+0000][68][safepoint   ] Safepoint "Cleanup", Time since last: 1055519917 ns, Reaching safepoint: 4553750 ns, At safepoint: 17375 ns, Total: 4571125 ns
[2025-09-22T06:27:17.426+0000][68][safepoint   ] Safepoint "Cleanup", Time since last: 1035761125 ns, Reaching safepoint: 273167 ns, At safepoint: 13833 ns, Total: 287000 ns
[2025-09-22T06:27:18.429+0000][68][safepoint   ] Safepoint "Cleanup", Time since last: 1001013418 ns, Reaching safepoint: 1546708 ns, At safepoint: 23292 ns, Total: 1570000 ns
[2025-09-22T06:27:20.431+0000][68][safepoint   ] Safepoint "Cleanup", Time since last: 2002003584 ns, Reaching safepoint: 519583 ns, At safepoint: 14250 ns, Total: 533833 ns
[2025-09-22T06:27:21.434+0000][68][safepoint   ] Safepoint "Cleanup", Time since last: 1001449417 ns, Reaching safepoint: 1170417 ns, At safepoint: 12667 ns, Total: 1183084 ns
[2025-09-22T06:27:22.435+0000][68][safepoint   ] Safepoint "Cleanup", Time since last: 1000839084 ns, Reaching safepoint: 139375 ns, At safepoint: 9125 ns, Total: 148500 ns
[2025-09-22T06:27:23.440+0000][68][safepoint   ] Safepoint "Cleanup", Time since last: 1001033125 ns, Reaching safepoint: 3388292 ns, At safepoint: 19166 ns, Total: 3407458 ns
[2025-09-22T06:27:26.444+0000][68][safepoint   ] Safepoint "Cleanup", Time since last: 3004385293 ns, Reaching safepoint: 204042 ns, At safepoint: 7500 ns, Total: 211542 ns
[2025-09-22T06:27:27.445+0000][68][safepoint   ] Safepoint "Cleanup", Time since last: 1000830792 ns, Reaching safepoint: 232584 ns, At safepoint: 11958 ns, Total: 244542 ns
[2025-09-22T06:27:28.447+0000][68][safepoint   ] Safepoint "Cleanup", Time since last: 1001777625 ns, Reaching safepoint: 219167 ns, At safepoint: 7792 ns, Total: 226959 ns
[2025-09-22T06:27:32.452+0000][68][safepoint   ] Safepoint "Cleanup", Time since last: 4004501293 ns, Reaching safepoint: 227417 ns, At safepoint: 29167 ns, Total: 256584 ns
[2025-09-22T06:27:35.580+0000][68][safepoint   ] Safepoint "Cleanup", Time since last: 3027543001 ns, Reaching safepoint: 88398750 ns, At safepoint: 9464208 ns, Total: 97862958 ns
[2025-09-22T06:27:37.652+0000][68][safepoint   ] Safepoint "Cleanup", Time since last: 2073581418 ns, Reaching safepoint: 645958 ns, At safepoint: 14542 ns, Total: 660500 ns
[2025-09-22T06:27:38.653+0000][68][safepoint   ] Safepoint "Cleanup", Time since last: 1001363209 ns, Reaching safepoint: 99375 ns, At safepoint: 9750 ns, Total: 109125 ns
[2025-09-22T06:27:44.662+0000][68][safepoint   ] Safepoint "Cleanup", Time since last: 6004932918 ns, Reaching safepoint: 1725292 ns, At safepoint: 19042 ns, Total: 1744334 ns
[2025-09-22T06:27:46.665+0000][68][safepoint   ] Safepoint "Cleanup", Time since last: 2003168001 ns, Reaching safepoint: 206500 ns, At safepoint: 10875 ns, Total: 217375 ns
[2025-09-22T06:27:47.666+0000][68][safepoint   ] Safepoint "Cleanup", Time since last: 1000760959 ns, Reaching safepoint: 161916 ns, At safepoint: 9667 ns, Total: 171583 ns
[2025-09-22T06:27:49.673+0000][68][safepoint   ] Safepoint "Cleanup", Time since last: 2005882626 ns, Reaching safepoint: 500583 ns, At safepoint: 13917 ns, Total: 514500 ns
[2025-09-22T06:27:50.674+0000][68][safepoint   ] Safepoint "Cleanup", Time since last: 1000423875 ns, Reaching safepoint: 1130375 ns, At safepoint: 12042 ns, Total: 1142417 ns
[2025-09-22T06:27:51.677+0000][68][safepoint   ] Safepoint "Cleanup", Time since last: 1000904667 ns, Reaching safepoint: 1665750 ns, At safepoint: 6959 ns, Total: 1672709 ns
[2025-09-22T06:27:52.682+0000][68][safepoint   ] Safepoint "Cleanup", Time since last: 1004410542 ns, Reaching safepoint: 444208 ns, At safepoint: 10292 ns, Total: 454500 ns
[2025-09-22T06:27:53.683+0000][68][safepoint   ] Safepoint "Cleanup", Time since last: 1001465042 ns, Reaching safepoint: 176458 ns, At safepoint: 9167 ns, Total: 185625 ns
[2025-09-22T06:27:56.687+0000][68][safepoint   ] Safepoint "Cleanup", Time since last: 3002810210 ns, Reaching safepoint: 463916 ns, At safepoint: 19417 ns, Total: 483333 ns
[2025-09-22T06:27:57.688+0000][68][safepoint   ] Safepoint "Cleanup", Time since last: 1000793417 ns, Reaching safepoint: 641792 ns, At safepoint: 26916 ns, Total: 668708 ns
[2025-09-22T06:27:59.691+0000][68][safepoint   ] Safepoint "Cleanup", Time since last: 2002527335 ns, Reaching safepoint: 434291 ns, At safepoint: 41042 ns, Total: 475333 ns
[2025-09-22T06:28:02.695+0000][68][safepoint   ] Safepoint "Cleanup", Time since last: 3004123126 ns, Reaching safepoint: 243084 ns, At safepoint: 10416 ns, Total: 253500 ns
[2025-09-22T06:28:03.699+0000][68][safepoint   ] Safepoint "Cleanup", Time since last: 1002279626 ns, Reaching safepoint: 940208 ns, At safepoint: 10625 ns, Total: 950833 ns
[2025-09-22T06:28:04.702+0000][68][safepoint   ] Safepoint "Cleanup", Time since last: 1002474084 ns, Reaching safepoint: 387917 ns, At safepoint: 14916 ns, Total: 402833 ns
[2025-09-22T06:28:05.704+0000][68][safepoint   ] Safepoint "Cleanup", Time since last: 1002594668 ns, Reaching safepoint: 164291 ns, At safepoint: 7709 ns, Total: 172000 ns
[2025-09-22T06:28:06.705+0000][68][safepoint   ] Safepoint "Cleanup", Time since last: 1000917917 ns, Reaching safepoint: 104000 ns, At safepoint: 10208 ns, Total: 114208 ns
[2025-09-22T06:28:08.711+0000][68][safepoint   ] Safepoint "Cleanup", Time since last: 2005146376 ns, Reaching safepoint: 474208 ns, At safepoint: 207459 ns, Total: 681667 ns
[2025-09-22T06:28:13.716+0000][68][safepoint   ] Safepoint "Cleanup", Time since last: 5003193127 ns, Reaching safepoint: 519625 ns, At safepoint: 98041 ns, Total: 617666 ns
[2025-09-22T06:28:14.721+0000][68][safepoint   ] Safepoint "Cleanup", Time since last: 1004677209 ns, Reaching safepoint: 696042 ns, At safepoint: 11417 ns, Total: 707459 ns
[2025-09-22T06:28:15.724+0000][68][safepoint   ] Safepoint "Cleanup", Time since last: 1002747667 ns, Reaching safepoint: 267833 ns, At safepoint: 5417 ns, Total: 273250 ns
[2025-09-22T06:28:16.725+0000][68][safepoint   ] Safepoint "Cleanup", Time since last: 1000761167 ns, Reaching safepoint: 440958 ns, At safepoint: 17375 ns, Total: 458333 ns
[2025-09-22T06:28:17.736+0000][68][safepoint   ] Safepoint "Cleanup", Time since last: 1010484542 ns, Reaching safepoint: 866584 ns, At safepoint: 11333 ns, Total: 877917 ns
[2025-09-22T06:28:20.744+0000][68][safepoint   ] Safepoint "Cleanup", Time since last: 3006147543 ns, Reaching safepoint: 1106958 ns, At safepoint: 19125 ns, Total: 1126083 ns
[2025-09-22T06:28:31.776+0000][68][safepoint   ] Safepoint "Cleanup", Time since last: 11028621464 ns, Reaching safepoint: 3881458 ns, At safepoint: 111000 ns, Total: 3992458 ns
[2025-09-22T06:28:33.590+0000][68][safepoint   ] Safepoint "Cleanup", Time since last: 1810343418 ns, Reaching safepoint: 3377500 ns, At safepoint: 19583 ns, Total: 3397083 ns
[2025-09-22T06:28:34.038+0000][68][gc,heap,exit] Heap
[2025-09-22T06:28:34.038+0000][68][gc,heap,exit]  garbage-first heap   total 524288K, used 327460K [0x00000000e0000000, 0x0000000100000000)
[2025-09-22T06:28:34.039+0000][68][gc,heap,exit]   region size 4096K, 58 young (237568K), 3 survivors (12288K)
[2025-09-22T06:28:34.039+0000][68][gc,heap,exit]  Metaspace       used 135421K, committed 138880K, reserved 1179648K
[2025-09-22T06:28:34.039+0000][68][gc,heap,exit]   class space    used 17699K, committed 19392K, reserved 1048576K
