[2025-09-22T06:19:00.721+0000][68][gc,init] CardTable entry size: 512
[2025-09-22T06:19:00.722+0000][68][gc     ] Using G1
[2025-09-22T06:19:01.135+0000][68][gc,init] Version: 19.0.1+10-21 (release)
[2025-09-22T06:19:01.137+0000][68][gc,init] CPUs: 8 total, 8 available
[2025-09-22T06:19:01.138+0000][68][gc,init] Memory: 7837M
[2025-09-22T06:19:01.138+0000][68][gc,init] Large Page Support: Disabled
[2025-09-22T06:19:01.138+0000][68][gc,init] NUMA Support: Disabled
[2025-09-22T06:19:01.138+0000][68][gc,init] Compressed Oops: Enabled (32-bit)
[2025-09-22T06:19:01.138+0000][68][gc,init] Heap Region Size: 4M
[2025-09-22T06:19:01.138+0000][68][gc,init] Heap Min Capacity: 512M
[2025-09-22T06:19:01.138+0000][68][gc,init] Heap Initial Capacity: 512M
[2025-09-22T06:19:01.138+0000][68][gc,init] Heap Max Capacity: 512M
[2025-09-22T06:19:01.138+0000][68][gc,init] Pre-touch: Enabled
[2025-09-22T06:19:01.138+0000][68][gc,init] Parallel Workers: 8
[2025-09-22T06:19:01.138+0000][68][gc,init] Concurrent Workers: 2
[2025-09-22T06:19:01.138+0000][68][gc,init] Concurrent Refinement Workers: 8
[2025-09-22T06:19:01.138+0000][68][gc,init] Periodic GC: Disabled
[2025-09-22T06:19:01.139+0000][68][gc,metaspace] CDS archive(s) mapped at: [0x0000000800000000-0x0000000800c60000-0x0000000800c60000), size 12976128, SharedBaseAddress: 0x0000000800000000, ArchiveRelocationMode: 0.
[2025-09-22T06:19:01.141+0000][68][gc,metaspace] Compressed class space mapped at: 0x0000000801000000-0x0000000841000000, reserved size: 1073741824
[2025-09-22T06:19:01.141+0000][68][gc,metaspace] Narrow klass base: 0x0000000800000000, Narrow klass shift: 0, Narrow klass range: 0x100000000
[2025-09-22T06:19:01.370+0000][68][safepoint   ] Safepoint "ICBufferFull", Time since last: 213216542 ns, Reaching safepoint: 898875 ns, At safepoint: 15125 ns, Total: 914000 ns
[2025-09-22T06:19:01.629+0000][68][gc,start    ] GC(0) Pause Young (Normal) (G1 Evacuation Pause)
[2025-09-22T06:19:01.629+0000][68][gc,task     ] GC(0) Using 8 workers of 8 for evacuation
[2025-09-22T06:19:01.630+0000][68][gc,age      ] GC(0) Desired survivor size 2097152 bytes, new threshold 15 (max threshold 15)
[2025-09-22T06:19:01.633+0000][68][gc,phases   ] GC(0)   Pre Evacuate Collection Set: 0.1ms
[2025-09-22T06:19:01.636+0000][68][gc,phases   ] GC(0)   Merge Heap Roots: 0.2ms
[2025-09-22T06:19:01.636+0000][68][gc,phases   ] GC(0)   Evacuate Collection Set: 2.9ms
[2025-09-22T06:19:01.636+0000][68][gc,phases   ] GC(0)   Post Evacuate Collection Set: 0.5ms
[2025-09-22T06:19:01.636+0000][68][gc,phases   ] GC(0)   Other: 0.3ms
[2025-09-22T06:19:01.636+0000][68][gc,age      ] GC(0) Age table with threshold 15 (max threshold 15)
[2025-09-22T06:19:01.636+0000][68][gc,age      ] GC(0) - age   1:    3060504 bytes,    3060504 total
[2025-09-22T06:19:01.636+0000][68][gc,heap     ] GC(0) Eden regions: 6->0(20)
[2025-09-22T06:19:01.636+0000][68][gc,heap     ] GC(0) Survivor regions: 0->1(1)
[2025-09-22T06:19:01.636+0000][68][gc,heap     ] GC(0) Old regions: 0->0
[2025-09-22T06:19:01.636+0000][68][gc,heap     ] GC(0) Archive regions: 2->2
[2025-09-22T06:19:01.636+0000][68][gc,heap     ] GC(0) Humongous regions: 0->0
[2025-09-22T06:19:01.636+0000][68][gc,metaspace] GC(0) Metaspace: 2385K(2560K)->2385K(2560K) NonClass: 2170K(2240K)->2170K(2240K) Class: 214K(320K)->214K(320K)
[2025-09-22T06:19:01.636+0000][68][gc          ] GC(0) Pause Young (Normal) (G1 Evacuation Pause) 28M->7M(512M) 7.380ms
[2025-09-22T06:19:01.637+0000][68][gc,cpu      ] GC(0) User=0.01s Sys=0.00s Real=0.01s
[2025-09-22T06:19:01.637+0000][68][safepoint   ] Safepoint "G1CollectForAllocation", Time since last: 258841333 ns, Reaching safepoint: 258917 ns, At safepoint: 7541541 ns, Total: 7800458 ns
[2025-09-22T06:19:01.994+0000][68][safepoint   ] Safepoint "ICBufferFull", Time since last: 357576876 ns, Reaching safepoint: 143166 ns, At safepoint: 2375 ns, Total: 145541 ns
[2025-09-22T06:19:02.338+0000][68][safepoint   ] Safepoint "ICBufferFull", Time since last: 343830209 ns, Reaching safepoint: 242291 ns, At safepoint: 10542 ns, Total: 252833 ns
[2025-09-22T06:19:02.477+0000][68][safepoint   ] Safepoint "ICBufferFull", Time since last: 138381375 ns, Reaching safepoint: 145708 ns, At safepoint: 2125 ns, Total: 147833 ns
[2025-09-22T06:19:02.804+0000][68][safepoint   ] Safepoint "ICBufferFull", Time since last: 326399584 ns, Reaching safepoint: 206750 ns, At safepoint: 3833 ns, Total: 210583 ns
[2025-09-22T06:19:03.242+0000][68][safepoint   ] Safepoint "ICBufferFull", Time since last: 438028334 ns, Reaching safepoint: 333666 ns, At safepoint: 5459 ns, Total: 339125 ns
[2025-09-22T06:19:03.606+0000][68][safepoint   ] Safepoint "ICBufferFull", Time since last: 364224792 ns, Reaching safepoint: 221958 ns, At safepoint: 10833 ns, Total: 232791 ns
[2025-09-22T06:19:04.501+0000][68][safepoint   ] Safepoint "ICBufferFull", Time since last: 894714292 ns, Reaching safepoint: 267042 ns, At safepoint: 8333 ns, Total: 275375 ns
[2025-09-22T06:19:04.502+0000][68][safepoint   ] Safepoint "ICBufferFull", Time since last: 589459 ns, Reaching safepoint: 21750 ns, At safepoint: 1708 ns, Total: 23458 ns
[2025-09-22T06:19:04.716+0000][68][gc,start    ] GC(1) Pause Young (Normal) (G1 Evacuation Pause)
[2025-09-22T06:19:04.717+0000][68][gc,task     ] GC(1) Using 8 workers of 8 for evacuation
[2025-09-22T06:19:04.717+0000][68][gc,age      ] GC(1) Desired survivor size 6291456 bytes, new threshold 15 (max threshold 15)
[2025-09-22T06:19:04.756+0000][68][gc,phases   ] GC(1)   Pre Evacuate Collection Set: 0.2ms
[2025-09-22T06:19:04.756+0000][68][gc,phases   ] GC(1)   Merge Heap Roots: 0.1ms
[2025-09-22T06:19:04.756+0000][68][gc,phases   ] GC(1)   Evacuate Collection Set: 30.9ms
[2025-09-22T06:19:04.756+0000][68][gc,phases   ] GC(1)   Post Evacuate Collection Set: 7.5ms
[2025-09-22T06:19:04.756+0000][68][gc,phases   ] GC(1)   Other: 0.4ms
[2025-09-22T06:19:04.757+0000][68][gc,age      ] GC(1) Age table with threshold 15 (max threshold 15)
[2025-09-22T06:19:04.757+0000][68][gc,age      ] GC(1) - age   1:    5686088 bytes,    5686088 total
[2025-09-22T06:19:04.757+0000][68][gc,age      ] GC(1) - age   2:    3020336 bytes,    8706424 total
[2025-09-22T06:19:04.758+0000][68][gc,heap     ] GC(1) Eden regions: 20->0(41)
[2025-09-22T06:19:04.761+0000][68][gc,heap     ] GC(1) Survivor regions: 1->3(3)
[2025-09-22T06:19:04.762+0000][68][gc,heap     ] GC(1) Old regions: 0->0
[2025-09-22T06:19:04.762+0000][68][gc,heap     ] GC(1) Archive regions: 2->2
[2025-09-22T06:19:04.762+0000][68][gc,heap     ] GC(1) Humongous regions: 0->0
[2025-09-22T06:19:04.762+0000][68][gc,metaspace] GC(1) Metaspace: 16421K(16896K)->16421K(16896K) NonClass: 14554K(14784K)->14554K(14784K) Class: 1867K(2112K)->1867K(2112K)
[2025-09-22T06:19:04.763+0000][68][gc          ] GC(1) Pause Young (Normal) (G1 Evacuation Pause) 87M->12M(512M) 46.817ms
[2025-09-22T06:19:04.772+0000][68][gc,cpu      ] GC(1) User=0.07s Sys=0.01s Real=0.05s
[2025-09-22T06:19:04.775+0000][68][safepoint   ] Safepoint "G1CollectForAllocation", Time since last: 214006958 ns, Reaching safepoint: 180000 ns, At safepoint: 58691042 ns, Total: 58871042 ns
[2025-09-22T06:19:05.247+0000][68][safepoint   ] Safepoint "ICBufferFull", Time since last: 471363584 ns, Reaching safepoint: 520458 ns, At safepoint: 40208 ns, Total: 560666 ns
[2025-09-22T06:19:05.869+0000][68][safepoint   ] Safepoint "ICBufferFull", Time since last: 621935126 ns, Reaching safepoint: 243083 ns, At safepoint: 12125 ns, Total: 255208 ns
[2025-09-22T06:19:06.219+0000][68][safepoint   ] Safepoint "ICBufferFull", Time since last: 349755417 ns, Reaching safepoint: 310625 ns, At safepoint: 4292 ns, Total: 314917 ns
[2025-09-22T06:19:06.397+0000][68][gc,start    ] GC(2) Pause Young (Concurrent Start) (Metadata GC Threshold)
[2025-09-22T06:19:06.397+0000][68][gc,task     ] GC(2) Using 8 workers of 8 for evacuation
[2025-09-22T06:19:06.397+0000][68][gc,age      ] GC(2) Desired survivor size 12582912 bytes, new threshold 15 (max threshold 15)
[2025-09-22T06:19:06.416+0000][68][gc,phases   ] GC(2)   Pre Evacuate Collection Set: 0.2ms
[2025-09-22T06:19:06.416+0000][68][gc,phases   ] GC(2)   Merge Heap Roots: 0.1ms
[2025-09-22T06:19:06.416+0000][68][gc,phases   ] GC(2)   Evacuate Collection Set: 17.3ms
[2025-09-22T06:19:06.416+0000][68][gc,phases   ] GC(2)   Post Evacuate Collection Set: 1.4ms
[2025-09-22T06:19:06.416+0000][68][gc,phases   ] GC(2)   Other: 0.3ms
[2025-09-22T06:19:06.416+0000][68][gc,age      ] GC(2) Age table with threshold 15 (max threshold 15)
[2025-09-22T06:19:06.417+0000][68][gc,age      ] GC(2) - age   1:    3323160 bytes,    3323160 total
[2025-09-22T06:19:06.417+0000][68][gc,age      ] GC(2) - age   2:    4835456 bytes,    8158616 total
[2025-09-22T06:19:06.417+0000][68][gc,age      ] GC(2) - age   3:    3019480 bytes,   11178096 total
[2025-09-22T06:19:06.417+0000][68][gc,heap     ] GC(2) Eden regions: 34->0(73)
[2025-09-22T06:19:06.417+0000][68][gc,heap     ] GC(2) Survivor regions: 3->3(6)
[2025-09-22T06:19:06.417+0000][68][gc,heap     ] GC(2) Old regions: 0->0
[2025-09-22T06:19:06.417+0000][68][gc,heap     ] GC(2) Archive regions: 2->2
[2025-09-22T06:19:06.417+0000][68][gc,heap     ] GC(2) Humongous regions: 0->0
[2025-09-22T06:19:06.417+0000][68][gc,metaspace] GC(2) Metaspace: 21029K(21504K)->21029K(21504K) NonClass: 18717K(18944K)->18717K(18944K) Class: 2312K(2560K)->2312K(2560K)
[2025-09-22T06:19:06.417+0000][68][gc          ] GC(2) Pause Young (Concurrent Start) (Metadata GC Threshold) 146M->15M(512M) 20.633ms
[2025-09-22T06:19:06.417+0000][68][gc,cpu      ] GC(2) User=0.07s Sys=0.00s Real=0.02s
[2025-09-22T06:19:06.417+0000][68][gc          ] GC(3) Concurrent Mark Cycle
[2025-09-22T06:19:06.418+0000][68][gc,marking  ] GC(3) Concurrent Clear Claimed Marks
[2025-09-22T06:19:06.417+0000][68][safepoint   ] Safepoint "CollectForMetadataAllocation", Time since last: 177260000 ns, Reaching safepoint: 202083 ns, At safepoint: 20932250 ns, Total: 21134333 ns
[2025-09-22T06:19:06.418+0000][68][gc,marking  ] GC(3) Concurrent Clear Claimed Marks 0.136ms
[2025-09-22T06:19:06.418+0000][68][gc,marking  ] GC(3) Concurrent Scan Root Regions
[2025-09-22T06:19:06.422+0000][68][gc,marking  ] GC(3) Concurrent Scan Root Regions 4.285ms
[2025-09-22T06:19:06.422+0000][68][gc,marking  ] GC(3) Concurrent Mark
[2025-09-22T06:19:06.422+0000][68][gc,marking  ] GC(3) Concurrent Mark From Roots
[2025-09-22T06:19:06.423+0000][68][gc,task     ] GC(3) Using 2 workers of 2 for marking
[2025-09-22T06:19:06.423+0000][68][gc,marking  ] GC(3) Concurrent Mark From Roots 0.886ms
[2025-09-22T06:19:06.423+0000][68][gc,marking  ] GC(3) Concurrent Preclean
[2025-09-22T06:19:06.424+0000][68][gc,marking  ] GC(3) Concurrent Preclean 0.095ms
[2025-09-22T06:19:06.427+0000][68][gc,start    ] GC(3) Pause Remark
[2025-09-22T06:19:06.430+0000][68][gc          ] GC(3) Pause Remark 17M->17M(512M) 2.762ms
[2025-09-22T06:19:06.430+0000][68][gc,cpu      ] GC(3) User=0.00s Sys=0.00s Real=0.00s
[2025-09-22T06:19:06.430+0000][68][safepoint   ] Safepoint "G1PauseRemark", Time since last: 8329292 ns, Reaching safepoint: 1244333 ns, At safepoint: 2952208 ns, Total: 4196541 ns
[2025-09-22T06:19:06.431+0000][68][gc,marking  ] GC(3) Concurrent Mark 8.854ms
[2025-09-22T06:19:06.431+0000][68][gc,marking  ] GC(3) Concurrent Rebuild Remembered Sets
[2025-09-22T06:19:06.431+0000][68][gc,marking  ] GC(3) Concurrent Rebuild Remembered Sets 0.102ms
[2025-09-22T06:19:06.435+0000][68][gc,start    ] GC(3) Pause Cleanup
[2025-09-22T06:19:06.435+0000][68][gc          ] GC(3) Pause Cleanup 17M->17M(512M) 0.107ms
[2025-09-22T06:19:06.435+0000][68][gc,cpu      ] GC(3) User=0.00s Sys=0.00s Real=0.00s
[2025-09-22T06:19:06.435+0000][68][safepoint   ] Safepoint "G1PauseCleanup", Time since last: 4194334 ns, Reaching safepoint: 845208 ns, At safepoint: 220000 ns, Total: 1065208 ns
[2025-09-22T06:19:06.439+0000][68][gc,marking  ] GC(3) Concurrent Cleanup for Next Mark
[2025-09-22T06:19:06.441+0000][68][gc,marking  ] GC(3) Concurrent Cleanup for Next Mark 2.355ms
[2025-09-22T06:19:06.441+0000][68][gc          ] GC(3) Concurrent Mark Cycle 23.997ms
[2025-09-22T06:19:06.708+0000][68][safepoint   ] Safepoint "ICBufferFull", Time since last: 272136583 ns, Reaching safepoint: 887959 ns, At safepoint: 17458 ns, Total: 905417 ns
[2025-09-22T06:19:06.973+0000][68][safepoint   ] Safepoint "ICBufferFull", Time since last: 264880375 ns, Reaching safepoint: 263625 ns, At safepoint: 4667 ns, Total: 268292 ns
[2025-09-22T06:19:07.097+0000][68][safepoint   ] Safepoint "ICBufferFull", Time since last: 122696083 ns, Reaching safepoint: 526792 ns, At safepoint: 18542 ns, Total: 545334 ns
[2025-09-22T06:19:07.450+0000][68][safepoint   ] Safepoint "ICBufferFull", Time since last: 352278291 ns, Reaching safepoint: 1143834 ns, At safepoint: 5000 ns, Total: 1148834 ns
[2025-09-22T06:19:07.814+0000][68][gc,start    ] GC(4) Pause Young (Normal) (G1 Evacuation Pause)
[2025-09-22T06:19:07.815+0000][68][gc,task     ] GC(4) Using 8 workers of 8 for evacuation
[2025-09-22T06:19:07.815+0000][68][gc,age      ] GC(4) Desired survivor size 20971520 bytes, new threshold 15 (max threshold 15)
[2025-09-22T06:19:07.829+0000][68][gc,phases   ] GC(4)   Pre Evacuate Collection Set: 0.1ms
[2025-09-22T06:19:07.830+0000][68][gc,phases   ] GC(4)   Merge Heap Roots: 0.1ms
[2025-09-22T06:19:07.830+0000][68][gc,phases   ] GC(4)   Evacuate Collection Set: 13.2ms
[2025-09-22T06:19:07.830+0000][68][gc,phases   ] GC(4)   Post Evacuate Collection Set: 1.2ms
[2025-09-22T06:19:07.830+0000][68][gc,phases   ] GC(4)   Other: 0.3ms
[2025-09-22T06:19:07.830+0000][68][gc,age      ] GC(4) Age table with threshold 15 (max threshold 15)
[2025-09-22T06:19:07.830+0000][68][gc,age      ] GC(4) - age   1:    7171312 bytes,    7171312 total
[2025-09-22T06:19:07.830+0000][68][gc,age      ] GC(4) - age   2:    3259664 bytes,   10430976 total
[2025-09-22T06:19:07.830+0000][68][gc,age      ] GC(4) - age   3:    4831776 bytes,   15262752 total
[2025-09-22T06:19:07.830+0000][68][gc,age      ] GC(4) - age   4:    3019000 bytes,   18281752 total
[2025-09-22T06:19:07.830+0000][68][gc,heap     ] GC(4) Eden regions: 73->0(71)
[2025-09-22T06:19:07.830+0000][68][gc,heap     ] GC(4) Survivor regions: 3->5(10)
[2025-09-22T06:19:07.830+0000][68][gc,heap     ] GC(4) Old regions: 0->0
[2025-09-22T06:19:07.830+0000][68][gc,heap     ] GC(4) Archive regions: 2->2
[2025-09-22T06:19:07.831+0000][68][gc,heap     ] GC(4) Humongous regions: 0->0
[2025-09-22T06:19:07.831+0000][68][gc,metaspace] GC(4) Metaspace: 26198K(26816K)->26198K(26816K) NonClass: 23208K(23552K)->23208K(23552K) Class: 2990K(3264K)->2990K(3264K)
[2025-09-22T06:19:07.831+0000][68][gc          ] GC(4) Pause Young (Normal) (G1 Evacuation Pause) 307M->22M(512M) 16.385ms
[2025-09-22T06:19:07.831+0000][68][gc,cpu      ] GC(4) User=0.07s Sys=0.00s Real=0.02s
[2025-09-22T06:19:07.831+0000][68][safepoint   ] Safepoint "G1CollectForAllocation", Time since last: 362694750 ns, Reaching safepoint: 1523792 ns, At safepoint: 16619958 ns, Total: 18143750 ns
[2025-09-22T06:19:08.235+0000][68][safepoint   ] Safepoint "ICBufferFull", Time since last: 402947792 ns, Reaching safepoint: 931791 ns, At safepoint: 13209 ns, Total: 945000 ns
[2025-09-22T06:19:08.845+0000][68][safepoint   ] Safepoint "ICBufferFull", Time since last: 609615000 ns, Reaching safepoint: 408208 ns, At safepoint: 4167 ns, Total: 412375 ns
[2025-09-22T06:19:08.860+0000][68][gc,start    ] GC(5) Pause Young (Normal) (G1 Evacuation Pause)
[2025-09-22T06:19:08.860+0000][68][gc,task     ] GC(5) Using 8 workers of 8 for evacuation
[2025-09-22T06:19:08.860+0000][68][gc,age      ] GC(5) Desired survivor size 20971520 bytes, new threshold 15 (max threshold 15)
[2025-09-22T06:19:08.873+0000][68][gc,phases   ] GC(5)   Pre Evacuate Collection Set: 0.2ms
[2025-09-22T06:19:08.873+0000][68][gc,phases   ] GC(5)   Merge Heap Roots: 0.1ms
[2025-09-22T06:19:08.873+0000][68][gc,phases   ] GC(5)   Evacuate Collection Set: 10.1ms
[2025-09-22T06:19:08.873+0000][68][gc,phases   ] GC(5)   Post Evacuate Collection Set: 2.1ms
[2025-09-22T06:19:08.874+0000][68][gc,phases   ] GC(5)   Other: 0.5ms
[2025-09-22T06:19:08.874+0000][68][gc,age      ] GC(5) Age table with threshold 15 (max threshold 15)
[2025-09-22T06:19:08.874+0000][68][gc,age      ] GC(5) - age   1:    5111528 bytes,    5111528 total
[2025-09-22T06:19:08.874+0000][68][gc,age      ] GC(5) - age   2:    6700720 bytes,   11812248 total
[2025-09-22T06:19:08.874+0000][68][gc,age      ] GC(5) - age   3:    3236736 bytes,   15048984 total
[2025-09-22T06:19:08.874+0000][68][gc,age      ] GC(5) - age   4:    4822064 bytes,   19871048 total
[2025-09-22T06:19:08.875+0000][68][gc,age      ] GC(5) - age   5:    3018656 bytes,   22889704 total
[2025-09-22T06:19:08.875+0000][68][gc,heap     ] GC(5) Eden regions: 71->0(70)
[2025-09-22T06:19:08.875+0000][68][gc,heap     ] GC(5) Survivor regions: 5->6(10)
[2025-09-22T06:19:08.875+0000][68][gc,heap     ] GC(5) Old regions: 0->0
[2025-09-22T06:19:08.875+0000][68][gc,heap     ] GC(5) Archive regions: 2->2
[2025-09-22T06:19:08.875+0000][68][gc,heap     ] GC(5) Humongous regions: 0->0
[2025-09-22T06:19:08.875+0000][68][gc,metaspace] GC(5) Metaspace: 32503K(33280K)->32503K(33280K) NonClass: 28818K(29248K)->28818K(29248K) Class: 3684K(4032K)->3684K(4032K)
[2025-09-22T06:19:08.875+0000][68][gc          ] GC(5) Pause Young (Normal) (G1 Evacuation Pause) 306M->26M(512M) 15.669ms
[2025-09-22T06:19:08.876+0000][68][gc,cpu      ] GC(5) User=0.06s Sys=0.00s Real=0.02s
[2025-09-22T06:19:08.876+0000][68][safepoint   ] Safepoint "G1CollectForAllocation", Time since last: 13967250 ns, Reaching safepoint: 836875 ns, At safepoint: 16295333 ns, Total: 17132208 ns
[2025-09-22T06:19:09.429+0000][68][safepoint   ] Safepoint "ICBufferFull", Time since last: 552039292 ns, Reaching safepoint: 766000 ns, At safepoint: 28417 ns, Total: 794417 ns
[2025-09-22T06:19:09.811+0000][68][gc,start    ] GC(6) Pause Young (Normal) (G1 Evacuation Pause)
[2025-09-22T06:19:09.811+0000][68][gc,task     ] GC(6) Using 8 workers of 8 for evacuation
[2025-09-22T06:19:09.811+0000][68][gc,age      ] GC(6) Desired survivor size 20971520 bytes, new threshold 5 (max threshold 15)
[2025-09-22T06:19:09.826+0000][68][gc,phases   ] GC(6)   Pre Evacuate Collection Set: 0.1ms
[2025-09-22T06:19:09.826+0000][68][gc,phases   ] GC(6)   Merge Heap Roots: 0.1ms
[2025-09-22T06:19:09.826+0000][68][gc,phases   ] GC(6)   Evacuate Collection Set: 12.4ms
[2025-09-22T06:19:09.826+0000][68][gc,phases   ] GC(6)   Post Evacuate Collection Set: 2.1ms
[2025-09-22T06:19:09.826+0000][68][gc,phases   ] GC(6)   Other: 0.2ms
[2025-09-22T06:19:09.826+0000][68][gc,age      ] GC(6) Age table with threshold 5 (max threshold 15)
[2025-09-22T06:19:09.826+0000][68][gc,age      ] GC(6) - age   1:    3744920 bytes,    3744920 total
[2025-09-22T06:19:09.826+0000][68][gc,age      ] GC(6) - age   2:    4630800 bytes,    8375720 total
[2025-09-22T06:19:09.827+0000][68][gc,age      ] GC(6) - age   3:    6698048 bytes,   15073768 total
[2025-09-22T06:19:09.827+0000][68][gc,age      ] GC(6) - age   4:    3236336 bytes,   18310104 total
[2025-09-22T06:19:09.827+0000][68][gc,age      ] GC(6) - age   5:    4817120 bytes,   23127224 total
[2025-09-22T06:19:09.827+0000][68][gc,heap     ] GC(6) Eden regions: 70->0(70)
[2025-09-22T06:19:09.827+0000][68][gc,heap     ] GC(6) Survivor regions: 6->6(10)
[2025-09-22T06:19:09.828+0000][68][gc,heap     ] GC(6) Old regions: 0->1
[2025-09-22T06:19:09.828+0000][68][gc,heap     ] GC(6) Archive regions: 2->2
[2025-09-22T06:19:09.828+0000][68][gc,heap     ] GC(6) Humongous regions: 0->0
[2025-09-22T06:19:09.828+0000][68][gc,metaspace] GC(6) Metaspace: 34454K(35328K)->34454K(35328K) NonClass: 30521K(31040K)->30521K(31040K) Class: 3932K(4288K)->3932K(4288K)
[2025-09-22T06:19:09.828+0000][68][gc          ] GC(6) Pause Young (Normal) (G1 Evacuation Pause) 306M->30M(512M) 16.849ms
[2025-09-22T06:19:09.828+0000][68][gc,cpu      ] GC(6) User=0.07s Sys=0.00s Real=0.02s
[2025-09-22T06:19:09.828+0000][68][safepoint   ] Safepoint "G1CollectForAllocation", Time since last: 383162499 ns, Reaching safepoint: 189750 ns, At safepoint: 17096500 ns, Total: 17286250 ns
[2025-09-22T06:19:10.514+0000][68][gc,start    ] GC(7) Pause Young (Concurrent Start) (Metadata GC Threshold)
[2025-09-22T06:19:10.514+0000][68][gc,task     ] GC(7) Using 8 workers of 8 for evacuation
[2025-09-22T06:19:10.515+0000][68][gc,age      ] GC(7) Desired survivor size 20971520 bytes, new threshold 5 (max threshold 15)
[2025-09-22T06:19:10.528+0000][68][gc,phases   ] GC(7)   Pre Evacuate Collection Set: 0.6ms
[2025-09-22T06:19:10.528+0000][68][gc,phases   ] GC(7)   Merge Heap Roots: 0.1ms
[2025-09-22T06:19:10.528+0000][68][gc,phases   ] GC(7)   Evacuate Collection Set: 10.7ms
[2025-09-22T06:19:10.529+0000][68][gc,phases   ] GC(7)   Post Evacuate Collection Set: 1.3ms
[2025-09-22T06:19:10.529+0000][68][gc,phases   ] GC(7)   Other: 1.1ms
[2025-09-22T06:19:10.529+0000][68][gc,age      ] GC(7) Age table with threshold 5 (max threshold 15)
[2025-09-22T06:19:10.529+0000][68][gc,age      ] GC(7) - age   1:    3281608 bytes,    3281608 total
[2025-09-22T06:19:10.529+0000][68][gc,age      ] GC(7) - age   2:    3676032 bytes,    6957640 total
[2025-09-22T06:19:10.529+0000][68][gc,age      ] GC(7) - age   3:    4618768 bytes,   11576408 total
[2025-09-22T06:19:10.529+0000][68][gc,age      ] GC(7) - age   4:    6684192 bytes,   18260600 total
[2025-09-22T06:19:10.529+0000][68][gc,age      ] GC(7) - age   5:    3225192 bytes,   21485792 total
[2025-09-22T06:19:10.529+0000][68][gc,heap     ] GC(7) Eden regions: 53->0(70)
[2025-09-22T06:19:10.530+0000][68][gc,heap     ] GC(7) Survivor regions: 6->6(10)
[2025-09-22T06:19:10.530+0000][68][gc,heap     ] GC(7) Old regions: 1->2
[2025-09-22T06:19:10.530+0000][68][gc,heap     ] GC(7) Archive regions: 2->2
[2025-09-22T06:19:10.530+0000][68][gc,heap     ] GC(7) Humongous regions: 0->0
[2025-09-22T06:19:10.530+0000][68][gc,metaspace] GC(7) Metaspace: 35383K(36160K)->35383K(36160K) NonClass: 31348K(31808K)->31348K(31808K) Class: 4035K(4352K)->4035K(4352K)
[2025-09-22T06:19:10.530+0000][68][gc          ] GC(7) Pause Young (Concurrent Start) (Metadata GC Threshold) 240M->34M(512M) 16.352ms
[2025-09-22T06:19:10.531+0000][68][gc,cpu      ] GC(7) User=0.06s Sys=0.00s Real=0.01s
[2025-09-22T06:19:10.531+0000][68][gc          ] GC(8) Concurrent Mark Cycle
[2025-09-22T06:19:10.531+0000][68][gc,marking  ] GC(8) Concurrent Clear Claimed Marks
[2025-09-22T06:19:10.531+0000][68][safepoint   ] Safepoint "CollectForMetadataAllocation", Time since last: 685032167 ns, Reaching safepoint: 849375 ns, At safepoint: 17056292 ns, Total: 17905667 ns
[2025-09-22T06:19:10.532+0000][68][gc,marking  ] GC(8) Concurrent Clear Claimed Marks 0.395ms
[2025-09-22T06:19:10.537+0000][68][gc,marking  ] GC(8) Concurrent Scan Root Regions
[2025-09-22T06:19:10.547+0000][68][gc,marking  ] GC(8) Concurrent Scan Root Regions 10.496ms
[2025-09-22T06:19:10.549+0000][68][gc,marking  ] GC(8) Concurrent Mark
[2025-09-22T06:19:10.549+0000][68][gc,marking  ] GC(8) Concurrent Mark From Roots
[2025-09-22T06:19:10.550+0000][68][gc,task     ] GC(8) Using 2 workers of 2 for marking
[2025-09-22T06:19:10.558+0000][68][gc,marking  ] GC(8) Concurrent Mark From Roots 9.255ms
[2025-09-22T06:19:10.559+0000][68][gc,marking  ] GC(8) Concurrent Preclean
[2025-09-22T06:19:10.559+0000][68][gc,marking  ] GC(8) Concurrent Preclean 0.192ms
[2025-09-22T06:19:10.560+0000][68][gc,start    ] GC(8) Pause Remark
[2025-09-22T06:19:10.564+0000][68][gc          ] GC(8) Pause Remark 37M->37M(512M) 4.370ms
[2025-09-22T06:19:10.565+0000][68][gc,cpu      ] GC(8) User=0.01s Sys=0.01s Real=0.01s
[2025-09-22T06:19:10.568+0000][68][safepoint   ] Safepoint "G1PauseRemark", Time since last: 28070125 ns, Reaching safepoint: 957375 ns, At safepoint: 7484250 ns, Total: 8441625 ns
[2025-09-22T06:19:10.569+0000][68][gc,marking  ] GC(8) Concurrent Mark 19.729ms
[2025-09-22T06:19:10.569+0000][68][gc,marking  ] GC(8) Concurrent Rebuild Remembered Sets
[2025-09-22T06:19:10.569+0000][68][gc,marking  ] GC(8) Concurrent Rebuild Remembered Sets 0.136ms
[2025-09-22T06:19:10.570+0000][68][gc,start    ] GC(8) Pause Cleanup
[2025-09-22T06:19:10.570+0000][68][gc          ] GC(8) Pause Cleanup 37M->37M(512M) 0.410ms
[2025-09-22T06:19:10.571+0000][68][gc,cpu      ] GC(8) User=0.00s Sys=0.00s Real=0.00s
[2025-09-22T06:19:10.571+0000][68][safepoint   ] Safepoint "G1PauseCleanup", Time since last: 1654000 ns, Reaching safepoint: 755792 ns, At safepoint: 659791 ns, Total: 1415583 ns
[2025-09-22T06:19:10.576+0000][68][gc,marking  ] GC(8) Concurrent Cleanup for Next Mark
[2025-09-22T06:19:10.591+0000][68][gc,marking  ] GC(8) Concurrent Cleanup for Next Mark 14.468ms
[2025-09-22T06:19:10.591+0000][68][gc          ] GC(8) Concurrent Mark Cycle 60.520ms
[2025-09-22T06:19:11.210+0000][68][safepoint   ] Safepoint "ICBufferFull", Time since last: 639603042 ns, Reaching safepoint: 248417 ns, At safepoint: 4042 ns, Total: 252459 ns
[2025-09-22T06:19:11.563+0000][68][safepoint   ] Safepoint "ICBufferFull", Time since last: 351896958 ns, Reaching safepoint: 386458 ns, At safepoint: 15667 ns, Total: 402125 ns
[2025-09-22T06:19:11.786+0000][68][safepoint   ] Safepoint "ICBufferFull", Time since last: 222660459 ns, Reaching safepoint: 211083 ns, At safepoint: 44083 ns, Total: 255166 ns
[2025-09-22T06:19:11.993+0000][68][safepoint   ] Safepoint "ICBufferFull", Time since last: 206776292 ns, Reaching safepoint: 343583 ns, At safepoint: 13834 ns, Total: 357417 ns
[2025-09-22T06:19:12.904+0000][68][gc,start    ] GC(9) Pause Young (Normal) (G1 Evacuation Pause)
[2025-09-22T06:19:12.904+0000][68][gc,task     ] GC(9) Using 8 workers of 8 for evacuation
[2025-09-22T06:19:12.904+0000][68][gc,age      ] GC(9) Desired survivor size 20971520 bytes, new threshold 5 (max threshold 15)
[2025-09-22T06:19:12.938+0000][68][gc,phases   ] GC(9)   Pre Evacuate Collection Set: 0.1ms
[2025-09-22T06:19:12.939+0000][68][gc,phases   ] GC(9)   Merge Heap Roots: 0.1ms
[2025-09-22T06:19:12.939+0000][68][gc,phases   ] GC(9)   Evacuate Collection Set: 31.7ms
[2025-09-22T06:19:12.939+0000][68][gc,phases   ] GC(9)   Post Evacuate Collection Set: 1.8ms
[2025-09-22T06:19:12.939+0000][68][gc,phases   ] GC(9)   Other: 0.3ms
[2025-09-22T06:19:12.939+0000][68][gc,age      ] GC(9) Age table with threshold 5 (max threshold 15)
[2025-09-22T06:19:12.939+0000][68][gc,age      ] GC(9) - age   1:   18846344 bytes,   18846344 total
[2025-09-22T06:19:12.939+0000][68][gc,age      ] GC(9) - age   2:    3216432 bytes,   22062776 total
[2025-09-22T06:19:12.939+0000][68][gc,age      ] GC(9) - age   3:    3657760 bytes,   25720536 total
[2025-09-22T06:19:12.939+0000][68][gc,age      ] GC(9) - age   4:    4598080 bytes,   30318616 total
[2025-09-22T06:19:12.939+0000][68][gc,age      ] GC(9) - age   5:    6655928 bytes,   36974544 total
[2025-09-22T06:19:12.939+0000][68][gc,heap     ] GC(9) Eden regions: 70->0(66)
[2025-09-22T06:19:12.940+0000][68][gc,heap     ] GC(9) Survivor regions: 6->10(10)
[2025-09-22T06:19:12.940+0000][68][gc,heap     ] GC(9) Old regions: 2->3
[2025-09-22T06:19:12.940+0000][68][gc,heap     ] GC(9) Archive regions: 2->2
[2025-09-22T06:19:12.940+0000][68][gc,heap     ] GC(9) Humongous regions: 0->0
[2025-09-22T06:19:12.940+0000][68][gc,metaspace] GC(9) Metaspace: 44567K(45888K)->44567K(45888K) NonClass: 39282K(40064K)->39282K(40064K) Class: 5285K(5824K)->5285K(5824K)
[2025-09-22T06:19:12.940+0000][68][gc          ] GC(9) Pause Young (Normal) (G1 Evacuation Pause) 314M->52M(512M) 36.145ms
[2025-09-22T06:19:12.940+0000][68][gc,cpu      ] GC(9) User=0.19s Sys=0.00s Real=0.03s
[2025-09-22T06:19:12.940+0000][68][safepoint   ] Safepoint "G1CollectForAllocation", Time since last: 910471000 ns, Reaching safepoint: 343333 ns, At safepoint: 36360667 ns, Total: 36704000 ns
[2025-09-22T06:19:13.102+0000][68][safepoint   ] Safepoint "ICBufferFull", Time since last: 161320459 ns, Reaching safepoint: 470875 ns, At safepoint: 4750 ns, Total: 475625 ns
[2025-09-22T06:19:13.379+0000][68][safepoint   ] Safepoint "ICBufferFull", Time since last: 275735416 ns, Reaching safepoint: 1349875 ns, At safepoint: 12417 ns, Total: 1362292 ns
[2025-09-22T06:19:13.517+0000][68][safepoint   ] Safepoint "ICBufferFull", Time since last: 137575542 ns, Reaching safepoint: 240583 ns, At safepoint: 7500 ns, Total: 248083 ns
[2025-09-22T06:19:13.794+0000][68][safepoint   ] Safepoint "ICBufferFull", Time since last: 277040584 ns, Reaching safepoint: 294916 ns, At safepoint: 24209 ns, Total: 319125 ns
[2025-09-22T06:19:14.021+0000][68][gc,start    ] GC(10) Pause Young (Concurrent Start) (Metadata GC Threshold)
[2025-09-22T06:19:14.021+0000][68][gc,task     ] GC(10) Using 8 workers of 8 for evacuation
[2025-09-22T06:19:14.021+0000][68][gc,age      ] GC(10) Desired survivor size 20971520 bytes, new threshold 2 (max threshold 15)
[2025-09-22T06:19:14.059+0000][68][gc,phases   ] GC(10)   Pre Evacuate Collection Set: 0.4ms
[2025-09-22T06:19:14.060+0000][68][gc,phases   ] GC(10)   Merge Heap Roots: 0.2ms
[2025-09-22T06:19:14.060+0000][68][gc,phases   ] GC(10)   Evacuate Collection Set: 34.5ms
[2025-09-22T06:19:14.060+0000][68][gc,phases   ] GC(10)   Post Evacuate Collection Set: 2.8ms
[2025-09-22T06:19:14.060+0000][68][gc,phases   ] GC(10)   Other: 0.5ms
[2025-09-22T06:19:14.060+0000][68][gc,age      ] GC(10) Age table with threshold 2 (max threshold 15)
[2025-09-22T06:19:14.060+0000][68][gc,age      ] GC(10) - age   1:    7162312 bytes,    7162312 total
[2025-09-22T06:19:14.060+0000][68][gc,age      ] GC(10) - age   2:   18055824 bytes,   25218136 total
[2025-09-22T06:19:14.060+0000][68][gc,heap     ] GC(10) Eden regions: 43->0(69)
[2025-09-22T06:19:14.060+0000][68][gc,heap     ] GC(10) Survivor regions: 10->7(10)
[2025-09-22T06:19:14.061+0000][68][gc,heap     ] GC(10) Old regions: 3->8
[2025-09-22T06:19:14.061+0000][68][gc,heap     ] GC(10) Archive regions: 2->2
[2025-09-22T06:19:14.061+0000][68][gc,heap     ] GC(10) Humongous regions: 0->0
[2025-09-22T06:19:14.061+0000][68][gc,metaspace] GC(10) Metaspace: 59355K(60736K)->59355K(60736K) NonClass: 51953K(52736K)->51953K(52736K) Class: 7402K(8000K)->7402K(8000K)
[2025-09-22T06:19:14.061+0000][68][gc          ] GC(10) Pause Young (Concurrent Start) (Metadata GC Threshold) 222M->60M(512M) 40.107ms
[2025-09-22T06:19:14.061+0000][68][gc,cpu      ] GC(10) User=0.17s Sys=0.00s Real=0.04s
[2025-09-22T06:19:14.061+0000][68][gc          ] GC(11) Concurrent Mark Cycle
[2025-09-22T06:19:14.061+0000][68][gc,marking  ] GC(11) Concurrent Clear Claimed Marks
[2025-09-22T06:19:14.061+0000][68][safepoint   ] Safepoint "CollectForMetadataAllocation", Time since last: 226434416 ns, Reaching safepoint: 259542 ns, At safepoint: 40444958 ns, Total: 40704500 ns
[2025-09-22T06:19:14.062+0000][68][gc,marking  ] GC(11) Concurrent Clear Claimed Marks 0.284ms
[2025-09-22T06:19:14.066+0000][68][gc,marking  ] GC(11) Concurrent Scan Root Regions
[2025-09-22T06:19:14.084+0000][68][gc,marking  ] GC(11) Concurrent Scan Root Regions 18.081ms
[2025-09-22T06:19:14.084+0000][68][gc,marking  ] GC(11) Concurrent Mark
[2025-09-22T06:19:14.084+0000][68][gc,marking  ] GC(11) Concurrent Mark From Roots
[2025-09-22T06:19:14.084+0000][68][gc,task     ] GC(11) Using 2 workers of 2 for marking
[2025-09-22T06:19:14.084+0000][68][safepoint   ] Safepoint "CollectForMetadataAllocation", Time since last: 22472917 ns, Reaching safepoint: 70458 ns, At safepoint: 89625 ns, Total: 160083 ns
[2025-09-22T06:19:14.092+0000][68][gc,marking  ] GC(11) Concurrent Mark From Roots 7.941ms
[2025-09-22T06:19:14.096+0000][68][gc,marking  ] GC(11) Concurrent Preclean
[2025-09-22T06:19:14.096+0000][68][gc,marking  ] GC(11) Concurrent Preclean 0.270ms
[2025-09-22T06:19:14.097+0000][68][gc,start    ] GC(11) Pause Remark
[2025-09-22T06:19:14.107+0000][68][gc          ] GC(11) Pause Remark 66M->66M(512M) 10.416ms
[2025-09-22T06:19:14.107+0000][68][gc,cpu      ] GC(11) User=0.05s Sys=0.01s Real=0.01s
[2025-09-22T06:19:14.108+0000][68][safepoint   ] Safepoint "G1PauseRemark", Time since last: 12210959 ns, Reaching safepoint: 717416 ns, At safepoint: 10777709 ns, Total: 11495125 ns
[2025-09-22T06:19:14.111+0000][68][gc,marking  ] GC(11) Concurrent Mark 26.730ms
[2025-09-22T06:19:14.111+0000][68][gc,marking  ] GC(11) Concurrent Rebuild Remembered Sets
[2025-09-22T06:19:14.122+0000][68][gc,marking  ] GC(11) Concurrent Rebuild Remembered Sets 10.847ms
[2025-09-22T06:19:14.145+0000][68][gc,start    ] GC(11) Pause Cleanup
[2025-09-22T06:19:14.146+0000][68][gc          ] GC(11) Pause Cleanup 66M->66M(512M) 0.523ms
[2025-09-22T06:19:14.146+0000][68][gc,cpu      ] GC(11) User=0.00s Sys=0.00s Real=0.00s
[2025-09-22T06:19:14.146+0000][68][safepoint   ] Safepoint "G1PauseCleanup", Time since last: 34012000 ns, Reaching safepoint: 3373833 ns, At safepoint: 940167 ns, Total: 4314000 ns
[2025-09-22T06:19:14.152+0000][68][gc,marking  ] GC(11) Concurrent Cleanup for Next Mark
[2025-09-22T06:19:14.155+0000][68][gc,marking  ] GC(11) Concurrent Cleanup for Next Mark 3.596ms
[2025-09-22T06:19:14.159+0000][68][gc          ] GC(11) Concurrent Mark Cycle 97.950ms
[2025-09-22T06:19:14.502+0000][68][safepoint   ] Safepoint "ICBufferFull", Time since last: 356179500 ns, Reaching safepoint: 287958 ns, At safepoint: 3417 ns, Total: 291375 ns
[2025-09-22T06:19:15.512+0000][68][safepoint   ] Safepoint "Cleanup", Time since last: 1002488292 ns, Reaching safepoint: 2531958 ns, At safepoint: 4347917 ns, Total: 6879875 ns
[2025-09-22T06:19:16.843+0000][68][safepoint   ] Safepoint "Cleanup", Time since last: 1326511959 ns, Reaching safepoint: 4348083 ns, At safepoint: 637625 ns, Total: 4985708 ns
[2025-09-22T06:19:18.046+0000][68][safepoint   ] Safepoint "Cleanup", Time since last: 1200340334 ns, Reaching safepoint: 240292 ns, At safepoint: 2308500 ns, Total: 2548792 ns
[2025-09-22T06:19:18.129+0000][68][gc,start    ] GC(12) Pause Young (Normal) (G1 Evacuation Pause)
[2025-09-22T06:19:18.136+0000][68][gc,task     ] GC(12) Using 8 workers of 8 for evacuation
[2025-09-22T06:19:18.136+0000][68][gc,age      ] GC(12) Desired survivor size 20971520 bytes, new threshold 2 (max threshold 15)
[2025-09-22T06:19:18.245+0000][68][gc,phases   ] GC(12)   Pre Evacuate Collection Set: 0.4ms
[2025-09-22T06:19:18.245+0000][68][gc,phases   ] GC(12)   Merge Heap Roots: 0.4ms
[2025-09-22T06:19:18.246+0000][68][gc,phases   ] GC(12)   Evacuate Collection Set: 97.6ms
[2025-09-22T06:19:18.246+0000][68][gc,phases   ] GC(12)   Post Evacuate Collection Set: 4.3ms
[2025-09-22T06:19:18.246+0000][68][gc,phases   ] GC(12)   Other: 9.8ms
[2025-09-22T06:19:18.246+0000][68][gc,age      ] GC(12) Age table with threshold 2 (max threshold 15)
[2025-09-22T06:19:18.246+0000][68][gc,age      ] GC(12) - age   1:    4376384 bytes,    4376384 total
[2025-09-22T06:19:18.246+0000][68][gc,age      ] GC(12) - age   2:    6923408 bytes,   11299792 total
[2025-09-22T06:19:18.246+0000][68][gc,heap     ] GC(12) Eden regions: 69->0(72)
[2025-09-22T06:19:18.246+0000][68][gc,heap     ] GC(12) Survivor regions: 7->4(10)
[2025-09-22T06:19:18.247+0000][68][gc,heap     ] GC(12) Old regions: 8->12
[2025-09-22T06:19:18.247+0000][68][gc,heap     ] GC(12) Archive regions: 2->2
[2025-09-22T06:19:18.247+0000][68][gc,heap     ] GC(12) Humongous regions: 0->0
[2025-09-22T06:19:18.247+0000][68][gc,metaspace] GC(12) Metaspace: 71429K(73088K)->71429K(73088K) NonClass: 62341K(63296K)->62341K(63296K) Class: 9087K(9792K)->9087K(9792K)
[2025-09-22T06:19:18.247+0000][68][gc          ] GC(12) Pause Young (Normal) (G1 Evacuation Pause) 336M->63M(512M) 118.210ms
[2025-09-22T06:19:18.248+0000][68][gc,cpu      ] GC(12) User=0.38s Sys=0.03s Real=0.12s
[2025-09-22T06:19:18.248+0000][68][safepoint   ] Safepoint "G1CollectForAllocation", Time since last: 81354000 ns, Reaching safepoint: 246667 ns, At safepoint: 119995041 ns, Total: 120241708 ns
[2025-09-22T06:19:19.254+0000][68][safepoint   ] Safepoint "Cleanup", Time since last: 1000969251 ns, Reaching safepoint: 4831791 ns, At safepoint: 13375 ns, Total: 4845166 ns
[2025-09-22T06:19:20.256+0000][68][safepoint   ] Safepoint "Cleanup", Time since last: 1001238334 ns, Reaching safepoint: 1139625 ns, At safepoint: 7542 ns, Total: 1147167 ns
[2025-09-22T06:19:20.657+0000][68][safepoint   ] Safepoint "ICBufferFull", Time since last: 400687292 ns, Reaching safepoint: 354541 ns, At safepoint: 102417 ns, Total: 456958 ns
[2025-09-22T06:19:21.126+0000][68][safepoint   ] Safepoint "ICBufferFull", Time since last: 468081417 ns, Reaching safepoint: 458417 ns, At safepoint: 129958 ns, Total: 588375 ns
[2025-09-22T06:19:21.447+0000][68][safepoint   ] Safepoint "ICBufferFull", Time since last: 320742542 ns, Reaching safepoint: 480666 ns, At safepoint: 63084 ns, Total: 543750 ns
[2025-09-22T06:19:21.554+0000][68][gc,start    ] GC(13) Pause Young (Concurrent Start) (Metadata GC Threshold)
[2025-09-22T06:19:21.554+0000][68][gc,task     ] GC(13) Using 8 workers of 8 for evacuation
[2025-09-22T06:19:21.555+0000][68][gc,age      ] GC(13) Desired survivor size 20971520 bytes, new threshold 15 (max threshold 15)
[2025-09-22T06:19:21.589+0000][68][gc,phases   ] GC(13)   Pre Evacuate Collection Set: 0.6ms
[2025-09-22T06:19:21.589+0000][68][gc,phases   ] GC(13)   Merge Heap Roots: 0.1ms
[2025-09-22T06:19:21.589+0000][68][gc,phases   ] GC(13)   Evacuate Collection Set: 30.0ms
[2025-09-22T06:19:21.589+0000][68][gc,phases   ] GC(13)   Post Evacuate Collection Set: 3.3ms
[2025-09-22T06:19:21.589+0000][68][gc,phases   ] GC(13)   Other: 0.3ms
[2025-09-22T06:19:21.589+0000][68][gc,age      ] GC(13) Age table with threshold 15 (max threshold 15)
[2025-09-22T06:19:21.589+0000][68][gc,age      ] GC(13) - age   1:   12340088 bytes,   12340088 total
[2025-09-22T06:19:21.589+0000][68][gc,age      ] GC(13) - age   2:    4139512 bytes,   16479600 total
[2025-09-22T06:19:21.590+0000][68][gc,age      ] GC(13) - age   3:    6822104 bytes,   23301704 total
[2025-09-22T06:19:21.590+0000][68][gc,heap     ] GC(13) Eden regions: 46->0(70)
[2025-09-22T06:19:21.590+0000][68][gc,heap     ] GC(13) Survivor regions: 4->6(10)
[2025-09-22T06:19:21.590+0000][68][gc,heap     ] GC(13) Old regions: 12->12
[2025-09-22T06:19:21.590+0000][68][gc,heap     ] GC(13) Archive regions: 2->2
[2025-09-22T06:19:21.590+0000][68][gc,heap     ] GC(13) Humongous regions: 0->0
[2025-09-22T06:19:21.590+0000][68][gc,metaspace] GC(13) Metaspace: 99279K(102016K)->99279K(102016K) NonClass: 86222K(87616K)->86222K(87616K) Class: 13056K(14400K)->13056K(14400K)
[2025-09-22T06:19:21.590+0000][68][gc          ] GC(13) Pause Young (Concurrent Start) (Metadata GC Threshold) 245M->74M(512M) 36.305ms
[2025-09-22T06:19:21.590+0000][68][gc,cpu      ] GC(13) User=0.17s Sys=0.01s Real=0.03s
[2025-09-22T06:19:21.591+0000][68][gc          ] GC(14) Concurrent Mark Cycle
[2025-09-22T06:19:21.591+0000][68][gc,marking  ] GC(14) Concurrent Clear Claimed Marks
[2025-09-22T06:19:21.591+0000][68][safepoint   ] Safepoint "CollectForMetadataAllocation", Time since last: 106578667 ns, Reaching safepoint: 206333 ns, At safepoint: 36974042 ns, Total: 37180375 ns
[2025-09-22T06:19:21.591+0000][68][gc,marking  ] GC(14) Concurrent Clear Claimed Marks 0.578ms
[2025-09-22T06:19:21.592+0000][68][gc,marking  ] GC(14) Concurrent Scan Root Regions
[2025-09-22T06:19:21.603+0000][68][gc,marking  ] GC(14) Concurrent Scan Root Regions 11.545ms
[2025-09-22T06:19:21.604+0000][68][gc,marking  ] GC(14) Concurrent Mark
[2025-09-22T06:19:21.604+0000][68][gc,marking  ] GC(14) Concurrent Mark From Roots
[2025-09-22T06:19:21.604+0000][68][gc,task     ] GC(14) Using 2 workers of 2 for marking
[2025-09-22T06:19:21.616+0000][68][safepoint   ] Safepoint "CollectForMetadataAllocation", Time since last: 25110708 ns, Reaching safepoint: 176875 ns, At safepoint: 163167 ns, Total: 340042 ns
[2025-09-22T06:19:21.645+0000][68][gc,marking  ] GC(14) Concurrent Mark From Roots 40.387ms
[2025-09-22T06:19:21.649+0000][68][gc,marking  ] GC(14) Concurrent Preclean
[2025-09-22T06:19:21.649+0000][68][gc,marking  ] GC(14) Concurrent Preclean 0.649ms
[2025-09-22T06:19:21.651+0000][68][gc,start    ] GC(14) Pause Remark
[2025-09-22T06:19:21.661+0000][68][gc          ] GC(14) Pause Remark 80M->80M(512M) 10.258ms
[2025-09-22T06:19:21.661+0000][68][gc,cpu      ] GC(14) User=0.02s Sys=0.00s Real=0.01s
[2025-09-22T06:19:21.661+0000][68][safepoint   ] Safepoint "G1PauseRemark", Time since last: 33542625 ns, Reaching safepoint: 1244458 ns, At safepoint: 10473792 ns, Total: 11718250 ns
[2025-09-22T06:19:21.662+0000][68][gc,marking  ] GC(14) Concurrent Mark 58.082ms
[2025-09-22T06:19:21.662+0000][68][gc,marking  ] GC(14) Concurrent Rebuild Remembered Sets
[2025-09-22T06:19:21.679+0000][68][gc,marking  ] GC(14) Concurrent Rebuild Remembered Sets 16.382ms
[2025-09-22T06:19:21.680+0000][68][gc,start    ] GC(14) Pause Cleanup
[2025-09-22T06:19:21.680+0000][68][gc          ] GC(14) Pause Cleanup 84M->84M(512M) 0.265ms
[2025-09-22T06:19:21.681+0000][68][gc,cpu      ] GC(14) User=0.00s Sys=0.00s Real=0.00s
[2025-09-22T06:19:21.681+0000][68][safepoint   ] Safepoint "G1PauseCleanup", Time since last: 17271708 ns, Reaching safepoint: 1168917 ns, At safepoint: 956875 ns, Total: 2125792 ns
[2025-09-22T06:19:21.681+0000][68][gc,marking  ] GC(14) Concurrent Cleanup for Next Mark
[2025-09-22T06:19:21.683+0000][68][gc,marking  ] GC(14) Concurrent Cleanup for Next Mark 1.950ms
[2025-09-22T06:19:21.683+0000][68][gc          ] GC(14) Concurrent Mark Cycle 92.711ms
[2025-09-22T06:19:22.302+0000][68][safepoint   ] Safepoint "ICBufferFull", Time since last: 620403417 ns, Reaching safepoint: 712333 ns, At safepoint: 17458 ns, Total: 729791 ns
[2025-09-22T06:19:22.835+0000][68][safepoint   ] Safepoint "ICBufferFull", Time since last: 532817625 ns, Reaching safepoint: 392750 ns, At safepoint: 12792 ns, Total: 405542 ns
[2025-09-22T06:19:23.030+0000][68][safepoint   ] Safepoint "ICBufferFull", Time since last: 191484834 ns, Reaching safepoint: 2936125 ns, At safepoint: 6166 ns, Total: 2942291 ns
[2025-09-22T06:19:23.180+0000][68][safepoint   ] Safepoint "ICBufferFull", Time since last: 150351750 ns, Reaching safepoint: 245834 ns, At safepoint: 26875 ns, Total: 272709 ns
[2025-09-22T06:19:23.320+0000][68][safepoint   ] Safepoint "ICBufferFull", Time since last: 139668750 ns, Reaching safepoint: 263375 ns, At safepoint: 9625 ns, Total: 273000 ns
[2025-09-22T06:19:23.570+0000][68][safepoint   ] Safepoint "ICBufferFull", Time since last: 248516250 ns, Reaching safepoint: 1191042 ns, At safepoint: 42541 ns, Total: 1233583 ns
[2025-09-22T06:19:23.738+0000][68][safepoint   ] Safepoint "ICBufferFull", Time since last: 168007000 ns, Reaching safepoint: 294375 ns, At safepoint: 4917 ns, Total: 299292 ns
[2025-09-22T06:19:24.031+0000][68][safepoint   ] Safepoint "ICBufferFull", Time since last: 292006542 ns, Reaching safepoint: 543458 ns, At safepoint: 18542 ns, Total: 562000 ns
[2025-09-22T06:19:24.289+0000][68][safepoint   ] Safepoint "ICBufferFull", Time since last: 256844958 ns, Reaching safepoint: 1333084 ns, At safepoint: 14250 ns, Total: 1347334 ns
[2025-09-22T06:19:24.573+0000][68][safepoint   ] Safepoint "ICBufferFull", Time since last: 283658041 ns, Reaching safepoint: 265959 ns, At safepoint: 7000 ns, Total: 272959 ns
[2025-09-22T06:19:26.080+0000][68][safepoint   ] Safepoint "Cleanup", Time since last: 1506784625 ns, Reaching safepoint: 397709 ns, At safepoint: 87833 ns, Total: 485542 ns
[2025-09-22T06:19:27.082+0000][68][safepoint   ] Safepoint "Cleanup", Time since last: 1000794959 ns, Reaching safepoint: 1341333 ns, At safepoint: 8584 ns, Total: 1349917 ns
[2025-09-22T06:19:27.472+0000][68][safepoint   ] Safepoint "ICBufferFull", Time since last: 388277208 ns, Reaching safepoint: 924917 ns, At safepoint: 6541 ns, Total: 931458 ns
[2025-09-22T06:19:28.254+0000][68][safepoint   ] Safepoint "ICBufferFull", Time since last: 779115167 ns, Reaching safepoint: 3208917 ns, At safepoint: 19333 ns, Total: 3228250 ns
[2025-09-22T06:19:28.753+0000][68][safepoint   ] Safepoint "ICBufferFull", Time since last: 498729959 ns, Reaching safepoint: 321375 ns, At safepoint: 4792 ns, Total: 326167 ns
[2025-09-22T06:19:28.762+0000][68][safepoint   ] Safepoint "ICBufferFull", Time since last: 6671666 ns, Reaching safepoint: 2125667 ns, At safepoint: 21708 ns, Total: 2147375 ns
[2025-09-22T06:19:29.522+0000][68][safepoint   ] Safepoint "ICBufferFull", Time since last: 760248709 ns, Reaching safepoint: 200125 ns, At safepoint: 13625 ns, Total: 213750 ns
[2025-09-22T06:19:29.523+0000][68][safepoint   ] Safepoint "ICBufferFull", Time since last: 593625 ns, Reaching safepoint: 82792 ns, At safepoint: 132291 ns, Total: 215083 ns
[2025-09-22T06:19:29.968+0000][68][safepoint   ] Safepoint "ICBufferFull", Time since last: 444816709 ns, Reaching safepoint: 324750 ns, At safepoint: 9375 ns, Total: 334125 ns
[2025-09-22T06:19:30.257+0000][68][gc,start    ] GC(15) Pause Young (Normal) (G1 Evacuation Pause)
[2025-09-22T06:19:30.260+0000][68][gc,task     ] GC(15) Using 8 workers of 8 for evacuation
[2025-09-22T06:19:30.260+0000][68][gc,age      ] GC(15) Desired survivor size 20971520 bytes, new threshold 3 (max threshold 15)
[2025-09-22T06:19:30.552+0000][68][gc,mmu      ] GC(15) MMU target violated: 201.0ms (200.0ms/201.0ms)
[2025-09-22T06:19:30.553+0000][68][gc,phases   ] GC(15)   Pre Evacuate Collection Set: 0.4ms
[2025-09-22T06:19:30.553+0000][68][gc,phases   ] GC(15)   Merge Heap Roots: 0.4ms
[2025-09-22T06:19:30.553+0000][68][gc,phases   ] GC(15)   Evacuate Collection Set: 279.9ms
[2025-09-22T06:19:30.553+0000][68][gc,phases   ] GC(15)   Post Evacuate Collection Set: 11.6ms
[2025-09-22T06:19:30.554+0000][68][gc,phases   ] GC(15)   Other: 1.3ms
[2025-09-22T06:19:30.554+0000][68][gc,age      ] GC(15) Age table with threshold 3 (max threshold 15)
[2025-09-22T06:19:30.554+0000][68][gc,age      ] GC(15) - age   1:   17467328 bytes,   17467328 total
[2025-09-22T06:19:30.554+0000][68][gc,age      ] GC(15) - age   2:   11484408 bytes,   28951736 total
[2025-09-22T06:19:30.554+0000][68][gc,age      ] GC(15) - age   3:    4080232 bytes,   33031968 total
[2025-09-22T06:19:30.554+0000][68][gc,heap     ] GC(15) Eden regions: 70->0(66)
[2025-09-22T06:19:30.554+0000][68][gc,heap     ] GC(15) Survivor regions: 6->9(10)
[2025-09-22T06:19:30.554+0000][68][gc,heap     ] GC(15) Old regions: 12->14
[2025-09-22T06:19:30.554+0000][68][gc,heap     ] GC(15) Archive regions: 2->2
[2025-09-22T06:19:30.554+0000][68][gc,heap     ] GC(15) Humongous regions: 0->0
[2025-09-22T06:19:30.554+0000][68][gc,metaspace] GC(15) Metaspace: 121437K(124736K)->121437K(124736K) NonClass: 105191K(106880K)->105191K(106880K) Class: 16245K(17856K)->16245K(17856K)
[2025-09-22T06:19:30.554+0000][68][gc          ] GC(15) Pause Young (Normal) (G1 Evacuation Pause) 353M->91M(512M) 297.437ms
[2025-09-22T06:19:30.555+0000][68][gc,cpu      ] GC(15) User=0.30s Sys=0.01s Real=0.30s
[2025-09-22T06:19:30.559+0000][68][safepoint   ] Safepoint "G1CollectForAllocation", Time since last: 285085125 ns, Reaching safepoint: 3607375 ns, At safepoint: 301610833 ns, Total: 305218208 ns
[2025-09-22T06:19:31.560+0000][68][safepoint   ] Safepoint "Cleanup", Time since last: 1000293043 ns, Reaching safepoint: 1363000 ns, At safepoint: 34000 ns, Total: 1397000 ns
[2025-09-22T06:19:32.562+0000][68][safepoint   ] Safepoint "Cleanup", Time since last: 1000454042 ns, Reaching safepoint: 1310083 ns, At safepoint: 26125 ns, Total: 1336208 ns
[2025-09-22T06:19:33.563+0000][68][safepoint   ] Safepoint "Cleanup", Time since last: 1000778751 ns, Reaching safepoint: 228500 ns, At safepoint: 8083 ns, Total: 236583 ns
[2025-09-22T06:19:34.562+0000][68][safepoint   ] Safepoint "ICBufferFull", Time since last: 985888834 ns, Reaching safepoint: 8444208 ns, At safepoint: 4313875 ns, Total: 12758083 ns
[2025-09-22T06:19:34.762+0000][68][safepoint   ] Safepoint "ICBufferFull", Time since last: 184595792 ns, Reaching safepoint: 15475000 ns, At safepoint: 51542 ns, Total: 15526542 ns
[2025-09-22T06:19:34.776+0000][68][safepoint   ] Safepoint "ICBufferFull", Time since last: 2863333 ns, Reaching safepoint: 11110083 ns, At safepoint: 102625 ns, Total: 11212708 ns
[2025-09-22T06:19:35.447+0000][68][safepoint   ] Safepoint "ICBufferFull", Time since last: 662706792 ns, Reaching safepoint: 8001208 ns, At safepoint: 26042 ns, Total: 8027250 ns
[2025-09-22T06:19:35.783+0000][68][safepoint   ] Safepoint "ICBufferFull", Time since last: 333279250 ns, Reaching safepoint: 1661167 ns, At safepoint: 1812875 ns, Total: 3474042 ns
[2025-09-22T06:19:36.333+0000][68][safepoint   ] Safepoint "ICBufferFull", Time since last: 547184459 ns, Reaching safepoint: 2010958 ns, At safepoint: 19417 ns, Total: 2030375 ns
[2025-09-22T06:19:36.708+0000][68][safepoint   ] Safepoint "ICBufferFull", Time since last: 372075416 ns, Reaching safepoint: 3489084 ns, At safepoint: 85958 ns, Total: 3575042 ns
[2025-09-22T06:19:37.133+0000][68][safepoint   ] Safepoint "ICBufferFull", Time since last: 412465042 ns, Reaching safepoint: 11989167 ns, At safepoint: 57250 ns, Total: 12046417 ns
[2025-09-22T06:19:37.668+0000][68][safepoint   ] Safepoint "ICBufferFull", Time since last: 531577667 ns, Reaching safepoint: 3853875 ns, At safepoint: 33416 ns, Total: 3887291 ns
[2025-09-22T06:19:38.143+0000][68][safepoint   ] Safepoint "ICBufferFull", Time since last: 465474917 ns, Reaching safepoint: 9524292 ns, At safepoint: 40041 ns, Total: 9564333 ns
[2025-09-22T06:19:38.331+0000][68][gc,start    ] GC(16) Pause Young (Normal) (G1 Evacuation Pause)
[2025-09-22T06:19:38.331+0000][68][gc,task     ] GC(16) Using 8 workers of 8 for evacuation
[2025-09-22T06:19:38.332+0000][68][gc,age      ] GC(16) Desired survivor size 20971520 bytes, new threshold 2 (max threshold 15)
[2025-09-22T06:19:38.500+0000][68][gc,phases   ] GC(16)   Pre Evacuate Collection Set: 0.3ms
[2025-09-22T06:19:38.500+0000][68][gc,phases   ] GC(16)   Merge Heap Roots: 0.3ms
[2025-09-22T06:19:38.500+0000][68][gc,phases   ] GC(16)   Evacuate Collection Set: 163.4ms
[2025-09-22T06:19:38.500+0000][68][gc,phases   ] GC(16)   Post Evacuate Collection Set: 3.0ms
[2025-09-22T06:19:38.500+0000][68][gc,phases   ] GC(16)   Other: 1.6ms
[2025-09-22T06:19:38.500+0000][68][gc,age      ] GC(16) Age table with threshold 2 (max threshold 15)
[2025-09-22T06:19:38.500+0000][68][gc,age      ] GC(16) - age   1:   18915024 bytes,   18915024 total
[2025-09-22T06:19:38.501+0000][68][gc,age      ] GC(16) - age   2:   16422336 bytes,   35337360 total
[2025-09-22T06:19:38.501+0000][68][gc,heap     ] GC(16) Eden regions: 66->0(65)
[2025-09-22T06:19:38.501+0000][68][gc,heap     ] GC(16) Survivor regions: 9->10(10)
[2025-09-22T06:19:38.501+0000][68][gc,heap     ] GC(16) Old regions: 14->18
[2025-09-22T06:19:38.501+0000][68][gc,heap     ] GC(16) Archive regions: 2->2
[2025-09-22T06:19:38.501+0000][68][gc,heap     ] GC(16) Humongous regions: 0->0
[2025-09-22T06:19:38.501+0000][68][gc,metaspace] GC(16) Metaspace: 125375K(128704K)->125375K(128704K) NonClass: 108562K(110272K)->108562K(110272K) Class: 16812K(18432K)->16812K(18432K)
[2025-09-22T06:19:38.501+0000][68][gc          ] GC(16) Pause Young (Normal) (G1 Evacuation Pause) 355M->109M(512M) 170.737ms
[2025-09-22T06:19:38.501+0000][68][gc,cpu      ] GC(16) User=0.26s Sys=0.01s Real=0.17s
[2025-09-22T06:19:38.502+0000][68][safepoint   ] Safepoint "G1CollectForAllocation", Time since last: 172424251 ns, Reaching safepoint: 13841250 ns, At safepoint: 172064416 ns, Total: 185905666 ns
[2025-09-22T06:19:38.909+0000][68][safepoint   ] Safepoint "ICBufferFull", Time since last: 407428209 ns, Reaching safepoint: 290750 ns, At safepoint: 67375 ns, Total: 358125 ns
[2025-09-22T06:19:39.355+0000][68][safepoint   ] Safepoint "ICBufferFull", Time since last: 445480292 ns, Reaching safepoint: 415666 ns, At safepoint: 20500 ns, Total: 436166 ns
[2025-09-22T06:19:39.726+0000][68][safepoint   ] Safepoint "ICBufferFull", Time since last: 366690666 ns, Reaching safepoint: 1878875 ns, At safepoint: 13709 ns, Total: 1892584 ns
[2025-09-22T06:19:39.981+0000][68][safepoint   ] Safepoint "ICBufferFull", Time since last: 244967958 ns, Reaching safepoint: 5174542 ns, At safepoint: 4656625 ns, Total: 9831167 ns
[2025-09-22T06:19:40.396+0000][68][safepoint   ] Safepoint "ICBufferFull", Time since last: 409674792 ns, Reaching safepoint: 5546625 ns, At safepoint: 190125 ns, Total: 5736750 ns
[2025-09-22T06:19:40.410+0000][68][safepoint   ] Safepoint "ICBufferFull", Time since last: 10706083 ns, Reaching safepoint: 3015875 ns, At safepoint: 34208 ns, Total: 3050083 ns
[2025-09-22T06:19:40.414+0000][68][safepoint   ] Safepoint "ICBufferFull", Time since last: 980917 ns, Reaching safepoint: 3107958 ns, At safepoint: 52584 ns, Total: 3160542 ns
[2025-09-22T06:19:40.732+0000][68][safepoint   ] Safepoint "ICBufferFull", Time since last: 300263041 ns, Reaching safepoint: 12007334 ns, At safepoint: 5424666 ns, Total: 17432000 ns
[2025-09-22T06:19:40.743+0000][68][safepoint   ] Safepoint "ICBufferFull", Time since last: 9806709 ns, Reaching safepoint: 1534000 ns, At safepoint: 34958 ns, Total: 1568958 ns
[2025-09-22T06:19:40.754+0000][68][safepoint   ] Safepoint "ICBufferFull", Time since last: 9427833 ns, Reaching safepoint: 1045334 ns, At safepoint: 430833 ns, Total: 1476167 ns
[2025-09-22T06:19:40.962+0000][68][safepoint   ] Safepoint "ICBufferFull", Time since last: 207104083 ns, Reaching safepoint: 847125 ns, At safepoint: 15584 ns, Total: 862709 ns
[2025-09-22T06:19:42.158+0000][68][safepoint   ] Safepoint "Cleanup", Time since last: 1194652209 ns, Reaching safepoint: 1889750 ns, At safepoint: 16000 ns, Total: 1905750 ns
[2025-09-22T06:19:42.885+0000][68][safepoint   ] Safepoint "ICBufferFull", Time since last: 724215042 ns, Reaching safepoint: 1983875 ns, At safepoint: 55750 ns, Total: 2039625 ns
[2025-09-22T06:19:43.240+0000][68][safepoint   ] Safepoint "ICBufferFull", Time since last: 355410917 ns, Reaching safepoint: 244458 ns, At safepoint: 13833 ns, Total: 258291 ns
[2025-09-22T06:19:43.359+0000][68][safepoint   ] Safepoint "ICBufferFull", Time since last: 117489000 ns, Reaching safepoint: 1175584 ns, At safepoint: 19833 ns, Total: 1195417 ns
[2025-09-22T06:19:43.632+0000][68][safepoint   ] Safepoint "ICBufferFull", Time since last: 258451917 ns, Reaching safepoint: 11012791 ns, At safepoint: 3726375 ns, Total: 14739166 ns
[2025-09-22T06:19:44.030+0000][68][safepoint   ] Safepoint "ICBufferFull", Time since last: 396682459 ns, Reaching safepoint: 1566333 ns, At safepoint: 11084 ns, Total: 1577417 ns
[2025-09-22T06:19:44.032+0000][68][safepoint   ] Safepoint "ICBufferFull", Time since last: 327833 ns, Reaching safepoint: 910417 ns, At safepoint: 27541 ns, Total: 937958 ns
[2025-09-22T06:19:45.024+0000][68][safepoint   ] Safepoint "ICBufferFull", Time since last: 991954292 ns, Reaching safepoint: 373834 ns, At safepoint: 13125 ns, Total: 386959 ns
[2025-09-22T06:19:45.868+0000][68][gc,start    ] GC(17) Pause Young (Normal) (G1 Evacuation Pause)
[2025-09-22T06:19:45.868+0000][68][gc,task     ] GC(17) Using 8 workers of 8 for evacuation
[2025-09-22T06:19:45.869+0000][68][gc,age      ] GC(17) Desired survivor size 20971520 bytes, new threshold 2 (max threshold 15)
[2025-09-22T06:19:46.039+0000][68][gc,phases   ] GC(17)   Pre Evacuate Collection Set: 3.8ms
[2025-09-22T06:19:46.039+0000][68][gc,phases   ] GC(17)   Merge Heap Roots: 0.4ms
[2025-09-22T06:19:46.039+0000][68][gc,phases   ] GC(17)   Evacuate Collection Set: 158.6ms
[2025-09-22T06:19:46.039+0000][68][gc,phases   ] GC(17)   Post Evacuate Collection Set: 7.4ms
[2025-09-22T06:19:46.040+0000][68][gc,phases   ] GC(17)   Other: 0.4ms
[2025-09-22T06:19:46.040+0000][68][gc,age      ] GC(17) Age table with threshold 2 (max threshold 15)
[2025-09-22T06:19:46.040+0000][68][gc,age      ] GC(17) - age   1:    8134032 bytes,    8134032 total
[2025-09-22T06:19:46.040+0000][68][gc,age      ] GC(17) - age   2:    4324304 bytes,   12458336 total
[2025-09-22T06:19:46.040+0000][68][gc,heap     ] GC(17) Eden regions: 65->0(68)
[2025-09-22T06:19:46.040+0000][68][gc,heap     ] GC(17) Survivor regions: 10->4(10)
[2025-09-22T06:19:46.040+0000][68][gc,heap     ] GC(17) Old regions: 18->22
[2025-09-22T06:19:46.040+0000][68][gc,heap     ] GC(17) Archive regions: 2->2
[2025-09-22T06:19:46.040+0000][68][gc,heap     ] GC(17) Humongous regions: 0->0
[2025-09-22T06:19:46.040+0000][68][gc,metaspace] GC(17) Metaspace: 130474K(133952K)->130474K(133952K) NonClass: 113081K(114880K)->113081K(114880K) Class: 17392K(19072K)->17392K(19072K)
[2025-09-22T06:19:46.040+0000][68][gc          ] GC(17) Pause Young (Normal) (G1 Evacuation Pause) 369M->105M(512M) 172.217ms
[2025-09-22T06:19:46.040+0000][68][gc,cpu      ] GC(17) User=0.19s Sys=0.01s Real=0.17s
[2025-09-22T06:19:46.041+0000][68][safepoint   ] Safepoint "G1CollectForAllocation", Time since last: 843533875 ns, Reaching safepoint: 381958 ns, At safepoint: 172791542 ns, Total: 173173500 ns
[2025-09-22T06:19:46.395+0000][68][safepoint   ] Safepoint "ICBufferFull", Time since last: 354075209 ns, Reaching safepoint: 290458 ns, At safepoint: 22042 ns, Total: 312500 ns
[2025-09-22T06:19:46.833+0000][68][safepoint   ] Safepoint "ICBufferFull", Time since last: 437251375 ns, Reaching safepoint: 423417 ns, At safepoint: 13583 ns, Total: 437000 ns
[2025-09-22T06:19:46.838+0000][68][safepoint   ] Safepoint "ICBufferFull", Time since last: 3801000 ns, Reaching safepoint: 1012125 ns, At safepoint: 22375 ns, Total: 1034500 ns
[2025-09-22T06:19:47.116+0000][68][safepoint   ] Safepoint "ICBufferFull", Time since last: 277011125 ns, Reaching safepoint: 919292 ns, At safepoint: 87333 ns, Total: 1006625 ns
[2025-09-22T06:19:48.118+0000][68][safepoint   ] Safepoint "Cleanup", Time since last: 1001907667 ns, Reaching safepoint: 275167 ns, At safepoint: 6792 ns, Total: 281959 ns
[2025-09-22T06:19:49.125+0000][68][safepoint   ] Safepoint "Cleanup", Time since last: 1000783500 ns, Reaching safepoint: 6043750 ns, At safepoint: 28333 ns, Total: 6072083 ns
[2025-09-22T06:19:49.714+0000][68][safepoint   ] Safepoint "ICBufferFull", Time since last: 585639584 ns, Reaching safepoint: 3657042 ns, At safepoint: 29750 ns, Total: 3686792 ns
[2025-09-22T06:19:50.715+0000][68][safepoint   ] Safepoint "Cleanup", Time since last: 1000563167 ns, Reaching safepoint: 237458 ns, At safepoint: 10875 ns, Total: 248333 ns
[2025-09-22T06:19:51.722+0000][68][safepoint   ] Safepoint "Cleanup", Time since last: 1006806334 ns, Reaching safepoint: 454417 ns, At safepoint: 6458 ns, Total: 460875 ns
[2025-09-22T06:19:52.626+0000][68][safepoint   ] Safepoint "ICBufferFull", Time since last: 902665667 ns, Reaching safepoint: 1190542 ns, At safepoint: 16166 ns, Total: 1206708 ns
[2025-09-22T06:19:53.632+0000][68][safepoint   ] Safepoint "Cleanup", Time since last: 1005704584 ns, Reaching safepoint: 507709 ns, At safepoint: 208083 ns, Total: 715792 ns
[2025-09-22T06:19:54.635+0000][68][safepoint   ] Safepoint "Cleanup", Time since last: 1001258000 ns, Reaching safepoint: 1024917 ns, At safepoint: 57500 ns, Total: 1082417 ns
[2025-09-22T06:19:55.637+0000][68][safepoint   ] Safepoint "Cleanup", Time since last: 1001733042 ns, Reaching safepoint: 578625 ns, At safepoint: 22583 ns, Total: 601208 ns
[2025-09-22T06:19:57.643+0000][68][safepoint   ] Safepoint "Cleanup", Time since last: 2005428918 ns, Reaching safepoint: 265083 ns, At safepoint: 7459 ns, Total: 272542 ns
[2025-09-22T06:19:58.526+0000][68][safepoint   ] Safepoint "ICBufferFull", Time since last: 881782917 ns, Reaching safepoint: 1602292 ns, At safepoint: 24833 ns, Total: 1627125 ns
[2025-09-22T06:19:59.204+0000][68][safepoint   ] Safepoint "ICBufferFull", Time since last: 666903500 ns, Reaching safepoint: 11241417 ns, At safepoint: 37792 ns, Total: 11279209 ns
[2025-09-22T06:20:00.207+0000][68][safepoint   ] Safepoint "Cleanup", Time since last: 1001299583 ns, Reaching safepoint: 1148459 ns, At safepoint: 22583 ns, Total: 1171042 ns
[2025-09-22T06:20:02.212+0000][68][safepoint   ] Safepoint "Cleanup", Time since last: 2004705876 ns, Reaching safepoint: 300042 ns, At safepoint: 73125 ns, Total: 373167 ns
[2025-09-22T06:20:03.572+0000][68][gc,start    ] GC(18) Pause Young (Normal) (G1 Evacuation Pause)
[2025-09-22T06:20:03.572+0000][68][gc,task     ] GC(18) Using 8 workers of 8 for evacuation
[2025-09-22T06:20:03.573+0000][68][gc,age      ] GC(18) Desired survivor size 18874368 bytes, new threshold 15 (max threshold 15)
[2025-09-22T06:20:03.654+0000][68][gc,phases   ] GC(18)   Pre Evacuate Collection Set: 1.0ms
[2025-09-22T06:20:03.654+0000][68][gc,phases   ] GC(18)   Merge Heap Roots: 1.8ms
[2025-09-22T06:20:03.654+0000][68][gc,phases   ] GC(18)   Evacuate Collection Set: 73.0ms
[2025-09-22T06:20:03.654+0000][68][gc,phases   ] GC(18)   Post Evacuate Collection Set: 4.8ms
[2025-09-22T06:20:03.654+0000][68][gc,phases   ] GC(18)   Other: 0.5ms
[2025-09-22T06:20:03.654+0000][68][gc,age      ] GC(18) Age table with threshold 15 (max threshold 15)
[2025-09-22T06:20:03.654+0000][68][gc,age      ] GC(18) - age   1:    3086904 bytes,    3086904 total
[2025-09-22T06:20:03.654+0000][68][gc,age      ] GC(18) - age   2:    3680672 bytes,    6767576 total
[2025-09-22T06:20:03.654+0000][68][gc,age      ] GC(18) - age   3:    4311944 bytes,   11079520 total
[2025-09-22T06:20:03.654+0000][68][gc,heap     ] GC(18) Eden regions: 68->0(71)
[2025-09-22T06:20:03.655+0000][68][gc,heap     ] GC(18) Survivor regions: 4->3(9)
[2025-09-22T06:20:03.655+0000][68][gc,heap     ] GC(18) Old regions: 22->22
[2025-09-22T06:20:03.655+0000][68][gc,heap     ] GC(18) Archive regions: 2->2
[2025-09-22T06:20:03.655+0000][68][gc,heap     ] GC(18) Humongous regions: 0->0
[2025-09-22T06:20:03.655+0000][68][gc,metaspace] GC(18) Metaspace: 132540K(136128K)->132540K(136128K) NonClass: 114987K(116864K)->114987K(116864K) Class: 17552K(19264K)->17552K(19264K)
[2025-09-22T06:20:03.655+0000][68][gc          ] GC(18) Pause Young (Normal) (G1 Evacuation Pause) 377M->102M(512M) 82.951ms
[2025-09-22T06:20:03.655+0000][68][gc,cpu      ] GC(18) User=0.20s Sys=0.00s Real=0.08s
[2025-09-22T06:20:03.655+0000][68][safepoint   ] Safepoint "G1CollectForAllocation", Time since last: 1359554209 ns, Reaching safepoint: 288541 ns, At safepoint: 83606334 ns, Total: 83894875 ns
[2025-09-22T06:20:04.383+0000][68][safepoint   ] Safepoint "ICBufferFull", Time since last: 725545583 ns, Reaching safepoint: 1905459 ns, At safepoint: 32916 ns, Total: 1938375 ns
[2025-09-22T06:20:05.390+0000][68][safepoint   ] Safepoint "Cleanup", Time since last: 1005145626 ns, Reaching safepoint: 1757666 ns, At safepoint: 25000 ns, Total: 1782666 ns
[2025-09-22T06:20:06.392+0000][68][safepoint   ] Safepoint "Cleanup", Time since last: 1000801834 ns, Reaching safepoint: 918625 ns, At safepoint: 658459 ns, Total: 1577084 ns
[2025-09-22T06:20:08.254+0000][68][safepoint   ] Safepoint "Cleanup", Time since last: 1858500417 ns, Reaching safepoint: 3546375 ns, At safepoint: 29875 ns, Total: 3576250 ns
[2025-09-22T06:20:09.262+0000][68][safepoint   ] Safepoint "Cleanup", Time since last: 1007021959 ns, Reaching safepoint: 327250 ns, At safepoint: 17958 ns, Total: 345208 ns
[2025-09-22T06:20:10.267+0000][68][safepoint   ] Safepoint "Cleanup", Time since last: 1005192375 ns, Reaching safepoint: 141167 ns, At safepoint: 12333 ns, Total: 153500 ns
[2025-09-22T06:20:10.483+0000][68][safepoint   ] Safepoint "ICBufferFull", Time since last: 204934084 ns, Reaching safepoint: 11257000 ns, At safepoint: 16917 ns, Total: 11273917 ns
[2025-09-22T06:20:11.490+0000][68][safepoint   ] Safepoint "Cleanup", Time since last: 1006512958 ns, Reaching safepoint: 357750 ns, At safepoint: 8209 ns, Total: 365959 ns
[2025-09-22T06:20:12.494+0000][68][safepoint   ] Safepoint "Cleanup", Time since last: 1001550292 ns, Reaching safepoint: 3028125 ns, At safepoint: 12333 ns, Total: 3040458 ns
[2025-09-22T06:20:13.496+0000][68][safepoint   ] Safepoint "Cleanup", Time since last: 1001079459 ns, Reaching safepoint: 370750 ns, At safepoint: 11042 ns, Total: 381792 ns
[2025-09-22T06:20:14.497+0000][68][safepoint   ] Safepoint "Cleanup", Time since last: 1001192000 ns, Reaching safepoint: 135917 ns, At safepoint: 8333 ns, Total: 144250 ns
[2025-09-22T06:20:16.503+0000][68][safepoint   ] Safepoint "Cleanup", Time since last: 2002349334 ns, Reaching safepoint: 3920209 ns, At safepoint: 13916 ns, Total: 3934125 ns
[2025-09-22T06:20:17.505+0000][68][safepoint   ] Safepoint "Cleanup", Time since last: 1001082293 ns, Reaching safepoint: 223000 ns, At safepoint: 8500 ns, Total: 231500 ns
[2025-09-22T06:20:19.506+0000][68][safepoint   ] Safepoint "Cleanup", Time since last: 2000786126 ns, Reaching safepoint: 200208 ns, At safepoint: 7958 ns, Total: 208166 ns
[2025-09-22T06:20:20.507+0000][68][safepoint   ] Safepoint "Cleanup", Time since last: 1000783501 ns, Reaching safepoint: 208500 ns, At safepoint: 8583 ns, Total: 217083 ns
[2025-09-22T06:20:22.510+0000][68][safepoint   ] Safepoint "Cleanup", Time since last: 2002571126 ns, Reaching safepoint: 347042 ns, At safepoint: 36875 ns, Total: 383917 ns
[2025-09-22T06:20:23.511+0000][68][safepoint   ] Safepoint "Cleanup", Time since last: 1000681208 ns, Reaching safepoint: 371917 ns, At safepoint: 30208 ns, Total: 402125 ns
[2025-09-22T06:20:24.512+0000][68][safepoint   ] Safepoint "Cleanup", Time since last: 1000845501 ns, Reaching safepoint: 261167 ns, At safepoint: 4416 ns, Total: 265583 ns
[2025-09-22T06:20:25.512+0000][68][safepoint   ] Safepoint "Cleanup", Time since last: 1000405959 ns, Reaching safepoint: 196417 ns, At safepoint: 10625 ns, Total: 207042 ns
[2025-09-22T06:20:26.532+0000][68][safepoint   ] Safepoint "Cleanup", Time since last: 1019386500 ns, Reaching safepoint: 114625 ns, At safepoint: 9167 ns, Total: 123792 ns
[2025-09-22T06:20:27.537+0000][68][safepoint   ] Safepoint "Cleanup", Time since last: 1002263542 ns, Reaching safepoint: 3000708 ns, At safepoint: 14209 ns, Total: 3014917 ns
[2025-09-22T06:20:28.538+0000][68][safepoint   ] Safepoint "Cleanup", Time since last: 1000255834 ns, Reaching safepoint: 641958 ns, At safepoint: 7500 ns, Total: 649458 ns
[2025-09-22T06:20:29.544+0000][68][safepoint   ] Safepoint "Cleanup", Time since last: 1002181917 ns, Reaching safepoint: 3386250 ns, At safepoint: 8125 ns, Total: 3394375 ns
[2025-09-22T06:20:31.554+0000][68][safepoint   ] Safepoint "Cleanup", Time since last: 2005551293 ns, Reaching safepoint: 3924916 ns, At safepoint: 83292 ns, Total: 4008208 ns
[2025-09-22T06:20:34.623+0000][68][safepoint   ] Safepoint "Cleanup", Time since last: 3034820376 ns, Reaching safepoint: 26573959 ns, At safepoint: 8490125 ns, Total: 35064084 ns
[2025-09-22T06:20:35.691+0000][68][safepoint   ] Safepoint "Cleanup", Time since last: 1065923500 ns, Reaching safepoint: 1386792 ns, At safepoint: 9458 ns, Total: 1396250 ns
[2025-09-22T06:20:36.692+0000][68][safepoint   ] Safepoint "Cleanup", Time since last: 1001782959 ns, Reaching safepoint: 208000 ns, At safepoint: 5542 ns, Total: 213542 ns
[2025-09-22T06:20:37.694+0000][68][safepoint   ] Safepoint "Cleanup", Time since last: 1000950875 ns, Reaching safepoint: 104584 ns, At safepoint: 5541 ns, Total: 110125 ns
[2025-09-22T06:20:40.515+0000][68][gc,start    ] GC(19) Pause Young (Normal) (G1 Evacuation Pause)
[2025-09-22T06:20:40.518+0000][68][gc,task     ] GC(19) Using 8 workers of 8 for evacuation
[2025-09-22T06:20:40.518+0000][68][gc,age      ] GC(19) Desired survivor size 20971520 bytes, new threshold 15 (max threshold 15)
[2025-09-22T06:20:40.566+0000][68][gc,phases   ] GC(19)   Pre Evacuate Collection Set: 0.5ms
[2025-09-22T06:20:40.566+0000][68][gc,phases   ] GC(19)   Merge Heap Roots: 0.2ms
[2025-09-22T06:20:40.566+0000][68][gc,phases   ] GC(19)   Evacuate Collection Set: 39.6ms
[2025-09-22T06:20:40.566+0000][68][gc,phases   ] GC(19)   Post Evacuate Collection Set: 7.0ms
[2025-09-22T06:20:40.566+0000][68][gc,phases   ] GC(19)   Other: 0.4ms
[2025-09-22T06:20:40.566+0000][68][gc,age      ] GC(19) Age table with threshold 15 (max threshold 15)
[2025-09-22T06:20:40.566+0000][68][gc,age      ] GC(19) - age   1:    2142656 bytes,    2142656 total
[2025-09-22T06:20:40.566+0000][68][gc,age      ] GC(19) - age   2:    2340648 bytes,    4483304 total
[2025-09-22T06:20:40.566+0000][68][gc,age      ] GC(19) - age   3:    2914880 bytes,    7398184 total
[2025-09-22T06:20:40.566+0000][68][gc,age      ] GC(19) - age   4:    3982704 bytes,   11380888 total
[2025-09-22T06:20:40.567+0000][68][gc,heap     ] GC(19) Eden regions: 71->0(73)
[2025-09-22T06:20:40.567+0000][68][gc,heap     ] GC(19) Survivor regions: 3->3(10)
[2025-09-22T06:20:40.567+0000][68][gc,heap     ] GC(19) Old regions: 22->22
[2025-09-22T06:20:40.567+0000][68][gc,heap     ] GC(19) Archive regions: 2->2
[2025-09-22T06:20:40.567+0000][68][gc,heap     ] GC(19) Humongous regions: 0->0
[2025-09-22T06:20:40.567+0000][68][gc,metaspace] GC(19) Metaspace: 133299K(136896K)->133299K(136896K) NonClass: 115740K(117632K)->115740K(117632K) Class: 17558K(19264K)->17558K(19264K)
[2025-09-22T06:20:40.567+0000][68][gc          ] GC(19) Pause Young (Normal) (G1 Evacuation Pause) 386M->101M(512M) 52.099ms
[2025-09-22T06:20:40.567+0000][68][gc,cpu      ] GC(19) User=0.11s Sys=0.00s Real=0.06s
[2025-09-22T06:20:40.567+0000][68][safepoint   ] Safepoint "G1CollectForAllocation", Time since last: 2821274626 ns, Reaching safepoint: 233083 ns, At safepoint: 52475167 ns, Total: 52708250 ns
[2025-09-22T06:20:41.575+0000][68][safepoint   ] Safepoint "Cleanup", Time since last: 1001474167 ns, Reaching safepoint: 6021292 ns, At safepoint: 10541 ns, Total: 6031833 ns
[2025-09-22T06:20:42.576+0000][68][safepoint   ] Safepoint "Cleanup", Time since last: 1001398293 ns, Reaching safepoint: 213958 ns, At safepoint: 12958 ns, Total: 226916 ns
[2025-09-22T06:20:43.578+0000][68][safepoint   ] Safepoint "Cleanup", Time since last: 1001486167 ns, Reaching safepoint: 216500 ns, At safepoint: 8125 ns, Total: 224625 ns
[2025-09-22T06:20:45.586+0000][68][safepoint   ] Safepoint "Cleanup", Time since last: 2002946126 ns, Reaching safepoint: 443084 ns, At safepoint: 4275458 ns, Total: 4718542 ns
[2025-09-22T06:20:46.588+0000][68][safepoint   ] Safepoint "Cleanup", Time since last: 1001218042 ns, Reaching safepoint: 1125667 ns, At safepoint: 20958 ns, Total: 1146625 ns
[2025-09-22T06:20:47.609+0000][68][safepoint   ] Safepoint "Cleanup", Time since last: 1014242626 ns, Reaching safepoint: 6475916 ns, At safepoint: 40875 ns, Total: 6516791 ns
[2025-09-22T06:20:49.625+0000][68][safepoint   ] Safepoint "Cleanup", Time since last: 2015515251 ns, Reaching safepoint: 247917 ns, At safepoint: 11917 ns, Total: 259834 ns
[2025-09-22T06:20:50.628+0000][68][safepoint   ] Safepoint "Cleanup", Time since last: 1003364625 ns, Reaching safepoint: 268458 ns, At safepoint: 6834 ns, Total: 275292 ns
[2025-09-22T06:20:52.630+0000][68][safepoint   ] Safepoint "Cleanup", Time since last: 2001903001 ns, Reaching safepoint: 234000 ns, At safepoint: 6250 ns, Total: 240250 ns
[2025-09-22T06:20:53.632+0000][68][safepoint   ] Safepoint "Cleanup", Time since last: 1001265834 ns, Reaching safepoint: 230666 ns, At safepoint: 4709 ns, Total: 235375 ns
[2025-09-22T06:20:55.636+0000][68][safepoint   ] Safepoint "Cleanup", Time since last: 2003937584 ns, Reaching safepoint: 246833 ns, At safepoint: 9708 ns, Total: 256541 ns
[2025-09-22T06:20:57.639+0000][68][safepoint   ] Safepoint "Cleanup", Time since last: 2002392376 ns, Reaching safepoint: 207792 ns, At safepoint: 4667 ns, Total: 212459 ns
[2025-09-22T06:20:58.642+0000][68][safepoint   ] Safepoint "Cleanup", Time since last: 1002679834 ns, Reaching safepoint: 291500 ns, At safepoint: 9125 ns, Total: 300625 ns
[2025-09-22T06:20:59.642+0000][68][safepoint   ] Safepoint "Cleanup", Time since last: 1000293667 ns, Reaching safepoint: 136750 ns, At safepoint: 5958 ns, Total: 142708 ns
[2025-09-22T06:21:00.762+0000][68][safepoint   ] Safepoint "Cleanup", Time since last: 1120007792 ns, Reaching safepoint: 345042 ns, At safepoint: 9208 ns, Total: 354250 ns
[2025-09-22T06:21:01.765+0000][68][safepoint   ] Safepoint "Cleanup", Time since last: 1000429167 ns, Reaching safepoint: 2336792 ns, At safepoint: 12125 ns, Total: 2348917 ns
[2025-09-22T06:21:02.767+0000][68][safepoint   ] Safepoint "Cleanup", Time since last: 1001645626 ns, Reaching safepoint: 107750 ns, At safepoint: 9541 ns, Total: 117291 ns
[2025-09-22T06:21:04.769+0000][68][safepoint   ] Safepoint "Cleanup", Time since last: 2002140668 ns, Reaching safepoint: 150041 ns, At safepoint: 6584 ns, Total: 156625 ns
[2025-09-22T06:21:05.771+0000][68][safepoint   ] Safepoint "Cleanup", Time since last: 1000729709 ns, Reaching safepoint: 1080916 ns, At safepoint: 10250 ns, Total: 1091166 ns
[2025-09-22T06:21:06.772+0000][68][safepoint   ] Safepoint "Cleanup", Time since last: 1000828001 ns, Reaching safepoint: 182333 ns, At safepoint: 7333 ns, Total: 189666 ns
[2025-09-22T06:21:07.773+0000][68][safepoint   ] Safepoint "Cleanup", Time since last: 1001010376 ns, Reaching safepoint: 266042 ns, At safepoint: 12541 ns, Total: 278583 ns
[2025-09-22T06:21:10.779+0000][68][safepoint   ] Safepoint "Cleanup", Time since last: 3005544459 ns, Reaching safepoint: 361125 ns, At safepoint: 8625 ns, Total: 369750 ns
[2025-09-22T06:21:11.781+0000][68][safepoint   ] Safepoint "Cleanup", Time since last: 1001546876 ns, Reaching safepoint: 109000 ns, At safepoint: 5583 ns, Total: 114583 ns
[2025-09-22T06:21:12.782+0000][68][safepoint   ] Safepoint "Cleanup", Time since last: 1000890167 ns, Reaching safepoint: 76834 ns, At safepoint: 4916 ns, Total: 81750 ns
[2025-09-22T06:21:13.786+0000][68][safepoint   ] Safepoint "Cleanup", Time since last: 1000928417 ns, Reaching safepoint: 2993959 ns, At safepoint: 21500 ns, Total: 3015459 ns
[2025-09-22T06:21:14.792+0000][68][safepoint   ] Safepoint "Cleanup", Time since last: 1004969084 ns, Reaching safepoint: 1200541 ns, At safepoint: 12417 ns, Total: 1212958 ns
[2025-09-22T06:21:16.797+0000][68][safepoint   ] Safepoint "Cleanup", Time since last: 2004480793 ns, Reaching safepoint: 354500 ns, At safepoint: 6416 ns, Total: 360916 ns
[2025-09-22T06:21:17.798+0000][68][safepoint   ] Safepoint "Cleanup", Time since last: 1000970667 ns, Reaching safepoint: 172375 ns, At safepoint: 5334 ns, Total: 177709 ns
[2025-09-22T06:21:19.801+0000][68][safepoint   ] Safepoint "Cleanup", Time since last: 2003068209 ns, Reaching safepoint: 153333 ns, At safepoint: 8959 ns, Total: 162292 ns
[2025-09-22T06:21:22.805+0000][68][safepoint   ] Safepoint "Cleanup", Time since last: 3003680126 ns, Reaching safepoint: 271875 ns, At safepoint: 7458 ns, Total: 279333 ns
[2025-09-22T06:21:23.806+0000][68][safepoint   ] Safepoint "Cleanup", Time since last: 1000664001 ns, Reaching safepoint: 176250 ns, At safepoint: 6000 ns, Total: 182250 ns
[2025-09-22T06:21:24.807+0000][68][safepoint   ] Safepoint "Cleanup", Time since last: 1000770209 ns, Reaching safepoint: 141083 ns, At safepoint: 5917 ns, Total: 147000 ns
[2025-09-22T06:21:25.808+0000][68][safepoint   ] Safepoint "Cleanup", Time since last: 1000878500 ns, Reaching safepoint: 299500 ns, At safepoint: 15917 ns, Total: 315417 ns
[2025-09-22T06:21:28.814+0000][68][safepoint   ] Safepoint "Cleanup", Time since last: 3004264501 ns, Reaching safepoint: 868625 ns, At safepoint: 19875 ns, Total: 888500 ns
[2025-09-22T06:21:29.817+0000][68][safepoint   ] Safepoint "Cleanup", Time since last: 1002583584 ns, Reaching safepoint: 1307417 ns, At safepoint: 23541 ns, Total: 1330958 ns
[2025-09-22T06:21:31.824+0000][68][safepoint   ] Safepoint "Cleanup", Time since last: 2003667751 ns, Reaching safepoint: 3263959 ns, At safepoint: 21291 ns, Total: 3285250 ns
[2025-09-22T06:21:34.837+0000][68][safepoint   ] Safepoint "Cleanup", Time since last: 3008737294 ns, Reaching safepoint: 2803375 ns, At safepoint: 666625 ns, Total: 3470000 ns
[2025-09-22T06:21:35.842+0000][68][safepoint   ] Safepoint "Cleanup", Time since last: 1004518958 ns, Reaching safepoint: 1118042 ns, At safepoint: 24708 ns, Total: 1142750 ns
[2025-09-22T06:21:37.506+0000][68][safepoint   ] Safepoint "Cleanup", Time since last: 1662807376 ns, Reaching safepoint: 1015625 ns, At safepoint: 7625 ns, Total: 1023250 ns
[2025-09-22T06:21:38.510+0000][68][safepoint   ] Safepoint "Cleanup", Time since last: 1003951792 ns, Reaching safepoint: 158750 ns, At safepoint: 5584 ns, Total: 164334 ns
[2025-09-22T06:21:39.511+0000][68][safepoint   ] Safepoint "Cleanup", Time since last: 1000861042 ns, Reaching safepoint: 198375 ns, At safepoint: 6041 ns, Total: 204416 ns
[2025-09-22T06:21:41.522+0000][68][safepoint   ] Safepoint "Cleanup", Time since last: 2008935793 ns, Reaching safepoint: 997541 ns, At safepoint: 36542 ns, Total: 1034083 ns
[2025-09-22T06:21:42.526+0000][68][safepoint   ] Safepoint "Cleanup", Time since last: 1003041292 ns, Reaching safepoint: 950500 ns, At safepoint: 33167 ns, Total: 983667 ns
[2025-09-22T06:21:43.529+0000][68][safepoint   ] Safepoint "Cleanup", Time since last: 1002862542 ns, Reaching safepoint: 275583 ns, At safepoint: 5750 ns, Total: 281333 ns
[2025-09-22T06:21:45.535+0000][68][safepoint   ] Safepoint "Cleanup", Time since last: 2005624668 ns, Reaching safepoint: 169958 ns, At safepoint: 5459 ns, Total: 175417 ns
[2025-09-22T06:21:46.538+0000][68][safepoint   ] Safepoint "Cleanup", Time since last: 1002800167 ns, Reaching safepoint: 93791 ns, At safepoint: 4500 ns, Total: 98291 ns
[2025-09-22T06:21:47.539+0000][68][safepoint   ] Safepoint "Cleanup", Time since last: 1000995459 ns, Reaching safepoint: 169209 ns, At safepoint: 10375 ns, Total: 179584 ns
[2025-09-22T06:21:50.542+0000][68][safepoint   ] Safepoint "Cleanup", Time since last: 3002768876 ns, Reaching safepoint: 131208 ns, At safepoint: 4625 ns, Total: 135833 ns
[2025-09-22T06:21:52.550+0000][68][safepoint   ] Safepoint "Cleanup", Time since last: 2005722793 ns, Reaching safepoint: 2313250 ns, At safepoint: 30667 ns, Total: 2343917 ns
[2025-09-22T06:21:53.556+0000][68][safepoint   ] Safepoint "Cleanup", Time since last: 1005788958 ns, Reaching safepoint: 414417 ns, At safepoint: 12167 ns, Total: 426584 ns
[2025-09-22T06:21:56.574+0000][68][safepoint   ] Safepoint "Cleanup", Time since last: 3017177960 ns, Reaching safepoint: 700958 ns, At safepoint: 25625 ns, Total: 726583 ns
[2025-09-22T06:21:57.616+0000][68][safepoint   ] Safepoint "Cleanup", Time since last: 1041822417 ns, Reaching safepoint: 160875 ns, At safepoint: 5917 ns, Total: 166792 ns
[2025-09-22T06:21:58.617+0000][68][safepoint   ] Safepoint "Cleanup", Time since last: 1000667334 ns, Reaching safepoint: 205666 ns, At safepoint: 7292 ns, Total: 212958 ns
[2025-09-22T06:21:59.618+0000][68][safepoint   ] Safepoint "Cleanup", Time since last: 1000843084 ns, Reaching safepoint: 184916 ns, At safepoint: 5917 ns, Total: 190833 ns
[2025-09-22T06:22:01.622+0000][68][safepoint   ] Safepoint "Cleanup", Time since last: 2001748959 ns, Reaching safepoint: 2984625 ns, At safepoint: 18125 ns, Total: 3002750 ns
[2025-09-22T06:22:04.626+0000][68][safepoint   ] Safepoint "Cleanup", Time since last: 3003112543 ns, Reaching safepoint: 226750 ns, At safepoint: 14917 ns, Total: 241667 ns
[2025-09-22T06:22:05.629+0000][68][safepoint   ] Safepoint "Cleanup", Time since last: 1002671334 ns, Reaching safepoint: 158583 ns, At safepoint: 4792 ns, Total: 163375 ns
[2025-09-22T06:22:10.635+0000][68][safepoint   ] Safepoint "Cleanup", Time since last: 5005800127 ns, Reaching safepoint: 1213708 ns, At safepoint: 11792 ns, Total: 1225500 ns
[2025-09-22T06:22:11.638+0000][68][safepoint   ] Safepoint "Cleanup", Time since last: 1000771833 ns, Reaching safepoint: 2225834 ns, At safepoint: 7708 ns, Total: 2233542 ns
[2025-09-22T06:22:13.641+0000][68][safepoint   ] Safepoint "Cleanup", Time since last: 2003066626 ns, Reaching safepoint: 310583 ns, At safepoint: 10209 ns, Total: 320792 ns
[2025-09-22T06:22:16.645+0000][68][safepoint   ] Safepoint "Cleanup", Time since last: 3002384668 ns, Reaching safepoint: 1624083 ns, At safepoint: 17542 ns, Total: 1641625 ns
[2025-09-22T06:22:17.648+0000][68][safepoint   ] Safepoint "Cleanup", Time since last: 1001878500 ns, Reaching safepoint: 1009334 ns, At safepoint: 87250 ns, Total: 1096584 ns
[2025-09-22T06:22:18.649+0000][68][safepoint   ] Safepoint "Cleanup", Time since last: 1000437375 ns, Reaching safepoint: 221458 ns, At safepoint: 7125 ns, Total: 228583 ns
[2025-09-22T06:22:19.651+0000][68][safepoint   ] Safepoint "Cleanup", Time since last: 1001598543 ns, Reaching safepoint: 661750 ns, At safepoint: 12750 ns, Total: 674500 ns
[2025-09-22T06:22:22.659+0000][68][safepoint   ] Safepoint "Cleanup", Time since last: 3007702084 ns, Reaching safepoint: 161875 ns, At safepoint: 12500 ns, Total: 174375 ns
[2025-09-22T06:22:22.686+0000][68][gc,start    ] GC(20) Pause Young (Normal) (G1 Evacuation Pause)
[2025-09-22T06:22:22.686+0000][68][gc,task     ] GC(20) Using 8 workers of 8 for evacuation
[2025-09-22T06:22:22.686+0000][68][gc,age      ] GC(20) Desired survivor size 20971520 bytes, new threshold 15 (max threshold 15)
[2025-09-22T06:22:22.711+0000][68][gc,phases   ] GC(20)   Pre Evacuate Collection Set: 1.0ms
[2025-09-22T06:22:22.711+0000][68][gc,phases   ] GC(20)   Merge Heap Roots: 0.2ms
[2025-09-22T06:22:22.711+0000][68][gc,phases   ] GC(20)   Evacuate Collection Set: 20.2ms
[2025-09-22T06:22:22.712+0000][68][gc,phases   ] GC(20)   Post Evacuate Collection Set: 3.1ms
[2025-09-22T06:22:22.712+0000][68][gc,phases   ] GC(20)   Other: 0.4ms
[2025-09-22T06:22:22.712+0000][68][gc,age      ] GC(20) Age table with threshold 15 (max threshold 15)
[2025-09-22T06:22:22.712+0000][68][gc,age      ] GC(20) - age   1:    1571840 bytes,    1571840 total
[2025-09-22T06:22:22.712+0000][68][gc,age      ] GC(20) - age   2:     925192 bytes,    2497032 total
[2025-09-22T06:22:22.712+0000][68][gc,age      ] GC(20) - age   3:    2187920 bytes,    4684952 total
[2025-09-22T06:22:22.712+0000][68][gc,age      ] GC(20) - age   4:    2889656 bytes,    7574608 total
[2025-09-22T06:22:22.712+0000][68][gc,age      ] GC(20) - age   5:    3941096 bytes,   11515704 total
[2025-09-22T06:22:22.712+0000][68][gc,heap     ] GC(20) Eden regions: 73->0(72)
[2025-09-22T06:22:22.712+0000][68][gc,heap     ] GC(20) Survivor regions: 3->4(10)
[2025-09-22T06:22:22.712+0000][68][gc,heap     ] GC(20) Old regions: 22->22
[2025-09-22T06:22:22.712+0000][68][gc,heap     ] GC(20) Archive regions: 2->2
[2025-09-22T06:22:22.712+0000][68][gc,heap     ] GC(20) Humongous regions: 0->0
[2025-09-22T06:22:22.712+0000][68][gc,metaspace] GC(20) Metaspace: 134328K(137856K)->134328K(137856K) NonClass: 116769K(118592K)->116769K(118592K) Class: 17559K(19264K)->17559K(19264K)
[2025-09-22T06:22:22.712+0000][68][gc          ] GC(20) Pause Young (Normal) (G1 Evacuation Pause) 393M->102M(512M) 26.130ms
[2025-09-22T06:22:22.712+0000][68][gc,cpu      ] GC(20) User=0.09s Sys=0.00s Real=0.02s
[2025-09-22T06:22:22.713+0000][68][safepoint   ] Safepoint "G1CollectForAllocation", Time since last: 26140875 ns, Reaching safepoint: 655792 ns, At safepoint: 26575167 ns, Total: 27230959 ns
[2025-09-22T06:22:23.715+0000][68][safepoint   ] Safepoint "Cleanup", Time since last: 1000198625 ns, Reaching safepoint: 1985875 ns, At safepoint: 17209 ns, Total: 2003084 ns
[2025-09-22T06:22:24.716+0000][68][safepoint   ] Safepoint "Cleanup", Time since last: 1001018875 ns, Reaching safepoint: 71667 ns, At safepoint: 4250 ns, Total: 75917 ns
[2025-09-22T06:22:25.717+0000][68][safepoint   ] Safepoint "Cleanup", Time since last: 1000918917 ns, Reaching safepoint: 196750 ns, At safepoint: 10208 ns, Total: 206958 ns
[2025-09-22T06:22:26.718+0000][68][safepoint   ] Safepoint "Cleanup", Time since last: 1000816292 ns, Reaching safepoint: 146667 ns, At safepoint: 7667 ns, Total: 154334 ns
[2025-09-22T06:22:27.719+0000][68][safepoint   ] Safepoint "Cleanup", Time since last: 1001094958 ns, Reaching safepoint: 153667 ns, At safepoint: 13083 ns, Total: 166750 ns
[2025-09-22T06:22:29.485+0000][68][safepoint   ] Safepoint "Cleanup", Time since last: 1765675751 ns, Reaching safepoint: 257667 ns, At safepoint: 21333 ns, Total: 279000 ns
[2025-09-22T06:22:31.490+0000][68][safepoint   ] Safepoint "Cleanup", Time since last: 2004600210 ns, Reaching safepoint: 56083 ns, At safepoint: 4250 ns, Total: 60333 ns
[2025-09-22T06:22:34.497+0000][68][safepoint   ] Safepoint "Cleanup", Time since last: 3002933376 ns, Reaching safepoint: 4215625 ns, At safepoint: 19834 ns, Total: 4235459 ns
[2025-09-22T06:22:35.502+0000][68][safepoint   ] Safepoint "Cleanup", Time since last: 1004982458 ns, Reaching safepoint: 205542 ns, At safepoint: 6708 ns, Total: 212250 ns
[2025-09-22T06:22:37.506+0000][68][safepoint   ] Safepoint "Cleanup", Time since last: 2003841918 ns, Reaching safepoint: 212083 ns, At safepoint: 10375 ns, Total: 222458 ns
[2025-09-22T06:22:39.509+0000][68][safepoint   ] Safepoint "Cleanup", Time since last: 2001679585 ns, Reaching safepoint: 671416 ns, At safepoint: 21750 ns, Total: 693166 ns
[2025-09-22T06:22:41.513+0000][68][safepoint   ] Safepoint "Cleanup", Time since last: 2002326709 ns, Reaching safepoint: 394959 ns, At safepoint: 8125 ns, Total: 403084 ns
[2025-09-22T06:22:44.518+0000][68][safepoint   ] Safepoint "Cleanup", Time since last: 3004512918 ns, Reaching safepoint: 477750 ns, At safepoint: 19333 ns, Total: 497083 ns
[2025-09-22T06:22:47.533+0000][68][safepoint   ] Safepoint "Cleanup", Time since last: 3005981168 ns, Reaching safepoint: 8503834 ns, At safepoint: 31083 ns, Total: 8534917 ns
[2025-09-22T06:22:49.535+0000][68][safepoint   ] Safepoint "Cleanup", Time since last: 2001882293 ns, Reaching safepoint: 108583 ns, At safepoint: 5458 ns, Total: 114041 ns
[2025-09-22T06:22:50.543+0000][68][safepoint   ] Safepoint "Cleanup", Time since last: 1007891626 ns, Reaching safepoint: 124791 ns, At safepoint: 4959 ns, Total: 129750 ns
[2025-09-22T06:22:52.545+0000][68][safepoint   ] Safepoint "Cleanup", Time since last: 2001860167 ns, Reaching safepoint: 98917 ns, At safepoint: 13250 ns, Total: 112167 ns
[2025-09-22T06:22:53.546+0000][68][safepoint   ] Safepoint "Cleanup", Time since last: 1000916500 ns, Reaching safepoint: 165542 ns, At safepoint: 8750 ns, Total: 174292 ns
[2025-09-22T06:22:54.550+0000][68][safepoint   ] Safepoint "Cleanup", Time since last: 1002201292 ns, Reaching safepoint: 1337917 ns, At safepoint: 45875 ns, Total: 1383792 ns
[2025-09-22T06:22:55.551+0000][68][safepoint   ] Safepoint "Cleanup", Time since last: 1001226417 ns, Reaching safepoint: 229875 ns, At safepoint: 15542 ns, Total: 245417 ns
[2025-09-22T06:22:59.572+0000][68][safepoint   ] Safepoint "Cleanup", Time since last: 4005394127 ns, Reaching safepoint: 15002000 ns, At safepoint: 180000 ns, Total: 15182000 ns
[2025-09-22T06:23:00.581+0000][68][safepoint   ] Safepoint "Cleanup", Time since last: 1004568750 ns, Reaching safepoint: 5316167 ns, At safepoint: 13208 ns, Total: 5329375 ns
[2025-09-22T06:23:04.599+0000][68][safepoint   ] Safepoint "Cleanup", Time since last: 4008957419 ns, Reaching safepoint: 8686625 ns, At safepoint: 26291 ns, Total: 8712916 ns
[2025-09-22T06:23:05.614+0000][68][safepoint   ] Safepoint "Cleanup", Time since last: 1012156751 ns, Reaching safepoint: 2611458 ns, At safepoint: 13459 ns, Total: 2624917 ns
[2025-09-22T06:23:07.630+0000][68][safepoint   ] Safepoint "Cleanup", Time since last: 2006002001 ns, Reaching safepoint: 9929041 ns, At safepoint: 29250 ns, Total: 9958291 ns
[2025-09-22T06:23:11.641+0000][68][safepoint   ] Safepoint "Cleanup", Time since last: 4014468959 ns, Reaching safepoint: 7168125 ns, At safepoint: 20709 ns, Total: 7188834 ns
[2025-09-22T06:23:13.647+0000][68][safepoint   ] Safepoint "Cleanup", Time since last: 2005256334 ns, Reaching safepoint: 566083 ns, At safepoint: 8250 ns, Total: 574333 ns
[2025-09-22T06:23:17.680+0000][68][safepoint   ] Safepoint "Cleanup", Time since last: 4030334252 ns, Reaching safepoint: 2336542 ns, At safepoint: 25708 ns, Total: 2362250 ns
[2025-09-22T06:23:18.713+0000][68][safepoint   ] Safepoint "Cleanup", Time since last: 1030295084 ns, Reaching safepoint: 3283458 ns, At safepoint: 9917 ns, Total: 3293375 ns
[2025-09-22T06:23:23.785+0000][68][safepoint   ] Safepoint "Cleanup", Time since last: 5058727003 ns, Reaching safepoint: 12874875 ns, At safepoint: 46083 ns, Total: 12920958 ns
[2025-09-22T06:23:24.790+0000][68][safepoint   ] Safepoint "Cleanup", Time since last: 1004016542 ns, Reaching safepoint: 770583 ns, At safepoint: 10834 ns, Total: 781417 ns
[2025-09-22T06:23:25.808+0000][68][safepoint   ] Safepoint "Cleanup", Time since last: 1016691417 ns, Reaching safepoint: 1819292 ns, At safepoint: 42375 ns, Total: 1861667 ns
[2025-09-22T06:23:26.815+0000][68][safepoint   ] Safepoint "Cleanup", Time since last: 1004617000 ns, Reaching safepoint: 2496833 ns, At safepoint: 11042 ns, Total: 2507875 ns
[2025-09-22T06:23:27.837+0000][68][safepoint   ] Safepoint "Cleanup", Time since last: 1018796167 ns, Reaching safepoint: 2180708 ns, At safepoint: 283917 ns, Total: 2464625 ns
[2025-09-22T06:23:30.900+0000][68][safepoint   ] Safepoint "Cleanup", Time since last: 3037261710 ns, Reaching safepoint: 20489167 ns, At safepoint: 69166 ns, Total: 20558333 ns
[2025-09-22T06:23:32.685+0000][68][safepoint   ] Safepoint "Cleanup", Time since last: 1789948834 ns, Reaching safepoint: 675917 ns, At safepoint: 29083 ns, Total: 705000 ns
[2025-09-22T06:23:33.413+0000][68][gc,heap,exit] Heap
[2025-09-22T06:23:33.413+0000][68][gc,heap,exit]  garbage-first heap   total 524288K, used 308254K [0x00000000e0000000, 0x0000000100000000)
[2025-09-22T06:23:33.414+0000][68][gc,heap,exit]   region size 4096K, 54 young (221184K), 4 survivors (16384K)
[2025-09-22T06:23:33.414+0000][68][gc,heap,exit]  Metaspace       used 135495K, committed 139008K, reserved 1179648K
[2025-09-22T06:23:33.414+0000][68][gc,heap,exit]   class space    used 17700K, committed 19392K, reserved 1048576K
