[2025-09-22T07:12:37.798+0000][67][gc,init] CardTable entry size: 512
[2025-09-22T07:12:37.798+0000][67][gc     ] Using G1
[2025-09-22T07:12:38.002+0000][67][gc,init] Version: 19.0.1+10-21 (release)
[2025-09-22T07:12:38.002+0000][67][gc,init] CPUs: 8 total, 8 available
[2025-09-22T07:12:38.003+0000][67][gc,init] Memory: 7837M
[2025-09-22T07:12:38.003+0000][67][gc,init] Large Page Support: Disabled
[2025-09-22T07:12:38.003+0000][67][gc,init] NUMA Support: Disabled
[2025-09-22T07:12:38.003+0000][67][gc,init] Compressed Oops: Enabled (32-bit)
[2025-09-22T07:12:38.003+0000][67][gc,init] Heap Region Size: 4M
[2025-09-22T07:12:38.003+0000][67][gc,init] Heap Min Capacity: 512M
[2025-09-22T07:12:38.003+0000][67][gc,init] Heap Initial Capacity: 512M
[2025-09-22T07:12:38.003+0000][67][gc,init] Heap Max Capacity: 512M
[2025-09-22T07:12:38.003+0000][67][gc,init] Pre-touch: Enabled
[2025-09-22T07:12:38.003+0000][67][gc,init] Parallel Workers: 8
[2025-09-22T07:12:38.003+0000][67][gc,init] Concurrent Workers: 2
[2025-09-22T07:12:38.003+0000][67][gc,init] Concurrent Refinement Workers: 8
[2025-09-22T07:12:38.003+0000][67][gc,init] Periodic GC: Disabled
[2025-09-22T07:12:38.004+0000][67][gc,metaspace] CDS archive(s) mapped at: [0x0000000800000000-0x0000000800c60000-0x0000000800c60000), size 12976128, SharedBaseAddress: 0x0000000800000000, ArchiveRelocationMode: 0.
[2025-09-22T07:12:38.004+0000][67][gc,metaspace] Compressed class space mapped at: 0x0000000801000000-0x0000000841000000, reserved size: 1073741824
[2025-09-22T07:12:38.004+0000][67][gc,metaspace] Narrow klass base: 0x0000000800000000, Narrow klass shift: 0, Narrow klass range: 0x100000000
[2025-09-22T07:12:38.096+0000][67][safepoint   ] Safepoint "ICBufferFull", Time since last: 80121291 ns, Reaching safepoint: 1190459 ns, At safepoint: 18375 ns, Total: 1208834 ns
[2025-09-22T07:12:38.198+0000][67][safepoint   ] Safepoint "ICBufferFull", Time since last: 102313750 ns, Reaching safepoint: 86875 ns, At safepoint: 8458 ns, Total: 95333 ns
[2025-09-22T07:12:38.202+0000][67][gc,start    ] GC(0) Pause Young (Normal) (G1 Evacuation Pause)
[2025-09-22T07:12:38.202+0000][67][gc,task     ] GC(0) Using 8 workers of 8 for evacuation
[2025-09-22T07:12:38.202+0000][67][gc,age      ] GC(0) Desired survivor size 2097152 bytes, new threshold 15 (max threshold 15)
[2025-09-22T07:12:38.205+0000][67][gc,phases   ] GC(0)   Pre Evacuate Collection Set: 0.1ms
[2025-09-22T07:12:38.205+0000][67][gc,phases   ] GC(0)   Merge Heap Roots: 0.0ms
[2025-09-22T07:12:38.205+0000][67][gc,phases   ] GC(0)   Evacuate Collection Set: 2.2ms
[2025-09-22T07:12:38.205+0000][67][gc,phases   ] GC(0)   Post Evacuate Collection Set: 0.1ms
[2025-09-22T07:12:38.205+0000][67][gc,phases   ] GC(0)   Other: 0.2ms
[2025-09-22T07:12:38.205+0000][67][gc,age      ] GC(0) Age table with threshold 15 (max threshold 15)
[2025-09-22T07:12:38.205+0000][67][gc,age      ] GC(0) - age   1:    3060696 bytes,    3060696 total
[2025-09-22T07:12:38.205+0000][67][gc,heap     ] GC(0) Eden regions: 6->0(20)
[2025-09-22T07:12:38.205+0000][67][gc,heap     ] GC(0) Survivor regions: 0->1(1)
[2025-09-22T07:12:38.205+0000][67][gc,heap     ] GC(0) Old regions: 0->0
[2025-09-22T07:12:38.205+0000][67][gc,heap     ] GC(0) Archive regions: 2->2
[2025-09-22T07:12:38.205+0000][67][gc,heap     ] GC(0) Humongous regions: 0->0
[2025-09-22T07:12:38.205+0000][67][gc,metaspace] GC(0) Metaspace: 2375K(2560K)->2375K(2560K) NonClass: 2160K(2240K)->2160K(2240K) Class: 214K(320K)->214K(320K)
[2025-09-22T07:12:38.205+0000][67][gc          ] GC(0) Pause Young (Normal) (G1 Evacuation Pause) 28M->6M(512M) 3.648ms
[2025-09-22T07:12:38.205+0000][67][gc,cpu      ] GC(0) User=0.01s Sys=0.00s Real=0.01s
[2025-09-22T07:12:38.205+0000][67][safepoint   ] Safepoint "G1CollectForAllocation", Time since last: 3380500 ns, Reaching safepoint: 45417 ns, At safepoint: 3755583 ns, Total: 3801000 ns
[2025-09-22T07:12:38.312+0000][67][safepoint   ] Safepoint "ICBufferFull", Time since last: 107237417 ns, Reaching safepoint: 114667 ns, At safepoint: 2000 ns, Total: 116667 ns
[2025-09-22T07:12:38.420+0000][67][safepoint   ] Safepoint "ICBufferFull", Time since last: 107154791 ns, Reaching safepoint: 136000 ns, At safepoint: 4625 ns, Total: 140625 ns
[2025-09-22T07:12:38.482+0000][67][safepoint   ] Safepoint "ICBufferFull", Time since last: 61280250 ns, Reaching safepoint: 568875 ns, At safepoint: 6417 ns, Total: 575292 ns
[2025-09-22T07:12:38.675+0000][67][safepoint   ] Safepoint "ICBufferFull", Time since last: 192949667 ns, Reaching safepoint: 130750 ns, At safepoint: 5041 ns, Total: 135791 ns
[2025-09-22T07:12:38.793+0000][67][safepoint   ] Safepoint "ICBufferFull", Time since last: 118505542 ns, Reaching safepoint: 112292 ns, At safepoint: 11791 ns, Total: 124083 ns
[2025-09-22T07:12:38.903+0000][67][safepoint   ] Safepoint "ICBufferFull", Time since last: 109026251 ns, Reaching safepoint: 160291 ns, At safepoint: 5167 ns, Total: 165458 ns
[2025-09-22T07:12:38.999+0000][67][safepoint   ] Safepoint "ICBufferFull", Time since last: 96271708 ns, Reaching safepoint: 194125 ns, At safepoint: 9500 ns, Total: 203625 ns
[2025-09-22T07:12:39.013+0000][67][gc,start    ] GC(1) Pause Young (Normal) (G1 Evacuation Pause)
[2025-09-22T07:12:39.013+0000][67][gc,task     ] GC(1) Using 8 workers of 8 for evacuation
[2025-09-22T07:12:39.013+0000][67][gc,age      ] GC(1) Desired survivor size 6291456 bytes, new threshold 15 (max threshold 15)
[2025-09-22T07:12:39.020+0000][67][gc,phases   ] GC(1)   Pre Evacuate Collection Set: 0.1ms
[2025-09-22T07:12:39.020+0000][67][gc,phases   ] GC(1)   Merge Heap Roots: 0.6ms
[2025-09-22T07:12:39.020+0000][67][gc,phases   ] GC(1)   Evacuate Collection Set: 4.2ms
[2025-09-22T07:12:39.020+0000][67][gc,phases   ] GC(1)   Post Evacuate Collection Set: 1.6ms
[2025-09-22T07:12:39.020+0000][67][gc,phases   ] GC(1)   Other: 0.2ms
[2025-09-22T07:12:39.020+0000][67][gc,age      ] GC(1) Age table with threshold 15 (max threshold 15)
[2025-09-22T07:12:39.020+0000][67][gc,age      ] GC(1) - age   1:    5608256 bytes,    5608256 total
[2025-09-22T07:12:39.020+0000][67][gc,age      ] GC(1) - age   2:    3019392 bytes,    8627648 total
[2025-09-22T07:12:39.020+0000][67][gc,heap     ] GC(1) Eden regions: 20->0(44)
[2025-09-22T07:12:39.020+0000][67][gc,heap     ] GC(1) Survivor regions: 1->3(3)
[2025-09-22T07:12:39.020+0000][67][gc,heap     ] GC(1) Old regions: 0->0
[2025-09-22T07:12:39.021+0000][67][gc,heap     ] GC(1) Archive regions: 2->2
[2025-09-22T07:12:39.021+0000][67][gc,heap     ] GC(1) Humongous regions: 0->0
[2025-09-22T07:12:39.021+0000][67][gc,metaspace] GC(1) Metaspace: 16223K(16704K)->16223K(16704K) NonClass: 14366K(14592K)->14366K(14592K) Class: 1856K(2112K)->1856K(2112K)
[2025-09-22T07:12:39.021+0000][67][gc          ] GC(1) Pause Young (Normal) (G1 Evacuation Pause) 86M->12M(512M) 7.417ms
[2025-09-22T07:12:39.021+0000][67][gc,cpu      ] GC(1) User=0.02s Sys=0.00s Real=0.00s
[2025-09-22T07:12:39.021+0000][67][safepoint   ] Safepoint "G1CollectForAllocation", Time since last: 14153417 ns, Reaching safepoint: 38042 ns, At safepoint: 7512666 ns, Total: 7550708 ns
[2025-09-22T07:12:39.169+0000][67][safepoint   ] Safepoint "ICBufferFull", Time since last: 148011459 ns, Reaching safepoint: 91916 ns, At safepoint: 6792 ns, Total: 98708 ns
[2025-09-22T07:12:39.381+0000][67][safepoint   ] Safepoint "ICBufferFull", Time since last: 210771667 ns, Reaching safepoint: 1213750 ns, At safepoint: 23791 ns, Total: 1237541 ns
[2025-09-22T07:12:39.605+0000][67][gc,start    ] GC(2) Pause Young (Concurrent Start) (Metadata GC Threshold)
[2025-09-22T07:12:39.605+0000][67][gc,task     ] GC(2) Using 8 workers of 8 for evacuation
[2025-09-22T07:12:39.605+0000][67][gc,age      ] GC(2) Desired survivor size 12582912 bytes, new threshold 15 (max threshold 15)
[2025-09-22T07:12:39.610+0000][67][gc,phases   ] GC(2)   Pre Evacuate Collection Set: 0.1ms
[2025-09-22T07:12:39.610+0000][67][gc,phases   ] GC(2)   Merge Heap Roots: 0.1ms
[2025-09-22T07:12:39.610+0000][67][gc,phases   ] GC(2)   Evacuate Collection Set: 4.7ms
[2025-09-22T07:12:39.610+0000][67][gc,phases   ] GC(2)   Post Evacuate Collection Set: 0.6ms
[2025-09-22T07:12:39.611+0000][67][gc,phases   ] GC(2)   Other: 0.1ms
[2025-09-22T07:12:39.611+0000][67][gc,age      ] GC(2) Age table with threshold 15 (max threshold 15)
[2025-09-22T07:12:39.611+0000][67][gc,age      ] GC(2) - age   1:    3386776 bytes,    3386776 total
[2025-09-22T07:12:39.611+0000][67][gc,age      ] GC(2) - age   2:    4772640 bytes,    8159416 total
[2025-09-22T07:12:39.611+0000][67][gc,age      ] GC(2) - age   3:    3018568 bytes,   11177984 total
[2025-09-22T07:12:39.611+0000][67][gc,heap     ] GC(2) Eden regions: 34->0(73)
[2025-09-22T07:12:39.611+0000][67][gc,heap     ] GC(2) Survivor regions: 3->3(6)
[2025-09-22T07:12:39.611+0000][67][gc,heap     ] GC(2) Old regions: 0->0
[2025-09-22T07:12:39.611+0000][67][gc,heap     ] GC(2) Archive regions: 2->2
[2025-09-22T07:12:39.611+0000][67][gc,heap     ] GC(2) Humongous regions: 0->0
[2025-09-22T07:12:39.611+0000][67][gc,metaspace] GC(2) Metaspace: 21039K(21504K)->21039K(21504K) NonClass: 18720K(18944K)->18720K(18944K) Class: 2319K(2560K)->2319K(2560K)
[2025-09-22T07:12:39.611+0000][67][gc          ] GC(2) Pause Young (Concurrent Start) (Metadata GC Threshold) 147M->16M(512M) 6.187ms
[2025-09-22T07:12:39.611+0000][67][gc,cpu      ] GC(2) User=0.02s Sys=0.00s Real=0.00s
[2025-09-22T07:12:39.611+0000][67][gc          ] GC(3) Concurrent Mark Cycle
[2025-09-22T07:12:39.611+0000][67][gc,marking  ] GC(3) Concurrent Clear Claimed Marks
[2025-09-22T07:12:39.611+0000][67][safepoint   ] Safepoint "CollectForMetadataAllocation", Time since last: 223684376 ns, Reaching safepoint: 117875 ns, At safepoint: 6332000 ns, Total: 6449875 ns
[2025-09-22T07:12:39.611+0000][67][gc,marking  ] GC(3) Concurrent Clear Claimed Marks 0.056ms
[2025-09-22T07:12:39.613+0000][67][gc,marking  ] GC(3) Concurrent Scan Root Regions
[2025-09-22T07:12:39.616+0000][67][gc,marking  ] GC(3) Concurrent Scan Root Regions 3.029ms
[2025-09-22T07:12:39.616+0000][67][gc,marking  ] GC(3) Concurrent Mark
[2025-09-22T07:12:39.616+0000][67][gc,marking  ] GC(3) Concurrent Mark From Roots
[2025-09-22T07:12:39.616+0000][67][gc,task     ] GC(3) Using 2 workers of 2 for marking
[2025-09-22T07:12:39.616+0000][67][safepoint   ] Safepoint "CollectForMetadataAllocation", Time since last: 5060875 ns, Reaching safepoint: 30916 ns, At safepoint: 56375 ns, Total: 87291 ns
[2025-09-22T07:12:39.617+0000][67][gc,marking  ] GC(3) Concurrent Mark From Roots 0.748ms
[2025-09-22T07:12:39.619+0000][67][gc,marking  ] GC(3) Concurrent Preclean
[2025-09-22T07:12:39.619+0000][67][gc,marking  ] GC(3) Concurrent Preclean 0.081ms
[2025-09-22T07:12:39.620+0000][67][gc,start    ] GC(3) Pause Remark
[2025-09-22T07:12:39.621+0000][67][gc          ] GC(3) Pause Remark 18M->18M(512M) 1.859ms
[2025-09-22T07:12:39.621+0000][67][gc,cpu      ] GC(3) User=0.01s Sys=0.00s Real=0.00s
[2025-09-22T07:12:39.622+0000][67][safepoint   ] Safepoint "G1PauseRemark", Time since last: 2871542 ns, Reaching safepoint: 557625 ns, At safepoint: 1986083 ns, Total: 2543708 ns
[2025-09-22T07:12:39.623+0000][67][gc,marking  ] GC(3) Concurrent Mark 7.402ms
[2025-09-22T07:12:39.623+0000][67][gc,marking  ] GC(3) Concurrent Rebuild Remembered Sets
[2025-09-22T07:12:39.623+0000][67][gc,marking  ] GC(3) Concurrent Rebuild Remembered Sets 0.092ms
[2025-09-22T07:12:39.625+0000][67][gc,start    ] GC(3) Pause Cleanup
[2025-09-22T07:12:39.626+0000][67][gc          ] GC(3) Pause Cleanup 20M->20M(512M) 1.102ms
[2025-09-22T07:12:39.626+0000][67][gc,cpu      ] GC(3) User=0.00s Sys=0.00s Real=0.00s
[2025-09-22T07:12:39.626+0000][67][safepoint   ] Safepoint "G1PauseCleanup", Time since last: 2533584 ns, Reaching safepoint: 464041 ns, At safepoint: 1191750 ns, Total: 1655791 ns
[2025-09-22T07:12:39.628+0000][67][gc,marking  ] GC(3) Concurrent Cleanup for Next Mark
[2025-09-22T07:12:39.628+0000][67][gc,marking  ] GC(3) Concurrent Cleanup for Next Mark 0.250ms
[2025-09-22T07:12:39.628+0000][67][gc          ] GC(3) Concurrent Mark Cycle 17.019ms
[2025-09-22T07:12:39.779+0000][67][safepoint   ] Safepoint "ICBufferFull", Time since last: 153332459 ns, Reaching safepoint: 419083 ns, At safepoint: 4500 ns, Total: 423583 ns
[2025-09-22T07:12:39.927+0000][67][safepoint   ] Safepoint "ICBufferFull", Time since last: 147395125 ns, Reaching safepoint: 244292 ns, At safepoint: 20000 ns, Total: 264292 ns
[2025-09-22T07:12:40.022+0000][67][safepoint   ] Safepoint "ICBufferFull", Time since last: 92626416 ns, Reaching safepoint: 1985084 ns, At safepoint: 7541 ns, Total: 1992625 ns
[2025-09-22T07:12:40.185+0000][67][safepoint   ] Safepoint "ICBufferFull", Time since last: 163304959 ns, Reaching safepoint: 124208 ns, At safepoint: 2750 ns, Total: 126958 ns
[2025-09-22T07:12:40.494+0000][67][gc,start    ] GC(4) Pause Young (Normal) (G1 Evacuation Pause)
[2025-09-22T07:12:40.496+0000][67][gc,task     ] GC(4) Using 8 workers of 8 for evacuation
[2025-09-22T07:12:40.496+0000][67][gc,age      ] GC(4) Desired survivor size 20971520 bytes, new threshold 15 (max threshold 15)
[2025-09-22T07:12:40.505+0000][67][gc,phases   ] GC(4)   Pre Evacuate Collection Set: 0.2ms
[2025-09-22T07:12:40.505+0000][67][gc,phases   ] GC(4)   Merge Heap Roots: 0.2ms
[2025-09-22T07:12:40.505+0000][67][gc,phases   ] GC(4)   Evacuate Collection Set: 6.6ms
[2025-09-22T07:12:40.505+0000][67][gc,phases   ] GC(4)   Post Evacuate Collection Set: 1.5ms
[2025-09-22T07:12:40.506+0000][67][gc,phases   ] GC(4)   Other: 0.7ms
[2025-09-22T07:12:40.506+0000][67][gc,age      ] GC(4) Age table with threshold 15 (max threshold 15)
[2025-09-22T07:12:40.506+0000][67][gc,age      ] GC(4) - age   1:    7419992 bytes,    7419992 total
[2025-09-22T07:12:40.506+0000][67][gc,age      ] GC(4) - age   2:    3270168 bytes,   10690160 total
[2025-09-22T07:12:40.506+0000][67][gc,age      ] GC(4) - age   3:    4769344 bytes,   15459504 total
[2025-09-22T07:12:40.506+0000][67][gc,age      ] GC(4) - age   4:    3018152 bytes,   18477656 total
[2025-09-22T07:12:40.506+0000][67][gc,heap     ] GC(4) Eden regions: 73->0(71)
[2025-09-22T07:12:40.506+0000][67][gc,heap     ] GC(4) Survivor regions: 3->5(10)
[2025-09-22T07:12:40.506+0000][67][gc,heap     ] GC(4) Old regions: 0->0
[2025-09-22T07:12:40.506+0000][67][gc,heap     ] GC(4) Archive regions: 2->2
[2025-09-22T07:12:40.506+0000][67][gc,heap     ] GC(4) Humongous regions: 0->0
[2025-09-22T07:12:40.507+0000][67][gc,metaspace] GC(4) Metaspace: 26058K(26688K)->26058K(26688K) NonClass: 23079K(23424K)->23079K(23424K) Class: 2978K(3264K)->2978K(3264K)
[2025-09-22T07:12:40.507+0000][67][gc          ] GC(4) Pause Young (Normal) (G1 Evacuation Pause) 308M->22M(512M) 12.554ms
[2025-09-22T07:12:40.507+0000][67][gc,cpu      ] GC(4) User=0.03s Sys=0.00s Real=0.01s
[2025-09-22T07:12:40.507+0000][67][safepoint   ] Safepoint "G1CollectForAllocation", Time since last: 308697167 ns, Reaching safepoint: 287625 ns, At safepoint: 12763750 ns, Total: 13051375 ns
[2025-09-22T07:12:41.115+0000][67][safepoint   ] Safepoint "ICBufferFull", Time since last: 607323292 ns, Reaching safepoint: 307958 ns, At safepoint: 8750 ns, Total: 316708 ns
[2025-09-22T07:12:41.496+0000][67][gc,start    ] GC(5) Pause Young (Normal) (G1 Evacuation Pause)
[2025-09-22T07:12:41.496+0000][67][gc,task     ] GC(5) Using 8 workers of 8 for evacuation
[2025-09-22T07:12:41.496+0000][67][gc,age      ] GC(5) Desired survivor size 20971520 bytes, new threshold 15 (max threshold 15)
[2025-09-22T07:12:41.506+0000][67][gc,phases   ] GC(5)   Pre Evacuate Collection Set: 0.1ms
[2025-09-22T07:12:41.507+0000][67][gc,phases   ] GC(5)   Merge Heap Roots: 0.1ms
[2025-09-22T07:12:41.507+0000][67][gc,phases   ] GC(5)   Evacuate Collection Set: 9.0ms
[2025-09-22T07:12:41.507+0000][67][gc,phases   ] GC(5)   Post Evacuate Collection Set: 0.8ms
[2025-09-22T07:12:41.507+0000][67][gc,phases   ] GC(5)   Other: 0.4ms
[2025-09-22T07:12:41.507+0000][67][gc,age      ] GC(5) Age table with threshold 15 (max threshold 15)
[2025-09-22T07:12:41.507+0000][67][gc,age      ] GC(5) - age   1:    5428192 bytes,    5428192 total
[2025-09-22T07:12:41.507+0000][67][gc,age      ] GC(5) - age   2:    6693288 bytes,   12121480 total
[2025-09-22T07:12:41.507+0000][67][gc,age      ] GC(5) - age   3:    3247240 bytes,   15368720 total
[2025-09-22T07:12:41.507+0000][67][gc,age      ] GC(5) - age   4:    4759632 bytes,   20128352 total
[2025-09-22T07:12:41.507+0000][67][gc,age      ] GC(5) - age   5:    3017808 bytes,   23146160 total
[2025-09-22T07:12:41.507+0000][67][gc,heap     ] GC(5) Eden regions: 71->0(70)
[2025-09-22T07:12:41.507+0000][67][gc,heap     ] GC(5) Survivor regions: 5->6(10)
[2025-09-22T07:12:41.507+0000][67][gc,heap     ] GC(5) Old regions: 0->0
[2025-09-22T07:12:41.507+0000][67][gc,heap     ] GC(5) Archive regions: 2->2
[2025-09-22T07:12:41.507+0000][67][gc,heap     ] GC(5) Humongous regions: 0->0
[2025-09-22T07:12:41.507+0000][67][gc,metaspace] GC(5) Metaspace: 32374K(33152K)->32374K(33152K) NonClass: 28700K(29120K)->28700K(29120K) Class: 3674K(4032K)->3674K(4032K)
[2025-09-22T07:12:41.507+0000][67][gc          ] GC(5) Pause Young (Normal) (G1 Evacuation Pause) 306M->27M(512M) 11.195ms
[2025-09-22T07:12:41.507+0000][67][gc,cpu      ] GC(5) User=0.04s Sys=0.00s Real=0.01s
[2025-09-22T07:12:41.507+0000][67][safepoint   ] Safepoint "G1CollectForAllocation", Time since last: 381076375 ns, Reaching safepoint: 208584 ns, At safepoint: 11287791 ns, Total: 11496375 ns
[2025-09-22T07:12:41.960+0000][67][safepoint   ] Safepoint "ICBufferFull", Time since last: 452492126 ns, Reaching safepoint: 202083 ns, At safepoint: 7000 ns, Total: 209083 ns
[2025-09-22T07:12:42.414+0000][67][gc,start    ] GC(6) Pause Young (Normal) (G1 Evacuation Pause)
[2025-09-22T07:12:42.414+0000][67][gc,task     ] GC(6) Using 8 workers of 8 for evacuation
[2025-09-22T07:12:42.414+0000][67][gc,age      ] GC(6) Desired survivor size 20971520 bytes, new threshold 5 (max threshold 15)
[2025-09-22T07:12:42.426+0000][67][gc,phases   ] GC(6)   Pre Evacuate Collection Set: 0.2ms
[2025-09-22T07:12:42.427+0000][67][gc,phases   ] GC(6)   Merge Heap Roots: 0.1ms
[2025-09-22T07:12:42.427+0000][67][gc,phases   ] GC(6)   Evacuate Collection Set: 9.0ms
[2025-09-22T07:12:42.427+0000][67][gc,phases   ] GC(6)   Post Evacuate Collection Set: 2.5ms
[2025-09-22T07:12:42.427+0000][67][gc,phases   ] GC(6)   Other: 0.7ms
[2025-09-22T07:12:42.427+0000][67][gc,age      ] GC(6) Age table with threshold 5 (max threshold 15)
[2025-09-22T07:12:42.427+0000][67][gc,age      ] GC(6) - age   1:    3760984 bytes,    3760984 total
[2025-09-22T07:12:42.427+0000][67][gc,age      ] GC(6) - age   2:    4631152 bytes,    8392136 total
[2025-09-22T07:12:42.427+0000][67][gc,age      ] GC(6) - age   3:    6690744 bytes,   15082880 total
[2025-09-22T07:12:42.428+0000][67][gc,age      ] GC(6) - age   4:    3246712 bytes,   18329592 total
[2025-09-22T07:12:42.428+0000][67][gc,age      ] GC(6) - age   5:    4754592 bytes,   23084184 total
[2025-09-22T07:12:42.428+0000][67][gc,heap     ] GC(6) Eden regions: 70->0(70)
[2025-09-22T07:12:42.428+0000][67][gc,heap     ] GC(6) Survivor regions: 6->6(10)
[2025-09-22T07:12:42.428+0000][67][gc,heap     ] GC(6) Old regions: 0->1
[2025-09-22T07:12:42.428+0000][67][gc,heap     ] GC(6) Archive regions: 2->2
[2025-09-22T07:12:42.428+0000][67][gc,heap     ] GC(6) Humongous regions: 0->0
[2025-09-22T07:12:42.428+0000][67][gc,metaspace] GC(6) Metaspace: 34337K(35200K)->34337K(35200K) NonClass: 30413K(30912K)->30413K(30912K) Class: 3924K(4288K)->3924K(4288K)
[2025-09-22T07:12:42.428+0000][67][gc          ] GC(6) Pause Young (Normal) (G1 Evacuation Pause) 307M->30M(512M) 14.522ms
[2025-09-22T07:12:42.428+0000][67][gc,cpu      ] GC(6) User=0.04s Sys=0.00s Real=0.01s
[2025-09-22T07:12:42.428+0000][67][safepoint   ] Safepoint "G1CollectForAllocation", Time since last: 453519709 ns, Reaching safepoint: 263041 ns, At safepoint: 14757834 ns, Total: 15020875 ns
[2025-09-22T07:12:43.029+0000][67][safepoint   ] Safepoint "ICBufferFull", Time since last: 600405166 ns, Reaching safepoint: 658334 ns, At safepoint: 19125 ns, Total: 677459 ns
[2025-09-22T07:12:43.054+0000][67][gc,start    ] GC(7) Pause Young (Concurrent Start) (Metadata GC Threshold)
[2025-09-22T07:12:43.055+0000][67][gc,task     ] GC(7) Using 8 workers of 8 for evacuation
[2025-09-22T07:12:43.055+0000][67][gc,age      ] GC(7) Desired survivor size 20971520 bytes, new threshold 5 (max threshold 15)
[2025-09-22T07:12:43.077+0000][67][gc,phases   ] GC(7)   Pre Evacuate Collection Set: 3.5ms
[2025-09-22T07:12:43.077+0000][67][gc,phases   ] GC(7)   Merge Heap Roots: 1.8ms
[2025-09-22T07:12:43.077+0000][67][gc,phases   ] GC(7)   Evacuate Collection Set: 12.7ms
[2025-09-22T07:12:43.077+0000][67][gc,phases   ] GC(7)   Post Evacuate Collection Set: 2.1ms
[2025-09-22T07:12:43.077+0000][67][gc,phases   ] GC(7)   Other: 2.2ms
[2025-09-22T07:12:43.077+0000][67][gc,age      ] GC(7) Age table with threshold 5 (max threshold 15)
[2025-09-22T07:12:43.077+0000][67][gc,age      ] GC(7) - age   1:    3432968 bytes,    3432968 total
[2025-09-22T07:12:43.078+0000][67][gc,age      ] GC(7) - age   2:    3719720 bytes,    7152688 total
[2025-09-22T07:12:43.078+0000][67][gc,age      ] GC(7) - age   3:    4609440 bytes,   11762128 total
[2025-09-22T07:12:43.078+0000][67][gc,age      ] GC(7) - age   4:    6671208 bytes,   18433336 total
[2025-09-22T07:12:43.078+0000][67][gc,age      ] GC(7) - age   5:    3134952 bytes,   21568288 total
[2025-09-22T07:12:43.078+0000][67][gc,heap     ] GC(7) Eden regions: 55->0(70)
[2025-09-22T07:12:43.078+0000][67][gc,heap     ] GC(7) Survivor regions: 6->6(10)
[2025-09-22T07:12:43.078+0000][67][gc,heap     ] GC(7) Old regions: 1->2
[2025-09-22T07:12:43.079+0000][67][gc,heap     ] GC(7) Archive regions: 2->2
[2025-09-22T07:12:43.079+0000][67][gc,heap     ] GC(7) Humongous regions: 0->0
[2025-09-22T07:12:43.079+0000][67][gc,metaspace] GC(7) Metaspace: 35887K(36736K)->35887K(36736K) NonClass: 31770K(32256K)->31770K(32256K) Class: 4117K(4480K)->4117K(4480K)
[2025-09-22T07:12:43.079+0000][67][gc          ] GC(7) Pause Young (Concurrent Start) (Metadata GC Threshold) 250M->33M(512M) 24.801ms
[2025-09-22T07:12:43.079+0000][67][gc,cpu      ] GC(7) User=0.08s Sys=0.01s Real=0.02s
[2025-09-22T07:12:43.079+0000][67][safepoint   ] Safepoint "CollectForMetadataAllocation", Time since last: 17829083 ns, Reaching safepoint: 6728167 ns, At safepoint: 25469458 ns, Total: 32197625 ns
[2025-09-22T07:12:43.079+0000][67][gc          ] GC(8) Concurrent Mark Cycle
[2025-09-22T07:12:43.086+0000][67][gc,marking  ] GC(8) Concurrent Clear Claimed Marks
[2025-09-22T07:12:43.087+0000][67][gc,marking  ] GC(8) Concurrent Clear Claimed Marks 1.686ms
[2025-09-22T07:12:43.088+0000][67][gc,marking  ] GC(8) Concurrent Scan Root Regions
[2025-09-22T07:12:43.085+0000][67][safepoint   ] Safepoint "CollectForMetadataAllocation", Time since last: 1972667 ns, Reaching safepoint: 3748875 ns, At safepoint: 9750 ns, Total: 3758625 ns
[2025-09-22T07:12:43.096+0000][67][gc,marking  ] GC(8) Concurrent Scan Root Regions 8.421ms
[2025-09-22T07:12:43.102+0000][67][gc,marking  ] GC(8) Concurrent Mark
[2025-09-22T07:12:43.102+0000][67][gc,marking  ] GC(8) Concurrent Mark From Roots
[2025-09-22T07:12:43.103+0000][67][gc,task     ] GC(8) Using 2 workers of 2 for marking
[2025-09-22T07:12:43.108+0000][67][gc,marking  ] GC(8) Concurrent Mark From Roots 5.504ms
[2025-09-22T07:12:43.108+0000][67][gc,marking  ] GC(8) Concurrent Preclean
[2025-09-22T07:12:43.109+0000][67][gc,marking  ] GC(8) Concurrent Preclean 0.365ms
[2025-09-22T07:12:43.116+0000][67][gc,start    ] GC(8) Pause Remark
[2025-09-22T07:12:43.130+0000][67][gc          ] GC(8) Pause Remark 37M->37M(512M) 13.705ms
[2025-09-22T07:12:43.130+0000][67][gc,cpu      ] GC(8) User=0.04s Sys=0.00s Real=0.01s
[2025-09-22T07:12:43.130+0000][67][safepoint   ] Safepoint "G1PauseRemark", Time since last: 24283000 ns, Reaching safepoint: 6730375 ns, At safepoint: 13914208 ns, Total: 20644583 ns
[2025-09-22T07:12:43.132+0000][67][gc,marking  ] GC(8) Concurrent Mark 29.972ms
[2025-09-22T07:12:43.132+0000][67][gc,marking  ] GC(8) Concurrent Rebuild Remembered Sets
[2025-09-22T07:12:43.134+0000][67][gc,marking  ] GC(8) Concurrent Rebuild Remembered Sets 1.219ms
[2025-09-22T07:12:43.135+0000][67][gc,start    ] GC(8) Pause Cleanup
[2025-09-22T07:12:43.135+0000][67][gc          ] GC(8) Pause Cleanup 37M->37M(512M) 0.129ms
[2025-09-22T07:12:43.135+0000][67][gc,cpu      ] GC(8) User=0.00s Sys=0.00s Real=0.00s
[2025-09-22T07:12:43.136+0000][67][safepoint   ] Safepoint "G1PauseCleanup", Time since last: 3584875 ns, Reaching safepoint: 1549750 ns, At safepoint: 316792 ns, Total: 1866542 ns
[2025-09-22T07:12:43.139+0000][67][gc,marking  ] GC(8) Concurrent Cleanup for Next Mark
[2025-09-22T07:12:43.146+0000][67][gc,marking  ] GC(8) Concurrent Cleanup for Next Mark 6.434ms
[2025-09-22T07:12:43.146+0000][67][gc          ] GC(8) Concurrent Mark Cycle 67.239ms
[2025-09-22T07:12:43.440+0000][67][safepoint   ] Safepoint "ICBufferFull", Time since last: 303110083 ns, Reaching safepoint: 875375 ns, At safepoint: 6792 ns, Total: 882167 ns
[2025-09-22T07:12:43.584+0000][67][safepoint   ] Safepoint "ICBufferFull", Time since last: 144415833 ns, Reaching safepoint: 228459 ns, At safepoint: 12333 ns, Total: 240792 ns
[2025-09-22T07:12:43.717+0000][67][safepoint   ] Safepoint "ICBufferFull", Time since last: 131303417 ns, Reaching safepoint: 1236458 ns, At safepoint: 11250 ns, Total: 1247708 ns
[2025-09-22T07:12:44.230+0000][67][safepoint   ] Safepoint "ICBufferFull", Time since last: 512787375 ns, Reaching safepoint: 227084 ns, At safepoint: 5833 ns, Total: 232917 ns
[2025-09-22T07:12:44.300+0000][67][gc,start    ] GC(9) Pause Young (Normal) (G1 Evacuation Pause)
[2025-09-22T07:12:44.301+0000][67][gc,task     ] GC(9) Using 8 workers of 8 for evacuation
[2025-09-22T07:12:44.301+0000][67][gc,age      ] GC(9) Desired survivor size 20971520 bytes, new threshold 5 (max threshold 15)
[2025-09-22T07:12:44.319+0000][67][gc,phases   ] GC(9)   Pre Evacuate Collection Set: 0.1ms
[2025-09-22T07:12:44.322+0000][67][gc,phases   ] GC(9)   Merge Heap Roots: 0.1ms
[2025-09-22T07:12:44.322+0000][67][gc,phases   ] GC(9)   Evacuate Collection Set: 14.6ms
[2025-09-22T07:12:44.322+0000][67][gc,phases   ] GC(9)   Post Evacuate Collection Set: 3.9ms
[2025-09-22T07:12:44.323+0000][67][gc,phases   ] GC(9)   Other: 0.2ms
[2025-09-22T07:12:44.323+0000][67][gc,age      ] GC(9) Age table with threshold 5 (max threshold 15)
[2025-09-22T07:12:44.323+0000][67][gc,age      ] GC(9) - age   1:   18367800 bytes,   18367800 total
[2025-09-22T07:12:44.323+0000][67][gc,age      ] GC(9) - age   2:    3401624 bytes,   21769424 total
[2025-09-22T07:12:44.323+0000][67][gc,age      ] GC(9) - age   3:    3702928 bytes,   25472352 total
[2025-09-22T07:12:44.323+0000][67][gc,age      ] GC(9) - age   4:    4598160 bytes,   30070512 total
[2025-09-22T07:12:44.323+0000][67][gc,age      ] GC(9) - age   5:    6648176 bytes,   36718688 total
[2025-09-22T07:12:44.323+0000][67][gc,heap     ] GC(9) Eden regions: 70->0(66)
[2025-09-22T07:12:44.323+0000][67][gc,heap     ] GC(9) Survivor regions: 6->10(10)
[2025-09-22T07:12:44.323+0000][67][gc,heap     ] GC(9) Old regions: 2->3
[2025-09-22T07:12:44.323+0000][67][gc,heap     ] GC(9) Archive regions: 2->2
[2025-09-22T07:12:44.323+0000][67][gc,heap     ] GC(9) Humongous regions: 0->0
[2025-09-22T07:12:44.323+0000][67][gc,metaspace] GC(9) Metaspace: 44479K(45760K)->44479K(45760K) NonClass: 39198K(39936K)->39198K(39936K) Class: 5280K(5824K)->5280K(5824K)
[2025-09-22T07:12:44.323+0000][67][gc          ] GC(9) Pause Young (Normal) (G1 Evacuation Pause) 313M->52M(512M) 22.376ms
[2025-09-22T07:12:44.323+0000][67][gc,cpu      ] GC(9) User=0.08s Sys=0.01s Real=0.03s
[2025-09-22T07:12:44.323+0000][67][safepoint   ] Safepoint "G1CollectForAllocation", Time since last: 70414667 ns, Reaching safepoint: 226541 ns, At safepoint: 22475375 ns, Total: 22701916 ns
[2025-09-22T07:12:44.383+0000][67][safepoint   ] Safepoint "ICBufferFull", Time since last: 59620042 ns, Reaching safepoint: 285667 ns, At safepoint: 2416 ns, Total: 288083 ns
[2025-09-22T07:12:44.625+0000][67][safepoint   ] Safepoint "ICBufferFull", Time since last: 241453917 ns, Reaching safepoint: 250459 ns, At safepoint: 6958 ns, Total: 257417 ns
[2025-09-22T07:12:44.825+0000][67][safepoint   ] Safepoint "ICBufferFull", Time since last: 200231250 ns, Reaching safepoint: 141875 ns, At safepoint: 17042 ns, Total: 158917 ns
[2025-09-22T07:12:45.090+0000][67][gc,start    ] GC(10) Pause Young (Concurrent Start) (Metadata GC Threshold)
[2025-09-22T07:12:45.091+0000][67][gc,task     ] GC(10) Using 8 workers of 8 for evacuation
[2025-09-22T07:12:45.091+0000][67][gc,age      ] GC(10) Desired survivor size 20971520 bytes, new threshold 2 (max threshold 15)
[2025-09-22T07:12:45.109+0000][67][gc,phases   ] GC(10)   Pre Evacuate Collection Set: 0.2ms
[2025-09-22T07:12:45.109+0000][67][gc,phases   ] GC(10)   Merge Heap Roots: 0.1ms
[2025-09-22T07:12:45.109+0000][67][gc,phases   ] GC(10)   Evacuate Collection Set: 16.9ms
[2025-09-22T07:12:45.110+0000][67][gc,phases   ] GC(10)   Post Evacuate Collection Set: 1.1ms
[2025-09-22T07:12:45.110+0000][67][gc,phases   ] GC(10)   Other: 0.2ms
[2025-09-22T07:12:45.110+0000][67][gc,age      ] GC(10) Age table with threshold 2 (max threshold 15)
[2025-09-22T07:12:45.110+0000][67][gc,age      ] GC(10) - age   1:    7437800 bytes,    7437800 total
[2025-09-22T07:12:45.110+0000][67][gc,age      ] GC(10) - age   2:   17904256 bytes,   25342056 total
[2025-09-22T07:12:45.110+0000][67][gc,heap     ] GC(10) Eden regions: 43->0(69)
[2025-09-22T07:12:45.110+0000][67][gc,heap     ] GC(10) Survivor regions: 10->7(10)
[2025-09-22T07:12:45.110+0000][67][gc,heap     ] GC(10) Old regions: 3->8
[2025-09-22T07:12:45.110+0000][67][gc,heap     ] GC(10) Archive regions: 2->2
[2025-09-22T07:12:45.110+0000][67][gc,heap     ] GC(10) Humongous regions: 0->0
[2025-09-22T07:12:45.110+0000][67][gc,metaspace] GC(10) Metaspace: 60138K(61568K)->60138K(61568K) NonClass: 52590K(53440K)->52590K(53440K) Class: 7547K(8128K)->7547K(8128K)
[2025-09-22T07:12:45.110+0000][67][gc          ] GC(10) Pause Young (Concurrent Start) (Metadata GC Threshold) 224M->59M(512M) 19.390ms
[2025-09-22T07:12:45.110+0000][67][gc,cpu      ] GC(10) User=0.06s Sys=0.00s Real=0.02s
[2025-09-22T07:12:45.110+0000][67][gc          ] GC(11) Concurrent Mark Cycle
[2025-09-22T07:12:45.113+0000][67][gc,marking  ] GC(11) Concurrent Clear Claimed Marks
[2025-09-22T07:12:45.110+0000][67][safepoint   ] Safepoint "CollectForMetadataAllocation", Time since last: 265374250 ns, Reaching safepoint: 92166 ns, At safepoint: 19574000 ns, Total: 19666166 ns
[2025-09-22T07:12:45.114+0000][67][gc,marking  ] GC(11) Concurrent Clear Claimed Marks 0.302ms
[2025-09-22T07:12:45.117+0000][67][gc,marking  ] GC(11) Concurrent Scan Root Regions
[2025-09-22T07:12:45.127+0000][67][safepoint   ] Safepoint "CollectForMetadataAllocation", Time since last: 16540625 ns, Reaching safepoint: 29625 ns, At safepoint: 106834 ns, Total: 136459 ns
[2025-09-22T07:12:45.136+0000][67][gc,marking  ] GC(11) Concurrent Scan Root Regions 18.768ms
[2025-09-22T07:12:45.138+0000][67][gc,marking  ] GC(11) Concurrent Mark
[2025-09-22T07:12:45.138+0000][67][gc,marking  ] GC(11) Concurrent Mark From Roots
[2025-09-22T07:12:45.138+0000][67][gc,task     ] GC(11) Using 2 workers of 2 for marking
[2025-09-22T07:12:45.138+0000][67][safepoint   ] Safepoint "CollectForMetadataAllocation", Time since last: 10854833 ns, Reaching safepoint: 90167 ns, At safepoint: 61250 ns, Total: 151417 ns
[2025-09-22T07:12:45.143+0000][67][gc,marking  ] GC(11) Concurrent Mark From Roots 5.698ms
[2025-09-22T07:12:45.145+0000][67][gc,marking  ] GC(11) Concurrent Preclean
[2025-09-22T07:12:45.146+0000][67][gc,marking  ] GC(11) Concurrent Preclean 0.204ms
[2025-09-22T07:12:45.148+0000][67][gc,start    ] GC(11) Pause Remark
[2025-09-22T07:12:45.157+0000][67][gc          ] GC(11) Pause Remark 65M->65M(512M) 8.220ms
[2025-09-22T07:12:45.157+0000][67][gc,cpu      ] GC(11) User=0.04s Sys=0.01s Real=0.01s
[2025-09-22T07:12:45.157+0000][67][safepoint   ] Safepoint "G1PauseRemark", Time since last: 10630083 ns, Reaching safepoint: 83584 ns, At safepoint: 8454625 ns, Total: 8538209 ns
[2025-09-22T07:12:45.157+0000][67][gc,marking  ] GC(11) Concurrent Mark 19.462ms
[2025-09-22T07:12:45.157+0000][67][gc,marking  ] GC(11) Concurrent Rebuild Remembered Sets
[2025-09-22T07:12:45.159+0000][67][safepoint   ] Safepoint "CollectForMetadataAllocation", Time since last: 197291 ns, Reaching safepoint: 1619459 ns, At safepoint: 6250 ns, Total: 1625709 ns
[2025-09-22T07:12:45.164+0000][67][gc,marking  ] GC(11) Concurrent Rebuild Remembered Sets 6.249ms
[2025-09-22T07:12:45.164+0000][67][gc,start    ] GC(11) Pause Cleanup
[2025-09-22T07:12:45.165+0000][67][gc          ] GC(11) Pause Cleanup 65M->65M(512M) 0.171ms
[2025-09-22T07:12:45.165+0000][67][gc,cpu      ] GC(11) User=0.00s Sys=0.00s Real=0.00s
[2025-09-22T07:12:45.165+0000][67][safepoint   ] Safepoint "G1PauseCleanup", Time since last: 5137791 ns, Reaching safepoint: 676667 ns, At safepoint: 336542 ns, Total: 1013209 ns
[2025-09-22T07:12:45.169+0000][67][gc,marking  ] GC(11) Concurrent Cleanup for Next Mark
[2025-09-22T07:12:45.172+0000][67][gc,marking  ] GC(11) Concurrent Cleanup for Next Mark 2.114ms
[2025-09-22T07:12:45.172+0000][67][gc          ] GC(11) Concurrent Mark Cycle 61.831ms
[2025-09-22T07:12:45.300+0000][67][safepoint   ] Safepoint "ICBufferFull", Time since last: 134463958 ns, Reaching safepoint: 327042 ns, At safepoint: 18041 ns, Total: 345083 ns
[2025-09-22T07:12:46.087+0000][67][safepoint   ] Safepoint "ICBufferFull", Time since last: 787080542 ns, Reaching safepoint: 673917 ns, At safepoint: 7083 ns, Total: 681000 ns
[2025-09-22T07:12:46.290+0000][67][gc,start    ] GC(12) Pause Young (Normal) (G1 Evacuation Pause)
[2025-09-22T07:12:46.291+0000][67][gc,task     ] GC(12) Using 8 workers of 8 for evacuation
[2025-09-22T07:12:46.291+0000][67][gc,age      ] GC(12) Desired survivor size 20971520 bytes, new threshold 2 (max threshold 15)
[2025-09-22T07:12:46.311+0000][67][gc,phases   ] GC(12)   Pre Evacuate Collection Set: 0.1ms
[2025-09-22T07:12:46.311+0000][67][gc,phases   ] GC(12)   Merge Heap Roots: 0.1ms
[2025-09-22T07:12:46.311+0000][67][gc,phases   ] GC(12)   Evacuate Collection Set: 17.1ms
[2025-09-22T07:12:46.311+0000][67][gc,phases   ] GC(12)   Post Evacuate Collection Set: 2.4ms
[2025-09-22T07:12:46.311+0000][67][gc,phases   ] GC(12)   Other: 0.2ms
[2025-09-22T07:12:46.311+0000][67][gc,age      ] GC(12) Age table with threshold 2 (max threshold 15)
[2025-09-22T07:12:46.311+0000][67][gc,age      ] GC(12) - age   1:    4154992 bytes,    4154992 total
[2025-09-22T07:12:46.311+0000][67][gc,age      ] GC(12) - age   2:    7191896 bytes,   11346888 total
[2025-09-22T07:12:46.311+0000][67][gc,heap     ] GC(12) Eden regions: 69->0(72)
[2025-09-22T07:12:46.311+0000][67][gc,heap     ] GC(12) Survivor regions: 7->4(10)
[2025-09-22T07:12:46.311+0000][67][gc,heap     ] GC(12) Old regions: 8->12
[2025-09-22T07:12:46.311+0000][67][gc,heap     ] GC(12) Archive regions: 2->2
[2025-09-22T07:12:46.311+0000][67][gc,heap     ] GC(12) Humongous regions: 0->0
[2025-09-22T07:12:46.311+0000][67][gc,metaspace] GC(12) Metaspace: 71579K(73280K)->71579K(73280K) NonClass: 62461K(63424K)->62461K(63424K) Class: 9118K(9856K)->9118K(9856K)
[2025-09-22T07:12:46.312+0000][67][gc          ] GC(12) Pause Young (Normal) (G1 Evacuation Pause) 335M->63M(512M) 21.110ms
[2025-09-22T07:12:46.312+0000][67][gc,cpu      ] GC(12) User=0.08s Sys=0.00s Real=0.02s
[2025-09-22T07:12:46.312+0000][67][safepoint   ] Safepoint "G1CollectForAllocation", Time since last: 202968834 ns, Reaching safepoint: 136250 ns, At safepoint: 21239041 ns, Total: 21375291 ns
[2025-09-22T07:12:47.091+0000][67][safepoint   ] Safepoint "ICBufferFull", Time since last: 778422209 ns, Reaching safepoint: 463042 ns, At safepoint: 2708 ns, Total: 465750 ns
[2025-09-22T07:12:47.224+0000][67][safepoint   ] Safepoint "ICBufferFull", Time since last: 133031000 ns, Reaching safepoint: 132375 ns, At safepoint: 11417 ns, Total: 143792 ns
[2025-09-22T07:12:47.356+0000][67][safepoint   ] Safepoint "ICBufferFull", Time since last: 132158667 ns, Reaching safepoint: 211625 ns, At safepoint: 22625 ns, Total: 234250 ns
[2025-09-22T07:12:47.582+0000][67][safepoint   ] Safepoint "ICBufferFull", Time since last: 225995958 ns, Reaching safepoint: 110458 ns, At safepoint: 2709 ns, Total: 113167 ns
[2025-09-22T07:12:47.592+0000][67][gc,start    ] GC(13) Pause Young (Concurrent Start) (Metadata GC Threshold)
[2025-09-22T07:12:47.592+0000][67][gc,task     ] GC(13) Using 8 workers of 8 for evacuation
[2025-09-22T07:12:47.592+0000][67][gc,age      ] GC(13) Desired survivor size 20971520 bytes, new threshold 15 (max threshold 15)
[2025-09-22T07:12:47.603+0000][67][gc,phases   ] GC(13)   Pre Evacuate Collection Set: 0.4ms
[2025-09-22T07:12:47.603+0000][67][gc,phases   ] GC(13)   Merge Heap Roots: 0.1ms
[2025-09-22T07:12:47.603+0000][67][gc,phases   ] GC(13)   Evacuate Collection Set: 9.0ms
[2025-09-22T07:12:47.603+0000][67][gc,phases   ] GC(13)   Post Evacuate Collection Set: 1.6ms
[2025-09-22T07:12:47.603+0000][67][gc,phases   ] GC(13)   Other: 0.2ms
[2025-09-22T07:12:47.603+0000][67][gc,age      ] GC(13) Age table with threshold 15 (max threshold 15)
[2025-09-22T07:12:47.603+0000][67][gc,age      ] GC(13) - age   1:   12925936 bytes,   12925936 total
[2025-09-22T07:12:47.603+0000][67][gc,age      ] GC(13) - age   2:    3959088 bytes,   16885024 total
[2025-09-22T07:12:47.603+0000][67][gc,age      ] GC(13) - age   3:    7086128 bytes,   23971152 total
[2025-09-22T07:12:47.603+0000][67][gc,heap     ] GC(13) Eden regions: 49->0(70)
[2025-09-22T07:12:47.603+0000][67][gc,heap     ] GC(13) Survivor regions: 4->6(10)
[2025-09-22T07:12:47.603+0000][67][gc,heap     ] GC(13) Old regions: 12->12
[2025-09-22T07:12:47.603+0000][67][gc,heap     ] GC(13) Archive regions: 2->2
[2025-09-22T07:12:47.603+0000][67][gc,heap     ] GC(13) Humongous regions: 0->0
[2025-09-22T07:12:47.603+0000][67][gc,metaspace] GC(13) Metaspace: 101157K(104128K)->101157K(104128K) NonClass: 87818K(89344K)->87818K(89344K) Class: 13338K(14784K)->13338K(14784K)
[2025-09-22T07:12:47.603+0000][67][gc          ] GC(13) Pause Young (Concurrent Start) (Metadata GC Threshold) 257M->74M(512M) 11.694ms
[2025-09-22T07:12:47.603+0000][67][gc,cpu      ] GC(13) User=0.06s Sys=0.00s Real=0.02s
[2025-09-22T07:12:47.603+0000][67][gc          ] GC(14) Concurrent Mark Cycle
[2025-09-22T07:12:47.603+0000][67][gc,marking  ] GC(14) Concurrent Clear Claimed Marks
[2025-09-22T07:12:47.603+0000][67][safepoint   ] Safepoint "CollectForMetadataAllocation", Time since last: 9198291 ns, Reaching safepoint: 47875 ns, At safepoint: 11847000 ns, Total: 11894875 ns
[2025-09-22T07:12:47.604+0000][67][gc,marking  ] GC(14) Concurrent Clear Claimed Marks 0.264ms
[2025-09-22T07:12:47.606+0000][67][gc,marking  ] GC(14) Concurrent Scan Root Regions
[2025-09-22T07:12:47.613+0000][67][gc,marking  ] GC(14) Concurrent Scan Root Regions 6.575ms
[2025-09-22T07:12:47.613+0000][67][gc,marking  ] GC(14) Concurrent Mark
[2025-09-22T07:12:47.613+0000][67][gc,marking  ] GC(14) Concurrent Mark From Roots
[2025-09-22T07:12:47.613+0000][67][gc,task     ] GC(14) Using 2 workers of 2 for marking
[2025-09-22T07:12:47.618+0000][67][safepoint   ] Safepoint "CollectForMetadataAllocation", Time since last: 14840500 ns, Reaching safepoint: 53459 ns, At safepoint: 102458 ns, Total: 155917 ns
[2025-09-22T07:12:47.626+0000][67][safepoint   ] Safepoint "CollectForMetadataAllocation", Time since last: 7514750 ns, Reaching safepoint: 87917 ns, At safepoint: 89500 ns, Total: 177417 ns
[2025-09-22T07:12:47.630+0000][67][gc,marking  ] GC(14) Concurrent Mark From Roots 16.723ms
[2025-09-22T07:12:47.633+0000][67][gc,marking  ] GC(14) Concurrent Preclean
[2025-09-22T07:12:47.634+0000][67][gc,marking  ] GC(14) Concurrent Preclean 0.240ms
[2025-09-22T07:12:47.636+0000][67][gc,start    ] GC(14) Pause Remark
[2025-09-22T07:12:47.638+0000][67][gc          ] GC(14) Pause Remark 81M->81M(512M) 2.416ms
[2025-09-22T07:12:47.638+0000][67][gc,cpu      ] GC(14) User=0.01s Sys=0.00s Real=0.00s
[2025-09-22T07:12:47.638+0000][67][safepoint   ] Safepoint "G1PauseRemark", Time since last: 8332583 ns, Reaching safepoint: 1259542 ns, At safepoint: 2515291 ns, Total: 3774833 ns
[2025-09-22T07:12:47.642+0000][67][gc,marking  ] GC(14) Concurrent Mark 28.583ms
[2025-09-22T07:12:47.642+0000][67][gc,marking  ] GC(14) Concurrent Rebuild Remembered Sets
[2025-09-22T07:12:47.651+0000][67][gc,marking  ] GC(14) Concurrent Rebuild Remembered Sets 9.276ms
[2025-09-22T07:12:47.652+0000][67][gc,start    ] GC(14) Pause Cleanup
[2025-09-22T07:12:47.653+0000][67][gc          ] GC(14) Pause Cleanup 84M->84M(512M) 0.106ms
[2025-09-22T07:12:47.653+0000][67][gc,cpu      ] GC(14) User=0.00s Sys=0.00s Real=0.00s
[2025-09-22T07:12:47.653+0000][67][safepoint   ] Safepoint "G1PauseCleanup", Time since last: 13145375 ns, Reaching safepoint: 1110667 ns, At safepoint: 254625 ns, Total: 1365292 ns
[2025-09-22T07:12:47.653+0000][67][gc,marking  ] GC(14) Concurrent Cleanup for Next Mark
[2025-09-22T07:12:47.653+0000][67][gc,marking  ] GC(14) Concurrent Cleanup for Next Mark 0.291ms
[2025-09-22T07:12:47.653+0000][67][gc          ] GC(14) Concurrent Mark Cycle 49.955ms
[2025-09-22T07:12:47.964+0000][67][safepoint   ] Safepoint "ICBufferFull", Time since last: 310833000 ns, Reaching safepoint: 363709 ns, At safepoint: 13541 ns, Total: 377250 ns
[2025-09-22T07:12:48.098+0000][67][safepoint   ] Safepoint "ICBufferFull", Time since last: 133488500 ns, Reaching safepoint: 395375 ns, At safepoint: 7000 ns, Total: 402375 ns
[2025-09-22T07:12:48.449+0000][67][safepoint   ] Safepoint "ICBufferFull", Time since last: 350175042 ns, Reaching safepoint: 540417 ns, At safepoint: 9333 ns, Total: 549750 ns
[2025-09-22T07:12:48.481+0000][67][safepoint   ] Safepoint "ICBufferFull", Time since last: 32290500 ns, Reaching safepoint: 126958 ns, At safepoint: 226625 ns, Total: 353583 ns
[2025-09-22T07:12:48.527+0000][67][safepoint   ] Safepoint "ICBufferFull", Time since last: 44726625 ns, Reaching safepoint: 801042 ns, At safepoint: 12917 ns, Total: 813959 ns
[2025-09-22T07:12:48.573+0000][67][safepoint   ] Safepoint "ICBufferFull", Time since last: 46371541 ns, Reaching safepoint: 116084 ns, At safepoint: 11541 ns, Total: 127625 ns
[2025-09-22T07:12:48.617+0000][67][safepoint   ] Safepoint "ICBufferFull", Time since last: 43776250 ns, Reaching safepoint: 320959 ns, At safepoint: 21583 ns, Total: 342542 ns
[2025-09-22T07:12:48.657+0000][67][safepoint   ] Safepoint "ICBufferFull", Time since last: 39128292 ns, Reaching safepoint: 114292 ns, At safepoint: 3125 ns, Total: 117417 ns
[2025-09-22T07:12:48.785+0000][67][safepoint   ] Safepoint "ICBufferFull", Time since last: 122193041 ns, Reaching safepoint: 6008250 ns, At safepoint: 36459 ns, Total: 6044709 ns
[2025-09-22T07:12:48.960+0000][67][safepoint   ] Safepoint "ICBufferFull", Time since last: 175377500 ns, Reaching safepoint: 111125 ns, At safepoint: 3166 ns, Total: 114291 ns
[2025-09-22T07:12:49.318+0000][67][safepoint   ] Safepoint "ICBufferFull", Time since last: 357883334 ns, Reaching safepoint: 114958 ns, At safepoint: 2583 ns, Total: 117541 ns
[2025-09-22T07:12:50.564+0000][67][safepoint   ] Safepoint "Cleanup", Time since last: 1245116251 ns, Reaching safepoint: 111542 ns, At safepoint: 2666 ns, Total: 114208 ns
[2025-09-22T07:12:51.193+0000][67][safepoint   ] Safepoint "ICBufferFull", Time since last: 629056042 ns, Reaching safepoint: 120125 ns, At safepoint: 3250 ns, Total: 123375 ns
[2025-09-22T07:12:51.308+0000][67][safepoint   ] Safepoint "ICBufferFull", Time since last: 114117209 ns, Reaching safepoint: 701916 ns, At safepoint: 3250 ns, Total: 705166 ns
[2025-09-22T07:12:52.211+0000][67][safepoint   ] Safepoint "ICBufferFull", Time since last: 903749001 ns, Reaching safepoint: 127542 ns, At safepoint: 6458 ns, Total: 134000 ns
[2025-09-22T07:12:52.661+0000][67][safepoint   ] Safepoint "ICBufferFull", Time since last: 448222750 ns, Reaching safepoint: 978750 ns, At safepoint: 11458 ns, Total: 990208 ns
[2025-09-22T07:12:53.205+0000][67][safepoint   ] Safepoint "ICBufferFull", Time since last: 542827376 ns, Reaching safepoint: 1197833 ns, At safepoint: 22458 ns, Total: 1220291 ns
[2025-09-22T07:12:54.209+0000][67][safepoint   ] Safepoint "Cleanup", Time since last: 1003832001 ns, Reaching safepoint: 631458 ns, At safepoint: 31667 ns, Total: 663125 ns
[2025-09-22T07:12:55.209+0000][67][safepoint   ] Safepoint "Cleanup", Time since last: 1000225250 ns, Reaching safepoint: 106042 ns, At safepoint: 3542 ns, Total: 109584 ns
[2025-09-22T07:12:55.399+0000][67][safepoint   ] Safepoint "ICBufferFull", Time since last: 185907000 ns, Reaching safepoint: 3307625 ns, At safepoint: 32541 ns, Total: 3340166 ns
[2025-09-22T07:12:55.412+0000][67][safepoint   ] Safepoint "ICBufferFull", Time since last: 7709667 ns, Reaching safepoint: 1081417 ns, At safepoint: 4888125 ns, Total: 5969542 ns
[2025-09-22T07:12:55.430+0000][67][safepoint   ] Safepoint "ICBufferFull", Time since last: 1260750 ns, Reaching safepoint: 1817416 ns, At safepoint: 14887042 ns, Total: 16704458 ns
[2025-09-22T07:12:55.456+0000][67][safepoint   ] Safepoint "ICBufferFull", Time since last: 22266708 ns, Reaching safepoint: 3045167 ns, At safepoint: 31125 ns, Total: 3076292 ns
[2025-09-22T07:12:55.463+0000][67][safepoint   ] Safepoint "ICBufferFull", Time since last: 7260917 ns, Reaching safepoint: 46500 ns, At safepoint: 1875 ns, Total: 48375 ns
[2025-09-22T07:12:55.466+0000][67][gc,start    ] GC(15) Pause Young (Normal) (G1 Evacuation Pause)
[2025-09-22T07:12:55.467+0000][67][gc,task     ] GC(15) Using 8 workers of 8 for evacuation
[2025-09-22T07:12:55.468+0000][67][gc,age      ] GC(15) Desired survivor size 20971520 bytes, new threshold 3 (max threshold 15)
[2025-09-22T07:12:55.544+0000][67][gc,phases   ] GC(15)   Pre Evacuate Collection Set: 0.5ms
[2025-09-22T07:12:55.547+0000][67][gc,phases   ] GC(15)   Merge Heap Roots: 0.1ms
[2025-09-22T07:12:55.548+0000][67][gc,phases   ] GC(15)   Evacuate Collection Set: 58.7ms
[2025-09-22T07:12:55.548+0000][67][gc,phases   ] GC(15)   Post Evacuate Collection Set: 16.2ms
[2025-09-22T07:12:55.548+0000][67][gc,phases   ] GC(15)   Other: 1.4ms
[2025-09-22T07:12:55.548+0000][67][gc,age      ] GC(15) Age table with threshold 3 (max threshold 15)
[2025-09-22T07:12:55.548+0000][67][gc,age      ] GC(15) - age   1:   24092392 bytes,   24092392 total
[2025-09-22T07:12:55.548+0000][67][gc,age      ] GC(15) - age   2:   11919888 bytes,   36012280 total
[2025-09-22T07:12:55.548+0000][67][gc,age      ] GC(15) - age   3:    3847872 bytes,   39860152 total
[2025-09-22T07:12:55.548+0000][67][gc,heap     ] GC(15) Eden regions: 70->0(63)
[2025-09-22T07:12:55.548+0000][67][gc,heap     ] GC(15) Survivor regions: 6->10(10)
[2025-09-22T07:12:55.548+0000][67][gc,heap     ] GC(15) Old regions: 12->15
[2025-09-22T07:12:55.548+0000][67][gc,heap     ] GC(15) Archive regions: 2->2
[2025-09-22T07:12:55.548+0000][67][gc,heap     ] GC(15) Humongous regions: 4->4
[2025-09-22T07:12:55.548+0000][67][gc,metaspace] GC(15) Metaspace: 121715K(124992K)->121715K(124992K) NonClass: 105461K(107136K)->105461K(107136K) Class: 16253K(17856K)->16253K(17856K)
[2025-09-22T07:12:55.548+0000][67][gc          ] GC(15) Pause Young (Normal) (G1 Evacuation Pause) 370M->116M(512M) 82.572ms
[2025-09-22T07:12:55.548+0000][67][gc,cpu      ] GC(15) User=0.17s Sys=0.01s Real=0.08s
[2025-09-22T07:12:55.548+0000][67][safepoint   ] Safepoint "G1CollectForAllocation", Time since last: 1073333 ns, Reaching safepoint: 1414542 ns, At safepoint: 82772041 ns, Total: 84186583 ns
[2025-09-22T07:12:55.647+0000][67][safepoint   ] Safepoint "ICBufferFull", Time since last: 97419334 ns, Reaching safepoint: 1426250 ns, At safepoint: 34125 ns, Total: 1460375 ns
[2025-09-22T07:12:55.827+0000][67][safepoint   ] Safepoint "ICBufferFull", Time since last: 179795792 ns, Reaching safepoint: 280291 ns, At safepoint: 7750 ns, Total: 288041 ns
[2025-09-22T07:12:56.214+0000][67][safepoint   ] Safepoint "ICBufferFull", Time since last: 386201667 ns, Reaching safepoint: 795375 ns, At safepoint: 13833 ns, Total: 809208 ns
[2025-09-22T07:12:56.391+0000][67][safepoint   ] Safepoint "ICBufferFull", Time since last: 176452834 ns, Reaching safepoint: 137125 ns, At safepoint: 5875 ns, Total: 143000 ns
[2025-09-22T07:12:56.514+0000][67][safepoint   ] Safepoint "ICBufferFull", Time since last: 122236125 ns, Reaching safepoint: 791417 ns, At safepoint: 20375 ns, Total: 811792 ns
[2025-09-22T07:12:56.602+0000][67][safepoint   ] Safepoint "ICBufferFull", Time since last: 86709666 ns, Reaching safepoint: 1503792 ns, At safepoint: 37167 ns, Total: 1540959 ns
[2025-09-22T07:12:56.608+0000][67][safepoint   ] Safepoint "ICBufferFull", Time since last: 4927083 ns, Reaching safepoint: 760375 ns, At safepoint: 21583 ns, Total: 781958 ns
[2025-09-22T07:12:56.807+0000][67][safepoint   ] Safepoint "ICBufferFull", Time since last: 179990709 ns, Reaching safepoint: 19151500 ns, At safepoint: 22458 ns, Total: 19173958 ns
[2025-09-22T07:12:56.825+0000][67][safepoint   ] Safepoint "ICBufferFull", Time since last: 13158042 ns, Reaching safepoint: 4254750 ns, At safepoint: 132041 ns, Total: 4386791 ns
[2025-09-22T07:12:56.845+0000][67][safepoint   ] Safepoint "ICBufferFull", Time since last: 12523250 ns, Reaching safepoint: 7699667 ns, At safepoint: 12750 ns, Total: 7712417 ns
[2025-09-22T07:12:57.041+0000][67][safepoint   ] Safepoint "ICBufferFull", Time since last: 195114875 ns, Reaching safepoint: 803000 ns, At safepoint: 8500 ns, Total: 811500 ns
[2025-09-22T07:12:57.199+0000][67][safepoint   ] Safepoint "ICBufferFull", Time since last: 146621167 ns, Reaching safepoint: 1580542 ns, At safepoint: 9654333 ns, Total: 11234875 ns
[2025-09-22T07:12:57.442+0000][67][safepoint   ] Safepoint "ICBufferFull", Time since last: 228800417 ns, Reaching safepoint: 14984500 ns, At safepoint: 40583 ns, Total: 15025083 ns
[2025-09-22T07:12:57.790+0000][67][safepoint   ] Safepoint "ICBufferFull", Time since last: 346698292 ns, Reaching safepoint: 606917 ns, At safepoint: 13250 ns, Total: 620167 ns
[2025-09-22T07:12:58.329+0000][67][safepoint   ] Safepoint "ICBufferFull", Time since last: 537975875 ns, Reaching safepoint: 833000 ns, At safepoint: 9291 ns, Total: 842291 ns
[2025-09-22T07:12:58.568+0000][67][safepoint   ] Safepoint "ICBufferFull", Time since last: 236957667 ns, Reaching safepoint: 1077209 ns, At safepoint: 1048375 ns, Total: 2125584 ns
[2025-09-22T07:12:58.740+0000][67][safepoint   ] Safepoint "ICBufferFull", Time since last: 171805583 ns, Reaching safepoint: 144875 ns, At safepoint: 12292 ns, Total: 157167 ns
[2025-09-22T07:12:58.908+0000][67][gc,start    ] GC(16) Pause Young (Normal) (G1 Evacuation Pause)
[2025-09-22T07:12:58.908+0000][67][gc,task     ] GC(16) Using 8 workers of 8 for evacuation
[2025-09-22T07:12:58.908+0000][67][gc,age      ] GC(16) Desired survivor size 20971520 bytes, new threshold 1 (max threshold 15)
[2025-09-22T07:12:58.947+0000][67][gc,phases   ] GC(16)   Pre Evacuate Collection Set: 0.1ms
[2025-09-22T07:12:58.948+0000][67][gc,phases   ] GC(16)   Merge Heap Roots: 0.1ms
[2025-09-22T07:12:58.948+0000][67][gc,phases   ] GC(16)   Evacuate Collection Set: 36.7ms
[2025-09-22T07:12:58.948+0000][67][gc,phases   ] GC(16)   Post Evacuate Collection Set: 2.5ms
[2025-09-22T07:12:58.948+0000][67][gc,phases   ] GC(16)   Other: 0.3ms
[2025-09-22T07:12:58.948+0000][67][gc,age      ] GC(16) Age table with threshold 1 (max threshold 15)
[2025-09-22T07:12:58.948+0000][67][gc,age      ] GC(16) - age   1:   11425784 bytes,   11425784 total
[2025-09-22T07:12:58.948+0000][67][gc,heap     ] GC(16) Eden regions: 63->0(63)
[2025-09-22T07:12:58.948+0000][67][gc,heap     ] GC(16) Survivor regions: 10->4(10)
[2025-09-22T07:12:58.949+0000][67][gc,heap     ] GC(16) Old regions: 15->22
[2025-09-22T07:12:58.949+0000][67][gc,heap     ] GC(16) Archive regions: 2->2
[2025-09-22T07:12:58.950+0000][67][gc,heap     ] GC(16) Humongous regions: 4->4
[2025-09-22T07:12:58.950+0000][67][gc,metaspace] GC(16) Metaspace: 128635K(132096K)->128635K(132096K) NonClass: 111435K(113216K)->111435K(113216K) Class: 17199K(18880K)->17199K(18880K)
[2025-09-22T07:12:58.950+0000][67][gc          ] GC(16) Pause Young (Normal) (G1 Evacuation Pause) 368M->120M(512M) 42.068ms
[2025-09-22T07:12:58.950+0000][67][gc,cpu      ] GC(16) User=0.13s Sys=0.01s Real=0.04s
[2025-09-22T07:12:58.950+0000][67][safepoint   ] Safepoint "G1CollectForAllocation", Time since last: 165772666 ns, Reaching safepoint: 2127167 ns, At safepoint: 42240417 ns, Total: 44367584 ns
[2025-09-22T07:12:59.110+0000][67][safepoint   ] Safepoint "ICBufferFull", Time since last: 155070583 ns, Reaching safepoint: 1768583 ns, At safepoint: 3066500 ns, Total: 4835083 ns
[2025-09-22T07:12:59.326+0000][67][safepoint   ] Safepoint "ICBufferFull", Time since last: 215981334 ns, Reaching safepoint: 240917 ns, At safepoint: 9833 ns, Total: 250750 ns
[2025-09-22T07:12:59.328+0000][67][safepoint   ] Safepoint "ICBufferFull", Time since last: 1778000 ns, Reaching safepoint: 772917 ns, At safepoint: 36875 ns, Total: 809792 ns
[2025-09-22T07:13:00.331+0000][67][safepoint   ] Safepoint "Cleanup", Time since last: 1001921583 ns, Reaching safepoint: 380334 ns, At safepoint: 7041 ns, Total: 387375 ns
[2025-09-22T07:13:01.245+0000][67][safepoint   ] Safepoint "ICBufferFull", Time since last: 913380418 ns, Reaching safepoint: 375500 ns, At safepoint: 8458 ns, Total: 383958 ns
[2025-09-22T07:13:01.341+0000][67][safepoint   ] Safepoint "ICBufferFull", Time since last: 95593708 ns, Reaching safepoint: 934917 ns, At safepoint: 61708 ns, Total: 996625 ns
[2025-09-22T07:13:01.420+0000][67][safepoint   ] Safepoint "ICBufferFull", Time since last: 78940584 ns, Reaching safepoint: 203041 ns, At safepoint: 12750 ns, Total: 215791 ns
[2025-09-22T07:13:01.537+0000][67][safepoint   ] Safepoint "ICBufferFull", Time since last: 115144292 ns, Reaching safepoint: 1163917 ns, At safepoint: 14708 ns, Total: 1178625 ns
[2025-09-22T07:13:01.748+0000][67][safepoint   ] Safepoint "ICBufferFull", Time since last: 210822667 ns, Reaching safepoint: 398250 ns, At safepoint: 14041 ns, Total: 412291 ns
[2025-09-22T07:13:01.945+0000][67][safepoint   ] Safepoint "ICBufferFull", Time since last: 194708751 ns, Reaching safepoint: 2115375 ns, At safepoint: 23375 ns, Total: 2138750 ns
[2025-09-22T07:13:01.946+0000][67][safepoint   ] Safepoint "ICBufferFull", Time since last: 884000 ns, Reaching safepoint: 30791 ns, At safepoint: 3875 ns, Total: 34666 ns
[2025-09-22T07:13:02.166+0000][67][safepoint   ] Safepoint "ICBufferFull", Time since last: 212946834 ns, Reaching safepoint: 2384291 ns, At safepoint: 4675875 ns, Total: 7060166 ns
[2025-09-22T07:13:02.838+0000][67][safepoint   ] Safepoint "ICBufferFull", Time since last: 670740917 ns, Reaching safepoint: 1202792 ns, At safepoint: 19042 ns, Total: 1221834 ns
[2025-09-22T07:13:03.841+0000][67][safepoint   ] Safepoint "Cleanup", Time since last: 1003046000 ns, Reaching safepoint: 237208 ns, At safepoint: 12084 ns, Total: 249292 ns
[2025-09-22T07:13:04.356+0000][67][safepoint   ] Safepoint "ICBufferFull", Time since last: 515099042 ns, Reaching safepoint: 140125 ns, At safepoint: 3333 ns, Total: 143458 ns
[2025-09-22T07:13:04.449+0000][67][safepoint   ] Safepoint "ICBufferFull", Time since last: 91366417 ns, Reaching safepoint: 1070875 ns, At safepoint: 60041 ns, Total: 1130916 ns
[2025-09-22T07:13:04.550+0000][67][gc,start    ] GC(17) Pause Young (Normal) (G1 Evacuation Pause)
[2025-09-22T07:13:04.550+0000][67][gc,task     ] GC(17) Using 8 workers of 8 for evacuation
[2025-09-22T07:13:04.550+0000][67][gc,age      ] GC(17) Desired survivor size 18874368 bytes, new threshold 15 (max threshold 15)
[2025-09-22T07:13:04.556+0000][67][gc,phases   ] GC(17)   Pre Evacuate Collection Set: 0.1ms
[2025-09-22T07:13:04.556+0000][67][gc,phases   ] GC(17)   Merge Heap Roots: 0.1ms
[2025-09-22T07:13:04.556+0000][67][gc,phases   ] GC(17)   Evacuate Collection Set: 5.2ms
[2025-09-22T07:13:04.556+0000][67][gc,phases   ] GC(17)   Post Evacuate Collection Set: 0.6ms
[2025-09-22T07:13:04.556+0000][67][gc,phases   ] GC(17)   Other: 0.2ms
[2025-09-22T07:13:04.556+0000][67][gc,age      ] GC(17) Age table with threshold 15 (max threshold 15)
[2025-09-22T07:13:04.556+0000][67][gc,age      ] GC(17) - age   1:    8256824 bytes,    8256824 total
[2025-09-22T07:13:04.556+0000][67][gc,age      ] GC(17) - age   2:    5195936 bytes,   13452760 total
[2025-09-22T07:13:04.556+0000][67][gc,heap     ] GC(17) Eden regions: 63->0(64)
[2025-09-22T07:13:04.556+0000][67][gc,heap     ] GC(17) Survivor regions: 4->4(9)
[2025-09-22T07:13:04.557+0000][67][gc,heap     ] GC(17) Old regions: 22->22
[2025-09-22T07:13:04.557+0000][67][gc,heap     ] GC(17) Archive regions: 2->2
[2025-09-22T07:13:04.557+0000][67][gc,heap     ] GC(17) Humongous regions: 4->4
[2025-09-22T07:13:04.557+0000][67][gc,metaspace] GC(17) Metaspace: 132181K(135680K)->132181K(135680K) NonClass: 114624K(116416K)->114624K(116416K) Class: 17557K(19264K)->17557K(19264K)
[2025-09-22T07:13:04.557+0000][67][gc          ] GC(17) Pause Young (Normal) (G1 Evacuation Pause) 372M->119M(512M) 6.731ms
[2025-09-22T07:13:04.557+0000][67][gc,cpu      ] GC(17) User=0.03s Sys=0.01s Real=0.01s
[2025-09-22T07:13:04.557+0000][67][safepoint   ] Safepoint "G1CollectForAllocation", Time since last: 101126709 ns, Reaching safepoint: 149791 ns, At safepoint: 6868167 ns, Total: 7017958 ns
[2025-09-22T07:13:05.559+0000][67][safepoint   ] Safepoint "Cleanup", Time since last: 1000855333 ns, Reaching safepoint: 130250 ns, At safepoint: 3833 ns, Total: 134083 ns
[2025-09-22T07:13:06.560+0000][67][safepoint   ] Safepoint "Cleanup", Time since last: 1000710751 ns, Reaching safepoint: 368250 ns, At safepoint: 41541 ns, Total: 409791 ns
[2025-09-22T07:13:06.654+0000][67][safepoint   ] Safepoint "ICBufferFull", Time since last: 93520667 ns, Reaching safepoint: 120667 ns, At safepoint: 7000 ns, Total: 127667 ns
[2025-09-22T07:13:07.400+0000][67][safepoint   ] Safepoint "ICBufferFull", Time since last: 745931833 ns, Reaching safepoint: 215417 ns, At safepoint: 5042 ns, Total: 220459 ns
[2025-09-22T07:13:08.402+0000][67][safepoint   ] Safepoint "Cleanup", Time since last: 1000991500 ns, Reaching safepoint: 760875 ns, At safepoint: 590459 ns, Total: 1351334 ns
[2025-09-22T07:13:09.404+0000][67][safepoint   ] Safepoint "Cleanup", Time since last: 1001431833 ns, Reaching safepoint: 581709 ns, At safepoint: 14416 ns, Total: 596125 ns
[2025-09-22T07:13:10.405+0000][67][safepoint   ] Safepoint "Cleanup", Time since last: 1000573876 ns, Reaching safepoint: 99500 ns, At safepoint: 3542 ns, Total: 103042 ns
[2025-09-22T07:13:11.407+0000][67][safepoint   ] Safepoint "Cleanup", Time since last: 1000881167 ns, Reaching safepoint: 1201250 ns, At safepoint: 41166 ns, Total: 1242416 ns
[2025-09-22T07:13:12.410+0000][67][safepoint   ] Safepoint "Cleanup", Time since last: 1002580168 ns, Reaching safepoint: 303625 ns, At safepoint: 15458 ns, Total: 319083 ns
[2025-09-22T07:13:13.411+0000][67][safepoint   ] Safepoint "Cleanup", Time since last: 1001150625 ns, Reaching safepoint: 143750 ns, At safepoint: 6667 ns, Total: 150417 ns
[2025-09-22T07:13:14.040+0000][67][safepoint   ] Safepoint "ICBufferFull", Time since last: 583035542 ns, Reaching safepoint: 45758292 ns, At safepoint: 22041 ns, Total: 45780333 ns
[2025-09-22T07:13:15.044+0000][67][safepoint   ] Safepoint "Cleanup", Time since last: 1003698751 ns, Reaching safepoint: 484500 ns, At safepoint: 14958 ns, Total: 499458 ns
[2025-09-22T07:13:16.047+0000][67][safepoint   ] Safepoint "Cleanup", Time since last: 1001517626 ns, Reaching safepoint: 1438958 ns, At safepoint: 6917 ns, Total: 1445875 ns
[2025-09-22T07:13:17.049+0000][67][safepoint   ] Safepoint "Cleanup", Time since last: 1000489875 ns, Reaching safepoint: 1286167 ns, At safepoint: 20916 ns, Total: 1307083 ns
[2025-09-22T07:13:18.051+0000][67][safepoint   ] Safepoint "Cleanup", Time since last: 1001422168 ns, Reaching safepoint: 189625 ns, At safepoint: 19083 ns, Total: 208708 ns
[2025-09-22T07:13:19.052+0000][67][safepoint   ] Safepoint "Cleanup", Time since last: 1000987625 ns, Reaching safepoint: 160500 ns, At safepoint: 8459 ns, Total: 168959 ns
[2025-09-22T07:13:20.055+0000][67][safepoint   ] Safepoint "Cleanup", Time since last: 1000859709 ns, Reaching safepoint: 2244916 ns, At safepoint: 12625 ns, Total: 2257541 ns
[2025-09-22T07:13:21.058+0000][67][safepoint   ] Safepoint "Cleanup", Time since last: 1002288001 ns, Reaching safepoint: 474041 ns, At safepoint: 17375 ns, Total: 491416 ns
[2025-09-22T07:13:22.060+0000][67][safepoint   ] Safepoint "Cleanup", Time since last: 1001948917 ns, Reaching safepoint: 109042 ns, At safepoint: 10750 ns, Total: 119792 ns
[2025-09-22T07:13:22.169+0000][67][gc,start    ] GC(18) Pause Young (Normal) (G1 Evacuation Pause)
[2025-09-22T07:13:22.170+0000][67][gc,task     ] GC(18) Using 8 workers of 8 for evacuation
[2025-09-22T07:13:22.170+0000][67][gc,age      ] GC(18) Desired survivor size 18874368 bytes, new threshold 15 (max threshold 15)
[2025-09-22T07:13:22.189+0000][67][gc,phases   ] GC(18)   Pre Evacuate Collection Set: 0.2ms
[2025-09-22T07:13:22.189+0000][67][gc,phases   ] GC(18)   Merge Heap Roots: 0.1ms
[2025-09-22T07:13:22.189+0000][67][gc,phases   ] GC(18)   Evacuate Collection Set: 17.4ms
[2025-09-22T07:13:22.189+0000][67][gc,phases   ] GC(18)   Post Evacuate Collection Set: 1.6ms
[2025-09-22T07:13:22.189+0000][67][gc,phases   ] GC(18)   Other: 0.3ms
[2025-09-22T07:13:22.189+0000][67][gc,age      ] GC(18) Age table with threshold 15 (max threshold 15)
[2025-09-22T07:13:22.190+0000][67][gc,age      ] GC(18) - age   1:    4170328 bytes,    4170328 total
[2025-09-22T07:13:22.190+0000][67][gc,age      ] GC(18) - age   2:    3461976 bytes,    7632304 total
[2025-09-22T07:13:22.190+0000][67][gc,age      ] GC(18) - age   3:    5123008 bytes,   12755312 total
[2025-09-22T07:13:22.190+0000][67][gc,heap     ] GC(18) Eden regions: 64->0(66)
[2025-09-22T07:13:22.190+0000][67][gc,heap     ] GC(18) Survivor regions: 4->4(9)
[2025-09-22T07:13:22.190+0000][67][gc,heap     ] GC(18) Old regions: 22->22
[2025-09-22T07:13:22.190+0000][67][gc,heap     ] GC(18) Archive regions: 2->2
[2025-09-22T07:13:22.190+0000][67][gc,heap     ] GC(18) Humongous regions: 4->4
[2025-09-22T07:13:22.190+0000][67][gc,metaspace] GC(18) Metaspace: 133083K(136640K)->133083K(136640K) NonClass: 115470K(117312K)->115470K(117312K) Class: 17613K(19328K)->17613K(19328K)
[2025-09-22T07:13:22.190+0000][67][gc          ] GC(18) Pause Young (Normal) (G1 Evacuation Pause) 375M->119M(512M) 20.511ms
[2025-09-22T07:13:22.190+0000][67][gc,cpu      ] GC(18) User=0.13s Sys=0.00s Real=0.02s
[2025-09-22T07:13:22.190+0000][67][safepoint   ] Safepoint "G1CollectForAllocation", Time since last: 109492125 ns, Reaching safepoint: 48917 ns, At safepoint: 20659542 ns, Total: 20708459 ns
[2025-09-22T07:13:23.191+0000][67][safepoint   ] Safepoint "Cleanup", Time since last: 1000727583 ns, Reaching safepoint: 323459 ns, At safepoint: 11666 ns, Total: 335125 ns
[2025-09-22T07:13:24.192+0000][67][safepoint   ] Safepoint "Cleanup", Time since last: 1000589042 ns, Reaching safepoint: 250542 ns, At safepoint: 13708 ns, Total: 264250 ns
[2025-09-22T07:13:25.742+0000][67][safepoint   ] Safepoint "ICBufferFull", Time since last: 1550005001 ns, Reaching safepoint: 136625 ns, At safepoint: 3000 ns, Total: 139625 ns
[2025-09-22T07:13:25.786+0000][67][safepoint   ] Safepoint "ICBufferFull", Time since last: 43448167 ns, Reaching safepoint: 140083 ns, At safepoint: 3292 ns, Total: 143375 ns
[2025-09-22T07:13:26.790+0000][67][safepoint   ] Safepoint "Cleanup", Time since last: 1003972625 ns, Reaching safepoint: 296667 ns, At safepoint: 9042 ns, Total: 305709 ns
[2025-09-22T07:13:27.795+0000][67][safepoint   ] Safepoint "Cleanup", Time since last: 1003697750 ns, Reaching safepoint: 1098667 ns, At safepoint: 19167 ns, Total: 1117834 ns
[2025-09-22T07:13:28.384+0000][67][safepoint   ] Safepoint "ICBufferFull", Time since last: 589175416 ns, Reaching safepoint: 191834 ns, At safepoint: 6125 ns, Total: 197959 ns
[2025-09-22T07:13:29.385+0000][67][safepoint   ] Safepoint "Cleanup", Time since last: 1000862167 ns, Reaching safepoint: 188833 ns, At safepoint: 11250 ns, Total: 200083 ns
[2025-09-22T07:13:30.386+0000][67][safepoint   ] Safepoint "Cleanup", Time since last: 1000562542 ns, Reaching safepoint: 168209 ns, At safepoint: 14833 ns, Total: 183042 ns
[2025-09-22T07:13:31.510+0000][67][gc,start    ] GC(19) Pause Young (Normal) (G1 Evacuation Pause)
[2025-09-22T07:13:31.510+0000][67][gc,task     ] GC(19) Using 8 workers of 8 for evacuation
[2025-09-22T07:13:31.510+0000][67][gc,age      ] GC(19) Desired survivor size 18874368 bytes, new threshold 15 (max threshold 15)
[2025-09-22T07:13:31.516+0000][67][gc,phases   ] GC(19)   Pre Evacuate Collection Set: 0.1ms
[2025-09-22T07:13:31.516+0000][67][gc,phases   ] GC(19)   Merge Heap Roots: 0.1ms
[2025-09-22T07:13:31.516+0000][67][gc,phases   ] GC(19)   Evacuate Collection Set: 4.5ms
[2025-09-22T07:13:31.516+0000][67][gc,phases   ] GC(19)   Post Evacuate Collection Set: 1.1ms
[2025-09-22T07:13:31.516+0000][67][gc,phases   ] GC(19)   Other: 0.1ms
[2025-09-22T07:13:31.516+0000][67][gc,age      ] GC(19) Age table with threshold 15 (max threshold 15)
[2025-09-22T07:13:31.516+0000][67][gc,age      ] GC(19) - age   1:    2878944 bytes,    2878944 total
[2025-09-22T07:13:31.516+0000][67][gc,age      ] GC(19) - age   2:    1870512 bytes,    4749456 total
[2025-09-22T07:13:31.516+0000][67][gc,age      ] GC(19) - age   3:    3460008 bytes,    8209464 total
[2025-09-22T07:13:31.516+0000][67][gc,age      ] GC(19) - age   4:    5071768 bytes,   13281232 total
[2025-09-22T07:13:31.516+0000][67][gc,heap     ] GC(19) Eden regions: 66->0(67)
[2025-09-22T07:13:31.516+0000][67][gc,heap     ] GC(19) Survivor regions: 4->4(9)
[2025-09-22T07:13:31.516+0000][67][gc,heap     ] GC(19) Old regions: 22->22
[2025-09-22T07:13:31.517+0000][67][gc,heap     ] GC(19) Archive regions: 2->2
[2025-09-22T07:13:31.517+0000][67][gc,heap     ] GC(19) Humongous regions: 4->4
[2025-09-22T07:13:31.517+0000][67][gc,metaspace] GC(19) Metaspace: 133496K(137088K)->133496K(137088K) NonClass: 115880K(117760K)->115880K(117760K) Class: 17615K(19328K)->17615K(19328K)
[2025-09-22T07:13:31.517+0000][67][gc          ] GC(19) Pause Young (Normal) (G1 Evacuation Pause) 383M->119M(512M) 6.760ms
[2025-09-22T07:13:31.517+0000][67][gc,cpu      ] GC(19) User=0.04s Sys=0.00s Real=0.01s
[2025-09-22T07:13:31.517+0000][67][safepoint   ] Safepoint "G1CollectForAllocation", Time since last: 1123772792 ns, Reaching safepoint: 143750 ns, At safepoint: 6915042 ns, Total: 7058792 ns
[2025-09-22T07:13:32.518+0000][67][safepoint   ] Safepoint "Cleanup", Time since last: 1001409084 ns, Reaching safepoint: 292750 ns, At safepoint: 10291 ns, Total: 303041 ns
[2025-09-22T07:13:34.522+0000][67][safepoint   ] Safepoint "Cleanup", Time since last: 2003378793 ns, Reaching safepoint: 305917 ns, At safepoint: 28083 ns, Total: 334000 ns
[2025-09-22T07:13:35.523+0000][67][safepoint   ] Safepoint "Cleanup", Time since last: 1001265916 ns, Reaching safepoint: 307375 ns, At safepoint: 27334 ns, Total: 334709 ns
[2025-09-22T07:13:37.525+0000][67][safepoint   ] Safepoint "Cleanup", Time since last: 2001885376 ns, Reaching safepoint: 112291 ns, At safepoint: 8750 ns, Total: 121041 ns
[2025-09-22T07:13:38.527+0000][67][safepoint   ] Safepoint "Cleanup", Time since last: 1001059042 ns, Reaching safepoint: 852334 ns, At safepoint: 34500 ns, Total: 886834 ns
[2025-09-22T07:13:40.531+0000][67][safepoint   ] Safepoint "Cleanup", Time since last: 2003228167 ns, Reaching safepoint: 970959 ns, At safepoint: 64000 ns, Total: 1034959 ns
[2025-09-22T07:13:42.534+0000][67][safepoint   ] Safepoint "Cleanup", Time since last: 2001989251 ns, Reaching safepoint: 741291 ns, At safepoint: 18500 ns, Total: 759791 ns
[2025-09-22T07:13:43.378+0000][67][safepoint   ] Safepoint "ICBufferFull", Time since last: 843388959 ns, Reaching safepoint: 265333 ns, At safepoint: 8292 ns, Total: 273625 ns
[2025-09-22T07:13:44.381+0000][67][safepoint   ] Safepoint "Cleanup", Time since last: 1002982667 ns, Reaching safepoint: 509833 ns, At safepoint: 31459 ns, Total: 541292 ns
[2025-09-22T07:13:45.383+0000][67][safepoint   ] Safepoint "Cleanup", Time since last: 1001743459 ns, Reaching safepoint: 86833 ns, At safepoint: 5833 ns, Total: 92666 ns
[2025-09-22T07:13:46.385+0000][67][safepoint   ] Safepoint "Cleanup", Time since last: 1001438376 ns, Reaching safepoint: 183583 ns, At safepoint: 10542 ns, Total: 194125 ns
[2025-09-22T07:13:47.387+0000][67][safepoint   ] Safepoint "Cleanup", Time since last: 1001746375 ns, Reaching safepoint: 327167 ns, At safepoint: 18542 ns, Total: 345709 ns
[2025-09-22T07:13:48.389+0000][67][safepoint   ] Safepoint "Cleanup", Time since last: 1001506333 ns, Reaching safepoint: 294917 ns, At safepoint: 16125 ns, Total: 311042 ns
[2025-09-22T07:13:49.390+0000][67][safepoint   ] Safepoint "Cleanup", Time since last: 1001307209 ns, Reaching safepoint: 83958 ns, At safepoint: 3959 ns, Total: 87917 ns
[2025-09-22T07:13:50.392+0000][67][safepoint   ] Safepoint "Cleanup", Time since last: 1001035125 ns, Reaching safepoint: 304083 ns, At safepoint: 16250 ns, Total: 320333 ns
[2025-09-22T07:13:51.393+0000][67][safepoint   ] Safepoint "Cleanup", Time since last: 1000887709 ns, Reaching safepoint: 175500 ns, At safepoint: 8958 ns, Total: 184458 ns
[2025-09-22T07:13:52.396+0000][67][safepoint   ] Safepoint "Cleanup", Time since last: 1002833876 ns, Reaching safepoint: 134250 ns, At safepoint: 6875 ns, Total: 141125 ns
[2025-09-22T07:13:53.398+0000][67][safepoint   ] Safepoint "Cleanup", Time since last: 1002578750 ns, Reaching safepoint: 186667 ns, At safepoint: 7292 ns, Total: 193959 ns
[2025-09-22T07:13:54.400+0000][67][safepoint   ] Safepoint "Cleanup", Time since last: 1000998292 ns, Reaching safepoint: 415625 ns, At safepoint: 37333 ns, Total: 452958 ns
[2025-09-22T07:13:55.401+0000][67][safepoint   ] Safepoint "Cleanup", Time since last: 1001285709 ns, Reaching safepoint: 290333 ns, At safepoint: 5917 ns, Total: 296250 ns
[2025-09-22T07:13:56.403+0000][67][safepoint   ] Safepoint "Cleanup", Time since last: 1000938084 ns, Reaching safepoint: 328500 ns, At safepoint: 15167 ns, Total: 343667 ns
[2025-09-22T07:13:58.406+0000][67][safepoint   ] Safepoint "Cleanup", Time since last: 2002545209 ns, Reaching safepoint: 335000 ns, At safepoint: 10916 ns, Total: 345916 ns
[2025-09-22T07:14:01.412+0000][67][safepoint   ] Safepoint "Cleanup", Time since last: 3006767502 ns, Reaching safepoint: 134625 ns, At safepoint: 5417 ns, Total: 140042 ns
[2025-09-22T07:14:02.414+0000][67][safepoint   ] Safepoint "Cleanup", Time since last: 1001134083 ns, Reaching safepoint: 75834 ns, At safepoint: 7333 ns, Total: 83167 ns
[2025-09-22T07:14:04.417+0000][67][safepoint   ] Safepoint "Cleanup", Time since last: 2003628959 ns, Reaching safepoint: 69667 ns, At safepoint: 3333 ns, Total: 73000 ns
[2025-09-22T07:14:05.420+0000][67][safepoint   ] Safepoint "Cleanup", Time since last: 1001984833 ns, Reaching safepoint: 221042 ns, At safepoint: 13500 ns, Total: 234542 ns
[2025-09-22T07:14:06.421+0000][67][safepoint   ] Safepoint "Cleanup", Time since last: 1001278750 ns, Reaching safepoint: 260125 ns, At safepoint: 11375 ns, Total: 271500 ns
[2025-09-22T07:14:07.423+0000][67][safepoint   ] Safepoint "Cleanup", Time since last: 1001202959 ns, Reaching safepoint: 88833 ns, At safepoint: 5042 ns, Total: 93875 ns
[2025-09-22T07:14:08.423+0000][67][safepoint   ] Safepoint "Cleanup", Time since last: 1000650417 ns, Reaching safepoint: 115750 ns, At safepoint: 4375 ns, Total: 120125 ns
[2025-09-22T07:14:10.426+0000][67][safepoint   ] Safepoint "Cleanup", Time since last: 2002052793 ns, Reaching safepoint: 227167 ns, At safepoint: 9375 ns, Total: 236542 ns
[2025-09-22T07:14:13.429+0000][67][safepoint   ] Safepoint "Cleanup", Time since last: 3003591001 ns, Reaching safepoint: 165292 ns, At safepoint: 6500 ns, Total: 171792 ns
[2025-09-22T07:14:14.431+0000][67][safepoint   ] Safepoint "Cleanup", Time since last: 1001071958 ns, Reaching safepoint: 302459 ns, At safepoint: 15833 ns, Total: 318292 ns
[2025-09-22T07:14:15.433+0000][67][safepoint   ] Safepoint "Cleanup", Time since last: 1001597626 ns, Reaching safepoint: 280375 ns, At safepoint: 14166 ns, Total: 294541 ns
[2025-09-22T07:14:18.437+0000][67][safepoint   ] Safepoint "Cleanup", Time since last: 3004067543 ns, Reaching safepoint: 418084 ns, At safepoint: 63916 ns, Total: 482000 ns
[2025-09-22T07:14:19.439+0000][67][safepoint   ] Safepoint "Cleanup", Time since last: 1001205626 ns, Reaching safepoint: 111333 ns, At safepoint: 5709 ns, Total: 117042 ns
[2025-09-22T07:14:20.440+0000][67][safepoint   ] Safepoint "Cleanup", Time since last: 1000872500 ns, Reaching safepoint: 193208 ns, At safepoint: 9917 ns, Total: 203125 ns
[2025-09-22T07:14:22.444+0000][67][safepoint   ] Safepoint "Cleanup", Time since last: 2004338001 ns, Reaching safepoint: 63417 ns, At safepoint: 4041 ns, Total: 67458 ns
[2025-09-22T07:14:25.450+0000][67][safepoint   ] Safepoint "Cleanup", Time since last: 3005403502 ns, Reaching safepoint: 173291 ns, At safepoint: 6167 ns, Total: 179458 ns
[2025-09-22T07:14:26.451+0000][67][safepoint   ] Safepoint "Cleanup", Time since last: 1001644376 ns, Reaching safepoint: 104583 ns, At safepoint: 9958 ns, Total: 114541 ns
[2025-09-22T07:14:28.454+0000][67][safepoint   ] Safepoint "Cleanup", Time since last: 2001968626 ns, Reaching safepoint: 423667 ns, At safepoint: 17833 ns, Total: 441500 ns
[2025-09-22T07:14:31.458+0000][67][safepoint   ] Safepoint "Cleanup", Time since last: 3004453252 ns, Reaching safepoint: 89375 ns, At safepoint: 6833 ns, Total: 96208 ns
[2025-09-22T07:14:32.460+0000][67][safepoint   ] Safepoint "Cleanup", Time since last: 1000936042 ns, Reaching safepoint: 582792 ns, At safepoint: 18666 ns, Total: 601458 ns
[2025-09-22T07:14:33.463+0000][67][safepoint   ] Safepoint "Cleanup", Time since last: 1002555918 ns, Reaching safepoint: 224166 ns, At safepoint: 19042 ns, Total: 243208 ns
[2025-09-22T07:14:34.465+0000][67][safepoint   ] Safepoint "Cleanup", Time since last: 1001600375 ns, Reaching safepoint: 152209 ns, At safepoint: 6458 ns, Total: 158667 ns
[2025-09-22T07:14:37.467+0000][67][safepoint   ] Safepoint "Cleanup", Time since last: 3002258167 ns, Reaching safepoint: 171584 ns, At safepoint: 4166 ns, Total: 175750 ns
[2025-09-22T07:14:38.470+0000][67][safepoint   ] Safepoint "Cleanup", Time since last: 1002155793 ns, Reaching safepoint: 1244291 ns, At safepoint: 29917 ns, Total: 1274208 ns
[2025-09-22T07:14:40.473+0000][67][safepoint   ] Safepoint "Cleanup", Time since last: 2002187709 ns, Reaching safepoint: 295000 ns, At safepoint: 9584 ns, Total: 304584 ns
[2025-09-22T07:14:43.478+0000][67][safepoint   ] Safepoint "Cleanup", Time since last: 3005214918 ns, Reaching safepoint: 278666 ns, At safepoint: 11625 ns, Total: 290291 ns
[2025-09-22T07:14:44.481+0000][67][safepoint   ] Safepoint "Cleanup", Time since last: 1002499543 ns, Reaching safepoint: 397541 ns, At safepoint: 28584 ns, Total: 426125 ns
[2025-09-22T07:14:45.484+0000][67][safepoint   ] Safepoint "Cleanup", Time since last: 1001731875 ns, Reaching safepoint: 497417 ns, At safepoint: 21166 ns, Total: 518583 ns
[2025-09-22T07:14:46.487+0000][67][safepoint   ] Safepoint "Cleanup", Time since last: 1003254584 ns, Reaching safepoint: 209208 ns, At safepoint: 13500 ns, Total: 222708 ns
[2025-09-22T07:14:48.512+0000][67][safepoint   ] Safepoint "Cleanup", Time since last: 2012161876 ns, Reaching safepoint: 12506250 ns, At safepoint: 34500 ns, Total: 12540750 ns
[2025-09-22T07:14:49.515+0000][67][safepoint   ] Safepoint "Cleanup", Time since last: 1003679668 ns, Reaching safepoint: 83291 ns, At safepoint: 10042 ns, Total: 93333 ns
[2025-09-22T07:14:52.519+0000][67][safepoint   ] Safepoint "Cleanup", Time since last: 3003400335 ns, Reaching safepoint: 549125 ns, At safepoint: 17750 ns, Total: 566875 ns
[2025-09-22T07:14:53.526+0000][67][safepoint   ] Safepoint "Cleanup", Time since last: 1006367375 ns, Reaching safepoint: 446083 ns, At safepoint: 9542 ns, Total: 455625 ns
[2025-09-22T07:14:54.529+0000][67][safepoint   ] Safepoint "Cleanup", Time since last: 1002675167 ns, Reaching safepoint: 330125 ns, At safepoint: 23125 ns, Total: 353250 ns
[2025-09-22T07:14:55.532+0000][67][safepoint   ] Safepoint "Cleanup", Time since last: 1002124792 ns, Reaching safepoint: 235292 ns, At safepoint: 15083 ns, Total: 250375 ns
[2025-09-22T07:14:56.533+0000][67][safepoint   ] Safepoint "Cleanup", Time since last: 1000842543 ns, Reaching safepoint: 451583 ns, At safepoint: 17750 ns, Total: 469333 ns
[2025-09-22T07:14:58.536+0000][67][safepoint   ] Safepoint "Cleanup", Time since last: 2003304584 ns, Reaching safepoint: 157667 ns, At safepoint: 20708 ns, Total: 178375 ns
[2025-09-22T07:15:01.540+0000][67][safepoint   ] Safepoint "Cleanup", Time since last: 3003912252 ns, Reaching safepoint: 123958 ns, At safepoint: 5583 ns, Total: 129541 ns
[2025-09-22T07:15:06.547+0000][67][safepoint   ] Safepoint "Cleanup", Time since last: 5006242960 ns, Reaching safepoint: 190875 ns, At safepoint: 18375 ns, Total: 209250 ns
[2025-09-22T07:15:07.341+0000][67][gc,start    ] GC(20) Pause Young (Normal) (G1 Evacuation Pause)
[2025-09-22T07:15:07.341+0000][67][gc,task     ] GC(20) Using 8 workers of 8 for evacuation
[2025-09-22T07:15:07.342+0000][67][gc,age      ] GC(20) Desired survivor size 18874368 bytes, new threshold 15 (max threshold 15)
[2025-09-22T07:15:07.368+0000][67][gc,phases   ] GC(20)   Pre Evacuate Collection Set: 0.4ms
[2025-09-22T07:15:07.368+0000][67][gc,phases   ] GC(20)   Merge Heap Roots: 0.2ms
[2025-09-22T07:15:07.368+0000][67][gc,phases   ] GC(20)   Evacuate Collection Set: 23.2ms
[2025-09-22T07:15:07.369+0000][67][gc,phases   ] GC(20)   Post Evacuate Collection Set: 2.5ms
[2025-09-22T07:15:07.369+0000][67][gc,phases   ] GC(20)   Other: 0.5ms
[2025-09-22T07:15:07.369+0000][67][gc,age      ] GC(20) Age table with threshold 15 (max threshold 15)
[2025-09-22T07:15:07.369+0000][67][gc,age      ] GC(20) - age   1:    1035584 bytes,    1035584 total
[2025-09-22T07:15:07.369+0000][67][gc,age      ] GC(20) - age   2:     449984 bytes,    1485568 total
[2025-09-22T07:15:07.369+0000][67][gc,age      ] GC(20) - age   3:    1403688 bytes,    2889256 total
[2025-09-22T07:15:07.369+0000][67][gc,age      ] GC(20) - age   4:    2769696 bytes,    5658952 total
[2025-09-22T07:15:07.369+0000][67][gc,age      ] GC(20) - age   5:    4864712 bytes,   10523664 total
[2025-09-22T07:15:07.369+0000][67][gc,heap     ] GC(20) Eden regions: 67->0(70)
[2025-09-22T07:15:07.369+0000][67][gc,heap     ] GC(20) Survivor regions: 4->3(9)
[2025-09-22T07:15:07.369+0000][67][gc,heap     ] GC(20) Old regions: 22->22
[2025-09-22T07:15:07.369+0000][67][gc,heap     ] GC(20) Archive regions: 2->2
[2025-09-22T07:15:07.369+0000][67][gc,heap     ] GC(20) Humongous regions: 4->4
[2025-09-22T07:15:07.369+0000][67][gc,metaspace] GC(20) Metaspace: 134494K(138048K)->134494K(138048K) NonClass: 116874K(118720K)->116874K(118720K) Class: 17620K(19328K)->17620K(19328K)
[2025-09-22T07:15:07.369+0000][67][gc          ] GC(20) Pause Young (Normal) (G1 Evacuation Pause) 387M->117M(512M) 28.551ms
[2025-09-22T07:15:07.370+0000][67][gc,cpu      ] GC(20) User=0.18s Sys=0.00s Real=0.03s
[2025-09-22T07:15:07.370+0000][67][safepoint   ] Safepoint "G1CollectForAllocation", Time since last: 790112375 ns, Reaching safepoint: 3232334 ns, At safepoint: 28859625 ns, Total: 32091959 ns
[2025-09-22T07:15:08.372+0000][67][safepoint   ] Safepoint "Cleanup", Time since last: 1001851167 ns, Reaching safepoint: 395167 ns, At safepoint: 6541 ns, Total: 401708 ns
[2025-09-22T07:15:10.374+0000][67][safepoint   ] Safepoint "Cleanup", Time since last: 2001887418 ns, Reaching safepoint: 163417 ns, At safepoint: 16041 ns, Total: 179458 ns
[2025-09-22T07:15:13.379+0000][67][safepoint   ] Safepoint "Cleanup", Time since last: 3003812543 ns, Reaching safepoint: 1242375 ns, At safepoint: 17917 ns, Total: 1260292 ns
[2025-09-22T07:15:14.381+0000][67][safepoint   ] Safepoint "Cleanup", Time since last: 1001235334 ns, Reaching safepoint: 282041 ns, At safepoint: 21000 ns, Total: 303041 ns
[2025-09-22T07:15:15.382+0000][67][safepoint   ] Safepoint "Cleanup", Time since last: 1001432418 ns, Reaching safepoint: 151958 ns, At safepoint: 15667 ns, Total: 167625 ns
[2025-09-22T07:15:16.383+0000][67][safepoint   ] Safepoint "Cleanup", Time since last: 1000941000 ns, Reaching safepoint: 223500 ns, At safepoint: 17083 ns, Total: 240583 ns
[2025-09-22T07:15:18.386+0000][67][safepoint   ] Safepoint "Cleanup", Time since last: 2001893543 ns, Reaching safepoint: 363917 ns, At safepoint: 19541 ns, Total: 383458 ns
[2025-09-22T07:15:19.387+0000][67][safepoint   ] Safepoint "Cleanup", Time since last: 1001237084 ns, Reaching safepoint: 234667 ns, At safepoint: 19500 ns, Total: 254167 ns
[2025-09-22T07:15:20.389+0000][67][safepoint   ] Safepoint "Cleanup", Time since last: 1001061292 ns, Reaching safepoint: 324667 ns, At safepoint: 13250 ns, Total: 337917 ns
[2025-09-22T07:15:22.391+0000][67][safepoint   ] Safepoint "Cleanup", Time since last: 2002451959 ns, Reaching safepoint: 147083 ns, At safepoint: 3542 ns, Total: 150625 ns
[2025-09-22T07:15:23.393+0000][67][safepoint   ] Safepoint "Cleanup", Time since last: 1001275792 ns, Reaching safepoint: 126917 ns, At safepoint: 8250 ns, Total: 135167 ns
[2025-09-22T07:15:24.395+0000][67][safepoint   ] Safepoint "Cleanup", Time since last: 1001744250 ns, Reaching safepoint: 272459 ns, At safepoint: 31916 ns, Total: 304375 ns
[2025-09-22T07:15:25.397+0000][67][safepoint   ] Safepoint "Cleanup", Time since last: 1001427126 ns, Reaching safepoint: 757000 ns, At safepoint: 21708 ns, Total: 778708 ns
[2025-09-22T07:15:26.399+0000][67][safepoint   ] Safepoint "Cleanup", Time since last: 1002101667 ns, Reaching safepoint: 459000 ns, At safepoint: 101459 ns, Total: 560459 ns
[2025-09-22T07:15:31.409+0000][67][safepoint   ] Safepoint "Cleanup", Time since last: 5009275044 ns, Reaching safepoint: 72416 ns, At safepoint: 2584 ns, Total: 75000 ns
[2025-09-22T07:15:32.411+0000][67][safepoint   ] Safepoint "Cleanup", Time since last: 1001727583 ns, Reaching safepoint: 361625 ns, At safepoint: 12417 ns, Total: 374042 ns
[2025-09-22T07:15:34.415+0000][67][safepoint   ] Safepoint "Cleanup", Time since last: 2003533959 ns, Reaching safepoint: 80292 ns, At safepoint: 3833 ns, Total: 84125 ns
[2025-09-22T07:15:37.420+0000][67][safepoint   ] Safepoint "Cleanup", Time since last: 3003223501 ns, Reaching safepoint: 1329000 ns, At safepoint: 19208 ns, Total: 1348208 ns
[2025-09-22T07:15:38.422+0000][67][safepoint   ] Safepoint "Cleanup", Time since last: 1001943251 ns, Reaching safepoint: 354917 ns, At safepoint: 12583 ns, Total: 367500 ns
[2025-09-22T07:15:40.426+0000][67][safepoint   ] Safepoint "Cleanup", Time since last: 2002511668 ns, Reaching safepoint: 667583 ns, At safepoint: 11458 ns, Total: 679041 ns
[2025-09-22T07:15:43.429+0000][67][safepoint   ] Safepoint "Cleanup", Time since last: 3003503543 ns, Reaching safepoint: 267250 ns, At safepoint: 14625 ns, Total: 281875 ns
[2025-09-22T07:15:44.430+0000][67][safepoint   ] Safepoint "Cleanup", Time since last: 1000577042 ns, Reaching safepoint: 109292 ns, At safepoint: 5667 ns, Total: 114959 ns
[2025-09-22T07:15:46.432+0000][67][safepoint   ] Safepoint "Cleanup", Time since last: 2001445167 ns, Reaching safepoint: 171250 ns, At safepoint: 10500 ns, Total: 181750 ns
[2025-09-22T07:15:48.435+0000][67][safepoint   ] Safepoint "Cleanup", Time since last: 2002617918 ns, Reaching safepoint: 181125 ns, At safepoint: 11500 ns, Total: 192625 ns
[2025-09-22T07:15:49.436+0000][67][safepoint   ] Safepoint "Cleanup", Time since last: 1001830459 ns, Reaching safepoint: 115625 ns, At safepoint: 4875 ns, Total: 120500 ns
[2025-09-22T07:15:50.935+0000][67][safepoint   ] Safepoint "Cleanup", Time since last: 1497723126 ns, Reaching safepoint: 1031166 ns, At safepoint: 35500 ns, Total: 1066666 ns
[2025-09-22T07:15:51.937+0000][67][safepoint   ] Safepoint "Cleanup", Time since last: 1001622417 ns, Reaching safepoint: 351209 ns, At safepoint: 18333 ns, Total: 369542 ns
[2025-09-22T07:15:52.940+0000][67][safepoint   ] Safepoint "Cleanup", Time since last: 1002382042 ns, Reaching safepoint: 349584 ns, At safepoint: 14750 ns, Total: 364334 ns
[2025-09-22T07:15:55.946+0000][67][safepoint   ] Safepoint "Cleanup", Time since last: 3005217168 ns, Reaching safepoint: 400541 ns, At safepoint: 21042 ns, Total: 421583 ns
[2025-09-22T07:15:56.947+0000][67][safepoint   ] Safepoint "Cleanup", Time since last: 1001503417 ns, Reaching safepoint: 299042 ns, At safepoint: 14000 ns, Total: 313042 ns
[2025-09-22T07:15:58.955+0000][67][safepoint   ] Safepoint "Cleanup", Time since last: 2007177209 ns, Reaching safepoint: 163250 ns, At safepoint: 12208 ns, Total: 175458 ns
[2025-09-22T07:16:00.958+0000][67][safepoint   ] Safepoint "Cleanup", Time since last: 2002971835 ns, Reaching safepoint: 657083 ns, At safepoint: 16083 ns, Total: 673166 ns
[2025-09-22T07:16:01.960+0000][67][safepoint   ] Safepoint "Cleanup", Time since last: 1001427584 ns, Reaching safepoint: 271000 ns, At safepoint: 15708 ns, Total: 286708 ns
[2025-09-22T07:16:04.962+0000][67][safepoint   ] Safepoint "Cleanup", Time since last: 3003156543 ns, Reaching safepoint: 509208 ns, At safepoint: 23167 ns, Total: 532375 ns
[2025-09-22T07:16:05.965+0000][67][safepoint   ] Safepoint "Cleanup", Time since last: 1002391917 ns, Reaching safepoint: 316041 ns, At safepoint: 11417 ns, Total: 327458 ns
[2025-09-22T07:16:07.970+0000][67][safepoint   ] Safepoint "Cleanup", Time since last: 2003906168 ns, Reaching safepoint: 818041 ns, At safepoint: 30334 ns, Total: 848375 ns
[2025-09-22T07:16:10.974+0000][67][safepoint   ] Safepoint "Cleanup", Time since last: 3003907043 ns, Reaching safepoint: 88916 ns, At safepoint: 4000 ns, Total: 92916 ns
[2025-09-22T07:16:13.980+0000][67][safepoint   ] Safepoint "Cleanup", Time since last: 3005225210 ns, Reaching safepoint: 725667 ns, At safepoint: 42500 ns, Total: 768167 ns
[2025-09-22T07:16:14.982+0000][67][safepoint   ] Safepoint "Cleanup", Time since last: 1001646542 ns, Reaching safepoint: 318250 ns, At safepoint: 17167 ns, Total: 335417 ns
[2025-09-22T07:16:16.985+0000][67][safepoint   ] Safepoint "Cleanup", Time since last: 2003334209 ns, Reaching safepoint: 338583 ns, At safepoint: 19292 ns, Total: 357875 ns
[2025-09-22T07:16:17.987+0000][67][safepoint   ] Safepoint "Cleanup", Time since last: 1002101375 ns, Reaching safepoint: 169459 ns, At safepoint: 7708 ns, Total: 177167 ns
[2025-09-22T07:16:18.989+0000][67][safepoint   ] Safepoint "Cleanup", Time since last: 1000784459 ns, Reaching safepoint: 240917 ns, At safepoint: 12375 ns, Total: 253292 ns
[2025-09-22T07:16:19.990+0000][67][safepoint   ] Safepoint "Cleanup", Time since last: 1000903458 ns, Reaching safepoint: 282625 ns, At safepoint: 14334 ns, Total: 296959 ns
[2025-09-22T07:16:20.992+0000][67][safepoint   ] Safepoint "Cleanup", Time since last: 1001690792 ns, Reaching safepoint: 316000 ns, At safepoint: 19375 ns, Total: 335375 ns
[2025-09-22T07:16:21.993+0000][67][safepoint   ] Safepoint "Cleanup", Time since last: 1001295042 ns, Reaching safepoint: 379417 ns, At safepoint: 21541 ns, Total: 400958 ns
[2025-09-22T07:16:22.995+0000][67][safepoint   ] Safepoint "Cleanup", Time since last: 1001610334 ns, Reaching safepoint: 178667 ns, At safepoint: 7750 ns, Total: 186417 ns
[2025-09-22T07:16:26.001+0000][67][safepoint   ] Safepoint "Cleanup", Time since last: 3004856543 ns, Reaching safepoint: 498125 ns, At safepoint: 15833 ns, Total: 513958 ns
[2025-09-22T07:16:29.006+0000][67][safepoint   ] Safepoint "Cleanup", Time since last: 3004807127 ns, Reaching safepoint: 331250 ns, At safepoint: 8083 ns, Total: 339333 ns
[2025-09-22T07:16:31.012+0000][67][safepoint   ] Safepoint "Cleanup", Time since last: 2006328751 ns, Reaching safepoint: 358250 ns, At safepoint: 18375 ns, Total: 376625 ns
[2025-09-22T07:16:32.014+0000][67][safepoint   ] Safepoint "Cleanup", Time since last: 1001728292 ns, Reaching safepoint: 230625 ns, At safepoint: 10500 ns, Total: 241125 ns
[2025-09-22T07:16:33.017+0000][67][safepoint   ] Safepoint "Cleanup", Time since last: 1000847209 ns, Reaching safepoint: 1573042 ns, At safepoint: 20250 ns, Total: 1593292 ns
[2025-09-22T07:16:35.021+0000][67][safepoint   ] Safepoint "Cleanup", Time since last: 2002342458 ns, Reaching safepoint: 398375 ns, At safepoint: 19292 ns, Total: 417667 ns
[2025-09-22T07:16:36.023+0000][67][safepoint   ] Safepoint "Cleanup", Time since last: 1001904125 ns, Reaching safepoint: 241167 ns, At safepoint: 13083 ns, Total: 254250 ns
[2025-09-22T07:16:38.026+0000][67][safepoint   ] Safepoint "Cleanup", Time since last: 2002398459 ns, Reaching safepoint: 199834 ns, At safepoint: 9875 ns, Total: 209709 ns
[2025-09-22T07:16:39.027+0000][67][safepoint   ] Safepoint "Cleanup", Time since last: 1001202042 ns, Reaching safepoint: 386458 ns, At safepoint: 23209 ns, Total: 409667 ns
[2025-09-22T07:16:41.030+0000][67][safepoint   ] Safepoint "Cleanup", Time since last: 2002619709 ns, Reaching safepoint: 238500 ns, At safepoint: 14333 ns, Total: 252833 ns
[2025-09-22T07:16:44.036+0000][67][safepoint   ] Safepoint "Cleanup", Time since last: 3004782918 ns, Reaching safepoint: 445750 ns, At safepoint: 16375 ns, Total: 462125 ns
[2025-09-22T07:16:45.038+0000][67][safepoint   ] Safepoint "Cleanup", Time since last: 1002374001 ns, Reaching safepoint: 300208 ns, At safepoint: 16667 ns, Total: 316875 ns
[2025-09-22T07:16:46.040+0000][67][safepoint   ] Safepoint "Cleanup", Time since last: 1001680042 ns, Reaching safepoint: 282333 ns, At safepoint: 14584 ns, Total: 296917 ns
[2025-09-22T07:16:47.043+0000][67][safepoint   ] Safepoint "Cleanup", Time since last: 1002240708 ns, Reaching safepoint: 161167 ns, At safepoint: 9958 ns, Total: 171125 ns
[2025-09-22T07:16:48.044+0000][67][safepoint   ] Safepoint "Cleanup", Time since last: 1001526334 ns, Reaching safepoint: 269500 ns, At safepoint: 11542 ns, Total: 281042 ns
[2025-09-22T07:16:49.046+0000][67][safepoint   ] Safepoint "Cleanup", Time since last: 1001107167 ns, Reaching safepoint: 244958 ns, At safepoint: 14209 ns, Total: 259167 ns
[2025-09-22T07:16:49.404+0000][67][gc,start    ] GC(21) Pause Young (Normal) (G1 Evacuation Pause)
[2025-09-22T07:16:49.404+0000][67][gc,task     ] GC(21) Using 8 workers of 8 for evacuation
[2025-09-22T07:16:49.404+0000][67][gc,age      ] GC(21) Desired survivor size 20971520 bytes, new threshold 15 (max threshold 15)
[2025-09-22T07:16:49.439+0000][67][gc,phases   ] GC(21)   Pre Evacuate Collection Set: 0.5ms
[2025-09-22T07:16:49.440+0000][67][gc,phases   ] GC(21)   Merge Heap Roots: 0.2ms
[2025-09-22T07:16:49.440+0000][67][gc,phases   ] GC(21)   Evacuate Collection Set: 29.8ms
[2025-09-22T07:16:49.440+0000][67][gc,phases   ] GC(21)   Post Evacuate Collection Set: 4.0ms
[2025-09-22T07:16:49.440+0000][67][gc,phases   ] GC(21)   Other: 0.6ms
[2025-09-22T07:16:49.440+0000][67][gc,age      ] GC(21) Age table with threshold 15 (max threshold 15)
[2025-09-22T07:16:49.440+0000][67][gc,age      ] GC(21) - age   1:     482576 bytes,     482576 total
[2025-09-22T07:16:49.440+0000][67][gc,age      ] GC(21) - age   2:     477352 bytes,     959928 total
[2025-09-22T07:16:49.440+0000][67][gc,age      ] GC(21) - age   3:     449152 bytes,    1409080 total
[2025-09-22T07:16:49.440+0000][67][gc,age      ] GC(21) - age   4:    1255336 bytes,    2664416 total
[2025-09-22T07:16:49.440+0000][67][gc,age      ] GC(21) - age   5:    2769376 bytes,    5433792 total
[2025-09-22T07:16:49.440+0000][67][gc,age      ] GC(21) - age   6:    4864448 bytes,   10298240 total
[2025-09-22T07:16:49.440+0000][67][gc,heap     ] GC(21) Eden regions: 70->0(71)
[2025-09-22T07:16:49.440+0000][67][gc,heap     ] GC(21) Survivor regions: 3->3(10)
[2025-09-22T07:16:49.440+0000][67][gc,heap     ] GC(21) Old regions: 22->22
[2025-09-22T07:16:49.440+0000][67][gc,heap     ] GC(21) Archive regions: 2->2
[2025-09-22T07:16:49.440+0000][67][gc,heap     ] GC(21) Humongous regions: 4->4
[2025-09-22T07:16:49.440+0000][67][gc,metaspace] GC(21) Metaspace: 135110K(138688K)->135110K(138688K) NonClass: 117488K(119360K)->117488K(119360K) Class: 17621K(19328K)->17621K(19328K)
[2025-09-22T07:16:49.440+0000][67][gc          ] GC(21) Pause Young (Normal) (G1 Evacuation Pause) 397M->116M(512M) 36.551ms
[2025-09-22T07:16:49.441+0000][67][gc,cpu      ] GC(21) User=0.21s Sys=0.00s Real=0.04s
[2025-09-22T07:16:49.441+0000][67][safepoint   ] Safepoint "G1CollectForAllocation", Time since last: 357874875 ns, Reaching safepoint: 95875 ns, At safepoint: 36815292 ns, Total: 36911167 ns
[2025-09-22T07:16:50.442+0000][67][safepoint   ] Safepoint "Cleanup", Time since last: 1001308875 ns, Reaching safepoint: 170417 ns, At safepoint: 20250 ns, Total: 190667 ns
[2025-09-22T07:16:51.445+0000][67][safepoint   ] Safepoint "Cleanup", Time since last: 1001500292 ns, Reaching safepoint: 1030708 ns, At safepoint: 15792 ns, Total: 1046500 ns
[2025-09-22T07:16:55.451+0000][67][safepoint   ] Safepoint "Cleanup", Time since last: 4005900543 ns, Reaching safepoint: 290834 ns, At safepoint: 17666 ns, Total: 308500 ns
[2025-09-22T07:16:56.460+0000][67][safepoint   ] Safepoint "Cleanup", Time since last: 1003670959 ns, Reaching safepoint: 5517292 ns, At safepoint: 35000 ns, Total: 5552292 ns
[2025-09-22T07:16:58.465+0000][67][safepoint   ] Safepoint "Cleanup", Time since last: 2004546376 ns, Reaching safepoint: 66333 ns, At safepoint: 2958 ns, Total: 69291 ns
[2025-09-22T07:17:00.469+0000][67][safepoint   ] Safepoint "Cleanup", Time since last: 2004177585 ns, Reaching safepoint: 399208 ns, At safepoint: 27708 ns, Total: 426916 ns
[2025-09-22T07:17:01.472+0000][67][safepoint   ] Safepoint "Cleanup", Time since last: 1002691293 ns, Reaching safepoint: 102375 ns, At safepoint: 5916 ns, Total: 108291 ns
[2025-09-22T07:17:04.477+0000][67][safepoint   ] Safepoint "Cleanup", Time since last: 3004520002 ns, Reaching safepoint: 108333 ns, At safepoint: 3250 ns, Total: 111583 ns
[2025-09-22T07:17:07.479+0000][67][safepoint   ] Safepoint "Cleanup", Time since last: 3002180001 ns, Reaching safepoint: 144333 ns, At safepoint: 5250 ns, Total: 149583 ns
[2025-09-22T07:17:08.480+0000][67][safepoint   ] Safepoint "Cleanup", Time since last: 1000564459 ns, Reaching safepoint: 301875 ns, At safepoint: 33417 ns, Total: 335292 ns
[2025-09-22T07:17:10.484+0000][67][safepoint   ] Safepoint "Cleanup", Time since last: 2001921542 ns, Reaching safepoint: 1892042 ns, At safepoint: 19125 ns, Total: 1911167 ns
[2025-09-22T07:17:13.489+0000][67][safepoint   ] Safepoint "Cleanup", Time since last: 3004742585 ns, Reaching safepoint: 244750 ns, At safepoint: 5333 ns, Total: 250083 ns
[2025-09-22T07:17:15.495+0000][67][safepoint   ] Safepoint "Cleanup", Time since last: 2005701418 ns, Reaching safepoint: 348291 ns, At safepoint: 16084 ns, Total: 364375 ns
[2025-09-22T07:17:20.511+0000][67][safepoint   ] Safepoint "Cleanup", Time since last: 5014609544 ns, Reaching safepoint: 1515875 ns, At safepoint: 13625 ns, Total: 1529500 ns
[2025-09-22T07:17:25.529+0000][67][safepoint   ] Safepoint "Cleanup", Time since last: 5017381210 ns, Reaching safepoint: 94959 ns, At safepoint: 12000 ns, Total: 106959 ns
[2025-09-22T07:17:26.532+0000][67][safepoint   ] Safepoint "Cleanup", Time since last: 1002654625 ns, Reaching safepoint: 366834 ns, At safepoint: 15333 ns, Total: 382167 ns
[2025-09-22T07:17:27.534+0000][67][safepoint   ] Safepoint "Cleanup", Time since last: 1001879209 ns, Reaching safepoint: 269583 ns, At safepoint: 13958 ns, Total: 283541 ns
[2025-09-22T07:17:28.535+0000][67][safepoint   ] Safepoint "Cleanup", Time since last: 1000928334 ns, Reaching safepoint: 349292 ns, At safepoint: 11167 ns, Total: 360459 ns
[2025-09-22T07:17:31.540+0000][67][safepoint   ] Safepoint "Cleanup", Time since last: 3005045501 ns, Reaching safepoint: 146583 ns, At safepoint: 7792 ns, Total: 154375 ns
[2025-09-22T07:17:32.543+0000][67][safepoint   ] Safepoint "Cleanup", Time since last: 1002139709 ns, Reaching safepoint: 506875 ns, At safepoint: 19250 ns, Total: 526125 ns
[2025-09-22T07:17:34.546+0000][67][safepoint   ] Safepoint "Cleanup", Time since last: 2002967417 ns, Reaching safepoint: 284375 ns, At safepoint: 9667 ns, Total: 294042 ns
[2025-09-22T07:17:37.551+0000][67][safepoint   ] Safepoint "Cleanup", Time since last: 3004345251 ns, Reaching safepoint: 223083 ns, At safepoint: 8917 ns, Total: 232000 ns
[2025-09-22T07:17:38.556+0000][67][safepoint   ] Safepoint "Cleanup", Time since last: 1003964500 ns, Reaching safepoint: 342792 ns, At safepoint: 17125 ns, Total: 359917 ns
[2025-09-22T07:17:40.559+0000][67][safepoint   ] Safepoint "Cleanup", Time since last: 2002869668 ns, Reaching safepoint: 353958 ns, At safepoint: 8125 ns, Total: 362083 ns
[2025-09-22T07:17:43.564+0000][67][safepoint   ] Safepoint "Cleanup", Time since last: 3004632168 ns, Reaching safepoint: 172167 ns, At safepoint: 4333 ns, Total: 176500 ns
[2025-09-22T07:17:46.567+0000][67][safepoint   ] Safepoint "Cleanup", Time since last: 3002565001 ns, Reaching safepoint: 859792 ns, At safepoint: 27625 ns, Total: 887417 ns
[2025-09-22T07:17:48.573+0000][67][safepoint   ] Safepoint "Cleanup", Time since last: 2003300084 ns, Reaching safepoint: 1957125 ns, At safepoint: 27167 ns, Total: 1984292 ns
[2025-09-22T07:17:52.582+0000][67][safepoint   ] Safepoint "Cleanup", Time since last: 4009135419 ns, Reaching safepoint: 462041 ns, At safepoint: 13084 ns, Total: 475125 ns
[2025-09-22T07:17:53.584+0000][67][safepoint   ] Safepoint "Cleanup", Time since last: 1001280375 ns, Reaching safepoint: 287458 ns, At safepoint: 15959 ns, Total: 303417 ns
[2025-09-22T07:17:54.172+0000][67][safepoint   ] Safepoint "ICBufferFull", Time since last: 588121208 ns, Reaching safepoint: 466167 ns, At safepoint: 31875 ns, Total: 498042 ns
[2025-09-22T07:17:54.209+0000][67][safepoint   ] Safepoint "ICBufferFull", Time since last: 36140333 ns, Reaching safepoint: 926625 ns, At safepoint: 32209 ns, Total: 958834 ns
[2025-09-22T07:17:54.244+0000][67][safepoint   ] Safepoint "ICBufferFull", Time since last: 34144458 ns, Reaching safepoint: 772958 ns, At safepoint: 29417 ns, Total: 802375 ns
[2025-09-22T07:17:54.301+0000][67][safepoint   ] Safepoint "ICBufferFull", Time since last: 55681833 ns, Reaching safepoint: 1242125 ns, At safepoint: 18250 ns, Total: 1260375 ns
[2025-09-22T07:17:54.329+0000][67][safepoint   ] Safepoint "ICBufferFull", Time since last: 24488417 ns, Reaching safepoint: 1556959 ns, At safepoint: 1787916 ns, Total: 3344875 ns
[2025-09-22T07:17:55.212+0000][67][safepoint   ] Safepoint "ICBufferFull", Time since last: 882365792 ns, Reaching safepoint: 789417 ns, At safepoint: 19000 ns, Total: 808417 ns
[2025-09-22T07:17:55.288+0000][67][gc,start    ] GC(22) Pause Young (Normal) (G1 Evacuation Pause)
[2025-09-22T07:17:55.288+0000][67][gc,task     ] GC(22) Using 8 workers of 8 for evacuation
[2025-09-22T07:17:55.288+0000][67][gc,age      ] GC(22) Desired survivor size 20971520 bytes, new threshold 15 (max threshold 15)
[2025-09-22T07:17:55.297+0000][67][gc,phases   ] GC(22)   Pre Evacuate Collection Set: 0.2ms
[2025-09-22T07:17:55.297+0000][67][gc,phases   ] GC(22)   Merge Heap Roots: 0.1ms
[2025-09-22T07:17:55.297+0000][67][gc,phases   ] GC(22)   Evacuate Collection Set: 7.4ms
[2025-09-22T07:17:55.297+0000][67][gc,phases   ] GC(22)   Post Evacuate Collection Set: 1.0ms
[2025-09-22T07:17:55.297+0000][67][gc,phases   ] GC(22)   Other: 0.2ms
[2025-09-22T07:17:55.297+0000][67][gc,age      ] GC(22) Age table with threshold 15 (max threshold 15)
[2025-09-22T07:17:55.297+0000][67][gc,age      ] GC(22) - age   1:    3338336 bytes,    3338336 total
[2025-09-22T07:17:55.297+0000][67][gc,age      ] GC(22) - age   2:      76904 bytes,    3415240 total
[2025-09-22T07:17:55.297+0000][67][gc,age      ] GC(22) - age   3:     200888 bytes,    3616128 total
[2025-09-22T07:17:55.297+0000][67][gc,age      ] GC(22) - age   4:     430592 bytes,    4046720 total
[2025-09-22T07:17:55.297+0000][67][gc,age      ] GC(22) - age   5:    1227560 bytes,    5274280 total
[2025-09-22T07:17:55.297+0000][67][gc,age      ] GC(22) - age   6:    2489480 bytes,    7763760 total
[2025-09-22T07:17:55.297+0000][67][gc,age      ] GC(22) - age   7:    4858992 bytes,   12622752 total
[2025-09-22T07:17:55.297+0000][67][gc,heap     ] GC(22) Eden regions: 71->0(71)
[2025-09-22T07:17:55.297+0000][67][gc,heap     ] GC(22) Survivor regions: 3->4(10)
[2025-09-22T07:17:55.297+0000][67][gc,heap     ] GC(22) Old regions: 22->22
[2025-09-22T07:17:55.297+0000][67][gc,heap     ] GC(22) Archive regions: 2->2
[2025-09-22T07:17:55.297+0000][67][gc,heap     ] GC(22) Humongous regions: 4->4
[2025-09-22T07:17:55.297+0000][67][gc,metaspace] GC(22) Metaspace: 136796K(140416K)->136796K(140416K) NonClass: 118923K(120768K)->118923K(120768K) Class: 17872K(19648K)->17872K(19648K)
[2025-09-22T07:17:55.297+0000][67][gc          ] GC(22) Pause Young (Normal) (G1 Evacuation Pause) 400M->119M(512M) 9.553ms
[2025-09-22T07:17:55.297+0000][67][gc,cpu      ] GC(22) User=0.04s Sys=0.00s Real=0.01s
[2025-09-22T07:17:55.297+0000][67][safepoint   ] Safepoint "G1CollectForAllocation", Time since last: 75139875 ns, Reaching safepoint: 81458 ns, At safepoint: 9666125 ns, Total: 9747583 ns
[2025-09-22T07:17:55.484+0000][67][safepoint   ] Safepoint "ICBufferFull", Time since last: 187097667 ns, Reaching safepoint: 205833 ns, At safepoint: 4209 ns, Total: 210042 ns
[2025-09-22T07:17:56.486+0000][67][safepoint   ] Safepoint "Cleanup", Time since last: 1000843167 ns, Reaching safepoint: 636625 ns, At safepoint: 24625 ns, Total: 661250 ns
[2025-09-22T07:17:58.489+0000][67][safepoint   ] Safepoint "Cleanup", Time since last: 2002486417 ns, Reaching safepoint: 363625 ns, At safepoint: 6334 ns, Total: 369959 ns
[2025-09-22T07:17:59.493+0000][67][safepoint   ] Safepoint "Cleanup", Time since last: 1002987542 ns, Reaching safepoint: 726083 ns, At safepoint: 18125 ns, Total: 744208 ns
[2025-09-22T07:18:01.496+0000][67][safepoint   ] Safepoint "Cleanup", Time since last: 2003735585 ns, Reaching safepoint: 129916 ns, At safepoint: 8750 ns, Total: 138666 ns
[2025-09-22T07:18:02.498+0000][67][safepoint   ] Safepoint "Cleanup", Time since last: 1001072584 ns, Reaching safepoint: 875167 ns, At safepoint: 25083 ns, Total: 900250 ns
[2025-09-22T07:18:03.501+0000][67][safepoint   ] Safepoint "Cleanup", Time since last: 1002370417 ns, Reaching safepoint: 364084 ns, At safepoint: 13666 ns, Total: 377750 ns
[2025-09-22T07:18:04.502+0000][67][safepoint   ] Safepoint "Cleanup", Time since last: 1000938751 ns, Reaching safepoint: 163166 ns, At safepoint: 4250 ns, Total: 167416 ns
[2025-09-22T07:18:05.504+0000][67][safepoint   ] Safepoint "Cleanup", Time since last: 1000892792 ns, Reaching safepoint: 355625 ns, At safepoint: 7292 ns, Total: 362917 ns
[2025-09-22T07:18:07.507+0000][67][safepoint   ] Safepoint "Cleanup", Time since last: 2003600626 ns, Reaching safepoint: 120750 ns, At safepoint: 4666 ns, Total: 125416 ns
[2025-09-22T07:18:10.513+0000][67][safepoint   ] Safepoint "Cleanup", Time since last: 3005279169 ns, Reaching safepoint: 250458 ns, At safepoint: 7833 ns, Total: 258291 ns
[2025-09-22T07:18:11.514+0000][67][safepoint   ] Safepoint "Cleanup", Time since last: 1000537751 ns, Reaching safepoint: 380791 ns, At safepoint: 18459 ns, Total: 399250 ns
[2025-09-22T07:18:16.522+0000][67][safepoint   ] Safepoint "Cleanup", Time since last: 5007603210 ns, Reaching safepoint: 190417 ns, At safepoint: 4958 ns, Total: 195375 ns
[2025-09-22T07:18:17.523+0000][67][safepoint   ] Safepoint "Cleanup", Time since last: 1000723418 ns, Reaching safepoint: 313375 ns, At safepoint: 14041 ns, Total: 327416 ns
[2025-09-22T07:18:19.527+0000][67][safepoint   ] Safepoint "Cleanup", Time since last: 2004451251 ns, Reaching safepoint: 297667 ns, At safepoint: 12583 ns, Total: 310250 ns
[2025-09-22T07:18:22.531+0000][67][safepoint   ] Safepoint "Cleanup", Time since last: 3003802293 ns, Reaching safepoint: 114084 ns, At safepoint: 6000 ns, Total: 120084 ns
[2025-09-22T07:18:23.533+0000][67][safepoint   ] Safepoint "Cleanup", Time since last: 1001479375 ns, Reaching safepoint: 633958 ns, At safepoint: 23917 ns, Total: 657875 ns
[2025-09-22T07:18:28.538+0000][67][safepoint   ] Safepoint "Cleanup", Time since last: 5004714586 ns, Reaching safepoint: 169667 ns, At safepoint: 8208 ns, Total: 177875 ns
[2025-09-22T07:18:31.543+0000][67][safepoint   ] Safepoint "Cleanup", Time since last: 3003973626 ns, Reaching safepoint: 331500 ns, At safepoint: 12209 ns, Total: 343709 ns
[2025-09-22T07:18:34.548+0000][67][safepoint   ] Safepoint "Cleanup", Time since last: 3005549709 ns, Reaching safepoint: 112125 ns, At safepoint: 5709 ns, Total: 117834 ns
[2025-09-22T07:18:36.551+0000][67][safepoint   ] Safepoint "Cleanup", Time since last: 2001809375 ns, Reaching safepoint: 110208 ns, At safepoint: 8542 ns, Total: 118750 ns
[2025-09-22T07:18:37.554+0000][67][safepoint   ] Safepoint "Cleanup", Time since last: 1001788375 ns, Reaching safepoint: 1488334 ns, At safepoint: 15166 ns, Total: 1503500 ns
[2025-09-22T07:18:38.557+0000][67][safepoint   ] Safepoint "Cleanup", Time since last: 1002624168 ns, Reaching safepoint: 425333 ns, At safepoint: 21667 ns, Total: 447000 ns
[2025-09-22T07:18:40.562+0000][67][safepoint   ] Safepoint "Cleanup", Time since last: 2004312001 ns, Reaching safepoint: 330875 ns, At safepoint: 15208 ns, Total: 346083 ns
[2025-09-22T07:18:41.563+0000][67][safepoint   ] Safepoint "Cleanup", Time since last: 1001212084 ns, Reaching safepoint: 214333 ns, At safepoint: 9958 ns, Total: 224291 ns
[2025-09-22T07:18:43.566+0000][67][safepoint   ] Safepoint "Cleanup", Time since last: 2002914460 ns, Reaching safepoint: 118666 ns, At safepoint: 9459 ns, Total: 128125 ns
[2025-09-22T07:18:44.567+0000][67][safepoint   ] Safepoint "Cleanup", Time since last: 1000626500 ns, Reaching safepoint: 390584 ns, At safepoint: 11666 ns, Total: 402250 ns
[2025-09-22T07:18:45.569+0000][67][safepoint   ] Safepoint "Cleanup", Time since last: 1001601626 ns, Reaching safepoint: 267166 ns, At safepoint: 14292 ns, Total: 281458 ns
[2025-09-22T07:18:46.572+0000][67][safepoint   ] Safepoint "Cleanup", Time since last: 1002246542 ns, Reaching safepoint: 545833 ns, At safepoint: 16709 ns, Total: 562542 ns
[2025-09-22T07:18:48.578+0000][67][safepoint   ] Safepoint "Cleanup", Time since last: 2005337501 ns, Reaching safepoint: 467333 ns, At safepoint: 29875 ns, Total: 497208 ns
[2025-09-22T07:18:53.586+0000][67][safepoint   ] Safepoint "Cleanup", Time since last: 5007892919 ns, Reaching safepoint: 204208 ns, At safepoint: 4042 ns, Total: 208250 ns
[2025-09-22T07:18:54.589+0000][67][safepoint   ] Safepoint "Cleanup", Time since last: 1003227042 ns, Reaching safepoint: 243417 ns, At safepoint: 8750 ns, Total: 252167 ns
[2025-09-22T07:18:55.592+0000][67][safepoint   ] Safepoint "Cleanup", Time since last: 1002711584 ns, Reaching safepoint: 150666 ns, At safepoint: 5500 ns, Total: 156166 ns
[2025-09-22T07:18:56.602+0000][67][safepoint   ] Safepoint "Cleanup", Time since last: 1000768751 ns, Reaching safepoint: 8937167 ns, At safepoint: 12000 ns, Total: 8949167 ns
[2025-09-22T07:18:58.605+0000][67][safepoint   ] Safepoint "Cleanup", Time since last: 2002957709 ns, Reaching safepoint: 177625 ns, At safepoint: 7292 ns, Total: 184917 ns
[2025-09-22T07:19:00.610+0000][67][safepoint   ] Safepoint "Cleanup", Time since last: 2004338042 ns, Reaching safepoint: 432708 ns, At safepoint: 21167 ns, Total: 453875 ns
[2025-09-22T07:19:01.614+0000][67][safepoint   ] Safepoint "Cleanup", Time since last: 1003775917 ns, Reaching safepoint: 138584 ns, At safepoint: 4916 ns, Total: 143500 ns
[2025-09-22T07:19:02.616+0000][67][safepoint   ] Safepoint "Cleanup", Time since last: 1001942334 ns, Reaching safepoint: 743375 ns, At safepoint: 15000 ns, Total: 758375 ns
[2025-09-22T07:19:03.619+0000][67][safepoint   ] Safepoint "Cleanup", Time since last: 1001824292 ns, Reaching safepoint: 369667 ns, At safepoint: 17458 ns, Total: 387125 ns
[2025-09-22T07:19:07.623+0000][67][safepoint   ] Safepoint "Cleanup", Time since last: 4003144085 ns, Reaching safepoint: 179208 ns, At safepoint: 6750 ns, Total: 185958 ns
[2025-09-22T07:19:08.625+0000][67][safepoint   ] Safepoint "Cleanup", Time since last: 1002112626 ns, Reaching safepoint: 278375 ns, At safepoint: 16416 ns, Total: 294791 ns
[2025-09-22T07:19:10.628+0000][67][safepoint   ] Safepoint "Cleanup", Time since last: 2002670585 ns, Reaching safepoint: 385708 ns, At safepoint: 15042 ns, Total: 400750 ns
[2025-09-22T07:19:13.632+0000][67][safepoint   ] Safepoint "Cleanup", Time since last: 3004185418 ns, Reaching safepoint: 191958 ns, At safepoint: 9333 ns, Total: 201291 ns
[2025-09-22T07:19:14.633+0000][67][safepoint   ] Safepoint "Cleanup", Time since last: 1000854293 ns, Reaching safepoint: 162125 ns, At safepoint: 7291 ns, Total: 169416 ns
[2025-09-22T07:19:16.641+0000][67][safepoint   ] Safepoint "Cleanup", Time since last: 2006811501 ns, Reaching safepoint: 611458 ns, At safepoint: 21959 ns, Total: 633417 ns
[2025-09-22T07:19:19.646+0000][67][safepoint   ] Safepoint "Cleanup", Time since last: 3005232710 ns, Reaching safepoint: 186708 ns, At safepoint: 8500 ns, Total: 195208 ns
[2025-09-22T07:19:20.648+0000][67][safepoint   ] Safepoint "Cleanup", Time since last: 1001277042 ns, Reaching safepoint: 327833 ns, At safepoint: 17875 ns, Total: 345708 ns
[2025-09-22T07:19:22.652+0000][67][safepoint   ] Safepoint "Cleanup", Time since last: 2003440585 ns, Reaching safepoint: 347208 ns, At safepoint: 12958 ns, Total: 360166 ns
[2025-09-22T07:19:23.656+0000][67][safepoint   ] Safepoint "Cleanup", Time since last: 1003710793 ns, Reaching safepoint: 378375 ns, At safepoint: 14000 ns, Total: 392375 ns
[2025-09-22T07:19:25.464+0000][67][gc,start    ] GC(23) Pause Young (Normal) (G1 Evacuation Pause)
[2025-09-22T07:19:25.465+0000][67][gc,task     ] GC(23) Using 8 workers of 8 for evacuation
[2025-09-22T07:19:25.465+0000][67][gc,age      ] GC(23) Desired survivor size 20971520 bytes, new threshold 15 (max threshold 15)
[2025-09-22T07:19:25.506+0000][67][gc,phases   ] GC(23)   Pre Evacuate Collection Set: 0.6ms
[2025-09-22T07:19:25.506+0000][67][gc,phases   ] GC(23)   Merge Heap Roots: 0.3ms
[2025-09-22T07:19:25.506+0000][67][gc,phases   ] GC(23)   Evacuate Collection Set: 36.7ms
[2025-09-22T07:19:25.506+0000][67][gc,phases   ] GC(23)   Post Evacuate Collection Set: 2.5ms
[2025-09-22T07:19:25.506+0000][67][gc,phases   ] GC(23)   Other: 0.8ms
[2025-09-22T07:19:25.506+0000][67][gc,age      ] GC(23) Age table with threshold 15 (max threshold 15)
[2025-09-22T07:19:25.506+0000][67][gc,age      ] GC(23) - age   1:    1974144 bytes,    1974144 total
[2025-09-22T07:19:25.506+0000][67][gc,age      ] GC(23) - age   2:    1291912 bytes,    3266056 total
[2025-09-22T07:19:25.506+0000][67][gc,age      ] GC(23) - age   3:      75520 bytes,    3341576 total
[2025-09-22T07:19:25.506+0000][67][gc,age      ] GC(23) - age   4:     120688 bytes,    3462264 total
[2025-09-22T07:19:25.506+0000][67][gc,age      ] GC(23) - age   5:     423464 bytes,    3885728 total
[2025-09-22T07:19:25.506+0000][67][gc,age      ] GC(23) - age   6:     741384 bytes,    4627112 total
[2025-09-22T07:19:25.506+0000][67][gc,age      ] GC(23) - age   7:    2462872 bytes,    7089984 total
[2025-09-22T07:19:25.506+0000][67][gc,age      ] GC(23) - age   8:    4849560 bytes,   11939544 total
[2025-09-22T07:19:25.507+0000][67][gc,heap     ] GC(23) Eden regions: 71->0(71)
[2025-09-22T07:19:25.507+0000][67][gc,heap     ] GC(23) Survivor regions: 4->4(10)
[2025-09-22T07:19:25.507+0000][67][gc,heap     ] GC(23) Old regions: 22->22
[2025-09-22T07:19:25.507+0000][67][gc,heap     ] GC(23) Archive regions: 2->2
[2025-09-22T07:19:25.507+0000][67][gc,heap     ] GC(23) Humongous regions: 4->4
[2025-09-22T07:19:25.507+0000][67][gc,metaspace] GC(23) Metaspace: 137236K(140800K)->137236K(140800K) NonClass: 119350K(121152K)->119350K(121152K) Class: 17886K(19648K)->17886K(19648K)
[2025-09-22T07:19:25.507+0000][67][gc          ] GC(23) Pause Young (Normal) (G1 Evacuation Pause) 403M->118M(512M) 42.880ms
[2025-09-22T07:19:25.507+0000][67][gc,cpu      ] GC(23) User=0.27s Sys=0.00s Real=0.05s
[2025-09-22T07:19:25.507+0000][67][safepoint   ] Safepoint "G1CollectForAllocation", Time since last: 1807770000 ns, Reaching safepoint: 292292 ns, At safepoint: 43157917 ns, Total: 43450209 ns
[2025-09-22T07:19:26.509+0000][67][safepoint   ] Safepoint "Cleanup", Time since last: 1001307292 ns, Reaching safepoint: 327417 ns, At safepoint: 20583 ns, Total: 348000 ns
[2025-09-22T07:19:28.512+0000][67][safepoint   ] Safepoint "Cleanup", Time since last: 2003394209 ns, Reaching safepoint: 53917 ns, At safepoint: 2000 ns, Total: 55917 ns
[2025-09-22T07:19:31.520+0000][67][safepoint   ] Safepoint "Cleanup", Time since last: 3006965626 ns, Reaching safepoint: 449792 ns, At safepoint: 16083 ns, Total: 465875 ns
[2025-09-22T07:19:32.522+0000][67][safepoint   ] Safepoint "Cleanup", Time since last: 1001859126 ns, Reaching safepoint: 176958 ns, At safepoint: 8375 ns, Total: 185333 ns
[2025-09-22T07:19:34.527+0000][67][safepoint   ] Safepoint "Cleanup", Time since last: 2004930876 ns, Reaching safepoint: 237792 ns, At safepoint: 20000 ns, Total: 257792 ns
[2025-09-22T07:19:37.530+0000][67][safepoint   ] Safepoint "Cleanup", Time since last: 3003373459 ns, Reaching safepoint: 278542 ns, At safepoint: 11166 ns, Total: 289708 ns
[2025-09-22T07:19:38.532+0000][67][safepoint   ] Safepoint "Cleanup", Time since last: 1001118001 ns, Reaching safepoint: 979500 ns, At safepoint: 29083 ns, Total: 1008583 ns
[2025-09-22T07:19:40.538+0000][67][safepoint   ] Safepoint "Cleanup", Time since last: 2005295043 ns, Reaching safepoint: 197125 ns, At safepoint: 17083 ns, Total: 214208 ns
[2025-09-22T07:19:43.542+0000][67][safepoint   ] Safepoint "Cleanup", Time since last: 3004003710 ns, Reaching safepoint: 107583 ns, At safepoint: 4417 ns, Total: 112000 ns
[2025-09-22T07:19:44.545+0000][67][safepoint   ] Safepoint "Cleanup", Time since last: 1002708250 ns, Reaching safepoint: 491625 ns, At safepoint: 10584 ns, Total: 502209 ns
[2025-09-22T07:19:48.557+0000][67][safepoint   ] Safepoint "Cleanup", Time since last: 4011874877 ns, Reaching safepoint: 433250 ns, At safepoint: 23583 ns, Total: 456833 ns
[2025-09-22T07:19:49.559+0000][67][safepoint   ] Safepoint "Cleanup", Time since last: 1001391376 ns, Reaching safepoint: 193291 ns, At safepoint: 9750 ns, Total: 203041 ns
[2025-09-22T07:19:50.561+0000][67][safepoint   ] Safepoint "Cleanup", Time since last: 1001459126 ns, Reaching safepoint: 708833 ns, At safepoint: 100375 ns, Total: 809208 ns
[2025-09-22T07:19:52.564+0000][67][safepoint   ] Safepoint "Cleanup", Time since last: 2002609001 ns, Reaching safepoint: 156583 ns, At safepoint: 7042 ns, Total: 163625 ns
[2025-09-22T07:19:55.567+0000][67][safepoint   ] Safepoint "Cleanup", Time since last: 3002705626 ns, Reaching safepoint: 98667 ns, At safepoint: 5042 ns, Total: 103709 ns
[2025-09-22T07:19:56.568+0000][67][safepoint   ] Safepoint "Cleanup", Time since last: 1001146917 ns, Reaching safepoint: 175125 ns, At safepoint: 10125 ns, Total: 185250 ns
[2025-09-22T07:20:00.574+0000][67][safepoint   ] Safepoint "Cleanup", Time since last: 4005675085 ns, Reaching safepoint: 313625 ns, At safepoint: 12792 ns, Total: 326417 ns
[2025-09-22T07:20:01.575+0000][67][safepoint   ] Safepoint "Cleanup", Time since last: 1000552625 ns, Reaching safepoint: 59917 ns, At safepoint: 3583 ns, Total: 63500 ns
[2025-09-22T07:20:02.579+0000][67][safepoint   ] Safepoint "Cleanup", Time since last: 1003663001 ns, Reaching safepoint: 462791 ns, At safepoint: 36084 ns, Total: 498875 ns
[2025-09-22T07:20:07.591+0000][67][safepoint   ] Safepoint "Cleanup", Time since last: 5010873169 ns, Reaching safepoint: 433208 ns, At safepoint: 12042 ns, Total: 445250 ns
[2025-09-22T07:20:08.593+0000][67][safepoint   ] Safepoint "Cleanup", Time since last: 1002789750 ns, Reaching safepoint: 172042 ns, At safepoint: 9375 ns, Total: 181417 ns
[2025-09-22T07:20:10.596+0000][67][safepoint   ] Safepoint "Cleanup", Time since last: 2001723542 ns, Reaching safepoint: 291292 ns, At safepoint: 17667 ns, Total: 308959 ns
[2025-09-22T07:20:13.599+0000][67][safepoint   ] Safepoint "Cleanup", Time since last: 3003026043 ns, Reaching safepoint: 671750 ns, At safepoint: 10666 ns, Total: 682416 ns
[2025-09-22T07:20:15.602+0000][67][safepoint   ] Safepoint "Cleanup", Time since last: 2002358251 ns, Reaching safepoint: 156459 ns, At safepoint: 7708 ns, Total: 164167 ns
[2025-09-22T07:20:18.608+0000][67][safepoint   ] Safepoint "Cleanup", Time since last: 3004368251 ns, Reaching safepoint: 2027334 ns, At safepoint: 19458 ns, Total: 2046792 ns
[2025-09-22T07:20:19.611+0000][67][safepoint   ] Safepoint "Cleanup", Time since last: 1001919667 ns, Reaching safepoint: 1176750 ns, At safepoint: 10125 ns, Total: 1186875 ns
[2025-09-22T07:20:20.612+0000][67][safepoint   ] Safepoint "Cleanup", Time since last: 1000767001 ns, Reaching safepoint: 288708 ns, At safepoint: 7542 ns, Total: 296250 ns
[2025-09-22T07:20:23.617+0000][67][safepoint   ] Safepoint "Cleanup", Time since last: 3004369251 ns, Reaching safepoint: 411417 ns, At safepoint: 12750 ns, Total: 424167 ns
[2025-09-22T07:20:24.619+0000][67][safepoint   ] Safepoint "Cleanup", Time since last: 1001179542 ns, Reaching safepoint: 401667 ns, At safepoint: 13458 ns, Total: 415125 ns
[2025-09-22T07:20:25.621+0000][67][safepoint   ] Safepoint "Cleanup", Time since last: 1001460792 ns, Reaching safepoint: 357333 ns, At safepoint: 13417 ns, Total: 370750 ns
[2025-09-22T07:20:26.623+0000][67][safepoint   ] Safepoint "Cleanup", Time since last: 1002333792 ns, Reaching safepoint: 375000 ns, At safepoint: 11042 ns, Total: 386042 ns
[2025-09-22T07:20:28.626+0000][67][safepoint   ] Safepoint "Cleanup", Time since last: 2002316584 ns, Reaching safepoint: 298875 ns, At safepoint: 10209 ns, Total: 309084 ns
[2025-09-22T07:20:34.633+0000][67][safepoint   ] Safepoint "Cleanup", Time since last: 6006328461 ns, Reaching safepoint: 906375 ns, At safepoint: 15000 ns, Total: 921375 ns
[2025-09-22T07:20:36.638+0000][67][safepoint   ] Safepoint "Cleanup", Time since last: 2003660500 ns, Reaching safepoint: 569292 ns, At safepoint: 58833 ns, Total: 628125 ns
[2025-09-22T07:20:37.640+0000][67][safepoint   ] Safepoint "Cleanup", Time since last: 1001770001 ns, Reaching safepoint: 80416 ns, At safepoint: 6959 ns, Total: 87375 ns
[2025-09-22T07:20:38.641+0000][67][safepoint   ] Safepoint "Cleanup", Time since last: 1001002417 ns, Reaching safepoint: 341666 ns, At safepoint: 11917 ns, Total: 353583 ns
[2025-09-22T07:20:40.646+0000][67][safepoint   ] Safepoint "Cleanup", Time since last: 2004175418 ns, Reaching safepoint: 314208 ns, At safepoint: 14833 ns, Total: 329041 ns
[2025-09-22T07:20:42.649+0000][67][safepoint   ] Safepoint "Cleanup", Time since last: 2002750293 ns, Reaching safepoint: 640167 ns, At safepoint: 20541 ns, Total: 660708 ns
[2025-09-22T07:20:44.653+0000][67][safepoint   ] Safepoint "Cleanup", Time since last: 2003820168 ns, Reaching safepoint: 396208 ns, At safepoint: 17125 ns, Total: 413333 ns
[2025-09-22T07:20:49.660+0000][67][safepoint   ] Safepoint "Cleanup", Time since last: 5006472794 ns, Reaching safepoint: 121709 ns, At safepoint: 7916 ns, Total: 129625 ns
[2025-09-22T07:20:50.661+0000][67][safepoint   ] Safepoint "Cleanup", Time since last: 1000767876 ns, Reaching safepoint: 207833 ns, At safepoint: 7958 ns, Total: 215791 ns
[2025-09-22T07:20:53.664+0000][67][safepoint   ] Safepoint "Cleanup", Time since last: 3002997752 ns, Reaching safepoint: 324250 ns, At safepoint: 11791 ns, Total: 336041 ns
[2025-09-22T07:20:55.667+0000][67][safepoint   ] Safepoint "Cleanup", Time since last: 2002710210 ns, Reaching safepoint: 88250 ns, At safepoint: 5041 ns, Total: 93291 ns
[2025-09-22T07:20:56.670+0000][67][safepoint   ] Safepoint "Cleanup", Time since last: 1002461793 ns, Reaching safepoint: 666541 ns, At safepoint: 20625 ns, Total: 687166 ns
[2025-09-22T07:20:58.536+0000][67][gc,start    ] GC(24) Pause Young (Normal) (G1 Evacuation Pause)
[2025-09-22T07:20:58.537+0000][67][gc,task     ] GC(24) Using 8 workers of 8 for evacuation
[2025-09-22T07:20:58.537+0000][67][gc,age      ] GC(24) Desired survivor size 20971520 bytes, new threshold 15 (max threshold 15)
[2025-09-22T07:20:58.574+0000][67][gc,phases   ] GC(24)   Pre Evacuate Collection Set: 0.3ms
[2025-09-22T07:20:58.575+0000][67][gc,phases   ] GC(24)   Merge Heap Roots: 0.2ms
[2025-09-22T07:20:58.575+0000][67][gc,phases   ] GC(24)   Evacuate Collection Set: 34.2ms
[2025-09-22T07:20:58.575+0000][67][gc,phases   ] GC(24)   Post Evacuate Collection Set: 2.1ms
[2025-09-22T07:20:58.575+0000][67][gc,phases   ] GC(24)   Other: 0.4ms
[2025-09-22T07:20:58.575+0000][67][gc,age      ] GC(24) Age table with threshold 15 (max threshold 15)
[2025-09-22T07:20:58.575+0000][67][gc,age      ] GC(24) - age   1:    1513040 bytes,    1513040 total
[2025-09-22T07:20:58.575+0000][67][gc,age      ] GC(24) - age   2:     174336 bytes,    1687376 total
[2025-09-22T07:20:58.575+0000][67][gc,age      ] GC(24) - age   3:    1287960 bytes,    2975336 total
[2025-09-22T07:20:58.575+0000][67][gc,age      ] GC(24) - age   4:      74944 bytes,    3050280 total
[2025-09-22T07:20:58.575+0000][67][gc,age      ] GC(24) - age   5:     120064 bytes,    3170344 total
[2025-09-22T07:20:58.575+0000][67][gc,age      ] GC(24) - age   6:     423464 bytes,    3593808 total
[2025-09-22T07:20:58.575+0000][67][gc,age      ] GC(24) - age   7:     741352 bytes,    4335160 total
[2025-09-22T07:20:58.575+0000][67][gc,age      ] GC(24) - age   8:    2462872 bytes,    6798032 total
[2025-09-22T07:20:58.575+0000][67][gc,age      ] GC(24) - age   9:    4839616 bytes,   11637648 total
[2025-09-22T07:20:58.575+0000][67][gc,heap     ] GC(24) Eden regions: 71->0(72)
[2025-09-22T07:20:58.575+0000][67][gc,heap     ] GC(24) Survivor regions: 4->4(10)
[2025-09-22T07:20:58.575+0000][67][gc,heap     ] GC(24) Old regions: 22->22
[2025-09-22T07:20:58.575+0000][67][gc,heap     ] GC(24) Archive regions: 2->2
[2025-09-22T07:20:58.575+0000][67][gc,heap     ] GC(24) Humongous regions: 4->4
[2025-09-22T07:20:58.575+0000][67][gc,metaspace] GC(24) Metaspace: 137688K(141312K)->137688K(141312K) NonClass: 119797K(121664K)->119797K(121664K) Class: 17890K(19648K)->17890K(19648K)
[2025-09-22T07:20:58.575+0000][67][gc          ] GC(24) Pause Young (Normal) (G1 Evacuation Pause) 402M->118M(512M) 39.097ms
[2025-09-22T07:20:58.575+0000][67][gc,cpu      ] GC(24) User=0.25s Sys=0.00s Real=0.04s
[2025-09-22T07:20:58.575+0000][67][safepoint   ] Safepoint "G1CollectForAllocation", Time since last: 1855528584 ns, Reaching safepoint: 10487500 ns, At safepoint: 39284209 ns, Total: 49771709 ns
[2025-09-22T07:21:04.585+0000][67][safepoint   ] Safepoint "Cleanup", Time since last: 6009030711 ns, Reaching safepoint: 163625 ns, At safepoint: 8917 ns, Total: 172542 ns
[2025-09-22T07:21:07.589+0000][67][safepoint   ] Safepoint "Cleanup", Time since last: 3003285584 ns, Reaching safepoint: 729875 ns, At safepoint: 20541 ns, Total: 750416 ns
[2025-09-22T07:21:11.593+0000][67][safepoint   ] Safepoint "Cleanup", Time since last: 4003075836 ns, Reaching safepoint: 344791 ns, At safepoint: 12625 ns, Total: 357416 ns
[2025-09-22T07:21:12.594+0000][67][safepoint   ] Safepoint "Cleanup", Time since last: 1001396918 ns, Reaching safepoint: 102958 ns, At safepoint: 3583 ns, Total: 106541 ns
[2025-09-22T07:21:13.595+0000][67][safepoint   ] Safepoint "Cleanup", Time since last: 1000637042 ns, Reaching safepoint: 230917 ns, At safepoint: 8292 ns, Total: 239209 ns
[2025-09-22T07:21:16.591+0000][67][safepoint   ] Safepoint "Cleanup", Time since last: 2995731876 ns, Reaching safepoint: 167458 ns, At safepoint: 11792 ns, Total: 179250 ns
[2025-09-22T07:21:17.603+0000][67][safepoint   ] Safepoint "Cleanup", Time since last: 1010158917 ns, Reaching safepoint: 1890209 ns, At safepoint: 5875 ns, Total: 1896084 ns
[2025-09-22T07:21:18.606+0000][67][safepoint   ] Safepoint "Cleanup", Time since last: 1002356375 ns, Reaching safepoint: 207500 ns, At safepoint: 30500 ns, Total: 238000 ns
[2025-09-22T07:21:19.607+0000][67][safepoint   ] Safepoint "Cleanup", Time since last: 1001569042 ns, Reaching safepoint: 109709 ns, At safepoint: 6791 ns, Total: 116500 ns
[2025-09-22T07:21:22.612+0000][67][safepoint   ] Safepoint "Cleanup", Time since last: 3004160793 ns, Reaching safepoint: 134709 ns, At safepoint: 5208 ns, Total: 139917 ns
[2025-09-22T07:21:23.613+0000][67][safepoint   ] Safepoint "Cleanup", Time since last: 1001193125 ns, Reaching safepoint: 130000 ns, At safepoint: 5417 ns, Total: 135417 ns
[2025-09-22T07:21:29.621+0000][67][safepoint   ] Safepoint "Cleanup", Time since last: 6007737045 ns, Reaching safepoint: 234458 ns, At safepoint: 19083 ns, Total: 253541 ns
[2025-09-22T07:21:31.625+0000][67][safepoint   ] Safepoint "Cleanup", Time since last: 2003465001 ns, Reaching safepoint: 118459 ns, At safepoint: 4583 ns, Total: 123042 ns
[2025-09-22T07:21:34.630+0000][67][safepoint   ] Safepoint "Cleanup", Time since last: 3005372210 ns, Reaching safepoint: 96166 ns, At safepoint: 2834 ns, Total: 99000 ns
[2025-09-22T07:21:35.631+0000][67][safepoint   ] Safepoint "Cleanup", Time since last: 1001360250 ns, Reaching safepoint: 462166 ns, At safepoint: 18084 ns, Total: 480250 ns
[2025-09-22T07:21:40.637+0000][67][safepoint   ] Safepoint "Cleanup", Time since last: 5005922210 ns, Reaching safepoint: 143834 ns, At safepoint: 5666 ns, Total: 149500 ns
[2025-09-22T07:21:41.640+0000][67][safepoint   ] Safepoint "Cleanup", Time since last: 1001873459 ns, Reaching safepoint: 347375 ns, At safepoint: 17083 ns, Total: 364458 ns
[2025-09-22T07:21:43.642+0000][67][safepoint   ] Safepoint "Cleanup", Time since last: 2002058835 ns, Reaching safepoint: 56333 ns, At safepoint: 3083 ns, Total: 59416 ns
[2025-09-22T07:21:45.646+0000][67][safepoint   ] Safepoint "Cleanup", Time since last: 2003383668 ns, Reaching safepoint: 310625 ns, At safepoint: 17917 ns, Total: 328542 ns
[2025-09-22T07:21:46.647+0000][67][safepoint   ] Safepoint "Cleanup", Time since last: 1001266792 ns, Reaching safepoint: 47458 ns, At safepoint: 2042 ns, Total: 49500 ns
[2025-09-22T07:21:48.649+0000][67][safepoint   ] Safepoint "Cleanup", Time since last: 2001869917 ns, Reaching safepoint: 169459 ns, At safepoint: 13125 ns, Total: 182584 ns
[2025-09-22T07:21:49.651+0000][67][safepoint   ] Safepoint "Cleanup", Time since last: 1001625250 ns, Reaching safepoint: 64917 ns, At safepoint: 2125 ns, Total: 67042 ns
[2025-09-22T07:21:51.654+0000][67][safepoint   ] Safepoint "Cleanup", Time since last: 2002656584 ns, Reaching safepoint: 279625 ns, At safepoint: 40417 ns, Total: 320042 ns
[2025-09-22T07:21:52.656+0000][67][safepoint   ] Safepoint "Cleanup", Time since last: 1001891167 ns, Reaching safepoint: 126583 ns, At safepoint: 6250 ns, Total: 132833 ns
[2025-09-22T07:21:53.657+0000][67][safepoint   ] Safepoint "Cleanup", Time since last: 1001145167 ns, Reaching safepoint: 96709 ns, At safepoint: 5208 ns, Total: 101917 ns
[2025-09-22T07:21:54.658+0000][67][safepoint   ] Safepoint "Cleanup", Time since last: 1000806959 ns, Reaching safepoint: 85083 ns, At safepoint: 4625 ns, Total: 89708 ns
[2025-09-22T07:21:55.659+0000][67][safepoint   ] Safepoint "Cleanup", Time since last: 1001016501 ns, Reaching safepoint: 323625 ns, At safepoint: 13166 ns, Total: 336791 ns
[2025-09-22T07:21:56.661+0000][67][safepoint   ] Safepoint "Cleanup", Time since last: 1001595293 ns, Reaching safepoint: 317250 ns, At safepoint: 16916 ns, Total: 334166 ns
[2025-09-22T07:21:58.663+0000][67][safepoint   ] Safepoint "Cleanup", Time since last: 2001887168 ns, Reaching safepoint: 71125 ns, At safepoint: 3667 ns, Total: 74792 ns
[2025-09-22T07:22:01.666+0000][67][safepoint   ] Safepoint "Cleanup", Time since last: 3002934043 ns, Reaching safepoint: 269916 ns, At safepoint: 12167 ns, Total: 282083 ns
[2025-09-22T07:22:04.670+0000][67][safepoint   ] Safepoint "Cleanup", Time since last: 3004098210 ns, Reaching safepoint: 122791 ns, At safepoint: 7459 ns, Total: 130250 ns
[2025-09-22T07:22:05.673+0000][67][safepoint   ] Safepoint "Cleanup", Time since last: 1001513958 ns, Reaching safepoint: 212416 ns, At safepoint: 18500 ns, Total: 230916 ns
[2025-09-22T07:22:06.675+0000][67][safepoint   ] Safepoint "Cleanup", Time since last: 1000825126 ns, Reaching safepoint: 859166 ns, At safepoint: 30750 ns, Total: 889916 ns
[2025-09-22T07:22:07.676+0000][67][safepoint   ] Safepoint "Cleanup", Time since last: 1000855543 ns, Reaching safepoint: 144000 ns, At safepoint: 22541 ns, Total: 166541 ns
[2025-09-22T07:22:10.679+0000][67][safepoint   ] Safepoint "Cleanup", Time since last: 3002931043 ns, Reaching safepoint: 87375 ns, At safepoint: 10375 ns, Total: 97750 ns
[2025-09-22T07:22:14.698+0000][67][safepoint   ] Safepoint "Cleanup", Time since last: 4004932669 ns, Reaching safepoint: 14334375 ns, At safepoint: 29042 ns, Total: 14363417 ns
[2025-09-22T07:22:15.701+0000][67][safepoint   ] Safepoint "Cleanup", Time since last: 1002473708 ns, Reaching safepoint: 258417 ns, At safepoint: 9542 ns, Total: 267959 ns
[2025-09-22T07:22:18.707+0000][67][safepoint   ] Safepoint "Cleanup", Time since last: 3006348793 ns, Reaching safepoint: 343041 ns, At safepoint: 8459 ns, Total: 351500 ns
[2025-09-22T07:22:19.708+0000][67][safepoint   ] Safepoint "Cleanup", Time since last: 1000978375 ns, Reaching safepoint: 122042 ns, At safepoint: 4875 ns, Total: 126917 ns
[2025-09-22T07:22:21.712+0000][67][safepoint   ] Safepoint "Cleanup", Time since last: 2002032293 ns, Reaching safepoint: 1502958 ns, At safepoint: 26292 ns, Total: 1529250 ns
[2025-09-22T07:22:25.720+0000][67][safepoint   ] Safepoint "Cleanup", Time since last: 4005550918 ns, Reaching safepoint: 2092625 ns, At safepoint: 12167 ns, Total: 2104792 ns
[2025-09-22T07:22:26.722+0000][67][safepoint   ] Safepoint "Cleanup", Time since last: 1002232959 ns, Reaching safepoint: 200083 ns, At safepoint: 9500 ns, Total: 209583 ns
[2025-09-22T07:22:28.725+0000][67][safepoint   ] Safepoint "Cleanup", Time since last: 2002608959 ns, Reaching safepoint: 167084 ns, At safepoint: 7041 ns, Total: 174125 ns
[2025-09-22T07:22:31.729+0000][67][safepoint   ] Safepoint "Cleanup", Time since last: 3003842168 ns, Reaching safepoint: 131167 ns, At safepoint: 10958 ns, Total: 142125 ns
[2025-09-22T07:22:32.729+0000][67][safepoint   ] Safepoint "Cleanup", Time since last: 1000465001 ns, Reaching safepoint: 142125 ns, At safepoint: 16250 ns, Total: 158375 ns
[2025-09-22T07:22:34.732+0000][67][safepoint   ] Safepoint "Cleanup", Time since last: 2002054001 ns, Reaching safepoint: 487083 ns, At safepoint: 14333 ns, Total: 501416 ns
[2025-09-22T07:22:37.736+0000][67][safepoint   ] Safepoint "Cleanup", Time since last: 3003534210 ns, Reaching safepoint: 340791 ns, At safepoint: 9792 ns, Total: 350583 ns
[2025-09-22T07:22:42.742+0000][67][safepoint   ] Safepoint "Cleanup", Time since last: 5005658294 ns, Reaching safepoint: 548208 ns, At safepoint: 15792 ns, Total: 564000 ns
[2025-09-22T07:22:43.627+0000][67][gc,start    ] GC(25) Pause Young (Normal) (G1 Evacuation Pause)
[2025-09-22T07:22:43.628+0000][67][gc,task     ] GC(25) Using 8 workers of 8 for evacuation
[2025-09-22T07:22:43.628+0000][67][gc,age      ] GC(25) Desired survivor size 20971520 bytes, new threshold 15 (max threshold 15)
[2025-09-22T07:22:43.663+0000][67][gc,phases   ] GC(25)   Pre Evacuate Collection Set: 0.3ms
[2025-09-22T07:22:43.663+0000][67][gc,phases   ] GC(25)   Merge Heap Roots: 0.2ms
[2025-09-22T07:22:43.663+0000][67][gc,phases   ] GC(25)   Evacuate Collection Set: 32.5ms
[2025-09-22T07:22:43.663+0000][67][gc,phases   ] GC(25)   Post Evacuate Collection Set: 2.3ms
[2025-09-22T07:22:43.664+0000][67][gc,phases   ] GC(25)   Other: 0.4ms
[2025-09-22T07:22:43.664+0000][67][gc,age      ] GC(25) Age table with threshold 15 (max threshold 15)
[2025-09-22T07:22:43.664+0000][67][gc,age      ] GC(25) - age   1:    1401440 bytes,    1401440 total
[2025-09-22T07:22:43.664+0000][67][gc,age      ] GC(25) - age   2:     698680 bytes,    2100120 total
[2025-09-22T07:22:43.664+0000][67][gc,age      ] GC(25) - age   3:     169720 bytes,    2269840 total
[2025-09-22T07:22:43.664+0000][67][gc,age      ] GC(25) - age   4:    1279816 bytes,    3549656 total
[2025-09-22T07:22:43.664+0000][67][gc,age      ] GC(25) - age   5:      74880 bytes,    3624536 total
[2025-09-22T07:22:43.664+0000][67][gc,age      ] GC(25) - age   6:     119872 bytes,    3744408 total
[2025-09-22T07:22:43.664+0000][67][gc,age      ] GC(25) - age   7:     414312 bytes,    4158720 total
[2025-09-22T07:22:43.664+0000][67][gc,age      ] GC(25) - age   8:     710424 bytes,    4869144 total
[2025-09-22T07:22:43.664+0000][67][gc,age      ] GC(25) - age   9:    2297752 bytes,    7166896 total
[2025-09-22T07:22:43.664+0000][67][gc,age      ] GC(25) - age  10:    4798144 bytes,   11965040 total
[2025-09-22T07:22:43.664+0000][67][gc,heap     ] GC(25) Eden regions: 72->0(72)
[2025-09-22T07:22:43.664+0000][67][gc,heap     ] GC(25) Survivor regions: 4->4(10)
[2025-09-22T07:22:43.664+0000][67][gc,heap     ] GC(25) Old regions: 22->22
[2025-09-22T07:22:43.664+0000][67][gc,heap     ] GC(25) Archive regions: 2->2
[2025-09-22T07:22:43.664+0000][67][gc,heap     ] GC(25) Humongous regions: 4->4
[2025-09-22T07:22:43.664+0000][67][gc,metaspace] GC(25) Metaspace: 137989K(141568K)->137989K(141568K) NonClass: 120098K(121920K)->120098K(121920K) Class: 17890K(19648K)->17890K(19648K)
[2025-09-22T07:22:43.664+0000][67][gc          ] GC(25) Pause Young (Normal) (G1 Evacuation Pause) 406M->118M(512M) 37.059ms
[2025-09-22T07:22:43.664+0000][67][gc,cpu      ] GC(25) User=0.22s Sys=0.00s Real=0.04s
[2025-09-22T07:22:43.664+0000][67][safepoint   ] Safepoint "G1CollectForAllocation", Time since last: 884718125 ns, Reaching safepoint: 148792 ns, At safepoint: 37356083 ns, Total: 37504875 ns
[2025-09-22T07:22:44.666+0000][67][safepoint   ] Safepoint "Cleanup", Time since last: 1001278668 ns, Reaching safepoint: 256625 ns, At safepoint: 20916 ns, Total: 277541 ns
[2025-09-22T07:22:45.668+0000][67][safepoint   ] Safepoint "Cleanup", Time since last: 1001484501 ns, Reaching safepoint: 132833 ns, At safepoint: 7625 ns, Total: 140458 ns
[2025-09-22T07:22:48.673+0000][67][safepoint   ] Safepoint "Cleanup", Time since last: 3004388251 ns, Reaching safepoint: 922542 ns, At safepoint: 36250 ns, Total: 958792 ns
[2025-09-22T07:22:49.676+0000][67][safepoint   ] Safepoint "Cleanup", Time since last: 1002575501 ns, Reaching safepoint: 125750 ns, At safepoint: 3791 ns, Total: 129541 ns
[2025-09-22T07:22:54.682+0000][67][safepoint   ] Safepoint "Cleanup", Time since last: 5006102169 ns, Reaching safepoint: 427750 ns, At safepoint: 16792 ns, Total: 444542 ns
[2025-09-22T07:22:55.684+0000][67][safepoint   ] Safepoint "Cleanup", Time since last: 1001307584 ns, Reaching safepoint: 106083 ns, At safepoint: 3292 ns, Total: 109375 ns
[2025-09-22T07:22:56.685+0000][67][safepoint   ] Safepoint "Cleanup", Time since last: 1000880875 ns, Reaching safepoint: 110584 ns, At safepoint: 3041 ns, Total: 113625 ns
[2025-09-22T07:22:57.686+0000][67][safepoint   ] Safepoint "Cleanup", Time since last: 1001033251 ns, Reaching safepoint: 163125 ns, At safepoint: 4250 ns, Total: 167375 ns
[2025-09-22T07:23:01.690+0000][67][safepoint   ] Safepoint "Cleanup", Time since last: 4003782377 ns, Reaching safepoint: 569166 ns, At safepoint: 26792 ns, Total: 595958 ns
[2025-09-22T07:23:02.693+0000][67][safepoint   ] Safepoint "Cleanup", Time since last: 1002596167 ns, Reaching safepoint: 178833 ns, At safepoint: 6000 ns, Total: 184833 ns
[2025-09-22T07:23:04.695+0000][67][safepoint   ] Safepoint "Cleanup", Time since last: 2002015085 ns, Reaching safepoint: 429416 ns, At safepoint: 10500 ns, Total: 439916 ns
[2025-09-22T07:23:07.698+0000][67][safepoint   ] Safepoint "Cleanup", Time since last: 3005074460 ns, Reaching safepoint: 86583 ns, At safepoint: 5667 ns, Total: 92250 ns
[2025-09-22T07:23:08.699+0000][67][safepoint   ] Safepoint "Cleanup", Time since last: 1001126042 ns, Reaching safepoint: 328000 ns, At safepoint: 18042 ns, Total: 346042 ns
[2025-09-22T07:23:13.708+0000][67][safepoint   ] Safepoint "Cleanup", Time since last: 5007764627 ns, Reaching safepoint: 407000 ns, At safepoint: 28625 ns, Total: 435625 ns
[2025-09-22T07:23:14.709+0000][67][safepoint   ] Safepoint "Cleanup", Time since last: 1001650626 ns, Reaching safepoint: 195791 ns, At safepoint: 9959 ns, Total: 205750 ns
[2025-09-22T07:23:18.717+0000][67][safepoint   ] Safepoint "Cleanup", Time since last: 4006739418 ns, Reaching safepoint: 1012208 ns, At safepoint: 18084 ns, Total: 1030292 ns
[2025-09-22T07:23:19.719+0000][67][safepoint   ] Safepoint "Cleanup", Time since last: 1001420250 ns, Reaching safepoint: 136667 ns, At safepoint: 7333 ns, Total: 144000 ns
[2025-09-22T07:23:20.722+0000][67][safepoint   ] Safepoint "Cleanup", Time since last: 1002652459 ns, Reaching safepoint: 420917 ns, At safepoint: 24666 ns, Total: 445583 ns
[2025-09-22T07:23:21.726+0000][67][safepoint   ] Safepoint "Cleanup", Time since last: 1003591001 ns, Reaching safepoint: 165375 ns, At safepoint: 10542 ns, Total: 175917 ns
[2025-09-22T07:23:23.730+0000][67][safepoint   ] Safepoint "Cleanup", Time since last: 2004174000 ns, Reaching safepoint: 361042 ns, At safepoint: 20250 ns, Total: 381292 ns
[2025-09-22T07:23:25.737+0000][67][safepoint   ] Safepoint "Cleanup", Time since last: 2003614001 ns, Reaching safepoint: 3489042 ns, At safepoint: 21833 ns, Total: 3510875 ns
[2025-09-22T07:23:26.739+0000][67][safepoint   ] Safepoint "Cleanup", Time since last: 1001352042 ns, Reaching safepoint: 360625 ns, At safepoint: 9750 ns, Total: 370375 ns
[2025-09-22T07:23:31.749+0000][67][safepoint   ] Safepoint "Cleanup", Time since last: 5009395753 ns, Reaching safepoint: 376083 ns, At safepoint: 9000 ns, Total: 385083 ns
[2025-09-22T07:23:34.756+0000][67][safepoint   ] Safepoint "Cleanup", Time since last: 3006814335 ns, Reaching safepoint: 488416 ns, At safepoint: 13792 ns, Total: 502208 ns
[2025-09-22T07:23:37.762+0000][67][safepoint   ] Safepoint "Cleanup", Time since last: 3002472751 ns, Reaching safepoint: 121625 ns, At safepoint: 20917 ns, Total: 142542 ns
[2025-09-22T07:23:38.764+0000][67][safepoint   ] Safepoint "Cleanup", Time since last: 1001196417 ns, Reaching safepoint: 543500 ns, At safepoint: 14833 ns, Total: 558333 ns
[2025-09-22T07:23:44.773+0000][67][safepoint   ] Safepoint "Cleanup", Time since last: 6008540128 ns, Reaching safepoint: 705334 ns, At safepoint: 28541 ns, Total: 733875 ns
[2025-09-22T07:23:45.776+0000][67][safepoint   ] Safepoint "Cleanup", Time since last: 1003050834 ns, Reaching safepoint: 220833 ns, At safepoint: 14334 ns, Total: 235167 ns
[2025-09-22T07:23:48.782+0000][67][safepoint   ] Safepoint "Cleanup", Time since last: 3005766793 ns, Reaching safepoint: 311583 ns, At safepoint: 8208 ns, Total: 319791 ns
[2025-09-22T07:23:50.785+0000][67][safepoint   ] Safepoint "Cleanup", Time since last: 2002100835 ns, Reaching safepoint: 605125 ns, At safepoint: 30791 ns, Total: 635916 ns
[2025-09-22T07:23:55.792+0000][67][safepoint   ] Safepoint "Cleanup", Time since last: 5006987544 ns, Reaching safepoint: 388792 ns, At safepoint: 12167 ns, Total: 400959 ns
[2025-09-22T07:23:56.794+0000][67][safepoint   ] Safepoint "Cleanup", Time since last: 1001409000 ns, Reaching safepoint: 302584 ns, At safepoint: 16291 ns, Total: 318875 ns
[2025-09-22T07:23:58.797+0000][67][safepoint   ] Safepoint "Cleanup", Time since last: 2002799335 ns, Reaching safepoint: 186041 ns, At safepoint: 10709 ns, Total: 196750 ns
[2025-09-22T07:24:10.813+0000][67][safepoint   ] Safepoint "Cleanup", Time since last: 12013899421 ns, Reaching safepoint: 1710667 ns, At safepoint: 57375 ns, Total: 1768042 ns
[2025-09-22T07:24:13.819+0000][67][safepoint   ] Safepoint "Cleanup", Time since last: 3006197876 ns, Reaching safepoint: 190833 ns, At safepoint: 11875 ns, Total: 202708 ns
[2025-09-22T07:24:14.821+0000][67][safepoint   ] Safepoint "Cleanup", Time since last: 1001109584 ns, Reaching safepoint: 274000 ns, At safepoint: 11292 ns, Total: 285292 ns
[2025-09-22T07:24:16.823+0000][67][safepoint   ] Safepoint "Cleanup", Time since last: 2002354626 ns, Reaching safepoint: 222750 ns, At safepoint: 10792 ns, Total: 233542 ns
[2025-09-22T07:24:19.828+0000][67][safepoint   ] Safepoint "Cleanup", Time since last: 3004643959 ns, Reaching safepoint: 350292 ns, At safepoint: 16417 ns, Total: 366709 ns
[2025-09-22T07:24:22.834+0000][67][safepoint   ] Safepoint "Cleanup", Time since last: 3004606584 ns, Reaching safepoint: 627209 ns, At safepoint: 8000 ns, Total: 635209 ns
[2025-09-22T07:24:23.836+0000][67][safepoint   ] Safepoint "Cleanup", Time since last: 1002492417 ns, Reaching safepoint: 270292 ns, At safepoint: 8750 ns, Total: 279042 ns
[2025-09-22T07:24:24.839+0000][67][safepoint   ] Safepoint "Cleanup", Time since last: 1002428750 ns, Reaching safepoint: 504667 ns, At safepoint: 18125 ns, Total: 522792 ns
[2025-09-22T07:24:25.658+0000][67][gc,start    ] GC(26) Pause Young (Normal) (G1 Evacuation Pause)
[2025-09-22T07:24:25.658+0000][67][gc,task     ] GC(26) Using 8 workers of 8 for evacuation
[2025-09-22T07:24:25.658+0000][67][gc,age      ] GC(26) Desired survivor size 20971520 bytes, new threshold 15 (max threshold 15)
[2025-09-22T07:24:25.696+0000][67][gc,phases   ] GC(26)   Pre Evacuate Collection Set: 0.8ms
[2025-09-22T07:24:25.696+0000][67][gc,phases   ] GC(26)   Merge Heap Roots: 0.3ms
[2025-09-22T07:24:25.696+0000][67][gc,phases   ] GC(26)   Evacuate Collection Set: 32.3ms
[2025-09-22T07:24:25.696+0000][67][gc,phases   ] GC(26)   Post Evacuate Collection Set: 3.8ms
[2025-09-22T07:24:25.696+0000][67][gc,phases   ] GC(26)   Other: 0.8ms
[2025-09-22T07:24:25.696+0000][67][gc,age      ] GC(26) Age table with threshold 15 (max threshold 15)
[2025-09-22T07:24:25.696+0000][67][gc,age      ] GC(26) - age   1:    1314816 bytes,    1314816 total
[2025-09-22T07:24:25.696+0000][67][gc,age      ] GC(26) - age   2:     108048 bytes,    1422864 total
[2025-09-22T07:24:25.696+0000][67][gc,age      ] GC(26) - age   3:     696288 bytes,    2119152 total
[2025-09-22T07:24:25.696+0000][67][gc,age      ] GC(26) - age   4:     168424 bytes,    2287576 total
[2025-09-22T07:24:25.696+0000][67][gc,age      ] GC(26) - age   5:    1256848 bytes,    3544424 total
[2025-09-22T07:24:25.696+0000][67][gc,age      ] GC(26) - age   6:      74880 bytes,    3619304 total
[2025-09-22T07:24:25.696+0000][67][gc,age      ] GC(26) - age   7:     119872 bytes,    3739176 total
[2025-09-22T07:24:25.696+0000][67][gc,age      ] GC(26) - age   8:     397416 bytes,    4136592 total
[2025-09-22T07:24:25.696+0000][67][gc,age      ] GC(26) - age   9:     709952 bytes,    4846544 total
[2025-09-22T07:24:25.696+0000][67][gc,age      ] GC(26) - age  10:    2256952 bytes,    7103496 total
[2025-09-22T07:24:25.696+0000][67][gc,age      ] GC(26) - age  11:    4772440 bytes,   11875936 total
[2025-09-22T07:24:25.696+0000][67][gc,heap     ] GC(26) Eden regions: 72->0(72)
[2025-09-22T07:24:25.696+0000][67][gc,heap     ] GC(26) Survivor regions: 4->4(10)
[2025-09-22T07:24:25.696+0000][67][gc,heap     ] GC(26) Old regions: 22->22
[2025-09-22T07:24:25.696+0000][67][gc,heap     ] GC(26) Archive regions: 2->2
[2025-09-22T07:24:25.696+0000][67][gc,heap     ] GC(26) Humongous regions: 4->4
[2025-09-22T07:24:25.697+0000][67][gc,metaspace] GC(26) Metaspace: 138326K(141824K)->138326K(141824K) NonClass: 120387K(122176K)->120387K(122176K) Class: 17938K(19648K)->17938K(19648K)
[2025-09-22T07:24:25.697+0000][67][gc          ] GC(26) Pause Young (Normal) (G1 Evacuation Pause) 406M->118M(512M) 39.065ms
[2025-09-22T07:24:25.697+0000][67][gc,cpu      ] GC(26) User=0.23s Sys=0.00s Real=0.04s
[2025-09-22T07:24:25.697+0000][67][safepoint   ] Safepoint "G1CollectForAllocation", Time since last: 818045708 ns, Reaching safepoint: 128709 ns, At safepoint: 39231125 ns, Total: 39359834 ns
[2025-09-22T07:24:28.702+0000][67][safepoint   ] Safepoint "Cleanup", Time since last: 3004354043 ns, Reaching safepoint: 457583 ns, At safepoint: 32750 ns, Total: 490333 ns
[2025-09-22T07:24:37.716+0000][67][safepoint   ] Safepoint "Cleanup", Time since last: 9014153879 ns, Reaching safepoint: 237583 ns, At safepoint: 14459 ns, Total: 252042 ns
[2025-09-22T07:24:38.717+0000][67][safepoint   ] Safepoint "Cleanup", Time since last: 1001080750 ns, Reaching safepoint: 323708 ns, At safepoint: 15667 ns, Total: 339375 ns
[2025-09-22T07:24:43.724+0000][67][safepoint   ] Safepoint "Cleanup", Time since last: 5006744127 ns, Reaching safepoint: 79875 ns, At safepoint: 2834 ns, Total: 82709 ns
[2025-09-22T07:24:44.726+0000][67][safepoint   ] Safepoint "Cleanup", Time since last: 1001320250 ns, Reaching safepoint: 455167 ns, At safepoint: 15625 ns, Total: 470792 ns
[2025-09-22T07:24:48.734+0000][67][safepoint   ] Safepoint "Cleanup", Time since last: 4007292085 ns, Reaching safepoint: 677417 ns, At safepoint: 15333 ns, Total: 692750 ns
[2025-09-22T07:24:49.735+0000][67][safepoint   ] Safepoint "Cleanup", Time since last: 1001079376 ns, Reaching safepoint: 100416 ns, At safepoint: 4292 ns, Total: 104708 ns
[2025-09-22T07:24:50.737+0000][67][safepoint   ] Safepoint "Cleanup", Time since last: 1001273834 ns, Reaching safepoint: 533958 ns, At safepoint: 31375 ns, Total: 565333 ns
[2025-09-22T07:24:55.744+0000][67][safepoint   ] Safepoint "Cleanup", Time since last: 5007164211 ns, Reaching safepoint: 250666 ns, At safepoint: 5667 ns, Total: 256333 ns
[2025-09-22T07:25:02.756+0000][67][safepoint   ] Safepoint "Cleanup", Time since last: 7010717503 ns, Reaching safepoint: 886084 ns, At safepoint: 53500 ns, Total: 939584 ns
[2025-09-22T07:25:07.767+0000][67][safepoint   ] Safepoint "Cleanup", Time since last: 5010080210 ns, Reaching safepoint: 82583 ns, At safepoint: 3000 ns, Total: 85583 ns
[2025-09-22T07:25:19.780+0000][67][safepoint   ] Safepoint "Cleanup", Time since last: 12010888297 ns, Reaching safepoint: 1835667 ns, At safepoint: 45500 ns, Total: 1881167 ns
[2025-09-22T07:25:20.784+0000][67][safepoint   ] Safepoint "Cleanup", Time since last: 1003847875 ns, Reaching safepoint: 326167 ns, At safepoint: 19750 ns, Total: 345917 ns
[2025-09-22T07:25:22.786+0000][67][safepoint   ] Safepoint "Cleanup", Time since last: 2001921001 ns, Reaching safepoint: 122750 ns, At safepoint: 4208 ns, Total: 126958 ns
[2025-09-22T07:25:25.790+0000][67][safepoint   ] Safepoint "Cleanup", Time since last: 3004148543 ns, Reaching safepoint: 208167 ns, At safepoint: 8792 ns, Total: 216959 ns
[2025-09-22T07:25:32.799+0000][67][safepoint   ] Safepoint "Cleanup", Time since last: 7008531711 ns, Reaching safepoint: 243167 ns, At safepoint: 6167 ns, Total: 249334 ns
[2025-09-22T07:25:35.827+0000][67][safepoint   ] Safepoint "Cleanup", Time since last: 3026692793 ns, Reaching safepoint: 789833 ns, At safepoint: 8250 ns, Total: 798083 ns
[2025-09-22T07:25:37.831+0000][67][safepoint   ] Safepoint "Cleanup", Time since last: 2003908168 ns, Reaching safepoint: 242791 ns, At safepoint: 9167 ns, Total: 251958 ns
[2025-09-22T07:25:38.833+0000][67][safepoint   ] Safepoint "Cleanup", Time since last: 1001981625 ns, Reaching safepoint: 309084 ns, At safepoint: 14708 ns, Total: 323792 ns
[2025-09-22T07:25:40.836+0000][67][safepoint   ] Safepoint "Cleanup", Time since last: 2002797834 ns, Reaching safepoint: 271042 ns, At safepoint: 9625 ns, Total: 280667 ns
[2025-09-22T07:25:43.842+0000][67][safepoint   ] Safepoint "Cleanup", Time since last: 3005855126 ns, Reaching safepoint: 113042 ns, At safepoint: 4375 ns, Total: 117417 ns
[2025-09-22T07:25:48.848+0000][67][safepoint   ] Safepoint "Cleanup", Time since last: 5005610627 ns, Reaching safepoint: 413834 ns, At safepoint: 18333 ns, Total: 432167 ns
[2025-09-22T07:25:55.861+0000][67][safepoint   ] Safepoint "Cleanup", Time since last: 7012124337 ns, Reaching safepoint: 288333 ns, At safepoint: 6042 ns, Total: 294375 ns
[2025-09-22T07:26:01.867+0000][67][safepoint   ] Safepoint "Cleanup", Time since last: 6006010003 ns, Reaching safepoint: 273000 ns, At safepoint: 11916 ns, Total: 284916 ns
[2025-09-22T07:26:07.824+0000][67][gc,start    ] GC(27) Pause Young (Normal) (G1 Evacuation Pause)
[2025-09-22T07:26:07.824+0000][67][gc,task     ] GC(27) Using 8 workers of 8 for evacuation
[2025-09-22T07:26:07.824+0000][67][gc,age      ] GC(27) Desired survivor size 20971520 bytes, new threshold 15 (max threshold 15)
[2025-09-22T07:26:07.851+0000][67][gc,phases   ] GC(27)   Pre Evacuate Collection Set: 0.2ms
[2025-09-22T07:26:07.852+0000][67][gc,phases   ] GC(27)   Merge Heap Roots: 0.1ms
[2025-09-22T07:26:07.852+0000][67][gc,phases   ] GC(27)   Evacuate Collection Set: 25.1ms
[2025-09-22T07:26:07.852+0000][67][gc,phases   ] GC(27)   Post Evacuate Collection Set: 1.9ms
[2025-09-22T07:26:07.852+0000][67][gc,phases   ] GC(27)   Other: 0.2ms
[2025-09-22T07:26:07.852+0000][67][gc,age      ] GC(27) Age table with threshold 15 (max threshold 15)
[2025-09-22T07:26:07.852+0000][67][gc,age      ] GC(27) - age   1:     611432 bytes,     611432 total
[2025-09-22T07:26:07.852+0000][67][gc,age      ] GC(27) - age   2:     463544 bytes,    1074976 total
[2025-09-22T07:26:07.852+0000][67][gc,age      ] GC(27) - age   3:     106512 bytes,    1181488 total
[2025-09-22T07:26:07.852+0000][67][gc,age      ] GC(27) - age   4:     691448 bytes,    1872936 total
[2025-09-22T07:26:07.852+0000][67][gc,age      ] GC(27) - age   5:     168080 bytes,    2041016 total
[2025-09-22T07:26:07.852+0000][67][gc,age      ] GC(27) - age   6:    1255840 bytes,    3296856 total
[2025-09-22T07:26:07.852+0000][67][gc,age      ] GC(27) - age   7:      74880 bytes,    3371736 total
[2025-09-22T07:26:07.852+0000][67][gc,age      ] GC(27) - age   8:     119808 bytes,    3491544 total
[2025-09-22T07:26:07.852+0000][67][gc,age      ] GC(27) - age   9:     397120 bytes,    3888664 total
[2025-09-22T07:26:07.852+0000][67][gc,age      ] GC(27) - age  10:     709952 bytes,    4598616 total
[2025-09-22T07:26:07.852+0000][67][gc,age      ] GC(27) - age  11:    2256816 bytes,    6855432 total
[2025-09-22T07:26:07.852+0000][67][gc,age      ] GC(27) - age  12:    4772440 bytes,   11627872 total
[2025-09-22T07:26:07.852+0000][67][gc,heap     ] GC(27) Eden regions: 72->0(72)
[2025-09-22T07:26:07.852+0000][67][gc,heap     ] GC(27) Survivor regions: 4->4(10)
[2025-09-22T07:26:07.852+0000][67][gc,heap     ] GC(27) Old regions: 22->22
[2025-09-22T07:26:07.852+0000][67][gc,heap     ] GC(27) Archive regions: 2->2
[2025-09-22T07:26:07.852+0000][67][gc,heap     ] GC(27) Humongous regions: 4->4
[2025-09-22T07:26:07.852+0000][67][gc,metaspace] GC(27) Metaspace: 138506K(142016K)->138506K(142016K) NonClass: 120567K(122368K)->120567K(122368K) Class: 17938K(19648K)->17938K(19648K)
[2025-09-22T07:26:07.853+0000][67][gc          ] GC(27) Pause Young (Normal) (G1 Evacuation Pause) 406M->118M(512M) 28.862ms
[2025-09-22T07:26:07.853+0000][67][gc,cpu      ] GC(27) User=0.20s Sys=0.00s Real=0.03s
[2025-09-22T07:26:07.853+0000][67][safepoint   ] Safepoint "G1CollectForAllocation", Time since last: 5955743711 ns, Reaching safepoint: 140375 ns, At safepoint: 29034792 ns, Total: 29175167 ns
[2025-09-22T07:26:08.854+0000][67][safepoint   ] Safepoint "Cleanup", Time since last: 1000934459 ns, Reaching safepoint: 723916 ns, At safepoint: 27250 ns, Total: 751166 ns
[2025-09-22T07:26:13.862+0000][67][safepoint   ] Safepoint "Cleanup", Time since last: 5007390003 ns, Reaching safepoint: 377541 ns, At safepoint: 8334 ns, Total: 385875 ns
[2025-09-22T07:26:18.880+0000][67][safepoint   ] Safepoint "Cleanup", Time since last: 5011255919 ns, Reaching safepoint: 5636916 ns, At safepoint: 15667 ns, Total: 5652583 ns
[2025-09-22T07:26:19.889+0000][67][safepoint   ] Safepoint "Cleanup", Time since last: 1005403959 ns, Reaching safepoint: 4127417 ns, At safepoint: 8208 ns, Total: 4135625 ns
[2025-09-22T07:26:21.898+0000][67][safepoint   ] Safepoint "Cleanup", Time since last: 2009046834 ns, Reaching safepoint: 218625 ns, At safepoint: 12959 ns, Total: 231584 ns
[2025-09-22T07:26:23.901+0000][67][safepoint   ] Safepoint "Cleanup", Time since last: 2002516209 ns, Reaching safepoint: 684750 ns, At safepoint: 15208 ns, Total: 699958 ns
[2025-09-22T07:26:25.903+0000][67][safepoint   ] Safepoint "Cleanup", Time since last: 2001836168 ns, Reaching safepoint: 121250 ns, At safepoint: 8542 ns, Total: 129792 ns
[2025-09-22T07:26:31.912+0000][67][safepoint   ] Safepoint "Cleanup", Time since last: 6007440086 ns, Reaching safepoint: 1670041 ns, At safepoint: 19792 ns, Total: 1689833 ns
[2025-09-22T07:26:32.918+0000][67][safepoint   ] Safepoint "Cleanup", Time since last: 1002330084 ns, Reaching safepoint: 3397833 ns, At safepoint: 84709 ns, Total: 3482542 ns
[2025-09-22T07:26:34.927+0000][67][safepoint   ] Safepoint "Cleanup", Time since last: 2008705875 ns, Reaching safepoint: 283708 ns, At safepoint: 14875 ns, Total: 298583 ns
[2025-09-22T07:26:36.929+0000][67][safepoint   ] Safepoint "Cleanup", Time since last: 2001563709 ns, Reaching safepoint: 316792 ns, At safepoint: 17958 ns, Total: 334750 ns
[2025-09-22T07:26:40.934+0000][67][safepoint   ] Safepoint "Cleanup", Time since last: 4003894502 ns, Reaching safepoint: 1303958 ns, At safepoint: 45667 ns, Total: 1349625 ns
[2025-09-22T07:26:43.939+0000][67][safepoint   ] Safepoint "Cleanup", Time since last: 3005182710 ns, Reaching safepoint: 408416 ns, At safepoint: 16959 ns, Total: 425375 ns
[2025-09-22T07:26:46.946+0000][67][safepoint   ] Safepoint "Cleanup", Time since last: 3005979210 ns, Reaching safepoint: 818916 ns, At safepoint: 25125 ns, Total: 844041 ns
[2025-09-22T07:26:48.952+0000][67][safepoint   ] Safepoint "Cleanup", Time since last: 2005288710 ns, Reaching safepoint: 110250 ns, At safepoint: 3583 ns, Total: 113833 ns
[2025-09-22T07:26:50.780+0000][67][safepoint   ] Safepoint "Cleanup", Time since last: 1827793042 ns, Reaching safepoint: 457292 ns, At safepoint: 13542 ns, Total: 470834 ns
[2025-09-22T07:26:55.791+0000][67][safepoint   ] Safepoint "Cleanup", Time since last: 5009241710 ns, Reaching safepoint: 1436625 ns, At safepoint: 15292 ns, Total: 1451917 ns
[2025-09-22T07:26:56.792+0000][67][safepoint   ] Safepoint "Cleanup", Time since last: 1001554042 ns, Reaching safepoint: 62250 ns, At safepoint: 3500 ns, Total: 65750 ns
[2025-09-22T07:27:01.799+0000][67][safepoint   ] Safepoint "Cleanup", Time since last: 5007106169 ns, Reaching safepoint: 92750 ns, At safepoint: 7042 ns, Total: 99792 ns
[2025-09-22T07:27:11.820+0000][67][safepoint   ] Safepoint "Cleanup", Time since last: 10020245838 ns, Reaching safepoint: 550375 ns, At safepoint: 15083 ns, Total: 565458 ns
[2025-09-22T07:27:14.824+0000][67][safepoint   ] Safepoint "Cleanup", Time since last: 3003531543 ns, Reaching safepoint: 474209 ns, At safepoint: 11666 ns, Total: 485875 ns
[2025-09-22T07:27:18.831+0000][67][safepoint   ] Safepoint "Cleanup", Time since last: 4006465585 ns, Reaching safepoint: 774542 ns, At safepoint: 17000 ns, Total: 791542 ns
[2025-09-22T07:27:20.819+0000][67][safepoint   ] Safepoint "Cleanup", Time since last: 1987303209 ns, Reaching safepoint: 892709 ns, At safepoint: 24000 ns, Total: 916709 ns
[2025-09-22T07:27:21.823+0000][67][safepoint   ] Safepoint "Cleanup", Time since last: 1002717250 ns, Reaching safepoint: 375459 ns, At safepoint: 17083 ns, Total: 392542 ns
[2025-09-22T07:27:32.844+0000][67][safepoint   ] Safepoint "Cleanup", Time since last: 11019832713 ns, Reaching safepoint: 1088042 ns, At safepoint: 43500 ns, Total: 1131542 ns
[2025-09-22T07:27:37.851+0000][67][safepoint   ] Safepoint "Cleanup", Time since last: 5006758252 ns, Reaching safepoint: 111666 ns, At safepoint: 6125 ns, Total: 117791 ns
[2025-09-22T07:27:43.858+0000][67][safepoint   ] Safepoint "Cleanup", Time since last: 6006194295 ns, Reaching safepoint: 373291 ns, At safepoint: 12000 ns, Total: 385291 ns
[2025-09-22T07:27:48.864+0000][67][safepoint   ] Safepoint "Cleanup", Time since last: 5005287544 ns, Reaching safepoint: 258959 ns, At safepoint: 13250 ns, Total: 272209 ns
[2025-09-22T07:27:53.870+0000][67][safepoint   ] Safepoint "Cleanup", Time since last: 5006575377 ns, Reaching safepoint: 364250 ns, At safepoint: 18834 ns, Total: 383084 ns
[2025-09-22T07:27:55.769+0000][67][gc,start    ] GC(28) Pause Young (Normal) (G1 Evacuation Pause)
[2025-09-22T07:27:55.769+0000][67][gc,task     ] GC(28) Using 8 workers of 8 for evacuation
[2025-09-22T07:27:55.770+0000][67][gc,age      ] GC(28) Desired survivor size 20971520 bytes, new threshold 15 (max threshold 15)
[2025-09-22T07:27:55.810+0000][67][gc,phases   ] GC(28)   Pre Evacuate Collection Set: 0.4ms
[2025-09-22T07:27:55.811+0000][67][gc,phases   ] GC(28)   Merge Heap Roots: 0.2ms
[2025-09-22T07:27:55.811+0000][67][gc,phases   ] GC(28)   Evacuate Collection Set: 36.0ms
[2025-09-22T07:27:55.811+0000][67][gc,phases   ] GC(28)   Post Evacuate Collection Set: 3.8ms
[2025-09-22T07:27:55.811+0000][67][gc,phases   ] GC(28)   Other: 0.5ms
[2025-09-22T07:27:55.811+0000][67][gc,age      ] GC(28) Age table with threshold 15 (max threshold 15)
[2025-09-22T07:27:55.811+0000][67][gc,age      ] GC(28) - age   1:     869096 bytes,     869096 total
[2025-09-22T07:27:55.811+0000][67][gc,age      ] GC(28) - age   2:      22184 bytes,     891280 total
[2025-09-22T07:27:55.811+0000][67][gc,age      ] GC(28) - age   3:     455672 bytes,    1346952 total
[2025-09-22T07:27:55.811+0000][67][gc,age      ] GC(28) - age   4:     105720 bytes,    1452672 total
[2025-09-22T07:27:55.811+0000][67][gc,age      ] GC(28) - age   5:     686768 bytes,    2139440 total
[2025-09-22T07:27:55.811+0000][67][gc,age      ] GC(28) - age   6:     167952 bytes,    2307392 total
[2025-09-22T07:27:55.811+0000][67][gc,age      ] GC(28) - age   7:    1108656 bytes,    3416048 total
[2025-09-22T07:27:55.811+0000][67][gc,age      ] GC(28) - age   8:      74880 bytes,    3490928 total
[2025-09-22T07:27:55.811+0000][67][gc,age      ] GC(28) - age   9:     111728 bytes,    3602656 total
[2025-09-22T07:27:55.811+0000][67][gc,age      ] GC(28) - age  10:     388984 bytes,    3991640 total
[2025-09-22T07:27:55.812+0000][67][gc,age      ] GC(28) - age  11:     709952 bytes,    4701592 total
[2025-09-22T07:27:55.812+0000][67][gc,age      ] GC(28) - age  12:    2251736 bytes,    6953328 total
[2025-09-22T07:27:55.812+0000][67][gc,age      ] GC(28) - age  13:    4756144 bytes,   11709472 total
[2025-09-22T07:27:55.812+0000][67][gc,heap     ] GC(28) Eden regions: 72->0(72)
[2025-09-22T07:27:55.812+0000][67][gc,heap     ] GC(28) Survivor regions: 4->4(10)
[2025-09-22T07:27:55.812+0000][67][gc,heap     ] GC(28) Old regions: 22->22
[2025-09-22T07:27:55.812+0000][67][gc,heap     ] GC(28) Archive regions: 2->2
[2025-09-22T07:27:55.812+0000][67][gc,heap     ] GC(28) Humongous regions: 4->4
[2025-09-22T07:27:55.812+0000][67][gc,metaspace] GC(28) Metaspace: 138622K(142080K)->138622K(142080K) NonClass: 120675K(122432K)->120675K(122432K) Class: 17946K(19648K)->17946K(19648K)
[2025-09-22T07:27:55.812+0000][67][gc          ] GC(28) Pause Young (Normal) (G1 Evacuation Pause) 406M->118M(512M) 43.300ms
[2025-09-22T07:27:55.812+0000][67][gc,cpu      ] GC(28) User=0.26s Sys=0.00s Real=0.05s
[2025-09-22T07:27:55.813+0000][67][safepoint   ] Safepoint "G1CollectForAllocation", Time since last: 1898214542 ns, Reaching safepoint: 280625 ns, At safepoint: 43597042 ns, Total: 43877667 ns
[2025-09-22T07:27:56.815+0000][67][safepoint   ] Safepoint "Cleanup", Time since last: 1001907875 ns, Reaching safepoint: 686750 ns, At safepoint: 23125 ns, Total: 709875 ns
[2025-09-22T07:28:01.820+0000][67][safepoint   ] Safepoint "Cleanup", Time since last: 5004113836 ns, Reaching safepoint: 178833 ns, At safepoint: 17167 ns, Total: 196000 ns
[2025-09-22T07:28:02.821+0000][67][safepoint   ] Safepoint "Cleanup", Time since last: 1001411959 ns, Reaching safepoint: 147875 ns, At safepoint: 7166 ns, Total: 155041 ns
[2025-09-22T07:28:04.824+0000][67][safepoint   ] Safepoint "Cleanup", Time since last: 2002805793 ns, Reaching safepoint: 250625 ns, At safepoint: 14875 ns, Total: 265500 ns
[2025-09-22T07:28:05.827+0000][67][safepoint   ] Safepoint "Cleanup", Time since last: 1001902708 ns, Reaching safepoint: 322750 ns, At safepoint: 16750 ns, Total: 339500 ns
[2025-09-22T07:28:13.854+0000][67][safepoint   ] Safepoint "Cleanup", Time since last: 8026904796 ns, Reaching safepoint: 425583 ns, At safepoint: 15333 ns, Total: 440916 ns
[2025-09-22T07:28:14.856+0000][67][safepoint   ] Safepoint "Cleanup", Time since last: 1001584168 ns, Reaching safepoint: 219333 ns, At safepoint: 20417 ns, Total: 239750 ns
[2025-09-22T07:28:20.865+0000][67][safepoint   ] Safepoint "Cleanup", Time since last: 6008365627 ns, Reaching safepoint: 311625 ns, At safepoint: 9667 ns, Total: 321292 ns
[2025-09-22T07:28:22.868+0000][67][safepoint   ] Safepoint "Cleanup", Time since last: 2003203376 ns, Reaching safepoint: 177333 ns, At safepoint: 8250 ns, Total: 185583 ns
[2025-09-22T07:28:32.885+0000][67][safepoint   ] Safepoint "Cleanup", Time since last: 10016928880 ns, Reaching safepoint: 349375 ns, At safepoint: 11333 ns, Total: 360708 ns
[2025-09-22T07:28:37.895+0000][67][safepoint   ] Safepoint "Cleanup", Time since last: 5008305711 ns, Reaching safepoint: 845875 ns, At safepoint: 12583 ns, Total: 858458 ns
[2025-09-22T07:28:38.897+0000][67][safepoint   ] Safepoint "Cleanup", Time since last: 1001583834 ns, Reaching safepoint: 585750 ns, At safepoint: 20958 ns, Total: 606708 ns
[2025-09-22T07:28:44.905+0000][67][safepoint   ] Safepoint "Cleanup", Time since last: 6008241795 ns, Reaching safepoint: 221958 ns, At safepoint: 10125 ns, Total: 232083 ns
[2025-09-22T07:28:49.913+0000][67][safepoint   ] Safepoint "Cleanup", Time since last: 5007288753 ns, Reaching safepoint: 168500 ns, At safepoint: 5333 ns, Total: 173833 ns
[2025-09-22T07:28:50.914+0000][67][safepoint   ] Safepoint "Cleanup", Time since last: 1000795417 ns, Reaching safepoint: 86542 ns, At safepoint: 6125 ns, Total: 92667 ns
[2025-09-22T07:28:53.918+0000][67][safepoint   ] Safepoint "Cleanup", Time since last: 3003580251 ns, Reaching safepoint: 314209 ns, At safepoint: 27000 ns, Total: 341209 ns
[2025-09-22T07:28:55.920+0000][67][safepoint   ] Safepoint "Cleanup", Time since last: 2001914876 ns, Reaching safepoint: 88500 ns, At safepoint: 4041 ns, Total: 92541 ns
[2025-09-22T07:28:56.922+0000][67][safepoint   ] Safepoint "Cleanup", Time since last: 1001665501 ns, Reaching safepoint: 665375 ns, At safepoint: 35625 ns, Total: 701000 ns
[2025-09-22T07:28:57.924+0000][67][safepoint   ] Safepoint "Cleanup", Time since last: 1002023917 ns, Reaching safepoint: 187583 ns, At safepoint: 7375 ns, Total: 194958 ns
[2025-09-22T07:28:58.926+0000][67][safepoint   ] Safepoint "Cleanup", Time since last: 1001491251 ns, Reaching safepoint: 134666 ns, At safepoint: 5500 ns, Total: 140166 ns
[2025-09-22T07:29:01.929+0000][67][safepoint   ] Safepoint "Cleanup", Time since last: 3003359752 ns, Reaching safepoint: 176958 ns, At safepoint: 6625 ns, Total: 183583 ns
[2025-09-22T07:29:02.931+0000][67][safepoint   ] Safepoint "Cleanup", Time since last: 1001352126 ns, Reaching safepoint: 314958 ns, At safepoint: 14542 ns, Total: 329500 ns
[2025-09-22T07:29:13.950+0000][67][safepoint   ] Safepoint "Cleanup", Time since last: 11020131754 ns, Reaching safepoint: 262667 ns, At safepoint: 14666 ns, Total: 277333 ns
[2025-09-22T07:29:20.962+0000][67][safepoint   ] Safepoint "Cleanup", Time since last: 7011577170 ns, Reaching safepoint: 711750 ns, At safepoint: 33542 ns, Total: 745292 ns
[2025-09-22T07:29:25.969+0000][67][safepoint   ] Safepoint "Cleanup", Time since last: 5006913461 ns, Reaching safepoint: 221292 ns, At safepoint: 8333 ns, Total: 229625 ns
[2025-09-22T07:29:31.914+0000][67][gc,start    ] GC(29) Pause Young (Normal) (G1 Evacuation Pause)
[2025-09-22T07:29:31.915+0000][67][gc,task     ] GC(29) Using 8 workers of 8 for evacuation
[2025-09-22T07:29:31.915+0000][67][gc,age      ] GC(29) Desired survivor size 20971520 bytes, new threshold 15 (max threshold 15)
[2025-09-22T07:29:31.945+0000][67][gc,phases   ] GC(29)   Pre Evacuate Collection Set: 0.4ms
[2025-09-22T07:29:31.945+0000][67][gc,phases   ] GC(29)   Merge Heap Roots: 0.3ms
[2025-09-22T07:29:31.945+0000][67][gc,phases   ] GC(29)   Evacuate Collection Set: 25.8ms
[2025-09-22T07:29:31.945+0000][67][gc,phases   ] GC(29)   Post Evacuate Collection Set: 2.3ms
[2025-09-22T07:29:31.945+0000][67][gc,phases   ] GC(29)   Other: 0.6ms
[2025-09-22T07:29:31.945+0000][67][gc,age      ] GC(29) Age table with threshold 15 (max threshold 15)
[2025-09-22T07:29:31.945+0000][67][gc,age      ] GC(29) - age   1:    1098496 bytes,    1098496 total
[2025-09-22T07:29:31.945+0000][67][gc,age      ] GC(29) - age   2:      25040 bytes,    1123536 total
[2025-09-22T07:29:31.945+0000][67][gc,age      ] GC(29) - age   3:      20952 bytes,    1144488 total
[2025-09-22T07:29:31.945+0000][67][gc,age      ] GC(29) - age   4:     133432 bytes,    1277920 total
[2025-09-22T07:29:31.945+0000][67][gc,age      ] GC(29) - age   5:      20912 bytes,    1298832 total
[2025-09-22T07:29:31.945+0000][67][gc,age      ] GC(29) - age   6:     260392 bytes,    1559224 total
[2025-09-22T07:29:31.945+0000][67][gc,age      ] GC(29) - age   7:     167824 bytes,    1727048 total
[2025-09-22T07:29:31.945+0000][67][gc,age      ] GC(29) - age   8:    1108632 bytes,    2835680 total
[2025-09-22T07:29:31.945+0000][67][gc,age      ] GC(29) - age   9:      74880 bytes,    2910560 total
[2025-09-22T07:29:31.945+0000][67][gc,age      ] GC(29) - age  10:     111728 bytes,    3022288 total
[2025-09-22T07:29:31.945+0000][67][gc,age      ] GC(29) - age  11:     388944 bytes,    3411232 total
[2025-09-22T07:29:31.945+0000][67][gc,age      ] GC(29) - age  12:     709952 bytes,    4121184 total
[2025-09-22T07:29:31.945+0000][67][gc,age      ] GC(29) - age  13:    2249672 bytes,    6370856 total
[2025-09-22T07:29:31.945+0000][67][gc,age      ] GC(29) - age  14:    4756064 bytes,   11126920 total
[2025-09-22T07:29:31.945+0000][67][gc,heap     ] GC(29) Eden regions: 72->0(73)
[2025-09-22T07:29:31.945+0000][67][gc,heap     ] GC(29) Survivor regions: 4->3(10)
[2025-09-22T07:29:31.945+0000][67][gc,heap     ] GC(29) Old regions: 22->22
[2025-09-22T07:29:31.945+0000][67][gc,heap     ] GC(29) Archive regions: 2->2
[2025-09-22T07:29:31.945+0000][67][gc,heap     ] GC(29) Humongous regions: 4->4
[2025-09-22T07:29:31.945+0000][67][gc,metaspace] GC(29) Metaspace: 138690K(142144K)->138690K(142144K) NonClass: 120743K(122496K)->120743K(122496K) Class: 17946K(19648K)->17946K(19648K)
[2025-09-22T07:29:31.945+0000][67][gc          ] GC(29) Pause Young (Normal) (G1 Evacuation Pause) 406M->117M(512M) 31.246ms
[2025-09-22T07:29:31.946+0000][67][gc,cpu      ] GC(29) User=0.21s Sys=0.00s Real=0.03s
[2025-09-22T07:29:31.946+0000][67][safepoint   ] Safepoint "G1CollectForAllocation", Time since last: 5944662711 ns, Reaching safepoint: 255375 ns, At safepoint: 31421375 ns, Total: 31676750 ns
[2025-09-22T07:29:38.956+0000][67][safepoint   ] Safepoint "Cleanup", Time since last: 7008083086 ns, Reaching safepoint: 475875 ns, At safepoint: 36000 ns, Total: 511875 ns
[2025-09-22T07:29:41.965+0000][67][safepoint   ] Safepoint "Cleanup", Time since last: 3008848585 ns, Reaching safepoint: 698375 ns, At safepoint: 21833 ns, Total: 720208 ns
[2025-09-22T07:29:49.976+0000][67][safepoint   ] Safepoint "Cleanup", Time since last: 8010001587 ns, Reaching safepoint: 166292 ns, At safepoint: 6292 ns, Total: 172584 ns
[2025-09-22T07:29:52.982+0000][67][safepoint   ] Safepoint "Cleanup", Time since last: 3004764459 ns, Reaching safepoint: 1501000 ns, At safepoint: 29667 ns, Total: 1530667 ns
[2025-09-22T07:29:53.984+0000][67][safepoint   ] Safepoint "Cleanup", Time since last: 1001733126 ns, Reaching safepoint: 337458 ns, At safepoint: 16417 ns, Total: 353875 ns
[2025-09-22T07:29:55.989+0000][67][safepoint   ] Safepoint "Cleanup", Time since last: 2004705334 ns, Reaching safepoint: 124917 ns, At safepoint: 6541 ns, Total: 131458 ns
[2025-09-22T07:30:06.003+0000][67][safepoint   ] Safepoint "Cleanup", Time since last: 10011858962 ns, Reaching safepoint: 1510209 ns, At safepoint: 30458 ns, Total: 1540667 ns
[2025-09-22T07:30:14.013+0000][67][safepoint   ] Safepoint "Cleanup", Time since last: 8010667045 ns, Reaching safepoint: 198542 ns, At safepoint: 9875 ns, Total: 208417 ns
[2025-09-22T07:30:15.016+0000][67][safepoint   ] Safepoint "Cleanup", Time since last: 1002075709 ns, Reaching safepoint: 226750 ns, At safepoint: 11083 ns, Total: 237833 ns
[2025-09-22T07:30:27.034+0000][67][safepoint   ] Safepoint "Cleanup", Time since last: 12016635798 ns, Reaching safepoint: 1225458 ns, At safepoint: 43750 ns, Total: 1269208 ns
[2025-09-22T07:30:32.040+0000][67][safepoint   ] Safepoint "Cleanup", Time since last: 5006162794 ns, Reaching safepoint: 81500 ns, At safepoint: 4292 ns, Total: 85792 ns
[2025-09-22T07:30:38.049+0000][67][safepoint   ] Safepoint "Cleanup", Time since last: 6007218794 ns, Reaching safepoint: 454167 ns, At safepoint: 12125 ns, Total: 466292 ns
[2025-09-22T07:30:44.061+0000][67][safepoint   ] Safepoint "Cleanup", Time since last: 6011601753 ns, Reaching safepoint: 804291 ns, At safepoint: 19125 ns, Total: 823416 ns
[2025-09-22T07:30:46.064+0000][67][safepoint   ] Safepoint "Cleanup", Time since last: 2001861418 ns, Reaching safepoint: 653875 ns, At safepoint: 20583 ns, Total: 674458 ns
[2025-09-22T07:30:47.067+0000][67][safepoint   ] Safepoint "Cleanup", Time since last: 1003003917 ns, Reaching safepoint: 109334 ns, At safepoint: 3041 ns, Total: 112375 ns
[2025-09-22T07:30:49.070+0000][67][safepoint   ] Safepoint "Cleanup", Time since last: 2002569085 ns, Reaching safepoint: 780291 ns, At safepoint: 14209 ns, Total: 794500 ns
[2025-09-22T07:30:51.073+0000][67][safepoint   ] Safepoint "Cleanup", Time since last: 2002397209 ns, Reaching safepoint: 378167 ns, At safepoint: 18041 ns, Total: 396208 ns
[2025-09-22T07:30:54.078+0000][67][safepoint   ] Safepoint "Cleanup", Time since last: 3004981293 ns, Reaching safepoint: 123709 ns, At safepoint: 6666 ns, Total: 130375 ns
[2025-09-22T07:30:56.081+0000][67][safepoint   ] Safepoint "Cleanup", Time since last: 2002465251 ns, Reaching safepoint: 207417 ns, At safepoint: 14042 ns, Total: 221459 ns
[2025-09-22T07:31:02.089+0000][67][safepoint   ] Safepoint "Cleanup", Time since last: 6007790127 ns, Reaching safepoint: 710750 ns, At safepoint: 17084 ns, Total: 727834 ns
[2025-09-22T07:31:08.099+0000][67][safepoint   ] Safepoint "Cleanup", Time since last: 6007883544 ns, Reaching safepoint: 1966458 ns, At safepoint: 16292 ns, Total: 1982750 ns
[2025-09-22T07:31:09.101+0000][67][safepoint   ] Safepoint "Cleanup", Time since last: 1001905625 ns, Reaching safepoint: 348875 ns, At safepoint: 17792 ns, Total: 366667 ns
[2025-09-22T07:31:14.108+0000][67][safepoint   ] Safepoint "Cleanup", Time since last: 5006173336 ns, Reaching safepoint: 597833 ns, At safepoint: 14333 ns, Total: 612166 ns
[2025-09-22T07:31:16.113+0000][67][safepoint   ] Safepoint "Cleanup", Time since last: 2004836709 ns, Reaching safepoint: 316500 ns, At safepoint: 15584 ns, Total: 332084 ns
[2025-09-22T07:31:17.115+0000][67][safepoint   ] Safepoint "Cleanup", Time since last: 1002034542 ns, Reaching safepoint: 300250 ns, At safepoint: 12792 ns, Total: 313042 ns
[2025-09-22T07:31:19.119+0000][67][safepoint   ] Safepoint "Cleanup", Time since last: 2003391334 ns, Reaching safepoint: 583333 ns, At safepoint: 30667 ns, Total: 614000 ns
[2025-09-22T07:31:19.899+0000][67][gc,start    ] GC(30) Pause Young (Normal) (G1 Evacuation Pause)
[2025-09-22T07:31:19.900+0000][67][gc,task     ] GC(30) Using 8 workers of 8 for evacuation
[2025-09-22T07:31:19.900+0000][67][gc,age      ] GC(30) Desired survivor size 20971520 bytes, new threshold 15 (max threshold 15)
[2025-09-22T07:31:19.927+0000][67][gc,phases   ] GC(30)   Pre Evacuate Collection Set: 0.2ms
[2025-09-22T07:31:19.927+0000][67][gc,phases   ] GC(30)   Merge Heap Roots: 0.2ms
[2025-09-22T07:31:19.927+0000][67][gc,phases   ] GC(30)   Evacuate Collection Set: 23.9ms
[2025-09-22T07:31:19.927+0000][67][gc,phases   ] GC(30)   Post Evacuate Collection Set: 2.7ms
[2025-09-22T07:31:19.927+0000][67][gc,phases   ] GC(30)   Other: 0.3ms
[2025-09-22T07:31:19.927+0000][67][gc,age      ] GC(30) Age table with threshold 15 (max threshold 15)
[2025-09-22T07:31:19.927+0000][67][gc,age      ] GC(30) - age   1:    1027624 bytes,    1027624 total
[2025-09-22T07:31:19.927+0000][67][gc,age      ] GC(30) - age   2:     257976 bytes,    1285600 total
[2025-09-22T07:31:19.927+0000][67][gc,age      ] GC(30) - age   3:      23760 bytes,    1309360 total
[2025-09-22T07:31:19.927+0000][67][gc,age      ] GC(30) - age   4:      20632 bytes,    1329992 total
[2025-09-22T07:31:19.927+0000][67][gc,age      ] GC(30) - age   5:     132984 bytes,    1462976 total
[2025-09-22T07:31:19.927+0000][67][gc,age      ] GC(30) - age   6:      20656 bytes,    1483632 total
[2025-09-22T07:31:19.927+0000][67][gc,age      ] GC(30) - age   7:     259952 bytes,    1743584 total
[2025-09-22T07:31:19.927+0000][67][gc,age      ] GC(30) - age   8:     167824 bytes,    1911408 total
[2025-09-22T07:31:19.927+0000][67][gc,age      ] GC(30) - age   9:    1108632 bytes,    3020040 total
[2025-09-22T07:31:19.928+0000][67][gc,age      ] GC(30) - age  10:      74880 bytes,    3094920 total
[2025-09-22T07:31:19.928+0000][67][gc,age      ] GC(30) - age  11:     111432 bytes,    3206352 total
[2025-09-22T07:31:19.928+0000][67][gc,age      ] GC(30) - age  12:     388944 bytes,    3595296 total
[2025-09-22T07:31:19.928+0000][67][gc,age      ] GC(30) - age  13:     709952 bytes,    4305248 total
[2025-09-22T07:31:19.928+0000][67][gc,age      ] GC(30) - age  14:    2249672 bytes,    6554920 total
[2025-09-22T07:31:19.928+0000][67][gc,age      ] GC(30) - age  15:    4756064 bytes,   11310984 total
[2025-09-22T07:31:19.928+0000][67][gc,heap     ] GC(30) Eden regions: 73->0(73)
[2025-09-22T07:31:19.928+0000][67][gc,heap     ] GC(30) Survivor regions: 3->3(10)
[2025-09-22T07:31:19.928+0000][67][gc,heap     ] GC(30) Old regions: 22->22
[2025-09-22T07:31:19.928+0000][67][gc,heap     ] GC(30) Archive regions: 2->2
[2025-09-22T07:31:19.928+0000][67][gc,heap     ] GC(30) Humongous regions: 4->4
[2025-09-22T07:31:19.928+0000][67][gc,metaspace] GC(30) Metaspace: 138747K(142272K)->138747K(142272K) NonClass: 120800K(122624K)->120800K(122624K) Class: 17946K(19648K)->17946K(19648K)
[2025-09-22T07:31:19.928+0000][67][gc          ] GC(30) Pause Young (Normal) (G1 Evacuation Pause) 409M->117M(512M) 28.676ms
[2025-09-22T07:31:19.928+0000][67][gc,cpu      ] GC(30) User=0.18s Sys=0.01s Real=0.03s
[2025-09-22T07:31:19.928+0000][67][safepoint   ] Safepoint "G1CollectForAllocation", Time since last: 780066917 ns, Reaching safepoint: 130292 ns, At safepoint: 28880375 ns, Total: 29010667 ns
[2025-09-22T07:31:20.930+0000][67][safepoint   ] Safepoint "Cleanup", Time since last: 1001407083 ns, Reaching safepoint: 419834 ns, At safepoint: 23416 ns, Total: 443250 ns
[2025-09-22T07:31:35.953+0000][67][safepoint   ] Safepoint "Cleanup", Time since last: 15021360924 ns, Reaching safepoint: 1319917 ns, At safepoint: 156333 ns, Total: 1476250 ns
[2025-09-22T07:31:37.957+0000][67][safepoint   ] Safepoint "Cleanup", Time since last: 2003635001 ns, Reaching safepoint: 136917 ns, At safepoint: 4166 ns, Total: 141083 ns
[2025-09-22T07:31:38.958+0000][67][safepoint   ] Safepoint "Cleanup", Time since last: 1001048167 ns, Reaching safepoint: 221584 ns, At safepoint: 16916 ns, Total: 238500 ns
[2025-09-22T07:31:40.961+0000][67][safepoint   ] Safepoint "Cleanup", Time since last: 2002920085 ns, Reaching safepoint: 179416 ns, At safepoint: 7917 ns, Total: 187333 ns
[2025-09-22T07:31:44.968+0000][67][safepoint   ] Safepoint "Cleanup", Time since last: 4005265252 ns, Reaching safepoint: 1369458 ns, At safepoint: 18959 ns, Total: 1388417 ns
[2025-09-22T07:31:46.971+0000][67][safepoint   ] Safepoint "Cleanup", Time since last: 2002863209 ns, Reaching safepoint: 221458 ns, At safepoint: 10750 ns, Total: 232208 ns
[2025-09-22T07:31:50.977+0000][67][safepoint   ] Safepoint "Cleanup", Time since last: 4004697085 ns, Reaching safepoint: 1898917 ns, At safepoint: 50167 ns, Total: 1949084 ns
[2025-09-22T07:31:55.984+0000][67][safepoint   ] Safepoint "Cleanup", Time since last: 5005952627 ns, Reaching safepoint: 230459 ns, At safepoint: 5666 ns, Total: 236125 ns
[2025-09-22T07:31:57.986+0000][67][safepoint   ] Safepoint "Cleanup", Time since last: 2002123168 ns, Reaching safepoint: 447833 ns, At safepoint: 14167 ns, Total: 462000 ns
[2025-09-22T07:32:14.006+0000][67][safepoint   ] Safepoint "Cleanup", Time since last: 16019383631 ns, Reaching safepoint: 731250 ns, At safepoint: 21000 ns, Total: 752250 ns
[2025-09-22T07:32:19.012+0000][67][safepoint   ] Safepoint "Cleanup", Time since last: 5005486378 ns, Reaching safepoint: 322542 ns, At safepoint: 9791 ns, Total: 332333 ns
[2025-09-22T07:32:21.015+0000][67][safepoint   ] Safepoint "Cleanup", Time since last: 2002298001 ns, Reaching safepoint: 241167 ns, At safepoint: 11125 ns, Total: 252292 ns
[2025-09-22T07:32:27.024+0000][67][safepoint   ] Safepoint "Cleanup", Time since last: 6007949669 ns, Reaching safepoint: 1067959 ns, At safepoint: 42083 ns, Total: 1110042 ns
[2025-09-22T07:32:33.032+0000][67][safepoint   ] Safepoint "Cleanup", Time since last: 6007538586 ns, Reaching safepoint: 537500 ns, At safepoint: 8834 ns, Total: 546334 ns
[2025-09-22T07:32:34.805+0000][67][safepoint   ] Safepoint "Cleanup", Time since last: 1772317209 ns, Reaching safepoint: 699583 ns, At safepoint: 24167 ns, Total: 723750 ns
[2025-09-22T07:32:35.707+0000][67][gc,heap,exit] Heap
[2025-09-22T07:32:35.707+0000][67][gc,heap,exit]  garbage-first heap   total 524288K, used 350524K [0x00000000e0000000, 0x0000000100000000)
[2025-09-22T07:32:35.707+0000][67][gc,heap,exit]   region size 4096K, 60 young (245760K), 3 survivors (12288K)
[2025-09-22T07:32:35.708+0000][67][gc,heap,exit]  Metaspace       used 139640K, committed 143232K, reserved 1179648K
[2025-09-22T07:32:35.708+0000][67][gc,heap,exit]   class space    used 18088K, committed 19840K, reserved 1048576K
