[2025-09-22T06:50:48.089+0000][67][gc,init] CardTable entry size: 512
[2025-09-22T06:50:48.090+0000][67][gc     ] Using G1
[2025-09-22T06:50:48.307+0000][67][gc,init] Version: 19.0.1+10-21 (release)
[2025-09-22T06:50:48.307+0000][67][gc,init] CPUs: 8 total, 8 available
[2025-09-22T06:50:48.307+0000][67][gc,init] Memory: 7837M
[2025-09-22T06:50:48.307+0000][67][gc,init] Large Page Support: Disabled
[2025-09-22T06:50:48.307+0000][67][gc,init] NUMA Support: Disabled
[2025-09-22T06:50:48.307+0000][67][gc,init] Compressed Oops: Enabled (32-bit)
[2025-09-22T06:50:48.308+0000][67][gc,init] Heap Region Size: 4M
[2025-09-22T06:50:48.308+0000][67][gc,init] Heap Min Capacity: 512M
[2025-09-22T06:50:48.308+0000][67][gc,init] Heap Initial Capacity: 512M
[2025-09-22T06:50:48.308+0000][67][gc,init] Heap Max Capacity: 512M
[2025-09-22T06:50:48.308+0000][67][gc,init] Pre-touch: Enabled
[2025-09-22T06:50:48.308+0000][67][gc,init] Parallel Workers: 8
[2025-09-22T06:50:48.308+0000][67][gc,init] Concurrent Workers: 2
[2025-09-22T06:50:48.308+0000][67][gc,init] Concurrent Refinement Workers: 8
[2025-09-22T06:50:48.308+0000][67][gc,init] Periodic GC: Disabled
[2025-09-22T06:50:48.311+0000][67][gc,metaspace] CDS archive(s) mapped at: [0x0000000800000000-0x0000000800c60000-0x0000000800c60000), size 12976128, SharedBaseAddress: 0x0000000800000000, ArchiveRelocationMode: 0.
[2025-09-22T06:50:48.311+0000][67][gc,metaspace] Compressed class space mapped at: 0x0000000801000000-0x0000000841000000, reserved size: 1073741824
[2025-09-22T06:50:48.311+0000][67][gc,metaspace] Narrow klass base: 0x0000000800000000, Narrow klass shift: 0, Narrow klass range: 0x100000000
[2025-09-22T06:50:48.393+0000][67][safepoint   ] Safepoint "ICBufferFull", Time since last: 76352001 ns, Reaching safepoint: 169083 ns, At safepoint: 7250 ns, Total: 176333 ns
[2025-09-22T06:50:48.504+0000][67][safepoint   ] Safepoint "ICBufferFull", Time since last: 110875792 ns, Reaching safepoint: 195916 ns, At safepoint: 24292 ns, Total: 220208 ns
[2025-09-22T06:50:48.506+0000][67][gc,start    ] GC(0) Pause Young (Normal) (G1 Evacuation Pause)
[2025-09-22T06:50:48.506+0000][67][gc,task     ] GC(0) Using 8 workers of 8 for evacuation
[2025-09-22T06:50:48.506+0000][67][gc,age      ] GC(0) Desired survivor size 2097152 bytes, new threshold 15 (max threshold 15)
[2025-09-22T06:50:48.508+0000][67][gc,phases   ] GC(0)   Pre Evacuate Collection Set: 0.1ms
[2025-09-22T06:50:48.508+0000][67][gc,phases   ] GC(0)   Merge Heap Roots: 0.1ms
[2025-09-22T06:50:48.508+0000][67][gc,phases   ] GC(0)   Evacuate Collection Set: 1.3ms
[2025-09-22T06:50:48.509+0000][67][gc,phases   ] GC(0)   Post Evacuate Collection Set: 0.4ms
[2025-09-22T06:50:48.509+0000][67][gc,phases   ] GC(0)   Other: 0.2ms
[2025-09-22T06:50:48.509+0000][67][gc,age      ] GC(0) Age table with threshold 15 (max threshold 15)
[2025-09-22T06:50:48.509+0000][67][gc,age      ] GC(0) - age   1:    3062864 bytes,    3062864 total
[2025-09-22T06:50:48.509+0000][67][gc,heap     ] GC(0) Eden regions: 6->0(20)
[2025-09-22T06:50:48.509+0000][67][gc,heap     ] GC(0) Survivor regions: 0->1(1)
[2025-09-22T06:50:48.509+0000][67][gc,heap     ] GC(0) Old regions: 0->0
[2025-09-22T06:50:48.509+0000][67][gc,heap     ] GC(0) Archive regions: 2->2
[2025-09-22T06:50:48.509+0000][67][gc,heap     ] GC(0) Humongous regions: 0->0
[2025-09-22T06:50:48.509+0000][67][gc,metaspace] GC(0) Metaspace: 2390K(2560K)->2390K(2560K) NonClass: 2176K(2240K)->2176K(2240K) Class: 214K(320K)->214K(320K)
[2025-09-22T06:50:48.509+0000][67][gc          ] GC(0) Pause Young (Normal) (G1 Evacuation Pause) 28M->7M(512M) 2.902ms
[2025-09-22T06:50:48.509+0000][67][gc,cpu      ] GC(0) User=0.01s Sys=0.01s Real=0.00s
[2025-09-22T06:50:48.509+0000][67][safepoint   ] Safepoint "G1CollectForAllocation", Time since last: 2170000 ns, Reaching safepoint: 164500 ns, At safepoint: 2998000 ns, Total: 3162500 ns
[2025-09-22T06:50:48.612+0000][67][safepoint   ] Safepoint "ICBufferFull", Time since last: 102317125 ns, Reaching safepoint: 171083 ns, At safepoint: 9334 ns, Total: 180417 ns
[2025-09-22T06:50:48.733+0000][67][safepoint   ] Safepoint "ICBufferFull", Time since last: 121361708 ns, Reaching safepoint: 228708 ns, At safepoint: 6792 ns, Total: 235500 ns
[2025-09-22T06:50:48.861+0000][67][safepoint   ] Safepoint "ICBufferFull", Time since last: 127354083 ns, Reaching safepoint: 466917 ns, At safepoint: 13333 ns, Total: 480250 ns
[2025-09-22T06:50:49.050+0000][67][safepoint   ] Safepoint "ICBufferFull", Time since last: 189333292 ns, Reaching safepoint: 137917 ns, At safepoint: 13208 ns, Total: 151125 ns
[2025-09-22T06:50:49.194+0000][67][safepoint   ] Safepoint "ICBufferFull", Time since last: 143655209 ns, Reaching safepoint: 171083 ns, At safepoint: 12750 ns, Total: 183833 ns
[2025-09-22T06:50:49.283+0000][67][safepoint   ] Safepoint "ICBufferFull", Time since last: 88799208 ns, Reaching safepoint: 190875 ns, At safepoint: 7834 ns, Total: 198709 ns
[2025-09-22T06:50:49.455+0000][67][safepoint   ] Safepoint "ICBufferFull", Time since last: 171096625 ns, Reaching safepoint: 202333 ns, At safepoint: 30167 ns, Total: 232500 ns
[2025-09-22T06:50:49.500+0000][67][gc,start    ] GC(1) Pause Young (Normal) (G1 Evacuation Pause)
[2025-09-22T06:50:49.500+0000][67][gc,task     ] GC(1) Using 8 workers of 8 for evacuation
[2025-09-22T06:50:49.501+0000][67][gc,age      ] GC(1) Desired survivor size 6291456 bytes, new threshold 15 (max threshold 15)
[2025-09-22T06:50:49.506+0000][67][gc,phases   ] GC(1)   Pre Evacuate Collection Set: 0.1ms
[2025-09-22T06:50:49.506+0000][67][gc,phases   ] GC(1)   Merge Heap Roots: 0.1ms
[2025-09-22T06:50:49.506+0000][67][gc,phases   ] GC(1)   Evacuate Collection Set: 4.4ms
[2025-09-22T06:50:49.506+0000][67][gc,phases   ] GC(1)   Post Evacuate Collection Set: 0.8ms
[2025-09-22T06:50:49.506+0000][67][gc,phases   ] GC(1)   Other: 0.2ms
[2025-09-22T06:50:49.506+0000][67][gc,age      ] GC(1) Age table with threshold 15 (max threshold 15)
[2025-09-22T06:50:49.507+0000][67][gc,age      ] GC(1) - age   1:    5694360 bytes,    5694360 total
[2025-09-22T06:50:49.507+0000][67][gc,age      ] GC(1) - age   2:    3020248 bytes,    8714608 total
[2025-09-22T06:50:49.507+0000][67][gc,heap     ] GC(1) Eden regions: 20->0(44)
[2025-09-22T06:50:49.507+0000][67][gc,heap     ] GC(1) Survivor regions: 1->3(3)
[2025-09-22T06:50:49.507+0000][67][gc,heap     ] GC(1) Old regions: 0->0
[2025-09-22T06:50:49.507+0000][67][gc,heap     ] GC(1) Archive regions: 2->2
[2025-09-22T06:50:49.507+0000][67][gc,heap     ] GC(1) Humongous regions: 0->0
[2025-09-22T06:50:49.507+0000][67][gc,metaspace] GC(1) Metaspace: 16385K(16832K)->16385K(16832K) NonClass: 14517K(14720K)->14517K(14720K) Class: 1867K(2112K)->1867K(2112K)
[2025-09-22T06:50:49.507+0000][67][gc          ] GC(1) Pause Young (Normal) (G1 Evacuation Pause) 87M->12M(512M) 6.600ms
[2025-09-22T06:50:49.507+0000][67][gc,cpu      ] GC(1) User=0.02s Sys=0.01s Real=0.01s
[2025-09-22T06:50:49.507+0000][67][safepoint   ] Safepoint "G1CollectForAllocation", Time since last: 45487083 ns, Reaching safepoint: 153167 ns, At safepoint: 6788666 ns, Total: 6941833 ns
[2025-09-22T06:50:49.677+0000][67][safepoint   ] Safepoint "ICBufferFull", Time since last: 170208792 ns, Reaching safepoint: 115167 ns, At safepoint: 7583 ns, Total: 122750 ns
[2025-09-22T06:50:49.818+0000][67][safepoint   ] Safepoint "ICBufferFull", Time since last: 140839167 ns, Reaching safepoint: 153750 ns, At safepoint: 14000 ns, Total: 167750 ns
[2025-09-22T06:50:50.211+0000][67][safepoint   ] Safepoint "ICBufferFull", Time since last: 390750208 ns, Reaching safepoint: 1601125 ns, At safepoint: 32792 ns, Total: 1633917 ns
[2025-09-22T06:50:50.472+0000][67][gc,start    ] GC(2) Pause Young (Concurrent Start) (Metadata GC Threshold)
[2025-09-22T06:50:50.473+0000][67][gc,task     ] GC(2) Using 8 workers of 8 for evacuation
[2025-09-22T06:50:50.473+0000][67][gc,age      ] GC(2) Desired survivor size 12582912 bytes, new threshold 15 (max threshold 15)
[2025-09-22T06:50:50.515+0000][67][gc,phases   ] GC(2)   Pre Evacuate Collection Set: 6.7ms
[2025-09-22T06:50:50.521+0000][67][gc,phases   ] GC(2)   Merge Heap Roots: 0.6ms
[2025-09-22T06:50:50.521+0000][67][gc,phases   ] GC(2)   Evacuate Collection Set: 21.6ms
[2025-09-22T06:50:50.526+0000][67][gc,phases   ] GC(2)   Post Evacuate Collection Set: 10.7ms
[2025-09-22T06:50:50.528+0000][67][gc,phases   ] GC(2)   Other: 2.7ms
[2025-09-22T06:50:50.528+0000][67][gc,age      ] GC(2) Age table with threshold 15 (max threshold 15)
[2025-09-22T06:50:50.528+0000][67][gc,age      ] GC(2) - age   1:    3440968 bytes,    3440968 total
[2025-09-22T06:50:50.530+0000][67][gc,age      ] GC(2) - age   2:    4834728 bytes,    8275696 total
[2025-09-22T06:50:50.531+0000][67][gc,age      ] GC(2) - age   3:    3019392 bytes,   11295088 total
[2025-09-22T06:50:50.533+0000][67][gc,heap     ] GC(2) Eden regions: 34->0(73)
[2025-09-22T06:50:50.534+0000][67][gc,heap     ] GC(2) Survivor regions: 3->3(6)
[2025-09-22T06:50:50.535+0000][67][gc,heap     ] GC(2) Old regions: 0->0
[2025-09-22T06:50:50.536+0000][67][gc,heap     ] GC(2) Archive regions: 2->2
[2025-09-22T06:50:50.536+0000][67][gc,heap     ] GC(2) Humongous regions: 0->0
[2025-09-22T06:50:50.536+0000][67][gc,metaspace] GC(2) Metaspace: 21003K(21504K)->21003K(21504K) NonClass: 18696K(18944K)->18696K(18944K) Class: 2306K(2560K)->2306K(2560K)
[2025-09-22T06:50:50.536+0000][67][gc          ] GC(2) Pause Young (Concurrent Start) (Metadata GC Threshold) 145M->15M(512M) 63.694ms
[2025-09-22T06:50:50.536+0000][67][gc,cpu      ] GC(2) User=0.06s Sys=0.01s Real=0.07s
[2025-09-22T06:50:50.536+0000][67][safepoint   ] Safepoint "CollectForMetadataAllocation", Time since last: 260334875 ns, Reaching safepoint: 1231125 ns, At safepoint: 64034417 ns, Total: 65265542 ns
[2025-09-22T06:50:50.536+0000][67][gc          ] GC(3) Concurrent Mark Cycle
[2025-09-22T06:50:50.548+0000][67][gc,marking  ] GC(3) Concurrent Clear Claimed Marks
[2025-09-22T06:50:50.550+0000][67][gc,marking  ] GC(3) Concurrent Clear Claimed Marks 1.996ms
[2025-09-22T06:50:50.550+0000][67][gc,marking  ] GC(3) Concurrent Scan Root Regions
[2025-09-22T06:50:50.555+0000][67][gc,marking  ] GC(3) Concurrent Scan Root Regions 4.834ms
[2025-09-22T06:50:50.557+0000][67][gc,marking  ] GC(3) Concurrent Mark
[2025-09-22T06:50:50.560+0000][67][gc,marking  ] GC(3) Concurrent Mark From Roots
[2025-09-22T06:50:50.561+0000][67][gc,task     ] GC(3) Using 2 workers of 2 for marking
[2025-09-22T06:50:50.561+0000][67][safepoint   ] Safepoint "CollectForMetadataAllocation", Time since last: 24840000 ns, Reaching safepoint: 129083 ns, At safepoint: 97709 ns, Total: 226792 ns
[2025-09-22T06:50:50.563+0000][67][gc,marking  ] GC(3) Concurrent Mark From Roots 2.898ms
[2025-09-22T06:50:50.567+0000][67][gc,marking  ] GC(3) Concurrent Preclean
[2025-09-22T06:50:50.569+0000][67][gc,marking  ] GC(3) Concurrent Preclean 1.528ms
[2025-09-22T06:50:50.577+0000][67][gc,start    ] GC(3) Pause Remark
[2025-09-22T06:50:50.596+0000][67][gc          ] GC(3) Pause Remark 19M->19M(512M) 18.548ms
[2025-09-22T06:50:50.598+0000][67][gc,cpu      ] GC(3) User=0.01s Sys=0.00s Real=0.02s
[2025-09-22T06:50:50.599+0000][67][safepoint   ] Safepoint "G1PauseRemark", Time since last: 14620541 ns, Reaching safepoint: 993792 ns, At safepoint: 21584333 ns, Total: 22578125 ns
[2025-09-22T06:50:50.606+0000][67][gc,marking  ] GC(3) Concurrent Mark 49.775ms
[2025-09-22T06:50:50.607+0000][67][gc,marking  ] GC(3) Concurrent Rebuild Remembered Sets
[2025-09-22T06:50:50.607+0000][67][gc,marking  ] GC(3) Concurrent Rebuild Remembered Sets 0.098ms
[2025-09-22T06:50:50.608+0000][67][gc,start    ] GC(3) Pause Cleanup
[2025-09-22T06:50:50.609+0000][67][gc          ] GC(3) Pause Cleanup 19M->19M(512M) 0.249ms
[2025-09-22T06:50:50.609+0000][67][gc,cpu      ] GC(3) User=0.00s Sys=0.00s Real=0.00s
[2025-09-22T06:50:50.609+0000][67][safepoint   ] Safepoint "G1PauseCleanup", Time since last: 8338875 ns, Reaching safepoint: 1317167 ns, At safepoint: 846875 ns, Total: 2164042 ns
[2025-09-22T06:50:50.616+0000][67][gc,marking  ] GC(3) Concurrent Cleanup for Next Mark
[2025-09-22T06:50:50.616+0000][67][gc,marking  ] GC(3) Concurrent Cleanup for Next Mark 0.547ms
[2025-09-22T06:50:50.616+0000][67][gc          ] GC(3) Concurrent Mark Cycle 80.125ms
[2025-09-22T06:50:51.019+0000][67][safepoint   ] Safepoint "ICBufferFull", Time since last: 407449000 ns, Reaching safepoint: 2673458 ns, At safepoint: 10709 ns, Total: 2684167 ns
[2025-09-22T06:50:51.368+0000][67][safepoint   ] Safepoint "ICBufferFull", Time since last: 348343958 ns, Reaching safepoint: 175250 ns, At safepoint: 3000 ns, Total: 178250 ns
[2025-09-22T06:50:51.501+0000][67][safepoint   ] Safepoint "ICBufferFull", Time since last: 132643625 ns, Reaching safepoint: 822625 ns, At safepoint: 13625 ns, Total: 836250 ns
[2025-09-22T06:50:51.766+0000][67][safepoint   ] Safepoint "ICBufferFull", Time since last: 264830500 ns, Reaching safepoint: 178375 ns, At safepoint: 20750 ns, Total: 199125 ns
[2025-09-22T06:50:52.089+0000][67][gc,start    ] GC(4) Pause Young (Normal) (G1 Evacuation Pause)
[2025-09-22T06:50:52.095+0000][67][gc,task     ] GC(4) Using 8 workers of 8 for evacuation
[2025-09-22T06:50:52.095+0000][67][gc,age      ] GC(4) Desired survivor size 20971520 bytes, new threshold 15 (max threshold 15)
[2025-09-22T06:50:52.126+0000][67][gc,phases   ] GC(4)   Pre Evacuate Collection Set: 0.1ms
[2025-09-22T06:50:52.126+0000][67][gc,phases   ] GC(4)   Merge Heap Roots: 0.2ms
[2025-09-22T06:50:52.126+0000][67][gc,phases   ] GC(4)   Evacuate Collection Set: 27.1ms
[2025-09-22T06:50:52.126+0000][67][gc,phases   ] GC(4)   Post Evacuate Collection Set: 2.4ms
[2025-09-22T06:50:52.126+0000][67][gc,phases   ] GC(4)   Other: 0.6ms
[2025-09-22T06:50:52.127+0000][67][gc,age      ] GC(4) Age table with threshold 15 (max threshold 15)
[2025-09-22T06:50:52.127+0000][67][gc,age      ] GC(4) - age   1:    7184880 bytes,    7184880 total
[2025-09-22T06:50:52.127+0000][67][gc,age      ] GC(4) - age   2:    3259232 bytes,   10444112 total
[2025-09-22T06:50:52.127+0000][67][gc,age      ] GC(4) - age   3:    4831208 bytes,   15275320 total
[2025-09-22T06:50:52.127+0000][67][gc,age      ] GC(4) - age   4:    3018944 bytes,   18294264 total
[2025-09-22T06:50:52.127+0000][67][gc,heap     ] GC(4) Eden regions: 73->0(71)
[2025-09-22T06:50:52.127+0000][67][gc,heap     ] GC(4) Survivor regions: 3->5(10)
[2025-09-22T06:50:52.128+0000][67][gc,heap     ] GC(4) Old regions: 0->0
[2025-09-22T06:50:52.128+0000][67][gc,heap     ] GC(4) Archive regions: 2->2
[2025-09-22T06:50:52.128+0000][67][gc,heap     ] GC(4) Humongous regions: 0->0
[2025-09-22T06:50:52.128+0000][67][gc,metaspace] GC(4) Metaspace: 26213K(26880K)->26213K(26880K) NonClass: 23223K(23616K)->23223K(23616K) Class: 2989K(3264K)->2989K(3264K)
[2025-09-22T06:50:52.128+0000][67][gc          ] GC(4) Pause Young (Normal) (G1 Evacuation Pause) 307M->22M(512M) 39.404ms
[2025-09-22T06:50:52.129+0000][67][gc,cpu      ] GC(4) User=0.08s Sys=0.01s Real=0.04s
[2025-09-22T06:50:52.129+0000][67][safepoint   ] Safepoint "G1CollectForAllocation", Time since last: 312342667 ns, Reaching safepoint: 10246667 ns, At safepoint: 39781667 ns, Total: 50028334 ns
[2025-09-22T06:50:52.597+0000][67][safepoint   ] Safepoint "ICBufferFull", Time since last: 468357667 ns, Reaching safepoint: 197375 ns, At safepoint: 15833 ns, Total: 213208 ns
[2025-09-22T06:50:52.863+0000][67][safepoint   ] Safepoint "ICBufferFull", Time since last: 265302500 ns, Reaching safepoint: 202250 ns, At safepoint: 3458 ns, Total: 205708 ns
[2025-09-22T06:50:52.976+0000][67][gc,start    ] GC(5) Pause Young (Normal) (G1 Evacuation Pause)
[2025-09-22T06:50:52.977+0000][67][gc,task     ] GC(5) Using 8 workers of 8 for evacuation
[2025-09-22T06:50:52.977+0000][67][gc,age      ] GC(5) Desired survivor size 20971520 bytes, new threshold 15 (max threshold 15)
[2025-09-22T06:50:52.992+0000][67][gc,phases   ] GC(5)   Pre Evacuate Collection Set: 0.2ms
[2025-09-22T06:50:52.992+0000][67][gc,phases   ] GC(5)   Merge Heap Roots: 0.2ms
[2025-09-22T06:50:52.992+0000][67][gc,phases   ] GC(5)   Evacuate Collection Set: 12.1ms
[2025-09-22T06:50:52.992+0000][67][gc,phases   ] GC(5)   Post Evacuate Collection Set: 2.0ms
[2025-09-22T06:50:52.992+0000][67][gc,phases   ] GC(5)   Other: 0.5ms
[2025-09-22T06:50:52.992+0000][67][gc,age      ] GC(5) Age table with threshold 15 (max threshold 15)
[2025-09-22T06:50:52.992+0000][67][gc,age      ] GC(5) - age   1:    5224544 bytes,    5224544 total
[2025-09-22T06:50:52.992+0000][67][gc,age      ] GC(5) - age   2:    6702232 bytes,   11926776 total
[2025-09-22T06:50:52.992+0000][67][gc,age      ] GC(5) - age   3:    3236304 bytes,   15163080 total
[2025-09-22T06:50:52.992+0000][67][gc,age      ] GC(5) - age   4:    4821496 bytes,   19984576 total
[2025-09-22T06:50:52.993+0000][67][gc,age      ] GC(5) - age   5:    3018600 bytes,   23003176 total
[2025-09-22T06:50:52.993+0000][67][gc,heap     ] GC(5) Eden regions: 71->0(70)
[2025-09-22T06:50:52.993+0000][67][gc,heap     ] GC(5) Survivor regions: 5->6(10)
[2025-09-22T06:50:52.993+0000][67][gc,heap     ] GC(5) Old regions: 0->0
[2025-09-22T06:50:52.993+0000][67][gc,heap     ] GC(5) Archive regions: 2->2
[2025-09-22T06:50:52.993+0000][67][gc,heap     ] GC(5) Humongous regions: 0->0
[2025-09-22T06:50:52.993+0000][67][gc,metaspace] GC(5) Metaspace: 32527K(33344K)->32527K(33344K) NonClass: 28841K(29312K)->28841K(29312K) Class: 3686K(4032K)->3686K(4032K)
[2025-09-22T06:50:52.993+0000][67][gc          ] GC(5) Pause Young (Normal) (G1 Evacuation Pause) 306M->27M(512M) 17.237ms
[2025-09-22T06:50:52.993+0000][67][gc,cpu      ] GC(5) User=0.05s Sys=0.01s Real=0.02s
[2025-09-22T06:50:52.993+0000][67][safepoint   ] Safepoint "G1CollectForAllocation", Time since last: 112943292 ns, Reaching safepoint: 112750 ns, At safepoint: 17418208 ns, Total: 17530958 ns
[2025-09-22T06:50:53.376+0000][67][safepoint   ] Safepoint "ICBufferFull", Time since last: 382054667 ns, Reaching safepoint: 260417 ns, At safepoint: 3667 ns, Total: 264084 ns
[2025-09-22T06:50:53.589+0000][67][gc,start    ] GC(6) Pause Young (Normal) (G1 Evacuation Pause)
[2025-09-22T06:50:53.590+0000][67][gc,task     ] GC(6) Using 8 workers of 8 for evacuation
[2025-09-22T06:50:53.590+0000][67][gc,age      ] GC(6) Desired survivor size 20971520 bytes, new threshold 5 (max threshold 15)
[2025-09-22T06:50:53.603+0000][67][gc,phases   ] GC(6)   Pre Evacuate Collection Set: 0.2ms
[2025-09-22T06:50:53.604+0000][67][gc,phases   ] GC(6)   Merge Heap Roots: 0.1ms
[2025-09-22T06:50:53.604+0000][67][gc,phases   ] GC(6)   Evacuate Collection Set: 11.8ms
[2025-09-22T06:50:53.604+0000][67][gc,phases   ] GC(6)   Post Evacuate Collection Set: 1.2ms
[2025-09-22T06:50:53.604+0000][67][gc,phases   ] GC(6)   Other: 0.5ms
[2025-09-22T06:50:53.604+0000][67][gc,age      ] GC(6) Age table with threshold 5 (max threshold 15)
[2025-09-22T06:50:53.604+0000][67][gc,age      ] GC(6) - age   1:    3725408 bytes,    3725408 total
[2025-09-22T06:50:53.604+0000][67][gc,age      ] GC(6) - age   2:    4631008 bytes,    8356416 total
[2025-09-22T06:50:53.604+0000][67][gc,age      ] GC(6) - age   3:    6699624 bytes,   15056040 total
[2025-09-22T06:50:53.604+0000][67][gc,age      ] GC(6) - age   4:    3235872 bytes,   18291912 total
[2025-09-22T06:50:53.604+0000][67][gc,age      ] GC(6) - age   5:    4816488 bytes,   23108400 total
[2025-09-22T06:50:53.604+0000][67][gc,heap     ] GC(6) Eden regions: 70->0(70)
[2025-09-22T06:50:53.604+0000][67][gc,heap     ] GC(6) Survivor regions: 6->6(10)
[2025-09-22T06:50:53.604+0000][67][gc,heap     ] GC(6) Old regions: 0->1
[2025-09-22T06:50:53.604+0000][67][gc,heap     ] GC(6) Archive regions: 2->2
[2025-09-22T06:50:53.604+0000][67][gc,heap     ] GC(6) Humongous regions: 0->0
[2025-09-22T06:50:53.604+0000][67][gc,metaspace] GC(6) Metaspace: 34477K(35328K)->34477K(35328K) NonClass: 30542K(31040K)->30542K(31040K) Class: 3935K(4288K)->3935K(4288K)
[2025-09-22T06:50:53.605+0000][67][gc          ] GC(6) Pause Young (Normal) (G1 Evacuation Pause) 307M->30M(512M) 15.199ms
[2025-09-22T06:50:53.605+0000][67][gc,cpu      ] GC(6) User=0.06s Sys=0.00s Real=0.02s
[2025-09-22T06:50:53.605+0000][67][safepoint   ] Safepoint "G1CollectForAllocation", Time since last: 213641375 ns, Reaching safepoint: 104375 ns, At safepoint: 15356458 ns, Total: 15460833 ns
[2025-09-22T06:50:54.048+0000][67][safepoint   ] Safepoint "ICBufferFull", Time since last: 443431125 ns, Reaching safepoint: 205250 ns, At safepoint: 8667 ns, Total: 213917 ns
[2025-09-22T06:50:54.079+0000][67][gc,start    ] GC(7) Pause Young (Concurrent Start) (Metadata GC Threshold)
[2025-09-22T06:50:54.079+0000][67][gc,task     ] GC(7) Using 8 workers of 8 for evacuation
[2025-09-22T06:50:54.079+0000][67][gc,age      ] GC(7) Desired survivor size 20971520 bytes, new threshold 5 (max threshold 15)
[2025-09-22T06:50:54.090+0000][67][gc,phases   ] GC(7)   Pre Evacuate Collection Set: 0.4ms
[2025-09-22T06:50:54.090+0000][67][gc,phases   ] GC(7)   Merge Heap Roots: 0.1ms
[2025-09-22T06:50:54.090+0000][67][gc,phases   ] GC(7)   Evacuate Collection Set: 9.2ms
[2025-09-22T06:50:54.090+0000][67][gc,phases   ] GC(7)   Post Evacuate Collection Set: 0.9ms
[2025-09-22T06:50:54.090+0000][67][gc,phases   ] GC(7)   Other: 0.2ms
[2025-09-22T06:50:54.090+0000][67][gc,age      ] GC(7) Age table with threshold 5 (max threshold 15)
[2025-09-22T06:50:54.090+0000][67][gc,age      ] GC(7) - age   1:    3482776 bytes,    3482776 total
[2025-09-22T06:50:54.090+0000][67][gc,age      ] GC(7) - age   2:    3674448 bytes,    7157224 total
[2025-09-22T06:50:54.090+0000][67][gc,age      ] GC(7) - age   3:    4609296 bytes,   11766520 total
[2025-09-22T06:50:54.090+0000][67][gc,age      ] GC(7) - age   4:    6680088 bytes,   18446608 total
[2025-09-22T06:50:54.090+0000][67][gc,age      ] GC(7) - age   5:    3124144 bytes,   21570752 total
[2025-09-22T06:50:54.090+0000][67][gc,heap     ] GC(7) Eden regions: 56->0(70)
[2025-09-22T06:50:54.090+0000][67][gc,heap     ] GC(7) Survivor regions: 6->6(10)
[2025-09-22T06:50:54.090+0000][67][gc,heap     ] GC(7) Old regions: 1->2
[2025-09-22T06:50:54.090+0000][67][gc,heap     ] GC(7) Archive regions: 2->2
[2025-09-22T06:50:54.091+0000][67][gc,heap     ] GC(7) Humongous regions: 0->0
[2025-09-22T06:50:54.091+0000][67][gc,metaspace] GC(7) Metaspace: 35983K(36800K)->35983K(36800K) NonClass: 31861K(32320K)->31861K(32320K) Class: 4122K(4480K)->4122K(4480K)
[2025-09-22T06:50:54.091+0000][67][gc          ] GC(7) Pause Young (Concurrent Start) (Metadata GC Threshold) 252M->34M(512M) 11.901ms
[2025-09-22T06:50:54.091+0000][67][gc,cpu      ] GC(7) User=0.04s Sys=0.00s Real=0.01s
[2025-09-22T06:50:54.091+0000][67][gc          ] GC(8) Concurrent Mark Cycle
[2025-09-22T06:50:54.091+0000][67][gc,marking  ] GC(8) Concurrent Clear Claimed Marks
[2025-09-22T06:50:54.091+0000][67][safepoint   ] Safepoint "CollectForMetadataAllocation", Time since last: 30320333 ns, Reaching safepoint: 147084 ns, At safepoint: 12275291 ns, Total: 12422375 ns
[2025-09-22T06:50:54.091+0000][67][gc,marking  ] GC(8) Concurrent Clear Claimed Marks 0.166ms
[2025-09-22T06:50:54.092+0000][67][gc,marking  ] GC(8) Concurrent Scan Root Regions
[2025-09-22T06:50:54.097+0000][67][gc,marking  ] GC(8) Concurrent Scan Root Regions 5.459ms
[2025-09-22T06:50:54.097+0000][67][gc,marking  ] GC(8) Concurrent Mark
[2025-09-22T06:50:54.099+0000][67][gc,marking  ] GC(8) Concurrent Mark From Roots
[2025-09-22T06:50:54.099+0000][67][gc,task     ] GC(8) Using 2 workers of 2 for marking
[2025-09-22T06:50:54.106+0000][67][gc,marking  ] GC(8) Concurrent Mark From Roots 6.758ms
[2025-09-22T06:50:54.106+0000][67][gc,marking  ] GC(8) Concurrent Preclean
[2025-09-22T06:50:54.106+0000][67][gc,marking  ] GC(8) Concurrent Preclean 0.194ms
[2025-09-22T06:50:54.109+0000][67][gc,start    ] GC(8) Pause Remark
[2025-09-22T06:50:54.113+0000][67][gc          ] GC(8) Pause Remark 37M->37M(512M) 4.117ms
[2025-09-22T06:50:54.113+0000][67][gc,cpu      ] GC(8) User=0.01s Sys=0.00s Real=0.01s
[2025-09-22T06:50:54.113+0000][67][safepoint   ] Safepoint "G1PauseRemark", Time since last: 16984667 ns, Reaching safepoint: 860875 ns, At safepoint: 4304667 ns, Total: 5165542 ns
[2025-09-22T06:50:54.116+0000][67][gc,marking  ] GC(8) Concurrent Mark 18.665ms
[2025-09-22T06:50:54.116+0000][67][gc,marking  ] GC(8) Concurrent Rebuild Remembered Sets
[2025-09-22T06:50:54.117+0000][67][gc,marking  ] GC(8) Concurrent Rebuild Remembered Sets 0.410ms
[2025-09-22T06:50:54.118+0000][67][gc,start    ] GC(8) Pause Cleanup
[2025-09-22T06:50:54.118+0000][67][gc          ] GC(8) Pause Cleanup 37M->37M(512M) 0.290ms
[2025-09-22T06:50:54.118+0000][67][gc,cpu      ] GC(8) User=0.00s Sys=0.00s Real=0.00s
[2025-09-22T06:50:54.118+0000][67][safepoint   ] Safepoint "G1PauseCleanup", Time since last: 4008833 ns, Reaching safepoint: 734958 ns, At safepoint: 556834 ns, Total: 1291792 ns
[2025-09-22T06:50:54.120+0000][67][gc,marking  ] GC(8) Concurrent Cleanup for Next Mark
[2025-09-22T06:50:54.121+0000][67][gc,marking  ] GC(8) Concurrent Cleanup for Next Mark 1.272ms
[2025-09-22T06:50:54.121+0000][67][gc          ] GC(8) Concurrent Mark Cycle 30.211ms
[2025-09-22T06:50:54.392+0000][67][safepoint   ] Safepoint "ICBufferFull", Time since last: 272616083 ns, Reaching safepoint: 901250 ns, At safepoint: 9917 ns, Total: 911167 ns
[2025-09-22T06:50:54.709+0000][67][safepoint   ] Safepoint "ICBufferFull", Time since last: 316278375 ns, Reaching safepoint: 787833 ns, At safepoint: 22125 ns, Total: 809958 ns
[2025-09-22T06:50:54.846+0000][67][safepoint   ] Safepoint "ICBufferFull", Time since last: 136132792 ns, Reaching safepoint: 340792 ns, At safepoint: 5916 ns, Total: 346708 ns
[2025-09-22T06:50:55.551+0000][67][gc,start    ] GC(9) Pause Young (Normal) (G1 Evacuation Pause)
[2025-09-22T06:50:55.551+0000][67][gc,task     ] GC(9) Using 8 workers of 8 for evacuation
[2025-09-22T06:50:55.551+0000][67][gc,age      ] GC(9) Desired survivor size 20971520 bytes, new threshold 5 (max threshold 15)
[2025-09-22T06:50:55.575+0000][67][gc,phases   ] GC(9)   Pre Evacuate Collection Set: 0.1ms
[2025-09-22T06:50:55.575+0000][67][gc,phases   ] GC(9)   Merge Heap Roots: 0.1ms
[2025-09-22T06:50:55.575+0000][67][gc,phases   ] GC(9)   Evacuate Collection Set: 21.6ms
[2025-09-22T06:50:55.575+0000][67][gc,phases   ] GC(9)   Post Evacuate Collection Set: 1.6ms
[2025-09-22T06:50:55.575+0000][67][gc,phases   ] GC(9)   Other: 0.2ms
[2025-09-22T06:50:55.575+0000][67][gc,age      ] GC(9) Age table with threshold 5 (max threshold 15)
[2025-09-22T06:50:55.575+0000][67][gc,age      ] GC(9) - age   1:   18392336 bytes,   18392336 total
[2025-09-22T06:50:55.575+0000][67][gc,age      ] GC(9) - age   2:    3440960 bytes,   21833296 total
[2025-09-22T06:50:55.575+0000][67][gc,age      ] GC(9) - age   3:    3657640 bytes,   25490936 total
[2025-09-22T06:50:55.575+0000][67][gc,age      ] GC(9) - age   4:    4598048 bytes,   30088984 total
[2025-09-22T06:50:55.575+0000][67][gc,age      ] GC(9) - age   5:    6657248 bytes,   36746232 total
[2025-09-22T06:50:55.575+0000][67][gc,heap     ] GC(9) Eden regions: 70->0(66)
[2025-09-22T06:50:55.575+0000][67][gc,heap     ] GC(9) Survivor regions: 6->10(10)
[2025-09-22T06:50:55.576+0000][67][gc,heap     ] GC(9) Old regions: 2->3
[2025-09-22T06:50:55.576+0000][67][gc,heap     ] GC(9) Archive regions: 2->2
[2025-09-22T06:50:55.576+0000][67][gc,heap     ] GC(9) Humongous regions: 0->0
[2025-09-22T06:50:55.576+0000][67][gc,metaspace] GC(9) Metaspace: 44604K(45888K)->44604K(45888K) NonClass: 39311K(40064K)->39311K(40064K) Class: 5292K(5824K)->5292K(5824K)
[2025-09-22T06:50:55.576+0000][67][gc          ] GC(9) Pause Young (Normal) (G1 Evacuation Pause) 314M->52M(512M) 25.143ms
[2025-09-22T06:50:55.576+0000][67][gc,cpu      ] GC(9) User=0.10s Sys=0.01s Real=0.03s
[2025-09-22T06:50:55.576+0000][67][safepoint   ] Safepoint "G1CollectForAllocation", Time since last: 704887876 ns, Reaching safepoint: 240333 ns, At safepoint: 25332167 ns, Total: 25572500 ns
[2025-09-22T06:50:55.657+0000][67][safepoint   ] Safepoint "ICBufferFull", Time since last: 79861083 ns, Reaching safepoint: 1125333 ns, At safepoint: 10334 ns, Total: 1135667 ns
[2025-09-22T06:50:55.869+0000][67][safepoint   ] Safepoint "ICBufferFull", Time since last: 212078708 ns, Reaching safepoint: 210667 ns, At safepoint: 4208 ns, Total: 214875 ns
[2025-09-22T06:50:55.977+0000][67][safepoint   ] Safepoint "ICBufferFull", Time since last: 107149667 ns, Reaching safepoint: 198000 ns, At safepoint: 3875 ns, Total: 201875 ns
[2025-09-22T06:50:56.204+0000][67][safepoint   ] Safepoint "ICBufferFull", Time since last: 226604042 ns, Reaching safepoint: 275583 ns, At safepoint: 9875 ns, Total: 285458 ns
[2025-09-22T06:50:56.378+0000][67][gc,start    ] GC(10) Pause Young (Concurrent Start) (Metadata GC Threshold)
[2025-09-22T06:50:56.378+0000][67][gc,task     ] GC(10) Using 8 workers of 8 for evacuation
[2025-09-22T06:50:56.378+0000][67][gc,age      ] GC(10) Desired survivor size 20971520 bytes, new threshold 2 (max threshold 15)
[2025-09-22T06:50:56.397+0000][67][gc,phases   ] GC(10)   Pre Evacuate Collection Set: 0.3ms
[2025-09-22T06:50:56.397+0000][67][gc,phases   ] GC(10)   Merge Heap Roots: 0.1ms
[2025-09-22T06:50:56.397+0000][67][gc,phases   ] GC(10)   Evacuate Collection Set: 17.0ms
[2025-09-22T06:50:56.397+0000][67][gc,phases   ] GC(10)   Post Evacuate Collection Set: 1.7ms
[2025-09-22T06:50:56.397+0000][67][gc,phases   ] GC(10)   Other: 0.4ms
[2025-09-22T06:50:56.398+0000][67][gc,age      ] GC(10) Age table with threshold 2 (max threshold 15)
[2025-09-22T06:50:56.398+0000][67][gc,age      ] GC(10) - age   1:    7470568 bytes,    7470568 total
[2025-09-22T06:50:56.398+0000][67][gc,age      ] GC(10) - age   2:   17903824 bytes,   25374392 total
[2025-09-22T06:50:56.398+0000][67][gc,heap     ] GC(10) Eden regions: 44->0(69)
[2025-09-22T06:50:56.398+0000][67][gc,heap     ] GC(10) Survivor regions: 10->7(10)
[2025-09-22T06:50:56.398+0000][67][gc,heap     ] GC(10) Old regions: 3->8
[2025-09-22T06:50:56.398+0000][67][gc,heap     ] GC(10) Archive regions: 2->2
[2025-09-22T06:50:56.398+0000][67][gc,heap     ] GC(10) Humongous regions: 0->0
[2025-09-22T06:50:56.398+0000][67][gc,metaspace] GC(10) Metaspace: 60306K(61760K)->60306K(61760K) NonClass: 52742K(53568K)->52742K(53568K) Class: 7564K(8192K)->7564K(8192K)
[2025-09-22T06:50:56.398+0000][67][gc          ] GC(10) Pause Young (Concurrent Start) (Metadata GC Threshold) 226M->59M(512M) 20.443ms
[2025-09-22T06:50:56.398+0000][67][gc,cpu      ] GC(10) User=0.09s Sys=0.00s Real=0.02s
[2025-09-22T06:50:56.398+0000][67][gc          ] GC(11) Concurrent Mark Cycle
[2025-09-22T06:50:56.398+0000][67][gc,marking  ] GC(11) Concurrent Clear Claimed Marks
[2025-09-22T06:50:56.398+0000][67][safepoint   ] Safepoint "CollectForMetadataAllocation", Time since last: 173761958 ns, Reaching safepoint: 187584 ns, At safepoint: 20691083 ns, Total: 20878667 ns
[2025-09-22T06:50:56.399+0000][67][gc,marking  ] GC(11) Concurrent Clear Claimed Marks 0.220ms
[2025-09-22T06:50:56.401+0000][67][gc,marking  ] GC(11) Concurrent Scan Root Regions
[2025-09-22T06:50:56.416+0000][67][gc,marking  ] GC(11) Concurrent Scan Root Regions 14.277ms
[2025-09-22T06:50:56.416+0000][67][gc,marking  ] GC(11) Concurrent Mark
[2025-09-22T06:50:56.416+0000][67][gc,marking  ] GC(11) Concurrent Mark From Roots
[2025-09-22T06:50:56.416+0000][67][gc,task     ] GC(11) Using 2 workers of 2 for marking
[2025-09-22T06:50:56.416+0000][67][safepoint   ] Safepoint "CollectForMetadataAllocation", Time since last: 17560542 ns, Reaching safepoint: 55125 ns, At safepoint: 85291 ns, Total: 140416 ns
[2025-09-22T06:50:56.421+0000][67][gc,marking  ] GC(11) Concurrent Mark From Roots 5.155ms
[2025-09-22T06:50:56.422+0000][67][gc,marking  ] GC(11) Concurrent Preclean
[2025-09-22T06:50:56.422+0000][67][gc,marking  ] GC(11) Concurrent Preclean 0.143ms
[2025-09-22T06:50:56.426+0000][67][gc,start    ] GC(11) Pause Remark
[2025-09-22T06:50:56.433+0000][67][gc          ] GC(11) Pause Remark 61M->61M(512M) 6.677ms
[2025-09-22T06:50:56.433+0000][67][gc,cpu      ] GC(11) User=0.02s Sys=0.00s Real=0.01s
[2025-09-22T06:50:56.433+0000][67][safepoint   ] Safepoint "G1PauseRemark", Time since last: 8820667 ns, Reaching safepoint: 1280667 ns, At safepoint: 6882041 ns, Total: 8162708 ns
[2025-09-22T06:50:56.437+0000][67][gc,marking  ] GC(11) Concurrent Mark 20.874ms
[2025-09-22T06:50:56.437+0000][67][gc,marking  ] GC(11) Concurrent Rebuild Remembered Sets
[2025-09-22T06:50:56.444+0000][67][gc,marking  ] GC(11) Concurrent Rebuild Remembered Sets 7.281ms
[2025-09-22T06:50:56.444+0000][67][gc,start    ] GC(11) Pause Cleanup
[2025-09-22T06:50:56.444+0000][67][gc          ] GC(11) Pause Cleanup 63M->63M(512M) 0.239ms
[2025-09-22T06:50:56.445+0000][67][gc,cpu      ] GC(11) User=0.00s Sys=0.00s Real=0.00s
[2025-09-22T06:50:56.445+0000][67][safepoint   ] Safepoint "G1PauseCleanup", Time since last: 11230959 ns, Reaching safepoint: 51625 ns, At safepoint: 393041 ns, Total: 444666 ns
[2025-09-22T06:50:56.449+0000][67][gc,marking  ] GC(11) Concurrent Cleanup for Next Mark
[2025-09-22T06:50:56.452+0000][67][gc,marking  ] GC(11) Concurrent Cleanup for Next Mark 2.850ms
[2025-09-22T06:50:56.452+0000][67][gc          ] GC(11) Concurrent Mark Cycle 53.994ms
[2025-09-22T06:50:56.647+0000][67][safepoint   ] Safepoint "ICBufferFull", Time since last: 202234750 ns, Reaching safepoint: 213500 ns, At safepoint: 13375 ns, Total: 226875 ns
[2025-09-22T06:50:57.696+0000][67][safepoint   ] Safepoint "ICBufferFull", Time since last: 1048636126 ns, Reaching safepoint: 252208 ns, At safepoint: 4042 ns, Total: 256250 ns
[2025-09-22T06:50:57.971+0000][67][gc,start    ] GC(12) Pause Young (Normal) (G1 Evacuation Pause)
[2025-09-22T06:50:57.971+0000][67][gc,task     ] GC(12) Using 8 workers of 8 for evacuation
[2025-09-22T06:50:57.971+0000][67][gc,age      ] GC(12) Desired survivor size 20971520 bytes, new threshold 2 (max threshold 15)
[2025-09-22T06:50:57.989+0000][67][gc,phases   ] GC(12)   Pre Evacuate Collection Set: 0.1ms
[2025-09-22T06:50:57.989+0000][67][gc,phases   ] GC(12)   Merge Heap Roots: 0.1ms
[2025-09-22T06:50:57.989+0000][67][gc,phases   ] GC(12)   Evacuate Collection Set: 16.1ms
[2025-09-22T06:50:57.989+0000][67][gc,phases   ] GC(12)   Post Evacuate Collection Set: 1.1ms
[2025-09-22T06:50:57.989+0000][67][gc,phases   ] GC(12)   Other: 0.3ms
[2025-09-22T06:50:57.989+0000][67][gc,age      ] GC(12) Age table with threshold 2 (max threshold 15)
[2025-09-22T06:50:57.989+0000][67][gc,age      ] GC(12) - age   1:    5429984 bytes,    5429984 total
[2025-09-22T06:50:57.989+0000][67][gc,age      ] GC(12) - age   2:    7198208 bytes,   12628192 total
[2025-09-22T06:50:57.989+0000][67][gc,heap     ] GC(12) Eden regions: 69->0(72)
[2025-09-22T06:50:57.989+0000][67][gc,heap     ] GC(12) Survivor regions: 7->4(10)
[2025-09-22T06:50:57.989+0000][67][gc,heap     ] GC(12) Old regions: 8->12
[2025-09-22T06:50:57.989+0000][67][gc,heap     ] GC(12) Archive regions: 2->2
[2025-09-22T06:50:57.989+0000][67][gc,heap     ] GC(12) Humongous regions: 0->0
[2025-09-22T06:50:57.989+0000][67][gc,metaspace] GC(12) Metaspace: 73766K(75392K)->73766K(75392K) NonClass: 64330K(65280K)->64330K(65280K) Class: 9436K(10112K)->9436K(10112K)
[2025-09-22T06:50:57.990+0000][67][gc          ] GC(12) Pause Young (Normal) (G1 Evacuation Pause) 335M->66M(512M) 18.630ms
[2025-09-22T06:50:57.990+0000][67][gc,cpu      ] GC(12) User=0.10s Sys=0.00s Real=0.02s
[2025-09-22T06:50:57.990+0000][67][safepoint   ] Safepoint "G1CollectForAllocation", Time since last: 274753333 ns, Reaching safepoint: 187000 ns, At safepoint: 18771709 ns, Total: 18958709 ns
[2025-09-22T06:50:58.685+0000][67][safepoint   ] Safepoint "ICBufferFull", Time since last: 694266042 ns, Reaching safepoint: 762333 ns, At safepoint: 3500 ns, Total: 765833 ns
[2025-09-22T06:50:58.803+0000][67][safepoint   ] Safepoint "ICBufferFull", Time since last: 118141667 ns, Reaching safepoint: 159291 ns, At safepoint: 3209 ns, Total: 162500 ns
[2025-09-22T06:50:59.127+0000][67][safepoint   ] Safepoint "ICBufferFull", Time since last: 323856500 ns, Reaching safepoint: 332333 ns, At safepoint: 8167 ns, Total: 340500 ns
[2025-09-22T06:50:59.346+0000][67][gc,start    ] GC(13) Pause Young (Concurrent Start) (Metadata GC Threshold)
[2025-09-22T06:50:59.347+0000][67][gc,task     ] GC(13) Using 8 workers of 8 for evacuation
[2025-09-22T06:50:59.347+0000][67][gc,age      ] GC(13) Desired survivor size 20971520 bytes, new threshold 15 (max threshold 15)
[2025-09-22T06:50:59.361+0000][67][gc,phases   ] GC(13)   Pre Evacuate Collection Set: 0.4ms
[2025-09-22T06:50:59.361+0000][67][gc,phases   ] GC(13)   Merge Heap Roots: 0.1ms
[2025-09-22T06:50:59.361+0000][67][gc,phases   ] GC(13)   Evacuate Collection Set: 11.4ms
[2025-09-22T06:50:59.361+0000][67][gc,phases   ] GC(13)   Post Evacuate Collection Set: 2.1ms
[2025-09-22T06:50:59.361+0000][67][gc,phases   ] GC(13)   Other: 0.4ms
[2025-09-22T06:50:59.361+0000][67][gc,age      ] GC(13) Age table with threshold 15 (max threshold 15)
[2025-09-22T06:50:59.362+0000][67][gc,age      ] GC(13) - age   1:   11553760 bytes,   11553760 total
[2025-09-22T06:50:59.362+0000][67][gc,age      ] GC(13) - age   2:    5185848 bytes,   16739608 total
[2025-09-22T06:50:59.362+0000][67][gc,age      ] GC(13) - age   3:    7090616 bytes,   23830224 total
[2025-09-22T06:50:59.362+0000][67][gc,heap     ] GC(13) Eden regions: 46->0(69)
[2025-09-22T06:50:59.362+0000][67][gc,heap     ] GC(13) Survivor regions: 4->7(10)
[2025-09-22T06:50:59.362+0000][67][gc,heap     ] GC(13) Old regions: 12->12
[2025-09-22T06:50:59.362+0000][67][gc,heap     ] GC(13) Archive regions: 2->2
[2025-09-22T06:50:59.362+0000][67][gc,heap     ] GC(13) Humongous regions: 0->0
[2025-09-22T06:50:59.362+0000][67][gc,metaspace] GC(13) Metaspace: 101024K(103936K)->101024K(103936K) NonClass: 87709K(89216K)->87709K(89216K) Class: 13315K(14720K)->13315K(14720K)
[2025-09-22T06:50:59.362+0000][67][gc          ] GC(13) Pause Young (Concurrent Start) (Metadata GC Threshold) 248M->75M(512M) 15.697ms
[2025-09-22T06:50:59.362+0000][67][gc,cpu      ] GC(13) User=0.07s Sys=0.00s Real=0.01s
[2025-09-22T06:50:59.362+0000][67][gc          ] GC(14) Concurrent Mark Cycle
[2025-09-22T06:50:59.363+0000][67][gc,marking  ] GC(14) Concurrent Clear Claimed Marks
[2025-09-22T06:50:59.363+0000][67][safepoint   ] Safepoint "CollectForMetadataAllocation", Time since last: 219095083 ns, Reaching safepoint: 182584 ns, At safepoint: 16039291 ns, Total: 16221875 ns
[2025-09-22T06:50:59.363+0000][67][gc,marking  ] GC(14) Concurrent Clear Claimed Marks 0.521ms
[2025-09-22T06:50:59.363+0000][67][gc,marking  ] GC(14) Concurrent Scan Root Regions
[2025-09-22T06:50:59.373+0000][67][gc,marking  ] GC(14) Concurrent Scan Root Regions 9.971ms
[2025-09-22T06:50:59.374+0000][67][gc,marking  ] GC(14) Concurrent Mark
[2025-09-22T06:50:59.374+0000][67][gc,marking  ] GC(14) Concurrent Mark From Roots
[2025-09-22T06:50:59.374+0000][67][gc,task     ] GC(14) Using 2 workers of 2 for marking
[2025-09-22T06:50:59.383+0000][67][safepoint   ] Safepoint "CollectForMetadataAllocation", Time since last: 20166959 ns, Reaching safepoint: 149208 ns, At safepoint: 225125 ns, Total: 374333 ns
[2025-09-22T06:50:59.400+0000][67][gc,marking  ] GC(14) Concurrent Mark From Roots 26.723ms
[2025-09-22T06:50:59.401+0000][67][gc,marking  ] GC(14) Concurrent Preclean
[2025-09-22T06:50:59.402+0000][67][gc,marking  ] GC(14) Concurrent Preclean 0.483ms
[2025-09-22T06:50:59.404+0000][67][gc,start    ] GC(14) Pause Remark
[2025-09-22T06:50:59.408+0000][67][gc          ] GC(14) Pause Remark 79M->79M(512M) 4.613ms
[2025-09-22T06:50:59.409+0000][67][gc,cpu      ] GC(14) User=0.01s Sys=0.00s Real=0.00s
[2025-09-22T06:50:59.409+0000][67][safepoint   ] Safepoint "G1PauseRemark", Time since last: 18880708 ns, Reaching safepoint: 1943334 ns, At safepoint: 4806083 ns, Total: 6749417 ns
[2025-09-22T06:50:59.412+0000][67][gc,marking  ] GC(14) Concurrent Mark 38.326ms
[2025-09-22T06:50:59.412+0000][67][gc,marking  ] GC(14) Concurrent Rebuild Remembered Sets
[2025-09-22T06:50:59.430+0000][67][gc,marking  ] GC(14) Concurrent Rebuild Remembered Sets 17.797ms
[2025-09-22T06:50:59.431+0000][67][gc,start    ] GC(14) Pause Cleanup
[2025-09-22T06:50:59.431+0000][67][gc          ] GC(14) Pause Cleanup 81M->81M(512M) 0.242ms
[2025-09-22T06:50:59.431+0000][67][gc,cpu      ] GC(14) User=0.00s Sys=0.00s Real=0.00s
[2025-09-22T06:50:59.431+0000][67][safepoint   ] Safepoint "G1PauseCleanup", Time since last: 21243583 ns, Reaching safepoint: 1132542 ns, At safepoint: 379125 ns, Total: 1511667 ns
[2025-09-22T06:50:59.432+0000][67][gc,marking  ] GC(14) Concurrent Cleanup for Next Mark
[2025-09-22T06:50:59.432+0000][67][gc,marking  ] GC(14) Concurrent Cleanup for Next Mark 0.318ms
[2025-09-22T06:50:59.432+0000][67][gc          ] GC(14) Concurrent Mark Cycle 70.215ms
[2025-09-22T06:50:59.777+0000][67][safepoint   ] Safepoint "ICBufferFull", Time since last: 345237000 ns, Reaching safepoint: 397459 ns, At safepoint: 9333 ns, Total: 406792 ns
[2025-09-22T06:50:59.909+0000][67][safepoint   ] Safepoint "ICBufferFull", Time since last: 131442500 ns, Reaching safepoint: 525458 ns, At safepoint: 29834 ns, Total: 555292 ns
[2025-09-22T06:51:00.397+0000][67][safepoint   ] Safepoint "ICBufferFull", Time since last: 487635125 ns, Reaching safepoint: 147292 ns, At safepoint: 8291 ns, Total: 155583 ns
[2025-09-22T06:51:00.424+0000][67][safepoint   ] Safepoint "ICBufferFull", Time since last: 26597250 ns, Reaching safepoint: 195542 ns, At safepoint: 8958 ns, Total: 204500 ns
[2025-09-22T06:51:00.482+0000][67][safepoint   ] Safepoint "ICBufferFull", Time since last: 58166250 ns, Reaching safepoint: 522709 ns, At safepoint: 37166 ns, Total: 559875 ns
[2025-09-22T06:51:00.543+0000][67][safepoint   ] Safepoint "ICBufferFull", Time since last: 60468459 ns, Reaching safepoint: 182791 ns, At safepoint: 8542 ns, Total: 191333 ns
[2025-09-22T06:51:00.593+0000][67][safepoint   ] Safepoint "ICBufferFull", Time since last: 49985708 ns, Reaching safepoint: 325459 ns, At safepoint: 17416 ns, Total: 342875 ns
[2025-09-22T06:51:00.675+0000][67][safepoint   ] Safepoint "ICBufferFull", Time since last: 81230334 ns, Reaching safepoint: 204250 ns, At safepoint: 4208 ns, Total: 208458 ns
[2025-09-22T06:51:00.814+0000][67][safepoint   ] Safepoint "ICBufferFull", Time since last: 138529833 ns, Reaching safepoint: 169459 ns, At safepoint: 8375 ns, Total: 177834 ns
[2025-09-22T06:51:01.046+0000][67][safepoint   ] Safepoint "ICBufferFull", Time since last: 229642375 ns, Reaching safepoint: 2125583 ns, At safepoint: 212334 ns, Total: 2337917 ns
[2025-09-22T06:51:01.299+0000][67][safepoint   ] Safepoint "ICBufferFull", Time since last: 253590000 ns, Reaching safepoint: 339541 ns, At safepoint: 11042 ns, Total: 350583 ns
[2025-09-22T06:51:03.206+0000][67][safepoint   ] Safepoint "Cleanup", Time since last: 1901276168 ns, Reaching safepoint: 976833 ns, At safepoint: 4282667 ns, Total: 5259500 ns
[2025-09-22T06:51:04.166+0000][67][safepoint   ] Safepoint "ICBufferFull", Time since last: 959487750 ns, Reaching safepoint: 255500 ns, At safepoint: 37500 ns, Total: 293000 ns
[2025-09-22T06:51:04.539+0000][67][safepoint   ] Safepoint "ICBufferFull", Time since last: 372649917 ns, Reaching safepoint: 312750 ns, At safepoint: 27833 ns, Total: 340583 ns
[2025-09-22T06:51:05.943+0000][67][safepoint   ] Safepoint "Cleanup", Time since last: 1403519834 ns, Reaching safepoint: 191083 ns, At safepoint: 10209 ns, Total: 201292 ns
[2025-09-22T06:51:06.197+0000][67][safepoint   ] Safepoint "ICBufferFull", Time since last: 253807208 ns, Reaching safepoint: 250958 ns, At safepoint: 6875 ns, Total: 257833 ns
[2025-09-22T06:51:06.805+0000][67][safepoint   ] Safepoint "ICBufferFull", Time since last: 607320626 ns, Reaching safepoint: 1088875 ns, At safepoint: 16541 ns, Total: 1105416 ns
[2025-09-22T06:51:07.503+0000][67][safepoint   ] Safepoint "ICBufferFull", Time since last: 693712001 ns, Reaching safepoint: 4072833 ns, At safepoint: 53042 ns, Total: 4125875 ns
[2025-09-22T06:51:07.648+0000][67][gc,start    ] GC(15) Pause Young (Normal) (G1 Evacuation Pause)
[2025-09-22T06:51:07.648+0000][67][gc,task     ] GC(15) Using 8 workers of 8 for evacuation
[2025-09-22T06:51:07.648+0000][67][gc,age      ] GC(15) Desired survivor size 20971520 bytes, new threshold 3 (max threshold 15)
[2025-09-22T06:51:07.778+0000][67][gc,phases   ] GC(15)   Pre Evacuate Collection Set: 0.2ms
[2025-09-22T06:51:07.778+0000][67][gc,phases   ] GC(15)   Merge Heap Roots: 0.2ms
[2025-09-22T06:51:07.778+0000][67][gc,phases   ] GC(15)   Evacuate Collection Set: 124.2ms
[2025-09-22T06:51:07.778+0000][67][gc,phases   ] GC(15)   Post Evacuate Collection Set: 4.5ms
[2025-09-22T06:51:07.778+0000][67][gc,phases   ] GC(15)   Other: 0.3ms
[2025-09-22T06:51:07.778+0000][67][gc,age      ] GC(15) Age table with threshold 3 (max threshold 15)
[2025-09-22T06:51:07.778+0000][67][gc,age      ] GC(15) - age   1:   22080376 bytes,   22080376 total
[2025-09-22T06:51:07.778+0000][67][gc,age      ] GC(15) - age   2:   11127216 bytes,   33207592 total
[2025-09-22T06:51:07.778+0000][67][gc,age      ] GC(15) - age   3:    5122600 bytes,   38330192 total
[2025-09-22T06:51:07.778+0000][67][gc,heap     ] GC(15) Eden regions: 69->0(66)
[2025-09-22T06:51:07.779+0000][67][gc,heap     ] GC(15) Survivor regions: 7->10(10)
[2025-09-22T06:51:07.779+0000][67][gc,heap     ] GC(15) Old regions: 12->14
[2025-09-22T06:51:07.779+0000][67][gc,heap     ] GC(15) Archive regions: 2->2
[2025-09-22T06:51:07.779+0000][67][gc,heap     ] GC(15) Humongous regions: 4->4
[2025-09-22T06:51:07.779+0000][67][gc,metaspace] GC(15) Metaspace: 121730K(124992K)->121730K(124992K) NonClass: 105452K(107072K)->105452K(107072K) Class: 16278K(17920K)->16278K(17920K)
[2025-09-22T06:51:07.779+0000][67][gc          ] GC(15) Pause Young (Normal) (G1 Evacuation Pause) 367M->112M(512M) 130.890ms
[2025-09-22T06:51:07.779+0000][67][gc,cpu      ] GC(15) User=0.17s Sys=0.02s Real=0.13s
[2025-09-22T06:51:07.781+0000][67][safepoint   ] Safepoint "G1CollectForAllocation", Time since last: 144725625 ns, Reaching safepoint: 89875 ns, At safepoint: 131101750 ns, Total: 131191625 ns
[2025-09-22T06:51:08.783+0000][67][safepoint   ] Safepoint "Cleanup", Time since last: 1004077917 ns, Reaching safepoint: 159542 ns, At safepoint: 6708 ns, Total: 166250 ns
[2025-09-22T06:51:09.787+0000][67][safepoint   ] Safepoint "Cleanup", Time since last: 1003314625 ns, Reaching safepoint: 145375 ns, At safepoint: 6250 ns, Total: 151625 ns
[2025-09-22T06:51:10.351+0000][67][safepoint   ] Safepoint "ICBufferFull", Time since last: 563122542 ns, Reaching safepoint: 999834 ns, At safepoint: 56958 ns, Total: 1056792 ns
[2025-09-22T06:51:10.476+0000][67][safepoint   ] Safepoint "ICBufferFull", Time since last: 123377458 ns, Reaching safepoint: 2072917 ns, At safepoint: 69458 ns, Total: 2142375 ns
[2025-09-22T06:51:10.801+0000][67][safepoint   ] Safepoint "ICBufferFull", Time since last: 323850751 ns, Reaching safepoint: 224708 ns, At safepoint: 15792 ns, Total: 240500 ns
[2025-09-22T06:51:11.037+0000][67][safepoint   ] Safepoint "ICBufferFull", Time since last: 234133083 ns, Reaching safepoint: 1819208 ns, At safepoint: 21959 ns, Total: 1841167 ns
[2025-09-22T06:51:11.161+0000][67][safepoint   ] Safepoint "ICBufferFull", Time since last: 123657333 ns, Reaching safepoint: 1287792 ns, At safepoint: 27375 ns, Total: 1315167 ns
[2025-09-22T06:51:11.163+0000][67][safepoint   ] Safepoint "ICBufferFull", Time since last: 617958 ns, Reaching safepoint: 1040083 ns, At safepoint: 19042 ns, Total: 1059125 ns
[2025-09-22T06:51:11.262+0000][67][safepoint   ] Safepoint "ICBufferFull", Time since last: 97266958 ns, Reaching safepoint: 1394209 ns, At safepoint: 29875 ns, Total: 1424084 ns
[2025-09-22T06:51:11.489+0000][67][safepoint   ] Safepoint "ICBufferFull", Time since last: 226796958 ns, Reaching safepoint: 800917 ns, At safepoint: 23750 ns, Total: 824667 ns
[2025-09-22T06:51:11.595+0000][67][safepoint   ] Safepoint "ICBufferFull", Time since last: 105745500 ns, Reaching safepoint: 235625 ns, At safepoint: 16292 ns, Total: 251917 ns
[2025-09-22T06:51:11.752+0000][67][safepoint   ] Safepoint "ICBufferFull", Time since last: 153852708 ns, Reaching safepoint: 2774625 ns, At safepoint: 23542 ns, Total: 2798167 ns
[2025-09-22T06:51:11.879+0000][67][safepoint   ] Safepoint "ICBufferFull", Time since last: 126885000 ns, Reaching safepoint: 334625 ns, At safepoint: 13250 ns, Total: 347875 ns
[2025-09-22T06:51:12.633+0000][67][safepoint   ] Safepoint "ICBufferFull", Time since last: 753318167 ns, Reaching safepoint: 270500 ns, At safepoint: 6125 ns, Total: 276625 ns
[2025-09-22T06:51:13.221+0000][67][safepoint   ] Safepoint "ICBufferFull", Time since last: 587508792 ns, Reaching safepoint: 1008500 ns, At safepoint: 21125 ns, Total: 1029625 ns
[2025-09-22T06:51:13.415+0000][67][safepoint   ] Safepoint "ICBufferFull", Time since last: 191504458 ns, Reaching safepoint: 1994292 ns, At safepoint: 39208 ns, Total: 2033500 ns
[2025-09-22T06:51:13.574+0000][67][gc,start    ] GC(16) Pause Young (Normal) (G1 Evacuation Pause)
[2025-09-22T06:51:13.575+0000][67][gc,task     ] GC(16) Using 8 workers of 8 for evacuation
[2025-09-22T06:51:13.575+0000][67][gc,age      ] GC(16) Desired survivor size 20971520 bytes, new threshold 1 (max threshold 15)
[2025-09-22T06:51:13.626+0000][67][gc,phases   ] GC(16)   Pre Evacuate Collection Set: 0.1ms
[2025-09-22T06:51:13.627+0000][67][gc,phases   ] GC(16)   Merge Heap Roots: 0.1ms
[2025-09-22T06:51:13.627+0000][67][gc,phases   ] GC(16)   Evacuate Collection Set: 44.5ms
[2025-09-22T06:51:13.627+0000][67][gc,phases   ] GC(16)   Post Evacuate Collection Set: 5.8ms
[2025-09-22T06:51:13.627+0000][67][gc,phases   ] GC(16)   Other: 0.4ms
[2025-09-22T06:51:13.627+0000][67][gc,age      ] GC(16) Age table with threshold 1 (max threshold 15)
[2025-09-22T06:51:13.627+0000][67][gc,age      ] GC(16) - age   1:   10097888 bytes,   10097888 total
[2025-09-22T06:51:13.627+0000][67][gc,heap     ] GC(16) Eden regions: 66->0(64)
[2025-09-22T06:51:13.627+0000][67][gc,heap     ] GC(16) Survivor regions: 10->4(10)
[2025-09-22T06:51:13.628+0000][67][gc,heap     ] GC(16) Old regions: 14->23
[2025-09-22T06:51:13.628+0000][67][gc,heap     ] GC(16) Archive regions: 2->2
[2025-09-22T06:51:13.628+0000][67][gc,heap     ] GC(16) Humongous regions: 4->4
[2025-09-22T06:51:13.628+0000][67][gc,metaspace] GC(16) Metaspace: 127176K(130560K)->127176K(130560K) NonClass: 110154K(111872K)->110154K(111872K) Class: 17021K(18688K)->17021K(18688K)
[2025-09-22T06:51:13.628+0000][67][gc          ] GC(16) Pause Young (Normal) (G1 Evacuation Pause) 376M->123M(512M) 53.237ms
[2025-09-22T06:51:13.628+0000][67][gc,cpu      ] GC(16) User=0.11s Sys=0.00s Real=0.05s
[2025-09-22T06:51:13.628+0000][67][safepoint   ] Safepoint "G1CollectForAllocation", Time since last: 159368667 ns, Reaching safepoint: 80458 ns, At safepoint: 53670417 ns, Total: 53750875 ns
[2025-09-22T06:51:14.007+0000][67][safepoint   ] Safepoint "ICBufferFull", Time since last: 374635542 ns, Reaching safepoint: 4358833 ns, At safepoint: 21250 ns, Total: 4380083 ns
[2025-09-22T06:51:14.297+0000][67][safepoint   ] Safepoint "ICBufferFull", Time since last: 284578000 ns, Reaching safepoint: 5408375 ns, At safepoint: 35000 ns, Total: 5443375 ns
[2025-09-22T06:51:14.645+0000][67][safepoint   ] Safepoint "ICBufferFull", Time since last: 345913667 ns, Reaching safepoint: 2259083 ns, At safepoint: 26834 ns, Total: 2285917 ns
[2025-09-22T06:51:14.743+0000][67][safepoint   ] Safepoint "ICBufferFull", Time since last: 96493666 ns, Reaching safepoint: 1314209 ns, At safepoint: 14333 ns, Total: 1328542 ns
[2025-09-22T06:51:15.617+0000][67][safepoint   ] Safepoint "ICBufferFull", Time since last: 873873876 ns, Reaching safepoint: 204583 ns, At safepoint: 4542 ns, Total: 209125 ns
[2025-09-22T06:51:16.207+0000][67][safepoint   ] Safepoint "ICBufferFull", Time since last: 589299208 ns, Reaching safepoint: 286458 ns, At safepoint: 23375 ns, Total: 309833 ns
[2025-09-22T06:51:16.321+0000][67][safepoint   ] Safepoint "ICBufferFull", Time since last: 114282334 ns, Reaching safepoint: 238917 ns, At safepoint: 11458 ns, Total: 250375 ns
[2025-09-22T06:51:16.620+0000][67][safepoint   ] Safepoint "ICBufferFull", Time since last: 296811542 ns, Reaching safepoint: 1556291 ns, At safepoint: 24959 ns, Total: 1581250 ns
[2025-09-22T06:51:16.793+0000][67][safepoint   ] Safepoint "ICBufferFull", Time since last: 173360250 ns, Reaching safepoint: 251166 ns, At safepoint: 20584 ns, Total: 271750 ns
[2025-09-22T06:51:16.977+0000][67][safepoint   ] Safepoint "ICBufferFull", Time since last: 183200917 ns, Reaching safepoint: 651833 ns, At safepoint: 17542 ns, Total: 669375 ns
[2025-09-22T06:51:17.136+0000][67][safepoint   ] Safepoint "ICBufferFull", Time since last: 156849291 ns, Reaching safepoint: 1916584 ns, At safepoint: 68458 ns, Total: 1985042 ns
[2025-09-22T06:51:17.996+0000][67][safepoint   ] Safepoint "ICBufferFull", Time since last: 858954459 ns, Reaching safepoint: 604916 ns, At safepoint: 25917 ns, Total: 630833 ns
[2025-09-22T06:51:18.000+0000][67][safepoint   ] Safepoint "ICBufferFull", Time since last: 1395875 ns, Reaching safepoint: 1059708 ns, At safepoint: 1881875 ns, Total: 2941583 ns
[2025-09-22T06:51:18.356+0000][67][safepoint   ] Safepoint "ICBufferFull", Time since last: 353589959 ns, Reaching safepoint: 2191750 ns, At safepoint: 27291 ns, Total: 2219041 ns
[2025-09-22T06:51:19.017+0000][67][safepoint   ] Safepoint "ICBufferFull", Time since last: 660884376 ns, Reaching safepoint: 686416 ns, At safepoint: 11750 ns, Total: 698166 ns
[2025-09-22T06:51:19.166+0000][67][safepoint   ] Safepoint "ICBufferFull", Time since last: 148460126 ns, Reaching safepoint: 272791 ns, At safepoint: 10917 ns, Total: 283708 ns
[2025-09-22T06:51:19.387+0000][67][safepoint   ] Safepoint "ICBufferFull", Time since last: 220560917 ns, Reaching safepoint: 343791 ns, At safepoint: 188834 ns, Total: 532625 ns
[2025-09-22T06:51:19.410+0000][67][gc,start    ] GC(17) Pause Young (Normal) (G1 Evacuation Pause)
[2025-09-22T06:51:19.411+0000][67][gc,task     ] GC(17) Using 8 workers of 8 for evacuation
[2025-09-22T06:51:19.411+0000][67][gc,age      ] GC(17) Desired survivor size 18874368 bytes, new threshold 15 (max threshold 15)
[2025-09-22T06:51:19.431+0000][67][gc,phases   ] GC(17)   Pre Evacuate Collection Set: 0.3ms
[2025-09-22T06:51:19.431+0000][67][gc,phases   ] GC(17)   Merge Heap Roots: 0.1ms
[2025-09-22T06:51:19.432+0000][67][gc,phases   ] GC(17)   Evacuate Collection Set: 18.2ms
[2025-09-22T06:51:19.432+0000][67][gc,phases   ] GC(17)   Post Evacuate Collection Set: 1.6ms
[2025-09-22T06:51:19.432+0000][67][gc,phases   ] GC(17)   Other: 0.4ms
[2025-09-22T06:51:19.432+0000][67][gc,age      ] GC(17) Age table with threshold 15 (max threshold 15)
[2025-09-22T06:51:19.432+0000][67][gc,age      ] GC(17) - age   1:    8607456 bytes,    8607456 total
[2025-09-22T06:51:19.432+0000][67][gc,age      ] GC(17) - age   2:    5240120 bytes,   13847576 total
[2025-09-22T06:51:19.432+0000][67][gc,heap     ] GC(17) Eden regions: 64->0(65)
[2025-09-22T06:51:19.432+0000][67][gc,heap     ] GC(17) Survivor regions: 4->4(9)
[2025-09-22T06:51:19.432+0000][67][gc,heap     ] GC(17) Old regions: 23->23
[2025-09-22T06:51:19.432+0000][67][gc,heap     ] GC(17) Archive regions: 2->2
[2025-09-22T06:51:19.432+0000][67][gc,heap     ] GC(17) Humongous regions: 4->4
[2025-09-22T06:51:19.432+0000][67][gc,metaspace] GC(17) Metaspace: 131704K(135168K)->131704K(135168K) NonClass: 114213K(115968K)->114213K(115968K) Class: 17491K(19200K)->17491K(19200K)
[2025-09-22T06:51:19.432+0000][67][gc          ] GC(17) Pause Young (Normal) (G1 Evacuation Pause) 379M->122M(512M) 21.996ms
[2025-09-22T06:51:19.432+0000][67][gc,cpu      ] GC(17) User=0.11s Sys=0.00s Real=0.02s
[2025-09-22T06:51:19.433+0000][67][safepoint   ] Safepoint "G1CollectForAllocation", Time since last: 22261666 ns, Reaching safepoint: 696459 ns, At safepoint: 22262750 ns, Total: 22959209 ns
[2025-09-22T06:51:20.480+0000][67][safepoint   ] Safepoint "Cleanup", Time since last: 1046973334 ns, Reaching safepoint: 186750 ns, At safepoint: 10875 ns, Total: 197625 ns
[2025-09-22T06:51:21.480+0000][67][safepoint   ] Safepoint "Cleanup", Time since last: 1000507250 ns, Reaching safepoint: 227750 ns, At safepoint: 16000 ns, Total: 243750 ns
[2025-09-22T06:51:22.481+0000][67][safepoint   ] Safepoint "Cleanup", Time since last: 1000624625 ns, Reaching safepoint: 121417 ns, At safepoint: 11750 ns, Total: 133167 ns
[2025-09-22T06:51:23.211+0000][67][safepoint   ] Safepoint "ICBufferFull", Time since last: 729796375 ns, Reaching safepoint: 335834 ns, At safepoint: 19625 ns, Total: 355459 ns
[2025-09-22T06:51:24.213+0000][67][safepoint   ] Safepoint "Cleanup", Time since last: 1000849417 ns, Reaching safepoint: 1090833 ns, At safepoint: 11500 ns, Total: 1102333 ns
[2025-09-22T06:51:25.214+0000][67][safepoint   ] Safepoint "Cleanup", Time since last: 1000787542 ns, Reaching safepoint: 352292 ns, At safepoint: 19167 ns, Total: 371459 ns
[2025-09-22T06:51:26.215+0000][67][safepoint   ] Safepoint "Cleanup", Time since last: 1000816500 ns, Reaching safepoint: 183834 ns, At safepoint: 13458 ns, Total: 197292 ns
[2025-09-22T06:51:27.217+0000][67][safepoint   ] Safepoint "Cleanup", Time since last: 1000723875 ns, Reaching safepoint: 390834 ns, At safepoint: 26750 ns, Total: 417584 ns
[2025-09-22T06:51:28.218+0000][67][safepoint   ] Safepoint "Cleanup", Time since last: 1000485459 ns, Reaching safepoint: 578916 ns, At safepoint: 12375 ns, Total: 591291 ns
[2025-09-22T06:51:29.219+0000][67][safepoint   ] Safepoint "Cleanup", Time since last: 1000458959 ns, Reaching safepoint: 361167 ns, At safepoint: 16541 ns, Total: 377708 ns
[2025-09-22T06:51:30.220+0000][67][safepoint   ] Safepoint "Cleanup", Time since last: 1000657959 ns, Reaching safepoint: 393417 ns, At safepoint: 13583 ns, Total: 407000 ns
[2025-09-22T06:51:31.221+0000][67][safepoint   ] Safepoint "Cleanup", Time since last: 1001664417 ns, Reaching safepoint: 122250 ns, At safepoint: 11084 ns, Total: 133334 ns
[2025-09-22T06:51:32.136+0000][67][safepoint   ] Safepoint "ICBufferFull", Time since last: 913703292 ns, Reaching safepoint: 750958 ns, At safepoint: 34708 ns, Total: 785666 ns
[2025-09-22T06:51:33.139+0000][67][safepoint   ] Safepoint "Cleanup", Time since last: 1002467876 ns, Reaching safepoint: 207500 ns, At safepoint: 14417 ns, Total: 221917 ns
[2025-09-22T06:51:34.140+0000][67][safepoint   ] Safepoint "Cleanup", Time since last: 1001337625 ns, Reaching safepoint: 446417 ns, At safepoint: 4708 ns, Total: 451125 ns
[2025-09-22T06:51:35.141+0000][67][safepoint   ] Safepoint "Cleanup", Time since last: 1001240709 ns, Reaching safepoint: 366958 ns, At safepoint: 17292 ns, Total: 384250 ns
[2025-09-22T06:51:36.144+0000][67][safepoint   ] Safepoint "Cleanup", Time since last: 1001482667 ns, Reaching safepoint: 670166 ns, At safepoint: 19625 ns, Total: 689791 ns
[2025-09-22T06:51:37.145+0000][67][safepoint   ] Safepoint "Cleanup", Time since last: 1001164251 ns, Reaching safepoint: 140250 ns, At safepoint: 6291 ns, Total: 146541 ns
[2025-09-22T06:51:37.923+0000][67][gc,start    ] GC(18) Pause Young (Normal) (G1 Evacuation Pause)
[2025-09-22T06:51:37.924+0000][67][gc,task     ] GC(18) Using 8 workers of 8 for evacuation
[2025-09-22T06:51:37.924+0000][67][gc,age      ] GC(18) Desired survivor size 18874368 bytes, new threshold 15 (max threshold 15)
[2025-09-22T06:51:37.936+0000][67][gc,phases   ] GC(18)   Pre Evacuate Collection Set: 0.3ms
[2025-09-22T06:51:37.936+0000][67][gc,phases   ] GC(18)   Merge Heap Roots: 0.1ms
[2025-09-22T06:51:37.936+0000][67][gc,phases   ] GC(18)   Evacuate Collection Set: 10.3ms
[2025-09-22T06:51:37.937+0000][67][gc,phases   ] GC(18)   Post Evacuate Collection Set: 1.1ms
[2025-09-22T06:51:37.937+0000][67][gc,phases   ] GC(18)   Other: 0.3ms
[2025-09-22T06:51:37.937+0000][67][gc,age      ] GC(18) Age table with threshold 15 (max threshold 15)
[2025-09-22T06:51:37.937+0000][67][gc,age      ] GC(18) - age   1:    3420752 bytes,    3420752 total
[2025-09-22T06:51:37.937+0000][67][gc,age      ] GC(18) - age   2:    3651176 bytes,    7071928 total
[2025-09-22T06:51:37.937+0000][67][gc,age      ] GC(18) - age   3:    5228952 bytes,   12300880 total
[2025-09-22T06:51:37.937+0000][67][gc,heap     ] GC(18) Eden regions: 65->0(66)
[2025-09-22T06:51:37.937+0000][67][gc,heap     ] GC(18) Survivor regions: 4->4(9)
[2025-09-22T06:51:37.937+0000][67][gc,heap     ] GC(18) Old regions: 23->23
[2025-09-22T06:51:37.937+0000][67][gc,heap     ] GC(18) Archive regions: 2->2
[2025-09-22T06:51:37.937+0000][67][gc,heap     ] GC(18) Humongous regions: 4->4
[2025-09-22T06:51:37.937+0000][67][gc,metaspace] GC(18) Metaspace: 132978K(136512K)->132978K(136512K) NonClass: 115381K(117184K)->115381K(117184K) Class: 17596K(19328K)->17596K(19328K)
[2025-09-22T06:51:37.937+0000][67][gc          ] GC(18) Pause Young (Normal) (G1 Evacuation Pause) 382M->121M(512M) 14.227ms
[2025-09-22T06:51:37.937+0000][67][gc,cpu      ] GC(18) User=0.07s Sys=0.00s Real=0.01s
[2025-09-22T06:51:37.937+0000][67][safepoint   ] Safepoint "G1CollectForAllocation", Time since last: 777249084 ns, Reaching safepoint: 724542 ns, At safepoint: 14424833 ns, Total: 15149375 ns
[2025-09-22T06:51:38.701+0000][67][safepoint   ] Safepoint "ICBufferFull", Time since last: 763413584 ns, Reaching safepoint: 132042 ns, At safepoint: 14916 ns, Total: 146958 ns
[2025-09-22T06:51:39.702+0000][67][safepoint   ] Safepoint "Cleanup", Time since last: 1000983917 ns, Reaching safepoint: 220959 ns, At safepoint: 11875 ns, Total: 232834 ns
[2025-09-22T06:51:40.703+0000][67][safepoint   ] Safepoint "Cleanup", Time since last: 1000435625 ns, Reaching safepoint: 278167 ns, At safepoint: 27125 ns, Total: 305292 ns
[2025-09-22T06:51:41.704+0000][67][safepoint   ] Safepoint "Cleanup", Time since last: 1000703792 ns, Reaching safepoint: 86875 ns, At safepoint: 22125 ns, Total: 109000 ns
[2025-09-22T06:51:42.705+0000][67][safepoint   ] Safepoint "Cleanup", Time since last: 1001111500 ns, Reaching safepoint: 339750 ns, At safepoint: 22042 ns, Total: 361792 ns
[2025-09-22T06:51:43.707+0000][67][safepoint   ] Safepoint "Cleanup", Time since last: 1001638501 ns, Reaching safepoint: 525541 ns, At safepoint: 33042 ns, Total: 558583 ns
[2025-09-22T06:51:44.710+0000][67][safepoint   ] Safepoint "Cleanup", Time since last: 1001990167 ns, Reaching safepoint: 355750 ns, At safepoint: 30375 ns, Total: 386125 ns
[2025-09-22T06:51:45.711+0000][67][safepoint   ] Safepoint "Cleanup", Time since last: 1001158709 ns, Reaching safepoint: 325583 ns, At safepoint: 31042 ns, Total: 356625 ns
[2025-09-22T06:51:46.715+0000][67][safepoint   ] Safepoint "Cleanup", Time since last: 1003786917 ns, Reaching safepoint: 367292 ns, At safepoint: 26750 ns, Total: 394042 ns
[2025-09-22T06:51:47.719+0000][67][safepoint   ] Safepoint "Cleanup", Time since last: 1003081334 ns, Reaching safepoint: 373041 ns, At safepoint: 38709 ns, Total: 411750 ns
[2025-09-22T06:51:48.721+0000][67][safepoint   ] Safepoint "Cleanup", Time since last: 1001383083 ns, Reaching safepoint: 201625 ns, At safepoint: 69875 ns, Total: 271500 ns
[2025-09-22T06:51:49.723+0000][67][safepoint   ] Safepoint "Cleanup", Time since last: 1001777167 ns, Reaching safepoint: 660250 ns, At safepoint: 41084 ns, Total: 701334 ns
[2025-09-22T06:51:51.246+0000][67][safepoint   ] Safepoint "Cleanup", Time since last: 1522854876 ns, Reaching safepoint: 574666 ns, At safepoint: 26042 ns, Total: 600708 ns
[2025-09-22T06:51:52.248+0000][67][safepoint   ] Safepoint "Cleanup", Time since last: 1001190584 ns, Reaching safepoint: 179000 ns, At safepoint: 15666 ns, Total: 194666 ns
[2025-09-22T06:51:53.249+0000][67][safepoint   ] Safepoint "Cleanup", Time since last: 1001083709 ns, Reaching safepoint: 236667 ns, At safepoint: 24125 ns, Total: 260792 ns
[2025-09-22T06:51:55.253+0000][67][safepoint   ] Safepoint "Cleanup", Time since last: 2003316251 ns, Reaching safepoint: 86291 ns, At safepoint: 8084 ns, Total: 94375 ns
[2025-09-22T06:51:56.254+0000][67][safepoint   ] Safepoint "Cleanup", Time since last: 1000915542 ns, Reaching safepoint: 78458 ns, At safepoint: 3084 ns, Total: 81542 ns
[2025-09-22T06:51:58.256+0000][67][safepoint   ] Safepoint "Cleanup", Time since last: 2001976584 ns, Reaching safepoint: 132167 ns, At safepoint: 7041 ns, Total: 139208 ns
[2025-09-22T06:52:00.259+0000][67][safepoint   ] Safepoint "Cleanup", Time since last: 2002973710 ns, Reaching safepoint: 398708 ns, At safepoint: 17375 ns, Total: 416083 ns
[2025-09-22T06:52:01.262+0000][67][safepoint   ] Safepoint "Cleanup", Time since last: 1002381625 ns, Reaching safepoint: 117709 ns, At safepoint: 2958 ns, Total: 120667 ns
[2025-09-22T06:52:02.263+0000][67][safepoint   ] Safepoint "Cleanup", Time since last: 1001212250 ns, Reaching safepoint: 132875 ns, At safepoint: 5584 ns, Total: 138459 ns
[2025-09-22T06:52:03.265+0000][67][safepoint   ] Safepoint "Cleanup", Time since last: 1001738875 ns, Reaching safepoint: 386292 ns, At safepoint: 16875 ns, Total: 403167 ns
[2025-09-22T06:52:04.267+0000][67][safepoint   ] Safepoint "Cleanup", Time since last: 1001640792 ns, Reaching safepoint: 155375 ns, At safepoint: 13708 ns, Total: 169083 ns
[2025-09-22T06:52:05.269+0000][67][safepoint   ] Safepoint "Cleanup", Time since last: 1000825834 ns, Reaching safepoint: 482583 ns, At safepoint: 30167 ns, Total: 512750 ns
[2025-09-22T06:52:06.270+0000][67][safepoint   ] Safepoint "Cleanup", Time since last: 1000739792 ns, Reaching safepoint: 268667 ns, At safepoint: 34125 ns, Total: 302792 ns
[2025-09-22T06:52:07.210+0000][67][gc,start    ] GC(19) Pause Young (Normal) (G1 Evacuation Pause)
[2025-09-22T06:52:07.211+0000][67][gc,task     ] GC(19) Using 8 workers of 8 for evacuation
[2025-09-22T06:52:07.211+0000][67][gc,age      ] GC(19) Desired survivor size 18874368 bytes, new threshold 15 (max threshold 15)
[2025-09-22T06:52:07.225+0000][67][gc,phases   ] GC(19)   Pre Evacuate Collection Set: 0.2ms
[2025-09-22T06:52:07.225+0000][67][gc,phases   ] GC(19)   Merge Heap Roots: 0.1ms
[2025-09-22T06:52:07.225+0000][67][gc,phases   ] GC(19)   Evacuate Collection Set: 10.7ms
[2025-09-22T06:52:07.225+0000][67][gc,phases   ] GC(19)   Post Evacuate Collection Set: 2.6ms
[2025-09-22T06:52:07.225+0000][67][gc,phases   ] GC(19)   Other: 0.4ms
[2025-09-22T06:52:07.225+0000][67][gc,age      ] GC(19) Age table with threshold 15 (max threshold 15)
[2025-09-22T06:52:07.225+0000][67][gc,age      ] GC(19) - age   1:    1008520 bytes,    1008520 total
[2025-09-22T06:52:07.225+0000][67][gc,age      ] GC(19) - age   2:    1396432 bytes,    2404952 total
[2025-09-22T06:52:07.225+0000][67][gc,age      ] GC(19) - age   3:    3063776 bytes,    5468728 total
[2025-09-22T06:52:07.225+0000][67][gc,age      ] GC(19) - age   4:    5147272 bytes,   10616000 total
[2025-09-22T06:52:07.225+0000][67][gc,heap     ] GC(19) Eden regions: 66->0(69)
[2025-09-22T06:52:07.225+0000][67][gc,heap     ] GC(19) Survivor regions: 4->3(9)
[2025-09-22T06:52:07.225+0000][67][gc,heap     ] GC(19) Old regions: 23->23
[2025-09-22T06:52:07.225+0000][67][gc,heap     ] GC(19) Archive regions: 2->2
[2025-09-22T06:52:07.225+0000][67][gc,heap     ] GC(19) Humongous regions: 4->4
[2025-09-22T06:52:07.225+0000][67][gc,metaspace] GC(19) Metaspace: 133553K(137088K)->133553K(137088K) NonClass: 115953K(117760K)->115953K(117760K) Class: 17600K(19328K)->17600K(19328K)
[2025-09-22T06:52:07.225+0000][67][gc          ] GC(19) Pause Young (Normal) (G1 Evacuation Pause) 385M->119M(512M) 14.946ms
[2025-09-22T06:52:07.225+0000][67][gc,cpu      ] GC(19) User=0.09s Sys=0.00s Real=0.02s
[2025-09-22T06:52:07.225+0000][67][safepoint   ] Safepoint "G1CollectForAllocation", Time since last: 940252834 ns, Reaching safepoint: 111916 ns, At safepoint: 15110292 ns, Total: 15222208 ns
[2025-09-22T06:52:08.227+0000][67][safepoint   ] Safepoint "Cleanup", Time since last: 1000869334 ns, Reaching safepoint: 308125 ns, At safepoint: 15916 ns, Total: 324041 ns
[2025-09-22T06:52:09.228+0000][67][safepoint   ] Safepoint "Cleanup", Time since last: 1001352542 ns, Reaching safepoint: 418125 ns, At safepoint: 18250 ns, Total: 436375 ns
[2025-09-22T06:52:10.232+0000][67][safepoint   ] Safepoint "Cleanup", Time since last: 1002980668 ns, Reaching safepoint: 246875 ns, At safepoint: 8375 ns, Total: 255250 ns
[2025-09-22T06:52:11.233+0000][67][safepoint   ] Safepoint "Cleanup", Time since last: 1000631542 ns, Reaching safepoint: 252500 ns, At safepoint: 9375 ns, Total: 261875 ns
[2025-09-22T06:52:12.235+0000][67][safepoint   ] Safepoint "Cleanup", Time since last: 1002133834 ns, Reaching safepoint: 235208 ns, At safepoint: 8958 ns, Total: 244166 ns
[2025-09-22T06:52:13.236+0000][67][safepoint   ] Safepoint "Cleanup", Time since last: 1001273001 ns, Reaching safepoint: 107083 ns, At safepoint: 12125 ns, Total: 119208 ns
[2025-09-22T06:52:14.238+0000][67][safepoint   ] Safepoint "Cleanup", Time since last: 1001838542 ns, Reaching safepoint: 224584 ns, At safepoint: 12375 ns, Total: 236959 ns
[2025-09-22T06:52:18.244+0000][67][safepoint   ] Safepoint "Cleanup", Time since last: 4004952376 ns, Reaching safepoint: 423959 ns, At safepoint: 18416 ns, Total: 442375 ns
[2025-09-22T06:52:19.245+0000][67][safepoint   ] Safepoint "Cleanup", Time since last: 1001398084 ns, Reaching safepoint: 64042 ns, At safepoint: 2375 ns, Total: 66417 ns
[2025-09-22T06:52:20.246+0000][67][safepoint   ] Safepoint "Cleanup", Time since last: 1000535417 ns, Reaching safepoint: 342792 ns, At safepoint: 59750 ns, Total: 402542 ns
[2025-09-22T06:52:21.248+0000][67][safepoint   ] Safepoint "Cleanup", Time since last: 1001673584 ns, Reaching safepoint: 535208 ns, At safepoint: 18208 ns, Total: 553416 ns
[2025-09-22T06:52:22.250+0000][67][safepoint   ] Safepoint "Cleanup", Time since last: 1000965667 ns, Reaching safepoint: 202584 ns, At safepoint: 10833 ns, Total: 213417 ns
[2025-09-22T06:52:25.256+0000][67][safepoint   ] Safepoint "Cleanup", Time since last: 3006037918 ns, Reaching safepoint: 155667 ns, At safepoint: 4458 ns, Total: 160125 ns
[2025-09-22T06:52:26.256+0000][67][safepoint   ] Safepoint "Cleanup", Time since last: 1000620209 ns, Reaching safepoint: 76917 ns, At safepoint: 3833 ns, Total: 80750 ns
[2025-09-22T06:52:28.259+0000][67][safepoint   ] Safepoint "Cleanup", Time since last: 2002045918 ns, Reaching safepoint: 178166 ns, At safepoint: 6834 ns, Total: 185000 ns
[2025-09-22T06:52:30.261+0000][67][safepoint   ] Safepoint "Cleanup", Time since last: 2001509709 ns, Reaching safepoint: 292583 ns, At safepoint: 14792 ns, Total: 307375 ns
[2025-09-22T06:52:31.261+0000][67][safepoint   ] Safepoint "Cleanup", Time since last: 1000910500 ns, Reaching safepoint: 57500 ns, At safepoint: 3459 ns, Total: 60959 ns
[2025-09-22T06:52:32.263+0000][67][safepoint   ] Safepoint "Cleanup", Time since last: 1001342583 ns, Reaching safepoint: 245459 ns, At safepoint: 10500 ns, Total: 255959 ns
[2025-09-22T06:52:33.265+0000][67][safepoint   ] Safepoint "Cleanup", Time since last: 1001276167 ns, Reaching safepoint: 253583 ns, At safepoint: 16625 ns, Total: 270208 ns
[2025-09-22T06:52:34.267+0000][67][safepoint   ] Safepoint "Cleanup", Time since last: 1001817709 ns, Reaching safepoint: 100625 ns, At safepoint: 4292 ns, Total: 104917 ns
[2025-09-22T06:52:36.269+0000][67][safepoint   ] Safepoint "Cleanup", Time since last: 2002454667 ns, Reaching safepoint: 243125 ns, At safepoint: 15500 ns, Total: 258625 ns
[2025-09-22T06:52:37.271+0000][67][safepoint   ] Safepoint "Cleanup", Time since last: 1001027792 ns, Reaching safepoint: 107500 ns, At safepoint: 5667 ns, Total: 113167 ns
[2025-09-22T06:52:38.272+0000][67][safepoint   ] Safepoint "Cleanup", Time since last: 1001422875 ns, Reaching safepoint: 313833 ns, At safepoint: 15709 ns, Total: 329542 ns
[2025-09-22T06:52:40.276+0000][67][safepoint   ] Safepoint "Cleanup", Time since last: 2003351959 ns, Reaching safepoint: 593875 ns, At safepoint: 99583 ns, Total: 693458 ns
[2025-09-22T06:52:41.278+0000][67][safepoint   ] Safepoint "Cleanup", Time since last: 1001423709 ns, Reaching safepoint: 407333 ns, At safepoint: 16917 ns, Total: 424250 ns
[2025-09-22T06:52:43.280+0000][67][safepoint   ] Safepoint "Cleanup", Time since last: 2002109001 ns, Reaching safepoint: 70500 ns, At safepoint: 2875 ns, Total: 73375 ns
[2025-09-22T06:52:44.282+0000][67][safepoint   ] Safepoint "Cleanup", Time since last: 1001488667 ns, Reaching safepoint: 367125 ns, At safepoint: 66667 ns, Total: 433792 ns
[2025-09-22T06:52:45.284+0000][67][safepoint   ] Safepoint "Cleanup", Time since last: 1001137250 ns, Reaching safepoint: 546584 ns, At safepoint: 17291 ns, Total: 563875 ns
[2025-09-22T06:52:46.286+0000][67][safepoint   ] Safepoint "Cleanup", Time since last: 1002040584 ns, Reaching safepoint: 182417 ns, At safepoint: 7542 ns, Total: 189959 ns
[2025-09-22T06:52:48.290+0000][67][safepoint   ] Safepoint "Cleanup", Time since last: 2002802000 ns, Reaching safepoint: 400125 ns, At safepoint: 15834 ns, Total: 415959 ns
[2025-09-22T06:52:49.291+0000][67][safepoint   ] Safepoint "Cleanup", Time since last: 1001091209 ns, Reaching safepoint: 143375 ns, At safepoint: 4666 ns, Total: 148041 ns
[2025-09-22T06:52:50.292+0000][67][safepoint   ] Safepoint "Cleanup", Time since last: 1000852709 ns, Reaching safepoint: 510208 ns, At safepoint: 14500 ns, Total: 524708 ns
[2025-09-22T06:52:52.295+0000][67][safepoint   ] Safepoint "Cleanup", Time since last: 2002413835 ns, Reaching safepoint: 81166 ns, At safepoint: 3250 ns, Total: 84416 ns
[2025-09-22T06:52:55.297+0000][67][safepoint   ] Safepoint "Cleanup", Time since last: 3002729793 ns, Reaching safepoint: 54834 ns, At safepoint: 1916 ns, Total: 56750 ns
[2025-09-22T06:52:58.301+0000][67][safepoint   ] Safepoint "Cleanup", Time since last: 3003092960 ns, Reaching safepoint: 393959 ns, At safepoint: 19000 ns, Total: 412959 ns
[2025-09-22T06:53:01.307+0000][67][safepoint   ] Safepoint "Cleanup", Time since last: 3004798918 ns, Reaching safepoint: 879708 ns, At safepoint: 9000 ns, Total: 888708 ns
[2025-09-22T06:53:02.308+0000][67][safepoint   ] Safepoint "Cleanup", Time since last: 1001240375 ns, Reaching safepoint: 235625 ns, At safepoint: 13750 ns, Total: 249375 ns
[2025-09-22T06:53:03.317+0000][67][safepoint   ] Safepoint "Cleanup", Time since last: 1002265501 ns, Reaching safepoint: 6154125 ns, At safepoint: 26417 ns, Total: 6180542 ns
[2025-09-22T06:53:04.319+0000][67][safepoint   ] Safepoint "Cleanup", Time since last: 1001519000 ns, Reaching safepoint: 409250 ns, At safepoint: 16000 ns, Total: 425250 ns
[2025-09-22T06:53:05.321+0000][67][safepoint   ] Safepoint "Cleanup", Time since last: 1001327166 ns, Reaching safepoint: 300917 ns, At safepoint: 20750 ns, Total: 321667 ns
[2025-09-22T06:53:06.323+0000][67][safepoint   ] Safepoint "Cleanup", Time since last: 1001979959 ns, Reaching safepoint: 251083 ns, At safepoint: 9042 ns, Total: 260125 ns
[2025-09-22T06:53:07.325+0000][67][safepoint   ] Safepoint "Cleanup", Time since last: 1001604917 ns, Reaching safepoint: 84125 ns, At safepoint: 6125 ns, Total: 90250 ns
[2025-09-22T06:53:08.326+0000][67][safepoint   ] Safepoint "Cleanup", Time since last: 1000623500 ns, Reaching safepoint: 236959 ns, At safepoint: 15750 ns, Total: 252709 ns
[2025-09-22T06:53:10.329+0000][67][safepoint   ] Safepoint "Cleanup", Time since last: 2002854042 ns, Reaching safepoint: 208500 ns, At safepoint: 7459 ns, Total: 215959 ns
[2025-09-22T06:53:11.331+0000][67][safepoint   ] Safepoint "Cleanup", Time since last: 1002362750 ns, Reaching safepoint: 417583 ns, At safepoint: 15375 ns, Total: 432958 ns
[2025-09-22T06:53:13.334+0000][67][safepoint   ] Safepoint "Cleanup", Time since last: 2002784751 ns, Reaching safepoint: 134500 ns, At safepoint: 6125 ns, Total: 140625 ns
[2025-09-22T06:53:14.336+0000][67][safepoint   ] Safepoint "Cleanup", Time since last: 1000877376 ns, Reaching safepoint: 551958 ns, At safepoint: 19209 ns, Total: 571167 ns
[2025-09-22T06:53:16.339+0000][67][safepoint   ] Safepoint "Cleanup", Time since last: 2002529417 ns, Reaching safepoint: 206709 ns, At safepoint: 13708 ns, Total: 220417 ns
[2025-09-22T06:53:19.343+0000][67][safepoint   ] Safepoint "Cleanup", Time since last: 3004172043 ns, Reaching safepoint: 126000 ns, At safepoint: 4917 ns, Total: 130917 ns
[2025-09-22T06:53:20.345+0000][67][safepoint   ] Safepoint "Cleanup", Time since last: 1002008208 ns, Reaching safepoint: 438500 ns, At safepoint: 16000 ns, Total: 454500 ns
[2025-09-22T06:53:22.347+0000][67][safepoint   ] Safepoint "Cleanup", Time since last: 2001786418 ns, Reaching safepoint: 304792 ns, At safepoint: 16083 ns, Total: 320875 ns
[2025-09-22T06:53:25.351+0000][67][safepoint   ] Safepoint "Cleanup", Time since last: 3003468043 ns, Reaching safepoint: 114792 ns, At safepoint: 5041 ns, Total: 119833 ns
[2025-09-22T06:53:26.352+0000][67][safepoint   ] Safepoint "Cleanup", Time since last: 1001131918 ns, Reaching safepoint: 213541 ns, At safepoint: 8792 ns, Total: 222333 ns
[2025-09-22T06:53:28.218+0000][67][safepoint   ] Safepoint "Cleanup", Time since last: 1865163751 ns, Reaching safepoint: 94875 ns, At safepoint: 6792 ns, Total: 101667 ns
[2025-09-22T06:53:29.219+0000][67][safepoint   ] Safepoint "Cleanup", Time since last: 1001101625 ns, Reaching safepoint: 669292 ns, At safepoint: 31166 ns, Total: 700458 ns
[2025-09-22T06:53:30.220+0000][67][safepoint   ] Safepoint "Cleanup", Time since last: 1000782667 ns, Reaching safepoint: 202625 ns, At safepoint: 21542 ns, Total: 224167 ns
[2025-09-22T06:53:31.223+0000][67][safepoint   ] Safepoint "Cleanup", Time since last: 1001578751 ns, Reaching safepoint: 1326166 ns, At safepoint: 51500 ns, Total: 1377666 ns
[2025-09-22T06:53:32.225+0000][67][safepoint   ] Safepoint "Cleanup", Time since last: 1000949584 ns, Reaching safepoint: 359667 ns, At safepoint: 16416 ns, Total: 376083 ns
[2025-09-22T06:53:33.226+0000][67][safepoint   ] Safepoint "Cleanup", Time since last: 1001445668 ns, Reaching safepoint: 90083 ns, At safepoint: 5292 ns, Total: 95375 ns
[2025-09-22T06:53:34.227+0000][67][safepoint   ] Safepoint "Cleanup", Time since last: 1000712125 ns, Reaching safepoint: 132292 ns, At safepoint: 4708 ns, Total: 137000 ns
[2025-09-22T06:53:36.230+0000][67][safepoint   ] Safepoint "Cleanup", Time since last: 2002058500 ns, Reaching safepoint: 445042 ns, At safepoint: 25833 ns, Total: 470875 ns
[2025-09-22T06:53:37.232+0000][67][safepoint   ] Safepoint "Cleanup", Time since last: 1001373376 ns, Reaching safepoint: 140792 ns, At safepoint: 22583 ns, Total: 163375 ns
[2025-09-22T06:53:38.233+0000][67][safepoint   ] Safepoint "Cleanup", Time since last: 1001271875 ns, Reaching safepoint: 330959 ns, At safepoint: 35791 ns, Total: 366750 ns
[2025-09-22T06:53:41.238+0000][67][safepoint   ] Safepoint "Cleanup", Time since last: 3003601793 ns, Reaching safepoint: 797959 ns, At safepoint: 25125 ns, Total: 823084 ns
[2025-09-22T06:53:43.241+0000][67][safepoint   ] Safepoint "Cleanup", Time since last: 2003742584 ns, Reaching safepoint: 99042 ns, At safepoint: 10416 ns, Total: 109458 ns
[2025-09-22T06:53:44.244+0000][67][safepoint   ] Safepoint "Cleanup", Time since last: 1001616501 ns, Reaching safepoint: 624708 ns, At safepoint: 42125 ns, Total: 666833 ns
[2025-09-22T06:53:46.247+0000][67][safepoint   ] Safepoint "Cleanup", Time since last: 2002646876 ns, Reaching safepoint: 123125 ns, At safepoint: 13917 ns, Total: 137042 ns
[2025-09-22T06:53:46.272+0000][67][gc,start    ] GC(20) Pause Young (Normal) (G1 Evacuation Pause)
[2025-09-22T06:53:46.272+0000][67][gc,task     ] GC(20) Using 8 workers of 8 for evacuation
[2025-09-22T06:53:46.273+0000][67][gc,age      ] GC(20) Desired survivor size 18874368 bytes, new threshold 15 (max threshold 15)
[2025-09-22T06:53:46.291+0000][67][gc,phases   ] GC(20)   Pre Evacuate Collection Set: 0.4ms
[2025-09-22T06:53:46.291+0000][67][gc,phases   ] GC(20)   Merge Heap Roots: 0.2ms
[2025-09-22T06:53:46.291+0000][67][gc,phases   ] GC(20)   Evacuate Collection Set: 16.6ms
[2025-09-22T06:53:46.292+0000][67][gc,phases   ] GC(20)   Post Evacuate Collection Set: 1.5ms
[2025-09-22T06:53:46.292+0000][67][gc,phases   ] GC(20)   Other: 0.3ms
[2025-09-22T06:53:46.292+0000][67][gc,age      ] GC(20) Age table with threshold 15 (max threshold 15)
[2025-09-22T06:53:46.292+0000][67][gc,age      ] GC(20) - age   1:    1146576 bytes,    1146576 total
[2025-09-22T06:53:46.292+0000][67][gc,age      ] GC(20) - age   2:     519744 bytes,    1666320 total
[2025-09-22T06:53:46.292+0000][67][gc,age      ] GC(20) - age   3:    1144656 bytes,    2810976 total
[2025-09-22T06:53:46.292+0000][67][gc,age      ] GC(20) - age   4:    2923856 bytes,    5734832 total
[2025-09-22T06:53:46.292+0000][67][gc,age      ] GC(20) - age   5:    4986544 bytes,   10721376 total
[2025-09-22T06:53:46.292+0000][67][gc,heap     ] GC(20) Eden regions: 69->0(70)
[2025-09-22T06:53:46.292+0000][67][gc,heap     ] GC(20) Survivor regions: 3->3(9)
[2025-09-22T06:53:46.292+0000][67][gc,heap     ] GC(20) Old regions: 23->23
[2025-09-22T06:53:46.292+0000][67][gc,heap     ] GC(20) Archive regions: 2->2
[2025-09-22T06:53:46.292+0000][67][gc,heap     ] GC(20) Humongous regions: 4->4
[2025-09-22T06:53:46.292+0000][67][gc,metaspace] GC(20) Metaspace: 134533K(138048K)->134533K(138048K) NonClass: 116929K(118720K)->116929K(118720K) Class: 17603K(19328K)->17603K(19328K)
[2025-09-22T06:53:46.292+0000][67][gc          ] GC(20) Pause Young (Normal) (G1 Evacuation Pause) 395M->119M(512M) 19.842ms
[2025-09-22T06:53:46.292+0000][67][gc,cpu      ] GC(20) User=0.13s Sys=0.00s Real=0.02s
[2025-09-22T06:53:46.292+0000][67][safepoint   ] Safepoint "G1CollectForAllocation", Time since last: 25554500 ns, Reaching safepoint: 66541 ns, At safepoint: 20040667 ns, Total: 20107208 ns
[2025-09-22T06:53:47.905+0000][67][safepoint   ] Safepoint "Cleanup", Time since last: 1611729668 ns, Reaching safepoint: 597541 ns, At safepoint: 16625 ns, Total: 614166 ns
[2025-09-22T06:53:49.908+0000][67][safepoint   ] Safepoint "Cleanup", Time since last: 2003047293 ns, Reaching safepoint: 332458 ns, At safepoint: 18959 ns, Total: 351417 ns
[2025-09-22T06:53:50.910+0000][67][safepoint   ] Safepoint "Cleanup", Time since last: 1001860125 ns, Reaching safepoint: 142833 ns, At safepoint: 9792 ns, Total: 152625 ns
[2025-09-22T06:53:52.912+0000][67][safepoint   ] Safepoint "Cleanup", Time since last: 2001431543 ns, Reaching safepoint: 197125 ns, At safepoint: 20500 ns, Total: 217625 ns
[2025-09-22T06:53:55.915+0000][67][safepoint   ] Safepoint "Cleanup", Time since last: 3002958709 ns, Reaching safepoint: 333209 ns, At safepoint: 17541 ns, Total: 350750 ns
[2025-09-22T06:53:58.919+0000][67][safepoint   ] Safepoint "Cleanup", Time since last: 3003757252 ns, Reaching safepoint: 298250 ns, At safepoint: 16542 ns, Total: 314792 ns
[2025-09-22T06:53:59.921+0000][67][safepoint   ] Safepoint "Cleanup", Time since last: 1001500708 ns, Reaching safepoint: 279875 ns, At safepoint: 13625 ns, Total: 293500 ns
[2025-09-22T06:54:00.922+0000][67][safepoint   ] Safepoint "Cleanup", Time since last: 1000898876 ns, Reaching safepoint: 462958 ns, At safepoint: 17750 ns, Total: 480708 ns
[2025-09-22T06:54:01.925+0000][67][safepoint   ] Safepoint "Cleanup", Time since last: 1001989709 ns, Reaching safepoint: 323750 ns, At safepoint: 19375 ns, Total: 343125 ns
[2025-09-22T06:54:02.927+0000][67][safepoint   ] Safepoint "Cleanup", Time since last: 1002027459 ns, Reaching safepoint: 287458 ns, At safepoint: 16750 ns, Total: 304208 ns
[2025-09-22T06:54:03.928+0000][67][safepoint   ] Safepoint "Cleanup", Time since last: 1000603626 ns, Reaching safepoint: 215500 ns, At safepoint: 11541 ns, Total: 227041 ns
[2025-09-22T06:54:04.929+0000][67][safepoint   ] Safepoint "Cleanup", Time since last: 1000932416 ns, Reaching safepoint: 508292 ns, At safepoint: 24000 ns, Total: 532292 ns
[2025-09-22T06:54:05.937+0000][67][safepoint   ] Safepoint "Cleanup", Time since last: 1001722209 ns, Reaching safepoint: 6207250 ns, At safepoint: 22292 ns, Total: 6229542 ns
[2025-09-22T06:54:07.942+0000][67][safepoint   ] Safepoint "Cleanup", Time since last: 2004213917 ns, Reaching safepoint: 263542 ns, At safepoint: 13250 ns, Total: 276792 ns
[2025-09-22T06:54:10.947+0000][67][safepoint   ] Safepoint "Cleanup", Time since last: 3004785293 ns, Reaching safepoint: 367667 ns, At safepoint: 16166 ns, Total: 383833 ns
[2025-09-22T06:54:12.949+0000][67][safepoint   ] Safepoint "Cleanup", Time since last: 2002158460 ns, Reaching safepoint: 307083 ns, At safepoint: 11792 ns, Total: 318875 ns
[2025-09-22T06:54:13.953+0000][67][safepoint   ] Safepoint "Cleanup", Time since last: 1003170833 ns, Reaching safepoint: 305709 ns, At safepoint: 18541 ns, Total: 324250 ns
[2025-09-22T06:54:16.957+0000][67][safepoint   ] Safepoint "Cleanup", Time since last: 3003173877 ns, Reaching safepoint: 446708 ns, At safepoint: 16417 ns, Total: 463125 ns
[2025-09-22T06:54:17.960+0000][67][safepoint   ] Safepoint "Cleanup", Time since last: 1002502167 ns, Reaching safepoint: 662917 ns, At safepoint: 14166 ns, Total: 677083 ns
[2025-09-22T06:54:19.963+0000][67][safepoint   ] Safepoint "Cleanup", Time since last: 2002968751 ns, Reaching safepoint: 56792 ns, At safepoint: 3208 ns, Total: 60000 ns
[2025-09-22T06:54:22.966+0000][67][safepoint   ] Safepoint "Cleanup", Time since last: 3003044877 ns, Reaching safepoint: 289291 ns, At safepoint: 8625 ns, Total: 297916 ns
[2025-09-22T06:54:25.971+0000][67][safepoint   ] Safepoint "Cleanup", Time since last: 3004626043 ns, Reaching safepoint: 191542 ns, At safepoint: 7750 ns, Total: 199292 ns
[2025-09-22T06:54:28.975+0000][67][safepoint   ] Safepoint "Cleanup", Time since last: 3003758543 ns, Reaching safepoint: 381125 ns, At safepoint: 17542 ns, Total: 398667 ns
[2025-09-22T06:54:29.977+0000][67][safepoint   ] Safepoint "Cleanup", Time since last: 1001629584 ns, Reaching safepoint: 398000 ns, At safepoint: 72875 ns, Total: 470875 ns
[2025-09-22T06:54:31.981+0000][67][safepoint   ] Safepoint "Cleanup", Time since last: 2003710917 ns, Reaching safepoint: 293292 ns, At safepoint: 17708 ns, Total: 311000 ns
[2025-09-22T06:54:32.982+0000][67][safepoint   ] Safepoint "Cleanup", Time since last: 1000845709 ns, Reaching safepoint: 179042 ns, At safepoint: 9416 ns, Total: 188458 ns
[2025-09-22T06:54:34.291+0000][67][safepoint   ] Safepoint "Cleanup", Time since last: 1307798501 ns, Reaching safepoint: 619083 ns, At safepoint: 21542 ns, Total: 640625 ns
[2025-09-22T06:54:35.293+0000][67][safepoint   ] Safepoint "Cleanup", Time since last: 1001145917 ns, Reaching safepoint: 389500 ns, At safepoint: 13083 ns, Total: 402583 ns
[2025-09-22T06:54:37.296+0000][67][safepoint   ] Safepoint "Cleanup", Time since last: 2002585168 ns, Reaching safepoint: 223750 ns, At safepoint: 8833 ns, Total: 232583 ns
[2025-09-22T06:54:38.297+0000][67][safepoint   ] Safepoint "Cleanup", Time since last: 1001009375 ns, Reaching safepoint: 283125 ns, At safepoint: 13042 ns, Total: 296167 ns
[2025-09-22T06:54:40.299+0000][67][safepoint   ] Safepoint "Cleanup", Time since last: 2002206126 ns, Reaching safepoint: 84542 ns, At safepoint: 4041 ns, Total: 88583 ns
[2025-09-22T06:54:41.301+0000][67][safepoint   ] Safepoint "Cleanup", Time since last: 1001455417 ns, Reaching safepoint: 47000 ns, At safepoint: 1792 ns, Total: 48792 ns
[2025-09-22T06:54:43.303+0000][67][safepoint   ] Safepoint "Cleanup", Time since last: 2002303251 ns, Reaching safepoint: 171625 ns, At safepoint: 5333 ns, Total: 176958 ns
[2025-09-22T06:54:46.307+0000][67][safepoint   ] Safepoint "Cleanup", Time since last: 3003845794 ns, Reaching safepoint: 168083 ns, At safepoint: 9167 ns, Total: 177250 ns
[2025-09-22T06:54:47.309+0000][67][safepoint   ] Safepoint "Cleanup", Time since last: 1001097708 ns, Reaching safepoint: 362125 ns, At safepoint: 18209 ns, Total: 380334 ns
[2025-09-22T06:54:48.310+0000][67][safepoint   ] Safepoint "Cleanup", Time since last: 1000711333 ns, Reaching safepoint: 282542 ns, At safepoint: 32458 ns, Total: 315000 ns
[2025-09-22T06:54:49.310+0000][67][safepoint   ] Safepoint "Cleanup", Time since last: 1000590001 ns, Reaching safepoint: 167333 ns, At safepoint: 27417 ns, Total: 194750 ns
[2025-09-22T06:54:51.313+0000][67][safepoint   ] Safepoint "Cleanup", Time since last: 2001984709 ns, Reaching safepoint: 368584 ns, At safepoint: 19750 ns, Total: 388334 ns
[2025-09-22T06:54:52.314+0000][67][safepoint   ] Safepoint "Cleanup", Time since last: 1001518167 ns, Reaching safepoint: 77250 ns, At safepoint: 11958 ns, Total: 89208 ns
[2025-09-22T06:54:53.316+0000][67][safepoint   ] Safepoint "Cleanup", Time since last: 1001019667 ns, Reaching safepoint: 210584 ns, At safepoint: 27625 ns, Total: 238209 ns
[2025-09-22T06:54:55.319+0000][67][safepoint   ] Safepoint "Cleanup", Time since last: 2002745917 ns, Reaching safepoint: 187917 ns, At safepoint: 10416 ns, Total: 198333 ns
[2025-09-22T06:54:58.322+0000][67][safepoint   ] Safepoint "Cleanup", Time since last: 3003139919 ns, Reaching safepoint: 99125 ns, At safepoint: 4250 ns, Total: 103375 ns
[2025-09-22T06:54:59.324+0000][67][safepoint   ] Safepoint "Cleanup", Time since last: 1001702667 ns, Reaching safepoint: 113750 ns, At safepoint: 11875 ns, Total: 125625 ns
[2025-09-22T06:55:00.326+0000][67][safepoint   ] Safepoint "Cleanup", Time since last: 1001546084 ns, Reaching safepoint: 448000 ns, At safepoint: 24291 ns, Total: 472291 ns
[2025-09-22T06:55:01.329+0000][67][safepoint   ] Safepoint "Cleanup", Time since last: 1002772334 ns, Reaching safepoint: 57958 ns, At safepoint: 3000 ns, Total: 60958 ns
[2025-09-22T06:55:04.334+0000][67][safepoint   ] Safepoint "Cleanup", Time since last: 3005554210 ns, Reaching safepoint: 91000 ns, At safepoint: 3583 ns, Total: 94583 ns
[2025-09-22T06:55:06.337+0000][67][safepoint   ] Safepoint "Cleanup", Time since last: 2002503875 ns, Reaching safepoint: 345334 ns, At safepoint: 18750 ns, Total: 364084 ns
[2025-09-22T06:55:07.340+0000][67][safepoint   ] Safepoint "Cleanup", Time since last: 1002639250 ns, Reaching safepoint: 155084 ns, At safepoint: 5041 ns, Total: 160125 ns
[2025-09-22T06:55:10.343+0000][67][safepoint   ] Safepoint "Cleanup", Time since last: 3003253252 ns, Reaching safepoint: 81666 ns, At safepoint: 2750 ns, Total: 84416 ns
[2025-09-22T06:55:11.346+0000][67][safepoint   ] Safepoint "Cleanup", Time since last: 1002083459 ns, Reaching safepoint: 71625 ns, At safepoint: 1875 ns, Total: 73500 ns
[2025-09-22T06:55:13.349+0000][67][safepoint   ] Safepoint "Cleanup", Time since last: 2003439251 ns, Reaching safepoint: 164333 ns, At safepoint: 6667 ns, Total: 171000 ns
[2025-09-22T06:55:15.353+0000][67][safepoint   ] Safepoint "Cleanup", Time since last: 2003533668 ns, Reaching safepoint: 204833 ns, At safepoint: 8083 ns, Total: 212916 ns
[2025-09-22T06:55:16.354+0000][67][safepoint   ] Safepoint "Cleanup", Time since last: 1000599918 ns, Reaching safepoint: 48916 ns, At safepoint: 3250 ns, Total: 52166 ns
[2025-09-22T06:55:17.355+0000][67][safepoint   ] Safepoint "Cleanup", Time since last: 1001379167 ns, Reaching safepoint: 522917 ns, At safepoint: 29583 ns, Total: 552500 ns
[2025-09-22T06:55:18.357+0000][67][safepoint   ] Safepoint "Cleanup", Time since last: 1000917751 ns, Reaching safepoint: 357625 ns, At safepoint: 28291 ns, Total: 385916 ns
[2025-09-22T06:55:19.359+0000][67][safepoint   ] Safepoint "Cleanup", Time since last: 1001748043 ns, Reaching safepoint: 245750 ns, At safepoint: 13250 ns, Total: 259000 ns
[2025-09-22T06:55:22.363+0000][67][safepoint   ] Safepoint "Cleanup", Time since last: 3002428793 ns, Reaching safepoint: 1276791 ns, At safepoint: 16167 ns, Total: 1292958 ns
[2025-09-22T06:55:23.364+0000][67][safepoint   ] Safepoint "Cleanup", Time since last: 1000994917 ns, Reaching safepoint: 397042 ns, At safepoint: 31583 ns, Total: 428625 ns
[2025-09-22T06:55:28.308+0000][67][gc,start    ] GC(21) Pause Young (Normal) (G1 Evacuation Pause)
[2025-09-22T06:55:28.308+0000][67][gc,task     ] GC(21) Using 8 workers of 8 for evacuation
[2025-09-22T06:55:28.309+0000][67][gc,age      ] GC(21) Desired survivor size 20971520 bytes, new threshold 15 (max threshold 15)
[2025-09-22T06:55:28.327+0000][67][gc,phases   ] GC(21)   Pre Evacuate Collection Set: 0.3ms
[2025-09-22T06:55:28.327+0000][67][gc,phases   ] GC(21)   Merge Heap Roots: 0.2ms
[2025-09-22T06:55:28.327+0000][67][gc,phases   ] GC(21)   Evacuate Collection Set: 16.5ms
[2025-09-22T06:55:28.327+0000][67][gc,phases   ] GC(21)   Post Evacuate Collection Set: 1.1ms
[2025-09-22T06:55:28.327+0000][67][gc,phases   ] GC(21)   Other: 0.3ms
[2025-09-22T06:55:28.327+0000][67][gc,age      ] GC(21) Age table with threshold 15 (max threshold 15)
[2025-09-22T06:55:28.327+0000][67][gc,age      ] GC(21) - age   1:     995400 bytes,     995400 total
[2025-09-22T06:55:28.327+0000][67][gc,age      ] GC(21) - age   2:     388696 bytes,    1384096 total
[2025-09-22T06:55:28.327+0000][67][gc,age      ] GC(21) - age   3:     518984 bytes,    1903080 total
[2025-09-22T06:55:28.327+0000][67][gc,age      ] GC(21) - age   4:    1143832 bytes,    3046912 total
[2025-09-22T06:55:28.327+0000][67][gc,age      ] GC(21) - age   5:    2923104 bytes,    5970016 total
[2025-09-22T06:55:28.327+0000][67][gc,age      ] GC(21) - age   6:    4986544 bytes,   10956560 total
[2025-09-22T06:55:28.327+0000][67][gc,heap     ] GC(21) Eden regions: 70->0(71)
[2025-09-22T06:55:28.327+0000][67][gc,heap     ] GC(21) Survivor regions: 3->3(10)
[2025-09-22T06:55:28.328+0000][67][gc,heap     ] GC(21) Old regions: 23->23
[2025-09-22T06:55:28.328+0000][67][gc,heap     ] GC(21) Archive regions: 2->2
[2025-09-22T06:55:28.328+0000][67][gc,heap     ] GC(21) Humongous regions: 4->4
[2025-09-22T06:55:28.328+0000][67][gc,metaspace] GC(21) Metaspace: 135182K(138752K)->135182K(138752K) NonClass: 117577K(119424K)->117577K(119424K) Class: 17605K(19328K)->17605K(19328K)
[2025-09-22T06:55:28.328+0000][67][gc          ] GC(21) Pause Young (Normal) (G1 Evacuation Pause) 399M->120M(512M) 19.638ms
[2025-09-22T06:55:28.328+0000][67][gc,cpu      ] GC(21) User=0.12s Sys=0.00s Real=0.02s
[2025-09-22T06:55:28.328+0000][67][safepoint   ] Safepoint "G1CollectForAllocation", Time since last: 4943982711 ns, Reaching safepoint: 133458 ns, At safepoint: 19848292 ns, Total: 19981750 ns
[2025-09-22T06:55:29.331+0000][67][safepoint   ] Safepoint "Cleanup", Time since last: 1001423125 ns, Reaching safepoint: 1367500 ns, At safepoint: 51667 ns, Total: 1419167 ns
[2025-09-22T06:55:30.332+0000][67][safepoint   ] Safepoint "Cleanup", Time since last: 1000686917 ns, Reaching safepoint: 188417 ns, At safepoint: 20792 ns, Total: 209209 ns
[2025-09-22T06:55:31.334+0000][67][safepoint   ] Safepoint "Cleanup", Time since last: 1001868833 ns, Reaching safepoint: 173292 ns, At safepoint: 9333 ns, Total: 182625 ns
[2025-09-22T06:55:33.337+0000][67][safepoint   ] Safepoint "Cleanup", Time since last: 2003285043 ns, Reaching safepoint: 235125 ns, At safepoint: 8208 ns, Total: 243333 ns
[2025-09-22T06:55:34.339+0000][67][safepoint   ] Safepoint "Cleanup", Time since last: 1001494417 ns, Reaching safepoint: 113500 ns, At safepoint: 10167 ns, Total: 123667 ns
[2025-09-22T06:55:40.349+0000][67][safepoint   ] Safepoint "Cleanup", Time since last: 6009434252 ns, Reaching safepoint: 105167 ns, At safepoint: 26833 ns, Total: 132000 ns
[2025-09-22T06:55:41.350+0000][67][safepoint   ] Safepoint "Cleanup", Time since last: 1001087584 ns, Reaching safepoint: 307125 ns, At safepoint: 26875 ns, Total: 334000 ns
[2025-09-22T06:55:43.352+0000][67][safepoint   ] Safepoint "Cleanup", Time since last: 2001548084 ns, Reaching safepoint: 94000 ns, At safepoint: 4542 ns, Total: 98542 ns
[2025-09-22T06:55:45.358+0000][67][safepoint   ] Safepoint "Cleanup", Time since last: 2005659834 ns, Reaching safepoint: 458250 ns, At safepoint: 17459 ns, Total: 475709 ns
[2025-09-22T06:55:46.360+0000][67][safepoint   ] Safepoint "Cleanup", Time since last: 1001699709 ns, Reaching safepoint: 121375 ns, At safepoint: 4166 ns, Total: 125541 ns
[2025-09-22T06:55:47.361+0000][67][safepoint   ] Safepoint "Cleanup", Time since last: 1000961459 ns, Reaching safepoint: 287625 ns, At safepoint: 34458 ns, Total: 322083 ns
[2025-09-22T06:55:49.365+0000][67][safepoint   ] Safepoint "Cleanup", Time since last: 2003890085 ns, Reaching safepoint: 209833 ns, At safepoint: 16333 ns, Total: 226166 ns
[2025-09-22T06:55:52.375+0000][67][safepoint   ] Safepoint "Cleanup", Time since last: 3009884918 ns, Reaching safepoint: 100459 ns, At safepoint: 9416 ns, Total: 109875 ns
[2025-09-22T06:55:53.376+0000][67][safepoint   ] Safepoint "Cleanup", Time since last: 1000800751 ns, Reaching safepoint: 132667 ns, At safepoint: 23583 ns, Total: 156250 ns
[2025-09-22T06:55:55.380+0000][67][safepoint   ] Safepoint "Cleanup", Time since last: 2003902626 ns, Reaching safepoint: 325541 ns, At safepoint: 21709 ns, Total: 347250 ns
[2025-09-22T06:55:58.388+0000][67][safepoint   ] Safepoint "Cleanup", Time since last: 3007300335 ns, Reaching safepoint: 144541 ns, At safepoint: 4084 ns, Total: 148625 ns
[2025-09-22T06:56:00.394+0000][67][safepoint   ] Safepoint "Cleanup", Time since last: 2005171542 ns, Reaching safepoint: 1054750 ns, At safepoint: 31250 ns, Total: 1086000 ns
[2025-09-22T06:56:03.399+0000][67][safepoint   ] Safepoint "Cleanup", Time since last: 3004612502 ns, Reaching safepoint: 231833 ns, At safepoint: 8375 ns, Total: 240208 ns
[2025-09-22T06:56:04.400+0000][67][safepoint   ] Safepoint "Cleanup", Time since last: 1000902000 ns, Reaching safepoint: 164417 ns, At safepoint: 7417 ns, Total: 171834 ns
[2025-09-22T06:56:05.403+0000][67][safepoint   ] Safepoint "Cleanup", Time since last: 1002856958 ns, Reaching safepoint: 419459 ns, At safepoint: 27750 ns, Total: 447209 ns
[2025-09-22T06:56:07.406+0000][67][safepoint   ] Safepoint "Cleanup", Time since last: 2002672542 ns, Reaching safepoint: 294875 ns, At safepoint: 43209 ns, Total: 338084 ns
[2025-09-22T06:56:08.639+0000][67][safepoint   ] Safepoint "ICBufferFull", Time since last: 1231714000 ns, Reaching safepoint: 689750 ns, At safepoint: 38125 ns, Total: 727875 ns
[2025-09-22T06:56:08.662+0000][67][safepoint   ] Safepoint "ICBufferFull", Time since last: 20121375 ns, Reaching safepoint: 898459 ns, At safepoint: 2081833 ns, Total: 2980292 ns
[2025-09-22T06:56:08.664+0000][67][safepoint   ] Safepoint "ICBufferFull", Time since last: 1024125 ns, Reaching safepoint: 813875 ns, At safepoint: 26750 ns, Total: 840625 ns
[2025-09-22T06:56:08.665+0000][67][safepoint   ] Safepoint "ICBufferFull", Time since last: 563375 ns, Reaching safepoint: 426083 ns, At safepoint: 435667 ns, Total: 861750 ns
[2025-09-22T06:56:08.706+0000][67][safepoint   ] Safepoint "ICBufferFull", Time since last: 39459875 ns, Reaching safepoint: 1553292 ns, At safepoint: 44375 ns, Total: 1597667 ns
[2025-09-22T06:56:08.734+0000][67][safepoint   ] Safepoint "ICBufferFull", Time since last: 26422166 ns, Reaching safepoint: 1556875 ns, At safepoint: 7334 ns, Total: 1564209 ns
[2025-09-22T06:56:08.852+0000][67][safepoint   ] Safepoint "ICBufferFull", Time since last: 117525541 ns, Reaching safepoint: 341417 ns, At safepoint: 19458 ns, Total: 360875 ns
[2025-09-22T06:56:09.638+0000][67][safepoint   ] Safepoint "ICBufferFull", Time since last: 785603751 ns, Reaching safepoint: 625250 ns, At safepoint: 12458 ns, Total: 637708 ns
[2025-09-22T06:56:10.376+0000][67][safepoint   ] Safepoint "ICBufferFull", Time since last: 737626667 ns, Reaching safepoint: 265667 ns, At safepoint: 4791 ns, Total: 270458 ns
[2025-09-22T06:56:11.377+0000][67][safepoint   ] Safepoint "Cleanup", Time since last: 1000374084 ns, Reaching safepoint: 166042 ns, At safepoint: 5375 ns, Total: 171417 ns
[2025-09-22T06:56:12.378+0000][67][safepoint   ] Safepoint "Cleanup", Time since last: 1001204667 ns, Reaching safepoint: 218458 ns, At safepoint: 13500 ns, Total: 231958 ns
[2025-09-22T06:56:13.380+0000][67][safepoint   ] Safepoint "Cleanup", Time since last: 1001854751 ns, Reaching safepoint: 151708 ns, At safepoint: 4125 ns, Total: 155833 ns
[2025-09-22T06:56:16.388+0000][67][safepoint   ] Safepoint "Cleanup", Time since last: 3008335335 ns, Reaching safepoint: 62625 ns, At safepoint: 2750 ns, Total: 65375 ns
[2025-09-22T06:56:17.391+0000][67][safepoint   ] Safepoint "Cleanup", Time since last: 1001710250 ns, Reaching safepoint: 538667 ns, At safepoint: 17292 ns, Total: 555959 ns
[2025-09-22T06:56:18.392+0000][67][safepoint   ] Safepoint "Cleanup", Time since last: 1001125083 ns, Reaching safepoint: 186375 ns, At safepoint: 8917 ns, Total: 195292 ns
[2025-09-22T06:56:19.395+0000][67][safepoint   ] Safepoint "Cleanup", Time since last: 1002485126 ns, Reaching safepoint: 287666 ns, At safepoint: 18292 ns, Total: 305958 ns
[2025-09-22T06:56:22.401+0000][67][safepoint   ] Safepoint "Cleanup", Time since last: 3006468210 ns, Reaching safepoint: 118166 ns, At safepoint: 3042 ns, Total: 121208 ns
[2025-09-22T06:56:23.404+0000][67][safepoint   ] Safepoint "Cleanup", Time since last: 1002526459 ns, Reaching safepoint: 340000 ns, At safepoint: 14125 ns, Total: 354125 ns
[2025-09-22T06:56:25.407+0000][67][safepoint   ] Safepoint "Cleanup", Time since last: 2001946584 ns, Reaching safepoint: 532000 ns, At safepoint: 10334 ns, Total: 542334 ns
[2025-09-22T06:56:28.410+0000][67][safepoint   ] Safepoint "Cleanup", Time since last: 3003457793 ns, Reaching safepoint: 108083 ns, At safepoint: 5000 ns, Total: 113083 ns
[2025-09-22T06:56:28.857+0000][67][gc,start    ] GC(22) Pause Young (Normal) (G1 Evacuation Pause)
[2025-09-22T06:56:28.858+0000][67][gc,task     ] GC(22) Using 8 workers of 8 for evacuation
[2025-09-22T06:56:28.858+0000][67][gc,age      ] GC(22) Desired survivor size 20971520 bytes, new threshold 15 (max threshold 15)
[2025-09-22T06:56:28.882+0000][67][gc,phases   ] GC(22)   Pre Evacuate Collection Set: 0.5ms
[2025-09-22T06:56:28.882+0000][67][gc,phases   ] GC(22)   Merge Heap Roots: 0.3ms
[2025-09-22T06:56:28.882+0000][67][gc,phases   ] GC(22)   Evacuate Collection Set: 20.7ms
[2025-09-22T06:56:28.882+0000][67][gc,phases   ] GC(22)   Post Evacuate Collection Set: 1.9ms
[2025-09-22T06:56:28.883+0000][67][gc,phases   ] GC(22)   Other: 0.9ms
[2025-09-22T06:56:28.883+0000][67][gc,age      ] GC(22) Age table with threshold 15 (max threshold 15)
[2025-09-22T06:56:28.883+0000][67][gc,age      ] GC(22) - age   1:    3875040 bytes,    3875040 total
[2025-09-22T06:56:28.883+0000][67][gc,age      ] GC(22) - age   2:      34616 bytes,    3909656 total
[2025-09-22T06:56:28.883+0000][67][gc,age      ] GC(22) - age   3:     142896 bytes,    4052552 total
[2025-09-22T06:56:28.883+0000][67][gc,age      ] GC(22) - age   4:     484296 bytes,    4536848 total
[2025-09-22T06:56:28.883+0000][67][gc,age      ] GC(22) - age   5:     840096 bytes,    5376944 total
[2025-09-22T06:56:28.883+0000][67][gc,age      ] GC(22) - age   6:    2905568 bytes,    8282512 total
[2025-09-22T06:56:28.883+0000][67][gc,age      ] GC(22) - age   7:    4931424 bytes,   13213936 total
[2025-09-22T06:56:28.883+0000][67][gc,heap     ] GC(22) Eden regions: 71->0(70)
[2025-09-22T06:56:28.884+0000][67][gc,heap     ] GC(22) Survivor regions: 3->4(10)
[2025-09-22T06:56:28.884+0000][67][gc,heap     ] GC(22) Old regions: 23->23
[2025-09-22T06:56:28.884+0000][67][gc,heap     ] GC(22) Archive regions: 2->2
[2025-09-22T06:56:28.884+0000][67][gc,heap     ] GC(22) Humongous regions: 4->4
[2025-09-22T06:56:28.884+0000][67][gc,metaspace] GC(22) Metaspace: 136795K(140352K)->136795K(140352K) NonClass: 118937K(120768K)->118937K(120768K) Class: 17857K(19584K)->17857K(19584K)
[2025-09-22T06:56:28.884+0000][67][gc          ] GC(22) Pause Young (Normal) (G1 Evacuation Pause) 404M->121M(512M) 26.635ms
[2025-09-22T06:56:28.884+0000][67][gc,cpu      ] GC(22) User=0.15s Sys=0.00s Real=0.02s
[2025-09-22T06:56:28.884+0000][67][safepoint   ] Safepoint "G1CollectForAllocation", Time since last: 446511333 ns, Reaching safepoint: 345125 ns, At safepoint: 26955417 ns, Total: 27300542 ns
[2025-09-22T06:56:30.890+0000][67][safepoint   ] Safepoint "Cleanup", Time since last: 2006091459 ns, Reaching safepoint: 226084 ns, At safepoint: 15291 ns, Total: 241375 ns
[2025-09-22T06:56:34.900+0000][67][safepoint   ] Safepoint "Cleanup", Time since last: 4008361794 ns, Reaching safepoint: 351708 ns, At safepoint: 48458 ns, Total: 400166 ns
[2025-09-22T06:56:35.902+0000][67][safepoint   ] Safepoint "Cleanup", Time since last: 1001570043 ns, Reaching safepoint: 592166 ns, At safepoint: 17459 ns, Total: 609625 ns
[2025-09-22T06:56:38.341+0000][67][safepoint   ] Safepoint "Cleanup", Time since last: 2438651209 ns, Reaching safepoint: 440333 ns, At safepoint: 16542 ns, Total: 456875 ns
[2025-09-22T06:56:40.344+0000][67][safepoint   ] Safepoint "Cleanup", Time since last: 2002858084 ns, Reaching safepoint: 107042 ns, At safepoint: 12917 ns, Total: 119959 ns
[2025-09-22T06:56:41.345+0000][67][safepoint   ] Safepoint "Cleanup", Time since last: 1000931000 ns, Reaching safepoint: 304583 ns, At safepoint: 15500 ns, Total: 320083 ns
[2025-09-22T06:56:43.352+0000][67][safepoint   ] Safepoint "Cleanup", Time since last: 2006157043 ns, Reaching safepoint: 118542 ns, At safepoint: 5041 ns, Total: 123583 ns
[2025-09-22T06:56:46.355+0000][67][safepoint   ] Safepoint "Cleanup", Time since last: 3003397877 ns, Reaching safepoint: 164750 ns, At safepoint: 14292 ns, Total: 179042 ns
[2025-09-22T06:56:47.357+0000][67][safepoint   ] Safepoint "Cleanup", Time since last: 1000901167 ns, Reaching safepoint: 374541 ns, At safepoint: 16250 ns, Total: 390791 ns
[2025-09-22T06:56:48.359+0000][67][safepoint   ] Safepoint "Cleanup", Time since last: 1001963251 ns, Reaching safepoint: 261000 ns, At safepoint: 11583 ns, Total: 272583 ns
[2025-09-22T06:56:49.361+0000][67][safepoint   ] Safepoint "Cleanup", Time since last: 1002117584 ns, Reaching safepoint: 124417 ns, At safepoint: 3541 ns, Total: 127958 ns
[2025-09-22T06:56:52.365+0000][67][safepoint   ] Safepoint "Cleanup", Time since last: 3003465168 ns, Reaching safepoint: 847625 ns, At safepoint: 17000 ns, Total: 864625 ns
[2025-09-22T06:56:53.366+0000][67][safepoint   ] Safepoint "Cleanup", Time since last: 1000777376 ns, Reaching safepoint: 320083 ns, At safepoint: 16000 ns, Total: 336083 ns
[2025-09-22T06:56:55.372+0000][67][safepoint   ] Safepoint "Cleanup", Time since last: 2005816084 ns, Reaching safepoint: 196750 ns, At safepoint: 8667 ns, Total: 205417 ns
[2025-09-22T06:56:58.378+0000][67][safepoint   ] Safepoint "Cleanup", Time since last: 3003558127 ns, Reaching safepoint: 1515666 ns, At safepoint: 11000 ns, Total: 1526666 ns
[2025-09-22T06:56:59.380+0000][67][safepoint   ] Safepoint "Cleanup", Time since last: 1002536167 ns, Reaching safepoint: 340250 ns, At safepoint: 15584 ns, Total: 355834 ns
[2025-09-22T06:57:03.389+0000][67][safepoint   ] Safepoint "Cleanup", Time since last: 4007989710 ns, Reaching safepoint: 422625 ns, At safepoint: 18125 ns, Total: 440750 ns
[2025-09-22T06:57:04.392+0000][67][safepoint   ] Safepoint "Cleanup", Time since last: 1001137417 ns, Reaching safepoint: 1531500 ns, At safepoint: 17417 ns, Total: 1548917 ns
[2025-09-22T06:57:05.396+0000][67][safepoint   ] Safepoint "Cleanup", Time since last: 1003921792 ns, Reaching safepoint: 609166 ns, At safepoint: 16292 ns, Total: 625458 ns
[2025-09-22T06:57:07.399+0000][67][safepoint   ] Safepoint "Cleanup", Time since last: 2002714668 ns, Reaching safepoint: 155000 ns, At safepoint: 8916 ns, Total: 163916 ns
[2025-09-22T06:57:09.401+0000][67][safepoint   ] Safepoint "Cleanup", Time since last: 2001376418 ns, Reaching safepoint: 376292 ns, At safepoint: 17333 ns, Total: 393625 ns
[2025-09-22T06:57:10.406+0000][67][safepoint   ] Safepoint "Cleanup", Time since last: 1004915292 ns, Reaching safepoint: 128208 ns, At safepoint: 6709 ns, Total: 134917 ns
[2025-09-22T06:57:11.408+0000][67][safepoint   ] Safepoint "Cleanup", Time since last: 1001789292 ns, Reaching safepoint: 449541 ns, At safepoint: 15000 ns, Total: 464541 ns
[2025-09-22T06:57:13.412+0000][67][safepoint   ] Safepoint "Cleanup", Time since last: 2003688876 ns, Reaching safepoint: 118125 ns, At safepoint: 6834 ns, Total: 124959 ns
[2025-09-22T06:57:15.415+0000][67][safepoint   ] Safepoint "Cleanup", Time since last: 2002991084 ns, Reaching safepoint: 149333 ns, At safepoint: 4750 ns, Total: 154083 ns
[2025-09-22T06:57:16.419+0000][67][safepoint   ] Safepoint "Cleanup", Time since last: 1003513876 ns, Reaching safepoint: 71500 ns, At safepoint: 3583 ns, Total: 75083 ns
[2025-09-22T06:57:17.421+0000][67][safepoint   ] Safepoint "Cleanup", Time since last: 1001709001 ns, Reaching safepoint: 371125 ns, At safepoint: 16750 ns, Total: 387875 ns
[2025-09-22T06:57:22.427+0000][67][safepoint   ] Safepoint "Cleanup", Time since last: 5005840460 ns, Reaching safepoint: 146375 ns, At safepoint: 7250 ns, Total: 153625 ns
[2025-09-22T06:57:23.429+0000][67][safepoint   ] Safepoint "Cleanup", Time since last: 1001173918 ns, Reaching safepoint: 546708 ns, At safepoint: 31125 ns, Total: 577833 ns
[2025-09-22T06:57:25.432+0000][67][safepoint   ] Safepoint "Cleanup", Time since last: 2003019084 ns, Reaching safepoint: 128500 ns, At safepoint: 3375 ns, Total: 131875 ns
[2025-09-22T06:57:26.433+0000][67][safepoint   ] Safepoint "Cleanup", Time since last: 1001294251 ns, Reaching safepoint: 293166 ns, At safepoint: 30667 ns, Total: 323833 ns
[2025-09-22T06:57:28.436+0000][67][safepoint   ] Safepoint "Cleanup", Time since last: 2002870918 ns, Reaching safepoint: 182083 ns, At safepoint: 7458 ns, Total: 189541 ns
[2025-09-22T06:57:29.439+0000][67][safepoint   ] Safepoint "Cleanup", Time since last: 1001808417 ns, Reaching safepoint: 251542 ns, At safepoint: 14625 ns, Total: 266167 ns
[2025-09-22T06:57:30.441+0000][67][safepoint   ] Safepoint "Cleanup", Time since last: 1002026459 ns, Reaching safepoint: 348667 ns, At safepoint: 18416 ns, Total: 367083 ns
[2025-09-22T06:57:31.443+0000][67][safepoint   ] Safepoint "Cleanup", Time since last: 1001432209 ns, Reaching safepoint: 179958 ns, At safepoint: 10334 ns, Total: 190292 ns
[2025-09-22T06:57:33.446+0000][67][safepoint   ] Safepoint "Cleanup", Time since last: 2002722542 ns, Reaching safepoint: 228750 ns, At safepoint: 10709 ns, Total: 239459 ns
[2025-09-22T06:57:34.448+0000][67][safepoint   ] Safepoint "Cleanup", Time since last: 1002469583 ns, Reaching safepoint: 126541 ns, At safepoint: 4334 ns, Total: 130875 ns
[2025-09-22T06:57:35.452+0000][67][safepoint   ] Safepoint "Cleanup", Time since last: 1003056708 ns, Reaching safepoint: 134917 ns, At safepoint: 23917 ns, Total: 158834 ns
[2025-09-22T06:57:37.456+0000][67][safepoint   ] Safepoint "Cleanup", Time since last: 2003809959 ns, Reaching safepoint: 227875 ns, At safepoint: 13167 ns, Total: 241042 ns
[2025-09-22T06:57:40.460+0000][67][safepoint   ] Safepoint "Cleanup", Time since last: 3004773543 ns, Reaching safepoint: 88875 ns, At safepoint: 3416 ns, Total: 92291 ns
[2025-09-22T06:57:42.467+0000][67][safepoint   ] Safepoint "Cleanup", Time since last: 2006383460 ns, Reaching safepoint: 242166 ns, At safepoint: 82959 ns, Total: 325125 ns
[2025-09-22T06:57:43.472+0000][67][safepoint   ] Safepoint "Cleanup", Time since last: 1004403708 ns, Reaching safepoint: 109334 ns, At safepoint: 6000 ns, Total: 115334 ns
[2025-09-22T06:57:45.475+0000][67][safepoint   ] Safepoint "Cleanup", Time since last: 2002933584 ns, Reaching safepoint: 327083 ns, At safepoint: 17875 ns, Total: 344958 ns
[2025-09-22T06:57:46.480+0000][67][safepoint   ] Safepoint "Cleanup", Time since last: 1005439418 ns, Reaching safepoint: 85750 ns, At safepoint: 4583 ns, Total: 90333 ns
[2025-09-22T06:57:49.486+0000][67][safepoint   ] Safepoint "Cleanup", Time since last: 3005313335 ns, Reaching safepoint: 88916 ns, At safepoint: 5250 ns, Total: 94166 ns
[2025-09-22T06:57:52.491+0000][67][safepoint   ] Safepoint "Cleanup", Time since last: 3005166418 ns, Reaching safepoint: 64000 ns, At safepoint: 7375 ns, Total: 71375 ns
[2025-09-22T06:57:53.496+0000][67][safepoint   ] Safepoint "Cleanup", Time since last: 1004549918 ns, Reaching safepoint: 168583 ns, At safepoint: 7917 ns, Total: 176500 ns
[2025-09-22T06:57:55.498+0000][67][safepoint   ] Safepoint "Cleanup", Time since last: 2001713334 ns, Reaching safepoint: 351125 ns, At safepoint: 14667 ns, Total: 365792 ns
[2025-09-22T06:57:58.503+0000][67][safepoint   ] Safepoint "Cleanup", Time since last: 3004501376 ns, Reaching safepoint: 147625 ns, At safepoint: 4208 ns, Total: 151833 ns
[2025-09-22T06:58:03.508+0000][67][safepoint   ] Safepoint "Cleanup", Time since last: 5005236753 ns, Reaching safepoint: 345416 ns, At safepoint: 29792 ns, Total: 375208 ns
[2025-09-22T06:58:04.510+0000][67][safepoint   ] Safepoint "Cleanup", Time since last: 1002217000 ns, Reaching safepoint: 276958 ns, At safepoint: 45583 ns, Total: 322541 ns
[2025-09-22T06:58:05.513+0000][67][safepoint   ] Safepoint "Cleanup", Time since last: 1002044334 ns, Reaching safepoint: 764875 ns, At safepoint: 43250 ns, Total: 808125 ns
[2025-09-22T06:58:06.516+0000][67][safepoint   ] Safepoint "Cleanup", Time since last: 1002610417 ns, Reaching safepoint: 588167 ns, At safepoint: 33416 ns, Total: 621583 ns
[2025-09-22T06:58:07.518+0000][67][safepoint   ] Safepoint "Cleanup", Time since last: 1001760376 ns, Reaching safepoint: 322917 ns, At safepoint: 18875 ns, Total: 341792 ns
[2025-09-22T06:58:10.426+0000][67][gc,start    ] GC(23) Pause Young (Normal) (G1 Evacuation Pause)
[2025-09-22T06:58:10.426+0000][67][gc,task     ] GC(23) Using 8 workers of 8 for evacuation
[2025-09-22T06:58:10.426+0000][67][gc,age      ] GC(23) Desired survivor size 20971520 bytes, new threshold 15 (max threshold 15)
[2025-09-22T06:58:10.449+0000][67][gc,phases   ] GC(23)   Pre Evacuate Collection Set: 0.2ms
[2025-09-22T06:58:10.449+0000][67][gc,phases   ] GC(23)   Merge Heap Roots: 0.1ms
[2025-09-22T06:58:10.449+0000][67][gc,phases   ] GC(23)   Evacuate Collection Set: 21.3ms
[2025-09-22T06:58:10.449+0000][67][gc,phases   ] GC(23)   Post Evacuate Collection Set: 1.5ms
[2025-09-22T06:58:10.449+0000][67][gc,phases   ] GC(23)   Other: 0.3ms
[2025-09-22T06:58:10.450+0000][67][gc,age      ] GC(23) Age table with threshold 15 (max threshold 15)
[2025-09-22T06:58:10.450+0000][67][gc,age      ] GC(23) - age   1:    1271600 bytes,    1271600 total
[2025-09-22T06:58:10.450+0000][67][gc,age      ] GC(23) - age   2:    2084432 bytes,    3356032 total
[2025-09-22T06:58:10.450+0000][67][gc,age      ] GC(23) - age   3:      33352 bytes,    3389384 total
[2025-09-22T06:58:10.450+0000][67][gc,age      ] GC(23) - age   4:     141824 bytes,    3531208 total
[2025-09-22T06:58:10.450+0000][67][gc,age      ] GC(23) - age   5:     484296 bytes,    4015504 total
[2025-09-22T06:58:10.450+0000][67][gc,age      ] GC(23) - age   6:     834224 bytes,    4849728 total
[2025-09-22T06:58:10.450+0000][67][gc,age      ] GC(23) - age   7:    2898760 bytes,    7748488 total
[2025-09-22T06:58:10.450+0000][67][gc,age      ] GC(23) - age   8:    4924544 bytes,   12673032 total
[2025-09-22T06:58:10.450+0000][67][gc,heap     ] GC(23) Eden regions: 70->0(71)
[2025-09-22T06:58:10.450+0000][67][gc,heap     ] GC(23) Survivor regions: 4->4(10)
[2025-09-22T06:58:10.450+0000][67][gc,heap     ] GC(23) Old regions: 23->23
[2025-09-22T06:58:10.450+0000][67][gc,heap     ] GC(23) Archive regions: 2->2
[2025-09-22T06:58:10.450+0000][67][gc,heap     ] GC(23) Humongous regions: 4->4
[2025-09-22T06:58:10.450+0000][67][gc,metaspace] GC(23) Metaspace: 137310K(140800K)->137310K(140800K) NonClass: 119446K(121216K)->119446K(121216K) Class: 17864K(19584K)->17864K(19584K)
[2025-09-22T06:58:10.450+0000][67][gc          ] GC(23) Pause Young (Normal) (G1 Evacuation Pause) 401M->121M(512M) 24.233ms
[2025-09-22T06:58:10.450+0000][67][gc,cpu      ] GC(23) User=0.16s Sys=0.00s Real=0.02s
[2025-09-22T06:58:10.450+0000][67][safepoint   ] Safepoint "G1CollectForAllocation", Time since last: 2907638334 ns, Reaching safepoint: 109500 ns, At safepoint: 24359500 ns, Total: 24469000 ns
[2025-09-22T06:58:11.454+0000][67][safepoint   ] Safepoint "Cleanup", Time since last: 1003639043 ns, Reaching safepoint: 376541 ns, At safepoint: 16834 ns, Total: 393375 ns
[2025-09-22T06:58:16.462+0000][67][safepoint   ] Safepoint "Cleanup", Time since last: 5007868919 ns, Reaching safepoint: 76791 ns, At safepoint: 2834 ns, Total: 79625 ns
[2025-09-22T06:58:17.465+0000][67][safepoint   ] Safepoint "Cleanup", Time since last: 1002940167 ns, Reaching safepoint: 147291 ns, At safepoint: 8667 ns, Total: 155958 ns
[2025-09-22T06:58:19.469+0000][67][safepoint   ] Safepoint "Cleanup", Time since last: 2003667834 ns, Reaching safepoint: 193750 ns, At safepoint: 8250 ns, Total: 202000 ns
[2025-09-22T06:58:20.471+0000][67][safepoint   ] Safepoint "Cleanup", Time since last: 1001958084 ns, Reaching safepoint: 332042 ns, At safepoint: 18416 ns, Total: 350458 ns
[2025-09-22T06:58:22.474+0000][67][safepoint   ] Safepoint "Cleanup", Time since last: 2002451543 ns, Reaching safepoint: 92458 ns, At safepoint: 2417 ns, Total: 94875 ns
[2025-09-22T06:58:23.475+0000][67][safepoint   ] Safepoint "Cleanup", Time since last: 1000993376 ns, Reaching safepoint: 191500 ns, At safepoint: 8958 ns, Total: 200458 ns
[2025-09-22T06:58:29.488+0000][67][safepoint   ] Safepoint "Cleanup", Time since last: 6012969586 ns, Reaching safepoint: 452458 ns, At safepoint: 19584 ns, Total: 472042 ns
[2025-09-22T06:58:30.493+0000][67][safepoint   ] Safepoint "Cleanup", Time since last: 1004704459 ns, Reaching safepoint: 297916 ns, At safepoint: 10334 ns, Total: 308250 ns
[2025-09-22T06:58:33.498+0000][67][safepoint   ] Safepoint "Cleanup", Time since last: 3003631209 ns, Reaching safepoint: 394709 ns, At safepoint: 17708 ns, Total: 412417 ns
[2025-09-22T06:58:34.501+0000][67][safepoint   ] Safepoint "Cleanup", Time since last: 1002132042 ns, Reaching safepoint: 94375 ns, At safepoint: 4500 ns, Total: 98875 ns
[2025-09-22T06:58:35.504+0000][67][safepoint   ] Safepoint "Cleanup", Time since last: 1002682833 ns, Reaching safepoint: 489792 ns, At safepoint: 13125 ns, Total: 502917 ns
[2025-09-22T06:58:37.506+0000][67][safepoint   ] Safepoint "Cleanup", Time since last: 2001744293 ns, Reaching safepoint: 176541 ns, At safepoint: 11500 ns, Total: 188041 ns
[2025-09-22T06:58:40.515+0000][67][safepoint   ] Safepoint "Cleanup", Time since last: 3007690793 ns, Reaching safepoint: 1338417 ns, At safepoint: 16625 ns, Total: 1355042 ns
[2025-09-22T06:58:41.517+0000][67][safepoint   ] Safepoint "Cleanup", Time since last: 1001689501 ns, Reaching safepoint: 209083 ns, At safepoint: 11250 ns, Total: 220333 ns
[2025-09-22T06:58:43.520+0000][67][safepoint   ] Safepoint "Cleanup", Time since last: 2001712501 ns, Reaching safepoint: 495625 ns, At safepoint: 17791 ns, Total: 513416 ns
[2025-09-22T06:58:46.524+0000][67][safepoint   ] Safepoint "Cleanup", Time since last: 3004353794 ns, Reaching safepoint: 120333 ns, At safepoint: 21000 ns, Total: 141333 ns
[2025-09-22T06:58:47.526+0000][67][safepoint   ] Safepoint "Cleanup", Time since last: 1001548334 ns, Reaching safepoint: 354500 ns, At safepoint: 17750 ns, Total: 372250 ns
[2025-09-22T06:58:48.527+0000][67][safepoint   ] Safepoint "Cleanup", Time since last: 1000970000 ns, Reaching safepoint: 82500 ns, At safepoint: 3625 ns, Total: 86125 ns
[2025-09-22T06:58:49.528+0000][67][safepoint   ] Safepoint "Cleanup", Time since last: 1001155084 ns, Reaching safepoint: 227792 ns, At safepoint: 10791 ns, Total: 238583 ns
[2025-09-22T06:58:51.863+0000][67][safepoint   ] Safepoint "Cleanup", Time since last: 2333735918 ns, Reaching safepoint: 575250 ns, At safepoint: 30708 ns, Total: 605958 ns
[2025-09-22T06:58:52.864+0000][67][safepoint   ] Safepoint "Cleanup", Time since last: 1001389793 ns, Reaching safepoint: 309000 ns, At safepoint: 33041 ns, Total: 342041 ns
[2025-09-22T06:58:58.870+0000][67][safepoint   ] Safepoint "Cleanup", Time since last: 6005794545 ns, Reaching safepoint: 146416 ns, At safepoint: 6625 ns, Total: 153041 ns
[2025-09-22T06:58:59.872+0000][67][safepoint   ] Safepoint "Cleanup", Time since last: 1001811334 ns, Reaching safepoint: 149709 ns, At safepoint: 6375 ns, Total: 156084 ns
[2025-09-22T06:59:01.876+0000][67][safepoint   ] Safepoint "Cleanup", Time since last: 2003339084 ns, Reaching safepoint: 235292 ns, At safepoint: 9250 ns, Total: 244542 ns
[2025-09-22T06:59:04.879+0000][67][safepoint   ] Safepoint "Cleanup", Time since last: 3003209667 ns, Reaching safepoint: 221875 ns, At safepoint: 22667 ns, Total: 244542 ns
[2025-09-22T06:59:05.882+0000][67][safepoint   ] Safepoint "Cleanup", Time since last: 1002005667 ns, Reaching safepoint: 346333 ns, At safepoint: 16417 ns, Total: 362750 ns
[2025-09-22T06:59:10.889+0000][67][safepoint   ] Safepoint "Cleanup", Time since last: 5007221794 ns, Reaching safepoint: 415542 ns, At safepoint: 16791 ns, Total: 432333 ns
[2025-09-22T06:59:11.892+0000][67][safepoint   ] Safepoint "Cleanup", Time since last: 1002092209 ns, Reaching safepoint: 250542 ns, At safepoint: 11458 ns, Total: 262000 ns
[2025-09-22T06:59:12.895+0000][67][safepoint   ] Safepoint "Cleanup", Time since last: 1002071834 ns, Reaching safepoint: 1300500 ns, At safepoint: 19250 ns, Total: 1319750 ns
[2025-09-22T06:59:13.899+0000][67][safepoint   ] Safepoint "Cleanup", Time since last: 1003023625 ns, Reaching safepoint: 413459 ns, At safepoint: 40708 ns, Total: 454167 ns
[2025-09-22T06:59:15.900+0000][67][safepoint   ] Safepoint "Cleanup", Time since last: 2001618834 ns, Reaching safepoint: 217167 ns, At safepoint: 13917 ns, Total: 231084 ns
[2025-09-22T06:59:16.903+0000][67][safepoint   ] Safepoint "Cleanup", Time since last: 1002374583 ns, Reaching safepoint: 585542 ns, At safepoint: 45417 ns, Total: 630959 ns
[2025-09-22T06:59:17.905+0000][67][safepoint   ] Safepoint "Cleanup", Time since last: 1001670125 ns, Reaching safepoint: 177417 ns, At safepoint: 19833 ns, Total: 197250 ns
[2025-09-22T06:59:18.909+0000][67][safepoint   ] Safepoint "Cleanup", Time since last: 1003515459 ns, Reaching safepoint: 165333 ns, At safepoint: 8709 ns, Total: 174042 ns
[2025-09-22T06:59:19.910+0000][67][safepoint   ] Safepoint "Cleanup", Time since last: 1001051667 ns, Reaching safepoint: 253958 ns, At safepoint: 25875 ns, Total: 279833 ns
[2025-09-22T06:59:22.914+0000][67][safepoint   ] Safepoint "Cleanup", Time since last: 3003089460 ns, Reaching safepoint: 406875 ns, At safepoint: 22375 ns, Total: 429250 ns
[2025-09-22T06:59:30.924+0000][67][safepoint   ] Safepoint "Cleanup", Time since last: 8008816129 ns, Reaching safepoint: 995541 ns, At safepoint: 32875 ns, Total: 1028416 ns
[2025-09-22T06:59:34.937+0000][67][safepoint   ] Safepoint "Cleanup", Time since last: 4013176168 ns, Reaching safepoint: 226417 ns, At safepoint: 10125 ns, Total: 236542 ns
[2025-09-22T06:59:35.939+0000][67][safepoint   ] Safepoint "Cleanup", Time since last: 1001002542 ns, Reaching safepoint: 248042 ns, At safepoint: 15792 ns, Total: 263834 ns
[2025-09-22T06:59:36.941+0000][67][safepoint   ] Safepoint "Cleanup", Time since last: 1001197542 ns, Reaching safepoint: 1070500 ns, At safepoint: 20375 ns, Total: 1090875 ns
[2025-09-22T06:59:40.949+0000][67][safepoint   ] Safepoint "Cleanup", Time since last: 4008107835 ns, Reaching safepoint: 206250 ns, At safepoint: 12000 ns, Total: 218250 ns
[2025-09-22T06:59:41.953+0000][67][safepoint   ] Safepoint "Cleanup", Time since last: 1003251584 ns, Reaching safepoint: 324625 ns, At safepoint: 14666 ns, Total: 339291 ns
[2025-09-22T06:59:43.958+0000][67][safepoint   ] Safepoint "Cleanup", Time since last: 2004566001 ns, Reaching safepoint: 217375 ns, At safepoint: 13292 ns, Total: 230667 ns
[2025-09-22T06:59:47.457+0000][67][safepoint   ] Safepoint "Cleanup", Time since last: 3499019127 ns, Reaching safepoint: 740375 ns, At safepoint: 15833 ns, Total: 756208 ns
[2025-09-22T06:59:53.467+0000][67][safepoint   ] Safepoint "Cleanup", Time since last: 6009004336 ns, Reaching safepoint: 604834 ns, At safepoint: 28041 ns, Total: 632875 ns
[2025-09-22T06:59:55.452+0000][67][gc,start    ] GC(24) Pause Young (Normal) (G1 Evacuation Pause)
[2025-09-22T06:59:55.453+0000][67][gc,task     ] GC(24) Using 8 workers of 8 for evacuation
[2025-09-22T06:59:55.453+0000][67][gc,age      ] GC(24) Desired survivor size 20971520 bytes, new threshold 15 (max threshold 15)
[2025-09-22T06:59:55.494+0000][67][gc,phases   ] GC(24)   Pre Evacuate Collection Set: 0.8ms
[2025-09-22T06:59:55.494+0000][67][gc,phases   ] GC(24)   Merge Heap Roots: 0.4ms
[2025-09-22T06:59:55.495+0000][67][gc,phases   ] GC(24)   Evacuate Collection Set: 36.7ms
[2025-09-22T06:59:55.495+0000][67][gc,phases   ] GC(24)   Post Evacuate Collection Set: 2.8ms
[2025-09-22T06:59:55.495+0000][67][gc,phases   ] GC(24)   Other: 0.9ms
[2025-09-22T06:59:55.495+0000][67][gc,age      ] GC(24) Age table with threshold 15 (max threshold 15)
[2025-09-22T06:59:55.495+0000][67][gc,age      ] GC(24) - age   1:     935152 bytes,     935152 total
[2025-09-22T06:59:55.495+0000][67][gc,age      ] GC(24) - age   2:     141520 bytes,    1076672 total
[2025-09-22T06:59:55.495+0000][67][gc,age      ] GC(24) - age   3:    2078632 bytes,    3155304 total
[2025-09-22T06:59:55.495+0000][67][gc,age      ] GC(24) - age   4:      32904 bytes,    3188208 total
[2025-09-22T06:59:55.495+0000][67][gc,age      ] GC(24) - age   5:     141760 bytes,    3329968 total
[2025-09-22T06:59:55.495+0000][67][gc,age      ] GC(24) - age   6:     475568 bytes,    3805536 total
[2025-09-22T06:59:55.495+0000][67][gc,age      ] GC(24) - age   7:     782288 bytes,    4587824 total
[2025-09-22T06:59:55.495+0000][67][gc,age      ] GC(24) - age   8:    2719840 bytes,    7307664 total
[2025-09-22T06:59:55.495+0000][67][gc,age      ] GC(24) - age   9:    4880160 bytes,   12187824 total
[2025-09-22T06:59:55.495+0000][67][gc,heap     ] GC(24) Eden regions: 71->0(71)
[2025-09-22T06:59:55.495+0000][67][gc,heap     ] GC(24) Survivor regions: 4->4(10)
[2025-09-22T06:59:55.496+0000][67][gc,heap     ] GC(24) Old regions: 23->23
[2025-09-22T06:59:55.496+0000][67][gc,heap     ] GC(24) Archive regions: 2->2
[2025-09-22T06:59:55.496+0000][67][gc,heap     ] GC(24) Humongous regions: 4->4
[2025-09-22T06:59:55.496+0000][67][gc,metaspace] GC(24) Metaspace: 137576K(141184K)->137576K(141184K) NonClass: 119712K(121600K)->119712K(121600K) Class: 17864K(19584K)->17864K(19584K)
[2025-09-22T06:59:55.496+0000][67][gc          ] GC(24) Pause Young (Normal) (G1 Evacuation Pause) 405M->121M(512M) 43.875ms
[2025-09-22T06:59:55.496+0000][67][gc,cpu      ] GC(24) User=0.28s Sys=0.01s Real=0.04s
[2025-09-22T06:59:55.496+0000][67][safepoint   ] Safepoint "G1CollectForAllocation", Time since last: 1984522668 ns, Reaching safepoint: 215875 ns, At safepoint: 44247167 ns, Total: 44463042 ns
[2025-09-22T06:59:56.499+0000][67][safepoint   ] Safepoint "Cleanup", Time since last: 1003058125 ns, Reaching safepoint: 232000 ns, At safepoint: 9625 ns, Total: 241625 ns
[2025-09-22T06:59:58.503+0000][67][safepoint   ] Safepoint "Cleanup", Time since last: 2001901459 ns, Reaching safepoint: 1240500 ns, At safepoint: 16959 ns, Total: 1257459 ns
[2025-09-22T06:59:59.504+0000][67][safepoint   ] Safepoint "Cleanup", Time since last: 1000668667 ns, Reaching safepoint: 524875 ns, At safepoint: 25000 ns, Total: 549875 ns
[2025-09-22T07:00:00.506+0000][67][safepoint   ] Safepoint "Cleanup", Time since last: 1001799084 ns, Reaching safepoint: 101166 ns, At safepoint: 3209 ns, Total: 104375 ns
[2025-09-22T07:00:03.510+0000][67][safepoint   ] Safepoint "Cleanup", Time since last: 3004524626 ns, Reaching safepoint: 130750 ns, At safepoint: 8000 ns, Total: 138750 ns
[2025-09-22T07:00:07.516+0000][67][safepoint   ] Safepoint "Cleanup", Time since last: 4004780252 ns, Reaching safepoint: 193958 ns, At safepoint: 5583 ns, Total: 199541 ns
[2025-09-22T07:00:10.524+0000][67][safepoint   ] Safepoint "Cleanup", Time since last: 3008225168 ns, Reaching safepoint: 228792 ns, At safepoint: 14208 ns, Total: 243000 ns
[2025-09-22T07:00:11.526+0000][67][safepoint   ] Safepoint "Cleanup", Time since last: 1001166668 ns, Reaching safepoint: 415875 ns, At safepoint: 19208 ns, Total: 435083 ns
[2025-09-22T07:00:12.528+0000][67][safepoint   ] Safepoint "Cleanup", Time since last: 1002134917 ns, Reaching safepoint: 201417 ns, At safepoint: 9125 ns, Total: 210542 ns
[2025-09-22T07:00:16.534+0000][67][safepoint   ] Safepoint "Cleanup", Time since last: 4005947252 ns, Reaching safepoint: 73041 ns, At safepoint: 2542 ns, Total: 75583 ns
[2025-09-22T07:00:19.540+0000][67][safepoint   ] Safepoint "Cleanup", Time since last: 3005203418 ns, Reaching safepoint: 173958 ns, At safepoint: 9334 ns, Total: 183292 ns
[2025-09-22T07:00:20.543+0000][67][safepoint   ] Safepoint "Cleanup", Time since last: 1003559750 ns, Reaching safepoint: 299417 ns, At safepoint: 14833 ns, Total: 314250 ns
[2025-09-22T07:00:22.546+0000][67][safepoint   ] Safepoint "Cleanup", Time since last: 2002077001 ns, Reaching safepoint: 44208 ns, At safepoint: 1959 ns, Total: 46167 ns
[2025-09-22T07:00:23.548+0000][67][safepoint   ] Safepoint "Cleanup", Time since last: 1001520542 ns, Reaching safepoint: 382333 ns, At safepoint: 61709 ns, Total: 444042 ns
[2025-09-22T07:00:25.553+0000][67][safepoint   ] Safepoint "Cleanup", Time since last: 2004894251 ns, Reaching safepoint: 211375 ns, At safepoint: 10666 ns, Total: 222041 ns
[2025-09-22T07:00:28.559+0000][67][safepoint   ] Safepoint "Cleanup", Time since last: 3006143585 ns, Reaching safepoint: 113458 ns, At safepoint: 5834 ns, Total: 119292 ns
[2025-09-22T07:00:34.557+0000][67][safepoint   ] Safepoint "Cleanup", Time since last: 6009668294 ns, Reaching safepoint: 119333 ns, At safepoint: 5709 ns, Total: 125042 ns
[2025-09-22T07:00:35.560+0000][67][safepoint   ] Safepoint "Cleanup", Time since last: 1003292208 ns, Reaching safepoint: 87959 ns, At safepoint: 7291 ns, Total: 95250 ns
[2025-09-22T07:00:40.571+0000][67][safepoint   ] Safepoint "Cleanup", Time since last: 5010218711 ns, Reaching safepoint: 128292 ns, At safepoint: 7250 ns, Total: 135542 ns
[2025-09-22T07:00:43.575+0000][67][safepoint   ] Safepoint "Cleanup", Time since last: 3003931710 ns, Reaching safepoint: 359958 ns, At safepoint: 14167 ns, Total: 374125 ns
[2025-09-22T07:00:46.581+0000][67][safepoint   ] Safepoint "Cleanup", Time since last: 3006389293 ns, Reaching safepoint: 120750 ns, At safepoint: 4583 ns, Total: 125333 ns
[2025-09-22T07:00:47.582+0000][67][safepoint   ] Safepoint "Cleanup", Time since last: 1000510459 ns, Reaching safepoint: 311791 ns, At safepoint: 15709 ns, Total: 327500 ns
[2025-09-22T07:00:49.587+0000][67][safepoint   ] Safepoint "Cleanup", Time since last: 2004300126 ns, Reaching safepoint: 347375 ns, At safepoint: 15250 ns, Total: 362625 ns
[2025-09-22T07:00:52.500+0000][67][safepoint   ] Safepoint "Cleanup", Time since last: 2912512834 ns, Reaching safepoint: 651542 ns, At safepoint: 17833 ns, Total: 669375 ns
[2025-09-22T07:00:53.501+0000][67][safepoint   ] Safepoint "Cleanup", Time since last: 1001063626 ns, Reaching safepoint: 310083 ns, At safepoint: 15709 ns, Total: 325792 ns
[2025-09-22T07:00:58.513+0000][67][safepoint   ] Safepoint "Cleanup", Time since last: 5011519752 ns, Reaching safepoint: 260792 ns, At safepoint: 11041 ns, Total: 271833 ns
[2025-09-22T07:01:00.518+0000][67][safepoint   ] Safepoint "Cleanup", Time since last: 2003388293 ns, Reaching safepoint: 853458 ns, At safepoint: 23209 ns, Total: 876667 ns
[2025-09-22T07:01:05.534+0000][67][safepoint   ] Safepoint "Cleanup", Time since last: 5005247335 ns, Reaching safepoint: 229167 ns, At safepoint: 15458 ns, Total: 244625 ns
[2025-09-22T07:01:10.541+0000][67][safepoint   ] Safepoint "Cleanup", Time since last: 5005641627 ns, Reaching safepoint: 1348250 ns, At safepoint: 11042 ns, Total: 1359292 ns
[2025-09-22T07:01:11.541+0000][67][safepoint   ] Safepoint "Cleanup", Time since last: 1000804834 ns, Reaching safepoint: 156583 ns, At safepoint: 6250 ns, Total: 162833 ns
[2025-09-22T07:01:16.550+0000][67][safepoint   ] Safepoint "Cleanup", Time since last: 5006656128 ns, Reaching safepoint: 1392250 ns, At safepoint: 27583 ns, Total: 1419833 ns
[2025-09-22T07:01:17.551+0000][67][safepoint   ] Safepoint "Cleanup", Time since last: 1000773417 ns, Reaching safepoint: 809542 ns, At safepoint: 11208 ns, Total: 820750 ns
[2025-09-22T07:01:18.554+0000][67][safepoint   ] Safepoint "Cleanup", Time since last: 1002827042 ns, Reaching safepoint: 250459 ns, At safepoint: 10833 ns, Total: 261292 ns
[2025-09-22T07:01:19.556+0000][67][safepoint   ] Safepoint "Cleanup", Time since last: 1001659625 ns, Reaching safepoint: 588959 ns, At safepoint: 12458 ns, Total: 601417 ns
[2025-09-22T07:01:22.560+0000][67][safepoint   ] Safepoint "Cleanup", Time since last: 3003652460 ns, Reaching safepoint: 66041 ns, At safepoint: 2625 ns, Total: 68666 ns
[2025-09-22T07:01:23.561+0000][67][safepoint   ] Safepoint "Cleanup", Time since last: 1001150834 ns, Reaching safepoint: 126042 ns, At safepoint: 5167 ns, Total: 131209 ns
[2025-09-22T07:01:24.564+0000][67][safepoint   ] Safepoint "Cleanup", Time since last: 1002398958 ns, Reaching safepoint: 457709 ns, At safepoint: 28291 ns, Total: 486000 ns
[2025-09-22T07:01:25.566+0000][67][safepoint   ] Safepoint "Cleanup", Time since last: 1001258543 ns, Reaching safepoint: 372333 ns, At safepoint: 12958 ns, Total: 385291 ns
[2025-09-22T07:01:28.569+0000][67][safepoint   ] Safepoint "Cleanup", Time since last: 3003237002 ns, Reaching safepoint: 118750 ns, At safepoint: 6958 ns, Total: 125708 ns
[2025-09-22T07:01:29.571+0000][67][safepoint   ] Safepoint "Cleanup", Time since last: 1001053167 ns, Reaching safepoint: 194500 ns, At safepoint: 11542 ns, Total: 206042 ns
[2025-09-22T07:01:30.104+0000][67][gc,start    ] GC(25) Pause Young (Normal) (G1 Evacuation Pause)
[2025-09-22T07:01:30.105+0000][67][gc,task     ] GC(25) Using 8 workers of 8 for evacuation
[2025-09-22T07:01:30.105+0000][67][gc,age      ] GC(25) Desired survivor size 20971520 bytes, new threshold 15 (max threshold 15)
[2025-09-22T07:01:30.135+0000][67][gc,phases   ] GC(25)   Pre Evacuate Collection Set: 0.5ms
[2025-09-22T07:01:30.135+0000][67][gc,phases   ] GC(25)   Merge Heap Roots: 0.2ms
[2025-09-22T07:01:30.135+0000][67][gc,phases   ] GC(25)   Evacuate Collection Set: 26.9ms
[2025-09-22T07:01:30.135+0000][67][gc,phases   ] GC(25)   Post Evacuate Collection Set: 2.0ms
[2025-09-22T07:01:30.135+0000][67][gc,phases   ] GC(25)   Other: 0.5ms
[2025-09-22T07:01:30.135+0000][67][gc,age      ] GC(25) Age table with threshold 15 (max threshold 15)
[2025-09-22T07:01:30.135+0000][67][gc,age      ] GC(25) - age   1:     972392 bytes,     972392 total
[2025-09-22T07:01:30.135+0000][67][gc,age      ] GC(25) - age   2:      35672 bytes,    1008064 total
[2025-09-22T07:01:30.135+0000][67][gc,age      ] GC(25) - age   3:      75784 bytes,    1083848 total
[2025-09-22T07:01:30.135+0000][67][gc,age      ] GC(25) - age   4:    1515816 bytes,    2599664 total
[2025-09-22T07:01:30.135+0000][67][gc,age      ] GC(25) - age   5:      32816 bytes,    2632480 total
[2025-09-22T07:01:30.135+0000][67][gc,age      ] GC(25) - age   6:      62768 bytes,    2695248 total
[2025-09-22T07:01:30.135+0000][67][gc,age      ] GC(25) - age   7:     475072 bytes,    3170320 total
[2025-09-22T07:01:30.135+0000][67][gc,age      ] GC(25) - age   8:     574792 bytes,    3745112 total
[2025-09-22T07:01:30.135+0000][67][gc,age      ] GC(25) - age   9:    2699872 bytes,    6444984 total
[2025-09-22T07:01:30.135+0000][67][gc,age      ] GC(25) - age  10:    4859136 bytes,   11304120 total
[2025-09-22T07:01:30.136+0000][67][gc,heap     ] GC(25) Eden regions: 71->0(73)
[2025-09-22T07:01:30.136+0000][67][gc,heap     ] GC(25) Survivor regions: 4->3(10)
[2025-09-22T07:01:30.136+0000][67][gc,heap     ] GC(25) Old regions: 23->23
[2025-09-22T07:01:30.136+0000][67][gc,heap     ] GC(25) Archive regions: 2->2
[2025-09-22T07:01:30.136+0000][67][gc,heap     ] GC(25) Humongous regions: 4->4
[2025-09-22T07:01:30.136+0000][67][gc,metaspace] GC(25) Metaspace: 137995K(141568K)->137995K(141568K) NonClass: 120083K(121920K)->120083K(121920K) Class: 17911K(19648K)->17911K(19648K)
[2025-09-22T07:01:30.136+0000][67][gc          ] GC(25) Pause Young (Normal) (G1 Evacuation Pause) 405M->120M(512M) 31.866ms
[2025-09-22T07:01:30.136+0000][67][gc,cpu      ] GC(25) User=0.20s Sys=0.00s Real=0.03s
[2025-09-22T07:01:30.136+0000][67][safepoint   ] Safepoint "G1CollectForAllocation", Time since last: 532528917 ns, Reaching safepoint: 505208 ns, At safepoint: 32195458 ns, Total: 32700666 ns
[2025-09-22T07:01:32.138+0000][67][safepoint   ] Safepoint "Cleanup", Time since last: 2001477501 ns, Reaching safepoint: 286500 ns, At safepoint: 23000 ns, Total: 309500 ns
[2025-09-22T07:01:33.140+0000][67][safepoint   ] Safepoint "Cleanup", Time since last: 1001553167 ns, Reaching safepoint: 288584 ns, At safepoint: 14000 ns, Total: 302584 ns
[2025-09-22T07:01:34.140+0000][67][safepoint   ] Safepoint "Cleanup", Time since last: 1000662167 ns, Reaching safepoint: 215458 ns, At safepoint: 6959 ns, Total: 222417 ns
[2025-09-22T07:01:35.143+0000][67][safepoint   ] Safepoint "Cleanup", Time since last: 1000896291 ns, Reaching safepoint: 94959 ns, At safepoint: 4583 ns, Total: 99542 ns
[2025-09-22T07:01:41.150+0000][67][safepoint   ] Safepoint "Cleanup", Time since last: 6006270336 ns, Reaching safepoint: 1452750 ns, At safepoint: 23750 ns, Total: 1476500 ns
[2025-09-22T07:01:53.168+0000][67][safepoint   ] Safepoint "Cleanup", Time since last: 12017595131 ns, Reaching safepoint: 320667 ns, At safepoint: 13541 ns, Total: 334208 ns
[2025-09-22T07:01:56.172+0000][67][safepoint   ] Safepoint "Cleanup", Time since last: 3003365877 ns, Reaching safepoint: 783833 ns, At safepoint: 16292 ns, Total: 800125 ns
[2025-09-22T07:01:59.176+0000][67][safepoint   ] Safepoint "Cleanup", Time since last: 3003427585 ns, Reaching safepoint: 472833 ns, At safepoint: 28333 ns, Total: 501166 ns
[2025-09-22T07:02:00.178+0000][67][safepoint   ] Safepoint "Cleanup", Time since last: 1001745917 ns, Reaching safepoint: 339334 ns, At safepoint: 13333 ns, Total: 352667 ns
[2025-09-22T07:02:01.180+0000][67][safepoint   ] Safepoint "Cleanup", Time since last: 1001386042 ns, Reaching safepoint: 69834 ns, At safepoint: 3708 ns, Total: 73542 ns
[2025-09-22T07:02:03.182+0000][67][safepoint   ] Safepoint "Cleanup", Time since last: 2001556751 ns, Reaching safepoint: 407833 ns, At safepoint: 13917 ns, Total: 421750 ns
[2025-09-22T07:02:04.184+0000][67][safepoint   ] Safepoint "Cleanup", Time since last: 1001635542 ns, Reaching safepoint: 371542 ns, At safepoint: 20458 ns, Total: 392000 ns
[2025-09-22T07:02:10.192+0000][67][safepoint   ] Safepoint "Cleanup", Time since last: 6007514127 ns, Reaching safepoint: 128042 ns, At safepoint: 7958 ns, Total: 136000 ns
[2025-09-22T07:02:11.194+0000][67][safepoint   ] Safepoint "Cleanup", Time since last: 1002023167 ns, Reaching safepoint: 363375 ns, At safepoint: 32042 ns, Total: 395417 ns
[2025-09-22T07:02:14.198+0000][67][safepoint   ] Safepoint "Cleanup", Time since last: 3003463501 ns, Reaching safepoint: 383667 ns, At safepoint: 19083 ns, Total: 402750 ns
[2025-09-22T07:02:17.202+0000][67][safepoint   ] Safepoint "Cleanup", Time since last: 3003476293 ns, Reaching safepoint: 100042 ns, At safepoint: 3958 ns, Total: 104000 ns
[2025-09-22T07:02:20.205+0000][67][safepoint   ] Safepoint "Cleanup", Time since last: 3003188710 ns, Reaching safepoint: 486625 ns, At safepoint: 9333 ns, Total: 495958 ns
[2025-09-22T07:02:23.209+0000][67][safepoint   ] Safepoint "Cleanup", Time since last: 3003464918 ns, Reaching safepoint: 294417 ns, At safepoint: 21417 ns, Total: 315834 ns
[2025-09-22T07:02:26.214+0000][67][safepoint   ] Safepoint "Cleanup", Time since last: 3004497710 ns, Reaching safepoint: 288500 ns, At safepoint: 33083 ns, Total: 321583 ns
[2025-09-22T07:02:27.217+0000][67][safepoint   ] Safepoint "Cleanup", Time since last: 1002078417 ns, Reaching safepoint: 359667 ns, At safepoint: 17166 ns, Total: 376833 ns
[2025-09-22T07:02:30.221+0000][67][safepoint   ] Safepoint "Cleanup", Time since last: 3004330710 ns, Reaching safepoint: 463792 ns, At safepoint: 19125 ns, Total: 482917 ns
[2025-09-22T07:02:31.224+0000][67][safepoint   ] Safepoint "Cleanup", Time since last: 1002871584 ns, Reaching safepoint: 230583 ns, At safepoint: 14000 ns, Total: 244583 ns
[2025-09-22T07:02:32.226+0000][67][safepoint   ] Safepoint "Cleanup", Time since last: 1001440250 ns, Reaching safepoint: 399500 ns, At safepoint: 18917 ns, Total: 418417 ns
[2025-09-22T07:02:33.228+0000][67][safepoint   ] Safepoint "Cleanup", Time since last: 1001088167 ns, Reaching safepoint: 352667 ns, At safepoint: 52583 ns, Total: 405250 ns
[2025-09-22T07:02:34.230+0000][67][safepoint   ] Safepoint "Cleanup", Time since last: 1001890626 ns, Reaching safepoint: 221166 ns, At safepoint: 13125 ns, Total: 234291 ns
[2025-09-22T07:02:36.232+0000][67][safepoint   ] Safepoint "Cleanup", Time since last: 2001751709 ns, Reaching safepoint: 63500 ns, At safepoint: 3000 ns, Total: 66500 ns
[2025-09-22T07:02:38.236+0000][67][safepoint   ] Safepoint "Cleanup", Time since last: 2003446168 ns, Reaching safepoint: 212125 ns, At safepoint: 10125 ns, Total: 222250 ns
[2025-09-22T07:02:41.242+0000][67][safepoint   ] Safepoint "Cleanup", Time since last: 3005492335 ns, Reaching safepoint: 431416 ns, At safepoint: 16084 ns, Total: 447500 ns
[2025-09-22T07:02:43.245+0000][67][safepoint   ] Safepoint "Cleanup", Time since last: 2003140417 ns, Reaching safepoint: 456542 ns, At safepoint: 19250 ns, Total: 475792 ns
[2025-09-22T07:02:44.249+0000][67][safepoint   ] Safepoint "Cleanup", Time since last: 1003055334 ns, Reaching safepoint: 319583 ns, At safepoint: 16583 ns, Total: 336166 ns
[2025-09-22T07:02:46.252+0000][67][safepoint   ] Safepoint "Cleanup", Time since last: 2002968960 ns, Reaching safepoint: 115208 ns, At safepoint: 5250 ns, Total: 120458 ns
[2025-09-22T07:02:48.255+0000][67][safepoint   ] Safepoint "Cleanup", Time since last: 2002312751 ns, Reaching safepoint: 859792 ns, At safepoint: 85166 ns, Total: 944958 ns
[2025-09-22T07:02:50.259+0000][67][safepoint   ] Safepoint "Cleanup", Time since last: 2003209126 ns, Reaching safepoint: 731000 ns, At safepoint: 22709 ns, Total: 753709 ns
[2025-09-22T07:02:51.261+0000][67][safepoint   ] Safepoint "Cleanup", Time since last: 1002023167 ns, Reaching safepoint: 275208 ns, At safepoint: 13417 ns, Total: 288625 ns
[2025-09-22T07:02:56.266+0000][67][safepoint   ] Safepoint "Cleanup", Time since last: 5004464002 ns, Reaching safepoint: 399375 ns, At safepoint: 15209 ns, Total: 414584 ns
[2025-09-22T07:03:00.274+0000][67][safepoint   ] Safepoint "Cleanup", Time since last: 4007087460 ns, Reaching safepoint: 672708 ns, At safepoint: 50292 ns, Total: 723000 ns
[2025-09-22T07:03:02.278+0000][67][safepoint   ] Safepoint "Cleanup", Time since last: 2004237792 ns, Reaching safepoint: 203459 ns, At safepoint: 9250 ns, Total: 212709 ns
[2025-09-22T07:03:03.281+0000][67][safepoint   ] Safepoint "Cleanup", Time since last: 1002615167 ns, Reaching safepoint: 279125 ns, At safepoint: 12667 ns, Total: 291792 ns
[2025-09-22T07:03:04.284+0000][67][safepoint   ] Safepoint "Cleanup", Time since last: 1002213583 ns, Reaching safepoint: 294500 ns, At safepoint: 13500 ns, Total: 308000 ns
[2025-09-22T07:03:05.286+0000][67][safepoint   ] Safepoint "Cleanup", Time since last: 1001392500 ns, Reaching safepoint: 322958 ns, At safepoint: 19375 ns, Total: 342333 ns
[2025-09-22T07:03:08.291+0000][67][safepoint   ] Safepoint "Cleanup", Time since last: 3004242543 ns, Reaching safepoint: 456375 ns, At safepoint: 18292 ns, Total: 474667 ns
[2025-09-22T07:03:09.293+0000][67][safepoint   ] Safepoint "Cleanup", Time since last: 1001456292 ns, Reaching safepoint: 380375 ns, At safepoint: 16250 ns, Total: 396625 ns
[2025-09-22T07:03:10.294+0000][67][safepoint   ] Safepoint "Cleanup", Time since last: 1000940542 ns, Reaching safepoint: 278000 ns, At safepoint: 18500 ns, Total: 296500 ns
[2025-09-22T07:03:14.300+0000][67][safepoint   ] Safepoint "Cleanup", Time since last: 4005230877 ns, Reaching safepoint: 374292 ns, At safepoint: 14833 ns, Total: 389125 ns
[2025-09-22T07:03:19.679+0000][67][gc,start    ] GC(26) Pause Young (Normal) (G1 Evacuation Pause)
[2025-09-22T07:03:19.679+0000][67][gc,task     ] GC(26) Using 8 workers of 8 for evacuation
[2025-09-22T07:03:19.680+0000][67][gc,age      ] GC(26) Desired survivor size 20971520 bytes, new threshold 15 (max threshold 15)
[2025-09-22T07:03:19.704+0000][67][gc,phases   ] GC(26)   Pre Evacuate Collection Set: 0.5ms
[2025-09-22T07:03:19.704+0000][67][gc,phases   ] GC(26)   Merge Heap Roots: 0.2ms
[2025-09-22T07:03:19.704+0000][67][gc,phases   ] GC(26)   Evacuate Collection Set: 21.1ms
[2025-09-22T07:03:19.704+0000][67][gc,phases   ] GC(26)   Post Evacuate Collection Set: 2.5ms
[2025-09-22T07:03:19.704+0000][67][gc,phases   ] GC(26)   Other: 0.4ms
[2025-09-22T07:03:19.705+0000][67][gc,age      ] GC(26) Age table with threshold 15 (max threshold 15)
[2025-09-22T07:03:19.705+0000][67][gc,age      ] GC(26) - age   1:     903888 bytes,     903888 total
[2025-09-22T07:03:19.705+0000][67][gc,age      ] GC(26) - age   2:     318320 bytes,    1222208 total
[2025-09-22T07:03:19.705+0000][67][gc,age      ] GC(26) - age   3:      34264 bytes,    1256472 total
[2025-09-22T07:03:19.705+0000][67][gc,age      ] GC(26) - age   4:      74432 bytes,    1330904 total
[2025-09-22T07:03:19.705+0000][67][gc,age      ] GC(26) - age   5:    1510496 bytes,    2841400 total
[2025-09-22T07:03:19.705+0000][67][gc,age      ] GC(26) - age   6:      32816 bytes,    2874216 total
[2025-09-22T07:03:19.705+0000][67][gc,age      ] GC(26) - age   7:      62768 bytes,    2936984 total
[2025-09-22T07:03:19.705+0000][67][gc,age      ] GC(26) - age   8:     475072 bytes,    3412056 total
[2025-09-22T07:03:19.705+0000][67][gc,age      ] GC(26) - age   9:     574792 bytes,    3986848 total
[2025-09-22T07:03:19.705+0000][67][gc,age      ] GC(26) - age  10:    2699872 bytes,    6686720 total
[2025-09-22T07:03:19.705+0000][67][gc,age      ] GC(26) - age  11:    4858872 bytes,   11545592 total
[2025-09-22T07:03:19.705+0000][67][gc,heap     ] GC(26) Eden regions: 73->0(73)
[2025-09-22T07:03:19.705+0000][67][gc,heap     ] GC(26) Survivor regions: 3->3(10)
[2025-09-22T07:03:19.705+0000][67][gc,heap     ] GC(26) Old regions: 23->23
[2025-09-22T07:03:19.705+0000][67][gc,heap     ] GC(26) Archive regions: 2->2
[2025-09-22T07:03:19.705+0000][67][gc,heap     ] GC(26) Humongous regions: 4->4
[2025-09-22T07:03:19.705+0000][67][gc,metaspace] GC(26) Metaspace: 138178K(141696K)->138178K(141696K) NonClass: 120267K(122048K)->120267K(122048K) Class: 17911K(19648K)->17911K(19648K)
[2025-09-22T07:03:19.705+0000][67][gc          ] GC(26) Pause Young (Normal) (G1 Evacuation Pause) 412M->120M(512M) 26.457ms
[2025-09-22T07:03:19.705+0000][67][gc,cpu      ] GC(26) User=0.15s Sys=0.00s Real=0.02s
[2025-09-22T07:03:19.705+0000][67][safepoint   ] Safepoint "G1CollectForAllocation", Time since last: 5378760044 ns, Reaching safepoint: 436250 ns, At safepoint: 26637084 ns, Total: 27073334 ns
[2025-09-22T07:03:20.708+0000][67][safepoint   ] Safepoint "Cleanup", Time since last: 1001980792 ns, Reaching safepoint: 326083 ns, At safepoint: 11792 ns, Total: 337875 ns
[2025-09-22T07:03:26.716+0000][67][safepoint   ] Safepoint "Cleanup", Time since last: 6007491753 ns, Reaching safepoint: 440583 ns, At safepoint: 16583 ns, Total: 457166 ns
[2025-09-22T07:03:28.720+0000][67][safepoint   ] Safepoint "Cleanup", Time since last: 2003249001 ns, Reaching safepoint: 714542 ns, At safepoint: 13667 ns, Total: 728209 ns
[2025-09-22T07:03:31.724+0000][67][safepoint   ] Safepoint "Cleanup", Time since last: 3003935001 ns, Reaching safepoint: 194083 ns, At safepoint: 9834 ns, Total: 203917 ns
[2025-09-22T07:03:34.726+0000][67][safepoint   ] Safepoint "Cleanup", Time since last: 3002899376 ns, Reaching safepoint: 83916 ns, At safepoint: 2834 ns, Total: 86750 ns
[2025-09-22T07:03:35.728+0000][67][safepoint   ] Safepoint "Cleanup", Time since last: 1001287542 ns, Reaching safepoint: 587500 ns, At safepoint: 12916 ns, Total: 600416 ns
[2025-09-22T07:03:46.743+0000][67][safepoint   ] Safepoint "Cleanup", Time since last: 11014943506 ns, Reaching safepoint: 533750 ns, At safepoint: 14708 ns, Total: 548458 ns
[2025-09-22T07:03:47.746+0000][67][safepoint   ] Safepoint "Cleanup", Time since last: 1001559875 ns, Reaching safepoint: 714500 ns, At safepoint: 16125 ns, Total: 730625 ns
[2025-09-22T07:03:50.752+0000][67][safepoint   ] Safepoint "Cleanup", Time since last: 3006449669 ns, Reaching safepoint: 293958 ns, At safepoint: 15042 ns, Total: 309000 ns
[2025-09-22T07:03:51.754+0000][67][safepoint   ] Safepoint "Cleanup", Time since last: 1001525167 ns, Reaching safepoint: 285166 ns, At safepoint: 13417 ns, Total: 298583 ns
[2025-09-22T07:03:52.755+0000][67][safepoint   ] Safepoint "Cleanup", Time since last: 1000670751 ns, Reaching safepoint: 99625 ns, At safepoint: 6875 ns, Total: 106500 ns
[2025-09-22T07:03:53.758+0000][67][safepoint   ] Safepoint "Cleanup", Time since last: 1002545875 ns, Reaching safepoint: 263917 ns, At safepoint: 13625 ns, Total: 277542 ns
[2025-09-22T07:03:54.760+0000][67][safepoint   ] Safepoint "Cleanup", Time since last: 1001456208 ns, Reaching safepoint: 250209 ns, At safepoint: 10875 ns, Total: 261084 ns
[2025-09-22T07:03:58.766+0000][67][safepoint   ] Safepoint "Cleanup", Time since last: 4006220252 ns, Reaching safepoint: 136375 ns, At safepoint: 4791 ns, Total: 141166 ns
[2025-09-22T07:03:59.769+0000][67][safepoint   ] Safepoint "Cleanup", Time since last: 1002369543 ns, Reaching safepoint: 570541 ns, At safepoint: 31250 ns, Total: 601791 ns
[2025-09-22T07:04:00.771+0000][67][safepoint   ] Safepoint "Cleanup", Time since last: 1001957209 ns, Reaching safepoint: 307125 ns, At safepoint: 15875 ns, Total: 323000 ns
[2025-09-22T07:04:01.773+0000][67][safepoint   ] Safepoint "Cleanup", Time since last: 1001896000 ns, Reaching safepoint: 187375 ns, At safepoint: 10709 ns, Total: 198084 ns
[2025-09-22T07:04:04.785+0000][67][safepoint   ] Safepoint "Cleanup", Time since last: 3009911167 ns, Reaching safepoint: 322834 ns, At safepoint: 5041 ns, Total: 327875 ns
[2025-09-22T07:04:06.789+0000][67][safepoint   ] Safepoint "Cleanup", Time since last: 2003890001 ns, Reaching safepoint: 697917 ns, At safepoint: 11042 ns, Total: 708959 ns
[2025-09-22T07:04:10.795+0000][67][safepoint   ] Safepoint "Cleanup", Time since last: 4005075876 ns, Reaching safepoint: 145834 ns, At safepoint: 4500 ns, Total: 150334 ns
[2025-09-22T07:04:11.796+0000][67][safepoint   ] Safepoint "Cleanup", Time since last: 1001270625 ns, Reaching safepoint: 543042 ns, At safepoint: 15625 ns, Total: 558667 ns
[2025-09-22T07:04:16.805+0000][67][safepoint   ] Safepoint "Cleanup", Time since last: 5008561836 ns, Reaching safepoint: 199541 ns, At safepoint: 11959 ns, Total: 211500 ns
[2025-09-22T07:04:23.815+0000][67][safepoint   ] Safepoint "Cleanup", Time since last: 7009386461 ns, Reaching safepoint: 920125 ns, At safepoint: 14625 ns, Total: 934750 ns
[2025-09-22T07:04:28.821+0000][67][safepoint   ] Safepoint "Cleanup", Time since last: 5005814044 ns, Reaching safepoint: 86125 ns, At safepoint: 5125 ns, Total: 91250 ns
[2025-09-22T07:04:29.824+0000][67][safepoint   ] Safepoint "Cleanup", Time since last: 1002526918 ns, Reaching safepoint: 196541 ns, At safepoint: 8167 ns, Total: 204708 ns
[2025-09-22T07:04:30.825+0000][67][safepoint   ] Safepoint "Cleanup", Time since last: 1001150834 ns, Reaching safepoint: 84458 ns, At safepoint: 4042 ns, Total: 88500 ns
[2025-09-22T07:04:34.834+0000][67][safepoint   ] Safepoint "Cleanup", Time since last: 4008004251 ns, Reaching safepoint: 207083 ns, At safepoint: 7917 ns, Total: 215000 ns
[2025-09-22T07:04:35.836+0000][67][safepoint   ] Safepoint "Cleanup", Time since last: 1001449042 ns, Reaching safepoint: 386042 ns, At safepoint: 15916 ns, Total: 401958 ns
[2025-09-22T07:04:36.838+0000][67][safepoint   ] Safepoint "Cleanup", Time since last: 1001737543 ns, Reaching safepoint: 257583 ns, At safepoint: 16250 ns, Total: 273833 ns
[2025-09-22T07:04:40.843+0000][67][safepoint   ] Safepoint "Cleanup", Time since last: 4004696002 ns, Reaching safepoint: 124417 ns, At safepoint: 3708 ns, Total: 128125 ns
[2025-09-22T07:04:46.849+0000][67][safepoint   ] Safepoint "Cleanup", Time since last: 6006414044 ns, Reaching safepoint: 298459 ns, At safepoint: 9541 ns, Total: 308000 ns
[2025-09-22T07:04:52.755+0000][67][gc,start    ] GC(27) Pause Young (Normal) (G1 Evacuation Pause)
[2025-09-22T07:04:52.755+0000][67][gc,task     ] GC(27) Using 8 workers of 8 for evacuation
[2025-09-22T07:04:52.755+0000][67][gc,age      ] GC(27) Desired survivor size 20971520 bytes, new threshold 15 (max threshold 15)
[2025-09-22T07:04:52.777+0000][67][gc,phases   ] GC(27)   Pre Evacuate Collection Set: 0.2ms
[2025-09-22T07:04:52.777+0000][67][gc,phases   ] GC(27)   Merge Heap Roots: 0.2ms
[2025-09-22T07:04:52.777+0000][67][gc,phases   ] GC(27)   Evacuate Collection Set: 19.7ms
[2025-09-22T07:04:52.777+0000][67][gc,phases   ] GC(27)   Post Evacuate Collection Set: 1.9ms
[2025-09-22T07:04:52.778+0000][67][gc,phases   ] GC(27)   Other: 0.3ms
[2025-09-22T07:04:52.778+0000][67][gc,age      ] GC(27) Age table with threshold 15 (max threshold 15)
[2025-09-22T07:04:52.778+0000][67][gc,age      ] GC(27) - age   1:    2210064 bytes,    2210064 total
[2025-09-22T07:04:52.778+0000][67][gc,age      ] GC(27) - age   2:     198440 bytes,    2408504 total
[2025-09-22T07:04:52.778+0000][67][gc,age      ] GC(27) - age   3:     151800 bytes,    2560304 total
[2025-09-22T07:04:52.778+0000][67][gc,age      ] GC(27) - age   4:      33880 bytes,    2594184 total
[2025-09-22T07:04:52.778+0000][67][gc,age      ] GC(27) - age   5:      73896 bytes,    2668080 total
[2025-09-22T07:04:52.778+0000][67][gc,age      ] GC(27) - age   6:    1312752 bytes,    3980832 total
[2025-09-22T07:04:52.778+0000][67][gc,age      ] GC(27) - age   7:      32816 bytes,    4013648 total
[2025-09-22T07:04:52.778+0000][67][gc,age      ] GC(27) - age   8:      62768 bytes,    4076416 total
[2025-09-22T07:04:52.778+0000][67][gc,age      ] GC(27) - age   9:     475072 bytes,    4551488 total
[2025-09-22T07:04:52.778+0000][67][gc,age      ] GC(27) - age  10:     574792 bytes,    5126280 total
[2025-09-22T07:04:52.778+0000][67][gc,age      ] GC(27) - age  11:    2698696 bytes,    7824976 total
[2025-09-22T07:04:52.778+0000][67][gc,age      ] GC(27) - age  12:    4858728 bytes,   12683704 total
[2025-09-22T07:04:52.778+0000][67][gc,heap     ] GC(27) Eden regions: 73->0(71)
[2025-09-22T07:04:52.778+0000][67][gc,heap     ] GC(27) Survivor regions: 3->4(10)
[2025-09-22T07:04:52.778+0000][67][gc,heap     ] GC(27) Old regions: 23->23
[2025-09-22T07:04:52.778+0000][67][gc,heap     ] GC(27) Archive regions: 2->2
[2025-09-22T07:04:52.778+0000][67][gc,heap     ] GC(27) Humongous regions: 4->4
[2025-09-22T07:04:52.778+0000][67][gc,metaspace] GC(27) Metaspace: 138493K(142016K)->138493K(142016K) NonClass: 120563K(122368K)->120563K(122368K) Class: 17930K(19648K)->17930K(19648K)
[2025-09-22T07:04:52.778+0000][67][gc          ] GC(27) Pause Young (Normal) (G1 Evacuation Pause) 412M->121M(512M) 23.591ms
[2025-09-22T07:04:52.778+0000][67][gc,cpu      ] GC(27) User=0.14s Sys=0.00s Real=0.02s
[2025-09-22T07:04:52.778+0000][67][safepoint   ] Safepoint "G1CollectForAllocation", Time since last: 5905102337 ns, Reaching safepoint: 110750 ns, At safepoint: 23801291 ns, Total: 23912041 ns
[2025-09-22T07:04:53.809+0000][67][safepoint   ] Safepoint "Cleanup", Time since last: 1030387501 ns, Reaching safepoint: 412083 ns, At safepoint: 18000 ns, Total: 430083 ns
[2025-09-22T07:04:58.819+0000][67][safepoint   ] Safepoint "Cleanup", Time since last: 5009390377 ns, Reaching safepoint: 79917 ns, At safepoint: 9542 ns, Total: 89459 ns
[2025-09-22T07:05:00.836+0000][67][safepoint   ] Safepoint "Cleanup", Time since last: 2016716126 ns, Reaching safepoint: 992125 ns, At safepoint: 23125 ns, Total: 1015250 ns
[2025-09-22T07:05:01.839+0000][67][safepoint   ] Safepoint "Cleanup", Time since last: 1002965792 ns, Reaching safepoint: 54542 ns, At safepoint: 2541 ns, Total: 57083 ns
[2025-09-22T07:05:04.843+0000][67][safepoint   ] Safepoint "Cleanup", Time since last: 3002956960 ns, Reaching safepoint: 254750 ns, At safepoint: 21875 ns, Total: 276625 ns
[2025-09-22T07:05:08.849+0000][67][safepoint   ] Safepoint "Cleanup", Time since last: 4005158752 ns, Reaching safepoint: 179125 ns, At safepoint: 87125 ns, Total: 266250 ns
[2025-09-22T07:05:10.851+0000][67][safepoint   ] Safepoint "Cleanup", Time since last: 2002309167 ns, Reaching safepoint: 245209 ns, At safepoint: 15333 ns, Total: 260542 ns
[2025-09-22T07:05:18.864+0000][67][safepoint   ] Safepoint "Cleanup", Time since last: 8012091545 ns, Reaching safepoint: 321417 ns, At safepoint: 9792 ns, Total: 331209 ns
[2025-09-22T07:05:22.870+0000][67][safepoint   ] Safepoint "Cleanup", Time since last: 4005853918 ns, Reaching safepoint: 146292 ns, At safepoint: 4375 ns, Total: 150667 ns
[2025-09-22T07:05:28.878+0000][67][safepoint   ] Safepoint "Cleanup", Time since last: 6008055294 ns, Reaching safepoint: 186334 ns, At safepoint: 19125 ns, Total: 205459 ns
[2025-09-22T07:05:30.881+0000][67][safepoint   ] Safepoint "Cleanup", Time since last: 2002523251 ns, Reaching safepoint: 629750 ns, At safepoint: 30166 ns, Total: 659916 ns
[2025-09-22T07:05:33.884+0000][67][safepoint   ] Safepoint "Cleanup", Time since last: 3002894710 ns, Reaching safepoint: 154875 ns, At safepoint: 15458 ns, Total: 170333 ns
[2025-09-22T07:05:34.883+0000][67][safepoint   ] Safepoint "Cleanup", Time since last: 1000960167 ns, Reaching safepoint: 81542 ns, At safepoint: 3458 ns, Total: 85000 ns
[2025-09-22T07:05:40.893+0000][67][safepoint   ] Safepoint "Cleanup", Time since last: 6009471045 ns, Reaching safepoint: 294041 ns, At safepoint: 15584 ns, Total: 309625 ns
[2025-09-22T07:05:46.900+0000][67][safepoint   ] Safepoint "Cleanup", Time since last: 6006158461 ns, Reaching safepoint: 413625 ns, At safepoint: 16625 ns, Total: 430250 ns
[2025-09-22T07:05:47.902+0000][67][safepoint   ] Safepoint "Cleanup", Time since last: 1002089000 ns, Reaching safepoint: 360334 ns, At safepoint: 14500 ns, Total: 374834 ns
[2025-09-22T07:05:59.942+0000][67][safepoint   ] Safepoint "Cleanup", Time since last: 12039237547 ns, Reaching safepoint: 362917 ns, At safepoint: 15458 ns, Total: 378375 ns
[2025-09-22T07:06:00.944+0000][67][safepoint   ] Safepoint "Cleanup", Time since last: 1001745584 ns, Reaching safepoint: 330291 ns, At safepoint: 17625 ns, Total: 347916 ns
[2025-09-22T07:06:01.951+0000][67][safepoint   ] Safepoint "Cleanup", Time since last: 1003236751 ns, Reaching safepoint: 3703250 ns, At safepoint: 22958 ns, Total: 3726208 ns
[2025-09-22T07:06:06.957+0000][67][safepoint   ] Safepoint "Cleanup", Time since last: 5005822377 ns, Reaching safepoint: 644709 ns, At safepoint: 20708 ns, Total: 665417 ns
[2025-09-22T07:06:10.961+0000][67][safepoint   ] Safepoint "Cleanup", Time since last: 4003768877 ns, Reaching safepoint: 173208 ns, At safepoint: 7959 ns, Total: 181167 ns
[2025-09-22T07:06:11.965+0000][67][safepoint   ] Safepoint "Cleanup", Time since last: 1002857833 ns, Reaching safepoint: 485375 ns, At safepoint: 21125 ns, Total: 506500 ns
[2025-09-22T07:06:16.973+0000][67][safepoint   ] Safepoint "Cleanup", Time since last: 5007894169 ns, Reaching safepoint: 115792 ns, At safepoint: 3917 ns, Total: 119709 ns
[2025-09-22T07:06:17.974+0000][67][safepoint   ] Safepoint "Cleanup", Time since last: 1001121709 ns, Reaching safepoint: 190000 ns, At safepoint: 8750 ns, Total: 198750 ns
[2025-09-22T07:06:18.976+0000][67][safepoint   ] Safepoint "Cleanup", Time since last: 1001989208 ns, Reaching safepoint: 469917 ns, At safepoint: 18042 ns, Total: 487959 ns
[2025-09-22T07:06:22.982+0000][67][safepoint   ] Safepoint "Cleanup", Time since last: 4004616293 ns, Reaching safepoint: 681042 ns, At safepoint: 20958 ns, Total: 702000 ns
[2025-09-22T07:06:28.990+0000][67][safepoint   ] Safepoint "Cleanup", Time since last: 6007548545 ns, Reaching safepoint: 288166 ns, At safepoint: 15084 ns, Total: 303250 ns
[2025-09-22T07:06:34.748+0000][67][gc,start    ] GC(28) Pause Young (Normal) (G1 Evacuation Pause)
[2025-09-22T07:06:34.750+0000][67][gc,task     ] GC(28) Using 8 workers of 8 for evacuation
[2025-09-22T07:06:34.750+0000][67][gc,age      ] GC(28) Desired survivor size 20971520 bytes, new threshold 15 (max threshold 15)
[2025-09-22T07:06:34.787+0000][67][gc,phases   ] GC(28)   Pre Evacuate Collection Set: 0.9ms
[2025-09-22T07:06:34.790+0000][67][gc,phases   ] GC(28)   Merge Heap Roots: 0.9ms
[2025-09-22T07:06:34.790+0000][67][gc,phases   ] GC(28)   Evacuate Collection Set: 31.1ms
[2025-09-22T07:06:34.790+0000][67][gc,phases   ] GC(28)   Post Evacuate Collection Set: 3.4ms
[2025-09-22T07:06:34.790+0000][67][gc,phases   ] GC(28)   Other: 0.9ms
[2025-09-22T07:06:34.790+0000][67][gc,age      ] GC(28) Age table with threshold 15 (max threshold 15)
[2025-09-22T07:06:34.790+0000][67][gc,age      ] GC(28) - age   1:    2151544 bytes,    2151544 total
[2025-09-22T07:06:34.790+0000][67][gc,age      ] GC(28) - age   2:     497456 bytes,    2649000 total
[2025-09-22T07:06:34.790+0000][67][gc,age      ] GC(28) - age   3:      47952 bytes,    2696952 total
[2025-09-22T07:06:34.790+0000][67][gc,age      ] GC(28) - age   4:     150312 bytes,    2847264 total
[2025-09-22T07:06:34.790+0000][67][gc,age      ] GC(28) - age   5:      33416 bytes,    2880680 total
[2025-09-22T07:06:34.790+0000][67][gc,age      ] GC(28) - age   6:      70368 bytes,    2951048 total
[2025-09-22T07:06:34.790+0000][67][gc,age      ] GC(28) - age   7:    1312664 bytes,    4263712 total
[2025-09-22T07:06:34.790+0000][67][gc,age      ] GC(28) - age   8:      32816 bytes,    4296528 total
[2025-09-22T07:06:34.790+0000][67][gc,age      ] GC(28) - age   9:      62488 bytes,    4359016 total
[2025-09-22T07:06:34.790+0000][67][gc,age      ] GC(28) - age  10:     475072 bytes,    4834088 total
[2025-09-22T07:06:34.790+0000][67][gc,age      ] GC(28) - age  11:     573912 bytes,    5408000 total
[2025-09-22T07:06:34.790+0000][67][gc,age      ] GC(28) - age  12:    2688616 bytes,    8096616 total
[2025-09-22T07:06:34.790+0000][67][gc,age      ] GC(28) - age  13:    4858688 bytes,   12955304 total
[2025-09-22T07:06:34.790+0000][67][gc,heap     ] GC(28) Eden regions: 71->0(71)
[2025-09-22T07:06:34.790+0000][67][gc,heap     ] GC(28) Survivor regions: 4->4(10)
[2025-09-22T07:06:34.790+0000][67][gc,heap     ] GC(28) Old regions: 23->23
[2025-09-22T07:06:34.790+0000][67][gc,heap     ] GC(28) Archive regions: 2->2
[2025-09-22T07:06:34.790+0000][67][gc,heap     ] GC(28) Humongous regions: 4->4
[2025-09-22T07:06:34.790+0000][67][gc,metaspace] GC(28) Metaspace: 138606K(142080K)->138606K(142080K) NonClass: 120670K(122432K)->120670K(122432K) Class: 17935K(19648K)->17935K(19648K)
[2025-09-22T07:06:34.790+0000][67][gc          ] GC(28) Pause Young (Normal) (G1 Evacuation Pause) 405M->122M(512M) 42.622ms
[2025-09-22T07:06:34.791+0000][67][gc,cpu      ] GC(28) User=0.14s Sys=0.00s Real=0.05s
[2025-09-22T07:06:34.791+0000][67][safepoint   ] Safepoint "G1CollectForAllocation", Time since last: 5755457585 ns, Reaching safepoint: 1099334 ns, At safepoint: 42836833 ns, Total: 43936167 ns
[2025-09-22T07:06:35.793+0000][67][safepoint   ] Safepoint "Cleanup", Time since last: 1002271917 ns, Reaching safepoint: 149958 ns, At safepoint: 6500 ns, Total: 156458 ns
[2025-09-22T07:06:36.794+0000][67][safepoint   ] Safepoint "Cleanup", Time since last: 1001289376 ns, Reaching safepoint: 99708 ns, At safepoint: 6709 ns, Total: 106417 ns
[2025-09-22T07:06:52.814+0000][67][safepoint   ] Safepoint "Cleanup", Time since last: 16019674716 ns, Reaching safepoint: 70458 ns, At safepoint: 3667 ns, Total: 74125 ns
[2025-09-22T07:06:53.815+0000][67][safepoint   ] Safepoint "Cleanup", Time since last: 1000899792 ns, Reaching safepoint: 227041 ns, At safepoint: 15709 ns, Total: 242750 ns
[2025-09-22T07:07:04.833+0000][67][safepoint   ] Safepoint "Cleanup", Time since last: 11017569546 ns, Reaching safepoint: 232834 ns, At safepoint: 9166 ns, Total: 242000 ns
[2025-09-22T07:07:05.834+0000][67][safepoint   ] Safepoint "Cleanup", Time since last: 1000936959 ns, Reaching safepoint: 266625 ns, At safepoint: 15542 ns, Total: 282167 ns
[2025-09-22T07:07:08.840+0000][67][safepoint   ] Safepoint "Cleanup", Time since last: 3005164751 ns, Reaching safepoint: 441209 ns, At safepoint: 14458 ns, Total: 455667 ns
[2025-09-22T07:07:10.842+0000][67][safepoint   ] Safepoint "Cleanup", Time since last: 2001862209 ns, Reaching safepoint: 127500 ns, At safepoint: 5708 ns, Total: 133208 ns
[2025-09-22T07:07:11.843+0000][67][safepoint   ] Safepoint "Cleanup", Time since last: 1000790793 ns, Reaching safepoint: 351416 ns, At safepoint: 14667 ns, Total: 366083 ns
[2025-09-22T07:07:13.845+0000][67][safepoint   ] Safepoint "Cleanup", Time since last: 2001798709 ns, Reaching safepoint: 374875 ns, At safepoint: 17584 ns, Total: 392459 ns
[2025-09-22T07:07:15.849+0000][67][safepoint   ] Safepoint "Cleanup", Time since last: 2003188459 ns, Reaching safepoint: 687167 ns, At safepoint: 19458 ns, Total: 706625 ns
[2025-09-22T07:07:16.851+0000][67][safepoint   ] Safepoint "Cleanup", Time since last: 1001948042 ns, Reaching safepoint: 77542 ns, At safepoint: 4875 ns, Total: 82417 ns
[2025-09-22T07:07:20.855+0000][67][safepoint   ] Safepoint "Cleanup", Time since last: 4003513168 ns, Reaching safepoint: 231875 ns, At safepoint: 9625 ns, Total: 241500 ns
[2025-09-22T07:07:23.858+0000][67][safepoint   ] Safepoint "Cleanup", Time since last: 3002794252 ns, Reaching safepoint: 242750 ns, At safepoint: 13041 ns, Total: 255791 ns
[2025-09-22T07:07:24.861+0000][67][safepoint   ] Safepoint "Cleanup", Time since last: 1002839376 ns, Reaching safepoint: 201458 ns, At safepoint: 8458 ns, Total: 209916 ns
[2025-09-22T07:07:28.866+0000][67][safepoint   ] Safepoint "Cleanup", Time since last: 4004576502 ns, Reaching safepoint: 151167 ns, At safepoint: 8958 ns, Total: 160125 ns
[2025-09-22T07:07:36.876+0000][67][safepoint   ] Safepoint "Cleanup", Time since last: 8009019545 ns, Reaching safepoint: 294667 ns, At safepoint: 27375 ns, Total: 322042 ns
[2025-09-22T07:07:40.886+0000][67][safepoint   ] Safepoint "Cleanup", Time since last: 4009412418 ns, Reaching safepoint: 136250 ns, At safepoint: 6375 ns, Total: 142625 ns
[2025-09-22T07:07:47.896+0000][67][safepoint   ] Safepoint "Cleanup", Time since last: 7009509462 ns, Reaching safepoint: 496042 ns, At safepoint: 22833 ns, Total: 518875 ns
[2025-09-22T07:07:52.902+0000][67][safepoint   ] Safepoint "Cleanup", Time since last: 5005884086 ns, Reaching safepoint: 321500 ns, At safepoint: 7791 ns, Total: 329291 ns
[2025-09-22T07:07:53.909+0000][67][safepoint   ] Safepoint "Cleanup", Time since last: 1006523167 ns, Reaching safepoint: 327542 ns, At safepoint: 14750 ns, Total: 342292 ns
[2025-09-22T07:08:04.925+0000][67][safepoint   ] Safepoint "Cleanup", Time since last: 11016544088 ns, Reaching safepoint: 661292 ns, At safepoint: 21958 ns, Total: 683250 ns
[2025-09-22T07:08:06.929+0000][67][safepoint   ] Safepoint "Cleanup", Time since last: 2003050460 ns, Reaching safepoint: 344125 ns, At safepoint: 15666 ns, Total: 359791 ns
[2025-09-22T07:08:07.930+0000][67][safepoint   ] Safepoint "Cleanup", Time since last: 1001323834 ns, Reaching safepoint: 176000 ns, At safepoint: 8625 ns, Total: 184625 ns
[2025-09-22T07:08:10.933+0000][67][safepoint   ] Safepoint "Cleanup", Time since last: 3002707210 ns, Reaching safepoint: 134500 ns, At safepoint: 7375 ns, Total: 141875 ns
[2025-09-22T07:08:16.806+0000][67][gc,start    ] GC(29) Pause Young (Normal) (G1 Evacuation Pause)
[2025-09-22T07:08:16.807+0000][67][gc,task     ] GC(29) Using 8 workers of 8 for evacuation
[2025-09-22T07:08:16.807+0000][67][gc,age      ] GC(29) Desired survivor size 20971520 bytes, new threshold 15 (max threshold 15)
[2025-09-22T07:08:16.837+0000][67][gc,phases   ] GC(29)   Pre Evacuate Collection Set: 0.3ms
[2025-09-22T07:08:16.837+0000][67][gc,phases   ] GC(29)   Merge Heap Roots: 0.2ms
[2025-09-22T07:08:16.837+0000][67][gc,phases   ] GC(29)   Evacuate Collection Set: 25.0ms
[2025-09-22T07:08:16.837+0000][67][gc,phases   ] GC(29)   Post Evacuate Collection Set: 4.4ms
[2025-09-22T07:08:16.837+0000][67][gc,phases   ] GC(29)   Other: 0.4ms
[2025-09-22T07:08:16.837+0000][67][gc,age      ] GC(29) Age table with threshold 15 (max threshold 15)
[2025-09-22T07:08:16.837+0000][67][gc,age      ] GC(29) - age   1:    1473160 bytes,    1473160 total
[2025-09-22T07:08:16.837+0000][67][gc,age      ] GC(29) - age   2:     389584 bytes,    1862744 total
[2025-09-22T07:08:16.837+0000][67][gc,age      ] GC(29) - age   3:     494656 bytes,    2357400 total
[2025-09-22T07:08:16.837+0000][67][gc,age      ] GC(29) - age   4:      47696 bytes,    2405096 total
[2025-09-22T07:08:16.837+0000][67][gc,age      ] GC(29) - age   5:     150056 bytes,    2555152 total
[2025-09-22T07:08:16.837+0000][67][gc,age      ] GC(29) - age   6:      33288 bytes,    2588440 total
[2025-09-22T07:08:16.837+0000][67][gc,age      ] GC(29) - age   7:      70368 bytes,    2658808 total
[2025-09-22T07:08:16.837+0000][67][gc,age      ] GC(29) - age   8:    1312600 bytes,    3971408 total
[2025-09-22T07:08:16.838+0000][67][gc,age      ] GC(29) - age   9:      32816 bytes,    4004224 total
[2025-09-22T07:08:16.838+0000][67][gc,age      ] GC(29) - age  10:      62304 bytes,    4066528 total
[2025-09-22T07:08:16.838+0000][67][gc,age      ] GC(29) - age  11:     475072 bytes,    4541600 total
[2025-09-22T07:08:16.838+0000][67][gc,age      ] GC(29) - age  12:     573912 bytes,    5115512 total
[2025-09-22T07:08:16.838+0000][67][gc,age      ] GC(29) - age  13:    2688616 bytes,    7804128 total
[2025-09-22T07:08:16.838+0000][67][gc,age      ] GC(29) - age  14:    4858688 bytes,   12662816 total
[2025-09-22T07:08:16.838+0000][67][gc,heap     ] GC(29) Eden regions: 71->0(71)
[2025-09-22T07:08:16.838+0000][67][gc,heap     ] GC(29) Survivor regions: 4->4(10)
[2025-09-22T07:08:16.838+0000][67][gc,heap     ] GC(29) Old regions: 23->23
[2025-09-22T07:08:16.838+0000][67][gc,heap     ] GC(29) Archive regions: 2->2
[2025-09-22T07:08:16.838+0000][67][gc,heap     ] GC(29) Humongous regions: 4->4
[2025-09-22T07:08:16.838+0000][67][gc,metaspace] GC(29) Metaspace: 138667K(142144K)->138667K(142144K) NonClass: 120732K(122496K)->120732K(122496K) Class: 17935K(19648K)->17935K(19648K)
[2025-09-22T07:08:16.838+0000][67][gc          ] GC(29) Pause Young (Normal) (G1 Evacuation Pause) 406M->121M(512M) 32.028ms
[2025-09-22T07:08:16.838+0000][67][gc,cpu      ] GC(29) User=0.17s Sys=0.01s Real=0.03s
[2025-09-22T07:08:16.838+0000][67][safepoint   ] Safepoint "G1CollectForAllocation", Time since last: 5872694919 ns, Reaching safepoint: 497042 ns, At safepoint: 32235917 ns, Total: 32732959 ns
[2025-09-22T07:08:17.840+0000][67][safepoint   ] Safepoint "Cleanup", Time since last: 1001102667 ns, Reaching safepoint: 426958 ns, At safepoint: 17625 ns, Total: 444583 ns
[2025-09-22T07:08:18.841+0000][67][safepoint   ] Safepoint "Cleanup", Time since last: 1000858542 ns, Reaching safepoint: 84667 ns, At safepoint: 5958 ns, Total: 90625 ns
[2025-09-22T07:08:22.844+0000][67][safepoint   ] Safepoint "Cleanup", Time since last: 4003364294 ns, Reaching safepoint: 129417 ns, At safepoint: 6875 ns, Total: 136292 ns
[2025-09-22T07:08:25.849+0000][67][safepoint   ] Safepoint "Cleanup", Time since last: 3004403793 ns, Reaching safepoint: 169666 ns, At safepoint: 10209 ns, Total: 179875 ns
[2025-09-22T07:08:47.887+0000][67][safepoint   ] Safepoint "Cleanup", Time since last: 22035260010 ns, Reaching safepoint: 979833 ns, At safepoint: 31083 ns, Total: 1010916 ns
[2025-09-22T07:08:58.905+0000][67][safepoint   ] Safepoint "Cleanup", Time since last: 11018394589 ns, Reaching safepoint: 359458 ns, At safepoint: 10084 ns, Total: 369542 ns
[2025-09-22T07:08:59.907+0000][67][safepoint   ] Safepoint "Cleanup", Time since last: 1001804625 ns, Reaching safepoint: 149584 ns, At safepoint: 5166 ns, Total: 154750 ns
[2025-09-22T07:09:00.910+0000][67][safepoint   ] Safepoint "Cleanup", Time since last: 1002078001 ns, Reaching safepoint: 207541 ns, At safepoint: 48375 ns, Total: 255916 ns
[2025-09-22T07:09:04.914+0000][67][safepoint   ] Safepoint "Cleanup", Time since last: 4004436710 ns, Reaching safepoint: 73417 ns, At safepoint: 3291 ns, Total: 76708 ns
[2025-09-22T07:09:10.928+0000][67][safepoint   ] Safepoint "Cleanup", Time since last: 6011938337 ns, Reaching safepoint: 1159791 ns, At safepoint: 14334 ns, Total: 1174125 ns
[2025-09-22T07:09:16.937+0000][67][safepoint   ] Safepoint "Cleanup", Time since last: 6009605836 ns, Reaching safepoint: 207125 ns, At safepoint: 7625 ns, Total: 214750 ns
[2025-09-22T07:09:28.952+0000][67][safepoint   ] Safepoint "Cleanup", Time since last: 12013068755 ns, Reaching safepoint: 1242334 ns, At safepoint: 14791 ns, Total: 1257125 ns
[2025-09-22T07:09:29.953+0000][67][safepoint   ] Safepoint "Cleanup", Time since last: 1000780376 ns, Reaching safepoint: 224958 ns, At safepoint: 16000 ns, Total: 240958 ns
[2025-09-22T07:09:30.954+0000][67][safepoint   ] Safepoint "Cleanup", Time since last: 1000864584 ns, Reaching safepoint: 217167 ns, At safepoint: 9708 ns, Total: 226875 ns
[2025-09-22T07:09:34.959+0000][67][safepoint   ] Safepoint "Cleanup", Time since last: 4005945084 ns, Reaching safepoint: 131417 ns, At safepoint: 7583 ns, Total: 139000 ns
[2025-09-22T07:09:36.963+0000][67][safepoint   ] Safepoint "Cleanup", Time since last: 2002913751 ns, Reaching safepoint: 262834 ns, At safepoint: 11166 ns, Total: 274000 ns
[2025-09-22T07:09:38.968+0000][67][safepoint   ] Safepoint "Cleanup", Time since last: 2004593335 ns, Reaching safepoint: 295041 ns, At safepoint: 14209 ns, Total: 309250 ns
[2025-09-22T07:09:40.971+0000][67][safepoint   ] Safepoint "Cleanup", Time since last: 2003447209 ns, Reaching safepoint: 87042 ns, At safepoint: 15166 ns, Total: 102208 ns
[2025-09-22T07:09:50.985+0000][67][safepoint   ] Safepoint "Cleanup", Time since last: 10013372838 ns, Reaching safepoint: 855000 ns, At safepoint: 23334 ns, Total: 878334 ns
[2025-09-22T07:09:55.991+0000][67][safepoint   ] Safepoint "Cleanup", Time since last: 5005380419 ns, Reaching safepoint: 154750 ns, At safepoint: 6083 ns, Total: 160833 ns
[2025-09-22T07:09:58.986+0000][67][gc,start    ] GC(30) Pause Young (Normal) (G1 Evacuation Pause)
[2025-09-22T07:09:58.987+0000][67][gc,task     ] GC(30) Using 8 workers of 8 for evacuation
[2025-09-22T07:09:58.987+0000][67][gc,age      ] GC(30) Desired survivor size 20971520 bytes, new threshold 15 (max threshold 15)
[2025-09-22T07:09:59.029+0000][67][gc,phases   ] GC(30)   Pre Evacuate Collection Set: 0.4ms
[2025-09-22T07:09:59.029+0000][67][gc,phases   ] GC(30)   Merge Heap Roots: 0.1ms
[2025-09-22T07:09:59.029+0000][67][gc,phases   ] GC(30)   Evacuate Collection Set: 36.7ms
[2025-09-22T07:09:59.029+0000][67][gc,phases   ] GC(30)   Post Evacuate Collection Set: 4.2ms
[2025-09-22T07:09:59.029+0000][67][gc,phases   ] GC(30)   Other: 0.7ms
[2025-09-22T07:09:59.029+0000][67][gc,age      ] GC(30) Age table with threshold 15 (max threshold 15)
[2025-09-22T07:09:59.029+0000][67][gc,age      ] GC(30) - age   1:    1720672 bytes,    1720672 total
[2025-09-22T07:09:59.029+0000][67][gc,age      ] GC(30) - age   2:      29336 bytes,    1750008 total
[2025-09-22T07:09:59.029+0000][67][gc,age      ] GC(30) - age   3:     379592 bytes,    2129600 total
[2025-09-22T07:09:59.030+0000][67][gc,age      ] GC(30) - age   4:     489688 bytes,    2619288 total
[2025-09-22T07:09:59.030+0000][67][gc,age      ] GC(30) - age   5:      47568 bytes,    2666856 total
[2025-09-22T07:09:59.030+0000][67][gc,age      ] GC(30) - age   6:     149992 bytes,    2816848 total
[2025-09-22T07:09:59.030+0000][67][gc,age      ] GC(30) - age   7:      33288 bytes,    2850136 total
[2025-09-22T07:09:59.030+0000][67][gc,age      ] GC(30) - age   8:      70368 bytes,    2920504 total
[2025-09-22T07:09:59.030+0000][67][gc,age      ] GC(30) - age   9:    1312600 bytes,    4233104 total
[2025-09-22T07:09:59.030+0000][67][gc,age      ] GC(30) - age  10:      32816 bytes,    4265920 total
[2025-09-22T07:09:59.030+0000][67][gc,age      ] GC(30) - age  11:      62304 bytes,    4328224 total
[2025-09-22T07:09:59.030+0000][67][gc,age      ] GC(30) - age  12:     475072 bytes,    4803296 total
[2025-09-22T07:09:59.030+0000][67][gc,age      ] GC(30) - age  13:     573912 bytes,    5377208 total
[2025-09-22T07:09:59.030+0000][67][gc,age      ] GC(30) - age  14:    2688616 bytes,    8065824 total
[2025-09-22T07:09:59.030+0000][67][gc,age      ] GC(30) - age  15:    4858688 bytes,   12924512 total
[2025-09-22T07:09:59.030+0000][67][gc,heap     ] GC(30) Eden regions: 71->0(71)
[2025-09-22T07:09:59.030+0000][67][gc,heap     ] GC(30) Survivor regions: 4->4(10)
[2025-09-22T07:09:59.030+0000][67][gc,heap     ] GC(30) Old regions: 23->23
[2025-09-22T07:09:59.030+0000][67][gc,heap     ] GC(30) Archive regions: 2->2
[2025-09-22T07:09:59.030+0000][67][gc,heap     ] GC(30) Humongous regions: 4->4
[2025-09-22T07:09:59.030+0000][67][gc,metaspace] GC(30) Metaspace: 138711K(142208K)->138711K(142208K) NonClass: 120776K(122560K)->120776K(122560K) Class: 17935K(19648K)->17935K(19648K)
[2025-09-22T07:09:59.030+0000][67][gc          ] GC(30) Pause Young (Normal) (G1 Evacuation Pause) 405M->121M(512M) 44.407ms
[2025-09-22T07:09:59.030+0000][67][gc,cpu      ] GC(30) User=0.24s Sys=0.00s Real=0.04s
[2025-09-22T07:09:59.030+0000][67][safepoint   ] Safepoint "G1CollectForAllocation", Time since last: 2994399293 ns, Reaching safepoint: 478708 ns, At safepoint: 44698792 ns, Total: 45177500 ns
[2025-09-22T07:10:00.858+0000][67][safepoint   ] Safepoint "Cleanup", Time since last: 1827693126 ns, Reaching safepoint: 318167 ns, At safepoint: 9125 ns, Total: 327292 ns
[2025-09-22T07:10:05.865+0000][67][safepoint   ] Safepoint "Cleanup", Time since last: 5005177043 ns, Reaching safepoint: 1010083 ns, At safepoint: 13417 ns, Total: 1023500 ns
[2025-09-22T07:10:10.876+0000][67][safepoint   ] Safepoint "Cleanup", Time since last: 5007852710 ns, Reaching safepoint: 2336000 ns, At safepoint: 112750 ns, Total: 2448750 ns
[2025-09-22T07:10:23.898+0000][67][safepoint   ] Safepoint "Cleanup", Time since last: 13022282548 ns, Reaching safepoint: 319292 ns, At safepoint: 12625 ns, Total: 331917 ns
[2025-09-22T07:10:28.904+0000][67][safepoint   ] Safepoint "Cleanup", Time since last: 5005652627 ns, Reaching safepoint: 422334 ns, At safepoint: 27791 ns, Total: 450125 ns
[2025-09-22T07:10:29.917+0000][67][safepoint   ] Safepoint "Cleanup", Time since last: 1011011668 ns, Reaching safepoint: 1525916 ns, At safepoint: 40375 ns, Total: 1566291 ns
[2025-09-22T07:10:30.918+0000][67][safepoint   ] Safepoint "Cleanup", Time since last: 1000890167 ns, Reaching safepoint: 152750 ns, At safepoint: 7959 ns, Total: 160709 ns
[2025-09-22T07:10:36.923+0000][67][safepoint   ] Safepoint "Cleanup", Time since last: 6004644669 ns, Reaching safepoint: 183541 ns, At safepoint: 6834 ns, Total: 190375 ns
[2025-09-22T07:10:43.929+0000][67][safepoint   ] Safepoint "Cleanup", Time since last: 7005818670 ns, Reaching safepoint: 569416 ns, At safepoint: 19459 ns, Total: 588875 ns
[2025-09-22T07:10:45.933+0000][67][safepoint   ] Safepoint "Cleanup", Time since last: 2003573126 ns, Reaching safepoint: 367958 ns, At safepoint: 27375 ns, Total: 395333 ns
[2025-09-22T07:10:46.936+0000][67][safepoint   ] Safepoint "Cleanup", Time since last: 1002200375 ns, Reaching safepoint: 74167 ns, At safepoint: 6167 ns, Total: 80334 ns
[2025-09-22T07:10:48.940+0000][67][safepoint   ] Safepoint "Cleanup", Time since last: 2004625751 ns, Reaching safepoint: 261625 ns, At safepoint: 11000 ns, Total: 272625 ns
[2025-09-22T07:10:53.947+0000][67][safepoint   ] Safepoint "Cleanup", Time since last: 5006555085 ns, Reaching safepoint: 302000 ns, At safepoint: 14459 ns, Total: 316459 ns
[2025-09-22T07:10:58.954+0000][67][safepoint   ] Safepoint "Cleanup", Time since last: 5006802752 ns, Reaching safepoint: 139042 ns, At safepoint: 6375 ns, Total: 145417 ns
[2025-09-22T07:10:59.955+0000][67][safepoint   ] Safepoint "Cleanup", Time since last: 1000671125 ns, Reaching safepoint: 334042 ns, At safepoint: 22792 ns, Total: 356834 ns
[2025-09-22T07:11:00.959+0000][67][safepoint   ] Safepoint "Cleanup", Time since last: 1002930208 ns, Reaching safepoint: 360709 ns, At safepoint: 18000 ns, Total: 378709 ns
[2025-09-22T07:11:04.963+0000][67][safepoint   ] Safepoint "Cleanup", Time since last: 4003049668 ns, Reaching safepoint: 913708 ns, At safepoint: 5209 ns, Total: 918917 ns
[2025-09-22T07:11:10.969+0000][67][safepoint   ] Safepoint "Cleanup", Time since last: 6006138128 ns, Reaching safepoint: 342833 ns, At safepoint: 9750 ns, Total: 352583 ns
[2025-09-22T07:11:15.977+0000][67][safepoint   ] Safepoint "Cleanup", Time since last: 5007898169 ns, Reaching safepoint: 273875 ns, At safepoint: 10125 ns, Total: 284000 ns
[2025-09-22T07:11:16.980+0000][67][safepoint   ] Safepoint "Cleanup", Time since last: 1002217334 ns, Reaching safepoint: 121916 ns, At safepoint: 5292 ns, Total: 127208 ns
[2025-09-22T07:11:17.981+0000][67][safepoint   ] Safepoint "Cleanup", Time since last: 1001371001 ns, Reaching safepoint: 416041 ns, At safepoint: 14167 ns, Total: 430208 ns
[2025-09-22T07:11:18.984+0000][67][safepoint   ] Safepoint "Cleanup", Time since last: 1002297834 ns, Reaching safepoint: 374166 ns, At safepoint: 16625 ns, Total: 390791 ns
[2025-09-22T07:11:29.998+0000][67][safepoint   ] Safepoint "Cleanup", Time since last: 11013362006 ns, Reaching safepoint: 499583 ns, At safepoint: 26417 ns, Total: 526000 ns
[2025-09-22T07:11:31.002+0000][67][safepoint   ] Safepoint "Cleanup", Time since last: 1003452208 ns, Reaching safepoint: 275500 ns, At safepoint: 33125 ns, Total: 308625 ns
[2025-09-22T07:11:35.208+0000][67][gc,start    ] GC(31) Pause Young (Normal) (G1 Evacuation Pause)
[2025-09-22T07:11:35.208+0000][67][gc,task     ] GC(31) Using 8 workers of 8 for evacuation
[2025-09-22T07:11:35.208+0000][67][gc,age      ] GC(31) Desired survivor size 20971520 bytes, new threshold 15 (max threshold 15)
[2025-09-22T07:11:35.248+0000][67][gc,phases   ] GC(31)   Pre Evacuate Collection Set: 0.7ms
[2025-09-22T07:11:35.248+0000][67][gc,phases   ] GC(31)   Merge Heap Roots: 0.5ms
[2025-09-22T07:11:35.249+0000][67][gc,phases   ] GC(31)   Evacuate Collection Set: 34.2ms
[2025-09-22T07:11:35.249+0000][67][gc,phases   ] GC(31)   Post Evacuate Collection Set: 3.9ms
[2025-09-22T07:11:35.249+0000][67][gc,phases   ] GC(31)   Other: 0.9ms
[2025-09-22T07:11:35.249+0000][67][gc,age      ] GC(31) Age table with threshold 15 (max threshold 15)
[2025-09-22T07:11:35.249+0000][67][gc,age      ] GC(31) - age   1:    1809280 bytes,    1809280 total
[2025-09-22T07:11:35.249+0000][67][gc,age      ] GC(31) - age   2:      11640 bytes,    1820920 total
[2025-09-22T07:11:35.249+0000][67][gc,age      ] GC(31) - age   3:       9776 bytes,    1830696 total
[2025-09-22T07:11:35.249+0000][67][gc,age      ] GC(31) - age   4:     309800 bytes,    2140496 total
[2025-09-22T07:11:35.249+0000][67][gc,age      ] GC(31) - age   5:     489312 bytes,    2629808 total
[2025-09-22T07:11:35.249+0000][67][gc,age      ] GC(31) - age   6:      47432 bytes,    2677240 total
[2025-09-22T07:11:35.249+0000][67][gc,age      ] GC(31) - age   7:     147640 bytes,    2824880 total
[2025-09-22T07:11:35.249+0000][67][gc,age      ] GC(31) - age   8:      33288 bytes,    2858168 total
[2025-09-22T07:11:35.249+0000][67][gc,age      ] GC(31) - age   9:      70368 bytes,    2928536 total
[2025-09-22T07:11:35.249+0000][67][gc,age      ] GC(31) - age  10:    1312600 bytes,    4241136 total
[2025-09-22T07:11:35.250+0000][67][gc,age      ] GC(31) - age  11:      32816 bytes,    4273952 total
[2025-09-22T07:11:35.250+0000][67][gc,age      ] GC(31) - age  12:      62304 bytes,    4336256 total
[2025-09-22T07:11:35.250+0000][67][gc,age      ] GC(31) - age  13:     474736 bytes,    4810992 total
[2025-09-22T07:11:35.250+0000][67][gc,age      ] GC(31) - age  14:     573912 bytes,    5384904 total
[2025-09-22T07:11:35.250+0000][67][gc,age      ] GC(31) - age  15:    2688336 bytes,    8073240 total
[2025-09-22T07:11:35.250+0000][67][gc,heap     ] GC(31) Eden regions: 71->0(72)
[2025-09-22T07:11:35.250+0000][67][gc,heap     ] GC(31) Survivor regions: 4->3(10)
[2025-09-22T07:11:35.250+0000][67][gc,heap     ] GC(31) Old regions: 23->24
[2025-09-22T07:11:35.250+0000][67][gc,heap     ] GC(31) Archive regions: 2->2
[2025-09-22T07:11:35.250+0000][67][gc,heap     ] GC(31) Humongous regions: 4->4
[2025-09-22T07:11:35.250+0000][67][gc,metaspace] GC(31) Metaspace: 138794K(142336K)->138794K(142336K) NonClass: 120859K(122688K)->120859K(122688K) Class: 17935K(19648K)->17935K(19648K)
[2025-09-22T07:11:35.250+0000][67][gc          ] GC(31) Pause Young (Normal) (G1 Evacuation Pause) 405M->121M(512M) 42.470ms
[2025-09-22T07:11:35.250+0000][67][gc,cpu      ] GC(31) User=0.25s Sys=0.01s Real=0.04s
[2025-09-22T07:11:35.250+0000][67][safepoint   ] Safepoint "G1CollectForAllocation", Time since last: 4204454210 ns, Reaching safepoint: 298542 ns, At safepoint: 42716083 ns, Total: 43014625 ns
[2025-09-22T07:11:42.259+0000][67][safepoint   ] Safepoint "Cleanup", Time since last: 7008239962 ns, Reaching safepoint: 305791 ns, At safepoint: 18125 ns, Total: 323916 ns
[2025-09-22T07:11:44.262+0000][67][safepoint   ] Safepoint "Cleanup", Time since last: 2003084585 ns, Reaching safepoint: 209666 ns, At safepoint: 12334 ns, Total: 222000 ns
[2025-09-22T07:11:47.265+0000][67][safepoint   ] Safepoint "Cleanup", Time since last: 3002930376 ns, Reaching safepoint: 440000 ns, At safepoint: 12667 ns, Total: 452667 ns
[2025-09-22T07:11:49.271+0000][67][safepoint   ] Safepoint "Cleanup", Time since last: 2004880501 ns, Reaching safepoint: 349500 ns, At safepoint: 7250 ns, Total: 356750 ns
[2025-09-22T07:12:01.293+0000][67][safepoint   ] Safepoint "Cleanup", Time since last: 12022380631 ns, Reaching safepoint: 218750 ns, At safepoint: 8625 ns, Total: 227375 ns
[2025-09-22T07:12:06.301+0000][67][safepoint   ] Safepoint "Cleanup", Time since last: 5006532793 ns, Reaching safepoint: 523500 ns, At safepoint: 26416 ns, Total: 549916 ns
[2025-09-22T07:12:10.257+0000][67][safepoint   ] Safepoint "Cleanup", Time since last: 3956551086 ns, Reaching safepoint: 79458 ns, At safepoint: 7917 ns, Total: 87375 ns
[2025-09-22T07:12:11.263+0000][67][safepoint   ] Safepoint "Cleanup", Time since last: 1003581667 ns, Reaching safepoint: 2485541 ns, At safepoint: 37292 ns, Total: 2522833 ns
[2025-09-22T07:12:14.275+0000][67][safepoint   ] Safepoint "Cleanup", Time since last: 3004493918 ns, Reaching safepoint: 7224250 ns, At safepoint: 70125 ns, Total: 7294375 ns
[2025-09-22T07:12:15.794+0000][67][safepoint   ] Safepoint "Cleanup", Time since last: 1518294834 ns, Reaching safepoint: 681708 ns, At safepoint: 103959 ns, Total: 785667 ns
[2025-09-22T07:12:16.748+0000][67][gc,heap,exit] Heap
[2025-09-22T07:12:16.749+0000][67][gc,heap,exit]  garbage-first heap   total 524288K, used 250882K [0x00000000e0000000, 0x0000000100000000)
[2025-09-22T07:12:16.750+0000][67][gc,heap,exit]   region size 4096K, 34 young (139264K), 3 survivors (12288K)
[2025-09-22T07:12:16.750+0000][67][gc,heap,exit]  Metaspace       used 139672K, committed 143232K, reserved 1179648K
[2025-09-22T07:12:16.751+0000][67][gc,heap,exit]   class space    used 18076K, committed 19840K, reserved 1048576K
